[2024-12-04T16:40:40.852+0700][0.001s][warning][gc] -XX:+PrintGCDetails is deprecated. Will use -Xlog:gc* instead.
[2024-12-04T16:40:40.854+0700][0.003s][info   ][gc] Using G1
[2024-12-04T16:40:40.856+0700][0.005s][info   ][gc,init] Version: 17.0.13+11-Ubuntu-2ubuntu122.04 (release)
[2024-12-04T16:40:40.856+0700][0.005s][info   ][gc,init] CPUs: 8 total, 8 available
[2024-12-04T16:40:40.856+0700][0.005s][info   ][gc,init] Memory: 15609M
[2024-12-04T16:40:40.856+0700][0.005s][info   ][gc,init] Large Page Support: Disabled
[2024-12-04T16:40:40.856+0700][0.005s][info   ][gc,init] NUMA Support: Disabled
[2024-12-04T16:40:40.856+0700][0.005s][info   ][gc,init] Compressed Oops: Enabled (32-bit)
[2024-12-04T16:40:40.856+0700][0.005s][info   ][gc,init] Heap Region Size: 1M
[2024-12-04T16:40:40.856+0700][0.005s][info   ][gc,init] Heap Min Capacity: 128M
[2024-12-04T16:40:40.856+0700][0.005s][info   ][gc,init] Heap Initial Capacity: 128M
[2024-12-04T16:40:40.856+0700][0.005s][info   ][gc,init] Heap Max Capacity: 2G
[2024-12-04T16:40:40.856+0700][0.005s][info   ][gc,init] Pre-touch: Disabled
[2024-12-04T16:40:40.856+0700][0.005s][info   ][gc,init] Parallel Workers: 8
[2024-12-04T16:40:40.856+0700][0.005s][info   ][gc,init] Concurrent Workers: 2
[2024-12-04T16:40:40.856+0700][0.005s][info   ][gc,init] Concurrent Refinement Workers: 8
[2024-12-04T16:40:40.856+0700][0.005s][info   ][gc,init] Periodic GC: Disabled
[2024-12-04T16:40:40.861+0700][0.010s][info   ][gc,metaspace] CDS archive(s) mapped at: [0x00007b996f000000-0x00007b996fbc9000-0x00007b996fbc9000), size 12357632, SharedBaseAddress: 0x00007b996f000000, ArchiveRelocationMode: 1.
[2024-12-04T16:40:40.861+0700][0.010s][info   ][gc,metaspace] Compressed class space mapped at: 0x00007b9970000000-0x00007b99b0000000, reserved size: 1073741824
[2024-12-04T16:40:40.861+0700][0.010s][info   ][gc,metaspace] Narrow klass base: 0x00007b996f000000, Narrow klass shift: 0, Narrow klass range: 0x100000000
[2024-12-04T16:40:41.189+0700][0,338s][info   ][gc,start    ] GC(0) Pause Young (Concurrent Start) (G1 Humongous Allocation)
[2024-12-04T16:40:41.189+0700][0,338s][info   ][gc,task     ] GC(0) Using 3 workers of 8 for evacuation
[2024-12-04T16:40:41.193+0700][0,341s][info   ][gc,phases   ] GC(0)   Pre Evacuate Collection Set: 0,2ms
[2024-12-04T16:40:41.193+0700][0,342s][info   ][gc,phases   ] GC(0)   Merge Heap Roots: 0,1ms
[2024-12-04T16:40:41.193+0700][0,342s][info   ][gc,phases   ] GC(0)   Evacuate Collection Set: 2,7ms
[2024-12-04T16:40:41.193+0700][0,342s][info   ][gc,phases   ] GC(0)   Post Evacuate Collection Set: 0,4ms
[2024-12-04T16:40:41.193+0700][0,342s][info   ][gc,phases   ] GC(0)   Other: 0,5ms
[2024-12-04T16:40:41.193+0700][0,342s][info   ][gc,heap     ] GC(0) Eden regions: 6->0(31)
[2024-12-04T16:40:41.193+0700][0,342s][info   ][gc,heap     ] GC(0) Survivor regions: 0->2(3)
[2024-12-04T16:40:41.193+0700][0,342s][info   ][gc,heap     ] GC(0) Old regions: 0->0
[2024-12-04T16:40:41.193+0700][0,342s][info   ][gc,heap     ] GC(0) Archive regions: 2->2
[2024-12-04T16:40:41.193+0700][0,342s][info   ][gc,heap     ] GC(0) Humongous regions: 55->55
[2024-12-04T16:40:41.193+0700][0,342s][info   ][gc,metaspace] GC(0) Metaspace: 4325K(4480K)->4325K(4480K) NonClass: 3843K(3968K)->3843K(3968K) Class: 481K(512K)->481K(512K)
[2024-12-04T16:40:41.193+0700][0,342s][info   ][gc          ] GC(0) Pause Young (Concurrent Start) (G1 Humongous Allocation) 61M->57M(130M) 4,036ms
[2024-12-04T16:40:41.193+0700][0,342s][info   ][gc,cpu      ] GC(0) User=0,00s Sys=0,01s Real=0,00s
[2024-12-04T16:40:41.193+0700][0,342s][info   ][gc          ] GC(1) Concurrent Undo Cycle
[2024-12-04T16:40:41.193+0700][0,342s][info   ][gc,marking  ] GC(1) Concurrent Cleanup for Next Mark
[2024-12-04T16:40:41.194+0700][0,343s][info   ][gc,marking  ] GC(1) Concurrent Cleanup for Next Mark 0,992ms
[2024-12-04T16:40:41.194+0700][0,343s][info   ][gc          ] GC(1) Concurrent Undo Cycle 1,060ms
[2024-12-04T16:40:41.199+0700][0,347s][info   ][gc,start    ] GC(2) Pause Young (Concurrent Start) (G1 Humongous Allocation)
[2024-12-04T16:40:41.199+0700][0,347s][info   ][gc,task     ] GC(2) Using 3 workers of 8 for evacuation
[2024-12-04T16:40:41.200+0700][0,349s][info   ][gc,phases   ] GC(2)   Pre Evacuate Collection Set: 0,1ms
[2024-12-04T16:40:41.200+0700][0,349s][info   ][gc,phases   ] GC(2)   Merge Heap Roots: 0,0ms
[2024-12-04T16:40:41.200+0700][0,349s][info   ][gc,phases   ] GC(2)   Evacuate Collection Set: 1,1ms
[2024-12-04T16:40:41.200+0700][0,349s][info   ][gc,phases   ] GC(2)   Post Evacuate Collection Set: 0,2ms
[2024-12-04T16:40:41.200+0700][0,349s][info   ][gc,phases   ] GC(2)   Other: 0,1ms
[2024-12-04T16:40:41.200+0700][0,349s][info   ][gc,heap     ] GC(2) Eden regions: 1->0(37)
[2024-12-04T16:40:41.200+0700][0,349s][info   ][gc,heap     ] GC(2) Survivor regions: 2->2(5)
[2024-12-04T16:40:41.200+0700][0,349s][info   ][gc,heap     ] GC(2) Old regions: 0->0
[2024-12-04T16:40:41.200+0700][0,349s][info   ][gc,heap     ] GC(2) Archive regions: 2->2
[2024-12-04T16:40:41.200+0700][0,349s][info   ][gc,heap     ] GC(2) Humongous regions: 56->56
[2024-12-04T16:40:41.200+0700][0,349s][info   ][gc,metaspace] GC(2) Metaspace: 4540K(4736K)->4540K(4736K) NonClass: 4027K(4160K)->4027K(4160K) Class: 512K(576K)->512K(576K)
[2024-12-04T16:40:41.200+0700][0,349s][info   ][gc          ] GC(2) Pause Young (Concurrent Start) (G1 Humongous Allocation) 59M->58M(130M) 1,576ms
[2024-12-04T16:40:41.200+0700][0,349s][info   ][gc,cpu      ] GC(2) User=0,00s Sys=0,00s Real=0,00s
[2024-12-04T16:40:41.201+0700][0,350s][info   ][gc          ] GC(3) Concurrent Mark Cycle
[2024-12-04T16:40:41.201+0700][0,350s][info   ][gc,marking  ] GC(3) Concurrent Clear Claimed Marks
[2024-12-04T16:40:41.201+0700][0,350s][info   ][gc,marking  ] GC(3) Concurrent Clear Claimed Marks 0,011ms
[2024-12-04T16:40:41.201+0700][0,350s][info   ][gc,marking  ] GC(3) Concurrent Scan Root Regions
[2024-12-04T16:40:41.202+0700][0,351s][info   ][gc,marking  ] GC(3) Concurrent Scan Root Regions 1,023ms
[2024-12-04T16:40:41.202+0700][0,351s][info   ][gc,marking  ] GC(3) Concurrent Mark
[2024-12-04T16:40:41.202+0700][0,351s][info   ][gc,marking  ] GC(3) Concurrent Mark From Roots
[2024-12-04T16:40:41.202+0700][0,351s][info   ][gc,task     ] GC(3) Using 2 workers of 2 for marking
[2024-12-04T16:40:41.204+0700][0,353s][info   ][gc,marking  ] GC(3) Concurrent Mark From Roots 1,764ms
[2024-12-04T16:40:41.204+0700][0,353s][info   ][gc,marking  ] GC(3) Concurrent Preclean
[2024-12-04T16:40:41.204+0700][0,353s][info   ][gc,marking  ] GC(3) Concurrent Preclean 0,047ms
[2024-12-04T16:40:41.204+0700][0,353s][info   ][gc,start    ] GC(3) Pause Remark
[2024-12-04T16:40:41.205+0700][0,354s][info   ][gc          ] GC(3) Pause Remark 60M->60M(130M) 0,840ms
[2024-12-04T16:40:41.205+0700][0,354s][info   ][gc,cpu      ] GC(3) User=0,00s Sys=0,00s Real=0,00s
[2024-12-04T16:40:41.205+0700][0,354s][info   ][gc,marking  ] GC(3) Concurrent Mark 3,097ms
[2024-12-04T16:40:41.205+0700][0,354s][info   ][gc,marking  ] GC(3) Concurrent Rebuild Remembered Sets
[2024-12-04T16:40:41.205+0700][0,354s][info   ][gc,marking  ] GC(3) Concurrent Rebuild Remembered Sets 0,006ms
[2024-12-04T16:40:41.205+0700][0,354s][info   ][gc,start    ] GC(3) Pause Cleanup
[2024-12-04T16:40:41.205+0700][0,354s][info   ][gc          ] GC(3) Pause Cleanup 60M->60M(130M) 0,033ms
[2024-12-04T16:40:41.205+0700][0,354s][info   ][gc,cpu      ] GC(3) User=0,00s Sys=0,00s Real=0,00s
[2024-12-04T16:40:41.205+0700][0,354s][info   ][gc,marking  ] GC(3) Concurrent Cleanup for Next Mark
[2024-12-04T16:40:41.206+0700][0,355s][info   ][gc,marking  ] GC(3) Concurrent Cleanup for Next Mark 0,617ms
[2024-12-04T16:40:41.206+0700][0,355s][info   ][gc          ] GC(3) Concurrent Mark Cycle 5,352ms
[2024-12-04T16:40:41.212+0700][0,361s][info   ][gc,start    ] GC(4) Pause Young (Concurrent Start) (G1 Humongous Allocation)
[2024-12-04T16:40:41.212+0700][0,361s][info   ][gc,task     ] GC(4) Using 3 workers of 8 for evacuation
[2024-12-04T16:40:41.214+0700][0,363s][info   ][gc,phases   ] GC(4)   Pre Evacuate Collection Set: 0,3ms
[2024-12-04T16:40:41.214+0700][0,363s][info   ][gc,phases   ] GC(4)   Merge Heap Roots: 0,0ms
[2024-12-04T16:40:41.214+0700][0,363s][info   ][gc,phases   ] GC(4)   Evacuate Collection Set: 1,5ms
[2024-12-04T16:40:41.214+0700][0,363s][info   ][gc,phases   ] GC(4)   Post Evacuate Collection Set: 0,3ms
[2024-12-04T16:40:41.214+0700][0,363s][info   ][gc,phases   ] GC(4)   Other: 0,2ms
[2024-12-04T16:40:41.214+0700][0,363s][info   ][gc,heap     ] GC(4) Eden regions: 2->0(40)
[2024-12-04T16:40:41.214+0700][0,363s][info   ][gc,heap     ] GC(4) Survivor regions: 2->2(5)
[2024-12-04T16:40:41.214+0700][0,363s][info   ][gc,heap     ] GC(4) Old regions: 0->0
[2024-12-04T16:40:41.214+0700][0,363s][info   ][gc,heap     ] GC(4) Archive regions: 2->2
[2024-12-04T16:40:41.214+0700][0,363s][info   ][gc,heap     ] GC(4) Humongous regions: 58->58
[2024-12-04T16:40:41.214+0700][0,363s][info   ][gc,metaspace] GC(4) Metaspace: 4954K(5120K)->4954K(5120K) NonClass: 4399K(4480K)->4399K(4480K) Class: 554K(640K)->554K(640K)
[2024-12-04T16:40:41.214+0700][0,363s][info   ][gc          ] GC(4) Pause Young (Concurrent Start) (G1 Humongous Allocation) 62M->60M(130M) 2,384ms
[2024-12-04T16:40:41.214+0700][0,363s][info   ][gc,cpu      ] GC(4) User=0,01s Sys=0,00s Real=0,01s
[2024-12-04T16:40:41.214+0700][0,363s][info   ][gc          ] GC(5) Concurrent Mark Cycle
[2024-12-04T16:40:41.214+0700][0,363s][info   ][gc,marking  ] GC(5) Concurrent Clear Claimed Marks
[2024-12-04T16:40:41.214+0700][0,363s][info   ][gc,marking  ] GC(5) Concurrent Clear Claimed Marks 0,010ms
[2024-12-04T16:40:41.214+0700][0,363s][info   ][gc,marking  ] GC(5) Concurrent Scan Root Regions
[2024-12-04T16:40:41.216+0700][0,364s][info   ][gc,marking  ] GC(5) Concurrent Scan Root Regions 1,215ms
[2024-12-04T16:40:41.216+0700][0,364s][info   ][gc,marking  ] GC(5) Concurrent Mark
[2024-12-04T16:40:41.216+0700][0,364s][info   ][gc,marking  ] GC(5) Concurrent Mark From Roots
[2024-12-04T16:40:41.216+0700][0,364s][info   ][gc,task     ] GC(5) Using 2 workers of 2 for marking
[2024-12-04T16:40:41.217+0700][0,365s][info   ][gc,marking  ] GC(5) Concurrent Mark From Roots 0,974ms
[2024-12-04T16:40:41.217+0700][0,365s][info   ][gc,marking  ] GC(5) Concurrent Preclean
[2024-12-04T16:40:41.217+0700][0,366s][info   ][gc,marking  ] GC(5) Concurrent Preclean 0,039ms
[2024-12-04T16:40:41.217+0700][0,366s][info   ][gc,start    ] GC(5) Pause Remark
[2024-12-04T16:40:41.217+0700][0,366s][info   ][gc          ] GC(5) Pause Remark 62M->62M(130M) 0,701ms
[2024-12-04T16:40:41.217+0700][0,366s][info   ][gc,cpu      ] GC(5) User=0,00s Sys=0,00s Real=0,00s
[2024-12-04T16:40:41.218+0700][0,366s][info   ][gc,marking  ] GC(5) Concurrent Mark 1,992ms
[2024-12-04T16:40:41.218+0700][0,366s][info   ][gc,marking  ] GC(5) Concurrent Rebuild Remembered Sets
[2024-12-04T16:40:41.218+0700][0,366s][info   ][gc,marking  ] GC(5) Concurrent Rebuild Remembered Sets 0,006ms
[2024-12-04T16:40:41.218+0700][0,367s][info   ][gc,start    ] GC(5) Pause Cleanup
[2024-12-04T16:40:41.218+0700][0,367s][info   ][gc          ] GC(5) Pause Cleanup 62M->62M(130M) 0,020ms
[2024-12-04T16:40:41.218+0700][0,367s][info   ][gc,cpu      ] GC(5) User=0,00s Sys=0,00s Real=0,00s
[2024-12-04T16:40:41.218+0700][0,367s][info   ][gc,marking  ] GC(5) Concurrent Cleanup for Next Mark
[2024-12-04T16:40:41.218+0700][0,367s][info   ][gc,marking  ] GC(5) Concurrent Cleanup for Next Mark 0,281ms
[2024-12-04T16:40:41.218+0700][0,367s][info   ][gc          ] GC(5) Concurrent Mark Cycle 3,801ms
[2024-12-04T16:40:41.220+0700][0,369s][info   ][gc,start    ] GC(6) Pause Young (Concurrent Start) (G1 Humongous Allocation)
[2024-12-04T16:40:41.221+0700][0,370s][info   ][gc,task     ] GC(6) Using 3 workers of 8 for evacuation
[2024-12-04T16:40:41.223+0700][0,372s][info   ][gc,phases   ] GC(6)   Pre Evacuate Collection Set: 0,1ms
[2024-12-04T16:40:41.223+0700][0,372s][info   ][gc,phases   ] GC(6)   Merge Heap Roots: 0,0ms
[2024-12-04T16:40:41.223+0700][0,372s][info   ][gc,phases   ] GC(6)   Evacuate Collection Set: 1,7ms
[2024-12-04T16:40:41.223+0700][0,372s][info   ][gc,phases   ] GC(6)   Post Evacuate Collection Set: 0,3ms
[2024-12-04T16:40:41.223+0700][0,372s][info   ][gc,phases   ] GC(6)   Other: 0,7ms
[2024-12-04T16:40:41.223+0700][0,372s][info   ][gc,heap     ] GC(6) Eden regions: 1->0(43)
[2024-12-04T16:40:41.223+0700][0,372s][info   ][gc,heap     ] GC(6) Survivor regions: 2->2(6)
[2024-12-04T16:40:41.223+0700][0,372s][info   ][gc,heap     ] GC(6) Old regions: 0->0
[2024-12-04T16:40:41.223+0700][0,372s][info   ][gc,heap     ] GC(6) Archive regions: 2->2
[2024-12-04T16:40:41.223+0700][0,372s][info   ][gc,heap     ] GC(6) Humongous regions: 59->59
[2024-12-04T16:40:41.223+0700][0,372s][info   ][gc,metaspace] GC(6) Metaspace: 4965K(5120K)->4965K(5120K) NonClass: 4409K(4480K)->4409K(4480K) Class: 556K(640K)->556K(640K)
[2024-12-04T16:40:41.223+0700][0,372s][info   ][gc          ] GC(6) Pause Young (Concurrent Start) (G1 Humongous Allocation) 62M->61M(130M) 2,951ms
[2024-12-04T16:40:41.223+0700][0,372s][info   ][gc,cpu      ] GC(6) User=0,01s Sys=0,00s Real=0,01s
[2024-12-04T16:40:41.223+0700][0,372s][info   ][gc          ] GC(7) Concurrent Mark Cycle
[2024-12-04T16:40:41.223+0700][0,372s][info   ][gc,marking  ] GC(7) Concurrent Clear Claimed Marks
[2024-12-04T16:40:41.223+0700][0,372s][info   ][gc,marking  ] GC(7) Concurrent Clear Claimed Marks 0,013ms
[2024-12-04T16:40:41.223+0700][0,372s][info   ][gc,marking  ] GC(7) Concurrent Scan Root Regions
[2024-12-04T16:40:41.224+0700][0,373s][info   ][gc,marking  ] GC(7) Concurrent Scan Root Regions 0,845ms
[2024-12-04T16:40:41.224+0700][0,373s][info   ][gc,marking  ] GC(7) Concurrent Mark
[2024-12-04T16:40:41.224+0700][0,373s][info   ][gc,marking  ] GC(7) Concurrent Mark From Roots
[2024-12-04T16:40:41.224+0700][0,373s][info   ][gc,task     ] GC(7) Using 2 workers of 2 for marking
[2024-12-04T16:40:41.225+0700][0,374s][info   ][gc,marking  ] GC(7) Concurrent Mark From Roots 1,232ms
[2024-12-04T16:40:41.225+0700][0,374s][info   ][gc,marking  ] GC(7) Concurrent Preclean
[2024-12-04T16:40:41.226+0700][0,374s][info   ][gc,marking  ] GC(7) Concurrent Preclean 0,045ms
[2024-12-04T16:40:41.226+0700][0,374s][info   ][gc,start    ] GC(7) Pause Remark
[2024-12-04T16:40:41.227+0700][0,376s][info   ][gc          ] GC(7) Pause Remark 63M->63M(130M) 1,090ms
[2024-12-04T16:40:41.227+0700][0,376s][info   ][gc,cpu      ] GC(7) User=0,00s Sys=0,00s Real=0,00s
[2024-12-04T16:40:41.227+0700][0,376s][info   ][gc,marking  ] GC(7) Concurrent Mark 2,522ms
[2024-12-04T16:40:41.227+0700][0,376s][info   ][gc,marking  ] GC(7) Concurrent Rebuild Remembered Sets
[2024-12-04T16:40:41.227+0700][0,376s][info   ][gc,marking  ] GC(7) Concurrent Rebuild Remembered Sets 0,006ms
[2024-12-04T16:40:41.227+0700][0,376s][info   ][gc,start    ] GC(7) Pause Cleanup
[2024-12-04T16:40:41.227+0700][0,376s][info   ][gc          ] GC(7) Pause Cleanup 63M->63M(130M) 0,010ms
[2024-12-04T16:40:41.227+0700][0,376s][info   ][gc,cpu      ] GC(7) User=0,00s Sys=0,00s Real=0,00s
[2024-12-04T16:40:41.227+0700][0,376s][info   ][gc,marking  ] GC(7) Concurrent Cleanup for Next Mark
[2024-12-04T16:40:41.227+0700][0,376s][info   ][gc,marking  ] GC(7) Concurrent Cleanup for Next Mark 0,324ms
[2024-12-04T16:40:41.227+0700][0,376s][info   ][gc          ] GC(7) Concurrent Mark Cycle 3,858ms
[2024-12-04T16:40:41.229+0700][0,378s][info   ][gc,start    ] GC(8) Pause Young (Concurrent Start) (G1 Humongous Allocation)
[2024-12-04T16:40:41.229+0700][0,378s][info   ][gc,task     ] GC(8) Using 3 workers of 8 for evacuation
[2024-12-04T16:40:41.232+0700][0,381s][info   ][gc,phases   ] GC(8)   Pre Evacuate Collection Set: 0,2ms
[2024-12-04T16:40:41.232+0700][0,381s][info   ][gc,phases   ] GC(8)   Merge Heap Roots: 0,0ms
[2024-12-04T16:40:41.232+0700][0,381s][info   ][gc,phases   ] GC(8)   Evacuate Collection Set: 2,0ms
[2024-12-04T16:40:41.232+0700][0,381s][info   ][gc,phases   ] GC(8)   Post Evacuate Collection Set: 0,3ms
[2024-12-04T16:40:41.232+0700][0,381s][info   ][gc,phases   ] GC(8)   Other: 0,2ms
[2024-12-04T16:40:41.232+0700][0,381s][info   ][gc,heap     ] GC(8) Eden regions: 1->0(44)
[2024-12-04T16:40:41.232+0700][0,381s][info   ][gc,heap     ] GC(8) Survivor regions: 2->2(6)
[2024-12-04T16:40:41.232+0700][0,381s][info   ][gc,heap     ] GC(8) Old regions: 0->0
[2024-12-04T16:40:41.232+0700][0,381s][info   ][gc,heap     ] GC(8) Archive regions: 2->2
[2024-12-04T16:40:41.232+0700][0,381s][info   ][gc,heap     ] GC(8) Humongous regions: 60->60
[2024-12-04T16:40:41.232+0700][0,381s][info   ][gc,metaspace] GC(8) Metaspace: 4965K(5120K)->4965K(5120K) NonClass: 4409K(4480K)->4409K(4480K) Class: 556K(640K)->556K(640K)
[2024-12-04T16:40:41.232+0700][0,381s][info   ][gc          ] GC(8) Pause Young (Concurrent Start) (G1 Humongous Allocation) 63M->62M(130M) 2,839ms
[2024-12-04T16:40:41.232+0700][0,381s][info   ][gc,cpu      ] GC(8) User=0,01s Sys=0,00s Real=0,00s
[2024-12-04T16:40:41.232+0700][0,381s][info   ][gc          ] GC(9) Concurrent Mark Cycle
[2024-12-04T16:40:41.232+0700][0,381s][info   ][gc,marking  ] GC(9) Concurrent Clear Claimed Marks
[2024-12-04T16:40:41.232+0700][0,381s][info   ][gc,marking  ] GC(9) Concurrent Clear Claimed Marks 0,011ms
[2024-12-04T16:40:41.232+0700][0,381s][info   ][gc,marking  ] GC(9) Concurrent Scan Root Regions
[2024-12-04T16:40:41.234+0700][0,382s][info   ][gc,marking  ] GC(9) Concurrent Scan Root Regions 1,385ms
[2024-12-04T16:40:41.234+0700][0,383s][info   ][gc,marking  ] GC(9) Concurrent Mark
[2024-12-04T16:40:41.234+0700][0,383s][info   ][gc,marking  ] GC(9) Concurrent Mark From Roots
[2024-12-04T16:40:41.234+0700][0,383s][info   ][gc,task     ] GC(9) Using 2 workers of 2 for marking
[2024-12-04T16:40:41.235+0700][0,384s][info   ][gc,marking  ] GC(9) Concurrent Mark From Roots 1,507ms
[2024-12-04T16:40:41.235+0700][0,384s][info   ][gc,marking  ] GC(9) Concurrent Preclean
[2024-12-04T16:40:41.236+0700][0,384s][info   ][gc,marking  ] GC(9) Concurrent Preclean 0,042ms
[2024-12-04T16:40:41.236+0700][0,384s][info   ][gc,start    ] GC(9) Pause Remark
[2024-12-04T16:40:41.238+0700][0,387s][info   ][gc          ] GC(9) Pause Remark 64M->64M(130M) 2,149ms
[2024-12-04T16:40:41.238+0700][0,387s][info   ][gc,cpu      ] GC(9) User=0,00s Sys=0,00s Real=0,00s
[2024-12-04T16:40:41.238+0700][0,387s][info   ][gc,marking  ] GC(9) Concurrent Mark 3,951ms
[2024-12-04T16:40:41.238+0700][0,387s][info   ][gc,marking  ] GC(9) Concurrent Rebuild Remembered Sets
[2024-12-04T16:40:41.238+0700][0,387s][info   ][gc,marking  ] GC(9) Concurrent Rebuild Remembered Sets 0,006ms
[2024-12-04T16:40:41.238+0700][0,387s][info   ][gc,start    ] GC(9) Pause Cleanup
[2024-12-04T16:40:41.238+0700][0,387s][info   ][gc          ] GC(9) Pause Cleanup 64M->64M(130M) 0,015ms
[2024-12-04T16:40:41.238+0700][0,387s][info   ][gc,cpu      ] GC(9) User=0,00s Sys=0,00s Real=0,00s
[2024-12-04T16:40:41.238+0700][0,387s][info   ][gc,marking  ] GC(9) Concurrent Cleanup for Next Mark
[2024-12-04T16:40:41.238+0700][0,387s][info   ][gc,marking  ] GC(9) Concurrent Cleanup for Next Mark 0,370ms
[2024-12-04T16:40:41.238+0700][0,387s][info   ][gc          ] GC(9) Concurrent Mark Cycle 6,174ms
[2024-12-04T16:40:41.239+0700][0,387s][info   ][gc,start    ] GC(10) Pause Young (Concurrent Start) (G1 Humongous Allocation)
[2024-12-04T16:40:41.239+0700][0,388s][info   ][gc,task     ] GC(10) Using 3 workers of 8 for evacuation
[2024-12-04T16:40:41.243+0700][0,392s][info   ][gc,phases   ] GC(10)   Pre Evacuate Collection Set: 0,1ms
[2024-12-04T16:40:41.243+0700][0,392s][info   ][gc,phases   ] GC(10)   Merge Heap Roots: 0,0ms
[2024-12-04T16:40:41.243+0700][0,392s][info   ][gc,phases   ] GC(10)   Evacuate Collection Set: 3,4ms
[2024-12-04T16:40:41.243+0700][0,392s][info   ][gc,phases   ] GC(10)   Post Evacuate Collection Set: 0,4ms
[2024-12-04T16:40:41.243+0700][0,392s][info   ][gc,phases   ] GC(10)   Other: 0,1ms
[2024-12-04T16:40:41.243+0700][0,392s][info   ][gc,heap     ] GC(10) Eden regions: 1->0(45)
[2024-12-04T16:40:41.243+0700][0,392s][info   ][gc,heap     ] GC(10) Survivor regions: 2->2(6)
[2024-12-04T16:40:41.243+0700][0,392s][info   ][gc,heap     ] GC(10) Old regions: 0->0
[2024-12-04T16:40:41.243+0700][0,392s][info   ][gc,heap     ] GC(10) Archive regions: 2->2
[2024-12-04T16:40:41.243+0700][0,392s][info   ][gc,heap     ] GC(10) Humongous regions: 61->61
[2024-12-04T16:40:41.243+0700][0,392s][info   ][gc,metaspace] GC(10) Metaspace: 4965K(5120K)->4965K(5120K) NonClass: 4409K(4480K)->4409K(4480K) Class: 556K(640K)->556K(640K)
[2024-12-04T16:40:41.243+0700][0,392s][info   ][gc          ] GC(10) Pause Young (Concurrent Start) (G1 Humongous Allocation) 64M->63M(130M) 4,652ms
[2024-12-04T16:40:41.243+0700][0,392s][info   ][gc,cpu      ] GC(10) User=0,01s Sys=0,00s Real=0,01s
[2024-12-04T16:40:41.243+0700][0,392s][info   ][gc          ] GC(11) Concurrent Mark Cycle
[2024-12-04T16:40:41.243+0700][0,392s][info   ][gc,marking  ] GC(11) Concurrent Clear Claimed Marks
[2024-12-04T16:40:41.243+0700][0,392s][info   ][gc,marking  ] GC(11) Concurrent Clear Claimed Marks 0,014ms
[2024-12-04T16:40:41.243+0700][0,392s][info   ][gc,marking  ] GC(11) Concurrent Scan Root Regions
[2024-12-04T16:40:41.244+0700][0,393s][info   ][gc,marking  ] GC(11) Concurrent Scan Root Regions 0,801ms
[2024-12-04T16:40:41.244+0700][0,393s][info   ][gc,marking  ] GC(11) Concurrent Mark
[2024-12-04T16:40:41.244+0700][0,393s][info   ][gc,marking  ] GC(11) Concurrent Mark From Roots
[2024-12-04T16:40:41.244+0700][0,393s][info   ][gc,task     ] GC(11) Using 2 workers of 2 for marking
[2024-12-04T16:40:41.245+0700][0,394s][info   ][gc,marking  ] GC(11) Concurrent Mark From Roots 1,123ms
[2024-12-04T16:40:41.245+0700][0,394s][info   ][gc,marking  ] GC(11) Concurrent Preclean
[2024-12-04T16:40:41.245+0700][0,394s][info   ][gc,marking  ] GC(11) Concurrent Preclean 0,040ms
[2024-12-04T16:40:41.245+0700][0,394s][info   ][gc,start    ] GC(11) Pause Remark
[2024-12-04T16:40:41.246+0700][0,395s][info   ][gc          ] GC(11) Pause Remark 65M->65M(130M) 0,860ms
[2024-12-04T16:40:41.246+0700][0,395s][info   ][gc,cpu      ] GC(11) User=0,00s Sys=0,00s Real=0,00s
[2024-12-04T16:40:41.246+0700][0,395s][info   ][gc,marking  ] GC(11) Concurrent Mark 2,189ms
[2024-12-04T16:40:41.246+0700][0,395s][info   ][gc,marking  ] GC(11) Concurrent Rebuild Remembered Sets
[2024-12-04T16:40:41.246+0700][0,395s][info   ][gc,marking  ] GC(11) Concurrent Rebuild Remembered Sets 0,005ms
[2024-12-04T16:40:41.246+0700][0,395s][info   ][gc,start    ] GC(11) Pause Cleanup
[2024-12-04T16:40:41.246+0700][0,395s][info   ][gc          ] GC(11) Pause Cleanup 65M->65M(130M) 0,008ms
[2024-12-04T16:40:41.246+0700][0,395s][info   ][gc,cpu      ] GC(11) User=0,00s Sys=0,00s Real=0,00s
[2024-12-04T16:40:41.246+0700][0,395s][info   ][gc,marking  ] GC(11) Concurrent Cleanup for Next Mark
[2024-12-04T16:40:41.247+0700][0,396s][info   ][gc,marking  ] GC(11) Concurrent Cleanup for Next Mark 0,299ms
[2024-12-04T16:40:41.247+0700][0,396s][info   ][gc          ] GC(11) Concurrent Mark Cycle 3,460ms
[2024-12-04T16:40:41.249+0700][0,398s][info   ][gc,start    ] GC(12) Pause Young (Concurrent Start) (G1 Humongous Allocation)
[2024-12-04T16:40:41.249+0700][0,398s][info   ][gc,task     ] GC(12) Using 3 workers of 8 for evacuation
[2024-12-04T16:40:41.251+0700][0,400s][info   ][gc,phases   ] GC(12)   Pre Evacuate Collection Set: 0,1ms
[2024-12-04T16:40:41.251+0700][0,400s][info   ][gc,phases   ] GC(12)   Merge Heap Roots: 0,0ms
[2024-12-04T16:40:41.251+0700][0,400s][info   ][gc,phases   ] GC(12)   Evacuate Collection Set: 1,1ms
[2024-12-04T16:40:41.251+0700][0,400s][info   ][gc,phases   ] GC(12)   Post Evacuate Collection Set: 0,1ms
[2024-12-04T16:40:41.251+0700][0,400s][info   ][gc,phases   ] GC(12)   Other: 0,1ms
[2024-12-04T16:40:41.251+0700][0,400s][info   ][gc,heap     ] GC(12) Eden regions: 1->0(45)
[2024-12-04T16:40:41.251+0700][0,400s][info   ][gc,heap     ] GC(12) Survivor regions: 2->2(6)
[2024-12-04T16:40:41.251+0700][0,400s][info   ][gc,heap     ] GC(12) Old regions: 0->0
[2024-12-04T16:40:41.251+0700][0,400s][info   ][gc,heap     ] GC(12) Archive regions: 2->2
[2024-12-04T16:40:41.251+0700][0,400s][info   ][gc,heap     ] GC(12) Humongous regions: 62->62
[2024-12-04T16:40:41.251+0700][0,400s][info   ][gc,metaspace] GC(12) Metaspace: 4965K(5120K)->4965K(5120K) NonClass: 4409K(4480K)->4409K(4480K) Class: 556K(640K)->556K(640K)
[2024-12-04T16:40:41.251+0700][0,400s][info   ][gc          ] GC(12) Pause Young (Concurrent Start) (G1 Humongous Allocation) 65M->64M(130M) 1,563ms
[2024-12-04T16:40:41.251+0700][0,400s][info   ][gc,cpu      ] GC(12) User=0,01s Sys=0,00s Real=0,00s
[2024-12-04T16:40:41.251+0700][0,400s][info   ][gc          ] GC(13) Concurrent Mark Cycle
[2024-12-04T16:40:41.251+0700][0,400s][info   ][gc,marking  ] GC(13) Concurrent Clear Claimed Marks
[2024-12-04T16:40:41.251+0700][0,400s][info   ][gc,marking  ] GC(13) Concurrent Clear Claimed Marks 0,008ms
[2024-12-04T16:40:41.251+0700][0,400s][info   ][gc,marking  ] GC(13) Concurrent Scan Root Regions
[2024-12-04T16:40:41.252+0700][0,401s][info   ][gc,marking  ] GC(13) Concurrent Scan Root Regions 0,815ms
[2024-12-04T16:40:41.252+0700][0,401s][info   ][gc,marking  ] GC(13) Concurrent Mark
[2024-12-04T16:40:41.252+0700][0,401s][info   ][gc,marking  ] GC(13) Concurrent Mark From Roots
[2024-12-04T16:40:41.252+0700][0,401s][info   ][gc,task     ] GC(13) Using 2 workers of 2 for marking
[2024-12-04T16:40:41.253+0700][0,402s][info   ][gc,marking  ] GC(13) Concurrent Mark From Roots 1,129ms
[2024-12-04T16:40:41.253+0700][0,402s][info   ][gc,marking  ] GC(13) Concurrent Preclean
[2024-12-04T16:40:41.253+0700][0,402s][info   ][gc,marking  ] GC(13) Concurrent Preclean 0,043ms
[2024-12-04T16:40:41.253+0700][0,402s][info   ][gc,start    ] GC(13) Pause Remark
[2024-12-04T16:40:41.254+0700][0,403s][info   ][gc          ] GC(13) Pause Remark 66M->66M(130M) 1,263ms
[2024-12-04T16:40:41.254+0700][0,403s][info   ][gc,cpu      ] GC(13) User=0,00s Sys=0,00s Real=0,01s
[2024-12-04T16:40:41.254+0700][0,403s][info   ][gc,marking  ] GC(13) Concurrent Mark 2,672ms
[2024-12-04T16:40:41.254+0700][0,403s][info   ][gc,marking  ] GC(13) Concurrent Rebuild Remembered Sets
[2024-12-04T16:40:41.254+0700][0,403s][info   ][gc,marking  ] GC(13) Concurrent Rebuild Remembered Sets 0,005ms
[2024-12-04T16:40:41.254+0700][0,403s][info   ][gc,start    ] GC(13) Pause Cleanup
[2024-12-04T16:40:41.254+0700][0,403s][info   ][gc          ] GC(13) Pause Cleanup 66M->66M(130M) 0,008ms
[2024-12-04T16:40:41.254+0700][0,403s][info   ][gc,cpu      ] GC(13) User=0,00s Sys=0,00s Real=0,00s
[2024-12-04T16:40:41.254+0700][0,403s][info   ][gc,marking  ] GC(13) Concurrent Cleanup for Next Mark
[2024-12-04T16:40:41.255+0700][0,404s][info   ][gc,marking  ] GC(13) Concurrent Cleanup for Next Mark 0,235ms
[2024-12-04T16:40:41.255+0700][0,404s][info   ][gc          ] GC(13) Concurrent Mark Cycle 3,845ms
[2024-12-04T16:40:41.257+0700][0,406s][info   ][gc,start    ] GC(14) Pause Young (Concurrent Start) (G1 Humongous Allocation)
[2024-12-04T16:40:41.257+0700][0,406s][info   ][gc,task     ] GC(14) Using 3 workers of 8 for evacuation
[2024-12-04T16:40:41.259+0700][0,408s][info   ][gc,phases   ] GC(14)   Pre Evacuate Collection Set: 0,1ms
[2024-12-04T16:40:41.259+0700][0,408s][info   ][gc,phases   ] GC(14)   Merge Heap Roots: 0,0ms
[2024-12-04T16:40:41.259+0700][0,408s][info   ][gc,phases   ] GC(14)   Evacuate Collection Set: 1,4ms
[2024-12-04T16:40:41.259+0700][0,408s][info   ][gc,phases   ] GC(14)   Post Evacuate Collection Set: 0,1ms
[2024-12-04T16:40:41.259+0700][0,408s][info   ][gc,phases   ] GC(14)   Other: 0,2ms
[2024-12-04T16:40:41.259+0700][0,408s][info   ][gc,heap     ] GC(14) Eden regions: 1->0(45)
[2024-12-04T16:40:41.259+0700][0,408s][info   ][gc,heap     ] GC(14) Survivor regions: 2->2(6)
[2024-12-04T16:40:41.259+0700][0,408s][info   ][gc,heap     ] GC(14) Old regions: 0->0
[2024-12-04T16:40:41.259+0700][0,408s][info   ][gc,heap     ] GC(14) Archive regions: 2->2
[2024-12-04T16:40:41.259+0700][0,408s][info   ][gc,heap     ] GC(14) Humongous regions: 63->63
[2024-12-04T16:40:41.259+0700][0,408s][info   ][gc,metaspace] GC(14) Metaspace: 4982K(5184K)->4982K(5184K) NonClass: 4424K(4544K)->4424K(4544K) Class: 557K(640K)->557K(640K)
[2024-12-04T16:40:41.259+0700][0,408s][info   ][gc          ] GC(14) Pause Young (Concurrent Start) (G1 Humongous Allocation) 66M->65M(130M) 1,899ms
[2024-12-04T16:40:41.259+0700][0,408s][info   ][gc,cpu      ] GC(14) User=0,01s Sys=0,00s Real=0,00s
[2024-12-04T16:40:41.260+0700][0,408s][info   ][gc          ] GC(15) Concurrent Mark Cycle
[2024-12-04T16:40:41.260+0700][0,408s][info   ][gc,marking  ] GC(15) Concurrent Clear Claimed Marks
[2024-12-04T16:40:41.260+0700][0,408s][info   ][gc,marking  ] GC(15) Concurrent Clear Claimed Marks 0,016ms
[2024-12-04T16:40:41.260+0700][0,408s][info   ][gc,marking  ] GC(15) Concurrent Scan Root Regions
[2024-12-04T16:40:41.261+0700][0,410s][info   ][gc,marking  ] GC(15) Concurrent Scan Root Regions 1,518ms
[2024-12-04T16:40:41.261+0700][0,410s][info   ][gc,marking  ] GC(15) Concurrent Mark
[2024-12-04T16:40:41.261+0700][0,410s][info   ][gc,marking  ] GC(15) Concurrent Mark From Roots
[2024-12-04T16:40:41.261+0700][0,410s][info   ][gc,task     ] GC(15) Using 2 workers of 2 for marking
[2024-12-04T16:40:41.262+0700][0,411s][info   ][gc,marking  ] GC(15) Concurrent Mark From Roots 1,098ms
[2024-12-04T16:40:41.262+0700][0,411s][info   ][gc,marking  ] GC(15) Concurrent Preclean
[2024-12-04T16:40:41.262+0700][0,411s][info   ][gc,marking  ] GC(15) Concurrent Preclean 0,044ms
[2024-12-04T16:40:41.263+0700][0,412s][info   ][gc,start    ] GC(15) Pause Remark
[2024-12-04T16:40:41.263+0700][0,412s][info   ][gc          ] GC(15) Pause Remark 67M->67M(130M) 0,557ms
[2024-12-04T16:40:41.263+0700][0,412s][info   ][gc,cpu      ] GC(15) User=0,00s Sys=0,00s Real=0,01s
[2024-12-04T16:40:41.264+0700][0,413s][info   ][gc,marking  ] GC(15) Concurrent Mark 2,628ms
[2024-12-04T16:40:41.264+0700][0,413s][info   ][gc,marking  ] GC(15) Concurrent Rebuild Remembered Sets
[2024-12-04T16:40:41.264+0700][0,413s][info   ][gc,marking  ] GC(15) Concurrent Rebuild Remembered Sets 0,007ms
[2024-12-04T16:40:41.264+0700][0,413s][info   ][gc,start    ] GC(15) Pause Cleanup
[2024-12-04T16:40:41.264+0700][0,413s][info   ][gc          ] GC(15) Pause Cleanup 67M->67M(130M) 0,036ms
[2024-12-04T16:40:41.264+0700][0,413s][info   ][gc,cpu      ] GC(15) User=0,00s Sys=0,00s Real=0,00s
[2024-12-04T16:40:41.265+0700][0,413s][info   ][gc,marking  ] GC(15) Concurrent Cleanup for Next Mark
[2024-12-04T16:40:41.265+0700][0,414s][info   ][gc,marking  ] GC(15) Concurrent Cleanup for Next Mark 0,702ms
[2024-12-04T16:40:41.265+0700][0,414s][info   ][gc          ] GC(15) Concurrent Mark Cycle 5,827ms
[2024-12-04T16:40:41.270+0700][0,419s][info   ][gc,start    ] GC(16) Pause Young (Concurrent Start) (G1 Humongous Allocation)
[2024-12-04T16:40:41.270+0700][0,419s][info   ][gc,task     ] GC(16) Using 3 workers of 8 for evacuation
[2024-12-04T16:40:41.273+0700][0,421s][info   ][gc,phases   ] GC(16)   Pre Evacuate Collection Set: 0,1ms
[2024-12-04T16:40:41.273+0700][0,422s][info   ][gc,phases   ] GC(16)   Merge Heap Roots: 0,1ms
[2024-12-04T16:40:41.273+0700][0,422s][info   ][gc,phases   ] GC(16)   Evacuate Collection Set: 1,5ms
[2024-12-04T16:40:41.273+0700][0,422s][info   ][gc,phases   ] GC(16)   Post Evacuate Collection Set: 0,3ms
[2024-12-04T16:40:41.273+0700][0,422s][info   ][gc,phases   ] GC(16)   Other: 0,2ms
[2024-12-04T16:40:41.273+0700][0,422s][info   ][gc,heap     ] GC(16) Eden regions: 1->0(43)
[2024-12-04T16:40:41.273+0700][0,422s][info   ][gc,heap     ] GC(16) Survivor regions: 2->2(6)
[2024-12-04T16:40:41.273+0700][0,422s][info   ][gc,heap     ] GC(16) Old regions: 0->0
[2024-12-04T16:40:41.273+0700][0,422s][info   ][gc,heap     ] GC(16) Archive regions: 2->2
[2024-12-04T16:40:41.273+0700][0,422s][info   ][gc,heap     ] GC(16) Humongous regions: 65->65
[2024-12-04T16:40:41.273+0700][0,422s][info   ][gc,metaspace] GC(16) Metaspace: 5077K(5312K)->5077K(5312K) NonClass: 4504K(4608K)->4504K(4608K) Class: 572K(704K)->572K(704K)
[2024-12-04T16:40:41.273+0700][0,422s][info   ][gc          ] GC(16) Pause Young (Concurrent Start) (G1 Humongous Allocation) 68M->67M(130M) 2,352ms
[2024-12-04T16:40:41.273+0700][0,422s][info   ][gc,cpu      ] GC(16) User=0,00s Sys=0,00s Real=0,00s
[2024-12-04T16:40:41.273+0700][0,422s][info   ][gc          ] GC(17) Concurrent Mark Cycle
[2024-12-04T16:40:41.273+0700][0,422s][info   ][gc,marking  ] GC(17) Concurrent Clear Claimed Marks
[2024-12-04T16:40:41.273+0700][0,422s][info   ][gc,marking  ] GC(17) Concurrent Clear Claimed Marks 0,032ms
[2024-12-04T16:40:41.273+0700][0,422s][info   ][gc,marking  ] GC(17) Concurrent Scan Root Regions
[2024-12-04T16:40:41.274+0700][0,423s][info   ][gc,marking  ] GC(17) Concurrent Scan Root Regions 1,591ms
[2024-12-04T16:40:41.275+0700][0,423s][info   ][gc,marking  ] GC(17) Concurrent Mark
[2024-12-04T16:40:41.275+0700][0,423s][info   ][gc,marking  ] GC(17) Concurrent Mark From Roots
[2024-12-04T16:40:41.275+0700][0,423s][info   ][gc,task     ] GC(17) Using 2 workers of 2 for marking
[2024-12-04T16:40:41.276+0700][0,425s][info   ][gc,marking  ] GC(17) Concurrent Mark From Roots 1,829ms
[2024-12-04T16:40:41.276+0700][0,425s][info   ][gc,marking  ] GC(17) Concurrent Preclean
[2024-12-04T16:40:41.277+0700][0,425s][info   ][gc,marking  ] GC(17) Concurrent Preclean 0,060ms
[2024-12-04T16:40:41.277+0700][0,426s][info   ][gc,start    ] GC(17) Pause Remark
[2024-12-04T16:40:41.277+0700][0,426s][info   ][gc          ] GC(17) Pause Remark 69M->69M(130M) 0,605ms
[2024-12-04T16:40:41.277+0700][0,426s][info   ][gc,cpu      ] GC(17) User=0,00s Sys=0,00s Real=0,00s
[2024-12-04T16:40:41.277+0700][0,426s][info   ][gc,marking  ] GC(17) Concurrent Mark 2,903ms
[2024-12-04T16:40:41.277+0700][0,426s][info   ][gc,marking  ] GC(17) Concurrent Rebuild Remembered Sets
[2024-12-04T16:40:41.277+0700][0,426s][info   ][gc,marking  ] GC(17) Concurrent Rebuild Remembered Sets 0,006ms
[2024-12-04T16:40:41.278+0700][0,427s][info   ][gc,start    ] GC(17) Pause Cleanup
[2024-12-04T16:40:41.278+0700][0,427s][info   ][gc          ] GC(17) Pause Cleanup 69M->69M(130M) 0,136ms
[2024-12-04T16:40:41.278+0700][0,427s][info   ][gc,cpu      ] GC(17) User=0,00s Sys=0,00s Real=0,00s
[2024-12-04T16:40:41.278+0700][0,427s][info   ][gc,marking  ] GC(17) Concurrent Cleanup for Next Mark
[2024-12-04T16:40:41.278+0700][0,427s][info   ][gc,marking  ] GC(17) Concurrent Cleanup for Next Mark 0,258ms
[2024-12-04T16:40:41.278+0700][0,427s][info   ][gc          ] GC(17) Concurrent Mark Cycle 5,468ms
[2024-12-04T16:40:41.279+0700][0,428s][info   ][gc,start    ] GC(18) Pause Young (Concurrent Start) (G1 Humongous Allocation)
[2024-12-04T16:40:41.279+0700][0,428s][info   ][gc,task     ] GC(18) Using 3 workers of 8 for evacuation
[2024-12-04T16:40:41.281+0700][0,430s][info   ][gc,phases   ] GC(18)   Pre Evacuate Collection Set: 0,2ms
[2024-12-04T16:40:41.281+0700][0,430s][info   ][gc,phases   ] GC(18)   Merge Heap Roots: 0,0ms
[2024-12-04T16:40:41.281+0700][0,430s][info   ][gc,phases   ] GC(18)   Evacuate Collection Set: 1,4ms
[2024-12-04T16:40:41.281+0700][0,430s][info   ][gc,phases   ] GC(18)   Post Evacuate Collection Set: 0,2ms
[2024-12-04T16:40:41.281+0700][0,430s][info   ][gc,phases   ] GC(18)   Other: 0,1ms
[2024-12-04T16:40:41.281+0700][0,430s][info   ][gc,heap     ] GC(18) Eden regions: 1->0(43)
[2024-12-04T16:40:41.281+0700][0,430s][info   ][gc,heap     ] GC(18) Survivor regions: 2->2(6)
[2024-12-04T16:40:41.281+0700][0,430s][info   ][gc,heap     ] GC(18) Old regions: 0->0
[2024-12-04T16:40:41.281+0700][0,430s][info   ][gc,heap     ] GC(18) Archive regions: 2->2
[2024-12-04T16:40:41.281+0700][0,430s][info   ][gc,heap     ] GC(18) Humongous regions: 66->66
[2024-12-04T16:40:41.281+0700][0,430s][info   ][gc,metaspace] GC(18) Metaspace: 5174K(5376K)->5174K(5376K) NonClass: 4588K(4672K)->4588K(4672K) Class: 585K(704K)->585K(704K)
[2024-12-04T16:40:41.281+0700][0,430s][info   ][gc          ] GC(18) Pause Young (Concurrent Start) (G1 Humongous Allocation) 69M->68M(130M) 2,050ms
[2024-12-04T16:40:41.281+0700][0,430s][info   ][gc,cpu      ] GC(18) User=0,00s Sys=0,00s Real=0,00s
[2024-12-04T16:40:41.281+0700][0,430s][info   ][gc          ] GC(19) Concurrent Mark Cycle
[2024-12-04T16:40:41.281+0700][0,430s][info   ][gc,marking  ] GC(19) Concurrent Clear Claimed Marks
[2024-12-04T16:40:41.281+0700][0,430s][info   ][gc,marking  ] GC(19) Concurrent Clear Claimed Marks 0,012ms
[2024-12-04T16:40:41.281+0700][0,430s][info   ][gc,marking  ] GC(19) Concurrent Scan Root Regions
[2024-12-04T16:40:41.282+0700][0,431s][info   ][gc,marking  ] GC(19) Concurrent Scan Root Regions 0,861ms
[2024-12-04T16:40:41.282+0700][0,431s][info   ][gc,marking  ] GC(19) Concurrent Mark
[2024-12-04T16:40:41.282+0700][0,431s][info   ][gc,marking  ] GC(19) Concurrent Mark From Roots
[2024-12-04T16:40:41.282+0700][0,431s][info   ][gc,task     ] GC(19) Using 2 workers of 2 for marking
[2024-12-04T16:40:41.284+0700][0,433s][info   ][gc,marking  ] GC(19) Concurrent Mark From Roots 1,596ms
[2024-12-04T16:40:41.284+0700][0,433s][info   ][gc,marking  ] GC(19) Concurrent Preclean
[2024-12-04T16:40:41.284+0700][0,433s][info   ][gc,marking  ] GC(19) Concurrent Preclean 0,053ms
[2024-12-04T16:40:41.285+0700][0,434s][info   ][gc,start    ] GC(19) Pause Remark
[2024-12-04T16:40:41.286+0700][0,435s][info   ][gc          ] GC(19) Pause Remark 70M->70M(130M) 0,655ms
[2024-12-04T16:40:41.286+0700][0,435s][info   ][gc,cpu      ] GC(19) User=0,00s Sys=0,00s Real=0,00s
[2024-12-04T16:40:41.286+0700][0,435s][info   ][gc,marking  ] GC(19) Concurrent Mark 3,868ms
[2024-12-04T16:40:41.286+0700][0,435s][info   ][gc,marking  ] GC(19) Concurrent Rebuild Remembered Sets
[2024-12-04T16:40:41.286+0700][0,435s][info   ][gc,marking  ] GC(19) Concurrent Rebuild Remembered Sets 0,009ms
[2024-12-04T16:40:41.286+0700][0,435s][info   ][gc,start    ] GC(19) Pause Cleanup
[2024-12-04T16:40:41.286+0700][0,435s][info   ][gc          ] GC(19) Pause Cleanup 70M->70M(130M) 0,014ms
[2024-12-04T16:40:41.286+0700][0,435s][info   ][gc,cpu      ] GC(19) User=0,00s Sys=0,00s Real=0,00s
[2024-12-04T16:40:41.287+0700][0,436s][info   ][gc,marking  ] GC(19) Concurrent Cleanup for Next Mark
[2024-12-04T16:40:41.287+0700][0,436s][info   ][gc,marking  ] GC(19) Concurrent Cleanup for Next Mark 0,347ms
[2024-12-04T16:40:41.287+0700][0,436s][info   ][gc          ] GC(19) Concurrent Mark Cycle 6,156ms
[2024-12-04T16:40:41.288+0700][0,436s][info   ][gc,start    ] GC(20) Pause Young (Concurrent Start) (G1 Humongous Allocation)
[2024-12-04T16:40:41.288+0700][0,436s][info   ][gc,task     ] GC(20) Using 3 workers of 8 for evacuation
[2024-12-04T16:40:41.290+0700][0,439s][info   ][gc,phases   ] GC(20)   Pre Evacuate Collection Set: 0,2ms
[2024-12-04T16:40:41.290+0700][0,439s][info   ][gc,phases   ] GC(20)   Merge Heap Roots: 0,0ms
[2024-12-04T16:40:41.290+0700][0,439s][info   ][gc,phases   ] GC(20)   Evacuate Collection Set: 2,0ms
[2024-12-04T16:40:41.290+0700][0,439s][info   ][gc,phases   ] GC(20)   Post Evacuate Collection Set: 0,2ms
[2024-12-04T16:40:41.290+0700][0,439s][info   ][gc,phases   ] GC(20)   Other: 0,1ms
[2024-12-04T16:40:41.290+0700][0,439s][info   ][gc,heap     ] GC(20) Eden regions: 1->0(42)
[2024-12-04T16:40:41.290+0700][0,439s][info   ][gc,heap     ] GC(20) Survivor regions: 2->2(6)
[2024-12-04T16:40:41.290+0700][0,439s][info   ][gc,heap     ] GC(20) Old regions: 0->0
[2024-12-04T16:40:41.290+0700][0,439s][info   ][gc,heap     ] GC(20) Archive regions: 2->2
[2024-12-04T16:40:41.290+0700][0,439s][info   ][gc,heap     ] GC(20) Humongous regions: 67->67
[2024-12-04T16:40:41.290+0700][0,439s][info   ][gc,metaspace] GC(20) Metaspace: 5245K(5440K)->5245K(5440K) NonClass: 4649K(4736K)->4649K(4736K) Class: 595K(704K)->595K(704K)
[2024-12-04T16:40:41.290+0700][0,439s][info   ][gc          ] GC(20) Pause Young (Concurrent Start) (G1 Humongous Allocation) 70M->69M(130M) 2,732ms
[2024-12-04T16:40:41.290+0700][0,439s][info   ][gc,cpu      ] GC(20) User=0,01s Sys=0,01s Real=0,00s
[2024-12-04T16:40:41.290+0700][0,439s][info   ][gc          ] GC(21) Concurrent Mark Cycle
[2024-12-04T16:40:41.290+0700][0,439s][info   ][gc,marking  ] GC(21) Concurrent Clear Claimed Marks
[2024-12-04T16:40:41.290+0700][0,439s][info   ][gc,marking  ] GC(21) Concurrent Clear Claimed Marks 0,011ms
[2024-12-04T16:40:41.290+0700][0,439s][info   ][gc,marking  ] GC(21) Concurrent Scan Root Regions
[2024-12-04T16:40:41.292+0700][0,440s][info   ][gc,marking  ] GC(21) Concurrent Scan Root Regions 1,193ms
[2024-12-04T16:40:41.292+0700][0,440s][info   ][gc,marking  ] GC(21) Concurrent Mark
[2024-12-04T16:40:41.292+0700][0,441s][info   ][gc,marking  ] GC(21) Concurrent Mark From Roots
[2024-12-04T16:40:41.292+0700][0,441s][info   ][gc,task     ] GC(21) Using 2 workers of 2 for marking
[2024-12-04T16:40:41.293+0700][0,442s][info   ][gc,marking  ] GC(21) Concurrent Mark From Roots 1,137ms
[2024-12-04T16:40:41.293+0700][0,442s][info   ][gc,marking  ] GC(21) Concurrent Preclean
[2024-12-04T16:40:41.293+0700][0,442s][info   ][gc,marking  ] GC(21) Concurrent Preclean 0,042ms
[2024-12-04T16:40:41.293+0700][0,442s][info   ][gc,start    ] GC(21) Pause Remark
[2024-12-04T16:40:41.294+0700][0,443s][info   ][gc          ] GC(21) Pause Remark 71M->71M(130M) 0,505ms
[2024-12-04T16:40:41.294+0700][0,443s][info   ][gc,cpu      ] GC(21) User=0,00s Sys=0,00s Real=0,00s
[2024-12-04T16:40:41.294+0700][0,443s][info   ][gc,marking  ] GC(21) Concurrent Mark 2,127ms
[2024-12-04T16:40:41.294+0700][0,443s][info   ][gc,marking  ] GC(21) Concurrent Rebuild Remembered Sets
[2024-12-04T16:40:41.294+0700][0,443s][info   ][gc,marking  ] GC(21) Concurrent Rebuild Remembered Sets 0,016ms
[2024-12-04T16:40:41.294+0700][0,443s][info   ][gc,start    ] GC(21) Pause Cleanup
[2024-12-04T16:40:41.294+0700][0,443s][info   ][gc          ] GC(21) Pause Cleanup 71M->71M(130M) 0,013ms
[2024-12-04T16:40:41.294+0700][0,443s][info   ][gc,cpu      ] GC(21) User=0,00s Sys=0,00s Real=0,00s
[2024-12-04T16:40:41.294+0700][0,443s][info   ][gc,marking  ] GC(21) Concurrent Cleanup for Next Mark
[2024-12-04T16:40:41.294+0700][0,443s][info   ][gc,marking  ] GC(21) Concurrent Cleanup for Next Mark 0,280ms
[2024-12-04T16:40:41.294+0700][0,443s][info   ][gc          ] GC(21) Concurrent Mark Cycle 3,897ms
[2024-12-04T16:40:41.296+0700][0,445s][info   ][gc,start    ] GC(22) Pause Young (Concurrent Start) (G1 Humongous Allocation)
[2024-12-04T16:40:41.296+0700][0,445s][info   ][gc,task     ] GC(22) Using 3 workers of 8 for evacuation
[2024-12-04T16:40:41.300+0700][0,449s][info   ][gc,phases   ] GC(22)   Pre Evacuate Collection Set: 0,1ms
[2024-12-04T16:40:41.300+0700][0,449s][info   ][gc,phases   ] GC(22)   Merge Heap Roots: 0,0ms
[2024-12-04T16:40:41.300+0700][0,449s][info   ][gc,phases   ] GC(22)   Evacuate Collection Set: 2,1ms
[2024-12-04T16:40:41.300+0700][0,449s][info   ][gc,phases   ] GC(22)   Post Evacuate Collection Set: 1,7ms
[2024-12-04T16:40:41.300+0700][0,449s][info   ][gc,phases   ] GC(22)   Other: 0,1ms
[2024-12-04T16:40:41.300+0700][0,449s][info   ][gc,heap     ] GC(22) Eden regions: 1->0(223)
[2024-12-04T16:40:41.300+0700][0,449s][info   ][gc,heap     ] GC(22) Survivor regions: 2->3(6)
[2024-12-04T16:40:41.300+0700][0,449s][info   ][gc,heap     ] GC(22) Old regions: 0->0
[2024-12-04T16:40:41.300+0700][0,449s][info   ][gc,heap     ] GC(22) Archive regions: 2->2
[2024-12-04T16:40:41.300+0700][0,449s][info   ][gc,heap     ] GC(22) Humongous regions: 68->68
[2024-12-04T16:40:41.300+0700][0,449s][info   ][gc,metaspace] GC(22) Metaspace: 5322K(5504K)->5322K(5504K) NonClass: 4714K(4800K)->4714K(4800K) Class: 608K(704K)->608K(704K)
[2024-12-04T16:40:41.300+0700][0,449s][info   ][gc          ] GC(22) Pause Young (Concurrent Start) (G1 Humongous Allocation) 71M->71M(377M) 4,187ms
[2024-12-04T16:40:41.300+0700][0,449s][info   ][gc,cpu      ] GC(22) User=0,00s Sys=0,00s Real=0,00s
[2024-12-04T16:40:41.300+0700][0,449s][info   ][gc          ] GC(23) Concurrent Undo Cycle
[2024-12-04T16:40:41.300+0700][0,449s][info   ][gc,marking  ] GC(23) Concurrent Cleanup for Next Mark
[2024-12-04T16:40:41.302+0700][0,451s][info   ][gc,marking  ] GC(23) Concurrent Cleanup for Next Mark 1,380ms
[2024-12-04T16:40:41.302+0700][0,451s][info   ][gc          ] GC(23) Concurrent Undo Cycle 1,425ms
[2024-12-04T16:40:41.853+0700][1,002s][info   ][gc,start    ] GC(24) Pause Young (Concurrent Start) (G1 Humongous Allocation)
[2024-12-04T16:40:41.854+0700][1,002s][info   ][gc,task     ] GC(24) Using 8 workers of 8 for evacuation
[2024-12-04T16:40:41.855+0700][1,004s][info   ][gc,phases   ] GC(24)   Pre Evacuate Collection Set: 0,1ms
[2024-12-04T16:40:41.855+0700][1,004s][info   ][gc,phases   ] GC(24)   Merge Heap Roots: 0,0ms
[2024-12-04T16:40:41.855+0700][1,004s][info   ][gc,phases   ] GC(24)   Evacuate Collection Set: 1,3ms
[2024-12-04T16:40:41.855+0700][1,004s][info   ][gc,phases   ] GC(24)   Post Evacuate Collection Set: 0,2ms
[2024-12-04T16:40:41.855+0700][1,004s][info   ][gc,phases   ] GC(24)   Other: 0,4ms
[2024-12-04T16:40:41.855+0700][1,004s][info   ][gc,heap     ] GC(24) Eden regions: 3->0(144)
[2024-12-04T16:40:41.855+0700][1,004s][info   ][gc,heap     ] GC(24) Survivor regions: 3->3(29)
[2024-12-04T16:40:41.855+0700][1,004s][info   ][gc,heap     ] GC(24) Old regions: 0->0
[2024-12-04T16:40:41.855+0700][1,004s][info   ][gc,heap     ] GC(24) Archive regions: 2->2
[2024-12-04T16:40:41.856+0700][1,004s][info   ][gc,heap     ] GC(24) Humongous regions: 167->167
[2024-12-04T16:40:41.856+0700][1,004s][info   ][gc,metaspace] GC(24) Metaspace: 5683K(5888K)->5683K(5888K) NonClass: 5023K(5120K)->5023K(5120K) Class: 659K(768K)->659K(768K)
[2024-12-04T16:40:41.856+0700][1,004s][info   ][gc          ] GC(24) Pause Young (Concurrent Start) (G1 Humongous Allocation) 172M->170M(377M) 2,291ms
[2024-12-04T16:40:41.856+0700][1,004s][info   ][gc,cpu      ] GC(24) User=0,01s Sys=0,00s Real=0,00s
[2024-12-04T16:40:41.856+0700][1,004s][info   ][gc          ] GC(25) Concurrent Undo Cycle
[2024-12-04T16:40:41.856+0700][1,004s][info   ][gc,marking  ] GC(25) Concurrent Cleanup for Next Mark
[2024-12-04T16:40:41.856+0700][1,005s][info   ][gc,marking  ] GC(25) Concurrent Cleanup for Next Mark 0,619ms
[2024-12-04T16:40:41.856+0700][1,005s][info   ][gc          ] GC(25) Concurrent Undo Cycle 0,678ms
[2024-12-04T16:40:41.861+0700][1,010s][info   ][gc,start    ] GC(26) Pause Young (Concurrent Start) (G1 Humongous Allocation)
[2024-12-04T16:40:41.861+0700][1,010s][info   ][gc,task     ] GC(26) Using 8 workers of 8 for evacuation
[2024-12-04T16:40:41.863+0700][1,011s][info   ][gc,phases   ] GC(26)   Pre Evacuate Collection Set: 0,1ms
[2024-12-04T16:40:41.863+0700][1,011s][info   ][gc,phases   ] GC(26)   Merge Heap Roots: 0,0ms
[2024-12-04T16:40:41.863+0700][1,011s][info   ][gc,phases   ] GC(26)   Evacuate Collection Set: 1,0ms
[2024-12-04T16:40:41.863+0700][1,011s][info   ][gc,phases   ] GC(26)   Post Evacuate Collection Set: 0,1ms
[2024-12-04T16:40:41.863+0700][1,011s][info   ][gc,phases   ] GC(26)   Other: 0,1ms
[2024-12-04T16:40:41.863+0700][1,011s][info   ][gc,heap     ] GC(26) Eden regions: 1->0(148)
[2024-12-04T16:40:41.863+0700][1,011s][info   ][gc,heap     ] GC(26) Survivor regions: 3->3(19)
[2024-12-04T16:40:41.863+0700][1,011s][info   ][gc,heap     ] GC(26) Old regions: 0->0
[2024-12-04T16:40:41.863+0700][1,011s][info   ][gc,heap     ] GC(26) Archive regions: 2->2
[2024-12-04T16:40:41.863+0700][1,011s][info   ][gc,heap     ] GC(26) Humongous regions: 168->168
[2024-12-04T16:40:41.863+0700][1,011s][info   ][gc,metaspace] GC(26) Metaspace: 5683K(5888K)->5683K(5888K) NonClass: 5023K(5120K)->5023K(5120K) Class: 659K(768K)->659K(768K)
[2024-12-04T16:40:41.863+0700][1,012s][info   ][gc          ] GC(26) Pause Young (Concurrent Start) (G1 Humongous Allocation) 171M->171M(377M) 1,479ms
[2024-12-04T16:40:41.863+0700][1,012s][info   ][gc,cpu      ] GC(26) User=0,01s Sys=0,00s Real=0,00s
[2024-12-04T16:40:41.863+0700][1,012s][info   ][gc          ] GC(27) Concurrent Mark Cycle
[2024-12-04T16:40:41.863+0700][1,012s][info   ][gc,marking  ] GC(27) Concurrent Clear Claimed Marks
[2024-12-04T16:40:41.863+0700][1,012s][info   ][gc,marking  ] GC(27) Concurrent Clear Claimed Marks 0,016ms
[2024-12-04T16:40:41.863+0700][1,012s][info   ][gc,marking  ] GC(27) Concurrent Scan Root Regions
[2024-12-04T16:40:41.864+0700][1,012s][info   ][gc,marking  ] GC(27) Concurrent Scan Root Regions 0,803ms
[2024-12-04T16:40:41.864+0700][1,012s][info   ][gc,marking  ] GC(27) Concurrent Mark
[2024-12-04T16:40:41.864+0700][1,012s][info   ][gc,marking  ] GC(27) Concurrent Mark From Roots
[2024-12-04T16:40:41.864+0700][1,012s][info   ][gc,task     ] GC(27) Using 2 workers of 2 for marking
[2024-12-04T16:40:41.865+0700][1,014s][info   ][gc,marking  ] GC(27) Concurrent Mark From Roots 1,145ms
[2024-12-04T16:40:41.865+0700][1,014s][info   ][gc,marking  ] GC(27) Concurrent Preclean
[2024-12-04T16:40:41.865+0700][1,014s][info   ][gc,marking  ] GC(27) Concurrent Preclean 0,052ms
[2024-12-04T16:40:41.865+0700][1,014s][info   ][gc,start    ] GC(27) Pause Remark
[2024-12-04T16:40:41.866+0700][1,014s][info   ][gc          ] GC(27) Pause Remark 172M->172M(377M) 0,736ms
[2024-12-04T16:40:41.866+0700][1,014s][info   ][gc,cpu      ] GC(27) User=0,00s Sys=0,00s Real=0,00s
[2024-12-04T16:40:41.866+0700][1,015s][info   ][gc,marking  ] GC(27) Concurrent Mark 2,103ms
[2024-12-04T16:40:41.866+0700][1,015s][info   ][gc,marking  ] GC(27) Concurrent Rebuild Remembered Sets
[2024-12-04T16:40:41.866+0700][1,015s][info   ][gc,marking  ] GC(27) Concurrent Rebuild Remembered Sets 0,006ms
[2024-12-04T16:40:41.866+0700][1,015s][info   ][gc,start    ] GC(27) Pause Cleanup
[2024-12-04T16:40:41.866+0700][1,015s][info   ][gc          ] GC(27) Pause Cleanup 172M->172M(377M) 0,006ms
[2024-12-04T16:40:41.866+0700][1,015s][info   ][gc,cpu      ] GC(27) User=0,00s Sys=0,00s Real=0,00s
[2024-12-04T16:40:41.866+0700][1,015s][info   ][gc,marking  ] GC(27) Concurrent Cleanup for Next Mark
[2024-12-04T16:40:41.867+0700][1,016s][info   ][gc,marking  ] GC(27) Concurrent Cleanup for Next Mark 1,011ms
[2024-12-04T16:40:41.867+0700][1,016s][info   ][gc          ] GC(27) Concurrent Mark Cycle 4,074ms
[2024-12-04T16:40:41.868+0700][1,017s][info   ][gc,start    ] GC(28) Pause Young (Concurrent Start) (G1 Humongous Allocation)
[2024-12-04T16:40:41.868+0700][1,017s][info   ][gc,task     ] GC(28) Using 8 workers of 8 for evacuation
[2024-12-04T16:40:41.870+0700][1,019s][info   ][gc,phases   ] GC(28)   Pre Evacuate Collection Set: 0,1ms
[2024-12-04T16:40:41.870+0700][1,019s][info   ][gc,phases   ] GC(28)   Merge Heap Roots: 0,1ms
[2024-12-04T16:40:41.870+0700][1,019s][info   ][gc,phases   ] GC(28)   Evacuate Collection Set: 1,2ms
[2024-12-04T16:40:41.870+0700][1,019s][info   ][gc,phases   ] GC(28)   Post Evacuate Collection Set: 0,2ms
[2024-12-04T16:40:41.870+0700][1,019s][info   ][gc,phases   ] GC(28)   Other: 0,2ms
[2024-12-04T16:40:41.870+0700][1,019s][info   ][gc,heap     ] GC(28) Eden regions: 1->0(150)
[2024-12-04T16:40:41.870+0700][1,019s][info   ][gc,heap     ] GC(28) Survivor regions: 3->3(19)
[2024-12-04T16:40:41.870+0700][1,019s][info   ][gc,heap     ] GC(28) Old regions: 0->0
[2024-12-04T16:40:41.870+0700][1,019s][info   ][gc,heap     ] GC(28) Archive regions: 2->2
[2024-12-04T16:40:41.870+0700][1,019s][info   ][gc,heap     ] GC(28) Humongous regions: 169->169
[2024-12-04T16:40:41.870+0700][1,019s][info   ][gc,metaspace] GC(28) Metaspace: 5683K(5888K)->5683K(5888K) NonClass: 5023K(5120K)->5023K(5120K) Class: 659K(768K)->659K(768K)
[2024-12-04T16:40:41.870+0700][1,019s][info   ][gc          ] GC(28) Pause Young (Concurrent Start) (G1 Humongous Allocation) 172M->172M(377M) 1,845ms
[2024-12-04T16:40:41.870+0700][1,019s][info   ][gc,cpu      ] GC(28) User=0,00s Sys=0,00s Real=0,00s
[2024-12-04T16:40:41.870+0700][1,019s][info   ][gc          ] GC(29) Concurrent Mark Cycle
[2024-12-04T16:40:41.870+0700][1,019s][info   ][gc,marking  ] GC(29) Concurrent Clear Claimed Marks
[2024-12-04T16:40:41.870+0700][1,019s][info   ][gc,marking  ] GC(29) Concurrent Clear Claimed Marks 0,030ms
[2024-12-04T16:40:41.870+0700][1,019s][info   ][gc,marking  ] GC(29) Concurrent Scan Root Regions
[2024-12-04T16:40:41.871+0700][1,020s][info   ][gc,marking  ] GC(29) Concurrent Scan Root Regions 0,879ms
[2024-12-04T16:40:41.871+0700][1,020s][info   ][gc,marking  ] GC(29) Concurrent Mark
[2024-12-04T16:40:41.871+0700][1,020s][info   ][gc,marking  ] GC(29) Concurrent Mark From Roots
[2024-12-04T16:40:41.871+0700][1,020s][info   ][gc,task     ] GC(29) Using 2 workers of 2 for marking
[2024-12-04T16:40:41.872+0700][1,021s][info   ][gc,marking  ] GC(29) Concurrent Mark From Roots 1,117ms
[2024-12-04T16:40:41.872+0700][1,021s][info   ][gc,marking  ] GC(29) Concurrent Preclean
[2024-12-04T16:40:41.872+0700][1,021s][info   ][gc,marking  ] GC(29) Concurrent Preclean 0,048ms
[2024-12-04T16:40:41.872+0700][1,021s][info   ][gc,start    ] GC(29) Pause Remark
[2024-12-04T16:40:41.873+0700][1,022s][info   ][gc          ] GC(29) Pause Remark 173M->173M(377M) 0,497ms
[2024-12-04T16:40:41.873+0700][1,022s][info   ][gc,cpu      ] GC(29) User=0,00s Sys=0,00s Real=0,00s
[2024-12-04T16:40:41.873+0700][1,022s][info   ][gc,marking  ] GC(29) Concurrent Mark 1,799ms
[2024-12-04T16:40:41.873+0700][1,022s][info   ][gc,marking  ] GC(29) Concurrent Rebuild Remembered Sets
[2024-12-04T16:40:41.873+0700][1,022s][info   ][gc,marking  ] GC(29) Concurrent Rebuild Remembered Sets 0,008ms
[2024-12-04T16:40:41.873+0700][1,022s][info   ][gc,start    ] GC(29) Pause Cleanup
[2024-12-04T16:40:41.873+0700][1,022s][info   ][gc          ] GC(29) Pause Cleanup 173M->173M(377M) 0,009ms
[2024-12-04T16:40:41.873+0700][1,022s][info   ][gc,cpu      ] GC(29) User=0,00s Sys=0,00s Real=0,00s
[2024-12-04T16:40:41.873+0700][1,022s][info   ][gc,marking  ] GC(29) Concurrent Cleanup for Next Mark
[2024-12-04T16:40:41.874+0700][1,022s][info   ][gc,marking  ] GC(29) Concurrent Cleanup for Next Mark 0,720ms
[2024-12-04T16:40:41.874+0700][1,022s][info   ][gc          ] GC(29) Concurrent Mark Cycle 3,628ms
[2024-12-04T16:40:41.875+0700][1,024s][info   ][gc,start    ] GC(30) Pause Young (Concurrent Start) (G1 Humongous Allocation)
[2024-12-04T16:40:41.875+0700][1,024s][info   ][gc,task     ] GC(30) Using 8 workers of 8 for evacuation
[2024-12-04T16:40:41.877+0700][1,026s][info   ][gc,phases   ] GC(30)   Pre Evacuate Collection Set: 0,1ms
[2024-12-04T16:40:41.877+0700][1,026s][info   ][gc,phases   ] GC(30)   Merge Heap Roots: 0,0ms
[2024-12-04T16:40:41.877+0700][1,026s][info   ][gc,phases   ] GC(30)   Evacuate Collection Set: 1,5ms
[2024-12-04T16:40:41.877+0700][1,026s][info   ][gc,phases   ] GC(30)   Post Evacuate Collection Set: 0,3ms
[2024-12-04T16:40:41.877+0700][1,026s][info   ][gc,phases   ] GC(30)   Other: 0,1ms
[2024-12-04T16:40:41.877+0700][1,026s][info   ][gc,heap     ] GC(30) Eden regions: 1->0(152)
[2024-12-04T16:40:41.878+0700][1,026s][info   ][gc,heap     ] GC(30) Survivor regions: 3->1(20)
[2024-12-04T16:40:41.878+0700][1,026s][info   ][gc,heap     ] GC(30) Old regions: 0->2
[2024-12-04T16:40:41.878+0700][1,026s][info   ][gc,heap     ] GC(30) Archive regions: 2->2
[2024-12-04T16:40:41.878+0700][1,026s][info   ][gc,heap     ] GC(30) Humongous regions: 170->170
[2024-12-04T16:40:41.878+0700][1,026s][info   ][gc,metaspace] GC(30) Metaspace: 5683K(5888K)->5683K(5888K) NonClass: 5023K(5120K)->5023K(5120K) Class: 659K(768K)->659K(768K)
[2024-12-04T16:40:41.878+0700][1,026s][info   ][gc          ] GC(30) Pause Young (Concurrent Start) (G1 Humongous Allocation) 173M->173M(377M) 2,126ms
[2024-12-04T16:40:41.878+0700][1,026s][info   ][gc,cpu      ] GC(30) User=0,01s Sys=0,00s Real=0,00s
[2024-12-04T16:40:41.878+0700][1,026s][info   ][gc          ] GC(31) Concurrent Mark Cycle
[2024-12-04T16:40:41.878+0700][1,026s][info   ][gc,marking  ] GC(31) Concurrent Clear Claimed Marks
[2024-12-04T16:40:41.878+0700][1,026s][info   ][gc,marking  ] GC(31) Concurrent Clear Claimed Marks 0,017ms
[2024-12-04T16:40:41.878+0700][1,026s][info   ][gc,marking  ] GC(31) Concurrent Scan Root Regions
[2024-12-04T16:40:41.878+0700][1,027s][info   ][gc,marking  ] GC(31) Concurrent Scan Root Regions 0,837ms
[2024-12-04T16:40:41.878+0700][1,027s][info   ][gc,marking  ] GC(31) Concurrent Mark
[2024-12-04T16:40:41.878+0700][1,027s][info   ][gc,marking  ] GC(31) Concurrent Mark From Roots
[2024-12-04T16:40:41.878+0700][1,027s][info   ][gc,task     ] GC(31) Using 2 workers of 2 for marking
[2024-12-04T16:40:41.880+0700][1,028s][info   ][gc,marking  ] GC(31) Concurrent Mark From Roots 1,056ms
[2024-12-04T16:40:41.880+0700][1,028s][info   ][gc,marking  ] GC(31) Concurrent Preclean
[2024-12-04T16:40:41.880+0700][1,028s][info   ][gc,marking  ] GC(31) Concurrent Preclean 0,039ms
[2024-12-04T16:40:41.880+0700][1,028s][info   ][gc,start    ] GC(31) Pause Remark
[2024-12-04T16:40:41.880+0700][1,029s][info   ][gc          ] GC(31) Pause Remark 174M->174M(377M) 0,469ms
[2024-12-04T16:40:41.880+0700][1,029s][info   ][gc,cpu      ] GC(31) User=0,00s Sys=0,00s Real=0,00s
[2024-12-04T16:40:41.880+0700][1,029s][info   ][gc,marking  ] GC(31) Concurrent Mark 1,700ms
[2024-12-04T16:40:41.880+0700][1,029s][info   ][gc,marking  ] GC(31) Concurrent Rebuild Remembered Sets
[2024-12-04T16:40:41.881+0700][1,030s][info   ][gc,marking  ] GC(31) Concurrent Rebuild Remembered Sets 1,008ms
[2024-12-04T16:40:41.881+0700][1,030s][info   ][gc,start    ] GC(31) Pause Cleanup
[2024-12-04T16:40:41.881+0700][1,030s][info   ][gc          ] GC(31) Pause Cleanup 174M->174M(377M) 0,103ms
[2024-12-04T16:40:41.881+0700][1,030s][info   ][gc,cpu      ] GC(31) User=0,00s Sys=0,00s Real=0,00s
[2024-12-04T16:40:41.881+0700][1,030s][info   ][gc,marking  ] GC(31) Concurrent Cleanup for Next Mark
[2024-12-04T16:40:41.882+0700][1,031s][info   ][gc,marking  ] GC(31) Concurrent Cleanup for Next Mark 0,477ms
[2024-12-04T16:40:41.882+0700][1,031s][info   ][gc          ] GC(31) Concurrent Mark Cycle 4,318ms
[2024-12-04T16:40:41.883+0700][1,032s][info   ][gc,start    ] GC(32) Pause Young (Concurrent Start) (G1 Humongous Allocation)
[2024-12-04T16:40:41.883+0700][1,032s][info   ][gc,task     ] GC(32) Using 8 workers of 8 for evacuation
[2024-12-04T16:40:41.884+0700][1,033s][info   ][gc,phases   ] GC(32)   Pre Evacuate Collection Set: 0,1ms
[2024-12-04T16:40:41.884+0700][1,033s][info   ][gc,phases   ] GC(32)   Merge Heap Roots: 0,1ms
[2024-12-04T16:40:41.884+0700][1,033s][info   ][gc,phases   ] GC(32)   Evacuate Collection Set: 0,6ms
[2024-12-04T16:40:41.884+0700][1,033s][info   ][gc,phases   ] GC(32)   Post Evacuate Collection Set: 0,1ms
[2024-12-04T16:40:41.884+0700][1,033s][info   ][gc,phases   ] GC(32)   Other: 0,1ms
[2024-12-04T16:40:41.884+0700][1,033s][info   ][gc,heap     ] GC(32) Eden regions: 1->0(154)
[2024-12-04T16:40:41.884+0700][1,033s][info   ][gc,heap     ] GC(32) Survivor regions: 1->1(20)
[2024-12-04T16:40:41.884+0700][1,033s][info   ][gc,heap     ] GC(32) Old regions: 2->2
[2024-12-04T16:40:41.884+0700][1,033s][info   ][gc,heap     ] GC(32) Archive regions: 2->2
[2024-12-04T16:40:41.884+0700][1,033s][info   ][gc,heap     ] GC(32) Humongous regions: 171->171
[2024-12-04T16:40:41.884+0700][1,033s][info   ][gc,metaspace] GC(32) Metaspace: 5683K(5888K)->5683K(5888K) NonClass: 5023K(5120K)->5023K(5120K) Class: 659K(768K)->659K(768K)
[2024-12-04T16:40:41.884+0700][1,033s][info   ][gc          ] GC(32) Pause Young (Concurrent Start) (G1 Humongous Allocation) 174M->174M(377M) 1,051ms
[2024-12-04T16:40:41.884+0700][1,033s][info   ][gc,cpu      ] GC(32) User=0,01s Sys=0,00s Real=0,00s
[2024-12-04T16:40:41.884+0700][1,033s][info   ][gc          ] GC(33) Concurrent Mark Cycle
[2024-12-04T16:40:41.884+0700][1,033s][info   ][gc,marking  ] GC(33) Concurrent Clear Claimed Marks
[2024-12-04T16:40:41.884+0700][1,033s][info   ][gc,marking  ] GC(33) Concurrent Clear Claimed Marks 0,013ms
[2024-12-04T16:40:41.884+0700][1,033s][info   ][gc,marking  ] GC(33) Concurrent Scan Root Regions
[2024-12-04T16:40:41.885+0700][1,034s][info   ][gc,marking  ] GC(33) Concurrent Scan Root Regions 0,452ms
[2024-12-04T16:40:41.885+0700][1,034s][info   ][gc,marking  ] GC(33) Concurrent Mark
[2024-12-04T16:40:41.885+0700][1,034s][info   ][gc,marking  ] GC(33) Concurrent Mark From Roots
[2024-12-04T16:40:41.885+0700][1,034s][info   ][gc,task     ] GC(33) Using 2 workers of 2 for marking
[2024-12-04T16:40:41.887+0700][1,036s][info   ][gc,marking  ] GC(33) Concurrent Mark From Roots 2,584ms
[2024-12-04T16:40:41.888+0700][1,036s][info   ][gc,marking  ] GC(33) Concurrent Preclean
[2024-12-04T16:40:41.888+0700][1,036s][info   ][gc,marking  ] GC(33) Concurrent Preclean 0,056ms
[2024-12-04T16:40:41.888+0700][1,036s][info   ][gc,start    ] GC(33) Pause Remark
[2024-12-04T16:40:41.889+0700][1,038s][info   ][gc          ] GC(33) Pause Remark 175M->175M(377M) 1,748ms
[2024-12-04T16:40:41.889+0700][1,038s][info   ][gc,cpu      ] GC(33) User=0,00s Sys=0,00s Real=0,00s
[2024-12-04T16:40:41.889+0700][1,038s][info   ][gc,marking  ] GC(33) Concurrent Mark 4,520ms
[2024-12-04T16:40:41.889+0700][1,038s][info   ][gc,marking  ] GC(33) Concurrent Rebuild Remembered Sets
[2024-12-04T16:40:41.890+0700][1,039s][info   ][gc,marking  ] GC(33) Concurrent Rebuild Remembered Sets 0,981ms
[2024-12-04T16:40:41.891+0700][1,039s][info   ][gc,start    ] GC(33) Pause Cleanup
[2024-12-04T16:40:41.891+0700][1,040s][info   ][gc          ] GC(33) Pause Cleanup 176M->176M(377M) 0,064ms
[2024-12-04T16:40:41.891+0700][1,040s][info   ][gc,cpu      ] GC(33) User=0,00s Sys=0,00s Real=0,00s
[2024-12-04T16:40:41.891+0700][1,040s][info   ][gc,marking  ] GC(33) Concurrent Cleanup for Next Mark
[2024-12-04T16:40:41.891+0700][1,040s][info   ][gc,marking  ] GC(33) Concurrent Cleanup for Next Mark 0,657ms
[2024-12-04T16:40:41.891+0700][1,040s][info   ][gc          ] GC(33) Concurrent Mark Cycle 6,953ms
[2024-12-04T16:40:41.896+0700][1,045s][info   ][gc,start    ] GC(34) Pause Young (Concurrent Start) (G1 Humongous Allocation)
[2024-12-04T16:40:41.896+0700][1,045s][info   ][gc,task     ] GC(34) Using 8 workers of 8 for evacuation
[2024-12-04T16:40:41.897+0700][1,046s][info   ][gc,phases   ] GC(34)   Pre Evacuate Collection Set: 0,1ms
[2024-12-04T16:40:41.897+0700][1,046s][info   ][gc,phases   ] GC(34)   Merge Heap Roots: 0,0ms
[2024-12-04T16:40:41.897+0700][1,046s][info   ][gc,phases   ] GC(34)   Evacuate Collection Set: 0,4ms
[2024-12-04T16:40:41.897+0700][1,046s][info   ][gc,phases   ] GC(34)   Post Evacuate Collection Set: 0,1ms
[2024-12-04T16:40:41.897+0700][1,046s][info   ][gc,phases   ] GC(34)   Other: 0,1ms
[2024-12-04T16:40:41.897+0700][1,046s][info   ][gc,heap     ] GC(34) Eden regions: 1->0(154)
[2024-12-04T16:40:41.897+0700][1,046s][info   ][gc,heap     ] GC(34) Survivor regions: 1->1(20)
[2024-12-04T16:40:41.897+0700][1,046s][info   ][gc,heap     ] GC(34) Old regions: 2->2
[2024-12-04T16:40:41.897+0700][1,046s][info   ][gc,heap     ] GC(34) Archive regions: 2->2
[2024-12-04T16:40:41.897+0700][1,046s][info   ][gc,heap     ] GC(34) Humongous regions: 173->173
[2024-12-04T16:40:41.897+0700][1,046s][info   ][gc,metaspace] GC(34) Metaspace: 5683K(5888K)->5683K(5888K) NonClass: 5023K(5120K)->5023K(5120K) Class: 659K(768K)->659K(768K)
[2024-12-04T16:40:41.897+0700][1,046s][info   ][gc          ] GC(34) Pause Young (Concurrent Start) (G1 Humongous Allocation) 176M->176M(377M) 0,770ms
[2024-12-04T16:40:41.897+0700][1,046s][info   ][gc,cpu      ] GC(34) User=0,00s Sys=0,00s Real=0,00s
[2024-12-04T16:40:41.897+0700][1,046s][info   ][gc          ] GC(35) Concurrent Mark Cycle
[2024-12-04T16:40:41.897+0700][1,046s][info   ][gc,marking  ] GC(35) Concurrent Clear Claimed Marks
[2024-12-04T16:40:41.897+0700][1,046s][info   ][gc,marking  ] GC(35) Concurrent Clear Claimed Marks 0,006ms
[2024-12-04T16:40:41.897+0700][1,046s][info   ][gc,marking  ] GC(35) Concurrent Scan Root Regions
[2024-12-04T16:40:41.897+0700][1,046s][info   ][gc,marking  ] GC(35) Concurrent Scan Root Regions 0,348ms
[2024-12-04T16:40:41.897+0700][1,046s][info   ][gc,marking  ] GC(35) Concurrent Mark
[2024-12-04T16:40:41.897+0700][1,046s][info   ][gc,marking  ] GC(35) Concurrent Mark From Roots
[2024-12-04T16:40:41.897+0700][1,046s][info   ][gc,task     ] GC(35) Using 2 workers of 2 for marking
[2024-12-04T16:40:41.899+0700][1,048s][info   ][gc,marking  ] GC(35) Concurrent Mark From Roots 1,659ms
[2024-12-04T16:40:41.899+0700][1,048s][info   ][gc,marking  ] GC(35) Concurrent Preclean
[2024-12-04T16:40:41.899+0700][1,048s][info   ][gc,marking  ] GC(35) Concurrent Preclean 0,037ms
[2024-12-04T16:40:41.899+0700][1,048s][info   ][gc,start    ] GC(35) Pause Remark
[2024-12-04T16:40:41.899+0700][1,048s][info   ][gc          ] GC(35) Pause Remark 177M->177M(377M) 0,365ms
[2024-12-04T16:40:41.899+0700][1,048s][info   ][gc,cpu      ] GC(35) User=0,00s Sys=0,00s Real=0,00s
[2024-12-04T16:40:41.899+0700][1,048s][info   ][gc,marking  ] GC(35) Concurrent Mark 2,139ms
[2024-12-04T16:40:41.899+0700][1,048s][info   ][gc,marking  ] GC(35) Concurrent Rebuild Remembered Sets
[2024-12-04T16:40:41.900+0700][1,049s][info   ][gc,marking  ] GC(35) Concurrent Rebuild Remembered Sets 0,975ms
[2024-12-04T16:40:41.900+0700][1,049s][info   ][gc,start    ] GC(35) Pause Cleanup
[2024-12-04T16:40:41.900+0700][1,049s][info   ][gc          ] GC(35) Pause Cleanup 177M->177M(377M) 0,063ms
[2024-12-04T16:40:41.900+0700][1,049s][info   ][gc,cpu      ] GC(35) User=0,00s Sys=0,00s Real=0,00s
[2024-12-04T16:40:41.900+0700][1,049s][info   ][gc,marking  ] GC(35) Concurrent Cleanup for Next Mark
[2024-12-04T16:40:41.901+0700][1,050s][info   ][gc,marking  ] GC(35) Concurrent Cleanup for Next Mark 0,645ms
[2024-12-04T16:40:41.901+0700][1,050s][info   ][gc          ] GC(35) Concurrent Mark Cycle 4,295ms
[2024-12-04T16:40:41.902+0700][1,051s][info   ][gc,start    ] GC(36) Pause Young (Concurrent Start) (G1 Humongous Allocation)
[2024-12-04T16:40:41.902+0700][1,051s][info   ][gc,task     ] GC(36) Using 8 workers of 8 for evacuation
[2024-12-04T16:40:41.906+0700][1,055s][info   ][gc,phases   ] GC(36)   Pre Evacuate Collection Set: 0,1ms
[2024-12-04T16:40:41.906+0700][1,055s][info   ][gc,phases   ] GC(36)   Merge Heap Roots: 0,0ms
[2024-12-04T16:40:41.906+0700][1,055s][info   ][gc,phases   ] GC(36)   Evacuate Collection Set: 0,4ms
[2024-12-04T16:40:41.906+0700][1,055s][info   ][gc,phases   ] GC(36)   Post Evacuate Collection Set: 2,8ms
[2024-12-04T16:40:41.906+0700][1,055s][info   ][gc,phases   ] GC(36)   Other: 0,1ms
[2024-12-04T16:40:41.906+0700][1,055s][info   ][gc,heap     ] GC(36) Eden regions: 1->0(491)
[2024-12-04T16:40:41.906+0700][1,055s][info   ][gc,heap     ] GC(36) Survivor regions: 1->1(20)
[2024-12-04T16:40:41.906+0700][1,055s][info   ][gc,heap     ] GC(36) Old regions: 2->2
[2024-12-04T16:40:41.906+0700][1,055s][info   ][gc,heap     ] GC(36) Archive regions: 2->2
[2024-12-04T16:40:41.906+0700][1,055s][info   ][gc,heap     ] GC(36) Humongous regions: 174->174
[2024-12-04T16:40:41.906+0700][1,055s][info   ][gc,metaspace] GC(36) Metaspace: 5683K(5888K)->5683K(5888K) NonClass: 5023K(5120K)->5023K(5120K) Class: 659K(768K)->659K(768K)
[2024-12-04T16:40:41.906+0700][1,055s][info   ][gc          ] GC(36) Pause Young (Concurrent Start) (G1 Humongous Allocation) 177M->177M(821M) 3,493ms
[2024-12-04T16:40:41.906+0700][1,055s][info   ][gc,cpu      ] GC(36) User=0,00s Sys=0,00s Real=0,01s
[2024-12-04T16:40:41.906+0700][1,055s][info   ][gc          ] GC(37) Concurrent Undo Cycle
[2024-12-04T16:40:41.906+0700][1,055s][info   ][gc,marking  ] GC(37) Concurrent Cleanup for Next Mark
[2024-12-04T16:40:41.908+0700][1,057s][info   ][gc,marking  ] GC(37) Concurrent Cleanup for Next Mark 2,316ms
[2024-12-04T16:40:41.908+0700][1,057s][info   ][gc          ] GC(37) Concurrent Undo Cycle 2,366ms
[2024-12-04T16:40:42.993+0700][2,142s][info   ][gc,start    ] GC(38) Pause Young (Concurrent Start) (G1 Humongous Allocation)
[2024-12-04T16:40:42.993+0700][2,142s][info   ][gc,task     ] GC(38) Using 8 workers of 8 for evacuation
[2024-12-04T16:40:42.995+0700][2,143s][info   ][gc,phases   ] GC(38)   Pre Evacuate Collection Set: 0,2ms
[2024-12-04T16:40:42.995+0700][2,144s][info   ][gc,phases   ] GC(38)   Merge Heap Roots: 0,1ms
[2024-12-04T16:40:42.995+0700][2,144s][info   ][gc,phases   ] GC(38)   Evacuate Collection Set: 0,8ms
[2024-12-04T16:40:42.995+0700][2,144s][info   ][gc,phases   ] GC(38)   Post Evacuate Collection Set: 0,3ms
[2024-12-04T16:40:42.995+0700][2,144s][info   ][gc,phases   ] GC(38)   Other: 0,3ms
[2024-12-04T16:40:42.995+0700][2,144s][info   ][gc,heap     ] GC(38) Eden regions: 2->0(357)
[2024-12-04T16:40:42.995+0700][2,144s][info   ][gc,heap     ] GC(38) Survivor regions: 1->1(62)
[2024-12-04T16:40:42.995+0700][2,144s][info   ][gc,heap     ] GC(38) Old regions: 2->2
[2024-12-04T16:40:42.995+0700][2,144s][info   ][gc,heap     ] GC(38) Archive regions: 2->2
[2024-12-04T16:40:42.995+0700][2,144s][info   ][gc,heap     ] GC(38) Humongous regions: 365->365
[2024-12-04T16:40:42.995+0700][2,144s][info   ][gc,metaspace] GC(38) Metaspace: 5711K(5888K)->5711K(5888K) NonClass: 5050K(5120K)->5050K(5120K) Class: 660K(768K)->660K(768K)
[2024-12-04T16:40:42.995+0700][2,144s][info   ][gc          ] GC(38) Pause Young (Concurrent Start) (G1 Humongous Allocation) 369M->368M(821M) 1,883ms
[2024-12-04T16:40:42.995+0700][2,144s][info   ][gc,cpu      ] GC(38) User=0,01s Sys=0,00s Real=0,01s
[2024-12-04T16:40:42.995+0700][2,144s][info   ][gc          ] GC(39) Concurrent Undo Cycle
[2024-12-04T16:40:42.995+0700][2,144s][info   ][gc,marking  ] GC(39) Concurrent Cleanup for Next Mark
[2024-12-04T16:40:42.997+0700][2,145s][info   ][gc,marking  ] GC(39) Concurrent Cleanup for Next Mark 1,682ms
[2024-12-04T16:40:42.997+0700][2,145s][info   ][gc          ] GC(39) Concurrent Undo Cycle 1,768ms
[2024-12-04T16:40:43.001+0700][2,150s][info   ][gc,start    ] GC(40) Pause Young (Concurrent Start) (G1 Humongous Allocation)
[2024-12-04T16:40:43.001+0700][2,150s][info   ][gc,task     ] GC(40) Using 8 workers of 8 for evacuation
[2024-12-04T16:40:43.003+0700][2,152s][info   ][gc,phases   ] GC(40)   Pre Evacuate Collection Set: 0,2ms
[2024-12-04T16:40:43.003+0700][2,152s][info   ][gc,phases   ] GC(40)   Merge Heap Roots: 0,1ms
[2024-12-04T16:40:43.003+0700][2,152s][info   ][gc,phases   ] GC(40)   Evacuate Collection Set: 0,8ms
[2024-12-04T16:40:43.003+0700][2,152s][info   ][gc,phases   ] GC(40)   Post Evacuate Collection Set: 0,2ms
[2024-12-04T16:40:43.003+0700][2,152s][info   ][gc,phases   ] GC(40)   Other: 0,2ms
[2024-12-04T16:40:43.003+0700][2,152s][info   ][gc,heap     ] GC(40) Eden regions: 1->0(358)
[2024-12-04T16:40:43.003+0700][2,152s][info   ][gc,heap     ] GC(40) Survivor regions: 1->1(45)
[2024-12-04T16:40:43.003+0700][2,152s][info   ][gc,heap     ] GC(40) Old regions: 2->2
[2024-12-04T16:40:43.003+0700][2,152s][info   ][gc,heap     ] GC(40) Archive regions: 2->2
[2024-12-04T16:40:43.003+0700][2,152s][info   ][gc,heap     ] GC(40) Humongous regions: 366->366
[2024-12-04T16:40:43.003+0700][2,152s][info   ][gc,metaspace] GC(40) Metaspace: 5711K(5888K)->5711K(5888K) NonClass: 5050K(5120K)->5050K(5120K) Class: 660K(768K)->660K(768K)
[2024-12-04T16:40:43.003+0700][2,152s][info   ][gc          ] GC(40) Pause Young (Concurrent Start) (G1 Humongous Allocation) 369M->369M(821M) 1,677ms
[2024-12-04T16:40:43.003+0700][2,152s][info   ][gc,cpu      ] GC(40) User=0,00s Sys=0,00s Real=0,00s
[2024-12-04T16:40:43.003+0700][2,152s][info   ][gc          ] GC(41) Concurrent Mark Cycle
[2024-12-04T16:40:43.003+0700][2,152s][info   ][gc,marking  ] GC(41) Concurrent Clear Claimed Marks
[2024-12-04T16:40:43.003+0700][2,152s][info   ][gc,marking  ] GC(41) Concurrent Clear Claimed Marks 0,033ms
[2024-12-04T16:40:43.003+0700][2,152s][info   ][gc,marking  ] GC(41) Concurrent Scan Root Regions
[2024-12-04T16:40:43.004+0700][2,153s][info   ][gc,marking  ] GC(41) Concurrent Scan Root Regions 0,610ms
[2024-12-04T16:40:43.004+0700][2,153s][info   ][gc,marking  ] GC(41) Concurrent Mark
[2024-12-04T16:40:43.004+0700][2,153s][info   ][gc,marking  ] GC(41) Concurrent Mark From Roots
[2024-12-04T16:40:43.004+0700][2,153s][info   ][gc,task     ] GC(41) Using 2 workers of 2 for marking
[2024-12-04T16:40:43.009+0700][2,158s][info   ][gc,marking  ] GC(41) Concurrent Mark From Roots 5,244ms
[2024-12-04T16:40:43.009+0700][2,158s][info   ][gc,marking  ] GC(41) Concurrent Preclean
[2024-12-04T16:40:43.009+0700][2,158s][info   ][gc,marking  ] GC(41) Concurrent Preclean 0,120ms
[2024-12-04T16:40:43.010+0700][2,159s][info   ][gc,start    ] GC(41) Pause Remark
[2024-12-04T16:40:43.012+0700][2,161s][info   ][gc          ] GC(41) Pause Remark 371M->371M(821M) 2,176ms
[2024-12-04T16:40:43.012+0700][2,161s][info   ][gc,cpu      ] GC(41) User=0,00s Sys=0,00s Real=0,00s
[2024-12-04T16:40:43.013+0700][2,161s][info   ][gc,marking  ] GC(41) Concurrent Mark 8,708ms
[2024-12-04T16:40:43.013+0700][2,161s][info   ][gc,marking  ] GC(41) Concurrent Rebuild Remembered Sets
[2024-12-04T16:40:43.015+0700][2,164s][info   ][gc,marking  ] GC(41) Concurrent Rebuild Remembered Sets 2,431ms
[2024-12-04T16:40:43.015+0700][2,164s][info   ][gc,start    ] GC(41) Pause Cleanup
[2024-12-04T16:40:43.015+0700][2,164s][info   ][gc          ] GC(41) Pause Cleanup 371M->371M(821M) 0,257ms
[2024-12-04T16:40:43.015+0700][2,164s][info   ][gc,cpu      ] GC(41) User=0,01s Sys=0,00s Real=0,00s
[2024-12-04T16:40:43.015+0700][2,164s][info   ][gc,marking  ] GC(41) Concurrent Cleanup for Next Mark
[2024-12-04T16:40:43.020+0700][2,169s][info   ][gc,marking  ] GC(41) Concurrent Cleanup for Next Mark 4,293ms
[2024-12-04T16:40:43.020+0700][2,169s][info   ][gc          ] GC(41) Concurrent Mark Cycle 16,745ms
[2024-12-04T16:40:43.023+0700][2,172s][info   ][gc,start    ] GC(42) Pause Young (Concurrent Start) (G1 Humongous Allocation)
[2024-12-04T16:40:43.023+0700][2,172s][info   ][gc,task     ] GC(42) Using 8 workers of 8 for evacuation
[2024-12-04T16:40:43.025+0700][2,174s][info   ][gc,phases   ] GC(42)   Pre Evacuate Collection Set: 0,2ms
[2024-12-04T16:40:43.025+0700][2,174s][info   ][gc,phases   ] GC(42)   Merge Heap Roots: 0,1ms
[2024-12-04T16:40:43.025+0700][2,174s][info   ][gc,phases   ] GC(42)   Evacuate Collection Set: 0,8ms
[2024-12-04T16:40:43.025+0700][2,174s][info   ][gc,phases   ] GC(42)   Post Evacuate Collection Set: 0,3ms
[2024-12-04T16:40:43.025+0700][2,174s][info   ][gc,phases   ] GC(42)   Other: 0,2ms
[2024-12-04T16:40:43.025+0700][2,174s][info   ][gc,heap     ] GC(42) Eden regions: 1->0(356)
[2024-12-04T16:40:43.025+0700][2,174s][info   ][gc,heap     ] GC(42) Survivor regions: 1->1(45)
[2024-12-04T16:40:43.025+0700][2,174s][info   ][gc,heap     ] GC(42) Old regions: 2->2
[2024-12-04T16:40:43.025+0700][2,174s][info   ][gc,heap     ] GC(42) Archive regions: 2->2
[2024-12-04T16:40:43.025+0700][2,174s][info   ][gc,heap     ] GC(42) Humongous regions: 369->369
[2024-12-04T16:40:43.025+0700][2,174s][info   ][gc,metaspace] GC(42) Metaspace: 5711K(5888K)->5711K(5888K) NonClass: 5051K(5120K)->5051K(5120K) Class: 660K(768K)->660K(768K)
[2024-12-04T16:40:43.025+0700][2,174s][info   ][gc          ] GC(42) Pause Young (Concurrent Start) (G1 Humongous Allocation) 372M->372M(821M) 1,842ms
[2024-12-04T16:40:43.025+0700][2,174s][info   ][gc,cpu      ] GC(42) User=0,01s Sys=0,00s Real=0,00s
[2024-12-04T16:40:43.025+0700][2,174s][info   ][gc          ] GC(43) Concurrent Mark Cycle
[2024-12-04T16:40:43.025+0700][2,174s][info   ][gc,marking  ] GC(43) Concurrent Clear Claimed Marks
[2024-12-04T16:40:43.025+0700][2,174s][info   ][gc,marking  ] GC(43) Concurrent Clear Claimed Marks 0,023ms
[2024-12-04T16:40:43.025+0700][2,174s][info   ][gc,marking  ] GC(43) Concurrent Scan Root Regions
[2024-12-04T16:40:43.026+0700][2,175s][info   ][gc,marking  ] GC(43) Concurrent Scan Root Regions 0,693ms
[2024-12-04T16:40:43.026+0700][2,175s][info   ][gc,marking  ] GC(43) Concurrent Mark
[2024-12-04T16:40:43.026+0700][2,175s][info   ][gc,marking  ] GC(43) Concurrent Mark From Roots
[2024-12-04T16:40:43.026+0700][2,175s][info   ][gc,task     ] GC(43) Using 2 workers of 2 for marking
[2024-12-04T16:40:43.031+0700][2,180s][info   ][gc,marking  ] GC(43) Concurrent Mark From Roots 4,733ms
[2024-12-04T16:40:43.031+0700][2,180s][info   ][gc,marking  ] GC(43) Concurrent Preclean
[2024-12-04T16:40:43.031+0700][2,180s][info   ][gc,marking  ] GC(43) Concurrent Preclean 0,081ms
[2024-12-04T16:40:43.031+0700][2,180s][info   ][gc,start    ] GC(43) Pause Remark
[2024-12-04T16:40:43.032+0700][2,181s][info   ][gc          ] GC(43) Pause Remark 374M->374M(821M) 0,907ms
[2024-12-04T16:40:43.032+0700][2,181s][info   ][gc,cpu      ] GC(43) User=0,00s Sys=0,00s Real=0,00s
[2024-12-04T16:40:43.032+0700][2,181s][info   ][gc,marking  ] GC(43) Concurrent Mark 5,917ms
[2024-12-04T16:40:43.032+0700][2,181s][info   ][gc,marking  ] GC(43) Concurrent Rebuild Remembered Sets
[2024-12-04T16:40:43.034+0700][2,183s][info   ][gc,marking  ] GC(43) Concurrent Rebuild Remembered Sets 2,059ms
[2024-12-04T16:40:43.034+0700][2,183s][info   ][gc,start    ] GC(43) Pause Cleanup
[2024-12-04T16:40:43.034+0700][2,183s][info   ][gc          ] GC(43) Pause Cleanup 374M->374M(821M) 0,092ms
[2024-12-04T16:40:43.034+0700][2,183s][info   ][gc,cpu      ] GC(43) User=0,00s Sys=0,00s Real=0,00s
[2024-12-04T16:40:43.034+0700][2,183s][info   ][gc,marking  ] GC(43) Concurrent Cleanup for Next Mark
[2024-12-04T16:40:43.035+0700][2,184s][info   ][gc,marking  ] GC(43) Concurrent Cleanup for Next Mark 1,268ms
[2024-12-04T16:40:43.036+0700][2,184s][info   ][gc          ] GC(43) Concurrent Mark Cycle 10,349ms
[2024-12-04T16:40:43.036+0700][2,185s][info   ][gc,start    ] GC(44) Pause Young (Concurrent Start) (G1 Humongous Allocation)
[2024-12-04T16:40:43.036+0700][2,185s][info   ][gc,task     ] GC(44) Using 8 workers of 8 for evacuation
[2024-12-04T16:40:43.037+0700][2,186s][info   ][gc,phases   ] GC(44)   Pre Evacuate Collection Set: 0,1ms
[2024-12-04T16:40:43.038+0700][2,186s][info   ][gc,phases   ] GC(44)   Merge Heap Roots: 0,1ms
[2024-12-04T16:40:43.038+0700][2,186s][info   ][gc,phases   ] GC(44)   Evacuate Collection Set: 1,1ms
[2024-12-04T16:40:43.038+0700][2,186s][info   ][gc,phases   ] GC(44)   Post Evacuate Collection Set: 0,2ms
[2024-12-04T16:40:43.038+0700][2,186s][info   ][gc,phases   ] GC(44)   Other: 0,2ms
[2024-12-04T16:40:43.038+0700][2,186s][info   ][gc,heap     ] GC(44) Eden regions: 1->0(356)
[2024-12-04T16:40:43.038+0700][2,186s][info   ][gc,heap     ] GC(44) Survivor regions: 1->1(45)
[2024-12-04T16:40:43.038+0700][2,187s][info   ][gc,heap     ] GC(44) Old regions: 2->2
[2024-12-04T16:40:43.038+0700][2,187s][info   ][gc,heap     ] GC(44) Archive regions: 2->2
[2024-12-04T16:40:43.038+0700][2,187s][info   ][gc,heap     ] GC(44) Humongous regions: 371->371
[2024-12-04T16:40:43.038+0700][2,187s][info   ][gc,metaspace] GC(44) Metaspace: 5712K(5888K)->5712K(5888K) NonClass: 5051K(5120K)->5051K(5120K) Class: 660K(768K)->660K(768K)
[2024-12-04T16:40:43.038+0700][2,187s][info   ][gc          ] GC(44) Pause Young (Concurrent Start) (G1 Humongous Allocation) 374M->374M(821M) 1,839ms
[2024-12-04T16:40:43.038+0700][2,187s][info   ][gc,cpu      ] GC(44) User=0,01s Sys=0,00s Real=0,00s
[2024-12-04T16:40:43.038+0700][2,187s][info   ][gc          ] GC(45) Concurrent Mark Cycle
[2024-12-04T16:40:43.038+0700][2,187s][info   ][gc,marking  ] GC(45) Concurrent Clear Claimed Marks
[2024-12-04T16:40:43.038+0700][2,187s][info   ][gc,marking  ] GC(45) Concurrent Clear Claimed Marks 0,019ms
[2024-12-04T16:40:43.038+0700][2,187s][info   ][gc,marking  ] GC(45) Concurrent Scan Root Regions
[2024-12-04T16:40:43.038+0700][2,187s][info   ][gc,marking  ] GC(45) Concurrent Scan Root Regions 0,589ms
[2024-12-04T16:40:43.038+0700][2,187s][info   ][gc,marking  ] GC(45) Concurrent Mark
[2024-12-04T16:40:43.038+0700][2,187s][info   ][gc,marking  ] GC(45) Concurrent Mark From Roots
[2024-12-04T16:40:43.038+0700][2,187s][info   ][gc,task     ] GC(45) Using 2 workers of 2 for marking
[2024-12-04T16:40:43.042+0700][2,190s][info   ][gc,marking  ] GC(45) Concurrent Mark From Roots 3,100ms
[2024-12-04T16:40:43.042+0700][2,190s][info   ][gc,marking  ] GC(45) Concurrent Preclean
[2024-12-04T16:40:43.042+0700][2,191s][info   ][gc,marking  ] GC(45) Concurrent Preclean 0,051ms
[2024-12-04T16:40:43.042+0700][2,191s][info   ][gc,start    ] GC(45) Pause Remark
[2024-12-04T16:40:43.042+0700][2,191s][info   ][gc          ] GC(45) Pause Remark 375M->375M(821M) 0,730ms
[2024-12-04T16:40:43.042+0700][2,191s][info   ][gc,cpu      ] GC(45) User=0,01s Sys=0,00s Real=0,00s
[2024-12-04T16:40:43.042+0700][2,191s][info   ][gc,marking  ] GC(45) Concurrent Mark 4,014ms
[2024-12-04T16:40:43.042+0700][2,191s][info   ][gc,marking  ] GC(45) Concurrent Rebuild Remembered Sets
[2024-12-04T16:40:43.044+0700][2,192s][info   ][gc,marking  ] GC(45) Concurrent Rebuild Remembered Sets 1,063ms
[2024-12-04T16:40:43.044+0700][2,192s][info   ][gc,start    ] GC(45) Pause Cleanup
[2024-12-04T16:40:43.044+0700][2,193s][info   ][gc          ] GC(45) Pause Cleanup 376M->376M(821M) 0,099ms
[2024-12-04T16:40:43.044+0700][2,193s][info   ][gc,cpu      ] GC(45) User=0,00s Sys=0,00s Real=0,00s
[2024-12-04T16:40:43.044+0700][2,193s][info   ][gc,marking  ] GC(45) Concurrent Cleanup for Next Mark
[2024-12-04T16:40:43.045+0700][2,194s][info   ][gc,marking  ] GC(45) Concurrent Cleanup for Next Mark 1,269ms
[2024-12-04T16:40:43.045+0700][2,194s][info   ][gc          ] GC(45) Concurrent Mark Cycle 7,274ms
[2024-12-04T16:40:43.049+0700][2,198s][info   ][gc,start    ] GC(46) Pause Young (Concurrent Start) (G1 Humongous Allocation)
[2024-12-04T16:40:43.049+0700][2,198s][info   ][gc,task     ] GC(46) Using 8 workers of 8 for evacuation
[2024-12-04T16:40:43.050+0700][2,199s][info   ][gc,phases   ] GC(46)   Pre Evacuate Collection Set: 0,1ms
[2024-12-04T16:40:43.050+0700][2,199s][info   ][gc,phases   ] GC(46)   Merge Heap Roots: 0,0ms
[2024-12-04T16:40:43.050+0700][2,199s][info   ][gc,phases   ] GC(46)   Evacuate Collection Set: 0,6ms
[2024-12-04T16:40:43.050+0700][2,199s][info   ][gc,phases   ] GC(46)   Post Evacuate Collection Set: 0,2ms
[2024-12-04T16:40:43.050+0700][2,199s][info   ][gc,phases   ] GC(46)   Other: 0,1ms
[2024-12-04T16:40:43.050+0700][2,199s][info   ][gc,heap     ] GC(46) Eden regions: 1->0(355)
[2024-12-04T16:40:43.050+0700][2,199s][info   ][gc,heap     ] GC(46) Survivor regions: 1->1(45)
[2024-12-04T16:40:43.050+0700][2,199s][info   ][gc,heap     ] GC(46) Old regions: 2->2
[2024-12-04T16:40:43.050+0700][2,199s][info   ][gc,heap     ] GC(46) Archive regions: 2->2
[2024-12-04T16:40:43.050+0700][2,199s][info   ][gc,heap     ] GC(46) Humongous regions: 373->373
[2024-12-04T16:40:43.050+0700][2,199s][info   ][gc,metaspace] GC(46) Metaspace: 5712K(5888K)->5712K(5888K) NonClass: 5051K(5120K)->5051K(5120K) Class: 660K(768K)->660K(768K)
[2024-12-04T16:40:43.050+0700][2,199s][info   ][gc          ] GC(46) Pause Young (Concurrent Start) (G1 Humongous Allocation) 376M->376M(821M) 1,152ms
[2024-12-04T16:40:43.050+0700][2,199s][info   ][gc,cpu      ] GC(46) User=0,00s Sys=0,00s Real=0,00s
[2024-12-04T16:40:43.050+0700][2,199s][info   ][gc          ] GC(47) Concurrent Mark Cycle
[2024-12-04T16:40:43.050+0700][2,199s][info   ][gc,marking  ] GC(47) Concurrent Clear Claimed Marks
[2024-12-04T16:40:43.050+0700][2,199s][info   ][gc,marking  ] GC(47) Concurrent Clear Claimed Marks 0,015ms
[2024-12-04T16:40:43.050+0700][2,199s][info   ][gc,marking  ] GC(47) Concurrent Scan Root Regions
[2024-12-04T16:40:43.050+0700][2,199s][info   ][gc,marking  ] GC(47) Concurrent Scan Root Regions 0,362ms
[2024-12-04T16:40:43.050+0700][2,199s][info   ][gc,marking  ] GC(47) Concurrent Mark
[2024-12-04T16:40:43.050+0700][2,199s][info   ][gc,marking  ] GC(47) Concurrent Mark From Roots
[2024-12-04T16:40:43.050+0700][2,199s][info   ][gc,task     ] GC(47) Using 2 workers of 2 for marking
[2024-12-04T16:40:43.053+0700][2,202s][info   ][gc,marking  ] GC(47) Concurrent Mark From Roots 3,161ms
[2024-12-04T16:40:43.053+0700][2,202s][info   ][gc,marking  ] GC(47) Concurrent Preclean
[2024-12-04T16:40:43.054+0700][2,202s][info   ][gc,marking  ] GC(47) Concurrent Preclean 0,069ms
[2024-12-04T16:40:43.054+0700][2,202s][info   ][gc,start    ] GC(47) Pause Remark
[2024-12-04T16:40:43.055+0700][2,203s][info   ][gc          ] GC(47) Pause Remark 377M->377M(821M) 0,989ms
[2024-12-04T16:40:43.055+0700][2,204s][info   ][gc,cpu      ] GC(47) User=0,01s Sys=0,00s Real=0,00s
[2024-12-04T16:40:43.055+0700][2,204s][info   ][gc,marking  ] GC(47) Concurrent Mark 4,414ms
[2024-12-04T16:40:43.055+0700][2,204s][info   ][gc,marking  ] GC(47) Concurrent Rebuild Remembered Sets
[2024-12-04T16:40:43.056+0700][2,205s][info   ][gc,marking  ] GC(47) Concurrent Rebuild Remembered Sets 1,359ms
[2024-12-04T16:40:43.056+0700][2,205s][info   ][gc,start    ] GC(47) Pause Cleanup
[2024-12-04T16:40:43.056+0700][2,205s][info   ][gc          ] GC(47) Pause Cleanup 378M->378M(821M) 0,186ms
[2024-12-04T16:40:43.056+0700][2,205s][info   ][gc,cpu      ] GC(47) User=0,00s Sys=0,00s Real=0,00s
[2024-12-04T16:40:43.057+0700][2,205s][info   ][gc,marking  ] GC(47) Concurrent Cleanup for Next Mark
[2024-12-04T16:40:43.058+0700][2,207s][info   ][gc,marking  ] GC(47) Concurrent Cleanup for Next Mark 1,542ms
[2024-12-04T16:40:43.058+0700][2,207s][info   ][gc          ] GC(47) Concurrent Mark Cycle 8,280ms
[2024-12-04T16:40:43.062+0700][2,211s][info   ][gc,start    ] GC(48) Pause Young (Concurrent Start) (G1 Humongous Allocation)
[2024-12-04T16:40:43.062+0700][2,211s][info   ][gc,task     ] GC(48) Using 8 workers of 8 for evacuation
[2024-12-04T16:40:43.063+0700][2,212s][info   ][gc,phases   ] GC(48)   Pre Evacuate Collection Set: 0,1ms
[2024-12-04T16:40:43.063+0700][2,212s][info   ][gc,phases   ] GC(48)   Merge Heap Roots: 0,0ms
[2024-12-04T16:40:43.063+0700][2,212s][info   ][gc,phases   ] GC(48)   Evacuate Collection Set: 0,5ms
[2024-12-04T16:40:43.063+0700][2,212s][info   ][gc,phases   ] GC(48)   Post Evacuate Collection Set: 0,2ms
[2024-12-04T16:40:43.063+0700][2,212s][info   ][gc,phases   ] GC(48)   Other: 0,1ms
[2024-12-04T16:40:43.063+0700][2,212s][info   ][gc,heap     ] GC(48) Eden regions: 1->0(354)
[2024-12-04T16:40:43.063+0700][2,212s][info   ][gc,heap     ] GC(48) Survivor regions: 1->1(45)
[2024-12-04T16:40:43.063+0700][2,212s][info   ][gc,heap     ] GC(48) Old regions: 2->2
[2024-12-04T16:40:43.063+0700][2,212s][info   ][gc,heap     ] GC(48) Archive regions: 2->2
[2024-12-04T16:40:43.063+0700][2,212s][info   ][gc,heap     ] GC(48) Humongous regions: 375->375
[2024-12-04T16:40:43.063+0700][2,212s][info   ][gc,metaspace] GC(48) Metaspace: 5713K(5888K)->5713K(5888K) NonClass: 5053K(5120K)->5053K(5120K) Class: 660K(768K)->660K(768K)
[2024-12-04T16:40:43.063+0700][2,212s][info   ][gc          ] GC(48) Pause Young (Concurrent Start) (G1 Humongous Allocation) 378M->378M(821M) 1,170ms
[2024-12-04T16:40:43.063+0700][2,212s][info   ][gc,cpu      ] GC(48) User=0,00s Sys=0,00s Real=0,01s
[2024-12-04T16:40:43.063+0700][2,212s][info   ][gc          ] GC(49) Concurrent Mark Cycle
[2024-12-04T16:40:43.063+0700][2,212s][info   ][gc,marking  ] GC(49) Concurrent Clear Claimed Marks
[2024-12-04T16:40:43.063+0700][2,212s][info   ][gc,marking  ] GC(49) Concurrent Clear Claimed Marks 0,022ms
[2024-12-04T16:40:43.063+0700][2,212s][info   ][gc,marking  ] GC(49) Concurrent Scan Root Regions
[2024-12-04T16:40:43.064+0700][2,213s][info   ][gc,marking  ] GC(49) Concurrent Scan Root Regions 0,450ms
[2024-12-04T16:40:43.064+0700][2,213s][info   ][gc,marking  ] GC(49) Concurrent Mark
[2024-12-04T16:40:43.064+0700][2,213s][info   ][gc,marking  ] GC(49) Concurrent Mark From Roots
[2024-12-04T16:40:43.064+0700][2,213s][info   ][gc,task     ] GC(49) Using 2 workers of 2 for marking
[2024-12-04T16:40:43.068+0700][2,217s][info   ][gc,marking  ] GC(49) Concurrent Mark From Roots 4,576ms
[2024-12-04T16:40:43.068+0700][2,217s][info   ][gc,marking  ] GC(49) Concurrent Preclean
[2024-12-04T16:40:43.068+0700][2,217s][info   ][gc,marking  ] GC(49) Concurrent Preclean 0,120ms
[2024-12-04T16:40:43.069+0700][2,217s][info   ][gc,start    ] GC(49) Pause Remark
[2024-12-04T16:40:43.069+0700][2,218s][info   ][gc          ] GC(49) Pause Remark 379M->379M(821M) 0,915ms
[2024-12-04T16:40:43.070+0700][2,218s][info   ][gc,cpu      ] GC(49) User=0,00s Sys=0,00s Real=0,00s
[2024-12-04T16:40:43.070+0700][2,218s][info   ][gc,marking  ] GC(49) Concurrent Mark 5,865ms
[2024-12-04T16:40:43.070+0700][2,218s][info   ][gc,marking  ] GC(49) Concurrent Rebuild Remembered Sets
[2024-12-04T16:40:43.072+0700][2,221s][info   ][gc,marking  ] GC(49) Concurrent Rebuild Remembered Sets 2,368ms
[2024-12-04T16:40:43.072+0700][2,221s][info   ][gc,start    ] GC(49) Pause Cleanup
[2024-12-04T16:40:43.072+0700][2,221s][info   ][gc          ] GC(49) Pause Cleanup 380M->380M(821M) 0,185ms
[2024-12-04T16:40:43.072+0700][2,221s][info   ][gc,cpu      ] GC(49) User=0,00s Sys=0,00s Real=0,00s
[2024-12-04T16:40:43.072+0700][2,221s][info   ][gc,marking  ] GC(49) Concurrent Cleanup for Next Mark
[2024-12-04T16:40:43.074+0700][2,223s][info   ][gc,marking  ] GC(49) Concurrent Cleanup for Next Mark 1,712ms
[2024-12-04T16:40:43.074+0700][2,223s][info   ][gc          ] GC(49) Concurrent Mark Cycle 10,895ms
[2024-12-04T16:40:43.076+0700][2,225s][info   ][gc,start    ] GC(50) Pause Young (Concurrent Start) (G1 Humongous Allocation)
[2024-12-04T16:40:43.076+0700][2,225s][info   ][gc,task     ] GC(50) Using 8 workers of 8 for evacuation
[2024-12-04T16:40:43.077+0700][2,226s][info   ][gc,phases   ] GC(50)   Pre Evacuate Collection Set: 0,1ms
[2024-12-04T16:40:43.077+0700][2,226s][info   ][gc,phases   ] GC(50)   Merge Heap Roots: 0,1ms
[2024-12-04T16:40:43.077+0700][2,226s][info   ][gc,phases   ] GC(50)   Evacuate Collection Set: 0,5ms
[2024-12-04T16:40:43.077+0700][2,226s][info   ][gc,phases   ] GC(50)   Post Evacuate Collection Set: 0,2ms
[2024-12-04T16:40:43.077+0700][2,226s][info   ][gc,phases   ] GC(50)   Other: 0,2ms
[2024-12-04T16:40:43.077+0700][2,226s][info   ][gc,heap     ] GC(50) Eden regions: 1->0(352)
[2024-12-04T16:40:43.077+0700][2,226s][info   ][gc,heap     ] GC(50) Survivor regions: 1->1(45)
[2024-12-04T16:40:43.077+0700][2,226s][info   ][gc,heap     ] GC(50) Old regions: 2->2
[2024-12-04T16:40:43.077+0700][2,226s][info   ][gc,heap     ] GC(50) Archive regions: 2->2
[2024-12-04T16:40:43.077+0700][2,226s][info   ][gc,heap     ] GC(50) Humongous regions: 377->377
[2024-12-04T16:40:43.077+0700][2,226s][info   ][gc,metaspace] GC(50) Metaspace: 5713K(5888K)->5713K(5888K) NonClass: 5053K(5120K)->5053K(5120K) Class: 660K(768K)->660K(768K)
[2024-12-04T16:40:43.077+0700][2,226s][info   ][gc          ] GC(50) Pause Young (Concurrent Start) (G1 Humongous Allocation) 380M->380M(821M) 1,234ms
[2024-12-04T16:40:43.077+0700][2,226s][info   ][gc,cpu      ] GC(50) User=0,00s Sys=0,00s Real=0,00s
[2024-12-04T16:40:43.077+0700][2,226s][info   ][gc          ] GC(51) Concurrent Mark Cycle
[2024-12-04T16:40:43.077+0700][2,226s][info   ][gc,marking  ] GC(51) Concurrent Clear Claimed Marks
[2024-12-04T16:40:43.077+0700][2,226s][info   ][gc,marking  ] GC(51) Concurrent Clear Claimed Marks 0,014ms
[2024-12-04T16:40:43.077+0700][2,226s][info   ][gc,marking  ] GC(51) Concurrent Scan Root Regions
[2024-12-04T16:40:43.077+0700][2,226s][info   ][gc,marking  ] GC(51) Concurrent Scan Root Regions 0,415ms
[2024-12-04T16:40:43.077+0700][2,226s][info   ][gc,marking  ] GC(51) Concurrent Mark
[2024-12-04T16:40:43.077+0700][2,226s][info   ][gc,marking  ] GC(51) Concurrent Mark From Roots
[2024-12-04T16:40:43.077+0700][2,226s][info   ][gc,task     ] GC(51) Using 2 workers of 2 for marking
[2024-12-04T16:40:43.081+0700][2,230s][info   ][gc,marking  ] GC(51) Concurrent Mark From Roots 3,530ms
[2024-12-04T16:40:43.081+0700][2,230s][info   ][gc,marking  ] GC(51) Concurrent Preclean
[2024-12-04T16:40:43.081+0700][2,230s][info   ][gc,marking  ] GC(51) Concurrent Preclean 0,074ms
[2024-12-04T16:40:43.081+0700][2,230s][info   ][gc,start    ] GC(51) Pause Remark
[2024-12-04T16:40:43.082+0700][2,231s][info   ][gc          ] GC(51) Pause Remark 381M->381M(821M) 0,726ms
[2024-12-04T16:40:43.082+0700][2,231s][info   ][gc,cpu      ] GC(51) User=0,00s Sys=0,00s Real=0,00s
[2024-12-04T16:40:43.082+0700][2,231s][info   ][gc,marking  ] GC(51) Concurrent Mark 4,504ms
[2024-12-04T16:40:43.082+0700][2,231s][info   ][gc,marking  ] GC(51) Concurrent Rebuild Remembered Sets
[2024-12-04T16:40:43.082+0700][2,231s][info   ][gc,marking  ] GC(51) Concurrent Rebuild Remembered Sets 0,007ms
[2024-12-04T16:40:43.082+0700][2,231s][info   ][gc,start    ] GC(51) Pause Cleanup
[2024-12-04T16:40:43.082+0700][2,231s][info   ][gc          ] GC(51) Pause Cleanup 381M->381M(821M) 0,017ms
[2024-12-04T16:40:43.082+0700][2,231s][info   ][gc,cpu      ] GC(51) User=0,00s Sys=0,00s Real=0,00s
[2024-12-04T16:40:43.082+0700][2,231s][info   ][gc,marking  ] GC(51) Concurrent Cleanup for Next Mark
[2024-12-04T16:40:43.084+0700][2,233s][info   ][gc,marking  ] GC(51) Concurrent Cleanup for Next Mark 1,715ms
[2024-12-04T16:40:43.084+0700][2,233s][info   ][gc          ] GC(51) Concurrent Mark Cycle 6,887ms
[2024-12-04T16:40:43.089+0700][2,238s][info   ][gc,start    ] GC(52) Pause Young (Concurrent Start) (G1 Humongous Allocation)
[2024-12-04T16:40:43.089+0700][2,238s][info   ][gc,task     ] GC(52) Using 8 workers of 8 for evacuation
[2024-12-04T16:40:43.090+0700][2,239s][info   ][gc,phases   ] GC(52)   Pre Evacuate Collection Set: 0,1ms
[2024-12-04T16:40:43.090+0700][2,239s][info   ][gc,phases   ] GC(52)   Merge Heap Roots: 0,0ms
[2024-12-04T16:40:43.090+0700][2,239s][info   ][gc,phases   ] GC(52)   Evacuate Collection Set: 0,5ms
[2024-12-04T16:40:43.090+0700][2,239s][info   ][gc,phases   ] GC(52)   Post Evacuate Collection Set: 0,1ms
[2024-12-04T16:40:43.090+0700][2,239s][info   ][gc,phases   ] GC(52)   Other: 0,1ms
[2024-12-04T16:40:43.090+0700][2,239s][info   ][gc,heap     ] GC(52) Eden regions: 1->0(351)
[2024-12-04T16:40:43.090+0700][2,239s][info   ][gc,heap     ] GC(52) Survivor regions: 1->1(45)
[2024-12-04T16:40:43.090+0700][2,239s][info   ][gc,heap     ] GC(52) Old regions: 2->2
[2024-12-04T16:40:43.090+0700][2,239s][info   ][gc,heap     ] GC(52) Archive regions: 2->2
[2024-12-04T16:40:43.090+0700][2,239s][info   ][gc,heap     ] GC(52) Humongous regions: 379->379
[2024-12-04T16:40:43.090+0700][2,239s][info   ][gc,metaspace] GC(52) Metaspace: 5713K(5888K)->5713K(5888K) NonClass: 5053K(5120K)->5053K(5120K) Class: 660K(768K)->660K(768K)
[2024-12-04T16:40:43.090+0700][2,239s][info   ][gc          ] GC(52) Pause Young (Concurrent Start) (G1 Humongous Allocation) 382M->382M(821M) 0,956ms
[2024-12-04T16:40:43.090+0700][2,239s][info   ][gc,cpu      ] GC(52) User=0,00s Sys=0,00s Real=0,00s
[2024-12-04T16:40:43.090+0700][2,239s][info   ][gc          ] GC(53) Concurrent Mark Cycle
[2024-12-04T16:40:43.090+0700][2,239s][info   ][gc,marking  ] GC(53) Concurrent Clear Claimed Marks
[2024-12-04T16:40:43.090+0700][2,239s][info   ][gc,marking  ] GC(53) Concurrent Clear Claimed Marks 0,011ms
[2024-12-04T16:40:43.090+0700][2,239s][info   ][gc,marking  ] GC(53) Concurrent Scan Root Regions
[2024-12-04T16:40:43.091+0700][2,239s][info   ][gc,marking  ] GC(53) Concurrent Scan Root Regions 0,290ms
[2024-12-04T16:40:43.091+0700][2,239s][info   ][gc,marking  ] GC(53) Concurrent Mark
[2024-12-04T16:40:43.091+0700][2,240s][info   ][gc,marking  ] GC(53) Concurrent Mark From Roots
[2024-12-04T16:40:43.091+0700][2,240s][info   ][gc,task     ] GC(53) Using 2 workers of 2 for marking
[2024-12-04T16:40:43.093+0700][2,242s][info   ][gc,marking  ] GC(53) Concurrent Mark From Roots 2,106ms
[2024-12-04T16:40:43.093+0700][2,242s][info   ][gc,marking  ] GC(53) Concurrent Preclean
[2024-12-04T16:40:43.093+0700][2,242s][info   ][gc,marking  ] GC(53) Concurrent Preclean 0,050ms
[2024-12-04T16:40:43.093+0700][2,242s][info   ][gc,start    ] GC(53) Pause Remark
[2024-12-04T16:40:43.093+0700][2,242s][info   ][gc          ] GC(53) Pause Remark 383M->383M(821M) 0,518ms
[2024-12-04T16:40:43.093+0700][2,242s][info   ][gc,cpu      ] GC(53) User=0,00s Sys=0,00s Real=0,01s
[2024-12-04T16:40:43.093+0700][2,242s][info   ][gc,marking  ] GC(53) Concurrent Mark 2,788ms
[2024-12-04T16:40:43.093+0700][2,242s][info   ][gc,marking  ] GC(53) Concurrent Rebuild Remembered Sets
[2024-12-04T16:40:43.093+0700][2,242s][info   ][gc,marking  ] GC(53) Concurrent Rebuild Remembered Sets 0,006ms
[2024-12-04T16:40:43.093+0700][2,242s][info   ][gc,start    ] GC(53) Pause Cleanup
[2024-12-04T16:40:43.093+0700][2,242s][info   ][gc          ] GC(53) Pause Cleanup 383M->383M(821M) 0,006ms
[2024-12-04T16:40:43.093+0700][2,242s][info   ][gc,cpu      ] GC(53) User=0,00s Sys=0,00s Real=0,00s
[2024-12-04T16:40:43.093+0700][2,242s][info   ][gc,marking  ] GC(53) Concurrent Cleanup for Next Mark
[2024-12-04T16:40:43.095+0700][2,243s][info   ][gc,marking  ] GC(53) Concurrent Cleanup for Next Mark 1,160ms
[2024-12-04T16:40:43.095+0700][2,244s][info   ][gc          ] GC(53) Concurrent Mark Cycle 4,382ms
[2024-12-04T16:40:43.096+0700][2,245s][info   ][gc,start    ] GC(54) Pause Young (Concurrent Start) (G1 Humongous Allocation)
[2024-12-04T16:40:43.096+0700][2,245s][info   ][gc,task     ] GC(54) Using 8 workers of 8 for evacuation
[2024-12-04T16:40:43.097+0700][2,246s][info   ][gc,phases   ] GC(54)   Pre Evacuate Collection Set: 0,1ms
[2024-12-04T16:40:43.097+0700][2,246s][info   ][gc,phases   ] GC(54)   Merge Heap Roots: 0,0ms
[2024-12-04T16:40:43.097+0700][2,246s][info   ][gc,phases   ] GC(54)   Evacuate Collection Set: 0,3ms
[2024-12-04T16:40:43.097+0700][2,246s][info   ][gc,phases   ] GC(54)   Post Evacuate Collection Set: 0,1ms
[2024-12-04T16:40:43.097+0700][2,246s][info   ][gc,phases   ] GC(54)   Other: 0,1ms
[2024-12-04T16:40:43.097+0700][2,246s][info   ][gc,heap     ] GC(54) Eden regions: 1->0(349)
[2024-12-04T16:40:43.097+0700][2,246s][info   ][gc,heap     ] GC(54) Survivor regions: 1->1(44)
[2024-12-04T16:40:43.097+0700][2,246s][info   ][gc,heap     ] GC(54) Old regions: 2->3
[2024-12-04T16:40:43.097+0700][2,246s][info   ][gc,heap     ] GC(54) Archive regions: 2->2
[2024-12-04T16:40:43.097+0700][2,246s][info   ][gc,heap     ] GC(54) Humongous regions: 380->380
[2024-12-04T16:40:43.097+0700][2,246s][info   ][gc,metaspace] GC(54) Metaspace: 5713K(5888K)->5713K(5888K) NonClass: 5053K(5120K)->5053K(5120K) Class: 660K(768K)->660K(768K)
[2024-12-04T16:40:43.097+0700][2,246s][info   ][gc          ] GC(54) Pause Young (Concurrent Start) (G1 Humongous Allocation) 383M->383M(821M) 0,787ms
[2024-12-04T16:40:43.097+0700][2,246s][info   ][gc,cpu      ] GC(54) User=0,01s Sys=0,00s Real=0,00s
[2024-12-04T16:40:43.097+0700][2,246s][info   ][gc          ] GC(55) Concurrent Mark Cycle
[2024-12-04T16:40:43.097+0700][2,246s][info   ][gc,marking  ] GC(55) Concurrent Clear Claimed Marks
[2024-12-04T16:40:43.097+0700][2,246s][info   ][gc,marking  ] GC(55) Concurrent Clear Claimed Marks 0,022ms
[2024-12-04T16:40:43.097+0700][2,246s][info   ][gc,marking  ] GC(55) Concurrent Scan Root Regions
[2024-12-04T16:40:43.097+0700][2,246s][info   ][gc,marking  ] GC(55) Concurrent Scan Root Regions 0,254ms
[2024-12-04T16:40:43.097+0700][2,246s][info   ][gc,marking  ] GC(55) Concurrent Mark
[2024-12-04T16:40:43.097+0700][2,246s][info   ][gc,marking  ] GC(55) Concurrent Mark From Roots
[2024-12-04T16:40:43.097+0700][2,246s][info   ][gc,task     ] GC(55) Using 2 workers of 2 for marking
[2024-12-04T16:40:43.100+0700][2,249s][info   ][gc,marking  ] GC(55) Concurrent Mark From Roots 2,694ms
[2024-12-04T16:40:43.100+0700][2,249s][info   ][gc,marking  ] GC(55) Concurrent Preclean
[2024-12-04T16:40:43.100+0700][2,249s][info   ][gc,marking  ] GC(55) Concurrent Preclean 0,041ms
[2024-12-04T16:40:43.100+0700][2,249s][info   ][gc,start    ] GC(55) Pause Remark
[2024-12-04T16:40:43.100+0700][2,249s][info   ][gc          ] GC(55) Pause Remark 384M->384M(821M) 0,480ms
[2024-12-04T16:40:43.100+0700][2,249s][info   ][gc,cpu      ] GC(55) User=0,01s Sys=0,00s Real=0,00s
[2024-12-04T16:40:43.100+0700][2,249s][info   ][gc,marking  ] GC(55) Concurrent Mark 3,343ms
[2024-12-04T16:40:43.100+0700][2,249s][info   ][gc,marking  ] GC(55) Concurrent Rebuild Remembered Sets
[2024-12-04T16:40:43.102+0700][2,250s][info   ][gc,marking  ] GC(55) Concurrent Rebuild Remembered Sets 1,139ms
[2024-12-04T16:40:43.102+0700][2,251s][info   ][gc,start    ] GC(55) Pause Cleanup
[2024-12-04T16:40:43.102+0700][2,251s][info   ][gc          ] GC(55) Pause Cleanup 384M->384M(821M) 0,095ms
[2024-12-04T16:40:43.102+0700][2,251s][info   ][gc,cpu      ] GC(55) User=0,00s Sys=0,00s Real=0,00s
[2024-12-04T16:40:43.102+0700][2,251s][info   ][gc,marking  ] GC(55) Concurrent Cleanup for Next Mark
[2024-12-04T16:40:43.103+0700][2,252s][info   ][gc,marking  ] GC(55) Concurrent Cleanup for Next Mark 1,220ms
[2024-12-04T16:40:43.103+0700][2,252s][info   ][gc          ] GC(55) Concurrent Mark Cycle 6,272ms
[2024-12-04T16:40:43.109+0700][2,258s][info   ][gc,start    ] GC(56) Pause Young (Concurrent Start) (G1 Humongous Allocation)
[2024-12-04T16:40:43.109+0700][2,258s][info   ][gc,task     ] GC(56) Using 8 workers of 8 for evacuation
[2024-12-04T16:40:43.109+0700][2,258s][info   ][gc,phases   ] GC(56)   Pre Evacuate Collection Set: 0,1ms
[2024-12-04T16:40:43.109+0700][2,258s][info   ][gc,phases   ] GC(56)   Merge Heap Roots: 0,0ms
[2024-12-04T16:40:43.109+0700][2,258s][info   ][gc,phases   ] GC(56)   Evacuate Collection Set: 0,3ms
[2024-12-04T16:40:43.109+0700][2,258s][info   ][gc,phases   ] GC(56)   Post Evacuate Collection Set: 0,1ms
[2024-12-04T16:40:43.109+0700][2,258s][info   ][gc,phases   ] GC(56)   Other: 0,1ms
[2024-12-04T16:40:43.109+0700][2,258s][info   ][gc,heap     ] GC(56) Eden regions: 1->0(348)
[2024-12-04T16:40:43.109+0700][2,258s][info   ][gc,heap     ] GC(56) Survivor regions: 1->1(44)
[2024-12-04T16:40:43.109+0700][2,258s][info   ][gc,heap     ] GC(56) Old regions: 3->3
[2024-12-04T16:40:43.109+0700][2,258s][info   ][gc,heap     ] GC(56) Archive regions: 2->2
[2024-12-04T16:40:43.109+0700][2,258s][info   ][gc,heap     ] GC(56) Humongous regions: 382->382
[2024-12-04T16:40:43.109+0700][2,258s][info   ][gc,metaspace] GC(56) Metaspace: 5727K(5888K)->5727K(5888K) NonClass: 5066K(5120K)->5066K(5120K) Class: 660K(768K)->660K(768K)
[2024-12-04T16:40:43.109+0700][2,258s][info   ][gc          ] GC(56) Pause Young (Concurrent Start) (G1 Humongous Allocation) 385M->385M(821M) 0,759ms
[2024-12-04T16:40:43.109+0700][2,258s][info   ][gc,cpu      ] GC(56) User=0,00s Sys=0,00s Real=0,00s
[2024-12-04T16:40:43.109+0700][2,258s][info   ][gc          ] GC(57) Concurrent Mark Cycle
[2024-12-04T16:40:43.109+0700][2,258s][info   ][gc,marking  ] GC(57) Concurrent Clear Claimed Marks
[2024-12-04T16:40:43.110+0700][2,258s][info   ][gc,marking  ] GC(57) Concurrent Clear Claimed Marks 0,011ms
[2024-12-04T16:40:43.110+0700][2,258s][info   ][gc,marking  ] GC(57) Concurrent Scan Root Regions
[2024-12-04T16:40:43.110+0700][2,259s][info   ][gc,marking  ] GC(57) Concurrent Scan Root Regions 0,124ms
[2024-12-04T16:40:43.110+0700][2,259s][info   ][gc,marking  ] GC(57) Concurrent Mark
[2024-12-04T16:40:43.110+0700][2,259s][info   ][gc,marking  ] GC(57) Concurrent Mark From Roots
[2024-12-04T16:40:43.110+0700][2,259s][info   ][gc,task     ] GC(57) Using 2 workers of 2 for marking
[2024-12-04T16:40:43.113+0700][2,262s][info   ][gc,marking  ] GC(57) Concurrent Mark From Roots 3,151ms
[2024-12-04T16:40:43.113+0700][2,262s][info   ][gc,marking  ] GC(57) Concurrent Preclean
[2024-12-04T16:40:43.113+0700][2,262s][info   ][gc,marking  ] GC(57) Concurrent Preclean 0,056ms
[2024-12-04T16:40:43.113+0700][2,262s][info   ][gc,start    ] GC(57) Pause Remark
[2024-12-04T16:40:43.113+0700][2,262s][info   ][gc          ] GC(57) Pause Remark 386M->386M(821M) 0,486ms
[2024-12-04T16:40:43.113+0700][2,262s][info   ][gc,cpu      ] GC(57) User=0,01s Sys=0,00s Real=0,01s
[2024-12-04T16:40:43.113+0700][2,262s][info   ][gc,marking  ] GC(57) Concurrent Mark 3,817ms
[2024-12-04T16:40:43.113+0700][2,262s][info   ][gc,marking  ] GC(57) Concurrent Rebuild Remembered Sets
[2024-12-04T16:40:43.114+0700][2,263s][info   ][gc,marking  ] GC(57) Concurrent Rebuild Remembered Sets 0,967ms
[2024-12-04T16:40:43.114+0700][2,263s][info   ][gc,start    ] GC(57) Pause Cleanup
[2024-12-04T16:40:43.115+0700][2,263s][info   ][gc          ] GC(57) Pause Cleanup 386M->386M(821M) 0,062ms
[2024-12-04T16:40:43.115+0700][2,263s][info   ][gc,cpu      ] GC(57) User=0,00s Sys=0,00s Real=0,00s
[2024-12-04T16:40:43.115+0700][2,263s][info   ][gc,marking  ] GC(57) Concurrent Cleanup for Next Mark
[2024-12-04T16:40:43.116+0700][2,265s][info   ][gc,marking  ] GC(57) Concurrent Cleanup for Next Mark 1,227ms
[2024-12-04T16:40:43.116+0700][2,265s][info   ][gc          ] GC(57) Concurrent Mark Cycle 6,358ms
[2024-12-04T16:40:43.116+0700][2,265s][info   ][gc,start    ] GC(58) Pause Young (Concurrent Start) (G1 Humongous Allocation)
[2024-12-04T16:40:43.116+0700][2,265s][info   ][gc,task     ] GC(58) Using 8 workers of 8 for evacuation
[2024-12-04T16:40:43.117+0700][2,266s][info   ][gc,phases   ] GC(58)   Pre Evacuate Collection Set: 0,1ms
[2024-12-04T16:40:43.117+0700][2,266s][info   ][gc,phases   ] GC(58)   Merge Heap Roots: 0,0ms
[2024-12-04T16:40:43.117+0700][2,266s][info   ][gc,phases   ] GC(58)   Evacuate Collection Set: 0,2ms
[2024-12-04T16:40:43.117+0700][2,266s][info   ][gc,phases   ] GC(58)   Post Evacuate Collection Set: 1,0ms
[2024-12-04T16:40:43.117+0700][2,266s][info   ][gc,phases   ] GC(58)   Other: 0,1ms
[2024-12-04T16:40:43.117+0700][2,266s][info   ][gc,heap     ] GC(58) Eden regions: 1->0(486)
[2024-12-04T16:40:43.117+0700][2,266s][info   ][gc,heap     ] GC(58) Survivor regions: 1->1(44)
[2024-12-04T16:40:43.117+0700][2,266s][info   ][gc,heap     ] GC(58) Old regions: 3->3
[2024-12-04T16:40:43.117+0700][2,266s][info   ][gc,heap     ] GC(58) Archive regions: 2->2
[2024-12-04T16:40:43.117+0700][2,266s][info   ][gc,heap     ] GC(58) Humongous regions: 383->383
[2024-12-04T16:40:43.117+0700][2,266s][info   ][gc,metaspace] GC(58) Metaspace: 5734K(5888K)->5734K(5888K) NonClass: 5073K(5120K)->5073K(5120K) Class: 660K(768K)->660K(768K)
[2024-12-04T16:40:43.117+0700][2,266s][info   ][gc          ] GC(58) Pause Young (Concurrent Start) (G1 Humongous Allocation) 386M->386M(975M) 1,485ms
[2024-12-04T16:40:43.117+0700][2,266s][info   ][gc,cpu      ] GC(58) User=0,00s Sys=0,00s Real=0,00s
[2024-12-04T16:40:43.117+0700][2,266s][info   ][gc          ] GC(59) Concurrent Undo Cycle
[2024-12-04T16:40:43.118+0700][2,266s][info   ][gc,marking  ] GC(59) Concurrent Cleanup for Next Mark
[2024-12-04T16:40:43.119+0700][2,268s][info   ][gc,marking  ] GC(59) Concurrent Cleanup for Next Mark 1,752ms
[2024-12-04T16:40:43.119+0700][2,268s][info   ][gc          ] GC(59) Concurrent Undo Cycle 1,772ms
[2024-12-04T16:40:43.404+0700][2,553s][info   ][gc,start    ] GC(60) Pause Young (Concurrent Start) (G1 Humongous Allocation)
[2024-12-04T16:40:43.404+0700][2,553s][info   ][gc,task     ] GC(60) Using 8 workers of 8 for evacuation
[2024-12-04T16:40:43.405+0700][2,554s][info   ][gc,phases   ] GC(60)   Pre Evacuate Collection Set: 0,2ms
[2024-12-04T16:40:43.406+0700][2,554s][info   ][gc,phases   ] GC(60)   Merge Heap Roots: 0,1ms
[2024-12-04T16:40:43.406+0700][2,554s][info   ][gc,phases   ] GC(60)   Evacuate Collection Set: 0,5ms
[2024-12-04T16:40:43.406+0700][2,554s][info   ][gc,phases   ] GC(60)   Post Evacuate Collection Set: 0,2ms
[2024-12-04T16:40:43.406+0700][2,554s][info   ][gc,phases   ] GC(60)   Other: 0,2ms
[2024-12-04T16:40:43.406+0700][2,554s][info   ][gc,heap     ] GC(60) Eden regions: 2->0(436)
[2024-12-04T16:40:43.406+0700][2,555s][info   ][gc,heap     ] GC(60) Survivor regions: 1->1(61)
[2024-12-04T16:40:43.406+0700][2,555s][info   ][gc,heap     ] GC(60) Old regions: 3->3
[2024-12-04T16:40:43.406+0700][2,555s][info   ][gc,heap     ] GC(60) Archive regions: 2->2
[2024-12-04T16:40:43.406+0700][2,555s][info   ][gc,heap     ] GC(60) Humongous regions: 433->433
[2024-12-04T16:40:43.406+0700][2,555s][info   ][gc,metaspace] GC(60) Metaspace: 5761K(6016K)->5761K(6016K) NonClass: 5100K(5248K)->5100K(5248K) Class: 660K(768K)->660K(768K)
[2024-12-04T16:40:43.406+0700][2,555s][info   ][gc          ] GC(60) Pause Young (Concurrent Start) (G1 Humongous Allocation) 438M->436M(975M) 1,553ms
[2024-12-04T16:40:43.406+0700][2,555s][info   ][gc,cpu      ] GC(60) User=0,00s Sys=0,01s Real=0,00s
[2024-12-04T16:40:43.406+0700][2,555s][info   ][gc          ] GC(61) Concurrent Undo Cycle
[2024-12-04T16:40:43.406+0700][2,555s][info   ][gc,marking  ] GC(61) Concurrent Cleanup for Next Mark
[2024-12-04T16:40:43.408+0700][2,557s][info   ][gc,marking  ] GC(61) Concurrent Cleanup for Next Mark 2,215ms
[2024-12-04T16:40:43.408+0700][2,557s][info   ][gc          ] GC(61) Concurrent Undo Cycle 2,361ms
[2024-12-04T16:40:43.412+0700][2,561s][info   ][gc,start    ] GC(62) Pause Young (Concurrent Start) (G1 Humongous Allocation)
[2024-12-04T16:40:43.412+0700][2,561s][info   ][gc,task     ] GC(62) Using 8 workers of 8 for evacuation
[2024-12-04T16:40:43.413+0700][2,562s][info   ][gc,phases   ] GC(62)   Pre Evacuate Collection Set: 0,2ms
[2024-12-04T16:40:43.414+0700][2,562s][info   ][gc,phases   ] GC(62)   Merge Heap Roots: 0,1ms
[2024-12-04T16:40:43.414+0700][2,562s][info   ][gc,phases   ] GC(62)   Evacuate Collection Set: 0,5ms
[2024-12-04T16:40:43.414+0700][2,562s][info   ][gc,phases   ] GC(62)   Post Evacuate Collection Set: 0,3ms
[2024-12-04T16:40:43.414+0700][2,562s][info   ][gc,phases   ] GC(62)   Other: 0,3ms
[2024-12-04T16:40:43.414+0700][2,562s][info   ][gc,heap     ] GC(62) Eden regions: 1->0(435)
[2024-12-04T16:40:43.414+0700][2,563s][info   ][gc,heap     ] GC(62) Survivor regions: 1->1(55)
[2024-12-04T16:40:43.414+0700][2,563s][info   ][gc,heap     ] GC(62) Old regions: 3->3
[2024-12-04T16:40:43.414+0700][2,563s][info   ][gc,heap     ] GC(62) Archive regions: 2->2
[2024-12-04T16:40:43.414+0700][2,563s][info   ][gc,heap     ] GC(62) Humongous regions: 434->434
[2024-12-04T16:40:43.414+0700][2,563s][info   ][gc,metaspace] GC(62) Metaspace: 5761K(6016K)->5761K(6016K) NonClass: 5100K(5248K)->5100K(5248K) Class: 660K(768K)->660K(768K)
[2024-12-04T16:40:43.414+0700][2,563s][info   ][gc          ] GC(62) Pause Young (Concurrent Start) (G1 Humongous Allocation) 437M->437M(975M) 1,677ms
[2024-12-04T16:40:43.414+0700][2,563s][info   ][gc,cpu      ] GC(62) User=0,00s Sys=0,00s Real=0,01s
[2024-12-04T16:40:43.414+0700][2,563s][info   ][gc          ] GC(63) Concurrent Mark Cycle
[2024-12-04T16:40:43.414+0700][2,563s][info   ][gc,marking  ] GC(63) Concurrent Clear Claimed Marks
[2024-12-04T16:40:43.414+0700][2,563s][info   ][gc,marking  ] GC(63) Concurrent Clear Claimed Marks 0,027ms
[2024-12-04T16:40:43.414+0700][2,563s][info   ][gc,marking  ] GC(63) Concurrent Scan Root Regions
[2024-12-04T16:40:43.414+0700][2,563s][info   ][gc,marking  ] GC(63) Concurrent Scan Root Regions 0,223ms
[2024-12-04T16:40:43.414+0700][2,563s][info   ][gc,marking  ] GC(63) Concurrent Mark
[2024-12-04T16:40:43.414+0700][2,563s][info   ][gc,marking  ] GC(63) Concurrent Mark From Roots
[2024-12-04T16:40:43.414+0700][2,563s][info   ][gc,task     ] GC(63) Using 2 workers of 2 for marking
[2024-12-04T16:40:43.422+0700][2,570s][info   ][gc,marking  ] GC(63) Concurrent Mark From Roots 7,311ms
[2024-12-04T16:40:43.422+0700][2,570s][info   ][gc,marking  ] GC(63) Concurrent Preclean
[2024-12-04T16:40:43.422+0700][2,571s][info   ][gc,marking  ] GC(63) Concurrent Preclean 0,141ms
[2024-12-04T16:40:43.422+0700][2,571s][info   ][gc,start    ] GC(63) Pause Remark
[2024-12-04T16:40:43.423+0700][2,572s][info   ][gc          ] GC(63) Pause Remark 439M->439M(975M) 1,351ms
[2024-12-04T16:40:43.423+0700][2,572s][info   ][gc,cpu      ] GC(63) User=0,01s Sys=0,00s Real=0,01s
[2024-12-04T16:40:43.423+0700][2,572s][info   ][gc,marking  ] GC(63) Concurrent Mark 9,145ms
[2024-12-04T16:40:43.423+0700][2,572s][info   ][gc,marking  ] GC(63) Concurrent Rebuild Remembered Sets
[2024-12-04T16:40:43.426+0700][2,575s][info   ][gc,marking  ] GC(63) Concurrent Rebuild Remembered Sets 2,673ms
[2024-12-04T16:40:43.426+0700][2,575s][info   ][gc,start    ] GC(63) Pause Cleanup
[2024-12-04T16:40:43.426+0700][2,575s][info   ][gc          ] GC(63) Pause Cleanup 439M->439M(975M) 0,214ms
[2024-12-04T16:40:43.426+0700][2,575s][info   ][gc,cpu      ] GC(63) User=0,00s Sys=0,00s Real=0,00s
[2024-12-04T16:40:43.426+0700][2,575s][info   ][gc,marking  ] GC(63) Concurrent Cleanup for Next Mark
[2024-12-04T16:40:43.429+0700][2,578s][info   ][gc,marking  ] GC(63) Concurrent Cleanup for Next Mark 3,078ms
[2024-12-04T16:40:43.430+0700][2,578s][info   ][gc          ] GC(63) Concurrent Mark Cycle 15,685ms
[2024-12-04T16:40:43.433+0700][2,582s][info   ][gc,start    ] GC(64) Pause Young (Concurrent Start) (G1 Humongous Allocation)
[2024-12-04T16:40:43.433+0700][2,582s][info   ][gc,task     ] GC(64) Using 8 workers of 8 for evacuation
[2024-12-04T16:40:43.434+0700][2,583s][info   ][gc,phases   ] GC(64)   Pre Evacuate Collection Set: 0,2ms
[2024-12-04T16:40:43.435+0700][2,583s][info   ][gc,phases   ] GC(64)   Merge Heap Roots: 0,1ms
[2024-12-04T16:40:43.435+0700][2,583s][info   ][gc,phases   ] GC(64)   Evacuate Collection Set: 0,9ms
[2024-12-04T16:40:43.435+0700][2,583s][info   ][gc,phases   ] GC(64)   Post Evacuate Collection Set: 0,3ms
[2024-12-04T16:40:43.435+0700][2,583s][info   ][gc,phases   ] GC(64)   Other: 0,3ms
[2024-12-04T16:40:43.435+0700][2,584s][info   ][gc,heap     ] GC(64) Eden regions: 1->0(432)
[2024-12-04T16:40:43.435+0700][2,584s][info   ][gc,heap     ] GC(64) Survivor regions: 1->1(55)
[2024-12-04T16:40:43.435+0700][2,584s][info   ][gc,heap     ] GC(64) Old regions: 3->3
[2024-12-04T16:40:43.435+0700][2,584s][info   ][gc,heap     ] GC(64) Archive regions: 2->2
[2024-12-04T16:40:43.435+0700][2,584s][info   ][gc,heap     ] GC(64) Humongous regions: 437->437
[2024-12-04T16:40:43.435+0700][2,584s][info   ][gc,metaspace] GC(64) Metaspace: 5761K(6016K)->5761K(6016K) NonClass: 5100K(5248K)->5100K(5248K) Class: 660K(768K)->660K(768K)
[2024-12-04T16:40:43.435+0700][2,584s][info   ][gc          ] GC(64) Pause Young (Concurrent Start) (G1 Humongous Allocation) 440M->440M(975M) 2,080ms
[2024-12-04T16:40:43.435+0700][2,584s][info   ][gc,cpu      ] GC(64) User=0,00s Sys=0,00s Real=0,01s
[2024-12-04T16:40:43.435+0700][2,584s][info   ][gc          ] GC(65) Concurrent Mark Cycle
[2024-12-04T16:40:43.435+0700][2,584s][info   ][gc,marking  ] GC(65) Concurrent Clear Claimed Marks
[2024-12-04T16:40:43.435+0700][2,584s][info   ][gc,marking  ] GC(65) Concurrent Clear Claimed Marks 0,032ms
[2024-12-04T16:40:43.435+0700][2,584s][info   ][gc,marking  ] GC(65) Concurrent Scan Root Regions
[2024-12-04T16:40:43.435+0700][2,584s][info   ][gc,marking  ] GC(65) Concurrent Scan Root Regions 0,266ms
[2024-12-04T16:40:43.435+0700][2,584s][info   ][gc,marking  ] GC(65) Concurrent Mark
[2024-12-04T16:40:43.435+0700][2,584s][info   ][gc,marking  ] GC(65) Concurrent Mark From Roots
[2024-12-04T16:40:43.435+0700][2,584s][info   ][gc,task     ] GC(65) Using 2 workers of 2 for marking
[2024-12-04T16:40:43.443+0700][2,592s][info   ][gc,marking  ] GC(65) Concurrent Mark From Roots 8,051ms
[2024-12-04T16:40:43.443+0700][2,592s][info   ][gc,marking  ] GC(65) Concurrent Preclean
[2024-12-04T16:40:43.444+0700][2,592s][info   ][gc,marking  ] GC(65) Concurrent Preclean 0,143ms
[2024-12-04T16:40:43.444+0700][2,592s][info   ][gc,start    ] GC(65) Pause Remark
[2024-12-04T16:40:43.445+0700][2,594s][info   ][gc          ] GC(65) Pause Remark 442M->442M(975M) 1,225ms
[2024-12-04T16:40:43.445+0700][2,594s][info   ][gc,cpu      ] GC(65) User=0,01s Sys=0,00s Real=0,00s
[2024-12-04T16:40:43.445+0700][2,594s][info   ][gc,marking  ] GC(65) Concurrent Mark 9,705ms
[2024-12-04T16:40:43.445+0700][2,594s][info   ][gc,marking  ] GC(65) Concurrent Rebuild Remembered Sets
[2024-12-04T16:40:43.448+0700][2,597s][info   ][gc,marking  ] GC(65) Concurrent Rebuild Remembered Sets 3,082ms
[2024-12-04T16:40:43.448+0700][2,597s][info   ][gc,start    ] GC(65) Pause Cleanup
[2024-12-04T16:40:43.448+0700][2,597s][info   ][gc          ] GC(65) Pause Cleanup 442M->442M(975M) 0,286ms
[2024-12-04T16:40:43.449+0700][2,597s][info   ][gc,cpu      ] GC(65) User=0,00s Sys=0,00s Real=0,00s
[2024-12-04T16:40:43.449+0700][2,597s][info   ][gc,marking  ] GC(65) Concurrent Cleanup for Next Mark
[2024-12-04T16:40:43.452+0700][2,601s][info   ][gc,marking  ] GC(65) Concurrent Cleanup for Next Mark 3,593ms
[2024-12-04T16:40:43.452+0700][2,601s][info   ][gc          ] GC(65) Concurrent Mark Cycle 17,356ms
[2024-12-04T16:40:43.458+0700][2,606s][info   ][gc,start    ] GC(66) Pause Young (Concurrent Start) (G1 Humongous Allocation)
[2024-12-04T16:40:43.458+0700][2,607s][info   ][gc,task     ] GC(66) Using 8 workers of 8 for evacuation
[2024-12-04T16:40:43.461+0700][2,609s][info   ][gc,phases   ] GC(66)   Pre Evacuate Collection Set: 0,3ms
[2024-12-04T16:40:43.461+0700][2,610s][info   ][gc,phases   ] GC(66)   Merge Heap Roots: 0,1ms
[2024-12-04T16:40:43.461+0700][2,610s][info   ][gc,phases   ] GC(66)   Evacuate Collection Set: 1,8ms
[2024-12-04T16:40:43.461+0700][2,610s][info   ][gc,phases   ] GC(66)   Post Evacuate Collection Set: 0,4ms
[2024-12-04T16:40:43.461+0700][2,610s][info   ][gc,phases   ] GC(66)   Other: 0,4ms
[2024-12-04T16:40:43.461+0700][2,610s][info   ][gc,heap     ] GC(66) Eden regions: 1->0(430)
[2024-12-04T16:40:43.461+0700][2,610s][info   ][gc,heap     ] GC(66) Survivor regions: 1->1(55)
[2024-12-04T16:40:43.461+0700][2,610s][info   ][gc,heap     ] GC(66) Old regions: 3->3
[2024-12-04T16:40:43.461+0700][2,610s][info   ][gc,heap     ] GC(66) Archive regions: 2->2
[2024-12-04T16:40:43.461+0700][2,610s][info   ][gc,heap     ] GC(66) Humongous regions: 440->440
[2024-12-04T16:40:43.461+0700][2,610s][info   ][gc,metaspace] GC(66) Metaspace: 5761K(6016K)->5761K(6016K) NonClass: 5100K(5248K)->5100K(5248K) Class: 660K(768K)->660K(768K)
[2024-12-04T16:40:43.461+0700][2,610s][info   ][gc          ] GC(66) Pause Young (Concurrent Start) (G1 Humongous Allocation) 443M->443M(975M) 3,438ms
[2024-12-04T16:40:43.461+0700][2,610s][info   ][gc,cpu      ] GC(66) User=0,01s Sys=0,01s Real=0,00s
[2024-12-04T16:40:43.461+0700][2,610s][info   ][gc          ] GC(67) Concurrent Mark Cycle
[2024-12-04T16:40:43.461+0700][2,610s][info   ][gc,marking  ] GC(67) Concurrent Clear Claimed Marks
[2024-12-04T16:40:43.461+0700][2,610s][info   ][gc,marking  ] GC(67) Concurrent Clear Claimed Marks 0,063ms
[2024-12-04T16:40:43.461+0700][2,610s][info   ][gc,marking  ] GC(67) Concurrent Scan Root Regions
[2024-12-04T16:40:43.461+0700][2,610s][info   ][gc,marking  ] GC(67) Concurrent Scan Root Regions 0,210ms
[2024-12-04T16:40:43.461+0700][2,610s][info   ][gc,marking  ] GC(67) Concurrent Mark
[2024-12-04T16:40:43.461+0700][2,610s][info   ][gc,marking  ] GC(67) Concurrent Mark From Roots
[2024-12-04T16:40:43.461+0700][2,610s][info   ][gc,task     ] GC(67) Using 2 workers of 2 for marking
[2024-12-04T16:40:43.468+0700][2,617s][info   ][gc,marking  ] GC(67) Concurrent Mark From Roots 6,860ms
[2024-12-04T16:40:43.468+0700][2,617s][info   ][gc,marking  ] GC(67) Concurrent Preclean
[2024-12-04T16:40:43.469+0700][2,617s][info   ][gc,marking  ] GC(67) Concurrent Preclean 0,104ms
[2024-12-04T16:40:43.469+0700][2,617s][info   ][gc,start    ] GC(67) Pause Remark
[2024-12-04T16:40:43.470+0700][2,618s][info   ][gc          ] GC(67) Pause Remark 444M->444M(975M) 1,014ms
[2024-12-04T16:40:43.470+0700][2,618s][info   ][gc,cpu      ] GC(67) User=0,00s Sys=0,00s Real=0,00s
[2024-12-04T16:40:43.470+0700][2,619s][info   ][gc,marking  ] GC(67) Concurrent Mark 8,209ms
[2024-12-04T16:40:43.470+0700][2,619s][info   ][gc,marking  ] GC(67) Concurrent Rebuild Remembered Sets
[2024-12-04T16:40:43.472+0700][2,621s][info   ][gc,marking  ] GC(67) Concurrent Rebuild Remembered Sets 2,801ms
[2024-12-04T16:40:43.473+0700][2,621s][info   ][gc,start    ] GC(67) Pause Cleanup
[2024-12-04T16:40:43.473+0700][2,622s][info   ][gc          ] GC(67) Pause Cleanup 445M->445M(975M) 0,230ms
[2024-12-04T16:40:43.473+0700][2,622s][info   ][gc,cpu      ] GC(67) User=0,00s Sys=0,00s Real=0,00s
[2024-12-04T16:40:43.473+0700][2,622s][info   ][gc,marking  ] GC(67) Concurrent Cleanup for Next Mark
[2024-12-04T16:40:43.475+0700][2,624s][info   ][gc,marking  ] GC(67) Concurrent Cleanup for Next Mark 1,812ms
[2024-12-04T16:40:43.475+0700][2,624s][info   ][gc          ] GC(67) Concurrent Mark Cycle 13,675ms
[2024-12-04T16:40:43.476+0700][2,625s][info   ][gc,start    ] GC(68) Pause Young (Concurrent Start) (G1 Humongous Allocation)
[2024-12-04T16:40:43.476+0700][2,625s][info   ][gc,task     ] GC(68) Using 8 workers of 8 for evacuation
[2024-12-04T16:40:43.477+0700][2,625s][info   ][gc,phases   ] GC(68)   Pre Evacuate Collection Set: 0,2ms
[2024-12-04T16:40:43.477+0700][2,625s][info   ][gc,phases   ] GC(68)   Merge Heap Roots: 0,1ms
[2024-12-04T16:40:43.477+0700][2,625s][info   ][gc,phases   ] GC(68)   Evacuate Collection Set: 0,3ms
[2024-12-04T16:40:43.477+0700][2,625s][info   ][gc,phases   ] GC(68)   Post Evacuate Collection Set: 0,1ms
[2024-12-04T16:40:43.477+0700][2,625s][info   ][gc,phases   ] GC(68)   Other: 0,1ms
[2024-12-04T16:40:43.477+0700][2,625s][info   ][gc,heap     ] GC(68) Eden regions: 1->0(428)
[2024-12-04T16:40:43.477+0700][2,625s][info   ][gc,heap     ] GC(68) Survivor regions: 1->1(54)
[2024-12-04T16:40:43.477+0700][2,625s][info   ][gc,heap     ] GC(68) Old regions: 3->3
[2024-12-04T16:40:43.477+0700][2,625s][info   ][gc,heap     ] GC(68) Archive regions: 2->2
[2024-12-04T16:40:43.477+0700][2,625s][info   ][gc,heap     ] GC(68) Humongous regions: 442->442
[2024-12-04T16:40:43.477+0700][2,625s][info   ][gc,metaspace] GC(68) Metaspace: 5761K(6016K)->5761K(6016K) NonClass: 5100K(5248K)->5100K(5248K) Class: 660K(768K)->660K(768K)
[2024-12-04T16:40:43.477+0700][2,625s][info   ][gc          ] GC(68) Pause Young (Concurrent Start) (G1 Humongous Allocation) 445M->445M(975M) 0,926ms
[2024-12-04T16:40:43.477+0700][2,625s][info   ][gc,cpu      ] GC(68) User=0,00s Sys=0,00s Real=0,00s
[2024-12-04T16:40:43.477+0700][2,626s][info   ][gc          ] GC(69) Concurrent Mark Cycle
[2024-12-04T16:40:43.477+0700][2,626s][info   ][gc,marking  ] GC(69) Concurrent Clear Claimed Marks
[2024-12-04T16:40:43.477+0700][2,626s][info   ][gc,marking  ] GC(69) Concurrent Clear Claimed Marks 0,017ms
[2024-12-04T16:40:43.477+0700][2,626s][info   ][gc,marking  ] GC(69) Concurrent Scan Root Regions
[2024-12-04T16:40:43.477+0700][2,626s][info   ][gc,marking  ] GC(69) Concurrent Scan Root Regions 0,119ms
[2024-12-04T16:40:43.477+0700][2,626s][info   ][gc,marking  ] GC(69) Concurrent Mark
[2024-12-04T16:40:43.477+0700][2,626s][info   ][gc,marking  ] GC(69) Concurrent Mark From Roots
[2024-12-04T16:40:43.477+0700][2,626s][info   ][gc,task     ] GC(69) Using 2 workers of 2 for marking
[2024-12-04T16:40:43.480+0700][2,629s][info   ][gc,marking  ] GC(69) Concurrent Mark From Roots 2,854ms
[2024-12-04T16:40:43.480+0700][2,629s][info   ][gc,marking  ] GC(69) Concurrent Preclean
[2024-12-04T16:40:43.480+0700][2,629s][info   ][gc,marking  ] GC(69) Concurrent Preclean 0,052ms
[2024-12-04T16:40:43.480+0700][2,629s][info   ][gc,start    ] GC(69) Pause Remark
[2024-12-04T16:40:43.481+0700][2,630s][info   ][gc          ] GC(69) Pause Remark 446M->446M(975M) 0,813ms
[2024-12-04T16:40:43.481+0700][2,630s][info   ][gc,cpu      ] GC(69) User=0,00s Sys=0,00s Real=0,00s
[2024-12-04T16:40:43.481+0700][2,630s][info   ][gc,marking  ] GC(69) Concurrent Mark 3,879ms
[2024-12-04T16:40:43.481+0700][2,630s][info   ][gc,marking  ] GC(69) Concurrent Rebuild Remembered Sets
[2024-12-04T16:40:43.482+0700][2,631s][info   ][gc,marking  ] GC(69) Concurrent Rebuild Remembered Sets 1,296ms
[2024-12-04T16:40:43.482+0700][2,631s][info   ][gc,start    ] GC(69) Pause Cleanup
[2024-12-04T16:40:43.482+0700][2,631s][info   ][gc          ] GC(69) Pause Cleanup 446M->446M(975M) 0,160ms
[2024-12-04T16:40:43.482+0700][2,631s][info   ][gc,cpu      ] GC(69) User=0,00s Sys=0,00s Real=0,00s
[2024-12-04T16:40:43.482+0700][2,631s][info   ][gc,marking  ] GC(69) Concurrent Cleanup for Next Mark
[2024-12-04T16:40:43.484+0700][2,633s][info   ][gc,marking  ] GC(69) Concurrent Cleanup for Next Mark 1,562ms
[2024-12-04T16:40:43.484+0700][2,633s][info   ][gc          ] GC(69) Concurrent Mark Cycle 7,248ms
[2024-12-04T16:40:43.489+0700][2,638s][info   ][gc,start    ] GC(70) Pause Young (Concurrent Start) (G1 Humongous Allocation)
[2024-12-04T16:40:43.489+0700][2,638s][info   ][gc,task     ] GC(70) Using 8 workers of 8 for evacuation
[2024-12-04T16:40:43.490+0700][2,639s][info   ][gc,phases   ] GC(70)   Pre Evacuate Collection Set: 0,2ms
[2024-12-04T16:40:43.490+0700][2,639s][info   ][gc,phases   ] GC(70)   Merge Heap Roots: 0,0ms
[2024-12-04T16:40:43.490+0700][2,639s][info   ][gc,phases   ] GC(70)   Evacuate Collection Set: 0,6ms
[2024-12-04T16:40:43.490+0700][2,639s][info   ][gc,phases   ] GC(70)   Post Evacuate Collection Set: 0,1ms
[2024-12-04T16:40:43.490+0700][2,639s][info   ][gc,phases   ] GC(70)   Other: 0,2ms
[2024-12-04T16:40:43.490+0700][2,639s][info   ][gc,heap     ] GC(70) Eden regions: 1->0(426)
[2024-12-04T16:40:43.490+0700][2,639s][info   ][gc,heap     ] GC(70) Survivor regions: 1->1(54)
[2024-12-04T16:40:43.490+0700][2,639s][info   ][gc,heap     ] GC(70) Old regions: 3->3
[2024-12-04T16:40:43.490+0700][2,639s][info   ][gc,heap     ] GC(70) Archive regions: 2->2
[2024-12-04T16:40:43.490+0700][2,639s][info   ][gc,heap     ] GC(70) Humongous regions: 444->444
[2024-12-04T16:40:43.490+0700][2,639s][info   ][gc,metaspace] GC(70) Metaspace: 5761K(6016K)->5761K(6016K) NonClass: 5100K(5248K)->5100K(5248K) Class: 660K(768K)->660K(768K)
[2024-12-04T16:40:43.490+0700][2,639s][info   ][gc          ] GC(70) Pause Young (Concurrent Start) (G1 Humongous Allocation) 447M->447M(975M) 1,174ms
[2024-12-04T16:40:43.490+0700][2,639s][info   ][gc,cpu      ] GC(70) User=0,00s Sys=0,00s Real=0,00s
[2024-12-04T16:40:43.490+0700][2,639s][info   ][gc          ] GC(71) Concurrent Mark Cycle
[2024-12-04T16:40:43.490+0700][2,639s][info   ][gc,marking  ] GC(71) Concurrent Clear Claimed Marks
[2024-12-04T16:40:43.490+0700][2,639s][info   ][gc,marking  ] GC(71) Concurrent Clear Claimed Marks 0,012ms
[2024-12-04T16:40:43.490+0700][2,639s][info   ][gc,marking  ] GC(71) Concurrent Scan Root Regions
[2024-12-04T16:40:43.490+0700][2,639s][info   ][gc,marking  ] GC(71) Concurrent Scan Root Regions 0,107ms
[2024-12-04T16:40:43.490+0700][2,639s][info   ][gc,marking  ] GC(71) Concurrent Mark
[2024-12-04T16:40:43.490+0700][2,639s][info   ][gc,marking  ] GC(71) Concurrent Mark From Roots
[2024-12-04T16:40:43.490+0700][2,639s][info   ][gc,task     ] GC(71) Using 2 workers of 2 for marking
[2024-12-04T16:40:43.493+0700][2,641s][info   ][gc,marking  ] GC(71) Concurrent Mark From Roots 2,529ms
[2024-12-04T16:40:43.493+0700][2,642s][info   ][gc,marking  ] GC(71) Concurrent Preclean
[2024-12-04T16:40:43.493+0700][2,642s][info   ][gc,marking  ] GC(71) Concurrent Preclean 0,054ms
[2024-12-04T16:40:43.493+0700][2,642s][info   ][gc,start    ] GC(71) Pause Remark
[2024-12-04T16:40:43.493+0700][2,642s][info   ][gc          ] GC(71) Pause Remark 448M->448M(975M) 0,682ms
[2024-12-04T16:40:43.493+0700][2,642s][info   ][gc,cpu      ] GC(71) User=0,00s Sys=0,00s Real=0,01s
[2024-12-04T16:40:43.493+0700][2,642s][info   ][gc,marking  ] GC(71) Concurrent Mark 3,426ms
[2024-12-04T16:40:43.493+0700][2,642s][info   ][gc,marking  ] GC(71) Concurrent Rebuild Remembered Sets
[2024-12-04T16:40:43.495+0700][2,644s][info   ][gc,marking  ] GC(71) Concurrent Rebuild Remembered Sets 1,536ms
[2024-12-04T16:40:43.495+0700][2,644s][info   ][gc,start    ] GC(71) Pause Cleanup
[2024-12-04T16:40:43.495+0700][2,644s][info   ][gc          ] GC(71) Pause Cleanup 448M->448M(975M) 0,077ms
[2024-12-04T16:40:43.495+0700][2,644s][info   ][gc,cpu      ] GC(71) User=0,00s Sys=0,00s Real=0,00s
[2024-12-04T16:40:43.495+0700][2,644s][info   ][gc,marking  ] GC(71) Concurrent Cleanup for Next Mark
[2024-12-04T16:40:43.497+0700][2,646s][info   ][gc,marking  ] GC(71) Concurrent Cleanup for Next Mark 1,592ms
[2024-12-04T16:40:43.497+0700][2,646s][info   ][gc          ] GC(71) Concurrent Mark Cycle 6,933ms
[2024-12-04T16:40:43.502+0700][2,650s][info   ][gc,start    ] GC(72) Pause Young (Concurrent Start) (G1 Humongous Allocation)
[2024-12-04T16:40:43.502+0700][2,650s][info   ][gc,task     ] GC(72) Using 8 workers of 8 for evacuation
[2024-12-04T16:40:43.502+0700][2,651s][info   ][gc,phases   ] GC(72)   Pre Evacuate Collection Set: 0,1ms
[2024-12-04T16:40:43.502+0700][2,651s][info   ][gc,phases   ] GC(72)   Merge Heap Roots: 0,0ms
[2024-12-04T16:40:43.502+0700][2,651s][info   ][gc,phases   ] GC(72)   Evacuate Collection Set: 0,5ms
[2024-12-04T16:40:43.502+0700][2,651s][info   ][gc,phases   ] GC(72)   Post Evacuate Collection Set: 0,2ms
[2024-12-04T16:40:43.502+0700][2,651s][info   ][gc,phases   ] GC(72)   Other: 0,1ms
[2024-12-04T16:40:43.503+0700][2,651s][info   ][gc,heap     ] GC(72) Eden regions: 1->0(424)
[2024-12-04T16:40:43.503+0700][2,651s][info   ][gc,heap     ] GC(72) Survivor regions: 1->1(54)
[2024-12-04T16:40:43.503+0700][2,651s][info   ][gc,heap     ] GC(72) Old regions: 3->3
[2024-12-04T16:40:43.503+0700][2,651s][info   ][gc,heap     ] GC(72) Archive regions: 2->2
[2024-12-04T16:40:43.503+0700][2,651s][info   ][gc,heap     ] GC(72) Humongous regions: 446->446
[2024-12-04T16:40:43.503+0700][2,651s][info   ][gc,metaspace] GC(72) Metaspace: 5761K(6016K)->5761K(6016K) NonClass: 5100K(5248K)->5100K(5248K) Class: 660K(768K)->660K(768K)
[2024-12-04T16:40:43.503+0700][2,652s][info   ][gc          ] GC(72) Pause Young (Concurrent Start) (G1 Humongous Allocation) 449M->449M(975M) 1,110ms
[2024-12-04T16:40:43.503+0700][2,652s][info   ][gc,cpu      ] GC(72) User=0,01s Sys=0,00s Real=0,00s
[2024-12-04T16:40:43.503+0700][2,652s][info   ][gc          ] GC(73) Concurrent Mark Cycle
[2024-12-04T16:40:43.503+0700][2,652s][info   ][gc,marking  ] GC(73) Concurrent Clear Claimed Marks
[2024-12-04T16:40:43.503+0700][2,652s][info   ][gc,marking  ] GC(73) Concurrent Clear Claimed Marks 0,023ms
[2024-12-04T16:40:43.503+0700][2,652s][info   ][gc,marking  ] GC(73) Concurrent Scan Root Regions
[2024-12-04T16:40:43.503+0700][2,652s][info   ][gc,marking  ] GC(73) Concurrent Scan Root Regions 0,136ms
[2024-12-04T16:40:43.503+0700][2,652s][info   ][gc,marking  ] GC(73) Concurrent Mark
[2024-12-04T16:40:43.503+0700][2,652s][info   ][gc,marking  ] GC(73) Concurrent Mark From Roots
[2024-12-04T16:40:43.503+0700][2,652s][info   ][gc,task     ] GC(73) Using 2 workers of 2 for marking
[2024-12-04T16:40:43.508+0700][2,657s][info   ][gc,marking  ] GC(73) Concurrent Mark From Roots 5,019ms
[2024-12-04T16:40:43.508+0700][2,657s][info   ][gc,marking  ] GC(73) Concurrent Preclean
[2024-12-04T16:40:43.508+0700][2,657s][info   ][gc,marking  ] GC(73) Concurrent Preclean 0,094ms
[2024-12-04T16:40:43.508+0700][2,657s][info   ][gc,start    ] GC(73) Pause Remark
[2024-12-04T16:40:43.509+0700][2,658s][info   ][gc          ] GC(73) Pause Remark 450M->450M(975M) 0,752ms
[2024-12-04T16:40:43.509+0700][2,658s][info   ][gc,cpu      ] GC(73) User=0,00s Sys=0,00s Real=0,00s
[2024-12-04T16:40:43.509+0700][2,658s][info   ][gc,marking  ] GC(73) Concurrent Mark 6,065ms
[2024-12-04T16:40:43.509+0700][2,658s][info   ][gc,marking  ] GC(73) Concurrent Rebuild Remembered Sets
[2024-12-04T16:40:43.511+0700][2,660s][info   ][gc,marking  ] GC(73) Concurrent Rebuild Remembered Sets 2,191ms
[2024-12-04T16:40:43.511+0700][2,660s][info   ][gc,start    ] GC(73) Pause Cleanup
[2024-12-04T16:40:43.511+0700][2,660s][info   ][gc          ] GC(73) Pause Cleanup 451M->451M(975M) 0,208ms
[2024-12-04T16:40:43.511+0700][2,660s][info   ][gc,cpu      ] GC(73) User=0,00s Sys=0,00s Real=0,00s
[2024-12-04T16:40:43.512+0700][2,660s][info   ][gc,marking  ] GC(73) Concurrent Cleanup for Next Mark
[2024-12-04T16:40:43.513+0700][2,662s][info   ][gc,marking  ] GC(73) Concurrent Cleanup for Next Mark 1,580ms
[2024-12-04T16:40:43.513+0700][2,662s][info   ][gc          ] GC(73) Concurrent Mark Cycle 10,473ms
[2024-12-04T16:40:43.515+0700][2,664s][info   ][gc,start    ] GC(74) Pause Young (Concurrent Start) (G1 Humongous Allocation)
[2024-12-04T16:40:43.515+0700][2,664s][info   ][gc,task     ] GC(74) Using 8 workers of 8 for evacuation
[2024-12-04T16:40:43.516+0700][2,664s][info   ][gc,phases   ] GC(74)   Pre Evacuate Collection Set: 0,1ms
[2024-12-04T16:40:43.516+0700][2,664s][info   ][gc,phases   ] GC(74)   Merge Heap Roots: 0,1ms
[2024-12-04T16:40:43.516+0700][2,664s][info   ][gc,phases   ] GC(74)   Evacuate Collection Set: 0,2ms
[2024-12-04T16:40:43.516+0700][2,664s][info   ][gc,phases   ] GC(74)   Post Evacuate Collection Set: 0,1ms
[2024-12-04T16:40:43.516+0700][2,664s][info   ][gc,phases   ] GC(74)   Other: 0,1ms
[2024-12-04T16:40:43.516+0700][2,664s][info   ][gc,heap     ] GC(74) Eden regions: 1->0(422)
[2024-12-04T16:40:43.516+0700][2,664s][info   ][gc,heap     ] GC(74) Survivor regions: 1->1(54)
[2024-12-04T16:40:43.516+0700][2,664s][info   ][gc,heap     ] GC(74) Old regions: 3->3
[2024-12-04T16:40:43.516+0700][2,665s][info   ][gc,heap     ] GC(74) Archive regions: 2->2
[2024-12-04T16:40:43.516+0700][2,665s][info   ][gc,heap     ] GC(74) Humongous regions: 448->448
[2024-12-04T16:40:43.516+0700][2,665s][info   ][gc,metaspace] GC(74) Metaspace: 5761K(6016K)->5761K(6016K) NonClass: 5100K(5248K)->5100K(5248K) Class: 660K(768K)->660K(768K)
[2024-12-04T16:40:43.516+0700][2,665s][info   ][gc          ] GC(74) Pause Young (Concurrent Start) (G1 Humongous Allocation) 451M->451M(975M) 0,650ms
[2024-12-04T16:40:43.516+0700][2,665s][info   ][gc,cpu      ] GC(74) User=0,01s Sys=0,00s Real=0,00s
[2024-12-04T16:40:43.516+0700][2,665s][info   ][gc          ] GC(75) Concurrent Mark Cycle
[2024-12-04T16:40:43.516+0700][2,665s][info   ][gc,marking  ] GC(75) Concurrent Clear Claimed Marks
[2024-12-04T16:40:43.516+0700][2,665s][info   ][gc,marking  ] GC(75) Concurrent Clear Claimed Marks 0,009ms
[2024-12-04T16:40:43.516+0700][2,665s][info   ][gc,marking  ] GC(75) Concurrent Scan Root Regions
[2024-12-04T16:40:43.516+0700][2,665s][info   ][gc,marking  ] GC(75) Concurrent Scan Root Regions 0,055ms
[2024-12-04T16:40:43.516+0700][2,665s][info   ][gc,marking  ] GC(75) Concurrent Mark
[2024-12-04T16:40:43.516+0700][2,665s][info   ][gc,marking  ] GC(75) Concurrent Mark From Roots
[2024-12-04T16:40:43.516+0700][2,665s][info   ][gc,task     ] GC(75) Using 2 workers of 2 for marking
[2024-12-04T16:40:43.518+0700][2,667s][info   ][gc,marking  ] GC(75) Concurrent Mark From Roots 2,341ms
[2024-12-04T16:40:43.518+0700][2,667s][info   ][gc,marking  ] GC(75) Concurrent Preclean
[2024-12-04T16:40:43.518+0700][2,667s][info   ][gc,marking  ] GC(75) Concurrent Preclean 0,087ms
[2024-12-04T16:40:43.518+0700][2,667s][info   ][gc,start    ] GC(75) Pause Remark
[2024-12-04T16:40:43.519+0700][2,668s][info   ][gc          ] GC(75) Pause Remark 452M->452M(975M) 0,649ms
[2024-12-04T16:40:43.519+0700][2,668s][info   ][gc,cpu      ] GC(75) User=0,00s Sys=0,00s Real=0,00s
[2024-12-04T16:40:43.519+0700][2,668s][info   ][gc,marking  ] GC(75) Concurrent Mark 3,194ms
[2024-12-04T16:40:43.519+0700][2,668s][info   ][gc,marking  ] GC(75) Concurrent Rebuild Remembered Sets
[2024-12-04T16:40:43.520+0700][2,669s][info   ][gc,marking  ] GC(75) Concurrent Rebuild Remembered Sets 1,415ms
[2024-12-04T16:40:43.520+0700][2,669s][info   ][gc,start    ] GC(75) Pause Cleanup
[2024-12-04T16:40:43.521+0700][2,669s][info   ][gc          ] GC(75) Pause Cleanup 452M->452M(975M) 0,115ms
[2024-12-04T16:40:43.521+0700][2,670s][info   ][gc,cpu      ] GC(75) User=0,00s Sys=0,00s Real=0,00s
[2024-12-04T16:40:43.521+0700][2,670s][info   ][gc,marking  ] GC(75) Concurrent Cleanup for Next Mark
[2024-12-04T16:40:43.522+0700][2,671s][info   ][gc,marking  ] GC(75) Concurrent Cleanup for Next Mark 1,510ms
[2024-12-04T16:40:43.522+0700][2,671s][info   ][gc          ] GC(75) Concurrent Mark Cycle 6,513ms
[2024-12-04T16:40:43.527+0700][2,676s][info   ][gc,start    ] GC(76) Pause Young (Concurrent Start) (G1 Humongous Allocation)
[2024-12-04T16:40:43.527+0700][2,676s][info   ][gc,task     ] GC(76) Using 8 workers of 8 for evacuation
[2024-12-04T16:40:43.528+0700][2,677s][info   ][gc,phases   ] GC(76)   Pre Evacuate Collection Set: 0,1ms
[2024-12-04T16:40:43.528+0700][2,677s][info   ][gc,phases   ] GC(76)   Merge Heap Roots: 0,1ms
[2024-12-04T16:40:43.528+0700][2,677s][info   ][gc,phases   ] GC(76)   Evacuate Collection Set: 0,3ms
[2024-12-04T16:40:43.528+0700][2,677s][info   ][gc,phases   ] GC(76)   Post Evacuate Collection Set: 0,1ms
[2024-12-04T16:40:43.528+0700][2,677s][info   ][gc,phases   ] GC(76)   Other: 0,1ms
[2024-12-04T16:40:43.528+0700][2,677s][info   ][gc,heap     ] GC(76) Eden regions: 1->0(420)
[2024-12-04T16:40:43.528+0700][2,677s][info   ][gc,heap     ] GC(76) Survivor regions: 1->1(53)
[2024-12-04T16:40:43.528+0700][2,677s][info   ][gc,heap     ] GC(76) Old regions: 3->3
[2024-12-04T16:40:43.528+0700][2,677s][info   ][gc,heap     ] GC(76) Archive regions: 2->2
[2024-12-04T16:40:43.528+0700][2,677s][info   ][gc,heap     ] GC(76) Humongous regions: 450->450
[2024-12-04T16:40:43.528+0700][2,677s][info   ][gc,metaspace] GC(76) Metaspace: 5761K(6016K)->5761K(6016K) NonClass: 5100K(5248K)->5100K(5248K) Class: 660K(768K)->660K(768K)
[2024-12-04T16:40:43.528+0700][2,677s][info   ][gc          ] GC(76) Pause Young (Concurrent Start) (G1 Humongous Allocation) 453M->453M(975M) 0,838ms
[2024-12-04T16:40:43.528+0700][2,677s][info   ][gc,cpu      ] GC(76) User=0,00s Sys=0,00s Real=0,00s
[2024-12-04T16:40:43.528+0700][2,677s][info   ][gc          ] GC(77) Concurrent Mark Cycle
[2024-12-04T16:40:43.528+0700][2,677s][info   ][gc,marking  ] GC(77) Concurrent Clear Claimed Marks
[2024-12-04T16:40:43.528+0700][2,677s][info   ][gc,marking  ] GC(77) Concurrent Clear Claimed Marks 0,027ms
[2024-12-04T16:40:43.528+0700][2,677s][info   ][gc,marking  ] GC(77) Concurrent Scan Root Regions
[2024-12-04T16:40:43.528+0700][2,677s][info   ][gc,marking  ] GC(77) Concurrent Scan Root Regions 0,072ms
[2024-12-04T16:40:43.528+0700][2,677s][info   ][gc,marking  ] GC(77) Concurrent Mark
[2024-12-04T16:40:43.528+0700][2,677s][info   ][gc,marking  ] GC(77) Concurrent Mark From Roots
[2024-12-04T16:40:43.528+0700][2,677s][info   ][gc,task     ] GC(77) Using 2 workers of 2 for marking
[2024-12-04T16:40:43.531+0700][2,680s][info   ][gc,marking  ] GC(77) Concurrent Mark From Roots 2,646ms
[2024-12-04T16:40:43.531+0700][2,680s][info   ][gc,marking  ] GC(77) Concurrent Preclean
[2024-12-04T16:40:43.531+0700][2,680s][info   ][gc,marking  ] GC(77) Concurrent Preclean 0,049ms
[2024-12-04T16:40:43.531+0700][2,680s][info   ][gc,start    ] GC(77) Pause Remark
[2024-12-04T16:40:43.531+0700][2,680s][info   ][gc          ] GC(77) Pause Remark 454M->454M(975M) 0,484ms
[2024-12-04T16:40:43.531+0700][2,680s][info   ][gc,cpu      ] GC(77) User=0,00s Sys=0,00s Real=0,00s
[2024-12-04T16:40:43.532+0700][2,680s][info   ][gc,marking  ] GC(77) Concurrent Mark 3,318ms
[2024-12-04T16:40:43.532+0700][2,680s][info   ][gc,marking  ] GC(77) Concurrent Rebuild Remembered Sets
[2024-12-04T16:40:43.533+0700][2,682s][info   ][gc,marking  ] GC(77) Concurrent Rebuild Remembered Sets 1,227ms
[2024-12-04T16:40:43.533+0700][2,682s][info   ][gc,start    ] GC(77) Pause Cleanup
[2024-12-04T16:40:43.533+0700][2,682s][info   ][gc          ] GC(77) Pause Cleanup 454M->454M(975M) 0,057ms
[2024-12-04T16:40:43.533+0700][2,682s][info   ][gc,cpu      ] GC(77) User=0,00s Sys=0,00s Real=0,00s
[2024-12-04T16:40:43.533+0700][2,682s][info   ][gc,marking  ] GC(77) Concurrent Cleanup for Next Mark
[2024-12-04T16:40:43.534+0700][2,683s][info   ][gc,marking  ] GC(77) Concurrent Cleanup for Next Mark 1,449ms
[2024-12-04T16:40:43.534+0700][2,683s][info   ][gc          ] GC(77) Concurrent Mark Cycle 6,388ms
[2024-12-04T16:40:43.540+0700][2,689s][info   ][gc,start    ] GC(78) Pause Young (Concurrent Start) (G1 Humongous Allocation)
[2024-12-04T16:40:43.540+0700][2,689s][info   ][gc,task     ] GC(78) Using 8 workers of 8 for evacuation
[2024-12-04T16:40:43.540+0700][2,689s][info   ][gc,phases   ] GC(78)   Pre Evacuate Collection Set: 0,1ms
[2024-12-04T16:40:43.540+0700][2,689s][info   ][gc,phases   ] GC(78)   Merge Heap Roots: 0,1ms
[2024-12-04T16:40:43.540+0700][2,689s][info   ][gc,phases   ] GC(78)   Evacuate Collection Set: 0,3ms
[2024-12-04T16:40:43.540+0700][2,689s][info   ][gc,phases   ] GC(78)   Post Evacuate Collection Set: 0,1ms
[2024-12-04T16:40:43.540+0700][2,689s][info   ][gc,phases   ] GC(78)   Other: 0,2ms
[2024-12-04T16:40:43.540+0700][2,689s][info   ][gc,heap     ] GC(78) Eden regions: 1->0(418)
[2024-12-04T16:40:43.540+0700][2,689s][info   ][gc,heap     ] GC(78) Survivor regions: 1->1(53)
[2024-12-04T16:40:43.540+0700][2,689s][info   ][gc,heap     ] GC(78) Old regions: 3->3
[2024-12-04T16:40:43.541+0700][2,689s][info   ][gc,heap     ] GC(78) Archive regions: 2->2
[2024-12-04T16:40:43.541+0700][2,689s][info   ][gc,heap     ] GC(78) Humongous regions: 452->452
[2024-12-04T16:40:43.541+0700][2,689s][info   ][gc,metaspace] GC(78) Metaspace: 5761K(6016K)->5761K(6016K) NonClass: 5100K(5248K)->5100K(5248K) Class: 660K(768K)->660K(768K)
[2024-12-04T16:40:43.541+0700][2,689s][info   ][gc          ] GC(78) Pause Young (Concurrent Start) (G1 Humongous Allocation) 455M->455M(975M) 0,833ms
[2024-12-04T16:40:43.541+0700][2,689s][info   ][gc,cpu      ] GC(78) User=0,00s Sys=0,00s Real=0,00s
[2024-12-04T16:40:43.541+0700][2,689s][info   ][gc          ] GC(79) Concurrent Mark Cycle
[2024-12-04T16:40:43.541+0700][2,689s][info   ][gc,marking  ] GC(79) Concurrent Clear Claimed Marks
[2024-12-04T16:40:43.541+0700][2,690s][info   ][gc,marking  ] GC(79) Concurrent Clear Claimed Marks 0,032ms
[2024-12-04T16:40:43.541+0700][2,690s][info   ][gc,marking  ] GC(79) Concurrent Scan Root Regions
[2024-12-04T16:40:43.541+0700][2,690s][info   ][gc,marking  ] GC(79) Concurrent Scan Root Regions 0,115ms
[2024-12-04T16:40:43.541+0700][2,690s][info   ][gc,marking  ] GC(79) Concurrent Mark
[2024-12-04T16:40:43.541+0700][2,690s][info   ][gc,marking  ] GC(79) Concurrent Mark From Roots
[2024-12-04T16:40:43.541+0700][2,690s][info   ][gc,task     ] GC(79) Using 2 workers of 2 for marking
[2024-12-04T16:40:43.544+0700][2,693s][info   ][gc,marking  ] GC(79) Concurrent Mark From Roots 3,076ms
[2024-12-04T16:40:43.544+0700][2,693s][info   ][gc,marking  ] GC(79) Concurrent Preclean
[2024-12-04T16:40:43.544+0700][2,693s][info   ][gc,marking  ] GC(79) Concurrent Preclean 0,041ms
[2024-12-04T16:40:43.544+0700][2,693s][info   ][gc,start    ] GC(79) Pause Remark
[2024-12-04T16:40:43.544+0700][2,693s][info   ][gc          ] GC(79) Pause Remark 456M->456M(975M) 0,434ms
[2024-12-04T16:40:43.544+0700][2,693s][info   ][gc,cpu      ] GC(79) User=0,00s Sys=0,00s Real=0,00s
[2024-12-04T16:40:43.544+0700][2,693s][info   ][gc,marking  ] GC(79) Concurrent Mark 3,704ms
[2024-12-04T16:40:43.544+0700][2,693s][info   ][gc,marking  ] GC(79) Concurrent Rebuild Remembered Sets
[2024-12-04T16:40:43.546+0700][2,695s][info   ][gc,marking  ] GC(79) Concurrent Rebuild Remembered Sets 1,174ms
[2024-12-04T16:40:43.546+0700][2,695s][info   ][gc,start    ] GC(79) Pause Cleanup
[2024-12-04T16:40:43.546+0700][2,695s][info   ][gc          ] GC(79) Pause Cleanup 456M->456M(975M) 0,061ms
[2024-12-04T16:40:43.546+0700][2,695s][info   ][gc,cpu      ] GC(79) User=0,00s Sys=0,00s Real=0,00s
[2024-12-04T16:40:43.546+0700][2,695s][info   ][gc,marking  ] GC(79) Concurrent Cleanup for Next Mark
[2024-12-04T16:40:43.547+0700][2,696s][info   ][gc,marking  ] GC(79) Concurrent Cleanup for Next Mark 1,525ms
[2024-12-04T16:40:43.547+0700][2,696s][info   ][gc          ] GC(79) Concurrent Mark Cycle 6,778ms
[2024-12-04T16:40:43.553+0700][2,702s][info   ][gc,start    ] GC(80) Pause Young (Concurrent Start) (G1 Humongous Allocation)
[2024-12-04T16:40:43.553+0700][2,702s][info   ][gc,task     ] GC(80) Using 8 workers of 8 for evacuation
[2024-12-04T16:40:43.554+0700][2,703s][info   ][gc,phases   ] GC(80)   Pre Evacuate Collection Set: 0,1ms
[2024-12-04T16:40:43.555+0700][2,703s][info   ][gc,phases   ] GC(80)   Merge Heap Roots: 0,2ms
[2024-12-04T16:40:43.555+0700][2,703s][info   ][gc,phases   ] GC(80)   Evacuate Collection Set: 0,4ms
[2024-12-04T16:40:43.555+0700][2,703s][info   ][gc,phases   ] GC(80)   Post Evacuate Collection Set: 1,0ms
[2024-12-04T16:40:43.555+0700][2,703s][info   ][gc,phases   ] GC(80)   Other: 0,1ms
[2024-12-04T16:40:43.555+0700][2,703s][info   ][gc,heap     ] GC(80) Eden regions: 1->0(480)
[2024-12-04T16:40:43.555+0700][2,703s][info   ][gc,heap     ] GC(80) Survivor regions: 1->1(53)
[2024-12-04T16:40:43.555+0700][2,703s][info   ][gc,heap     ] GC(80) Old regions: 3->3
[2024-12-04T16:40:43.555+0700][2,703s][info   ][gc,heap     ] GC(80) Archive regions: 2->2
[2024-12-04T16:40:43.555+0700][2,703s][info   ][gc,heap     ] GC(80) Humongous regions: 454->454
[2024-12-04T16:40:43.555+0700][2,703s][info   ][gc,metaspace] GC(80) Metaspace: 5761K(6016K)->5761K(6016K) NonClass: 5100K(5248K)->5100K(5248K) Class: 660K(768K)->660K(768K)
[2024-12-04T16:40:43.555+0700][2,703s][info   ][gc          ] GC(80) Pause Young (Concurrent Start) (G1 Humongous Allocation) 457M->457M(1046M) 1,856ms
[2024-12-04T16:40:43.555+0700][2,703s][info   ][gc,cpu      ] GC(80) User=0,01s Sys=0,00s Real=0,01s
[2024-12-04T16:40:43.555+0700][2,703s][info   ][gc          ] GC(81) Concurrent Undo Cycle
[2024-12-04T16:40:43.555+0700][2,703s][info   ][gc,marking  ] GC(81) Concurrent Cleanup for Next Mark
[2024-12-04T16:40:43.557+0700][2,706s][info   ][gc,marking  ] GC(81) Concurrent Cleanup for Next Mark 2,336ms
[2024-12-04T16:40:43.557+0700][2,706s][info   ][gc          ] GC(81) Concurrent Undo Cycle 2,408ms
[2024-12-04T16:40:43.619+0700][2,768s][info   ][gc,start    ] GC(82) Pause Young (Concurrent Start) (G1 Humongous Allocation)
[2024-12-04T16:40:43.619+0700][2,768s][info   ][gc,task     ] GC(82) Using 8 workers of 8 for evacuation
[2024-12-04T16:40:43.620+0700][2,769s][info   ][gc,phases   ] GC(82)   Pre Evacuate Collection Set: 0,3ms
[2024-12-04T16:40:43.620+0700][2,769s][info   ][gc,phases   ] GC(82)   Merge Heap Roots: 0,1ms
[2024-12-04T16:40:43.620+0700][2,769s][info   ][gc,phases   ] GC(82)   Evacuate Collection Set: 0,7ms
[2024-12-04T16:40:43.620+0700][2,769s][info   ][gc,phases   ] GC(82)   Post Evacuate Collection Set: 0,2ms
[2024-12-04T16:40:43.620+0700][2,769s][info   ][gc,phases   ] GC(82)   Other: 0,3ms
[2024-12-04T16:40:43.620+0700][2,769s][info   ][gc,heap     ] GC(82) Eden regions: 1->0(469)
[2024-12-04T16:40:43.620+0700][2,769s][info   ][gc,heap     ] GC(82) Survivor regions: 1->1(61)
[2024-12-04T16:40:43.620+0700][2,769s][info   ][gc,heap     ] GC(82) Old regions: 3->3
[2024-12-04T16:40:43.620+0700][2,769s][info   ][gc,heap     ] GC(82) Archive regions: 2->2
[2024-12-04T16:40:43.620+0700][2,769s][info   ][gc,heap     ] GC(82) Humongous regions: 465->465
[2024-12-04T16:40:43.620+0700][2,769s][info   ][gc,metaspace] GC(82) Metaspace: 5761K(6016K)->5761K(6016K) NonClass: 5100K(5248K)->5100K(5248K) Class: 660K(768K)->660K(768K)
[2024-12-04T16:40:43.620+0700][2,769s][info   ][gc          ] GC(82) Pause Young (Concurrent Start) (G1 Humongous Allocation) 468M->468M(1046M) 1,745ms
[2024-12-04T16:40:43.620+0700][2,769s][info   ][gc,cpu      ] GC(82) User=0,01s Sys=0,00s Real=0,00s
[2024-12-04T16:40:43.621+0700][2,769s][info   ][gc          ] GC(83) Concurrent Undo Cycle
[2024-12-04T16:40:43.621+0700][2,769s][info   ][gc,marking  ] GC(83) Concurrent Cleanup for Next Mark
[2024-12-04T16:40:43.624+0700][2,773s][info   ][gc,marking  ] GC(83) Concurrent Cleanup for Next Mark 3,040ms
[2024-12-04T16:40:43.624+0700][2,773s][info   ][gc          ] GC(83) Concurrent Undo Cycle 3,195ms
[2024-12-04T16:40:43.627+0700][2,776s][info   ][gc,start    ] GC(84) Pause Young (Concurrent Start) (G1 Humongous Allocation)
[2024-12-04T16:40:43.628+0700][2,776s][info   ][gc,task     ] GC(84) Using 8 workers of 8 for evacuation
[2024-12-04T16:40:43.629+0700][2,778s][info   ][gc,phases   ] GC(84)   Pre Evacuate Collection Set: 0,2ms
[2024-12-04T16:40:43.629+0700][2,778s][info   ][gc,phases   ] GC(84)   Merge Heap Roots: 0,1ms
[2024-12-04T16:40:43.629+0700][2,778s][info   ][gc,phases   ] GC(84)   Evacuate Collection Set: 0,7ms
[2024-12-04T16:40:43.629+0700][2,778s][info   ][gc,phases   ] GC(84)   Post Evacuate Collection Set: 0,4ms
[2024-12-04T16:40:43.629+0700][2,778s][info   ][gc,phases   ] GC(84)   Other: 0,2ms
[2024-12-04T16:40:43.629+0700][2,778s][info   ][gc,heap     ] GC(84) Eden regions: 1->0(468)
[2024-12-04T16:40:43.629+0700][2,778s][info   ][gc,heap     ] GC(84) Survivor regions: 1->1(59)
[2024-12-04T16:40:43.629+0700][2,778s][info   ][gc,heap     ] GC(84) Old regions: 3->3
[2024-12-04T16:40:43.629+0700][2,778s][info   ][gc,heap     ] GC(84) Archive regions: 2->2
[2024-12-04T16:40:43.629+0700][2,778s][info   ][gc,heap     ] GC(84) Humongous regions: 466->466
[2024-12-04T16:40:43.629+0700][2,778s][info   ][gc,metaspace] GC(84) Metaspace: 5761K(6016K)->5761K(6016K) NonClass: 5100K(5248K)->5100K(5248K) Class: 660K(768K)->660K(768K)
[2024-12-04T16:40:43.629+0700][2,778s][info   ][gc          ] GC(84) Pause Young (Concurrent Start) (G1 Humongous Allocation) 469M->469M(1046M) 1,763ms
[2024-12-04T16:40:43.629+0700][2,778s][info   ][gc,cpu      ] GC(84) User=0,00s Sys=0,00s Real=0,00s
[2024-12-04T16:40:43.629+0700][2,778s][info   ][gc          ] GC(85) Concurrent Mark Cycle
[2024-12-04T16:40:43.629+0700][2,778s][info   ][gc,marking  ] GC(85) Concurrent Clear Claimed Marks
[2024-12-04T16:40:43.629+0700][2,778s][info   ][gc,marking  ] GC(85) Concurrent Clear Claimed Marks 0,025ms
[2024-12-04T16:40:43.629+0700][2,778s][info   ][gc,marking  ] GC(85) Concurrent Scan Root Regions
[2024-12-04T16:40:43.630+0700][2,778s][info   ][gc,marking  ] GC(85) Concurrent Scan Root Regions 0,158ms
[2024-12-04T16:40:43.630+0700][2,778s][info   ][gc,marking  ] GC(85) Concurrent Mark
[2024-12-04T16:40:43.630+0700][2,778s][info   ][gc,marking  ] GC(85) Concurrent Mark From Roots
[2024-12-04T16:40:43.630+0700][2,779s][info   ][gc,task     ] GC(85) Using 2 workers of 2 for marking
[2024-12-04T16:40:43.636+0700][2,785s][info   ][gc,marking  ] GC(85) Concurrent Mark From Roots 6,751ms
[2024-12-04T16:40:43.636+0700][2,785s][info   ][gc,marking  ] GC(85) Concurrent Preclean
[2024-12-04T16:40:43.637+0700][2,785s][info   ][gc,marking  ] GC(85) Concurrent Preclean 0,104ms
[2024-12-04T16:40:43.637+0700][2,786s][info   ][gc,start    ] GC(85) Pause Remark
[2024-12-04T16:40:43.638+0700][2,787s][info   ][gc          ] GC(85) Pause Remark 471M->471M(1046M) 1,586ms
[2024-12-04T16:40:43.638+0700][2,787s][info   ][gc,cpu      ] GC(85) User=0,00s Sys=0,00s Real=0,00s
[2024-12-04T16:40:43.638+0700][2,787s][info   ][gc,marking  ] GC(85) Concurrent Mark 8,747ms
[2024-12-04T16:40:43.638+0700][2,787s][info   ][gc,marking  ] GC(85) Concurrent Rebuild Remembered Sets
[2024-12-04T16:40:43.641+0700][2,790s][info   ][gc,marking  ] GC(85) Concurrent Rebuild Remembered Sets 2,817ms
[2024-12-04T16:40:43.641+0700][2,790s][info   ][gc,start    ] GC(85) Pause Cleanup
[2024-12-04T16:40:43.642+0700][2,790s][info   ][gc          ] GC(85) Pause Cleanup 471M->471M(1046M) 0,276ms
[2024-12-04T16:40:43.642+0700][2,791s][info   ][gc,cpu      ] GC(85) User=0,00s Sys=0,00s Real=0,00s
[2024-12-04T16:40:43.642+0700][2,791s][info   ][gc,marking  ] GC(85) Concurrent Cleanup for Next Mark
[2024-12-04T16:40:43.645+0700][2,794s][info   ][gc,marking  ] GC(85) Concurrent Cleanup for Next Mark 3,282ms
[2024-12-04T16:40:43.645+0700][2,794s][info   ][gc          ] GC(85) Concurrent Mark Cycle 15,759ms
[2024-12-04T16:40:43.648+0700][2,797s][info   ][gc,start    ] GC(86) Pause Young (Concurrent Start) (G1 Humongous Allocation)
[2024-12-04T16:40:43.648+0700][2,797s][info   ][gc,task     ] GC(86) Using 8 workers of 8 for evacuation
[2024-12-04T16:40:43.649+0700][2,798s][info   ][gc,phases   ] GC(86)   Pre Evacuate Collection Set: 0,2ms
[2024-12-04T16:40:43.649+0700][2,798s][info   ][gc,phases   ] GC(86)   Merge Heap Roots: 0,2ms
[2024-12-04T16:40:43.649+0700][2,798s][info   ][gc,phases   ] GC(86)   Evacuate Collection Set: 0,5ms
[2024-12-04T16:40:43.649+0700][2,798s][info   ][gc,phases   ] GC(86)   Post Evacuate Collection Set: 0,2ms
[2024-12-04T16:40:43.649+0700][2,798s][info   ][gc,phases   ] GC(86)   Other: 0,2ms
[2024-12-04T16:40:43.649+0700][2,798s][info   ][gc,heap     ] GC(86) Eden regions: 1->0(465)
[2024-12-04T16:40:43.649+0700][2,798s][info   ][gc,heap     ] GC(86) Survivor regions: 1->1(59)
[2024-12-04T16:40:43.649+0700][2,798s][info   ][gc,heap     ] GC(86) Old regions: 3->3
[2024-12-04T16:40:43.649+0700][2,798s][info   ][gc,heap     ] GC(86) Archive regions: 2->2
[2024-12-04T16:40:43.649+0700][2,798s][info   ][gc,heap     ] GC(86) Humongous regions: 469->469
[2024-12-04T16:40:43.649+0700][2,798s][info   ][gc,metaspace] GC(86) Metaspace: 5761K(6016K)->5761K(6016K) NonClass: 5100K(5248K)->5100K(5248K) Class: 660K(768K)->660K(768K)
[2024-12-04T16:40:43.650+0700][2,798s][info   ][gc          ] GC(86) Pause Young (Concurrent Start) (G1 Humongous Allocation) 472M->472M(1046M) 1,432ms
[2024-12-04T16:40:43.650+0700][2,798s][info   ][gc,cpu      ] GC(86) User=0,00s Sys=0,00s Real=0,00s
[2024-12-04T16:40:43.650+0700][2,798s][info   ][gc          ] GC(87) Concurrent Mark Cycle
[2024-12-04T16:40:43.650+0700][2,799s][info   ][gc,marking  ] GC(87) Concurrent Clear Claimed Marks
[2024-12-04T16:40:43.650+0700][2,799s][info   ][gc,marking  ] GC(87) Concurrent Clear Claimed Marks 0,024ms
[2024-12-04T16:40:43.650+0700][2,799s][info   ][gc,marking  ] GC(87) Concurrent Scan Root Regions
[2024-12-04T16:40:43.650+0700][2,799s][info   ][gc,marking  ] GC(87) Concurrent Scan Root Regions 0,103ms
[2024-12-04T16:40:43.650+0700][2,799s][info   ][gc,marking  ] GC(87) Concurrent Mark
[2024-12-04T16:40:43.650+0700][2,799s][info   ][gc,marking  ] GC(87) Concurrent Mark From Roots
[2024-12-04T16:40:43.650+0700][2,799s][info   ][gc,task     ] GC(87) Using 2 workers of 2 for marking
[2024-12-04T16:40:43.656+0700][2,805s][info   ][gc,marking  ] GC(87) Concurrent Mark From Roots 6,487ms
[2024-12-04T16:40:43.656+0700][2,805s][info   ][gc,marking  ] GC(87) Concurrent Preclean
[2024-12-04T16:40:43.657+0700][2,805s][info   ][gc,marking  ] GC(87) Concurrent Preclean 0,174ms
[2024-12-04T16:40:43.657+0700][2,806s][info   ][gc,start    ] GC(87) Pause Remark
[2024-12-04T16:40:43.658+0700][2,807s][info   ][gc          ] GC(87) Pause Remark 474M->474M(1046M) 1,342ms
[2024-12-04T16:40:43.658+0700][2,807s][info   ][gc,cpu      ] GC(87) User=0,01s Sys=0,00s Real=0,00s
[2024-12-04T16:40:43.658+0700][2,807s][info   ][gc,marking  ] GC(87) Concurrent Mark 8,511ms
[2024-12-04T16:40:43.658+0700][2,807s][info   ][gc,marking  ] GC(87) Concurrent Rebuild Remembered Sets
[2024-12-04T16:40:43.661+0700][2,810s][info   ][gc,marking  ] GC(87) Concurrent Rebuild Remembered Sets 2,789ms
[2024-12-04T16:40:43.661+0700][2,810s][info   ][gc,start    ] GC(87) Pause Cleanup
[2024-12-04T16:40:43.661+0700][2,810s][info   ][gc          ] GC(87) Pause Cleanup 474M->474M(1046M) 0,198ms
[2024-12-04T16:40:43.662+0700][2,810s][info   ][gc,cpu      ] GC(87) User=0,00s Sys=0,00s Real=0,00s
[2024-12-04T16:40:43.662+0700][2,810s][info   ][gc,marking  ] GC(87) Concurrent Cleanup for Next Mark
[2024-12-04T16:40:43.664+0700][2,813s][info   ][gc,marking  ] GC(87) Concurrent Cleanup for Next Mark 2,460ms
[2024-12-04T16:40:43.664+0700][2,813s][info   ][gc          ] GC(87) Concurrent Mark Cycle 14,532ms
[2024-12-04T16:40:43.671+0700][2,820s][info   ][gc,start    ] GC(88) Pause Young (Concurrent Start) (G1 Humongous Allocation)
[2024-12-04T16:40:43.672+0700][2,820s][info   ][gc,task     ] GC(88) Using 8 workers of 8 for evacuation
[2024-12-04T16:40:43.676+0700][2,824s][info   ][gc,phases   ] GC(88)   Pre Evacuate Collection Set: 0,4ms
[2024-12-04T16:40:43.676+0700][2,825s][info   ][gc,phases   ] GC(88)   Merge Heap Roots: 0,4ms
[2024-12-04T16:40:43.676+0700][2,825s][info   ][gc,phases   ] GC(88)   Evacuate Collection Set: 2,7ms
[2024-12-04T16:40:43.676+0700][2,825s][info   ][gc,phases   ] GC(88)   Post Evacuate Collection Set: 0,3ms
[2024-12-04T16:40:43.676+0700][2,825s][info   ][gc,phases   ] GC(88)   Other: 0,3ms
[2024-12-04T16:40:43.676+0700][2,825s][info   ][gc,heap     ] GC(88) Eden regions: 1->0(462)
[2024-12-04T16:40:43.676+0700][2,825s][info   ][gc,heap     ] GC(88) Survivor regions: 1->1(59)
[2024-12-04T16:40:43.676+0700][2,825s][info   ][gc,heap     ] GC(88) Old regions: 3->3
[2024-12-04T16:40:43.676+0700][2,825s][info   ][gc,heap     ] GC(88) Archive regions: 2->2
[2024-12-04T16:40:43.676+0700][2,825s][info   ][gc,heap     ] GC(88) Humongous regions: 472->472
[2024-12-04T16:40:43.676+0700][2,825s][info   ][gc,metaspace] GC(88) Metaspace: 5761K(6016K)->5761K(6016K) NonClass: 5100K(5248K)->5100K(5248K) Class: 660K(768K)->660K(768K)
[2024-12-04T16:40:43.676+0700][2,825s][info   ][gc          ] GC(88) Pause Young (Concurrent Start) (G1 Humongous Allocation) 475M->475M(1046M) 4,353ms
[2024-12-04T16:40:43.676+0700][2,825s][info   ][gc,cpu      ] GC(88) User=0,00s Sys=0,00s Real=0,01s
[2024-12-04T16:40:43.676+0700][2,825s][info   ][gc          ] GC(89) Concurrent Mark Cycle
[2024-12-04T16:40:43.676+0700][2,825s][info   ][gc,marking  ] GC(89) Concurrent Clear Claimed Marks
[2024-12-04T16:40:43.676+0700][2,825s][info   ][gc,marking  ] GC(89) Concurrent Clear Claimed Marks 0,028ms
[2024-12-04T16:40:43.676+0700][2,825s][info   ][gc,marking  ] GC(89) Concurrent Scan Root Regions
[2024-12-04T16:40:43.677+0700][2,825s][info   ][gc,marking  ] GC(89) Concurrent Scan Root Regions 0,129ms
[2024-12-04T16:40:43.677+0700][2,826s][info   ][gc,marking  ] GC(89) Concurrent Mark
[2024-12-04T16:40:43.677+0700][2,826s][info   ][gc,marking  ] GC(89) Concurrent Mark From Roots
[2024-12-04T16:40:43.677+0700][2,826s][info   ][gc,task     ] GC(89) Using 2 workers of 2 for marking
[2024-12-04T16:40:43.683+0700][2,832s][info   ][gc,marking  ] GC(89) Concurrent Mark From Roots 6,764ms
[2024-12-04T16:40:43.684+0700][2,833s][info   ][gc,marking  ] GC(89) Concurrent Preclean
[2024-12-04T16:40:43.684+0700][2,833s][info   ][gc,marking  ] GC(89) Concurrent Preclean 0,125ms
[2024-12-04T16:40:43.684+0700][2,833s][info   ][gc,start    ] GC(89) Pause Remark
[2024-12-04T16:40:43.685+0700][2,834s][info   ][gc          ] GC(89) Pause Remark 477M->477M(1046M) 0,977ms
[2024-12-04T16:40:43.685+0700][2,834s][info   ][gc,cpu      ] GC(89) User=0,00s Sys=0,00s Real=0,00s
[2024-12-04T16:40:43.685+0700][2,834s][info   ][gc,marking  ] GC(89) Concurrent Mark 8,718ms
[2024-12-04T16:40:43.685+0700][2,834s][info   ][gc,marking  ] GC(89) Concurrent Rebuild Remembered Sets
[2024-12-04T16:40:43.688+0700][2,836s][info   ][gc,marking  ] GC(89) Concurrent Rebuild Remembered Sets 2,165ms
[2024-12-04T16:40:43.688+0700][2,837s][info   ][gc,start    ] GC(89) Pause Cleanup
[2024-12-04T16:40:43.688+0700][2,837s][info   ][gc          ] GC(89) Pause Cleanup 477M->477M(1046M) 0,206ms
[2024-12-04T16:40:43.688+0700][2,837s][info   ][gc,cpu      ] GC(89) User=0,00s Sys=0,00s Real=0,00s
[2024-12-04T16:40:43.688+0700][2,837s][info   ][gc,marking  ] GC(89) Concurrent Cleanup for Next Mark
[2024-12-04T16:40:43.691+0700][2,840s][info   ][gc,marking  ] GC(89) Concurrent Cleanup for Next Mark 2,715ms
[2024-12-04T16:40:43.691+0700][2,840s][info   ][gc          ] GC(89) Concurrent Mark Cycle 14,361ms
[2024-12-04T16:40:43.695+0700][2,844s][info   ][gc,start    ] GC(90) Pause Young (Concurrent Start) (G1 Humongous Allocation)
[2024-12-04T16:40:43.695+0700][2,844s][info   ][gc,task     ] GC(90) Using 8 workers of 8 for evacuation
[2024-12-04T16:40:43.696+0700][2,845s][info   ][gc,phases   ] GC(90)   Pre Evacuate Collection Set: 0,2ms
[2024-12-04T16:40:43.696+0700][2,845s][info   ][gc,phases   ] GC(90)   Merge Heap Roots: 0,1ms
[2024-12-04T16:40:43.696+0700][2,845s][info   ][gc,phases   ] GC(90)   Evacuate Collection Set: 0,4ms
[2024-12-04T16:40:43.696+0700][2,845s][info   ][gc,phases   ] GC(90)   Post Evacuate Collection Set: 0,1ms
[2024-12-04T16:40:43.696+0700][2,845s][info   ][gc,phases   ] GC(90)   Other: 0,2ms
[2024-12-04T16:40:43.696+0700][2,845s][info   ][gc,heap     ] GC(90) Eden regions: 1->0(460)
[2024-12-04T16:40:43.696+0700][2,845s][info   ][gc,heap     ] GC(90) Survivor regions: 1->0(58)
[2024-12-04T16:40:43.696+0700][2,845s][info   ][gc,heap     ] GC(90) Old regions: 3->3
[2024-12-04T16:40:43.696+0700][2,845s][info   ][gc,heap     ] GC(90) Archive regions: 2->2
[2024-12-04T16:40:43.696+0700][2,845s][info   ][gc,heap     ] GC(90) Humongous regions: 475->475
[2024-12-04T16:40:43.696+0700][2,845s][info   ][gc,metaspace] GC(90) Metaspace: 5761K(6016K)->5761K(6016K) NonClass: 5100K(5248K)->5100K(5248K) Class: 660K(768K)->660K(768K)
[2024-12-04T16:40:43.696+0700][2,845s][info   ][gc          ] GC(90) Pause Young (Concurrent Start) (G1 Humongous Allocation) 478M->478M(1046M) 1,060ms
[2024-12-04T16:40:43.696+0700][2,845s][info   ][gc,cpu      ] GC(90) User=0,00s Sys=0,00s Real=0,00s
[2024-12-04T16:40:43.696+0700][2,845s][info   ][gc          ] GC(91) Concurrent Mark Cycle
[2024-12-04T16:40:43.696+0700][2,845s][info   ][gc,marking  ] GC(91) Concurrent Clear Claimed Marks
[2024-12-04T16:40:43.696+0700][2,845s][info   ][gc,marking  ] GC(91) Concurrent Clear Claimed Marks 0,011ms
[2024-12-04T16:40:43.696+0700][2,845s][info   ][gc,marking  ] GC(91) Concurrent Scan Root Regions
[2024-12-04T16:40:43.696+0700][2,845s][info   ][gc,marking  ] GC(91) Concurrent Scan Root Regions 0,053ms
[2024-12-04T16:40:43.696+0700][2,845s][info   ][gc,marking  ] GC(91) Concurrent Mark
[2024-12-04T16:40:43.696+0700][2,845s][info   ][gc,marking  ] GC(91) Concurrent Mark From Roots
[2024-12-04T16:40:43.696+0700][2,845s][info   ][gc,task     ] GC(91) Using 2 workers of 2 for marking
[2024-12-04T16:40:43.699+0700][2,848s][info   ][gc,marking  ] GC(91) Concurrent Mark From Roots 2,778ms
[2024-12-04T16:40:43.699+0700][2,848s][info   ][gc,marking  ] GC(91) Concurrent Preclean
[2024-12-04T16:40:43.699+0700][2,848s][info   ][gc,marking  ] GC(91) Concurrent Preclean 0,046ms
[2024-12-04T16:40:43.699+0700][2,848s][info   ][gc,start    ] GC(91) Pause Remark
[2024-12-04T16:40:43.700+0700][2,849s][info   ][gc          ] GC(91) Pause Remark 479M->479M(1046M) 0,696ms
[2024-12-04T16:40:43.700+0700][2,849s][info   ][gc,cpu      ] GC(91) User=0,01s Sys=0,01s Real=0,00s
[2024-12-04T16:40:43.700+0700][2,849s][info   ][gc,marking  ] GC(91) Concurrent Mark 3,663ms
[2024-12-04T16:40:43.700+0700][2,849s][info   ][gc,marking  ] GC(91) Concurrent Rebuild Remembered Sets
[2024-12-04T16:40:43.701+0700][2,850s][info   ][gc,marking  ] GC(91) Concurrent Rebuild Remembered Sets 1,119ms
[2024-12-04T16:40:43.701+0700][2,850s][info   ][gc,start    ] GC(91) Pause Cleanup
[2024-12-04T16:40:43.701+0700][2,850s][info   ][gc          ] GC(91) Pause Cleanup 479M->479M(1046M) 0,104ms
[2024-12-04T16:40:43.701+0700][2,850s][info   ][gc,cpu      ] GC(91) User=0,00s Sys=0,00s Real=0,00s
[2024-12-04T16:40:43.701+0700][2,850s][info   ][gc,marking  ] GC(91) Concurrent Cleanup for Next Mark
[2024-12-04T16:40:43.704+0700][2,853s][info   ][gc,marking  ] GC(91) Concurrent Cleanup for Next Mark 2,273ms
[2024-12-04T16:40:43.704+0700][2,853s][info   ][gc          ] GC(91) Concurrent Mark Cycle 7,415ms
[2024-12-04T16:40:43.708+0700][2,857s][info   ][gc,start    ] GC(92) Pause Young (Concurrent Start) (G1 Humongous Allocation)
[2024-12-04T16:40:43.708+0700][2,857s][info   ][gc,task     ] GC(92) Using 8 workers of 8 for evacuation
[2024-12-04T16:40:43.709+0700][2,858s][info   ][gc,phases   ] GC(92)   Pre Evacuate Collection Set: 0,2ms
[2024-12-04T16:40:43.709+0700][2,858s][info   ][gc,phases   ] GC(92)   Merge Heap Roots: 0,1ms
[2024-12-04T16:40:43.709+0700][2,858s][info   ][gc,phases   ] GC(92)   Evacuate Collection Set: 0,3ms
[2024-12-04T16:40:43.709+0700][2,858s][info   ][gc,phases   ] GC(92)   Post Evacuate Collection Set: 0,1ms
[2024-12-04T16:40:43.709+0700][2,858s][info   ][gc,phases   ] GC(92)   Other: 0,1ms
[2024-12-04T16:40:43.709+0700][2,858s][info   ][gc,heap     ] GC(92) Eden regions: 1->0(458)
[2024-12-04T16:40:43.709+0700][2,858s][info   ][gc,heap     ] GC(92) Survivor regions: 0->0(58)
[2024-12-04T16:40:43.709+0700][2,858s][info   ][gc,heap     ] GC(92) Old regions: 3->3
[2024-12-04T16:40:43.709+0700][2,858s][info   ][gc,heap     ] GC(92) Archive regions: 2->2
[2024-12-04T16:40:43.709+0700][2,858s][info   ][gc,heap     ] GC(92) Humongous regions: 477->477
[2024-12-04T16:40:43.709+0700][2,858s][info   ][gc,metaspace] GC(92) Metaspace: 5761K(6016K)->5761K(6016K) NonClass: 5100K(5248K)->5100K(5248K) Class: 660K(768K)->660K(768K)
[2024-12-04T16:40:43.709+0700][2,858s][info   ][gc          ] GC(92) Pause Young (Concurrent Start) (G1 Humongous Allocation) 480M->480M(1046M) 0,925ms
[2024-12-04T16:40:43.709+0700][2,858s][info   ][gc,cpu      ] GC(92) User=0,01s Sys=0,00s Real=0,00s
[2024-12-04T16:40:43.709+0700][2,858s][info   ][gc          ] GC(93) Concurrent Mark Cycle
[2024-12-04T16:40:43.709+0700][2,858s][info   ][gc,marking  ] GC(93) Concurrent Clear Claimed Marks
[2024-12-04T16:40:43.709+0700][2,858s][info   ][gc,marking  ] GC(93) Concurrent Clear Claimed Marks 0,021ms
[2024-12-04T16:40:43.709+0700][2,858s][info   ][gc,marking  ] GC(93) Concurrent Scan Root Regions
[2024-12-04T16:40:43.709+0700][2,858s][info   ][gc,marking  ] GC(93) Concurrent Scan Root Regions 0,006ms
[2024-12-04T16:40:43.709+0700][2,858s][info   ][gc,marking  ] GC(93) Concurrent Mark
[2024-12-04T16:40:43.709+0700][2,858s][info   ][gc,marking  ] GC(93) Concurrent Mark From Roots
[2024-12-04T16:40:43.709+0700][2,858s][info   ][gc,task     ] GC(93) Using 2 workers of 2 for marking
[2024-12-04T16:40:43.712+0700][2,861s][info   ][gc,marking  ] GC(93) Concurrent Mark From Roots 2,655ms
[2024-12-04T16:40:43.712+0700][2,861s][info   ][gc,marking  ] GC(93) Concurrent Preclean
[2024-12-04T16:40:43.712+0700][2,861s][info   ][gc,marking  ] GC(93) Concurrent Preclean 0,046ms
[2024-12-04T16:40:43.712+0700][2,861s][info   ][gc,start    ] GC(93) Pause Remark
[2024-12-04T16:40:43.712+0700][2,861s][info   ][gc          ] GC(93) Pause Remark 481M->481M(1046M) 0,675ms
[2024-12-04T16:40:43.712+0700][2,861s][info   ][gc,cpu      ] GC(93) User=0,00s Sys=0,00s Real=0,00s
[2024-12-04T16:40:43.712+0700][2,861s][info   ][gc,marking  ] GC(93) Concurrent Mark 3,509ms
[2024-12-04T16:40:43.712+0700][2,861s][info   ][gc,marking  ] GC(93) Concurrent Rebuild Remembered Sets
[2024-12-04T16:40:43.714+0700][2,862s][info   ][gc,marking  ] GC(93) Concurrent Rebuild Remembered Sets 1,112ms
[2024-12-04T16:40:43.714+0700][2,863s][info   ][gc,start    ] GC(93) Pause Cleanup
[2024-12-04T16:40:43.714+0700][2,863s][info   ][gc          ] GC(93) Pause Cleanup 481M->481M(1046M) 0,106ms
[2024-12-04T16:40:43.714+0700][2,863s][info   ][gc,cpu      ] GC(93) User=0,00s Sys=0,00s Real=0,00s
[2024-12-04T16:40:43.714+0700][2,863s][info   ][gc,marking  ] GC(93) Concurrent Cleanup for Next Mark
[2024-12-04T16:40:43.716+0700][2,864s][info   ][gc,marking  ] GC(93) Concurrent Cleanup for Next Mark 1,765ms
[2024-12-04T16:40:43.716+0700][2,865s][info   ][gc          ] GC(93) Concurrent Mark Cycle 6,725ms
[2024-12-04T16:40:43.721+0700][2,870s][info   ][gc,start    ] GC(94) Pause Young (Concurrent Start) (G1 Humongous Allocation)
[2024-12-04T16:40:43.721+0700][2,870s][info   ][gc,task     ] GC(94) Using 8 workers of 8 for evacuation
[2024-12-04T16:40:43.722+0700][2,871s][info   ][gc,phases   ] GC(94)   Pre Evacuate Collection Set: 0,3ms
[2024-12-04T16:40:43.722+0700][2,871s][info   ][gc,phases   ] GC(94)   Merge Heap Roots: 0,2ms
[2024-12-04T16:40:43.722+0700][2,871s][info   ][gc,phases   ] GC(94)   Evacuate Collection Set: 0,3ms
[2024-12-04T16:40:43.722+0700][2,871s][info   ][gc,phases   ] GC(94)   Post Evacuate Collection Set: 0,1ms
[2024-12-04T16:40:43.722+0700][2,871s][info   ][gc,phases   ] GC(94)   Other: 0,3ms
[2024-12-04T16:40:43.722+0700][2,871s][info   ][gc,heap     ] GC(94) Eden regions: 1->0(456)
[2024-12-04T16:40:43.722+0700][2,871s][info   ][gc,heap     ] GC(94) Survivor regions: 0->0(58)
[2024-12-04T16:40:43.722+0700][2,871s][info   ][gc,heap     ] GC(94) Old regions: 3->3
[2024-12-04T16:40:43.722+0700][2,871s][info   ][gc,heap     ] GC(94) Archive regions: 2->2
[2024-12-04T16:40:43.722+0700][2,871s][info   ][gc,heap     ] GC(94) Humongous regions: 479->479
[2024-12-04T16:40:43.722+0700][2,871s][info   ][gc,metaspace] GC(94) Metaspace: 5761K(6016K)->5761K(6016K) NonClass: 5100K(5248K)->5100K(5248K) Class: 660K(768K)->660K(768K)
[2024-12-04T16:40:43.722+0700][2,871s][info   ][gc          ] GC(94) Pause Young (Concurrent Start) (G1 Humongous Allocation) 482M->482M(1046M) 1,290ms
[2024-12-04T16:40:43.722+0700][2,871s][info   ][gc,cpu      ] GC(94) User=0,00s Sys=0,00s Real=0,00s
[2024-12-04T16:40:43.722+0700][2,871s][info   ][gc          ] GC(95) Concurrent Mark Cycle
[2024-12-04T16:40:43.722+0700][2,871s][info   ][gc,marking  ] GC(95) Concurrent Clear Claimed Marks
[2024-12-04T16:40:43.722+0700][2,871s][info   ][gc,marking  ] GC(95) Concurrent Clear Claimed Marks 0,016ms
[2024-12-04T16:40:43.722+0700][2,871s][info   ][gc,marking  ] GC(95) Concurrent Scan Root Regions
[2024-12-04T16:40:43.722+0700][2,871s][info   ][gc,marking  ] GC(95) Concurrent Scan Root Regions 0,005ms
[2024-12-04T16:40:43.722+0700][2,871s][info   ][gc,marking  ] GC(95) Concurrent Mark
[2024-12-04T16:40:43.722+0700][2,871s][info   ][gc,marking  ] GC(95) Concurrent Mark From Roots
[2024-12-04T16:40:43.722+0700][2,871s][info   ][gc,task     ] GC(95) Using 2 workers of 2 for marking
[2024-12-04T16:40:43.725+0700][2,874s][info   ][gc,marking  ] GC(95) Concurrent Mark From Roots 2,857ms
[2024-12-04T16:40:43.725+0700][2,874s][info   ][gc,marking  ] GC(95) Concurrent Preclean
[2024-12-04T16:40:43.725+0700][2,874s][info   ][gc,marking  ] GC(95) Concurrent Preclean 0,085ms
[2024-12-04T16:40:43.725+0700][2,874s][info   ][gc,start    ] GC(95) Pause Remark
[2024-12-04T16:40:43.726+0700][2,875s][info   ][gc          ] GC(95) Pause Remark 483M->483M(1046M) 0,643ms
[2024-12-04T16:40:43.726+0700][2,875s][info   ][gc,cpu      ] GC(95) User=0,00s Sys=0,00s Real=0,00s
[2024-12-04T16:40:43.726+0700][2,875s][info   ][gc,marking  ] GC(95) Concurrent Mark 3,803ms
[2024-12-04T16:40:43.726+0700][2,875s][info   ][gc,marking  ] GC(95) Concurrent Rebuild Remembered Sets
[2024-12-04T16:40:43.727+0700][2,876s][info   ][gc,marking  ] GC(95) Concurrent Rebuild Remembered Sets 1,071ms
[2024-12-04T16:40:43.727+0700][2,876s][info   ][gc,start    ] GC(95) Pause Cleanup
[2024-12-04T16:40:43.727+0700][2,876s][info   ][gc          ] GC(95) Pause Cleanup 483M->483M(1046M) 0,075ms
[2024-12-04T16:40:43.727+0700][2,876s][info   ][gc,cpu      ] GC(95) User=0,00s Sys=0,00s Real=0,00s
[2024-12-04T16:40:43.727+0700][2,876s][info   ][gc,marking  ] GC(95) Concurrent Cleanup for Next Mark
[2024-12-04T16:40:43.729+0700][2,878s][info   ][gc,marking  ] GC(95) Concurrent Cleanup for Next Mark 1,492ms
[2024-12-04T16:40:43.729+0700][2,878s][info   ][gc          ] GC(95) Concurrent Mark Cycle 6,641ms
[2024-12-04T16:40:43.734+0700][2,882s][info   ][gc,start    ] GC(96) Pause Young (Concurrent Start) (G1 Humongous Allocation)
[2024-12-04T16:40:43.734+0700][2,882s][info   ][gc,task     ] GC(96) Using 8 workers of 8 for evacuation
[2024-12-04T16:40:43.734+0700][2,883s][info   ][gc,phases   ] GC(96)   Pre Evacuate Collection Set: 0,1ms
[2024-12-04T16:40:43.734+0700][2,883s][info   ][gc,phases   ] GC(96)   Merge Heap Roots: 0,1ms
[2024-12-04T16:40:43.734+0700][2,883s][info   ][gc,phases   ] GC(96)   Evacuate Collection Set: 0,2ms
[2024-12-04T16:40:43.734+0700][2,883s][info   ][gc,phases   ] GC(96)   Post Evacuate Collection Set: 0,1ms
[2024-12-04T16:40:43.734+0700][2,883s][info   ][gc,phases   ] GC(96)   Other: 0,1ms
[2024-12-04T16:40:43.734+0700][2,883s][info   ][gc,heap     ] GC(96) Eden regions: 1->0(454)
[2024-12-04T16:40:43.734+0700][2,883s][info   ][gc,heap     ] GC(96) Survivor regions: 0->0(57)
[2024-12-04T16:40:43.734+0700][2,883s][info   ][gc,heap     ] GC(96) Old regions: 3->3
[2024-12-04T16:40:43.734+0700][2,883s][info   ][gc,heap     ] GC(96) Archive regions: 2->2
[2024-12-04T16:40:43.734+0700][2,883s][info   ][gc,heap     ] GC(96) Humongous regions: 481->481
[2024-12-04T16:40:43.734+0700][2,883s][info   ][gc,metaspace] GC(96) Metaspace: 5761K(6016K)->5761K(6016K) NonClass: 5100K(5248K)->5100K(5248K) Class: 660K(768K)->660K(768K)
[2024-12-04T16:40:43.734+0700][2,883s][info   ][gc          ] GC(96) Pause Young (Concurrent Start) (G1 Humongous Allocation) 484M->484M(1046M) 0,727ms
[2024-12-04T16:40:43.734+0700][2,883s][info   ][gc,cpu      ] GC(96) User=0,01s Sys=0,00s Real=0,00s
[2024-12-04T16:40:43.734+0700][2,883s][info   ][gc          ] GC(97) Concurrent Mark Cycle
[2024-12-04T16:40:43.734+0700][2,883s][info   ][gc,marking  ] GC(97) Concurrent Clear Claimed Marks
[2024-12-04T16:40:43.734+0700][2,883s][info   ][gc,marking  ] GC(97) Concurrent Clear Claimed Marks 0,010ms
[2024-12-04T16:40:43.734+0700][2,883s][info   ][gc,marking  ] GC(97) Concurrent Scan Root Regions
[2024-12-04T16:40:43.734+0700][2,883s][info   ][gc,marking  ] GC(97) Concurrent Scan Root Regions 0,006ms
[2024-12-04T16:40:43.734+0700][2,883s][info   ][gc,marking  ] GC(97) Concurrent Mark
[2024-12-04T16:40:43.734+0700][2,883s][info   ][gc,marking  ] GC(97) Concurrent Mark From Roots
[2024-12-04T16:40:43.734+0700][2,883s][info   ][gc,task     ] GC(97) Using 2 workers of 2 for marking
[2024-12-04T16:40:43.737+0700][2,886s][info   ][gc,marking  ] GC(97) Concurrent Mark From Roots 2,510ms
[2024-12-04T16:40:43.737+0700][2,886s][info   ][gc,marking  ] GC(97) Concurrent Preclean
[2024-12-04T16:40:43.737+0700][2,886s][info   ][gc,marking  ] GC(97) Concurrent Preclean 0,068ms
[2024-12-04T16:40:43.737+0700][2,886s][info   ][gc,start    ] GC(97) Pause Remark
[2024-12-04T16:40:43.738+0700][2,887s][info   ][gc          ] GC(97) Pause Remark 485M->485M(1046M) 0,692ms
[2024-12-04T16:40:43.738+0700][2,887s][info   ][gc,cpu      ] GC(97) User=0,00s Sys=0,00s Real=0,00s
[2024-12-04T16:40:43.738+0700][2,887s][info   ][gc,marking  ] GC(97) Concurrent Mark 3,410ms
[2024-12-04T16:40:43.738+0700][2,887s][info   ][gc,marking  ] GC(97) Concurrent Rebuild Remembered Sets
[2024-12-04T16:40:43.739+0700][2,888s][info   ][gc,marking  ] GC(97) Concurrent Rebuild Remembered Sets 1,220ms
[2024-12-04T16:40:43.739+0700][2,888s][info   ][gc,start    ] GC(97) Pause Cleanup
[2024-12-04T16:40:43.739+0700][2,888s][info   ][gc          ] GC(97) Pause Cleanup 485M->485M(1046M) 0,087ms
[2024-12-04T16:40:43.739+0700][2,888s][info   ][gc,cpu      ] GC(97) User=0,00s Sys=0,00s Real=0,00s
[2024-12-04T16:40:43.739+0700][2,888s][info   ][gc,marking  ] GC(97) Concurrent Cleanup for Next Mark
[2024-12-04T16:40:43.741+0700][2,890s][info   ][gc,marking  ] GC(97) Concurrent Cleanup for Next Mark 1,559ms
[2024-12-04T16:40:43.741+0700][2,890s][info   ][gc          ] GC(97) Concurrent Mark Cycle 6,447ms
[2024-12-04T16:40:43.746+0700][2,895s][info   ][gc,start    ] GC(98) Pause Young (Concurrent Start) (G1 Humongous Allocation)
[2024-12-04T16:40:43.746+0700][2,895s][info   ][gc,task     ] GC(98) Using 8 workers of 8 for evacuation
[2024-12-04T16:40:43.747+0700][2,896s][info   ][gc,phases   ] GC(98)   Pre Evacuate Collection Set: 0,1ms
[2024-12-04T16:40:43.747+0700][2,896s][info   ][gc,phases   ] GC(98)   Merge Heap Roots: 0,1ms
[2024-12-04T16:40:43.747+0700][2,896s][info   ][gc,phases   ] GC(98)   Evacuate Collection Set: 0,2ms
[2024-12-04T16:40:43.747+0700][2,896s][info   ][gc,phases   ] GC(98)   Post Evacuate Collection Set: 0,1ms
[2024-12-04T16:40:43.747+0700][2,896s][info   ][gc,phases   ] GC(98)   Other: 0,1ms
[2024-12-04T16:40:43.747+0700][2,896s][info   ][gc,heap     ] GC(98) Eden regions: 1->0(452)
[2024-12-04T16:40:43.747+0700][2,896s][info   ][gc,heap     ] GC(98) Survivor regions: 0->0(57)
[2024-12-04T16:40:43.747+0700][2,896s][info   ][gc,heap     ] GC(98) Old regions: 3->3
[2024-12-04T16:40:43.747+0700][2,896s][info   ][gc,heap     ] GC(98) Archive regions: 2->2
[2024-12-04T16:40:43.747+0700][2,896s][info   ][gc,heap     ] GC(98) Humongous regions: 483->483
[2024-12-04T16:40:43.747+0700][2,896s][info   ][gc,metaspace] GC(98) Metaspace: 5761K(6016K)->5761K(6016K) NonClass: 5100K(5248K)->5100K(5248K) Class: 660K(768K)->660K(768K)
[2024-12-04T16:40:43.747+0700][2,896s][info   ][gc          ] GC(98) Pause Young (Concurrent Start) (G1 Humongous Allocation) 486M->486M(1046M) 0,761ms
[2024-12-04T16:40:43.747+0700][2,896s][info   ][gc,cpu      ] GC(98) User=0,00s Sys=0,00s Real=0,00s
[2024-12-04T16:40:43.747+0700][2,896s][info   ][gc          ] GC(99) Concurrent Mark Cycle
[2024-12-04T16:40:43.747+0700][2,896s][info   ][gc,marking  ] GC(99) Concurrent Clear Claimed Marks
[2024-12-04T16:40:43.747+0700][2,896s][info   ][gc,marking  ] GC(99) Concurrent Clear Claimed Marks 0,014ms
[2024-12-04T16:40:43.747+0700][2,896s][info   ][gc,marking  ] GC(99) Concurrent Scan Root Regions
[2024-12-04T16:40:43.747+0700][2,896s][info   ][gc,marking  ] GC(99) Concurrent Scan Root Regions 0,007ms
[2024-12-04T16:40:43.747+0700][2,896s][info   ][gc,marking  ] GC(99) Concurrent Mark
[2024-12-04T16:40:43.747+0700][2,896s][info   ][gc,marking  ] GC(99) Concurrent Mark From Roots
[2024-12-04T16:40:43.747+0700][2,896s][info   ][gc,task     ] GC(99) Using 2 workers of 2 for marking
[2024-12-04T16:40:43.749+0700][2,898s][info   ][gc,marking  ] GC(99) Concurrent Mark From Roots 2,429ms
[2024-12-04T16:40:43.749+0700][2,898s][info   ][gc,marking  ] GC(99) Concurrent Preclean
[2024-12-04T16:40:43.749+0700][2,898s][info   ][gc,marking  ] GC(99) Concurrent Preclean 0,046ms
[2024-12-04T16:40:43.749+0700][2,898s][info   ][gc,start    ] GC(99) Pause Remark
[2024-12-04T16:40:43.750+0700][2,899s][info   ][gc          ] GC(99) Pause Remark 487M->487M(1046M) 0,501ms
[2024-12-04T16:40:43.750+0700][2,899s][info   ][gc,cpu      ] GC(99) User=0,00s Sys=0,00s Real=0,00s
[2024-12-04T16:40:43.750+0700][2,899s][info   ][gc,marking  ] GC(99) Concurrent Mark 3,060ms
[2024-12-04T16:40:43.750+0700][2,899s][info   ][gc,marking  ] GC(99) Concurrent Rebuild Remembered Sets
[2024-12-04T16:40:43.751+0700][2,900s][info   ][gc,marking  ] GC(99) Concurrent Rebuild Remembered Sets 0,947ms
[2024-12-04T16:40:43.751+0700][2,900s][info   ][gc,start    ] GC(99) Pause Cleanup
[2024-12-04T16:40:43.751+0700][2,900s][info   ][gc          ] GC(99) Pause Cleanup 487M->487M(1046M) 0,071ms
[2024-12-04T16:40:43.751+0700][2,900s][info   ][gc,cpu      ] GC(99) User=0,00s Sys=0,00s Real=0,00s
[2024-12-04T16:40:43.751+0700][2,900s][info   ][gc,marking  ] GC(99) Concurrent Cleanup for Next Mark
[2024-12-04T16:40:43.753+0700][2,902s][info   ][gc,marking  ] GC(99) Concurrent Cleanup for Next Mark 1,687ms
[2024-12-04T16:40:43.753+0700][2,902s][info   ][gc          ] GC(99) Concurrent Mark Cycle 5,933ms
[2024-12-04T16:40:43.758+0700][2,907s][info   ][gc,start    ] GC(100) Pause Young (Concurrent Start) (G1 Humongous Allocation)
[2024-12-04T16:40:43.758+0700][2,907s][info   ][gc,task     ] GC(100) Using 8 workers of 8 for evacuation
[2024-12-04T16:40:43.759+0700][2,908s][info   ][gc,phases   ] GC(100)   Pre Evacuate Collection Set: 0,1ms
[2024-12-04T16:40:43.759+0700][2,908s][info   ][gc,phases   ] GC(100)   Merge Heap Roots: 0,1ms
[2024-12-04T16:40:43.759+0700][2,908s][info   ][gc,phases   ] GC(100)   Evacuate Collection Set: 0,2ms
[2024-12-04T16:40:43.759+0700][2,908s][info   ][gc,phases   ] GC(100)   Post Evacuate Collection Set: 0,1ms
[2024-12-04T16:40:43.759+0700][2,908s][info   ][gc,phases   ] GC(100)   Other: 0,1ms
[2024-12-04T16:40:43.759+0700][2,908s][info   ][gc,heap     ] GC(100) Eden regions: 1->0(450)
[2024-12-04T16:40:43.759+0700][2,908s][info   ][gc,heap     ] GC(100) Survivor regions: 0->0(57)
[2024-12-04T16:40:43.759+0700][2,908s][info   ][gc,heap     ] GC(100) Old regions: 3->3
[2024-12-04T16:40:43.759+0700][2,908s][info   ][gc,heap     ] GC(100) Archive regions: 2->2
[2024-12-04T16:40:43.759+0700][2,908s][info   ][gc,heap     ] GC(100) Humongous regions: 485->485
[2024-12-04T16:40:43.759+0700][2,908s][info   ][gc,metaspace] GC(100) Metaspace: 5761K(6016K)->5761K(6016K) NonClass: 5100K(5248K)->5100K(5248K) Class: 660K(768K)->660K(768K)
[2024-12-04T16:40:43.759+0700][2,908s][info   ][gc          ] GC(100) Pause Young (Concurrent Start) (G1 Humongous Allocation) 488M->488M(1046M) 0,794ms
[2024-12-04T16:40:43.759+0700][2,908s][info   ][gc,cpu      ] GC(100) User=0,01s Sys=0,00s Real=0,00s
[2024-12-04T16:40:43.759+0700][2,908s][info   ][gc          ] GC(101) Concurrent Mark Cycle
[2024-12-04T16:40:43.759+0700][2,908s][info   ][gc,marking  ] GC(101) Concurrent Clear Claimed Marks
[2024-12-04T16:40:43.759+0700][2,908s][info   ][gc,marking  ] GC(101) Concurrent Clear Claimed Marks 0,021ms
[2024-12-04T16:40:43.759+0700][2,908s][info   ][gc,marking  ] GC(101) Concurrent Scan Root Regions
[2024-12-04T16:40:43.759+0700][2,908s][info   ][gc,marking  ] GC(101) Concurrent Scan Root Regions 0,004ms
[2024-12-04T16:40:43.759+0700][2,908s][info   ][gc,marking  ] GC(101) Concurrent Mark
[2024-12-04T16:40:43.759+0700][2,908s][info   ][gc,marking  ] GC(101) Concurrent Mark From Roots
[2024-12-04T16:40:43.759+0700][2,908s][info   ][gc,task     ] GC(101) Using 2 workers of 2 for marking
[2024-12-04T16:40:43.762+0700][2,911s][info   ][gc,marking  ] GC(101) Concurrent Mark From Roots 2,864ms
[2024-12-04T16:40:43.762+0700][2,911s][info   ][gc,marking  ] GC(101) Concurrent Preclean
[2024-12-04T16:40:43.762+0700][2,911s][info   ][gc,marking  ] GC(101) Concurrent Preclean 0,046ms
[2024-12-04T16:40:43.762+0700][2,911s][info   ][gc,start    ] GC(101) Pause Remark
[2024-12-04T16:40:43.763+0700][2,912s][info   ][gc          ] GC(101) Pause Remark 489M->489M(1046M) 0,609ms
[2024-12-04T16:40:43.763+0700][2,912s][info   ][gc,cpu      ] GC(101) User=0,00s Sys=0,01s Real=0,00s
[2024-12-04T16:40:43.763+0700][2,912s][info   ][gc,marking  ] GC(101) Concurrent Mark 3,652ms
[2024-12-04T16:40:43.763+0700][2,912s][info   ][gc,marking  ] GC(101) Concurrent Rebuild Remembered Sets
[2024-12-04T16:40:43.764+0700][2,913s][info   ][gc,marking  ] GC(101) Concurrent Rebuild Remembered Sets 1,214ms
[2024-12-04T16:40:43.764+0700][2,913s][info   ][gc,start    ] GC(101) Pause Cleanup
[2024-12-04T16:40:43.764+0700][2,913s][info   ][gc          ] GC(101) Pause Cleanup 489M->489M(1046M) 0,126ms
[2024-12-04T16:40:43.764+0700][2,913s][info   ][gc,cpu      ] GC(101) User=0,00s Sys=0,00s Real=0,00s
[2024-12-04T16:40:43.764+0700][2,913s][info   ][gc,marking  ] GC(101) Concurrent Cleanup for Next Mark
[2024-12-04T16:40:43.766+0700][2,915s][info   ][gc,marking  ] GC(101) Concurrent Cleanup for Next Mark 1,663ms
[2024-12-04T16:40:43.766+0700][2,915s][info   ][gc          ] GC(101) Concurrent Mark Cycle 6,848ms
[2024-12-04T16:40:43.771+0700][2,920s][info   ][gc,start    ] GC(102) Pause Young (Concurrent Start) (G1 Humongous Allocation)
[2024-12-04T16:40:43.771+0700][2,920s][info   ][gc,task     ] GC(102) Using 8 workers of 8 for evacuation
[2024-12-04T16:40:43.772+0700][2,921s][info   ][gc,phases   ] GC(102)   Pre Evacuate Collection Set: 0,2ms
[2024-12-04T16:40:43.772+0700][2,921s][info   ][gc,phases   ] GC(102)   Merge Heap Roots: 0,1ms
[2024-12-04T16:40:43.772+0700][2,921s][info   ][gc,phases   ] GC(102)   Evacuate Collection Set: 0,3ms
[2024-12-04T16:40:43.772+0700][2,921s][info   ][gc,phases   ] GC(102)   Post Evacuate Collection Set: 0,6ms
[2024-12-04T16:40:43.772+0700][2,921s][info   ][gc,phases   ] GC(102)   Other: 0,1ms
[2024-12-04T16:40:43.772+0700][2,921s][info   ][gc,heap     ] GC(102) Eden regions: 1->0(499)
[2024-12-04T16:40:43.772+0700][2,921s][info   ][gc,heap     ] GC(102) Survivor regions: 0->0(57)
[2024-12-04T16:40:43.772+0700][2,921s][info   ][gc,heap     ] GC(102) Old regions: 3->3
[2024-12-04T16:40:43.772+0700][2,921s][info   ][gc,heap     ] GC(102) Archive regions: 2->2
[2024-12-04T16:40:43.772+0700][2,921s][info   ][gc,heap     ] GC(102) Humongous regions: 487->487
[2024-12-04T16:40:43.772+0700][2,921s][info   ][gc,metaspace] GC(102) Metaspace: 5761K(6016K)->5761K(6016K) NonClass: 5100K(5248K)->5100K(5248K) Class: 660K(768K)->660K(768K)
[2024-12-04T16:40:43.772+0700][2,921s][info   ][gc          ] GC(102) Pause Young (Concurrent Start) (G1 Humongous Allocation) 490M->490M(1103M) 1,482ms
[2024-12-04T16:40:43.772+0700][2,921s][info   ][gc,cpu      ] GC(102) User=0,00s Sys=0,00s Real=0,00s
[2024-12-04T16:40:43.772+0700][2,921s][info   ][gc          ] GC(103) Concurrent Undo Cycle
[2024-12-04T16:40:43.772+0700][2,921s][info   ][gc,marking  ] GC(103) Concurrent Cleanup for Next Mark
[2024-12-04T16:40:43.774+0700][2,923s][info   ][gc,marking  ] GC(103) Concurrent Cleanup for Next Mark 1,950ms
[2024-12-04T16:40:43.774+0700][2,923s][info   ][gc          ] GC(103) Concurrent Undo Cycle 2,005ms
[2024-12-04T16:40:43.795+0700][2,944s][info   ][gc,start    ] GC(104) Pause Young (Concurrent Start) (G1 Humongous Allocation)
[2024-12-04T16:40:43.795+0700][2,944s][info   ][gc,task     ] GC(104) Using 8 workers of 8 for evacuation
[2024-12-04T16:40:43.796+0700][2,945s][info   ][gc,phases   ] GC(104)   Pre Evacuate Collection Set: 0,2ms
[2024-12-04T16:40:43.796+0700][2,945s][info   ][gc,phases   ] GC(104)   Merge Heap Roots: 0,1ms
[2024-12-04T16:40:43.796+0700][2,945s][info   ][gc,phases   ] GC(104)   Evacuate Collection Set: 0,5ms
[2024-12-04T16:40:43.796+0700][2,945s][info   ][gc,phases   ] GC(104)   Post Evacuate Collection Set: 0,1ms
[2024-12-04T16:40:43.796+0700][2,945s][info   ][gc,phases   ] GC(104)   Other: 0,2ms
[2024-12-04T16:40:43.796+0700][2,945s][info   ][gc,heap     ] GC(104) Eden regions: 1->0(495)
[2024-12-04T16:40:43.796+0700][2,945s][info   ][gc,heap     ] GC(104) Survivor regions: 0->0(63)
[2024-12-04T16:40:43.796+0700][2,945s][info   ][gc,heap     ] GC(104) Old regions: 3->3
[2024-12-04T16:40:43.796+0700][2,945s][info   ][gc,heap     ] GC(104) Archive regions: 2->2
[2024-12-04T16:40:43.796+0700][2,945s][info   ][gc,heap     ] GC(104) Humongous regions: 491->491
[2024-12-04T16:40:43.796+0700][2,945s][info   ][gc,metaspace] GC(104) Metaspace: 5761K(6016K)->5761K(6016K) NonClass: 5100K(5248K)->5100K(5248K) Class: 660K(768K)->660K(768K)
[2024-12-04T16:40:43.796+0700][2,945s][info   ][gc          ] GC(104) Pause Young (Concurrent Start) (G1 Humongous Allocation) 494M->494M(1103M) 1,274ms
[2024-12-04T16:40:43.796+0700][2,945s][info   ][gc,cpu      ] GC(104) User=0,00s Sys=0,00s Real=0,00s
[2024-12-04T16:40:43.796+0700][2,945s][info   ][gc          ] GC(105) Concurrent Undo Cycle
[2024-12-04T16:40:43.796+0700][2,945s][info   ][gc,marking  ] GC(105) Concurrent Cleanup for Next Mark
[2024-12-04T16:40:43.799+0700][2,947s][info   ][gc,marking  ] GC(105) Concurrent Cleanup for Next Mark 2,598ms
[2024-12-04T16:40:43.799+0700][2,948s][info   ][gc          ] GC(105) Concurrent Undo Cycle 2,664ms
[2024-12-04T16:40:43.802+0700][2,951s][info   ][gc,start    ] GC(106) Pause Young (Concurrent Start) (G1 Humongous Allocation)
[2024-12-04T16:40:43.802+0700][2,951s][info   ][gc,task     ] GC(106) Using 8 workers of 8 for evacuation
[2024-12-04T16:40:43.803+0700][2,952s][info   ][gc,phases   ] GC(106)   Pre Evacuate Collection Set: 0,1ms
[2024-12-04T16:40:43.803+0700][2,952s][info   ][gc,phases   ] GC(106)   Merge Heap Roots: 0,1ms
[2024-12-04T16:40:43.803+0700][2,952s][info   ][gc,phases   ] GC(106)   Evacuate Collection Set: 0,3ms
[2024-12-04T16:40:43.803+0700][2,952s][info   ][gc,phases   ] GC(106)   Post Evacuate Collection Set: 0,1ms
[2024-12-04T16:40:43.803+0700][2,952s][info   ][gc,phases   ] GC(106)   Other: 0,1ms
[2024-12-04T16:40:43.803+0700][2,952s][info   ][gc,heap     ] GC(106) Eden regions: 1->0(494)
[2024-12-04T16:40:43.803+0700][2,952s][info   ][gc,heap     ] GC(106) Survivor regions: 0->0(62)
[2024-12-04T16:40:43.803+0700][2,952s][info   ][gc,heap     ] GC(106) Old regions: 3->3
[2024-12-04T16:40:43.803+0700][2,952s][info   ][gc,heap     ] GC(106) Archive regions: 2->2
[2024-12-04T16:40:43.803+0700][2,952s][info   ][gc,heap     ] GC(106) Humongous regions: 492->492
[2024-12-04T16:40:43.803+0700][2,952s][info   ][gc,metaspace] GC(106) Metaspace: 5761K(6016K)->5761K(6016K) NonClass: 5100K(5248K)->5100K(5248K) Class: 660K(768K)->660K(768K)
[2024-12-04T16:40:43.803+0700][2,952s][info   ][gc          ] GC(106) Pause Young (Concurrent Start) (G1 Humongous Allocation) 495M->495M(1103M) 0,757ms
[2024-12-04T16:40:43.803+0700][2,952s][info   ][gc,cpu      ] GC(106) User=0,00s Sys=0,00s Real=0,00s
[2024-12-04T16:40:43.803+0700][2,952s][info   ][gc          ] GC(107) Concurrent Mark Cycle
[2024-12-04T16:40:43.803+0700][2,952s][info   ][gc,marking  ] GC(107) Concurrent Clear Claimed Marks
[2024-12-04T16:40:43.803+0700][2,952s][info   ][gc,marking  ] GC(107) Concurrent Clear Claimed Marks 0,007ms
[2024-12-04T16:40:43.803+0700][2,952s][info   ][gc,marking  ] GC(107) Concurrent Scan Root Regions
[2024-12-04T16:40:43.803+0700][2,952s][info   ][gc,marking  ] GC(107) Concurrent Scan Root Regions 0,005ms
[2024-12-04T16:40:43.803+0700][2,952s][info   ][gc,marking  ] GC(107) Concurrent Mark
[2024-12-04T16:40:43.803+0700][2,952s][info   ][gc,marking  ] GC(107) Concurrent Mark From Roots
[2024-12-04T16:40:43.803+0700][2,952s][info   ][gc,task     ] GC(107) Using 2 workers of 2 for marking
[2024-12-04T16:40:43.805+0700][2,954s][info   ][gc,marking  ] GC(107) Concurrent Mark From Roots 2,471ms
[2024-12-04T16:40:43.805+0700][2,954s][info   ][gc,marking  ] GC(107) Concurrent Preclean
[2024-12-04T16:40:43.805+0700][2,954s][info   ][gc,marking  ] GC(107) Concurrent Preclean 0,051ms
[2024-12-04T16:40:43.805+0700][2,954s][info   ][gc,start    ] GC(107) Pause Remark
[2024-12-04T16:40:43.806+0700][2,955s][info   ][gc          ] GC(107) Pause Remark 496M->496M(1103M) 0,646ms
[2024-12-04T16:40:43.806+0700][2,955s][info   ][gc,cpu      ] GC(107) User=0,01s Sys=0,00s Real=0,00s
[2024-12-04T16:40:43.806+0700][2,955s][info   ][gc,marking  ] GC(107) Concurrent Mark 3,290ms
[2024-12-04T16:40:43.806+0700][2,955s][info   ][gc,marking  ] GC(107) Concurrent Rebuild Remembered Sets
[2024-12-04T16:40:43.808+0700][2,957s][info   ][gc,marking  ] GC(107) Concurrent Rebuild Remembered Sets 1,502ms
[2024-12-04T16:40:43.808+0700][2,957s][info   ][gc,start    ] GC(107) Pause Cleanup
[2024-12-04T16:40:43.808+0700][2,957s][info   ][gc          ] GC(107) Pause Cleanup 496M->496M(1103M) 0,123ms
[2024-12-04T16:40:43.808+0700][2,957s][info   ][gc,cpu      ] GC(107) User=0,00s Sys=0,00s Real=0,00s
[2024-12-04T16:40:43.808+0700][2,957s][info   ][gc,marking  ] GC(107) Concurrent Cleanup for Next Mark
[2024-12-04T16:40:43.810+0700][2,959s][info   ][gc,marking  ] GC(107) Concurrent Cleanup for Next Mark 2,044ms
[2024-12-04T16:40:43.810+0700][2,959s][info   ][gc          ] GC(107) Concurrent Mark Cycle 7,160ms
[2024-12-04T16:40:43.815+0700][2,963s][info   ][gc,start    ] GC(108) Pause Young (Concurrent Start) (G1 Humongous Allocation)
[2024-12-04T16:40:43.815+0700][2,964s][info   ][gc,task     ] GC(108) Using 8 workers of 8 for evacuation
[2024-12-04T16:40:43.817+0700][2,966s][info   ][gc,phases   ] GC(108)   Pre Evacuate Collection Set: 0,9ms
[2024-12-04T16:40:43.817+0700][2,966s][info   ][gc,phases   ] GC(108)   Merge Heap Roots: 0,2ms
[2024-12-04T16:40:43.817+0700][2,966s][info   ][gc,phases   ] GC(108)   Evacuate Collection Set: 0,8ms
[2024-12-04T16:40:43.817+0700][2,966s][info   ][gc,phases   ] GC(108)   Post Evacuate Collection Set: 0,2ms
[2024-12-04T16:40:43.817+0700][2,966s][info   ][gc,phases   ] GC(108)   Other: 0,3ms
[2024-12-04T16:40:43.817+0700][2,966s][info   ][gc,heap     ] GC(108) Eden regions: 1->0(492)
[2024-12-04T16:40:43.817+0700][2,966s][info   ][gc,heap     ] GC(108) Survivor regions: 0->0(62)
[2024-12-04T16:40:43.817+0700][2,966s][info   ][gc,heap     ] GC(108) Old regions: 3->3
[2024-12-04T16:40:43.817+0700][2,966s][info   ][gc,heap     ] GC(108) Archive regions: 2->2
[2024-12-04T16:40:43.817+0700][2,966s][info   ][gc,heap     ] GC(108) Humongous regions: 494->494
[2024-12-04T16:40:43.817+0700][2,966s][info   ][gc,metaspace] GC(108) Metaspace: 5761K(6016K)->5761K(6016K) NonClass: 5100K(5248K)->5100K(5248K) Class: 660K(768K)->660K(768K)
[2024-12-04T16:40:43.817+0700][2,966s][info   ][gc          ] GC(108) Pause Young (Concurrent Start) (G1 Humongous Allocation) 497M->497M(1103M) 2,386ms
[2024-12-04T16:40:43.817+0700][2,966s][info   ][gc,cpu      ] GC(108) User=0,00s Sys=0,00s Real=0,00s
[2024-12-04T16:40:43.817+0700][2,966s][info   ][gc          ] GC(109) Concurrent Mark Cycle
[2024-12-04T16:40:43.817+0700][2,966s][info   ][gc,marking  ] GC(109) Concurrent Clear Claimed Marks
[2024-12-04T16:40:43.817+0700][2,966s][info   ][gc,marking  ] GC(109) Concurrent Clear Claimed Marks 0,013ms
[2024-12-04T16:40:43.817+0700][2,966s][info   ][gc,marking  ] GC(109) Concurrent Scan Root Regions
[2024-12-04T16:40:43.817+0700][2,966s][info   ][gc,marking  ] GC(109) Concurrent Scan Root Regions 0,006ms
[2024-12-04T16:40:43.817+0700][2,966s][info   ][gc,marking  ] GC(109) Concurrent Mark
[2024-12-04T16:40:43.817+0700][2,966s][info   ][gc,marking  ] GC(109) Concurrent Mark From Roots
[2024-12-04T16:40:43.817+0700][2,966s][info   ][gc,task     ] GC(109) Using 2 workers of 2 for marking
[2024-12-04T16:40:43.821+0700][2,969s][info   ][gc,marking  ] GC(109) Concurrent Mark From Roots 3,507ms
[2024-12-04T16:40:43.821+0700][2,969s][info   ][gc,marking  ] GC(109) Concurrent Preclean
[2024-12-04T16:40:43.821+0700][2,970s][info   ][gc,marking  ] GC(109) Concurrent Preclean 0,079ms
[2024-12-04T16:40:43.821+0700][2,970s][info   ][gc,start    ] GC(109) Pause Remark
[2024-12-04T16:40:43.821+0700][2,970s][info   ][gc          ] GC(109) Pause Remark 498M->498M(1103M) 0,693ms
[2024-12-04T16:40:43.821+0700][2,970s][info   ][gc,cpu      ] GC(109) User=0,00s Sys=0,00s Real=0,00s
[2024-12-04T16:40:43.821+0700][2,970s][info   ][gc,marking  ] GC(109) Concurrent Mark 4,411ms
[2024-12-04T16:40:43.821+0700][2,970s][info   ][gc,marking  ] GC(109) Concurrent Rebuild Remembered Sets
[2024-12-04T16:40:43.823+0700][2,971s][info   ][gc,marking  ] GC(109) Concurrent Rebuild Remembered Sets 1,071ms
[2024-12-04T16:40:43.823+0700][2,971s][info   ][gc,start    ] GC(109) Pause Cleanup
[2024-12-04T16:40:43.823+0700][2,972s][info   ][gc          ] GC(109) Pause Cleanup 498M->498M(1103M) 0,066ms
[2024-12-04T16:40:43.823+0700][2,972s][info   ][gc,cpu      ] GC(109) User=0,00s Sys=0,00s Real=0,00s
[2024-12-04T16:40:43.823+0700][2,972s][info   ][gc,marking  ] GC(109) Concurrent Cleanup for Next Mark
[2024-12-04T16:40:43.825+0700][2,973s][info   ][gc,marking  ] GC(109) Concurrent Cleanup for Next Mark 1,875ms
[2024-12-04T16:40:43.825+0700][2,973s][info   ][gc          ] GC(109) Concurrent Mark Cycle 7,594ms
[2024-12-04T16:40:43.829+0700][2,978s][info   ][gc,start    ] GC(110) Pause Young (Concurrent Start) (G1 Humongous Allocation)
[2024-12-04T16:40:43.829+0700][2,978s][info   ][gc,task     ] GC(110) Using 8 workers of 8 for evacuation
[2024-12-04T16:40:43.830+0700][2,979s][info   ][gc,phases   ] GC(110)   Pre Evacuate Collection Set: 0,2ms
[2024-12-04T16:40:43.830+0700][2,979s][info   ][gc,phases   ] GC(110)   Merge Heap Roots: 0,1ms
[2024-12-04T16:40:43.830+0700][2,979s][info   ][gc,phases   ] GC(110)   Evacuate Collection Set: 0,3ms
[2024-12-04T16:40:43.830+0700][2,979s][info   ][gc,phases   ] GC(110)   Post Evacuate Collection Set: 0,1ms
[2024-12-04T16:40:43.830+0700][2,979s][info   ][gc,phases   ] GC(110)   Other: 0,2ms
[2024-12-04T16:40:43.830+0700][2,979s][info   ][gc,heap     ] GC(110) Eden regions: 1->0(490)
[2024-12-04T16:40:43.830+0700][2,979s][info   ][gc,heap     ] GC(110) Survivor regions: 0->0(62)
[2024-12-04T16:40:43.830+0700][2,979s][info   ][gc,heap     ] GC(110) Old regions: 3->3
[2024-12-04T16:40:43.830+0700][2,979s][info   ][gc,heap     ] GC(110) Archive regions: 2->2
[2024-12-04T16:40:43.830+0700][2,979s][info   ][gc,heap     ] GC(110) Humongous regions: 496->496
[2024-12-04T16:40:43.830+0700][2,979s][info   ][gc,metaspace] GC(110) Metaspace: 5761K(6016K)->5761K(6016K) NonClass: 5100K(5248K)->5100K(5248K) Class: 660K(768K)->660K(768K)
[2024-12-04T16:40:43.830+0700][2,979s][info   ][gc          ] GC(110) Pause Young (Concurrent Start) (G1 Humongous Allocation) 499M->499M(1103M) 0,883ms
[2024-12-04T16:40:43.830+0700][2,979s][info   ][gc,cpu      ] GC(110) User=0,00s Sys=0,00s Real=0,00s
[2024-12-04T16:40:43.830+0700][2,979s][info   ][gc          ] GC(111) Concurrent Mark Cycle
[2024-12-04T16:40:43.830+0700][2,979s][info   ][gc,marking  ] GC(111) Concurrent Clear Claimed Marks
[2024-12-04T16:40:43.830+0700][2,979s][info   ][gc,marking  ] GC(111) Concurrent Clear Claimed Marks 0,008ms
[2024-12-04T16:40:43.830+0700][2,979s][info   ][gc,marking  ] GC(111) Concurrent Scan Root Regions
[2024-12-04T16:40:43.830+0700][2,979s][info   ][gc,marking  ] GC(111) Concurrent Scan Root Regions 0,004ms
[2024-12-04T16:40:43.830+0700][2,979s][info   ][gc,marking  ] GC(111) Concurrent Mark
[2024-12-04T16:40:43.830+0700][2,979s][info   ][gc,marking  ] GC(111) Concurrent Mark From Roots
[2024-12-04T16:40:43.830+0700][2,979s][info   ][gc,task     ] GC(111) Using 2 workers of 2 for marking
[2024-12-04T16:40:43.833+0700][2,982s][info   ][gc,marking  ] GC(111) Concurrent Mark From Roots 3,347ms
[2024-12-04T16:40:43.833+0700][2,982s][info   ][gc,marking  ] GC(111) Concurrent Preclean
[2024-12-04T16:40:43.833+0700][2,982s][info   ][gc,marking  ] GC(111) Concurrent Preclean 0,052ms
[2024-12-04T16:40:43.833+0700][2,982s][info   ][gc,start    ] GC(111) Pause Remark
[2024-12-04T16:40:43.834+0700][2,983s][info   ][gc          ] GC(111) Pause Remark 500M->500M(1103M) 0,734ms
[2024-12-04T16:40:43.834+0700][2,983s][info   ][gc,cpu      ] GC(111) User=0,00s Sys=0,00s Real=0,00s
[2024-12-04T16:40:43.834+0700][2,983s][info   ][gc,marking  ] GC(111) Concurrent Mark 4,355ms
[2024-12-04T16:40:43.834+0700][2,983s][info   ][gc,marking  ] GC(111) Concurrent Rebuild Remembered Sets
[2024-12-04T16:40:43.835+0700][2,984s][info   ][gc,marking  ] GC(111) Concurrent Rebuild Remembered Sets 1,225ms
[2024-12-04T16:40:43.836+0700][2,985s][info   ][gc,start    ] GC(111) Pause Cleanup
[2024-12-04T16:40:43.836+0700][2,985s][info   ][gc          ] GC(111) Pause Cleanup 501M->501M(1103M) 0,183ms
[2024-12-04T16:40:43.836+0700][2,985s][info   ][gc,cpu      ] GC(111) User=0,00s Sys=0,00s Real=0,00s
[2024-12-04T16:40:43.836+0700][2,985s][info   ][gc,marking  ] GC(111) Concurrent Cleanup for Next Mark
[2024-12-04T16:40:43.839+0700][2,988s][info   ][gc,marking  ] GC(111) Concurrent Cleanup for Next Mark 2,481ms
[2024-12-04T16:40:43.839+0700][2,988s][info   ][gc          ] GC(111) Concurrent Mark Cycle 8,933ms
[2024-12-04T16:40:43.842+0700][2,990s][info   ][gc,start    ] GC(112) Pause Young (Concurrent Start) (G1 Humongous Allocation)
[2024-12-04T16:40:43.842+0700][2,990s][info   ][gc,task     ] GC(112) Using 8 workers of 8 for evacuation
[2024-12-04T16:40:43.842+0700][2,991s][info   ][gc,phases   ] GC(112)   Pre Evacuate Collection Set: 0,2ms
[2024-12-04T16:40:43.843+0700][2,991s][info   ][gc,phases   ] GC(112)   Merge Heap Roots: 0,1ms
[2024-12-04T16:40:43.843+0700][2,991s][info   ][gc,phases   ] GC(112)   Evacuate Collection Set: 0,3ms
[2024-12-04T16:40:43.843+0700][2,991s][info   ][gc,phases   ] GC(112)   Post Evacuate Collection Set: 0,1ms
[2024-12-04T16:40:43.843+0700][2,991s][info   ][gc,phases   ] GC(112)   Other: 0,2ms
[2024-12-04T16:40:43.843+0700][2,991s][info   ][gc,heap     ] GC(112) Eden regions: 1->0(488)
[2024-12-04T16:40:43.843+0700][2,991s][info   ][gc,heap     ] GC(112) Survivor regions: 0->0(62)
[2024-12-04T16:40:43.843+0700][2,991s][info   ][gc,heap     ] GC(112) Old regions: 3->3
[2024-12-04T16:40:43.843+0700][2,991s][info   ][gc,heap     ] GC(112) Archive regions: 2->2
[2024-12-04T16:40:43.843+0700][2,991s][info   ][gc,heap     ] GC(112) Humongous regions: 498->498
[2024-12-04T16:40:43.843+0700][2,991s][info   ][gc,metaspace] GC(112) Metaspace: 5761K(6016K)->5761K(6016K) NonClass: 5100K(5248K)->5100K(5248K) Class: 660K(768K)->660K(768K)
[2024-12-04T16:40:43.843+0700][2,991s][info   ][gc          ] GC(112) Pause Young (Concurrent Start) (G1 Humongous Allocation) 501M->501M(1103M) 1,014ms
[2024-12-04T16:40:43.843+0700][2,991s][info   ][gc,cpu      ] GC(112) User=0,00s Sys=0,00s Real=0,00s
[2024-12-04T16:40:43.843+0700][2,991s][info   ][gc          ] GC(113) Concurrent Mark Cycle
[2024-12-04T16:40:43.843+0700][2,992s][info   ][gc,marking  ] GC(113) Concurrent Clear Claimed Marks
[2024-12-04T16:40:43.843+0700][2,992s][info   ][gc,marking  ] GC(113) Concurrent Clear Claimed Marks 0,012ms
[2024-12-04T16:40:43.843+0700][2,992s][info   ][gc,marking  ] GC(113) Concurrent Scan Root Regions
[2024-12-04T16:40:43.843+0700][2,992s][info   ][gc,marking  ] GC(113) Concurrent Scan Root Regions 0,004ms
[2024-12-04T16:40:43.843+0700][2,992s][info   ][gc,marking  ] GC(113) Concurrent Mark
[2024-12-04T16:40:43.843+0700][2,992s][info   ][gc,marking  ] GC(113) Concurrent Mark From Roots
[2024-12-04T16:40:43.843+0700][2,992s][info   ][gc,task     ] GC(113) Using 2 workers of 2 for marking
[2024-12-04T16:40:43.845+0700][2,994s][info   ][gc,marking  ] GC(113) Concurrent Mark From Roots 2,801ms
[2024-12-04T16:40:43.845+0700][2,994s][info   ][gc,marking  ] GC(113) Concurrent Preclean
[2024-12-04T16:40:43.846+0700][2,994s][info   ][gc,marking  ] GC(113) Concurrent Preclean 0,050ms
[2024-12-04T16:40:43.846+0700][2,994s][info   ][gc,start    ] GC(113) Pause Remark
[2024-12-04T16:40:43.846+0700][2,995s][info   ][gc          ] GC(113) Pause Remark 502M->502M(1103M) 0,630ms
[2024-12-04T16:40:43.846+0700][2,995s][info   ][gc,cpu      ] GC(113) User=0,00s Sys=0,00s Real=0,00s
[2024-12-04T16:40:43.846+0700][2,995s][info   ][gc,marking  ] GC(113) Concurrent Mark 3,598ms
[2024-12-04T16:40:43.846+0700][2,995s][info   ][gc,marking  ] GC(113) Concurrent Rebuild Remembered Sets
[2024-12-04T16:40:43.847+0700][2,996s][info   ][gc,marking  ] GC(113) Concurrent Rebuild Remembered Sets 1,077ms
[2024-12-04T16:40:43.847+0700][2,996s][info   ][gc,start    ] GC(113) Pause Cleanup
[2024-12-04T16:40:43.847+0700][2,996s][info   ][gc          ] GC(113) Pause Cleanup 502M->502M(1103M) 0,081ms
[2024-12-04T16:40:43.847+0700][2,996s][info   ][gc,cpu      ] GC(113) User=0,00s Sys=0,00s Real=0,00s
[2024-12-04T16:40:43.847+0700][2,996s][info   ][gc,marking  ] GC(113) Concurrent Cleanup for Next Mark
[2024-12-04T16:40:43.849+0700][2,998s][info   ][gc,marking  ] GC(113) Concurrent Cleanup for Next Mark 1,909ms
[2024-12-04T16:40:43.849+0700][2,998s][info   ][gc          ] GC(113) Concurrent Mark Cycle 6,826ms
[2024-12-04T16:40:43.854+0700][3,003s][info   ][gc,start    ] GC(114) Pause Young (Concurrent Start) (G1 Humongous Allocation)
[2024-12-04T16:40:43.854+0700][3,003s][info   ][gc,task     ] GC(114) Using 8 workers of 8 for evacuation
[2024-12-04T16:40:43.855+0700][3,004s][info   ][gc,phases   ] GC(114)   Pre Evacuate Collection Set: 0,2ms
[2024-12-04T16:40:43.855+0700][3,004s][info   ][gc,phases   ] GC(114)   Merge Heap Roots: 0,2ms
[2024-12-04T16:40:43.855+0700][3,004s][info   ][gc,phases   ] GC(114)   Evacuate Collection Set: 0,2ms
[2024-12-04T16:40:43.855+0700][3,004s][info   ][gc,phases   ] GC(114)   Post Evacuate Collection Set: 0,1ms
[2024-12-04T16:40:43.855+0700][3,004s][info   ][gc,phases   ] GC(114)   Other: 0,2ms
[2024-12-04T16:40:43.855+0700][3,004s][info   ][gc,heap     ] GC(114) Eden regions: 1->0(486)
[2024-12-04T16:40:43.855+0700][3,004s][info   ][gc,heap     ] GC(114) Survivor regions: 0->0(61)
[2024-12-04T16:40:43.855+0700][3,004s][info   ][gc,heap     ] GC(114) Old regions: 3->3
[2024-12-04T16:40:43.855+0700][3,004s][info   ][gc,heap     ] GC(114) Archive regions: 2->2
[2024-12-04T16:40:43.855+0700][3,004s][info   ][gc,heap     ] GC(114) Humongous regions: 500->500
[2024-12-04T16:40:43.855+0700][3,004s][info   ][gc,metaspace] GC(114) Metaspace: 5761K(6016K)->5761K(6016K) NonClass: 5100K(5248K)->5100K(5248K) Class: 660K(768K)->660K(768K)
[2024-12-04T16:40:43.855+0700][3,004s][info   ][gc          ] GC(114) Pause Young (Concurrent Start) (G1 Humongous Allocation) 503M->503M(1103M) 1,002ms
[2024-12-04T16:40:43.855+0700][3,004s][info   ][gc,cpu      ] GC(114) User=0,00s Sys=0,00s Real=0,00s
[2024-12-04T16:40:43.855+0700][3,004s][info   ][gc          ] GC(115) Concurrent Mark Cycle
[2024-12-04T16:40:43.855+0700][3,004s][info   ][gc,marking  ] GC(115) Concurrent Clear Claimed Marks
[2024-12-04T16:40:43.855+0700][3,004s][info   ][gc,marking  ] GC(115) Concurrent Clear Claimed Marks 0,014ms
[2024-12-04T16:40:43.855+0700][3,004s][info   ][gc,marking  ] GC(115) Concurrent Scan Root Regions
[2024-12-04T16:40:43.855+0700][3,004s][info   ][gc,marking  ] GC(115) Concurrent Scan Root Regions 0,004ms
[2024-12-04T16:40:43.855+0700][3,004s][info   ][gc,marking  ] GC(115) Concurrent Mark
[2024-12-04T16:40:43.855+0700][3,004s][info   ][gc,marking  ] GC(115) Concurrent Mark From Roots
[2024-12-04T16:40:43.855+0700][3,004s][info   ][gc,task     ] GC(115) Using 2 workers of 2 for marking
[2024-12-04T16:40:43.858+0700][3,007s][info   ][gc,marking  ] GC(115) Concurrent Mark From Roots 2,968ms
[2024-12-04T16:40:43.858+0700][3,007s][info   ][gc,marking  ] GC(115) Concurrent Preclean
[2024-12-04T16:40:43.858+0700][3,007s][info   ][gc,marking  ] GC(115) Concurrent Preclean 0,055ms
[2024-12-04T16:40:43.858+0700][3,007s][info   ][gc,start    ] GC(115) Pause Remark
[2024-12-04T16:40:43.859+0700][3,008s][info   ][gc          ] GC(115) Pause Remark 504M->504M(1103M) 0,852ms
[2024-12-04T16:40:43.859+0700][3,008s][info   ][gc,cpu      ] GC(115) User=0,00s Sys=0,01s Real=0,00s
[2024-12-04T16:40:43.859+0700][3,008s][info   ][gc,marking  ] GC(115) Concurrent Mark 4,041ms
[2024-12-04T16:40:43.859+0700][3,008s][info   ][gc,marking  ] GC(115) Concurrent Rebuild Remembered Sets
[2024-12-04T16:40:43.861+0700][3,009s][info   ][gc,marking  ] GC(115) Concurrent Rebuild Remembered Sets 1,144ms
[2024-12-04T16:40:43.861+0700][3,009s][info   ][gc,start    ] GC(115) Pause Cleanup
[2024-12-04T16:40:43.861+0700][3,010s][info   ][gc          ] GC(115) Pause Cleanup 504M->504M(1103M) 0,109ms
[2024-12-04T16:40:43.861+0700][3,010s][info   ][gc,cpu      ] GC(115) User=0,00s Sys=0,00s Real=0,00s
[2024-12-04T16:40:43.861+0700][3,010s][info   ][gc,marking  ] GC(115) Concurrent Cleanup for Next Mark
[2024-12-04T16:40:43.863+0700][3,011s][info   ][gc,marking  ] GC(115) Concurrent Cleanup for Next Mark 1,880ms
[2024-12-04T16:40:43.863+0700][3,012s][info   ][gc          ] GC(115) Concurrent Mark Cycle 7,356ms
[2024-12-04T16:40:43.867+0700][3,016s][info   ][gc,start    ] GC(116) Pause Young (Concurrent Start) (G1 Humongous Allocation)
[2024-12-04T16:40:43.867+0700][3,016s][info   ][gc,task     ] GC(116) Using 8 workers of 8 for evacuation
[2024-12-04T16:40:43.868+0700][3,017s][info   ][gc,phases   ] GC(116)   Pre Evacuate Collection Set: 0,2ms
[2024-12-04T16:40:43.868+0700][3,017s][info   ][gc,phases   ] GC(116)   Merge Heap Roots: 0,1ms
[2024-12-04T16:40:43.868+0700][3,017s][info   ][gc,phases   ] GC(116)   Evacuate Collection Set: 0,4ms
[2024-12-04T16:40:43.868+0700][3,017s][info   ][gc,phases   ] GC(116)   Post Evacuate Collection Set: 0,1ms
[2024-12-04T16:40:43.868+0700][3,017s][info   ][gc,phases   ] GC(116)   Other: 0,2ms
[2024-12-04T16:40:43.868+0700][3,017s][info   ][gc,heap     ] GC(116) Eden regions: 1->0(484)
[2024-12-04T16:40:43.868+0700][3,017s][info   ][gc,heap     ] GC(116) Survivor regions: 0->0(61)
[2024-12-04T16:40:43.868+0700][3,017s][info   ][gc,heap     ] GC(116) Old regions: 3->3
[2024-12-04T16:40:43.868+0700][3,017s][info   ][gc,heap     ] GC(116) Archive regions: 2->2
[2024-12-04T16:40:43.868+0700][3,017s][info   ][gc,heap     ] GC(116) Humongous regions: 502->502
[2024-12-04T16:40:43.868+0700][3,017s][info   ][gc,metaspace] GC(116) Metaspace: 5761K(6016K)->5761K(6016K) NonClass: 5100K(5248K)->5100K(5248K) Class: 660K(768K)->660K(768K)
[2024-12-04T16:40:43.868+0700][3,017s][info   ][gc          ] GC(116) Pause Young (Concurrent Start) (G1 Humongous Allocation) 505M->505M(1103M) 1,037ms
[2024-12-04T16:40:43.868+0700][3,017s][info   ][gc,cpu      ] GC(116) User=0,01s Sys=0,00s Real=0,00s
[2024-12-04T16:40:43.868+0700][3,017s][info   ][gc          ] GC(117) Concurrent Mark Cycle
[2024-12-04T16:40:43.868+0700][3,017s][info   ][gc,marking  ] GC(117) Concurrent Clear Claimed Marks
[2024-12-04T16:40:43.868+0700][3,017s][info   ][gc,marking  ] GC(117) Concurrent Clear Claimed Marks 0,028ms
[2024-12-04T16:40:43.868+0700][3,017s][info   ][gc,marking  ] GC(117) Concurrent Scan Root Regions
[2024-12-04T16:40:43.868+0700][3,017s][info   ][gc,marking  ] GC(117) Concurrent Scan Root Regions 0,003ms
[2024-12-04T16:40:43.868+0700][3,017s][info   ][gc,marking  ] GC(117) Concurrent Mark
[2024-12-04T16:40:43.868+0700][3,017s][info   ][gc,marking  ] GC(117) Concurrent Mark From Roots
[2024-12-04T16:40:43.868+0700][3,017s][info   ][gc,task     ] GC(117) Using 2 workers of 2 for marking
[2024-12-04T16:40:43.871+0700][3,020s][info   ][gc,marking  ] GC(117) Concurrent Mark From Roots 2,919ms
[2024-12-04T16:40:43.871+0700][3,020s][info   ][gc,marking  ] GC(117) Concurrent Preclean
[2024-12-04T16:40:43.871+0700][3,020s][info   ][gc,marking  ] GC(117) Concurrent Preclean 0,053ms
[2024-12-04T16:40:43.871+0700][3,020s][info   ][gc,start    ] GC(117) Pause Remark
[2024-12-04T16:40:43.872+0700][3,021s][info   ][gc          ] GC(117) Pause Remark 506M->506M(1103M) 0,614ms
[2024-12-04T16:40:43.872+0700][3,021s][info   ][gc,cpu      ] GC(117) User=0,00s Sys=0,00s Real=0,00s
[2024-12-04T16:40:43.872+0700][3,021s][info   ][gc,marking  ] GC(117) Concurrent Mark 3,700ms
[2024-12-04T16:40:43.872+0700][3,021s][info   ][gc,marking  ] GC(117) Concurrent Rebuild Remembered Sets
[2024-12-04T16:40:43.873+0700][3,022s][info   ][gc,marking  ] GC(117) Concurrent Rebuild Remembered Sets 1,387ms
[2024-12-04T16:40:43.873+0700][3,022s][info   ][gc,start    ] GC(117) Pause Cleanup
[2024-12-04T16:40:43.873+0700][3,022s][info   ][gc          ] GC(117) Pause Cleanup 506M->506M(1103M) 0,132ms
[2024-12-04T16:40:43.873+0700][3,022s][info   ][gc,cpu      ] GC(117) User=0,00s Sys=0,00s Real=0,00s
[2024-12-04T16:40:43.873+0700][3,022s][info   ][gc,marking  ] GC(117) Concurrent Cleanup for Next Mark
[2024-12-04T16:40:43.875+0700][3,024s][info   ][gc,marking  ] GC(117) Concurrent Cleanup for Next Mark 2,086ms
[2024-12-04T16:40:43.875+0700][3,024s][info   ][gc          ] GC(117) Concurrent Mark Cycle 7,513ms
[2024-12-04T16:40:43.880+0700][3,029s][info   ][gc,start    ] GC(118) Pause Young (Concurrent Start) (G1 Humongous Allocation)
[2024-12-04T16:40:43.880+0700][3,029s][info   ][gc,task     ] GC(118) Using 8 workers of 8 for evacuation
[2024-12-04T16:40:43.882+0700][3,031s][info   ][gc,phases   ] GC(118)   Pre Evacuate Collection Set: 0,2ms
[2024-12-04T16:40:43.882+0700][3,031s][info   ][gc,phases   ] GC(118)   Merge Heap Roots: 0,2ms
[2024-12-04T16:40:43.882+0700][3,031s][info   ][gc,phases   ] GC(118)   Evacuate Collection Set: 0,6ms
[2024-12-04T16:40:43.882+0700][3,031s][info   ][gc,phases   ] GC(118)   Post Evacuate Collection Set: 0,2ms
[2024-12-04T16:40:43.882+0700][3,031s][info   ][gc,phases   ] GC(118)   Other: 0,2ms
[2024-12-04T16:40:43.882+0700][3,031s][info   ][gc,heap     ] GC(118) Eden regions: 1->0(482)
[2024-12-04T16:40:43.882+0700][3,031s][info   ][gc,heap     ] GC(118) Survivor regions: 0->0(61)
[2024-12-04T16:40:43.882+0700][3,031s][info   ][gc,heap     ] GC(118) Old regions: 3->3
[2024-12-04T16:40:43.882+0700][3,031s][info   ][gc,heap     ] GC(118) Archive regions: 2->2
[2024-12-04T16:40:43.882+0700][3,031s][info   ][gc,heap     ] GC(118) Humongous regions: 504->504
[2024-12-04T16:40:43.882+0700][3,031s][info   ][gc,metaspace] GC(118) Metaspace: 5761K(6016K)->5761K(6016K) NonClass: 5100K(5248K)->5100K(5248K) Class: 660K(768K)->660K(768K)
[2024-12-04T16:40:43.882+0700][3,031s][info   ][gc          ] GC(118) Pause Young (Concurrent Start) (G1 Humongous Allocation) 507M->507M(1103M) 1,597ms
[2024-12-04T16:40:43.882+0700][3,031s][info   ][gc,cpu      ] GC(118) User=0,01s Sys=0,00s Real=0,00s
[2024-12-04T16:40:43.882+0700][3,031s][info   ][gc          ] GC(119) Concurrent Mark Cycle
[2024-12-04T16:40:43.882+0700][3,031s][info   ][gc,marking  ] GC(119) Concurrent Clear Claimed Marks
[2024-12-04T16:40:43.882+0700][3,031s][info   ][gc,marking  ] GC(119) Concurrent Clear Claimed Marks 0,025ms
[2024-12-04T16:40:43.882+0700][3,031s][info   ][gc,marking  ] GC(119) Concurrent Scan Root Regions
[2024-12-04T16:40:43.882+0700][3,031s][info   ][gc,marking  ] GC(119) Concurrent Scan Root Regions 0,006ms
[2024-12-04T16:40:43.882+0700][3,031s][info   ][gc,marking  ] GC(119) Concurrent Mark
[2024-12-04T16:40:43.882+0700][3,031s][info   ][gc,marking  ] GC(119) Concurrent Mark From Roots
[2024-12-04T16:40:43.882+0700][3,031s][info   ][gc,task     ] GC(119) Using 2 workers of 2 for marking
[2024-12-04T16:40:43.886+0700][3,034s][info   ][gc,marking  ] GC(119) Concurrent Mark From Roots 3,556ms
[2024-12-04T16:40:43.886+0700][3,035s][info   ][gc,marking  ] GC(119) Concurrent Preclean
[2024-12-04T16:40:43.886+0700][3,035s][info   ][gc,marking  ] GC(119) Concurrent Preclean 0,061ms
[2024-12-04T16:40:43.886+0700][3,035s][info   ][gc,start    ] GC(119) Pause Remark
[2024-12-04T16:40:43.887+0700][3,035s][info   ][gc          ] GC(119) Pause Remark 508M->508M(1103M) 0,834ms
[2024-12-04T16:40:43.887+0700][3,036s][info   ][gc,cpu      ] GC(119) User=0,01s Sys=0,00s Real=0,00s
[2024-12-04T16:40:43.887+0700][3,036s][info   ][gc,marking  ] GC(119) Concurrent Mark 4,638ms
[2024-12-04T16:40:43.887+0700][3,036s][info   ][gc,marking  ] GC(119) Concurrent Rebuild Remembered Sets
[2024-12-04T16:40:43.888+0700][3,037s][info   ][gc,marking  ] GC(119) Concurrent Rebuild Remembered Sets 1,565ms
[2024-12-04T16:40:43.889+0700][3,037s][info   ][gc,start    ] GC(119) Pause Cleanup
[2024-12-04T16:40:43.889+0700][3,038s][info   ][gc          ] GC(119) Pause Cleanup 509M->509M(1103M) 0,252ms
[2024-12-04T16:40:43.889+0700][3,038s][info   ][gc,cpu      ] GC(119) User=0,00s Sys=0,00s Real=0,00s
[2024-12-04T16:40:43.889+0700][3,038s][info   ][gc,marking  ] GC(119) Concurrent Cleanup for Next Mark
[2024-12-04T16:40:43.891+0700][3,040s][info   ][gc,marking  ] GC(119) Concurrent Cleanup for Next Mark 1,848ms
[2024-12-04T16:40:43.891+0700][3,040s][info   ][gc          ] GC(119) Concurrent Mark Cycle 8,784ms
[2024-12-04T16:40:43.894+0700][3,043s][info   ][gc,start    ] GC(120) Pause Young (Concurrent Start) (G1 Humongous Allocation)
[2024-12-04T16:40:43.894+0700][3,043s][info   ][gc,task     ] GC(120) Using 8 workers of 8 for evacuation
[2024-12-04T16:40:43.895+0700][3,044s][info   ][gc,phases   ] GC(120)   Pre Evacuate Collection Set: 0,2ms
[2024-12-04T16:40:43.895+0700][3,044s][info   ][gc,phases   ] GC(120)   Merge Heap Roots: 0,2ms
[2024-12-04T16:40:43.895+0700][3,044s][info   ][gc,phases   ] GC(120)   Evacuate Collection Set: 0,2ms
[2024-12-04T16:40:43.895+0700][3,044s][info   ][gc,phases   ] GC(120)   Post Evacuate Collection Set: 0,1ms
[2024-12-04T16:40:43.895+0700][3,044s][info   ][gc,phases   ] GC(120)   Other: 0,2ms
[2024-12-04T16:40:43.895+0700][3,044s][info   ][gc,heap     ] GC(120) Eden regions: 1->0(480)
[2024-12-04T16:40:43.895+0700][3,044s][info   ][gc,heap     ] GC(120) Survivor regions: 0->0(61)
[2024-12-04T16:40:43.895+0700][3,044s][info   ][gc,heap     ] GC(120) Old regions: 3->3
[2024-12-04T16:40:43.895+0700][3,044s][info   ][gc,heap     ] GC(120) Archive regions: 2->2
[2024-12-04T16:40:43.895+0700][3,044s][info   ][gc,heap     ] GC(120) Humongous regions: 506->506
[2024-12-04T16:40:43.895+0700][3,044s][info   ][gc,metaspace] GC(120) Metaspace: 5761K(6016K)->5761K(6016K) NonClass: 5100K(5248K)->5100K(5248K) Class: 660K(768K)->660K(768K)
[2024-12-04T16:40:43.895+0700][3,044s][info   ][gc          ] GC(120) Pause Young (Concurrent Start) (G1 Humongous Allocation) 509M->509M(1103M) 0,902ms
[2024-12-04T16:40:43.895+0700][3,044s][info   ][gc,cpu      ] GC(120) User=0,01s Sys=0,00s Real=0,00s
[2024-12-04T16:40:43.895+0700][3,044s][info   ][gc          ] GC(121) Concurrent Mark Cycle
[2024-12-04T16:40:43.895+0700][3,044s][info   ][gc,marking  ] GC(121) Concurrent Clear Claimed Marks
[2024-12-04T16:40:43.895+0700][3,044s][info   ][gc,marking  ] GC(121) Concurrent Clear Claimed Marks 0,012ms
[2024-12-04T16:40:43.895+0700][3,044s][info   ][gc,marking  ] GC(121) Concurrent Scan Root Regions
[2024-12-04T16:40:43.895+0700][3,044s][info   ][gc,marking  ] GC(121) Concurrent Scan Root Regions 0,006ms
[2024-12-04T16:40:43.895+0700][3,044s][info   ][gc,marking  ] GC(121) Concurrent Mark
[2024-12-04T16:40:43.895+0700][3,044s][info   ][gc,marking  ] GC(121) Concurrent Mark From Roots
[2024-12-04T16:40:43.895+0700][3,044s][info   ][gc,task     ] GC(121) Using 2 workers of 2 for marking
[2024-12-04T16:40:43.898+0700][3,047s][info   ][gc,marking  ] GC(121) Concurrent Mark From Roots 2,965ms
[2024-12-04T16:40:43.898+0700][3,047s][info   ][gc,marking  ] GC(121) Concurrent Preclean
[2024-12-04T16:40:43.898+0700][3,047s][info   ][gc,marking  ] GC(121) Concurrent Preclean 0,055ms
[2024-12-04T16:40:43.898+0700][3,047s][info   ][gc,start    ] GC(121) Pause Remark
[2024-12-04T16:40:43.899+0700][3,048s][info   ][gc          ] GC(121) Pause Remark 510M->510M(1103M) 0,832ms
[2024-12-04T16:40:43.899+0700][3,048s][info   ][gc,cpu      ] GC(121) User=0,00s Sys=0,00s Real=0,00s
[2024-12-04T16:40:43.899+0700][3,048s][info   ][gc,marking  ] GC(121) Concurrent Mark 4,003ms
[2024-12-04T16:40:43.899+0700][3,048s][info   ][gc,marking  ] GC(121) Concurrent Rebuild Remembered Sets
[2024-12-04T16:40:43.900+0700][3,049s][info   ][gc,marking  ] GC(121) Concurrent Rebuild Remembered Sets 1,382ms
[2024-12-04T16:40:43.900+0700][3,049s][info   ][gc,start    ] GC(121) Pause Cleanup
[2024-12-04T16:40:43.901+0700][3,050s][info   ][gc          ] GC(121) Pause Cleanup 510M->510M(1103M) 0,581ms
[2024-12-04T16:40:43.901+0700][3,050s][info   ][gc,cpu      ] GC(121) User=0,00s Sys=0,00s Real=0,00s
[2024-12-04T16:40:43.901+0700][3,050s][info   ][gc,marking  ] GC(121) Concurrent Cleanup for Next Mark
[2024-12-04T16:40:43.903+0700][3,052s][info   ][gc,marking  ] GC(121) Concurrent Cleanup for Next Mark 2,059ms
[2024-12-04T16:40:43.903+0700][3,052s][info   ][gc          ] GC(121) Concurrent Mark Cycle 8,281ms
[2024-12-04T16:40:43.907+0700][3,056s][info   ][gc,start    ] GC(122) Pause Young (Concurrent Start) (G1 Humongous Allocation)
[2024-12-04T16:40:43.907+0700][3,056s][info   ][gc,task     ] GC(122) Using 8 workers of 8 for evacuation
[2024-12-04T16:40:43.908+0700][3,057s][info   ][gc,phases   ] GC(122)   Pre Evacuate Collection Set: 0,2ms
[2024-12-04T16:40:43.908+0700][3,057s][info   ][gc,phases   ] GC(122)   Merge Heap Roots: 0,1ms
[2024-12-04T16:40:43.908+0700][3,057s][info   ][gc,phases   ] GC(122)   Evacuate Collection Set: 0,4ms
[2024-12-04T16:40:43.908+0700][3,057s][info   ][gc,phases   ] GC(122)   Post Evacuate Collection Set: 0,2ms
[2024-12-04T16:40:43.908+0700][3,057s][info   ][gc,phases   ] GC(122)   Other: 0,3ms
[2024-12-04T16:40:43.908+0700][3,057s][info   ][gc,heap     ] GC(122) Eden regions: 1->0(478)
[2024-12-04T16:40:43.908+0700][3,057s][info   ][gc,heap     ] GC(122) Survivor regions: 0->0(60)
[2024-12-04T16:40:43.908+0700][3,057s][info   ][gc,heap     ] GC(122) Old regions: 3->3
[2024-12-04T16:40:43.908+0700][3,057s][info   ][gc,heap     ] GC(122) Archive regions: 2->2
[2024-12-04T16:40:43.908+0700][3,057s][info   ][gc,heap     ] GC(122) Humongous regions: 508->508
[2024-12-04T16:40:43.908+0700][3,057s][info   ][gc,metaspace] GC(122) Metaspace: 5761K(6016K)->5761K(6016K) NonClass: 5100K(5248K)->5100K(5248K) Class: 660K(768K)->660K(768K)
[2024-12-04T16:40:43.908+0700][3,057s][info   ][gc          ] GC(122) Pause Young (Concurrent Start) (G1 Humongous Allocation) 511M->511M(1103M) 1,302ms
[2024-12-04T16:40:43.908+0700][3,057s][info   ][gc,cpu      ] GC(122) User=0,00s Sys=0,00s Real=0,00s
[2024-12-04T16:40:43.908+0700][3,057s][info   ][gc          ] GC(123) Concurrent Mark Cycle
[2024-12-04T16:40:43.908+0700][3,057s][info   ][gc,marking  ] GC(123) Concurrent Clear Claimed Marks
[2024-12-04T16:40:43.908+0700][3,057s][info   ][gc,marking  ] GC(123) Concurrent Clear Claimed Marks 0,018ms
[2024-12-04T16:40:43.908+0700][3,057s][info   ][gc,marking  ] GC(123) Concurrent Scan Root Regions
[2024-12-04T16:40:43.909+0700][3,057s][info   ][gc,marking  ] GC(123) Concurrent Scan Root Regions 0,006ms
[2024-12-04T16:40:43.909+0700][3,057s][info   ][gc,marking  ] GC(123) Concurrent Mark
[2024-12-04T16:40:43.909+0700][3,057s][info   ][gc,marking  ] GC(123) Concurrent Mark From Roots
[2024-12-04T16:40:43.909+0700][3,057s][info   ][gc,task     ] GC(123) Using 2 workers of 2 for marking
[2024-12-04T16:40:43.912+0700][3,061s][info   ][gc,marking  ] GC(123) Concurrent Mark From Roots 3,369ms
[2024-12-04T16:40:43.912+0700][3,061s][info   ][gc,marking  ] GC(123) Concurrent Preclean
[2024-12-04T16:40:43.912+0700][3,061s][info   ][gc,marking  ] GC(123) Concurrent Preclean 0,070ms
[2024-12-04T16:40:43.912+0700][3,061s][info   ][gc,start    ] GC(123) Pause Remark
[2024-12-04T16:40:43.914+0700][3,062s][info   ][gc          ] GC(123) Pause Remark 512M->512M(1103M) 1,477ms
[2024-12-04T16:40:43.914+0700][3,062s][info   ][gc,cpu      ] GC(123) User=0,00s Sys=0,00s Real=0,01s
[2024-12-04T16:40:43.914+0700][3,063s][info   ][gc,marking  ] GC(123) Concurrent Mark 5,146ms
[2024-12-04T16:40:43.914+0700][3,063s][info   ][gc,marking  ] GC(123) Concurrent Rebuild Remembered Sets
[2024-12-04T16:40:43.915+0700][3,064s][info   ][gc,marking  ] GC(123) Concurrent Rebuild Remembered Sets 1,407ms
[2024-12-04T16:40:43.915+0700][3,064s][info   ][gc,start    ] GC(123) Pause Cleanup
[2024-12-04T16:40:43.915+0700][3,064s][info   ][gc          ] GC(123) Pause Cleanup 513M->513M(1103M) 0,184ms
[2024-12-04T16:40:43.915+0700][3,064s][info   ][gc,cpu      ] GC(123) User=0,00s Sys=0,00s Real=0,00s
[2024-12-04T16:40:43.915+0700][3,064s][info   ][gc,marking  ] GC(123) Concurrent Cleanup for Next Mark
[2024-12-04T16:40:43.917+0700][3,066s][info   ][gc,marking  ] GC(123) Concurrent Cleanup for Next Mark 1,661ms
[2024-12-04T16:40:43.917+0700][3,066s][info   ][gc          ] GC(123) Concurrent Mark Cycle 8,695ms
[2024-12-04T16:40:43.920+0700][3,069s][info   ][gc,start    ] GC(124) Pause Young (Concurrent Start) (G1 Humongous Allocation)
[2024-12-04T16:40:43.920+0700][3,069s][info   ][gc,task     ] GC(124) Using 8 workers of 8 for evacuation
[2024-12-04T16:40:43.922+0700][3,071s][info   ][gc,phases   ] GC(124)   Pre Evacuate Collection Set: 0,2ms
[2024-12-04T16:40:43.922+0700][3,071s][info   ][gc,phases   ] GC(124)   Merge Heap Roots: 0,2ms
[2024-12-04T16:40:43.922+0700][3,071s][info   ][gc,phases   ] GC(124)   Evacuate Collection Set: 0,5ms
[2024-12-04T16:40:43.922+0700][3,071s][info   ][gc,phases   ] GC(124)   Post Evacuate Collection Set: 1,4ms
[2024-12-04T16:40:43.922+0700][3,071s][info   ][gc,phases   ] GC(124)   Other: 0,2ms
[2024-12-04T16:40:43.922+0700][3,071s][info   ][gc,heap     ] GC(124) Eden regions: 1->0(646)
[2024-12-04T16:40:43.922+0700][3,071s][info   ][gc,heap     ] GC(124) Survivor regions: 0->0(60)
[2024-12-04T16:40:43.922+0700][3,071s][info   ][gc,heap     ] GC(124) Old regions: 3->3
[2024-12-04T16:40:43.922+0700][3,071s][info   ][gc,heap     ] GC(124) Archive regions: 2->2
[2024-12-04T16:40:43.922+0700][3,071s][info   ][gc,heap     ] GC(124) Humongous regions: 510->510
[2024-12-04T16:40:43.922+0700][3,071s][info   ][gc,metaspace] GC(124) Metaspace: 5761K(6016K)->5761K(6016K) NonClass: 5100K(5248K)->5100K(5248K) Class: 660K(768K)->660K(768K)
[2024-12-04T16:40:43.922+0700][3,071s][info   ][gc          ] GC(124) Pause Young (Concurrent Start) (G1 Humongous Allocation) 513M->513M(1292M) 2,625ms
[2024-12-04T16:40:43.922+0700][3,071s][info   ][gc,cpu      ] GC(124) User=0,00s Sys=0,00s Real=0,00s
[2024-12-04T16:40:43.922+0700][3,071s][info   ][gc          ] GC(125) Concurrent Undo Cycle
[2024-12-04T16:40:43.923+0700][3,071s][info   ][gc,marking  ] GC(125) Concurrent Cleanup for Next Mark
[2024-12-04T16:40:43.925+0700][3,074s][info   ][gc,marking  ] GC(125) Concurrent Cleanup for Next Mark 2,902ms
[2024-12-04T16:40:43.926+0700][3,074s][info   ][gc          ] GC(125) Concurrent Undo Cycle 3,020ms
[2024-12-04T16:40:44.289+0700][3,438s][info   ][gc,start    ] GC(126) Pause Young (Concurrent Start) (G1 Humongous Allocation)
[2024-12-04T16:40:44.289+0700][3,438s][info   ][gc,task     ] GC(126) Using 8 workers of 8 for evacuation
[2024-12-04T16:40:44.291+0700][3,439s][info   ][gc,phases   ] GC(126)   Pre Evacuate Collection Set: 0,2ms
[2024-12-04T16:40:44.291+0700][3,439s][info   ][gc,phases   ] GC(126)   Merge Heap Roots: 0,1ms
[2024-12-04T16:40:44.291+0700][3,439s][info   ][gc,phases   ] GC(126)   Evacuate Collection Set: 0,5ms
[2024-12-04T16:40:44.291+0700][3,439s][info   ][gc,phases   ] GC(126)   Post Evacuate Collection Set: 0,1ms
[2024-12-04T16:40:44.291+0700][3,439s][info   ][gc,phases   ] GC(126)   Other: 0,2ms
[2024-12-04T16:40:44.291+0700][3,439s][info   ][gc,heap     ] GC(126) Eden regions: 1->0(577)
[2024-12-04T16:40:44.291+0700][3,439s][info   ][gc,heap     ] GC(126) Survivor regions: 0->1(81)
[2024-12-04T16:40:44.291+0700][3,439s][info   ][gc,heap     ] GC(126) Old regions: 3->3
[2024-12-04T16:40:44.291+0700][3,439s][info   ][gc,heap     ] GC(126) Archive regions: 2->2
[2024-12-04T16:40:44.291+0700][3,439s][info   ][gc,heap     ] GC(126) Humongous regions: 576->576
[2024-12-04T16:40:44.291+0700][3,439s][info   ][gc,metaspace] GC(126) Metaspace: 5761K(6016K)->5761K(6016K) NonClass: 5100K(5248K)->5100K(5248K) Class: 660K(768K)->660K(768K)
[2024-12-04T16:40:44.291+0700][3,439s][info   ][gc          ] GC(126) Pause Young (Concurrent Start) (G1 Humongous Allocation) 579M->579M(1292M) 1,248ms
[2024-12-04T16:40:44.291+0700][3,439s][info   ][gc,cpu      ] GC(126) User=0,00s Sys=0,00s Real=0,00s
[2024-12-04T16:40:44.291+0700][3,440s][info   ][gc          ] GC(127) Concurrent Undo Cycle
[2024-12-04T16:40:44.291+0700][3,440s][info   ][gc,marking  ] GC(127) Concurrent Cleanup for Next Mark
[2024-12-04T16:40:44.293+0700][3,442s][info   ][gc,marking  ] GC(127) Concurrent Cleanup for Next Mark 1,995ms
[2024-12-04T16:40:44.293+0700][3,442s][info   ][gc          ] GC(127) Concurrent Undo Cycle 2,043ms
[2024-12-04T16:40:44.297+0700][3,446s][info   ][gc,start    ] GC(128) Pause Young (Concurrent Start) (G1 Humongous Allocation)
[2024-12-04T16:40:44.297+0700][3,446s][info   ][gc,task     ] GC(128) Using 8 workers of 8 for evacuation
[2024-12-04T16:40:44.297+0700][3,446s][info   ][gc,phases   ] GC(128)   Pre Evacuate Collection Set: 0,2ms
[2024-12-04T16:40:44.297+0700][3,446s][info   ][gc,phases   ] GC(128)   Merge Heap Roots: 0,0ms
[2024-12-04T16:40:44.297+0700][3,446s][info   ][gc,phases   ] GC(128)   Evacuate Collection Set: 0,3ms
[2024-12-04T16:40:44.297+0700][3,446s][info   ][gc,phases   ] GC(128)   Post Evacuate Collection Set: 0,1ms
[2024-12-04T16:40:44.297+0700][3,446s][info   ][gc,phases   ] GC(128)   Other: 0,1ms
[2024-12-04T16:40:44.297+0700][3,446s][info   ][gc,heap     ] GC(128) Eden regions: 1->0(577)
[2024-12-04T16:40:44.297+0700][3,446s][info   ][gc,heap     ] GC(128) Survivor regions: 1->1(73)
[2024-12-04T16:40:44.297+0700][3,446s][info   ][gc,heap     ] GC(128) Old regions: 3->3
[2024-12-04T16:40:44.297+0700][3,446s][info   ][gc,heap     ] GC(128) Archive regions: 2->2
[2024-12-04T16:40:44.297+0700][3,446s][info   ][gc,heap     ] GC(128) Humongous regions: 577->577
[2024-12-04T16:40:44.297+0700][3,446s][info   ][gc,metaspace] GC(128) Metaspace: 5761K(6016K)->5761K(6016K) NonClass: 5100K(5248K)->5100K(5248K) Class: 660K(768K)->660K(768K)
[2024-12-04T16:40:44.297+0700][3,446s][info   ][gc          ] GC(128) Pause Young (Concurrent Start) (G1 Humongous Allocation) 580M->580M(1292M) 0,795ms
[2024-12-04T16:40:44.297+0700][3,446s][info   ][gc,cpu      ] GC(128) User=0,00s Sys=0,00s Real=0,00s
[2024-12-04T16:40:44.297+0700][3,446s][info   ][gc          ] GC(129) Concurrent Mark Cycle
[2024-12-04T16:40:44.298+0700][3,446s][info   ][gc,marking  ] GC(129) Concurrent Clear Claimed Marks
[2024-12-04T16:40:44.298+0700][3,446s][info   ][gc,marking  ] GC(129) Concurrent Clear Claimed Marks 0,010ms
[2024-12-04T16:40:44.298+0700][3,446s][info   ][gc,marking  ] GC(129) Concurrent Scan Root Regions
[2024-12-04T16:40:44.298+0700][3,447s][info   ][gc,marking  ] GC(129) Concurrent Scan Root Regions 0,182ms
[2024-12-04T16:40:44.298+0700][3,447s][info   ][gc,marking  ] GC(129) Concurrent Mark
[2024-12-04T16:40:44.298+0700][3,447s][info   ][gc,marking  ] GC(129) Concurrent Mark From Roots
[2024-12-04T16:40:44.298+0700][3,447s][info   ][gc,task     ] GC(129) Using 2 workers of 2 for marking
[2024-12-04T16:40:44.300+0700][3,449s][info   ][gc,marking  ] GC(129) Concurrent Mark From Roots 2,678ms
[2024-12-04T16:40:44.300+0700][3,449s][info   ][gc,marking  ] GC(129) Concurrent Preclean
[2024-12-04T16:40:44.301+0700][3,449s][info   ][gc,marking  ] GC(129) Concurrent Preclean 0,049ms
[2024-12-04T16:40:44.301+0700][3,449s][info   ][gc,start    ] GC(129) Pause Remark
[2024-12-04T16:40:44.301+0700][3,450s][info   ][gc          ] GC(129) Pause Remark 581M->581M(1292M) 0,679ms
[2024-12-04T16:40:44.301+0700][3,450s][info   ][gc,cpu      ] GC(129) User=0,00s Sys=0,00s Real=0,00s
[2024-12-04T16:40:44.301+0700][3,450s][info   ][gc,marking  ] GC(129) Concurrent Mark 3,552ms
[2024-12-04T16:40:44.301+0700][3,450s][info   ][gc,marking  ] GC(129) Concurrent Rebuild Remembered Sets
[2024-12-04T16:40:44.302+0700][3,451s][info   ][gc,marking  ] GC(129) Concurrent Rebuild Remembered Sets 1,110ms
[2024-12-04T16:40:44.302+0700][3,451s][info   ][gc,start    ] GC(129) Pause Cleanup
[2024-12-04T16:40:44.303+0700][3,452s][info   ][gc          ] GC(129) Pause Cleanup 581M->581M(1292M) 0,161ms
[2024-12-04T16:40:44.303+0700][3,452s][info   ][gc,cpu      ] GC(129) User=0,01s Sys=0,00s Real=0,00s
[2024-12-04T16:40:44.303+0700][3,452s][info   ][gc,marking  ] GC(129) Concurrent Cleanup for Next Mark
[2024-12-04T16:40:44.306+0700][3,455s][info   ][gc,marking  ] GC(129) Concurrent Cleanup for Next Mark 3,086ms
[2024-12-04T16:40:44.306+0700][3,455s][info   ][gc          ] GC(129) Concurrent Mark Cycle 8,302ms
[2024-12-04T16:40:44.309+0700][3,458s][info   ][gc,start    ] GC(130) Pause Young (Concurrent Start) (G1 Humongous Allocation)
[2024-12-04T16:40:44.309+0700][3,458s][info   ][gc,task     ] GC(130) Using 8 workers of 8 for evacuation
[2024-12-04T16:40:44.310+0700][3,459s][info   ][gc,phases   ] GC(130)   Pre Evacuate Collection Set: 0,2ms
[2024-12-04T16:40:44.310+0700][3,459s][info   ][gc,phases   ] GC(130)   Merge Heap Roots: 0,1ms
[2024-12-04T16:40:44.310+0700][3,459s][info   ][gc,phases   ] GC(130)   Evacuate Collection Set: 0,4ms
[2024-12-04T16:40:44.310+0700][3,459s][info   ][gc,phases   ] GC(130)   Post Evacuate Collection Set: 0,1ms
[2024-12-04T16:40:44.310+0700][3,459s][info   ][gc,phases   ] GC(130)   Other: 0,1ms
[2024-12-04T16:40:44.310+0700][3,459s][info   ][gc,heap     ] GC(130) Eden regions: 1->0(575)
[2024-12-04T16:40:44.310+0700][3,459s][info   ][gc,heap     ] GC(130) Survivor regions: 1->1(73)
[2024-12-04T16:40:44.310+0700][3,459s][info   ][gc,heap     ] GC(130) Old regions: 3->3
[2024-12-04T16:40:44.310+0700][3,459s][info   ][gc,heap     ] GC(130) Archive regions: 2->2
[2024-12-04T16:40:44.310+0700][3,459s][info   ][gc,heap     ] GC(130) Humongous regions: 579->579
[2024-12-04T16:40:44.310+0700][3,459s][info   ][gc,metaspace] GC(130) Metaspace: 5761K(6016K)->5761K(6016K) NonClass: 5100K(5248K)->5100K(5248K) Class: 660K(768K)->660K(768K)
[2024-12-04T16:40:44.310+0700][3,459s][info   ][gc          ] GC(130) Pause Young (Concurrent Start) (G1 Humongous Allocation) 582M->582M(1292M) 1,015ms
[2024-12-04T16:40:44.310+0700][3,459s][info   ][gc,cpu      ] GC(130) User=0,00s Sys=0,00s Real=0,00s
[2024-12-04T16:40:44.310+0700][3,459s][info   ][gc          ] GC(131) Concurrent Mark Cycle
[2024-12-04T16:40:44.310+0700][3,459s][info   ][gc,marking  ] GC(131) Concurrent Clear Claimed Marks
[2024-12-04T16:40:44.310+0700][3,459s][info   ][gc,marking  ] GC(131) Concurrent Clear Claimed Marks 0,015ms
[2024-12-04T16:40:44.310+0700][3,459s][info   ][gc,marking  ] GC(131) Concurrent Scan Root Regions
[2024-12-04T16:40:44.310+0700][3,459s][info   ][gc,marking  ] GC(131) Concurrent Scan Root Regions 0,187ms
[2024-12-04T16:40:44.310+0700][3,459s][info   ][gc,marking  ] GC(131) Concurrent Mark
[2024-12-04T16:40:44.310+0700][3,459s][info   ][gc,marking  ] GC(131) Concurrent Mark From Roots
[2024-12-04T16:40:44.310+0700][3,459s][info   ][gc,task     ] GC(131) Using 2 workers of 2 for marking
[2024-12-04T16:40:44.313+0700][3,462s][info   ][gc,marking  ] GC(131) Concurrent Mark From Roots 2,902ms
[2024-12-04T16:40:44.313+0700][3,462s][info   ][gc,marking  ] GC(131) Concurrent Preclean
[2024-12-04T16:40:44.313+0700][3,462s][info   ][gc,marking  ] GC(131) Concurrent Preclean 0,056ms
[2024-12-04T16:40:44.313+0700][3,462s][info   ][gc,start    ] GC(131) Pause Remark
[2024-12-04T16:40:44.314+0700][3,463s][info   ][gc          ] GC(131) Pause Remark 583M->583M(1292M) 0,584ms
[2024-12-04T16:40:44.314+0700][3,463s][info   ][gc,cpu      ] GC(131) User=0,00s Sys=0,00s Real=0,00s
[2024-12-04T16:40:44.314+0700][3,463s][info   ][gc,marking  ] GC(131) Concurrent Mark 3,648ms
[2024-12-04T16:40:44.314+0700][3,463s][info   ][gc,marking  ] GC(131) Concurrent Rebuild Remembered Sets
[2024-12-04T16:40:44.315+0700][3,464s][info   ][gc,marking  ] GC(131) Concurrent Rebuild Remembered Sets 1,219ms
[2024-12-04T16:40:44.315+0700][3,464s][info   ][gc,start    ] GC(131) Pause Cleanup
[2024-12-04T16:40:44.316+0700][3,464s][info   ][gc          ] GC(131) Pause Cleanup 583M->583M(1292M) 0,224ms
[2024-12-04T16:40:44.316+0700][3,464s][info   ][gc,cpu      ] GC(131) User=0,00s Sys=0,00s Real=0,00s
[2024-12-04T16:40:44.316+0700][3,464s][info   ][gc,marking  ] GC(131) Concurrent Cleanup for Next Mark
[2024-12-04T16:40:44.318+0700][3,467s][info   ][gc,marking  ] GC(131) Concurrent Cleanup for Next Mark 2,008ms
[2024-12-04T16:40:44.318+0700][3,467s][info   ][gc          ] GC(131) Concurrent Mark Cycle 7,533ms
[2024-12-04T16:40:44.322+0700][3,471s][info   ][gc,start    ] GC(132) Pause Young (Concurrent Start) (G1 Humongous Allocation)
[2024-12-04T16:40:44.322+0700][3,471s][info   ][gc,task     ] GC(132) Using 8 workers of 8 for evacuation
[2024-12-04T16:40:44.322+0700][3,471s][info   ][gc,phases   ] GC(132)   Pre Evacuate Collection Set: 0,1ms
[2024-12-04T16:40:44.322+0700][3,471s][info   ][gc,phases   ] GC(132)   Merge Heap Roots: 0,0ms
[2024-12-04T16:40:44.322+0700][3,471s][info   ][gc,phases   ] GC(132)   Evacuate Collection Set: 0,3ms
[2024-12-04T16:40:44.322+0700][3,471s][info   ][gc,phases   ] GC(132)   Post Evacuate Collection Set: 0,1ms
[2024-12-04T16:40:44.322+0700][3,471s][info   ][gc,phases   ] GC(132)   Other: 0,1ms
[2024-12-04T16:40:44.322+0700][3,471s][info   ][gc,heap     ] GC(132) Eden regions: 1->0(573)
[2024-12-04T16:40:44.322+0700][3,471s][info   ][gc,heap     ] GC(132) Survivor regions: 1->1(72)
[2024-12-04T16:40:44.322+0700][3,471s][info   ][gc,heap     ] GC(132) Old regions: 3->3
[2024-12-04T16:40:44.322+0700][3,471s][info   ][gc,heap     ] GC(132) Archive regions: 2->2
[2024-12-04T16:40:44.323+0700][3,471s][info   ][gc,heap     ] GC(132) Humongous regions: 581->581
[2024-12-04T16:40:44.323+0700][3,471s][info   ][gc,metaspace] GC(132) Metaspace: 5761K(6016K)->5761K(6016K) NonClass: 5100K(5248K)->5100K(5248K) Class: 660K(768K)->660K(768K)
[2024-12-04T16:40:44.323+0700][3,471s][info   ][gc          ] GC(132) Pause Young (Concurrent Start) (G1 Humongous Allocation) 584M->584M(1292M) 0,839ms
[2024-12-04T16:40:44.323+0700][3,471s][info   ][gc,cpu      ] GC(132) User=0,00s Sys=0,00s Real=0,00s
[2024-12-04T16:40:44.323+0700][3,471s][info   ][gc          ] GC(133) Concurrent Mark Cycle
[2024-12-04T16:40:44.323+0700][3,471s][info   ][gc,marking  ] GC(133) Concurrent Clear Claimed Marks
[2024-12-04T16:40:44.323+0700][3,471s][info   ][gc,marking  ] GC(133) Concurrent Clear Claimed Marks 0,010ms
[2024-12-04T16:40:44.323+0700][3,471s][info   ][gc,marking  ] GC(133) Concurrent Scan Root Regions
[2024-12-04T16:40:44.323+0700][3,472s][info   ][gc,marking  ] GC(133) Concurrent Scan Root Regions 0,187ms
[2024-12-04T16:40:44.323+0700][3,472s][info   ][gc,marking  ] GC(133) Concurrent Mark
[2024-12-04T16:40:44.323+0700][3,472s][info   ][gc,marking  ] GC(133) Concurrent Mark From Roots
[2024-12-04T16:40:44.323+0700][3,472s][info   ][gc,task     ] GC(133) Using 2 workers of 2 for marking
[2024-12-04T16:40:44.326+0700][3,475s][info   ][gc,marking  ] GC(133) Concurrent Mark From Roots 3,306ms
[2024-12-04T16:40:44.326+0700][3,475s][info   ][gc,marking  ] GC(133) Concurrent Preclean
[2024-12-04T16:40:44.326+0700][3,475s][info   ][gc,marking  ] GC(133) Concurrent Preclean 0,055ms
[2024-12-04T16:40:44.326+0700][3,475s][info   ][gc,start    ] GC(133) Pause Remark
[2024-12-04T16:40:44.327+0700][3,476s][info   ][gc          ] GC(133) Pause Remark 585M->585M(1292M) 0,766ms
[2024-12-04T16:40:44.327+0700][3,476s][info   ][gc,cpu      ] GC(133) User=0,00s Sys=0,00s Real=0,00s
[2024-12-04T16:40:44.327+0700][3,476s][info   ][gc,marking  ] GC(133) Concurrent Mark 4,266ms
[2024-12-04T16:40:44.327+0700][3,476s][info   ][gc,marking  ] GC(133) Concurrent Rebuild Remembered Sets
[2024-12-04T16:40:44.328+0700][3,477s][info   ][gc,marking  ] GC(133) Concurrent Rebuild Remembered Sets 1,126ms
[2024-12-04T16:40:44.328+0700][3,477s][info   ][gc,start    ] GC(133) Pause Cleanup
[2024-12-04T16:40:44.328+0700][3,477s][info   ][gc          ] GC(133) Pause Cleanup 585M->585M(1292M) 0,108ms
[2024-12-04T16:40:44.328+0700][3,477s][info   ][gc,cpu      ] GC(133) User=0,00s Sys=0,00s Real=0,00s
[2024-12-04T16:40:44.328+0700][3,477s][info   ][gc,marking  ] GC(133) Concurrent Cleanup for Next Mark
[2024-12-04T16:40:44.330+0700][3,479s][info   ][gc,marking  ] GC(133) Concurrent Cleanup for Next Mark 1,879ms
[2024-12-04T16:40:44.330+0700][3,479s][info   ][gc          ] GC(133) Concurrent Mark Cycle 7,778ms
[2024-12-04T16:40:44.334+0700][3,483s][info   ][gc,start    ] GC(134) Pause Young (Concurrent Start) (G1 Humongous Allocation)
[2024-12-04T16:40:44.334+0700][3,483s][info   ][gc,task     ] GC(134) Using 8 workers of 8 for evacuation
[2024-12-04T16:40:44.335+0700][3,484s][info   ][gc,phases   ] GC(134)   Pre Evacuate Collection Set: 0,1ms
[2024-12-04T16:40:44.335+0700][3,484s][info   ][gc,phases   ] GC(134)   Merge Heap Roots: 0,0ms
[2024-12-04T16:40:44.335+0700][3,484s][info   ][gc,phases   ] GC(134)   Evacuate Collection Set: 0,3ms
[2024-12-04T16:40:44.335+0700][3,484s][info   ][gc,phases   ] GC(134)   Post Evacuate Collection Set: 0,1ms
[2024-12-04T16:40:44.335+0700][3,484s][info   ][gc,phases   ] GC(134)   Other: 0,1ms
[2024-12-04T16:40:44.335+0700][3,484s][info   ][gc,heap     ] GC(134) Eden regions: 1->0(572)
[2024-12-04T16:40:44.335+0700][3,484s][info   ][gc,heap     ] GC(134) Survivor regions: 1->1(72)
[2024-12-04T16:40:44.335+0700][3,484s][info   ][gc,heap     ] GC(134) Old regions: 3->3
[2024-12-04T16:40:44.335+0700][3,484s][info   ][gc,heap     ] GC(134) Archive regions: 2->2
[2024-12-04T16:40:44.335+0700][3,484s][info   ][gc,heap     ] GC(134) Humongous regions: 583->583
[2024-12-04T16:40:44.335+0700][3,484s][info   ][gc,metaspace] GC(134) Metaspace: 5761K(6016K)->5761K(6016K) NonClass: 5100K(5248K)->5100K(5248K) Class: 660K(768K)->660K(768K)
[2024-12-04T16:40:44.335+0700][3,484s][info   ][gc          ] GC(134) Pause Young (Concurrent Start) (G1 Humongous Allocation) 586M->586M(1292M) 0,781ms
[2024-12-04T16:40:44.335+0700][3,484s][info   ][gc,cpu      ] GC(134) User=0,01s Sys=0,00s Real=0,00s
[2024-12-04T16:40:44.335+0700][3,484s][info   ][gc          ] GC(135) Concurrent Mark Cycle
[2024-12-04T16:40:44.335+0700][3,484s][info   ][gc,marking  ] GC(135) Concurrent Clear Claimed Marks
[2024-12-04T16:40:44.335+0700][3,484s][info   ][gc,marking  ] GC(135) Concurrent Clear Claimed Marks 0,010ms
[2024-12-04T16:40:44.335+0700][3,484s][info   ][gc,marking  ] GC(135) Concurrent Scan Root Regions
[2024-12-04T16:40:44.335+0700][3,484s][info   ][gc,marking  ] GC(135) Concurrent Scan Root Regions 0,124ms
[2024-12-04T16:40:44.335+0700][3,484s][info   ][gc,marking  ] GC(135) Concurrent Mark
[2024-12-04T16:40:44.335+0700][3,484s][info   ][gc,marking  ] GC(135) Concurrent Mark From Roots
[2024-12-04T16:40:44.335+0700][3,484s][info   ][gc,task     ] GC(135) Using 2 workers of 2 for marking
[2024-12-04T16:40:44.338+0700][3,487s][info   ][gc,marking  ] GC(135) Concurrent Mark From Roots 3,018ms
[2024-12-04T16:40:44.338+0700][3,487s][info   ][gc,marking  ] GC(135) Concurrent Preclean
[2024-12-04T16:40:44.338+0700][3,487s][info   ][gc,marking  ] GC(135) Concurrent Preclean 0,051ms
[2024-12-04T16:40:44.338+0700][3,487s][info   ][gc,start    ] GC(135) Pause Remark
[2024-12-04T16:40:44.339+0700][3,488s][info   ][gc          ] GC(135) Pause Remark 587M->587M(1292M) 0,686ms
[2024-12-04T16:40:44.339+0700][3,488s][info   ][gc,cpu      ] GC(135) User=0,01s Sys=0,00s Real=0,00s
[2024-12-04T16:40:44.339+0700][3,488s][info   ][gc,marking  ] GC(135) Concurrent Mark 3,897ms
[2024-12-04T16:40:44.339+0700][3,488s][info   ][gc,marking  ] GC(135) Concurrent Rebuild Remembered Sets
[2024-12-04T16:40:44.340+0700][3,489s][info   ][gc,marking  ] GC(135) Concurrent Rebuild Remembered Sets 1,063ms
[2024-12-04T16:40:44.340+0700][3,489s][info   ][gc,start    ] GC(135) Pause Cleanup
[2024-12-04T16:40:44.340+0700][3,489s][info   ][gc          ] GC(135) Pause Cleanup 587M->587M(1292M) 0,091ms
[2024-12-04T16:40:44.340+0700][3,489s][info   ][gc,cpu      ] GC(135) User=0,00s Sys=0,00s Real=0,00s
[2024-12-04T16:40:44.340+0700][3,489s][info   ][gc,marking  ] GC(135) Concurrent Cleanup for Next Mark
[2024-12-04T16:40:44.342+0700][3,491s][info   ][gc,marking  ] GC(135) Concurrent Cleanup for Next Mark 1,950ms
[2024-12-04T16:40:44.342+0700][3,491s][info   ][gc          ] GC(135) Concurrent Mark Cycle 7,300ms
[2024-12-04T16:40:44.347+0700][3,496s][info   ][gc,start    ] GC(136) Pause Young (Concurrent Start) (G1 Humongous Allocation)
[2024-12-04T16:40:44.347+0700][3,496s][info   ][gc,task     ] GC(136) Using 8 workers of 8 for evacuation
[2024-12-04T16:40:44.347+0700][3,496s][info   ][gc,phases   ] GC(136)   Pre Evacuate Collection Set: 0,2ms
[2024-12-04T16:40:44.347+0700][3,496s][info   ][gc,phases   ] GC(136)   Merge Heap Roots: 0,1ms
[2024-12-04T16:40:44.347+0700][3,496s][info   ][gc,phases   ] GC(136)   Evacuate Collection Set: 0,3ms
[2024-12-04T16:40:44.347+0700][3,496s][info   ][gc,phases   ] GC(136)   Post Evacuate Collection Set: 0,1ms
[2024-12-04T16:40:44.347+0700][3,496s][info   ][gc,phases   ] GC(136)   Other: 0,1ms
[2024-12-04T16:40:44.347+0700][3,496s][info   ][gc,heap     ] GC(136) Eden regions: 1->0(570)
[2024-12-04T16:40:44.347+0700][3,496s][info   ][gc,heap     ] GC(136) Survivor regions: 1->1(72)
[2024-12-04T16:40:44.348+0700][3,496s][info   ][gc,heap     ] GC(136) Old regions: 3->3
[2024-12-04T16:40:44.348+0700][3,496s][info   ][gc,heap     ] GC(136) Archive regions: 2->2
[2024-12-04T16:40:44.348+0700][3,496s][info   ][gc,heap     ] GC(136) Humongous regions: 585->585
[2024-12-04T16:40:44.348+0700][3,496s][info   ][gc,metaspace] GC(136) Metaspace: 5761K(6016K)->5761K(6016K) NonClass: 5100K(5248K)->5100K(5248K) Class: 660K(768K)->660K(768K)
[2024-12-04T16:40:44.348+0700][3,496s][info   ][gc          ] GC(136) Pause Young (Concurrent Start) (G1 Humongous Allocation) 588M->588M(1292M) 0,845ms
[2024-12-04T16:40:44.348+0700][3,496s][info   ][gc,cpu      ] GC(136) User=0,00s Sys=0,00s Real=0,00s
[2024-12-04T16:40:44.348+0700][3,496s][info   ][gc          ] GC(137) Concurrent Mark Cycle
[2024-12-04T16:40:44.348+0700][3,496s][info   ][gc,marking  ] GC(137) Concurrent Clear Claimed Marks
[2024-12-04T16:40:44.348+0700][3,496s][info   ][gc,marking  ] GC(137) Concurrent Clear Claimed Marks 0,016ms
[2024-12-04T16:40:44.348+0700][3,496s][info   ][gc,marking  ] GC(137) Concurrent Scan Root Regions
[2024-12-04T16:40:44.348+0700][3,497s][info   ][gc,marking  ] GC(137) Concurrent Scan Root Regions 0,171ms
[2024-12-04T16:40:44.348+0700][3,497s][info   ][gc,marking  ] GC(137) Concurrent Mark
[2024-12-04T16:40:44.348+0700][3,497s][info   ][gc,marking  ] GC(137) Concurrent Mark From Roots
[2024-12-04T16:40:44.348+0700][3,497s][info   ][gc,task     ] GC(137) Using 2 workers of 2 for marking
[2024-12-04T16:40:44.350+0700][3,499s][info   ][gc,marking  ] GC(137) Concurrent Mark From Roots 2,424ms
[2024-12-04T16:40:44.350+0700][3,499s][info   ][gc,marking  ] GC(137) Concurrent Preclean
[2024-12-04T16:40:44.350+0700][3,499s][info   ][gc,marking  ] GC(137) Concurrent Preclean 0,042ms
[2024-12-04T16:40:44.350+0700][3,499s][info   ][gc,start    ] GC(137) Pause Remark
[2024-12-04T16:40:44.351+0700][3,500s][info   ][gc          ] GC(137) Pause Remark 589M->589M(1292M) 0,519ms
[2024-12-04T16:40:44.351+0700][3,500s][info   ][gc,cpu      ] GC(137) User=0,00s Sys=0,00s Real=0,00s
[2024-12-04T16:40:44.351+0700][3,500s][info   ][gc,marking  ] GC(137) Concurrent Mark 3,099ms
[2024-12-04T16:40:44.351+0700][3,500s][info   ][gc,marking  ] GC(137) Concurrent Rebuild Remembered Sets
[2024-12-04T16:40:44.352+0700][3,501s][info   ][gc,marking  ] GC(137) Concurrent Rebuild Remembered Sets 0,970ms
[2024-12-04T16:40:44.352+0700][3,501s][info   ][gc,start    ] GC(137) Pause Cleanup
[2024-12-04T16:40:44.352+0700][3,501s][info   ][gc          ] GC(137) Pause Cleanup 589M->589M(1292M) 0,087ms
[2024-12-04T16:40:44.352+0700][3,501s][info   ][gc,cpu      ] GC(137) User=0,00s Sys=0,00s Real=0,00s
[2024-12-04T16:40:44.352+0700][3,501s][info   ][gc,marking  ] GC(137) Concurrent Cleanup for Next Mark
[2024-12-04T16:40:44.354+0700][3,503s][info   ][gc,marking  ] GC(137) Concurrent Cleanup for Next Mark 2,077ms
[2024-12-04T16:40:44.354+0700][3,503s][info   ][gc          ] GC(137) Concurrent Mark Cycle 6,646ms
[2024-12-04T16:40:44.360+0700][3,509s][info   ][gc,start    ] GC(138) Pause Young (Concurrent Start) (G1 Humongous Allocation)
[2024-12-04T16:40:44.360+0700][3,509s][info   ][gc,task     ] GC(138) Using 8 workers of 8 for evacuation
[2024-12-04T16:40:44.361+0700][3,510s][info   ][gc,phases   ] GC(138)   Pre Evacuate Collection Set: 0,2ms
[2024-12-04T16:40:44.361+0700][3,510s][info   ][gc,phases   ] GC(138)   Merge Heap Roots: 0,1ms
[2024-12-04T16:40:44.361+0700][3,510s][info   ][gc,phases   ] GC(138)   Evacuate Collection Set: 0,8ms
[2024-12-04T16:40:44.361+0700][3,510s][info   ][gc,phases   ] GC(138)   Post Evacuate Collection Set: 0,2ms
[2024-12-04T16:40:44.361+0700][3,510s][info   ][gc,phases   ] GC(138)   Other: 0,2ms
[2024-12-04T16:40:44.361+0700][3,510s][info   ][gc,heap     ] GC(138) Eden regions: 1->0(568)
[2024-12-04T16:40:44.361+0700][3,510s][info   ][gc,heap     ] GC(138) Survivor regions: 1->1(72)
[2024-12-04T16:40:44.361+0700][3,510s][info   ][gc,heap     ] GC(138) Old regions: 3->3
[2024-12-04T16:40:44.361+0700][3,510s][info   ][gc,heap     ] GC(138) Archive regions: 2->2
[2024-12-04T16:40:44.361+0700][3,510s][info   ][gc,heap     ] GC(138) Humongous regions: 587->587
[2024-12-04T16:40:44.361+0700][3,510s][info   ][gc,metaspace] GC(138) Metaspace: 5761K(6016K)->5761K(6016K) NonClass: 5100K(5248K)->5100K(5248K) Class: 660K(768K)->660K(768K)
[2024-12-04T16:40:44.361+0700][3,510s][info   ][gc          ] GC(138) Pause Young (Concurrent Start) (G1 Humongous Allocation) 590M->590M(1292M) 1,595ms
[2024-12-04T16:40:44.361+0700][3,510s][info   ][gc,cpu      ] GC(138) User=0,00s Sys=0,00s Real=0,00s
[2024-12-04T16:40:44.362+0700][3,510s][info   ][gc          ] GC(139) Concurrent Mark Cycle
[2024-12-04T16:40:44.362+0700][3,510s][info   ][gc,marking  ] GC(139) Concurrent Clear Claimed Marks
[2024-12-04T16:40:44.362+0700][3,510s][info   ][gc,marking  ] GC(139) Concurrent Clear Claimed Marks 0,021ms
[2024-12-04T16:40:44.362+0700][3,510s][info   ][gc,marking  ] GC(139) Concurrent Scan Root Regions
[2024-12-04T16:40:44.362+0700][3,511s][info   ][gc,marking  ] GC(139) Concurrent Scan Root Regions 0,205ms
[2024-12-04T16:40:44.362+0700][3,511s][info   ][gc,marking  ] GC(139) Concurrent Mark
[2024-12-04T16:40:44.362+0700][3,511s][info   ][gc,marking  ] GC(139) Concurrent Mark From Roots
[2024-12-04T16:40:44.362+0700][3,511s][info   ][gc,task     ] GC(139) Using 2 workers of 2 for marking
[2024-12-04T16:40:44.365+0700][3,514s][info   ][gc,marking  ] GC(139) Concurrent Mark From Roots 3,042ms
[2024-12-04T16:40:44.365+0700][3,514s][info   ][gc,marking  ] GC(139) Concurrent Preclean
[2024-12-04T16:40:44.365+0700][3,514s][info   ][gc,marking  ] GC(139) Concurrent Preclean 0,042ms
[2024-12-04T16:40:44.365+0700][3,514s][info   ][gc,start    ] GC(139) Pause Remark
[2024-12-04T16:40:44.366+0700][3,515s][info   ][gc          ] GC(139) Pause Remark 591M->591M(1292M) 0,660ms
[2024-12-04T16:40:44.366+0700][3,515s][info   ][gc,cpu      ] GC(139) User=0,01s Sys=0,00s Real=0,00s
[2024-12-04T16:40:44.366+0700][3,515s][info   ][gc,marking  ] GC(139) Concurrent Mark 3,870ms
[2024-12-04T16:40:44.366+0700][3,515s][info   ][gc,marking  ] GC(139) Concurrent Rebuild Remembered Sets
[2024-12-04T16:40:44.367+0700][3,516s][info   ][gc,marking  ] GC(139) Concurrent Rebuild Remembered Sets 0,953ms
[2024-12-04T16:40:44.367+0700][3,516s][info   ][gc,start    ] GC(139) Pause Cleanup
[2024-12-04T16:40:44.367+0700][3,516s][info   ][gc          ] GC(139) Pause Cleanup 591M->591M(1292M) 0,091ms
[2024-12-04T16:40:44.367+0700][3,516s][info   ][gc,cpu      ] GC(139) User=0,00s Sys=0,00s Real=0,00s
[2024-12-04T16:40:44.367+0700][3,516s][info   ][gc,marking  ] GC(139) Concurrent Cleanup for Next Mark
[2024-12-04T16:40:44.369+0700][3,518s][info   ][gc,marking  ] GC(139) Concurrent Cleanup for Next Mark 2,209ms
[2024-12-04T16:40:44.369+0700][3,518s][info   ][gc          ] GC(139) Concurrent Mark Cycle 7,539ms
[2024-12-04T16:40:44.373+0700][3,522s][info   ][gc,start    ] GC(140) Pause Young (Concurrent Start) (G1 Humongous Allocation)
[2024-12-04T16:40:44.373+0700][3,522s][info   ][gc,task     ] GC(140) Using 8 workers of 8 for evacuation
[2024-12-04T16:40:44.374+0700][3,523s][info   ][gc,phases   ] GC(140)   Pre Evacuate Collection Set: 0,2ms
[2024-12-04T16:40:44.374+0700][3,523s][info   ][gc,phases   ] GC(140)   Merge Heap Roots: 0,1ms
[2024-12-04T16:40:44.374+0700][3,523s][info   ][gc,phases   ] GC(140)   Evacuate Collection Set: 0,4ms
[2024-12-04T16:40:44.374+0700][3,523s][info   ][gc,phases   ] GC(140)   Post Evacuate Collection Set: 0,1ms
[2024-12-04T16:40:44.374+0700][3,523s][info   ][gc,phases   ] GC(140)   Other: 0,2ms
[2024-12-04T16:40:44.374+0700][3,523s][info   ][gc,heap     ] GC(140) Eden regions: 2->0(565)
[2024-12-04T16:40:44.374+0700][3,523s][info   ][gc,heap     ] GC(140) Survivor regions: 1->1(72)
[2024-12-04T16:40:44.374+0700][3,523s][info   ][gc,heap     ] GC(140) Old regions: 3->3
[2024-12-04T16:40:44.374+0700][3,523s][info   ][gc,heap     ] GC(140) Archive regions: 2->2
[2024-12-04T16:40:44.374+0700][3,523s][info   ][gc,heap     ] GC(140) Humongous regions: 589->589
[2024-12-04T16:40:44.374+0700][3,523s][info   ][gc,metaspace] GC(140) Metaspace: 5774K(6016K)->5774K(6016K) NonClass: 5113K(5248K)->5113K(5248K) Class: 661K(768K)->661K(768K)
[2024-12-04T16:40:44.374+0700][3,523s][info   ][gc          ] GC(140) Pause Young (Concurrent Start) (G1 Humongous Allocation) 593M->592M(1292M) 1,124ms
[2024-12-04T16:40:44.374+0700][3,523s][info   ][gc,cpu      ] GC(140) User=0,00s Sys=0,00s Real=0,01s
[2024-12-04T16:40:44.374+0700][3,523s][info   ][gc          ] GC(141) Concurrent Mark Cycle
[2024-12-04T16:40:44.374+0700][3,523s][info   ][gc,marking  ] GC(141) Concurrent Clear Claimed Marks
[2024-12-04T16:40:44.374+0700][3,523s][info   ][gc,marking  ] GC(141) Concurrent Clear Claimed Marks 0,014ms
[2024-12-04T16:40:44.374+0700][3,523s][info   ][gc,marking  ] GC(141) Concurrent Scan Root Regions
[2024-12-04T16:40:44.374+0700][3,523s][info   ][gc,marking  ] GC(141) Concurrent Scan Root Regions 0,228ms
[2024-12-04T16:40:44.374+0700][3,523s][info   ][gc,marking  ] GC(141) Concurrent Mark
[2024-12-04T16:40:44.374+0700][3,523s][info   ][gc,marking  ] GC(141) Concurrent Mark From Roots
[2024-12-04T16:40:44.374+0700][3,523s][info   ][gc,task     ] GC(141) Using 2 workers of 2 for marking
[2024-12-04T16:40:44.378+0700][3,526s][info   ][gc,marking  ] GC(141) Concurrent Mark From Roots 3,016ms
[2024-12-04T16:40:44.378+0700][3,526s][info   ][gc,marking  ] GC(141) Concurrent Preclean
[2024-12-04T16:40:44.378+0700][3,526s][info   ][gc,marking  ] GC(141) Concurrent Preclean 0,058ms
[2024-12-04T16:40:44.378+0700][3,527s][info   ][gc,start    ] GC(141) Pause Remark
[2024-12-04T16:40:44.378+0700][3,527s][info   ][gc          ] GC(141) Pause Remark 593M->593M(1292M) 0,554ms
[2024-12-04T16:40:44.378+0700][3,527s][info   ][gc,cpu      ] GC(141) User=0,00s Sys=0,00s Real=0,00s
[2024-12-04T16:40:44.378+0700][3,527s][info   ][gc,marking  ] GC(141) Concurrent Mark 3,752ms
[2024-12-04T16:40:44.378+0700][3,527s][info   ][gc,marking  ] GC(141) Concurrent Rebuild Remembered Sets
[2024-12-04T16:40:44.379+0700][3,528s][info   ][gc,marking  ] GC(141) Concurrent Rebuild Remembered Sets 1,157ms
[2024-12-04T16:40:44.379+0700][3,528s][info   ][gc,start    ] GC(141) Pause Cleanup
[2024-12-04T16:40:44.380+0700][3,528s][info   ][gc          ] GC(141) Pause Cleanup 593M->593M(1292M) 0,133ms
[2024-12-04T16:40:44.380+0700][3,528s][info   ][gc,cpu      ] GC(141) User=0,00s Sys=0,00s Real=0,00s
[2024-12-04T16:40:44.380+0700][3,528s][info   ][gc,marking  ] GC(141) Concurrent Cleanup for Next Mark
[2024-12-04T16:40:44.382+0700][3,530s][info   ][gc,marking  ] GC(141) Concurrent Cleanup for Next Mark 1,962ms
[2024-12-04T16:40:44.382+0700][3,530s][info   ][gc          ] GC(141) Concurrent Mark Cycle 7,409ms
[2024-12-04T16:40:44.386+0700][3,535s][info   ][gc,start    ] GC(142) Pause Young (Concurrent Start) (G1 Humongous Allocation)
[2024-12-04T16:40:44.386+0700][3,535s][info   ][gc,task     ] GC(142) Using 8 workers of 8 for evacuation
[2024-12-04T16:40:44.387+0700][3,535s][info   ][gc,phases   ] GC(142)   Pre Evacuate Collection Set: 0,1ms
[2024-12-04T16:40:44.387+0700][3,536s][info   ][gc,phases   ] GC(142)   Merge Heap Roots: 0,0ms
[2024-12-04T16:40:44.387+0700][3,536s][info   ][gc,phases   ] GC(142)   Evacuate Collection Set: 0,2ms
[2024-12-04T16:40:44.387+0700][3,536s][info   ][gc,phases   ] GC(142)   Post Evacuate Collection Set: 0,1ms
[2024-12-04T16:40:44.387+0700][3,536s][info   ][gc,phases   ] GC(142)   Other: 0,1ms
[2024-12-04T16:40:44.387+0700][3,536s][info   ][gc,heap     ] GC(142) Eden regions: 1->0(564)
[2024-12-04T16:40:44.387+0700][3,536s][info   ][gc,heap     ] GC(142) Survivor regions: 1->1(71)
[2024-12-04T16:40:44.387+0700][3,536s][info   ][gc,heap     ] GC(142) Old regions: 3->3
[2024-12-04T16:40:44.387+0700][3,536s][info   ][gc,heap     ] GC(142) Archive regions: 2->2
[2024-12-04T16:40:44.387+0700][3,536s][info   ][gc,heap     ] GC(142) Humongous regions: 591->591
[2024-12-04T16:40:44.387+0700][3,536s][info   ][gc,metaspace] GC(142) Metaspace: 5775K(6016K)->5775K(6016K) NonClass: 5113K(5248K)->5113K(5248K) Class: 661K(768K)->661K(768K)
[2024-12-04T16:40:44.387+0700][3,536s][info   ][gc          ] GC(142) Pause Young (Concurrent Start) (G1 Humongous Allocation) 594M->594M(1292M) 0,740ms
[2024-12-04T16:40:44.387+0700][3,536s][info   ][gc,cpu      ] GC(142) User=0,00s Sys=0,00s Real=0,00s
[2024-12-04T16:40:44.387+0700][3,536s][info   ][gc          ] GC(143) Concurrent Mark Cycle
[2024-12-04T16:40:44.387+0700][3,536s][info   ][gc,marking  ] GC(143) Concurrent Clear Claimed Marks
[2024-12-04T16:40:44.387+0700][3,536s][info   ][gc,marking  ] GC(143) Concurrent Clear Claimed Marks 0,010ms
[2024-12-04T16:40:44.387+0700][3,536s][info   ][gc,marking  ] GC(143) Concurrent Scan Root Regions
[2024-12-04T16:40:44.387+0700][3,536s][info   ][gc,marking  ] GC(143) Concurrent Scan Root Regions 0,112ms
[2024-12-04T16:40:44.387+0700][3,536s][info   ][gc,marking  ] GC(143) Concurrent Mark
[2024-12-04T16:40:44.387+0700][3,536s][info   ][gc,marking  ] GC(143) Concurrent Mark From Roots
[2024-12-04T16:40:44.387+0700][3,536s][info   ][gc,task     ] GC(143) Using 2 workers of 2 for marking
[2024-12-04T16:40:44.389+0700][3,538s][info   ][gc,marking  ] GC(143) Concurrent Mark From Roots 2,358ms
[2024-12-04T16:40:44.389+0700][3,538s][info   ][gc,marking  ] GC(143) Concurrent Preclean
[2024-12-04T16:40:44.389+0700][3,538s][info   ][gc,marking  ] GC(143) Concurrent Preclean 0,044ms
[2024-12-04T16:40:44.389+0700][3,538s][info   ][gc,start    ] GC(143) Pause Remark
[2024-12-04T16:40:44.390+0700][3,539s][info   ][gc          ] GC(143) Pause Remark 595M->595M(1292M) 0,516ms
[2024-12-04T16:40:44.390+0700][3,539s][info   ][gc,cpu      ] GC(143) User=0,00s Sys=0,00s Real=0,00s
[2024-12-04T16:40:44.390+0700][3,539s][info   ][gc,marking  ] GC(143) Concurrent Mark 3,023ms
[2024-12-04T16:40:44.390+0700][3,539s][info   ][gc,marking  ] GC(143) Concurrent Rebuild Remembered Sets
[2024-12-04T16:40:44.391+0700][3,540s][info   ][gc,marking  ] GC(143) Concurrent Rebuild Remembered Sets 1,059ms
[2024-12-04T16:40:44.391+0700][3,540s][info   ][gc,start    ] GC(143) Pause Cleanup
[2024-12-04T16:40:44.391+0700][3,540s][info   ][gc          ] GC(143) Pause Cleanup 595M->595M(1292M) 0,077ms
[2024-12-04T16:40:44.391+0700][3,540s][info   ][gc,cpu      ] GC(143) User=0,00s Sys=0,00s Real=0,00s
[2024-12-04T16:40:44.391+0700][3,540s][info   ][gc,marking  ] GC(143) Concurrent Cleanup for Next Mark
[2024-12-04T16:40:44.393+0700][3,542s][info   ][gc,marking  ] GC(143) Concurrent Cleanup for Next Mark 1,960ms
[2024-12-04T16:40:44.393+0700][3,542s][info   ][gc          ] GC(143) Concurrent Mark Cycle 6,407ms
[2024-12-04T16:40:44.398+0700][3,547s][info   ][gc,start    ] GC(144) Pause Young (Concurrent Start) (G1 Humongous Allocation)
[2024-12-04T16:40:44.398+0700][3,547s][info   ][gc,task     ] GC(144) Using 8 workers of 8 for evacuation
[2024-12-04T16:40:44.399+0700][3,548s][info   ][gc,phases   ] GC(144)   Pre Evacuate Collection Set: 0,1ms
[2024-12-04T16:40:44.399+0700][3,548s][info   ][gc,phases   ] GC(144)   Merge Heap Roots: 0,1ms
[2024-12-04T16:40:44.399+0700][3,548s][info   ][gc,phases   ] GC(144)   Evacuate Collection Set: 0,2ms
[2024-12-04T16:40:44.399+0700][3,548s][info   ][gc,phases   ] GC(144)   Post Evacuate Collection Set: 0,1ms
[2024-12-04T16:40:44.399+0700][3,548s][info   ][gc,phases   ] GC(144)   Other: 0,1ms
[2024-12-04T16:40:44.399+0700][3,548s][info   ][gc,heap     ] GC(144) Eden regions: 1->0(562)
[2024-12-04T16:40:44.399+0700][3,548s][info   ][gc,heap     ] GC(144) Survivor regions: 1->1(71)
[2024-12-04T16:40:44.399+0700][3,548s][info   ][gc,heap     ] GC(144) Old regions: 3->3
[2024-12-04T16:40:44.399+0700][3,548s][info   ][gc,heap     ] GC(144) Archive regions: 2->2
[2024-12-04T16:40:44.399+0700][3,548s][info   ][gc,heap     ] GC(144) Humongous regions: 593->593
[2024-12-04T16:40:44.399+0700][3,548s][info   ][gc,metaspace] GC(144) Metaspace: 5775K(6016K)->5775K(6016K) NonClass: 5113K(5248K)->5113K(5248K) Class: 661K(768K)->661K(768K)
[2024-12-04T16:40:44.399+0700][3,548s][info   ][gc          ] GC(144) Pause Young (Concurrent Start) (G1 Humongous Allocation) 596M->596M(1292M) 0,635ms
[2024-12-04T16:40:44.399+0700][3,548s][info   ][gc,cpu      ] GC(144) User=0,00s Sys=0,00s Real=0,00s
[2024-12-04T16:40:44.399+0700][3,548s][info   ][gc          ] GC(145) Concurrent Mark Cycle
[2024-12-04T16:40:44.399+0700][3,548s][info   ][gc,marking  ] GC(145) Concurrent Clear Claimed Marks
[2024-12-04T16:40:44.399+0700][3,548s][info   ][gc,marking  ] GC(145) Concurrent Clear Claimed Marks 0,010ms
[2024-12-04T16:40:44.399+0700][3,548s][info   ][gc,marking  ] GC(145) Concurrent Scan Root Regions
[2024-12-04T16:40:44.399+0700][3,548s][info   ][gc,marking  ] GC(145) Concurrent Scan Root Regions 0,111ms
[2024-12-04T16:40:44.399+0700][3,548s][info   ][gc,marking  ] GC(145) Concurrent Mark
[2024-12-04T16:40:44.399+0700][3,548s][info   ][gc,marking  ] GC(145) Concurrent Mark From Roots
[2024-12-04T16:40:44.399+0700][3,548s][info   ][gc,task     ] GC(145) Using 2 workers of 2 for marking
[2024-12-04T16:40:44.402+0700][3,551s][info   ][gc,marking  ] GC(145) Concurrent Mark From Roots 2,582ms
[2024-12-04T16:40:44.402+0700][3,551s][info   ][gc,marking  ] GC(145) Concurrent Preclean
[2024-12-04T16:40:44.402+0700][3,551s][info   ][gc,marking  ] GC(145) Concurrent Preclean 0,067ms
[2024-12-04T16:40:44.402+0700][3,551s][info   ][gc,start    ] GC(145) Pause Remark
[2024-12-04T16:40:44.402+0700][3,551s][info   ][gc          ] GC(145) Pause Remark 597M->597M(1292M) 0,507ms
[2024-12-04T16:40:44.402+0700][3,551s][info   ][gc,cpu      ] GC(145) User=0,00s Sys=0,00s Real=0,00s
[2024-12-04T16:40:44.402+0700][3,551s][info   ][gc,marking  ] GC(145) Concurrent Mark 3,269ms
[2024-12-04T16:40:44.402+0700][3,551s][info   ][gc,marking  ] GC(145) Concurrent Rebuild Remembered Sets
[2024-12-04T16:40:44.404+0700][3,552s][info   ][gc,marking  ] GC(145) Concurrent Rebuild Remembered Sets 1,191ms
[2024-12-04T16:40:44.404+0700][3,552s][info   ][gc,start    ] GC(145) Pause Cleanup
[2024-12-04T16:40:44.404+0700][3,553s][info   ][gc          ] GC(145) Pause Cleanup 597M->597M(1292M) 0,069ms
[2024-12-04T16:40:44.404+0700][3,553s][info   ][gc,cpu      ] GC(145) User=0,00s Sys=0,00s Real=0,00s
[2024-12-04T16:40:44.404+0700][3,553s][info   ][gc,marking  ] GC(145) Concurrent Cleanup for Next Mark
[2024-12-04T16:40:44.406+0700][3,555s][info   ][gc,marking  ] GC(145) Concurrent Cleanup for Next Mark 1,999ms
[2024-12-04T16:40:44.406+0700][3,555s][info   ][gc          ] GC(145) Concurrent Mark Cycle 6,779ms
[2024-12-04T16:40:44.410+0700][3,559s][info   ][gc,start    ] GC(146) Pause Young (Concurrent Start) (G1 Humongous Allocation)
[2024-12-04T16:40:44.410+0700][3,559s][info   ][gc,task     ] GC(146) Using 8 workers of 8 for evacuation
[2024-12-04T16:40:44.411+0700][3,560s][info   ][gc,phases   ] GC(146)   Pre Evacuate Collection Set: 0,1ms
[2024-12-04T16:40:44.412+0700][3,560s][info   ][gc,phases   ] GC(146)   Merge Heap Roots: 0,1ms
[2024-12-04T16:40:44.412+0700][3,560s][info   ][gc,phases   ] GC(146)   Evacuate Collection Set: 0,2ms
[2024-12-04T16:40:44.412+0700][3,560s][info   ][gc,phases   ] GC(146)   Post Evacuate Collection Set: 0,6ms
[2024-12-04T16:40:44.412+0700][3,560s][info   ][gc,phases   ] GC(146)   Other: 0,1ms
[2024-12-04T16:40:44.412+0700][3,560s][info   ][gc,heap     ] GC(146) Eden regions: 1->0(602)
[2024-12-04T16:40:44.412+0700][3,560s][info   ][gc,heap     ] GC(146) Survivor regions: 1->1(71)
[2024-12-04T16:40:44.412+0700][3,560s][info   ][gc,heap     ] GC(146) Old regions: 3->3
[2024-12-04T16:40:44.412+0700][3,560s][info   ][gc,heap     ] GC(146) Archive regions: 2->2
[2024-12-04T16:40:44.412+0700][3,560s][info   ][gc,heap     ] GC(146) Humongous regions: 595->595
[2024-12-04T16:40:44.412+0700][3,560s][info   ][gc,metaspace] GC(146) Metaspace: 5775K(6016K)->5775K(6016K) NonClass: 5113K(5248K)->5113K(5248K) Class: 661K(768K)->661K(768K)
[2024-12-04T16:40:44.412+0700][3,560s][info   ][gc          ] GC(146) Pause Young (Concurrent Start) (G1 Humongous Allocation) 598M->598M(1338M) 1,278ms
[2024-12-04T16:40:44.412+0700][3,560s][info   ][gc,cpu      ] GC(146) User=0,00s Sys=0,00s Real=0,00s
[2024-12-04T16:40:44.412+0700][3,561s][info   ][gc          ] GC(147) Concurrent Undo Cycle
[2024-12-04T16:40:44.412+0700][3,561s][info   ][gc,marking  ] GC(147) Concurrent Cleanup for Next Mark
[2024-12-04T16:40:44.414+0700][3,563s][info   ][gc,marking  ] GC(147) Concurrent Cleanup for Next Mark 2,062ms
[2024-12-04T16:40:44.414+0700][3,563s][info   ][gc          ] GC(147) Concurrent Undo Cycle 2,108ms
[2024-12-04T16:40:44.424+0700][3,572s][info   ][gc,start    ] GC(148) Pause Young (Concurrent Start) (G1 Humongous Allocation)
[2024-12-04T16:40:44.424+0700][3,572s][info   ][gc,task     ] GC(148) Using 8 workers of 8 for evacuation
[2024-12-04T16:40:44.424+0700][3,573s][info   ][gc,phases   ] GC(148)   Pre Evacuate Collection Set: 0,2ms
[2024-12-04T16:40:44.425+0700][3,573s][info   ][gc,phases   ] GC(148)   Merge Heap Roots: 0,0ms
[2024-12-04T16:40:44.425+0700][3,573s][info   ][gc,phases   ] GC(148)   Evacuate Collection Set: 0,4ms
[2024-12-04T16:40:44.425+0700][3,573s][info   ][gc,phases   ] GC(148)   Post Evacuate Collection Set: 0,2ms
[2024-12-04T16:40:44.425+0700][3,573s][info   ][gc,phases   ] GC(148)   Other: 0,2ms
[2024-12-04T16:40:44.425+0700][3,573s][info   ][gc,heap     ] GC(148) Eden regions: 1->0(600)
[2024-12-04T16:40:44.425+0700][3,574s][info   ][gc,heap     ] GC(148) Survivor regions: 1->1(76)
[2024-12-04T16:40:44.425+0700][3,574s][info   ][gc,heap     ] GC(148) Old regions: 3->3
[2024-12-04T16:40:44.425+0700][3,574s][info   ][gc,heap     ] GC(148) Archive regions: 2->2
[2024-12-04T16:40:44.425+0700][3,574s][info   ][gc,heap     ] GC(148) Humongous regions: 597->597
[2024-12-04T16:40:44.425+0700][3,574s][info   ][gc,metaspace] GC(148) Metaspace: 5775K(6016K)->5775K(6016K) NonClass: 5113K(5248K)->5113K(5248K) Class: 661K(768K)->661K(768K)
[2024-12-04T16:40:44.425+0700][3,574s][info   ][gc          ] GC(148) Pause Young (Concurrent Start) (G1 Humongous Allocation) 600M->600M(1338M) 1,241ms
[2024-12-04T16:40:44.425+0700][3,574s][info   ][gc,cpu      ] GC(148) User=0,00s Sys=0,00s Real=0,00s
[2024-12-04T16:40:44.425+0700][3,574s][info   ][gc          ] GC(149) Concurrent Undo Cycle
[2024-12-04T16:40:44.425+0700][3,574s][info   ][gc,marking  ] GC(149) Concurrent Cleanup for Next Mark
[2024-12-04T16:40:44.428+0700][3,577s][info   ][gc,marking  ] GC(149) Concurrent Cleanup for Next Mark 2,998ms
[2024-12-04T16:40:44.428+0700][3,577s][info   ][gc          ] GC(149) Concurrent Undo Cycle 3,097ms
[2024-12-04T16:40:44.439+0700][3,588s][info   ][gc,start    ] GC(150) Pause Young (Concurrent Start) (G1 Humongous Allocation)
[2024-12-04T16:40:44.439+0700][3,588s][info   ][gc,task     ] GC(150) Using 8 workers of 8 for evacuation
[2024-12-04T16:40:44.443+0700][3,592s][info   ][gc,phases   ] GC(150)   Pre Evacuate Collection Set: 1,0ms
[2024-12-04T16:40:44.443+0700][3,592s][info   ][gc,phases   ] GC(150)   Merge Heap Roots: 0,1ms
[2024-12-04T16:40:44.443+0700][3,592s][info   ][gc,phases   ] GC(150)   Evacuate Collection Set: 0,5ms
[2024-12-04T16:40:44.443+0700][3,592s][info   ][gc,phases   ] GC(150)   Post Evacuate Collection Set: 0,4ms
[2024-12-04T16:40:44.443+0700][3,592s][info   ][gc,phases   ] GC(150)   Other: 2,0ms
[2024-12-04T16:40:44.443+0700][3,592s][info   ][gc,heap     ] GC(150) Eden regions: 1->0(599)
[2024-12-04T16:40:44.443+0700][3,592s][info   ][gc,heap     ] GC(150) Survivor regions: 1->1(76)
[2024-12-04T16:40:44.443+0700][3,592s][info   ][gc,heap     ] GC(150) Old regions: 3->3
[2024-12-04T16:40:44.443+0700][3,592s][info   ][gc,heap     ] GC(150) Archive regions: 2->2
[2024-12-04T16:40:44.443+0700][3,592s][info   ][gc,heap     ] GC(150) Humongous regions: 598->598
[2024-12-04T16:40:44.443+0700][3,592s][info   ][gc,metaspace] GC(150) Metaspace: 5775K(6016K)->5775K(6016K) NonClass: 5113K(5248K)->5113K(5248K) Class: 661K(768K)->661K(768K)
[2024-12-04T16:40:44.443+0700][3,592s][info   ][gc          ] GC(150) Pause Young (Concurrent Start) (G1 Humongous Allocation) 601M->601M(1338M) 4,273ms
[2024-12-04T16:40:44.443+0700][3,592s][info   ][gc,cpu      ] GC(150) User=0,00s Sys=0,01s Real=0,01s
[2024-12-04T16:40:44.445+0700][3,594s][info   ][gc          ] GC(151) Concurrent Mark Cycle
[2024-12-04T16:40:44.445+0700][3,594s][info   ][gc,marking  ] GC(151) Concurrent Clear Claimed Marks
[2024-12-04T16:40:44.445+0700][3,594s][info   ][gc,marking  ] GC(151) Concurrent Clear Claimed Marks 0,032ms
[2024-12-04T16:40:44.445+0700][3,594s][info   ][gc,marking  ] GC(151) Concurrent Scan Root Regions
[2024-12-04T16:40:44.447+0700][3,596s][info   ][gc,marking  ] GC(151) Concurrent Scan Root Regions 2,098ms
[2024-12-04T16:40:44.447+0700][3,596s][info   ][gc,marking  ] GC(151) Concurrent Mark
[2024-12-04T16:40:44.447+0700][3,596s][info   ][gc,marking  ] GC(151) Concurrent Mark From Roots
[2024-12-04T16:40:44.447+0700][3,596s][info   ][gc,task     ] GC(151) Using 2 workers of 2 for marking
[2024-12-04T16:40:44.459+0700][3,608s][info   ][gc,marking  ] GC(151) Concurrent Mark From Roots 11,800ms
[2024-12-04T16:40:44.459+0700][3,608s][info   ][gc,marking  ] GC(151) Concurrent Preclean
[2024-12-04T16:40:44.459+0700][3,608s][info   ][gc,marking  ] GC(151) Concurrent Preclean 0,187ms
[2024-12-04T16:40:44.460+0700][3,609s][info   ][gc,start    ] GC(151) Pause Remark
[2024-12-04T16:40:44.462+0700][3,611s][info   ][gc          ] GC(151) Pause Remark 604M->604M(1338M) 1,640ms
[2024-12-04T16:40:44.462+0700][3,611s][info   ][gc,cpu      ] GC(151) User=0,00s Sys=0,00s Real=0,00s
[2024-12-04T16:40:44.462+0700][3,611s][info   ][gc,marking  ] GC(151) Concurrent Mark 14,724ms
[2024-12-04T16:40:44.462+0700][3,611s][info   ][gc,marking  ] GC(151) Concurrent Rebuild Remembered Sets
[2024-12-04T16:40:44.467+0700][3,616s][info   ][gc,marking  ] GC(151) Concurrent Rebuild Remembered Sets 4,549ms
[2024-12-04T16:40:44.467+0700][3,616s][info   ][gc,start    ] GC(151) Pause Cleanup
[2024-12-04T16:40:44.467+0700][3,616s][info   ][gc          ] GC(151) Pause Cleanup 604M->604M(1338M) 0,396ms
[2024-12-04T16:40:44.467+0700][3,616s][info   ][gc,cpu      ] GC(151) User=0,00s Sys=0,00s Real=0,00s
[2024-12-04T16:40:44.467+0700][3,616s][info   ][gc,marking  ] GC(151) Concurrent Cleanup for Next Mark
[2024-12-04T16:40:44.472+0700][3,621s][info   ][gc,marking  ] GC(151) Concurrent Cleanup for Next Mark 4,686ms
[2024-12-04T16:40:44.472+0700][3,621s][info   ][gc          ] GC(151) Concurrent Mark Cycle 27,021ms
[2024-12-04T16:40:44.478+0700][3,626s][info   ][gc,start    ] GC(152) Pause Young (Concurrent Start) (G1 Humongous Allocation)
[2024-12-04T16:40:44.478+0700][3,626s][info   ][gc,task     ] GC(152) Using 8 workers of 8 for evacuation
[2024-12-04T16:40:44.479+0700][3,628s][info   ][gc,phases   ] GC(152)   Pre Evacuate Collection Set: 0,4ms
[2024-12-04T16:40:44.479+0700][3,628s][info   ][gc,phases   ] GC(152)   Merge Heap Roots: 0,1ms
[2024-12-04T16:40:44.479+0700][3,628s][info   ][gc,phases   ] GC(152)   Evacuate Collection Set: 0,6ms
[2024-12-04T16:40:44.479+0700][3,628s][info   ][gc,phases   ] GC(152)   Post Evacuate Collection Set: 0,2ms
[2024-12-04T16:40:44.479+0700][3,628s][info   ][gc,phases   ] GC(152)   Other: 0,3ms
[2024-12-04T16:40:44.479+0700][3,628s][info   ][gc,heap     ] GC(152) Eden regions: 1->0(593)
[2024-12-04T16:40:44.479+0700][3,628s][info   ][gc,heap     ] GC(152) Survivor regions: 1->1(75)
[2024-12-04T16:40:44.479+0700][3,628s][info   ][gc,heap     ] GC(152) Old regions: 3->3
[2024-12-04T16:40:44.479+0700][3,628s][info   ][gc,heap     ] GC(152) Archive regions: 2->2
[2024-12-04T16:40:44.479+0700][3,628s][info   ][gc,heap     ] GC(152) Humongous regions: 602->602
[2024-12-04T16:40:44.479+0700][3,628s][info   ][gc,metaspace] GC(152) Metaspace: 5775K(6016K)->5775K(6016K) NonClass: 5114K(5248K)->5114K(5248K) Class: 661K(768K)->661K(768K)
[2024-12-04T16:40:44.479+0700][3,628s][info   ][gc          ] GC(152) Pause Young (Concurrent Start) (G1 Humongous Allocation) 606M->605M(1338M) 1,763ms
[2024-12-04T16:40:44.479+0700][3,628s][info   ][gc,cpu      ] GC(152) User=0,01s Sys=0,00s Real=0,00s
[2024-12-04T16:40:44.479+0700][3,628s][info   ][gc          ] GC(153) Concurrent Mark Cycle
[2024-12-04T16:40:44.479+0700][3,628s][info   ][gc,marking  ] GC(153) Concurrent Clear Claimed Marks
[2024-12-04T16:40:44.479+0700][3,628s][info   ][gc,marking  ] GC(153) Concurrent Clear Claimed Marks 0,017ms
[2024-12-04T16:40:44.479+0700][3,628s][info   ][gc,marking  ] GC(153) Concurrent Scan Root Regions
[2024-12-04T16:40:44.480+0700][3,629s][info   ][gc,marking  ] GC(153) Concurrent Scan Root Regions 0,292ms
[2024-12-04T16:40:44.480+0700][3,629s][info   ][gc,marking  ] GC(153) Concurrent Mark
[2024-12-04T16:40:44.480+0700][3,629s][info   ][gc,marking  ] GC(153) Concurrent Mark From Roots
[2024-12-04T16:40:44.480+0700][3,629s][info   ][gc,task     ] GC(153) Using 2 workers of 2 for marking
[2024-12-04T16:40:44.485+0700][3,634s][info   ][gc,marking  ] GC(153) Concurrent Mark From Roots 4,882ms
[2024-12-04T16:40:44.485+0700][3,634s][info   ][gc,marking  ] GC(153) Concurrent Preclean
[2024-12-04T16:40:44.485+0700][3,634s][info   ][gc,marking  ] GC(153) Concurrent Preclean 0,069ms
[2024-12-04T16:40:44.485+0700][3,634s][info   ][gc,start    ] GC(153) Pause Remark
[2024-12-04T16:40:44.486+0700][3,635s][info   ][gc          ] GC(153) Pause Remark 607M->607M(1338M) 0,876ms
[2024-12-04T16:40:44.486+0700][3,635s][info   ][gc,cpu      ] GC(153) User=0,00s Sys=0,00s Real=0,00s
[2024-12-04T16:40:44.486+0700][3,635s][info   ][gc,marking  ] GC(153) Concurrent Mark 5,991ms
[2024-12-04T16:40:44.486+0700][3,635s][info   ][gc,marking  ] GC(153) Concurrent Rebuild Remembered Sets
[2024-12-04T16:40:44.487+0700][3,636s][info   ][gc,marking  ] GC(153) Concurrent Rebuild Remembered Sets 1,464ms
[2024-12-04T16:40:44.487+0700][3,636s][info   ][gc,start    ] GC(153) Pause Cleanup
[2024-12-04T16:40:44.487+0700][3,636s][info   ][gc          ] GC(153) Pause Cleanup 608M->608M(1338M) 0,171ms
[2024-12-04T16:40:44.487+0700][3,636s][info   ][gc,cpu      ] GC(153) User=0,00s Sys=0,00s Real=0,00s
[2024-12-04T16:40:44.488+0700][3,636s][info   ][gc,marking  ] GC(153) Concurrent Cleanup for Next Mark
[2024-12-04T16:40:44.490+0700][3,638s][info   ][gc,marking  ] GC(153) Concurrent Cleanup for Next Mark 1,982ms
[2024-12-04T16:40:44.490+0700][3,638s][info   ][gc          ] GC(153) Concurrent Mark Cycle 10,193ms
[2024-12-04T16:40:44.492+0700][3,641s][info   ][gc,start    ] GC(154) Pause Young (Concurrent Start) (G1 Humongous Allocation)
[2024-12-04T16:40:44.492+0700][3,641s][info   ][gc,task     ] GC(154) Using 8 workers of 8 for evacuation
[2024-12-04T16:40:44.493+0700][3,642s][info   ][gc,phases   ] GC(154)   Pre Evacuate Collection Set: 0,2ms
[2024-12-04T16:40:44.493+0700][3,642s][info   ][gc,phases   ] GC(154)   Merge Heap Roots: 0,1ms
[2024-12-04T16:40:44.493+0700][3,642s][info   ][gc,phases   ] GC(154)   Evacuate Collection Set: 0,2ms
[2024-12-04T16:40:44.493+0700][3,642s][info   ][gc,phases   ] GC(154)   Post Evacuate Collection Set: 0,1ms
[2024-12-04T16:40:44.493+0700][3,642s][info   ][gc,phases   ] GC(154)   Other: 0,2ms
[2024-12-04T16:40:44.493+0700][3,642s][info   ][gc,heap     ] GC(154) Eden regions: 1->0(591)
[2024-12-04T16:40:44.493+0700][3,642s][info   ][gc,heap     ] GC(154) Survivor regions: 1->1(75)
[2024-12-04T16:40:44.493+0700][3,642s][info   ][gc,heap     ] GC(154) Old regions: 3->3
[2024-12-04T16:40:44.493+0700][3,642s][info   ][gc,heap     ] GC(154) Archive regions: 2->2
[2024-12-04T16:40:44.493+0700][3,642s][info   ][gc,heap     ] GC(154) Humongous regions: 604->604
[2024-12-04T16:40:44.493+0700][3,642s][info   ][gc,metaspace] GC(154) Metaspace: 5776K(6016K)->5776K(6016K) NonClass: 5114K(5248K)->5114K(5248K) Class: 661K(768K)->661K(768K)
[2024-12-04T16:40:44.493+0700][3,642s][info   ][gc          ] GC(154) Pause Young (Concurrent Start) (G1 Humongous Allocation) 608M->607M(1338M) 0,874ms
[2024-12-04T16:40:44.493+0700][3,642s][info   ][gc,cpu      ] GC(154) User=0,00s Sys=0,00s Real=0,00s
[2024-12-04T16:40:44.493+0700][3,642s][info   ][gc          ] GC(155) Concurrent Mark Cycle
[2024-12-04T16:40:44.493+0700][3,642s][info   ][gc,marking  ] GC(155) Concurrent Clear Claimed Marks
[2024-12-04T16:40:44.493+0700][3,642s][info   ][gc,marking  ] GC(155) Concurrent Clear Claimed Marks 0,010ms
[2024-12-04T16:40:44.493+0700][3,642s][info   ][gc,marking  ] GC(155) Concurrent Scan Root Regions
[2024-12-04T16:40:44.493+0700][3,642s][info   ][gc,marking  ] GC(155) Concurrent Scan Root Regions 0,213ms
[2024-12-04T16:40:44.493+0700][3,642s][info   ][gc,marking  ] GC(155) Concurrent Mark
[2024-12-04T16:40:44.493+0700][3,642s][info   ][gc,marking  ] GC(155) Concurrent Mark From Roots
[2024-12-04T16:40:44.493+0700][3,642s][info   ][gc,task     ] GC(155) Using 2 workers of 2 for marking
[2024-12-04T16:40:44.496+0700][3,645s][info   ][gc,marking  ] GC(155) Concurrent Mark From Roots 2,650ms
[2024-12-04T16:40:44.496+0700][3,645s][info   ][gc,marking  ] GC(155) Concurrent Preclean
[2024-12-04T16:40:44.496+0700][3,645s][info   ][gc,marking  ] GC(155) Concurrent Preclean 0,044ms
[2024-12-04T16:40:44.496+0700][3,645s][info   ][gc,start    ] GC(155) Pause Remark
[2024-12-04T16:40:44.497+0700][3,646s][info   ][gc          ] GC(155) Pause Remark 608M->608M(1338M) 0,715ms
[2024-12-04T16:40:44.497+0700][3,646s][info   ][gc,cpu      ] GC(155) User=0,00s Sys=0,00s Real=0,00s
[2024-12-04T16:40:44.497+0700][3,646s][info   ][gc,marking  ] GC(155) Concurrent Mark 3,555ms
[2024-12-04T16:40:44.497+0700][3,646s][info   ][gc,marking  ] GC(155) Concurrent Rebuild Remembered Sets
[2024-12-04T16:40:44.498+0700][3,647s][info   ][gc,marking  ] GC(155) Concurrent Rebuild Remembered Sets 1,503ms
[2024-12-04T16:40:44.498+0700][3,647s][info   ][gc,start    ] GC(155) Pause Cleanup
[2024-12-04T16:40:44.499+0700][3,647s][info   ][gc          ] GC(155) Pause Cleanup 608M->608M(1338M) 0,129ms
[2024-12-04T16:40:44.499+0700][3,647s][info   ][gc,cpu      ] GC(155) User=0,00s Sys=0,00s Real=0,00s
[2024-12-04T16:40:44.499+0700][3,648s][info   ][gc,marking  ] GC(155) Concurrent Cleanup for Next Mark
[2024-12-04T16:40:44.501+0700][3,650s][info   ][gc,marking  ] GC(155) Concurrent Cleanup for Next Mark 2,292ms
[2024-12-04T16:40:44.501+0700][3,650s][info   ][gc          ] GC(155) Concurrent Mark Cycle 7,900ms
[2024-12-04T16:40:44.505+0700][3,653s][info   ][gc,start    ] GC(156) Pause Young (Concurrent Start) (G1 Humongous Allocation)
[2024-12-04T16:40:44.505+0700][3,653s][info   ][gc,task     ] GC(156) Using 8 workers of 8 for evacuation
[2024-12-04T16:40:44.505+0700][3,654s][info   ][gc,phases   ] GC(156)   Pre Evacuate Collection Set: 0,2ms
[2024-12-04T16:40:44.506+0700][3,654s][info   ][gc,phases   ] GC(156)   Merge Heap Roots: 0,1ms
[2024-12-04T16:40:44.506+0700][3,654s][info   ][gc,phases   ] GC(156)   Evacuate Collection Set: 0,4ms
[2024-12-04T16:40:44.506+0700][3,654s][info   ][gc,phases   ] GC(156)   Post Evacuate Collection Set: 0,1ms
[2024-12-04T16:40:44.506+0700][3,654s][info   ][gc,phases   ] GC(156)   Other: 0,2ms
[2024-12-04T16:40:44.506+0700][3,654s][info   ][gc,heap     ] GC(156) Eden regions: 1->0(590)
[2024-12-04T16:40:44.506+0700][3,654s][info   ][gc,heap     ] GC(156) Survivor regions: 1->1(74)
[2024-12-04T16:40:44.506+0700][3,654s][info   ][gc,heap     ] GC(156) Old regions: 3->3
[2024-12-04T16:40:44.506+0700][3,654s][info   ][gc,heap     ] GC(156) Archive regions: 2->2
[2024-12-04T16:40:44.506+0700][3,654s][info   ][gc,heap     ] GC(156) Humongous regions: 606->606
[2024-12-04T16:40:44.506+0700][3,654s][info   ][gc,metaspace] GC(156) Metaspace: 5776K(6016K)->5776K(6016K) NonClass: 5114K(5248K)->5114K(5248K) Class: 661K(768K)->661K(768K)
[2024-12-04T16:40:44.506+0700][3,654s][info   ][gc          ] GC(156) Pause Young (Concurrent Start) (G1 Humongous Allocation) 609M->609M(1338M) 1,071ms
[2024-12-04T16:40:44.506+0700][3,655s][info   ][gc,cpu      ] GC(156) User=0,00s Sys=0,00s Real=0,00s
[2024-12-04T16:40:44.506+0700][3,655s][info   ][gc          ] GC(157) Concurrent Mark Cycle
[2024-12-04T16:40:44.506+0700][3,655s][info   ][gc,marking  ] GC(157) Concurrent Clear Claimed Marks
[2024-12-04T16:40:44.506+0700][3,655s][info   ][gc,marking  ] GC(157) Concurrent Clear Claimed Marks 0,024ms
[2024-12-04T16:40:44.506+0700][3,655s][info   ][gc,marking  ] GC(157) Concurrent Scan Root Regions
[2024-12-04T16:40:44.506+0700][3,655s][info   ][gc,marking  ] GC(157) Concurrent Scan Root Regions 0,180ms
[2024-12-04T16:40:44.506+0700][3,655s][info   ][gc,marking  ] GC(157) Concurrent Mark
[2024-12-04T16:40:44.506+0700][3,655s][info   ][gc,marking  ] GC(157) Concurrent Mark From Roots
[2024-12-04T16:40:44.506+0700][3,655s][info   ][gc,task     ] GC(157) Using 2 workers of 2 for marking
[2024-12-04T16:40:44.509+0700][3,658s][info   ][gc,marking  ] GC(157) Concurrent Mark From Roots 3,518ms
[2024-12-04T16:40:44.509+0700][3,658s][info   ][gc,marking  ] GC(157) Concurrent Preclean
[2024-12-04T16:40:44.510+0700][3,658s][info   ][gc,marking  ] GC(157) Concurrent Preclean 0,067ms
[2024-12-04T16:40:44.510+0700][3,658s][info   ][gc,start    ] GC(157) Pause Remark
[2024-12-04T16:40:44.510+0700][3,659s][info   ][gc          ] GC(157) Pause Remark 610M->610M(1338M) 0,688ms
[2024-12-04T16:40:44.510+0700][3,659s][info   ][gc,cpu      ] GC(157) User=0,00s Sys=0,00s Real=0,00s
[2024-12-04T16:40:44.510+0700][3,659s][info   ][gc,marking  ] GC(157) Concurrent Mark 4,415ms
[2024-12-04T16:40:44.510+0700][3,659s][info   ][gc,marking  ] GC(157) Concurrent Rebuild Remembered Sets
[2024-12-04T16:40:44.512+0700][3,661s][info   ][gc,marking  ] GC(157) Concurrent Rebuild Remembered Sets 1,780ms
[2024-12-04T16:40:44.512+0700][3,661s][info   ][gc,start    ] GC(157) Pause Cleanup
[2024-12-04T16:40:44.512+0700][3,661s][info   ][gc          ] GC(157) Pause Cleanup 611M->611M(1338M) 0,111ms
[2024-12-04T16:40:44.512+0700][3,661s][info   ][gc,cpu      ] GC(157) User=0,00s Sys=0,00s Real=0,00s
[2024-12-04T16:40:44.512+0700][3,661s][info   ][gc,marking  ] GC(157) Concurrent Cleanup for Next Mark
[2024-12-04T16:40:44.514+0700][3,663s][info   ][gc,marking  ] GC(157) Concurrent Cleanup for Next Mark 2,134ms
[2024-12-04T16:40:44.514+0700][3,663s][info   ][gc          ] GC(157) Concurrent Mark Cycle 8,844ms
[2024-12-04T16:40:44.517+0700][3,666s][info   ][gc,start    ] GC(158) Pause Young (Concurrent Start) (G1 Humongous Allocation)
[2024-12-04T16:40:44.517+0700][3,666s][info   ][gc,task     ] GC(158) Using 8 workers of 8 for evacuation
[2024-12-04T16:40:44.518+0700][3,667s][info   ][gc,phases   ] GC(158)   Pre Evacuate Collection Set: 0,1ms
[2024-12-04T16:40:44.518+0700][3,667s][info   ][gc,phases   ] GC(158)   Merge Heap Roots: 0,1ms
[2024-12-04T16:40:44.518+0700][3,667s][info   ][gc,phases   ] GC(158)   Evacuate Collection Set: 0,2ms
[2024-12-04T16:40:44.518+0700][3,667s][info   ][gc,phases   ] GC(158)   Post Evacuate Collection Set: 0,1ms
[2024-12-04T16:40:44.518+0700][3,667s][info   ][gc,phases   ] GC(158)   Other: 0,1ms
[2024-12-04T16:40:44.518+0700][3,667s][info   ][gc,heap     ] GC(158) Eden regions: 1->0(588)
[2024-12-04T16:40:44.518+0700][3,667s][info   ][gc,heap     ] GC(158) Survivor regions: 1->1(74)
[2024-12-04T16:40:44.518+0700][3,667s][info   ][gc,heap     ] GC(158) Old regions: 3->3
[2024-12-04T16:40:44.518+0700][3,667s][info   ][gc,heap     ] GC(158) Archive regions: 2->2
[2024-12-04T16:40:44.518+0700][3,667s][info   ][gc,heap     ] GC(158) Humongous regions: 608->608
[2024-12-04T16:40:44.518+0700][3,667s][info   ][gc,metaspace] GC(158) Metaspace: 5776K(6016K)->5776K(6016K) NonClass: 5114K(5248K)->5114K(5248K) Class: 661K(768K)->661K(768K)
[2024-12-04T16:40:44.518+0700][3,667s][info   ][gc          ] GC(158) Pause Young (Concurrent Start) (G1 Humongous Allocation) 611M->611M(1338M) 0,745ms
[2024-12-04T16:40:44.518+0700][3,667s][info   ][gc,cpu      ] GC(158) User=0,00s Sys=0,00s Real=0,00s
[2024-12-04T16:40:44.518+0700][3,667s][info   ][gc          ] GC(159) Concurrent Mark Cycle
[2024-12-04T16:40:44.518+0700][3,667s][info   ][gc,marking  ] GC(159) Concurrent Clear Claimed Marks
[2024-12-04T16:40:44.518+0700][3,667s][info   ][gc,marking  ] GC(159) Concurrent Clear Claimed Marks 0,011ms
[2024-12-04T16:40:44.518+0700][3,667s][info   ][gc,marking  ] GC(159) Concurrent Scan Root Regions
[2024-12-04T16:40:44.518+0700][3,667s][info   ][gc,marking  ] GC(159) Concurrent Scan Root Regions 0,079ms
[2024-12-04T16:40:44.518+0700][3,667s][info   ][gc,marking  ] GC(159) Concurrent Mark
[2024-12-04T16:40:44.518+0700][3,667s][info   ][gc,marking  ] GC(159) Concurrent Mark From Roots
[2024-12-04T16:40:44.518+0700][3,667s][info   ][gc,task     ] GC(159) Using 2 workers of 2 for marking
[2024-12-04T16:40:44.522+0700][3,671s][info   ][gc,marking  ] GC(159) Concurrent Mark From Roots 3,913ms
[2024-12-04T16:40:44.522+0700][3,671s][info   ][gc,marking  ] GC(159) Concurrent Preclean
[2024-12-04T16:40:44.522+0700][3,671s][info   ][gc,marking  ] GC(159) Concurrent Preclean 0,066ms
[2024-12-04T16:40:44.522+0700][3,671s][info   ][gc,start    ] GC(159) Pause Remark
[2024-12-04T16:40:44.523+0700][3,672s][info   ][gc          ] GC(159) Pause Remark 612M->612M(1338M) 0,645ms
[2024-12-04T16:40:44.523+0700][3,672s][info   ][gc,cpu      ] GC(159) User=0,00s Sys=0,01s Real=0,00s
[2024-12-04T16:40:44.523+0700][3,672s][info   ][gc,marking  ] GC(159) Concurrent Mark 4,795ms
[2024-12-04T16:40:44.523+0700][3,672s][info   ][gc,marking  ] GC(159) Concurrent Rebuild Remembered Sets
[2024-12-04T16:40:44.524+0700][3,673s][info   ][gc,marking  ] GC(159) Concurrent Rebuild Remembered Sets 1,290ms
[2024-12-04T16:40:44.524+0700][3,673s][info   ][gc,start    ] GC(159) Pause Cleanup
[2024-12-04T16:40:44.524+0700][3,673s][info   ][gc          ] GC(159) Pause Cleanup 613M->613M(1338M) 0,159ms
[2024-12-04T16:40:44.524+0700][3,673s][info   ][gc,cpu      ] GC(159) User=0,00s Sys=0,00s Real=0,00s
[2024-12-04T16:40:44.524+0700][3,673s][info   ][gc,marking  ] GC(159) Concurrent Cleanup for Next Mark
[2024-12-04T16:40:44.526+0700][3,675s][info   ][gc,marking  ] GC(159) Concurrent Cleanup for Next Mark 2,108ms
[2024-12-04T16:40:44.526+0700][3,675s][info   ][gc          ] GC(159) Concurrent Mark Cycle 8,652ms
[2024-12-04T16:40:44.529+0700][3,678s][info   ][gc,start    ] GC(160) Pause Young (Concurrent Start) (G1 Humongous Allocation)
[2024-12-04T16:40:44.529+0700][3,678s][info   ][gc,task     ] GC(160) Using 8 workers of 8 for evacuation
[2024-12-04T16:40:44.530+0700][3,679s][info   ][gc,phases   ] GC(160)   Pre Evacuate Collection Set: 0,1ms
[2024-12-04T16:40:44.530+0700][3,679s][info   ][gc,phases   ] GC(160)   Merge Heap Roots: 0,1ms
[2024-12-04T16:40:44.530+0700][3,679s][info   ][gc,phases   ] GC(160)   Evacuate Collection Set: 0,4ms
[2024-12-04T16:40:44.530+0700][3,679s][info   ][gc,phases   ] GC(160)   Post Evacuate Collection Set: 0,1ms
[2024-12-04T16:40:44.530+0700][3,679s][info   ][gc,phases   ] GC(160)   Other: 0,2ms
[2024-12-04T16:40:44.530+0700][3,679s][info   ][gc,heap     ] GC(160) Eden regions: 1->0(586)
[2024-12-04T16:40:44.530+0700][3,679s][info   ][gc,heap     ] GC(160) Survivor regions: 1->1(74)
[2024-12-04T16:40:44.530+0700][3,679s][info   ][gc,heap     ] GC(160) Old regions: 3->3
[2024-12-04T16:40:44.530+0700][3,679s][info   ][gc,heap     ] GC(160) Archive regions: 2->2
[2024-12-04T16:40:44.530+0700][3,679s][info   ][gc,heap     ] GC(160) Humongous regions: 610->610
[2024-12-04T16:40:44.530+0700][3,679s][info   ][gc,metaspace] GC(160) Metaspace: 5776K(6016K)->5776K(6016K) NonClass: 5114K(5248K)->5114K(5248K) Class: 661K(768K)->661K(768K)
[2024-12-04T16:40:44.530+0700][3,679s][info   ][gc          ] GC(160) Pause Young (Concurrent Start) (G1 Humongous Allocation) 613M->613M(1338M) 1,069ms
[2024-12-04T16:40:44.530+0700][3,679s][info   ][gc,cpu      ] GC(160) User=0,00s Sys=0,00s Real=0,00s
[2024-12-04T16:40:44.530+0700][3,679s][info   ][gc          ] GC(161) Concurrent Mark Cycle
[2024-12-04T16:40:44.530+0700][3,679s][info   ][gc,marking  ] GC(161) Concurrent Clear Claimed Marks
[2024-12-04T16:40:44.530+0700][3,679s][info   ][gc,marking  ] GC(161) Concurrent Clear Claimed Marks 0,011ms
[2024-12-04T16:40:44.530+0700][3,679s][info   ][gc,marking  ] GC(161) Concurrent Scan Root Regions
[2024-12-04T16:40:44.530+0700][3,679s][info   ][gc,marking  ] GC(161) Concurrent Scan Root Regions 0,061ms
[2024-12-04T16:40:44.530+0700][3,679s][info   ][gc,marking  ] GC(161) Concurrent Mark
[2024-12-04T16:40:44.530+0700][3,679s][info   ][gc,marking  ] GC(161) Concurrent Mark From Roots
[2024-12-04T16:40:44.530+0700][3,679s][info   ][gc,task     ] GC(161) Using 2 workers of 2 for marking
[2024-12-04T16:40:44.534+0700][3,683s][info   ][gc,marking  ] GC(161) Concurrent Mark From Roots 3,610ms
[2024-12-04T16:40:44.534+0700][3,683s][info   ][gc,marking  ] GC(161) Concurrent Preclean
[2024-12-04T16:40:44.534+0700][3,683s][info   ][gc,marking  ] GC(161) Concurrent Preclean 0,054ms
[2024-12-04T16:40:44.534+0700][3,683s][info   ][gc,start    ] GC(161) Pause Remark
[2024-12-04T16:40:44.535+0700][3,684s][info   ][gc          ] GC(161) Pause Remark 614M->614M(1338M) 0,675ms
[2024-12-04T16:40:44.535+0700][3,684s][info   ][gc,cpu      ] GC(161) User=0,00s Sys=0,00s Real=0,00s
[2024-12-04T16:40:44.535+0700][3,684s][info   ][gc,marking  ] GC(161) Concurrent Mark 4,485ms
[2024-12-04T16:40:44.535+0700][3,684s][info   ][gc,marking  ] GC(161) Concurrent Rebuild Remembered Sets
[2024-12-04T16:40:44.536+0700][3,685s][info   ][gc,marking  ] GC(161) Concurrent Rebuild Remembered Sets 1,640ms
[2024-12-04T16:40:44.537+0700][3,686s][info   ][gc,start    ] GC(161) Pause Cleanup
[2024-12-04T16:40:44.537+0700][3,686s][info   ][gc          ] GC(161) Pause Cleanup 615M->615M(1338M) 0,311ms
[2024-12-04T16:40:44.537+0700][3,686s][info   ][gc,cpu      ] GC(161) User=0,00s Sys=0,00s Real=0,00s
[2024-12-04T16:40:44.537+0700][3,686s][info   ][gc,marking  ] GC(161) Concurrent Cleanup for Next Mark
[2024-12-04T16:40:44.539+0700][3,688s][info   ][gc,marking  ] GC(161) Concurrent Cleanup for Next Mark 2,056ms
[2024-12-04T16:40:44.539+0700][3,688s][info   ][gc          ] GC(161) Concurrent Mark Cycle 9,098ms
[2024-12-04T16:40:44.542+0700][3,691s][info   ][gc,start    ] GC(162) Pause Young (Concurrent Start) (G1 Humongous Allocation)
[2024-12-04T16:40:44.542+0700][3,691s][info   ][gc,task     ] GC(162) Using 8 workers of 8 for evacuation
[2024-12-04T16:40:44.548+0700][3,697s][info   ][gc,phases   ] GC(162)   Pre Evacuate Collection Set: 0,2ms
[2024-12-04T16:40:44.548+0700][3,697s][info   ][gc,phases   ] GC(162)   Merge Heap Roots: 0,2ms
[2024-12-04T16:40:44.548+0700][3,697s][info   ][gc,phases   ] GC(162)   Evacuate Collection Set: 4,2ms
[2024-12-04T16:40:44.548+0700][3,697s][info   ][gc,phases   ] GC(162)   Post Evacuate Collection Set: 0,7ms
[2024-12-04T16:40:44.548+0700][3,697s][info   ][gc,phases   ] GC(162)   Other: 0,3ms
[2024-12-04T16:40:44.548+0700][3,697s][info   ][gc,heap     ] GC(162) Eden regions: 1->0(627)
[2024-12-04T16:40:44.548+0700][3,697s][info   ][gc,heap     ] GC(162) Survivor regions: 1->1(74)
[2024-12-04T16:40:44.548+0700][3,697s][info   ][gc,heap     ] GC(162) Old regions: 3->3
[2024-12-04T16:40:44.548+0700][3,697s][info   ][gc,heap     ] GC(162) Archive regions: 2->2
[2024-12-04T16:40:44.548+0700][3,697s][info   ][gc,heap     ] GC(162) Humongous regions: 612->612
[2024-12-04T16:40:44.548+0700][3,697s][info   ][gc,metaspace] GC(162) Metaspace: 5776K(6016K)->5776K(6016K) NonClass: 5114K(5248K)->5114K(5248K) Class: 661K(768K)->661K(768K)
[2024-12-04T16:40:44.548+0700][3,697s][info   ][gc          ] GC(162) Pause Young (Concurrent Start) (G1 Humongous Allocation) 615M->615M(1385M) 5,914ms
[2024-12-04T16:40:44.548+0700][3,697s][info   ][gc,cpu      ] GC(162) User=0,01s Sys=0,00s Real=0,01s
[2024-12-04T16:40:44.548+0700][3,697s][info   ][gc          ] GC(163) Concurrent Undo Cycle
[2024-12-04T16:40:44.548+0700][3,697s][info   ][gc,marking  ] GC(163) Concurrent Cleanup for Next Mark
[2024-12-04T16:40:44.551+0700][3,700s][info   ][gc,marking  ] GC(163) Concurrent Cleanup for Next Mark 2,473ms
[2024-12-04T16:40:44.551+0700][3,700s][info   ][gc          ] GC(163) Concurrent Undo Cycle 2,589ms
[2024-12-04T16:40:44.582+0700][3,731s][info   ][gc,start    ] GC(164) Pause Young (Concurrent Start) (G1 Humongous Allocation)
[2024-12-04T16:40:44.582+0700][3,731s][info   ][gc,task     ] GC(164) Using 8 workers of 8 for evacuation
[2024-12-04T16:40:44.583+0700][3,732s][info   ][gc,phases   ] GC(164)   Pre Evacuate Collection Set: 0,2ms
[2024-12-04T16:40:44.583+0700][3,732s][info   ][gc,phases   ] GC(164)   Merge Heap Roots: 0,1ms
[2024-12-04T16:40:44.583+0700][3,732s][info   ][gc,phases   ] GC(164)   Evacuate Collection Set: 0,3ms
[2024-12-04T16:40:44.583+0700][3,732s][info   ][gc,phases   ] GC(164)   Post Evacuate Collection Set: 0,2ms
[2024-12-04T16:40:44.583+0700][3,732s][info   ][gc,phases   ] GC(164)   Other: 0,2ms
[2024-12-04T16:40:44.583+0700][3,732s][info   ][gc,heap     ] GC(164) Eden regions: 1->0(621)
[2024-12-04T16:40:44.583+0700][3,732s][info   ][gc,heap     ] GC(164) Survivor regions: 1->1(79)
[2024-12-04T16:40:44.583+0700][3,732s][info   ][gc,heap     ] GC(164) Old regions: 3->3
[2024-12-04T16:40:44.583+0700][3,732s][info   ][gc,heap     ] GC(164) Archive regions: 2->2
[2024-12-04T16:40:44.583+0700][3,732s][info   ][gc,heap     ] GC(164) Humongous regions: 618->618
[2024-12-04T16:40:44.583+0700][3,732s][info   ][gc,metaspace] GC(164) Metaspace: 5776K(6016K)->5776K(6016K) NonClass: 5114K(5248K)->5114K(5248K) Class: 661K(768K)->661K(768K)
[2024-12-04T16:40:44.583+0700][3,732s][info   ][gc          ] GC(164) Pause Young (Concurrent Start) (G1 Humongous Allocation) 621M->621M(1385M) 1,111ms
[2024-12-04T16:40:44.583+0700][3,732s][info   ][gc,cpu      ] GC(164) User=0,00s Sys=0,00s Real=0,01s
[2024-12-04T16:40:44.583+0700][3,732s][info   ][gc          ] GC(165) Concurrent Undo Cycle
[2024-12-04T16:40:44.583+0700][3,732s][info   ][gc,marking  ] GC(165) Concurrent Cleanup for Next Mark
[2024-12-04T16:40:44.586+0700][3,735s][info   ][gc,marking  ] GC(165) Concurrent Cleanup for Next Mark 2,602ms
[2024-12-04T16:40:44.586+0700][3,735s][info   ][gc          ] GC(165) Concurrent Undo Cycle 2,699ms
[2024-12-04T16:40:44.589+0700][3,738s][info   ][gc,start    ] GC(166) Pause Young (Concurrent Start) (G1 Humongous Allocation)
[2024-12-04T16:40:44.589+0700][3,738s][info   ][gc,task     ] GC(166) Using 8 workers of 8 for evacuation
[2024-12-04T16:40:44.590+0700][3,739s][info   ][gc,phases   ] GC(166)   Pre Evacuate Collection Set: 0,2ms
[2024-12-04T16:40:44.590+0700][3,739s][info   ][gc,phases   ] GC(166)   Merge Heap Roots: 0,1ms
[2024-12-04T16:40:44.590+0700][3,739s][info   ][gc,phases   ] GC(166)   Evacuate Collection Set: 0,4ms
[2024-12-04T16:40:44.590+0700][3,739s][info   ][gc,phases   ] GC(166)   Post Evacuate Collection Set: 0,2ms
[2024-12-04T16:40:44.590+0700][3,739s][info   ][gc,phases   ] GC(166)   Other: 0,2ms
[2024-12-04T16:40:44.590+0700][3,739s][info   ][gc,heap     ] GC(166) Eden regions: 1->0(620)
[2024-12-04T16:40:44.590+0700][3,739s][info   ][gc,heap     ] GC(166) Survivor regions: 1->1(78)
[2024-12-04T16:40:44.590+0700][3,739s][info   ][gc,heap     ] GC(166) Old regions: 3->3
[2024-12-04T16:40:44.590+0700][3,739s][info   ][gc,heap     ] GC(166) Archive regions: 2->2
[2024-12-04T16:40:44.591+0700][3,739s][info   ][gc,heap     ] GC(166) Humongous regions: 619->619
[2024-12-04T16:40:44.591+0700][3,739s][info   ][gc,metaspace] GC(166) Metaspace: 5776K(6016K)->5776K(6016K) NonClass: 5114K(5248K)->5114K(5248K) Class: 661K(768K)->661K(768K)
[2024-12-04T16:40:44.591+0700][3,739s][info   ][gc          ] GC(166) Pause Young (Concurrent Start) (G1 Humongous Allocation) 622M->622M(1385M) 1,306ms
[2024-12-04T16:40:44.591+0700][3,739s][info   ][gc,cpu      ] GC(166) User=0,01s Sys=0,00s Real=0,00s
[2024-12-04T16:40:44.591+0700][3,739s][info   ][gc          ] GC(167) Concurrent Mark Cycle
[2024-12-04T16:40:44.591+0700][3,739s][info   ][gc,marking  ] GC(167) Concurrent Clear Claimed Marks
[2024-12-04T16:40:44.591+0700][3,740s][info   ][gc,marking  ] GC(167) Concurrent Clear Claimed Marks 0,017ms
[2024-12-04T16:40:44.591+0700][3,740s][info   ][gc,marking  ] GC(167) Concurrent Scan Root Regions
[2024-12-04T16:40:44.591+0700][3,740s][info   ][gc,marking  ] GC(167) Concurrent Scan Root Regions 0,065ms
[2024-12-04T16:40:44.591+0700][3,740s][info   ][gc,marking  ] GC(167) Concurrent Mark
[2024-12-04T16:40:44.591+0700][3,740s][info   ][gc,marking  ] GC(167) Concurrent Mark From Roots
[2024-12-04T16:40:44.591+0700][3,740s][info   ][gc,task     ] GC(167) Using 2 workers of 2 for marking
[2024-12-04T16:40:44.594+0700][3,743s][info   ][gc,marking  ] GC(167) Concurrent Mark From Roots 3,207ms
[2024-12-04T16:40:44.594+0700][3,743s][info   ][gc,marking  ] GC(167) Concurrent Preclean
[2024-12-04T16:40:44.594+0700][3,743s][info   ][gc,marking  ] GC(167) Concurrent Preclean 0,038ms
[2024-12-04T16:40:44.594+0700][3,743s][info   ][gc,start    ] GC(167) Pause Remark
[2024-12-04T16:40:44.595+0700][3,743s][info   ][gc          ] GC(167) Pause Remark 623M->623M(1385M) 0,605ms
[2024-12-04T16:40:44.595+0700][3,744s][info   ][gc,cpu      ] GC(167) User=0,01s Sys=0,00s Real=0,00s
[2024-12-04T16:40:44.595+0700][3,744s][info   ][gc,marking  ] GC(167) Concurrent Mark 3,971ms
[2024-12-04T16:40:44.595+0700][3,744s][info   ][gc,marking  ] GC(167) Concurrent Rebuild Remembered Sets
[2024-12-04T16:40:44.596+0700][3,745s][info   ][gc,marking  ] GC(167) Concurrent Rebuild Remembered Sets 1,538ms
[2024-12-04T16:40:44.596+0700][3,745s][info   ][gc,start    ] GC(167) Pause Cleanup
[2024-12-04T16:40:44.596+0700][3,745s][info   ][gc          ] GC(167) Pause Cleanup 623M->623M(1385M) 0,087ms
[2024-12-04T16:40:44.596+0700][3,745s][info   ][gc,cpu      ] GC(167) User=0,00s Sys=0,00s Real=0,00s
[2024-12-04T16:40:44.596+0700][3,745s][info   ][gc,marking  ] GC(167) Concurrent Cleanup for Next Mark
[2024-12-04T16:40:44.599+0700][3,748s][info   ][gc,marking  ] GC(167) Concurrent Cleanup for Next Mark 2,482ms
[2024-12-04T16:40:44.599+0700][3,748s][info   ][gc          ] GC(167) Concurrent Mark Cycle 8,278ms
[2024-12-04T16:40:44.603+0700][3,752s][info   ][gc,start    ] GC(168) Pause Young (Concurrent Start) (G1 Humongous Allocation)
[2024-12-04T16:40:44.603+0700][3,752s][info   ][gc,task     ] GC(168) Using 8 workers of 8 for evacuation
[2024-12-04T16:40:44.604+0700][3,753s][info   ][gc,phases   ] GC(168)   Pre Evacuate Collection Set: 0,2ms
[2024-12-04T16:40:44.604+0700][3,753s][info   ][gc,phases   ] GC(168)   Merge Heap Roots: 0,2ms
[2024-12-04T16:40:44.604+0700][3,753s][info   ][gc,phases   ] GC(168)   Evacuate Collection Set: 0,5ms
[2024-12-04T16:40:44.604+0700][3,753s][info   ][gc,phases   ] GC(168)   Post Evacuate Collection Set: 0,2ms
[2024-12-04T16:40:44.604+0700][3,753s][info   ][gc,phases   ] GC(168)   Other: 0,2ms
[2024-12-04T16:40:44.604+0700][3,753s][info   ][gc,heap     ] GC(168) Eden regions: 1->0(618)
[2024-12-04T16:40:44.604+0700][3,753s][info   ][gc,heap     ] GC(168) Survivor regions: 1->1(78)
[2024-12-04T16:40:44.604+0700][3,753s][info   ][gc,heap     ] GC(168) Old regions: 3->3
[2024-12-04T16:40:44.604+0700][3,753s][info   ][gc,heap     ] GC(168) Archive regions: 2->2
[2024-12-04T16:40:44.604+0700][3,753s][info   ][gc,heap     ] GC(168) Humongous regions: 621->621
[2024-12-04T16:40:44.604+0700][3,753s][info   ][gc,metaspace] GC(168) Metaspace: 5776K(6016K)->5776K(6016K) NonClass: 5114K(5248K)->5114K(5248K) Class: 661K(768K)->661K(768K)
[2024-12-04T16:40:44.604+0700][3,753s][info   ][gc          ] GC(168) Pause Young (Concurrent Start) (G1 Humongous Allocation) 624M->624M(1385M) 1,282ms
[2024-12-04T16:40:44.604+0700][3,753s][info   ][gc,cpu      ] GC(168) User=0,01s Sys=0,00s Real=0,01s
[2024-12-04T16:40:44.604+0700][3,753s][info   ][gc          ] GC(169) Concurrent Mark Cycle
[2024-12-04T16:40:44.604+0700][3,753s][info   ][gc,marking  ] GC(169) Concurrent Clear Claimed Marks
[2024-12-04T16:40:44.604+0700][3,753s][info   ][gc,marking  ] GC(169) Concurrent Clear Claimed Marks 0,006ms
[2024-12-04T16:40:44.604+0700][3,753s][info   ][gc,marking  ] GC(169) Concurrent Scan Root Regions
[2024-12-04T16:40:44.604+0700][3,753s][info   ][gc,marking  ] GC(169) Concurrent Scan Root Regions 0,043ms
[2024-12-04T16:40:44.604+0700][3,753s][info   ][gc,marking  ] GC(169) Concurrent Mark
[2024-12-04T16:40:44.604+0700][3,753s][info   ][gc,marking  ] GC(169) Concurrent Mark From Roots
[2024-12-04T16:40:44.604+0700][3,753s][info   ][gc,task     ] GC(169) Using 2 workers of 2 for marking
[2024-12-04T16:40:44.607+0700][3,756s][info   ][gc,marking  ] GC(169) Concurrent Mark From Roots 3,186ms
[2024-12-04T16:40:44.607+0700][3,756s][info   ][gc,marking  ] GC(169) Concurrent Preclean
[2024-12-04T16:40:44.607+0700][3,756s][info   ][gc,marking  ] GC(169) Concurrent Preclean 0,035ms
[2024-12-04T16:40:44.607+0700][3,756s][info   ][gc,start    ] GC(169) Pause Remark
[2024-12-04T16:40:44.608+0700][3,757s][info   ][gc          ] GC(169) Pause Remark 625M->625M(1385M) 0,694ms
[2024-12-04T16:40:44.608+0700][3,757s][info   ][gc,cpu      ] GC(169) User=0,01s Sys=0,00s Real=0,00s
[2024-12-04T16:40:44.608+0700][3,757s][info   ][gc,marking  ] GC(169) Concurrent Mark 4,043ms
[2024-12-04T16:40:44.608+0700][3,757s][info   ][gc,marking  ] GC(169) Concurrent Rebuild Remembered Sets
[2024-12-04T16:40:44.610+0700][3,759s][info   ][gc,marking  ] GC(169) Concurrent Rebuild Remembered Sets 1,945ms
[2024-12-04T16:40:44.610+0700][3,759s][info   ][gc,start    ] GC(169) Pause Cleanup
[2024-12-04T16:40:44.610+0700][3,759s][info   ][gc          ] GC(169) Pause Cleanup 626M->626M(1385M) 0,141ms
[2024-12-04T16:40:44.610+0700][3,759s][info   ][gc,cpu      ] GC(169) User=0,00s Sys=0,00s Real=0,00s
[2024-12-04T16:40:44.610+0700][3,759s][info   ][gc,marking  ] GC(169) Concurrent Cleanup for Next Mark
[2024-12-04T16:40:44.613+0700][3,762s][info   ][gc,marking  ] GC(169) Concurrent Cleanup for Next Mark 2,463ms
[2024-12-04T16:40:44.613+0700][3,762s][info   ][gc          ] GC(169) Concurrent Mark Cycle 8,853ms
[2024-12-04T16:40:44.616+0700][3,765s][info   ][gc,start    ] GC(170) Pause Young (Concurrent Start) (G1 Humongous Allocation)
[2024-12-04T16:40:44.616+0700][3,765s][info   ][gc,task     ] GC(170) Using 8 workers of 8 for evacuation
[2024-12-04T16:40:44.617+0700][3,766s][info   ][gc,phases   ] GC(170)   Pre Evacuate Collection Set: 0,1ms
[2024-12-04T16:40:44.617+0700][3,766s][info   ][gc,phases   ] GC(170)   Merge Heap Roots: 0,1ms
[2024-12-04T16:40:44.617+0700][3,766s][info   ][gc,phases   ] GC(170)   Evacuate Collection Set: 0,4ms
[2024-12-04T16:40:44.617+0700][3,766s][info   ][gc,phases   ] GC(170)   Post Evacuate Collection Set: 0,2ms
[2024-12-04T16:40:44.617+0700][3,766s][info   ][gc,phases   ] GC(170)   Other: 0,2ms
[2024-12-04T16:40:44.617+0700][3,766s][info   ][gc,heap     ] GC(170) Eden regions: 1->0(617)
[2024-12-04T16:40:44.617+0700][3,766s][info   ][gc,heap     ] GC(170) Survivor regions: 1->0(78)
[2024-12-04T16:40:44.617+0700][3,766s][info   ][gc,heap     ] GC(170) Old regions: 3->3
[2024-12-04T16:40:44.617+0700][3,766s][info   ][gc,heap     ] GC(170) Archive regions: 2->2
[2024-12-04T16:40:44.617+0700][3,766s][info   ][gc,heap     ] GC(170) Humongous regions: 623->623
[2024-12-04T16:40:44.617+0700][3,766s][info   ][gc,metaspace] GC(170) Metaspace: 5776K(6016K)->5776K(6016K) NonClass: 5114K(5248K)->5114K(5248K) Class: 661K(768K)->661K(768K)
[2024-12-04T16:40:44.617+0700][3,766s][info   ][gc          ] GC(170) Pause Young (Concurrent Start) (G1 Humongous Allocation) 626M->626M(1385M) 1,132ms
[2024-12-04T16:40:44.617+0700][3,766s][info   ][gc,cpu      ] GC(170) User=0,00s Sys=0,00s Real=0,00s
[2024-12-04T16:40:44.617+0700][3,766s][info   ][gc          ] GC(171) Concurrent Mark Cycle
[2024-12-04T16:40:44.617+0700][3,766s][info   ][gc,marking  ] GC(171) Concurrent Clear Claimed Marks
[2024-12-04T16:40:44.617+0700][3,766s][info   ][gc,marking  ] GC(171) Concurrent Clear Claimed Marks 0,005ms
[2024-12-04T16:40:44.617+0700][3,766s][info   ][gc,marking  ] GC(171) Concurrent Scan Root Regions
[2024-12-04T16:40:44.617+0700][3,766s][info   ][gc,marking  ] GC(171) Concurrent Scan Root Regions 0,056ms
[2024-12-04T16:40:44.617+0700][3,766s][info   ][gc,marking  ] GC(171) Concurrent Mark
[2024-12-04T16:40:44.617+0700][3,766s][info   ][gc,marking  ] GC(171) Concurrent Mark From Roots
[2024-12-04T16:40:44.617+0700][3,766s][info   ][gc,task     ] GC(171) Using 2 workers of 2 for marking
[2024-12-04T16:40:44.621+0700][3,770s][info   ][gc,marking  ] GC(171) Concurrent Mark From Roots 3,783ms
[2024-12-04T16:40:44.621+0700][3,770s][info   ][gc,marking  ] GC(171) Concurrent Preclean
[2024-12-04T16:40:44.621+0700][3,770s][info   ][gc,marking  ] GC(171) Concurrent Preclean 0,036ms
[2024-12-04T16:40:44.621+0700][3,770s][info   ][gc,start    ] GC(171) Pause Remark
[2024-12-04T16:40:44.621+0700][3,770s][info   ][gc          ] GC(171) Pause Remark 627M->627M(1385M) 0,491ms
[2024-12-04T16:40:44.621+0700][3,770s][info   ][gc,cpu      ] GC(171) User=0,00s Sys=0,00s Real=0,00s
[2024-12-04T16:40:44.621+0700][3,770s][info   ][gc,marking  ] GC(171) Concurrent Mark 4,415ms
[2024-12-04T16:40:44.621+0700][3,770s][info   ][gc,marking  ] GC(171) Concurrent Rebuild Remembered Sets
[2024-12-04T16:40:44.623+0700][3,772s][info   ][gc,marking  ] GC(171) Concurrent Rebuild Remembered Sets 1,409ms
[2024-12-04T16:40:44.623+0700][3,772s][info   ][gc,start    ] GC(171) Pause Cleanup
[2024-12-04T16:40:44.623+0700][3,772s][info   ][gc          ] GC(171) Pause Cleanup 627M->627M(1385M) 0,095ms
[2024-12-04T16:40:44.623+0700][3,772s][info   ][gc,cpu      ] GC(171) User=0,00s Sys=0,00s Real=0,00s
[2024-12-04T16:40:44.623+0700][3,772s][info   ][gc,marking  ] GC(171) Concurrent Cleanup for Next Mark
[2024-12-04T16:40:44.625+0700][3,774s][info   ][gc,marking  ] GC(171) Concurrent Cleanup for Next Mark 2,247ms
[2024-12-04T16:40:44.625+0700][3,774s][info   ][gc          ] GC(171) Concurrent Mark Cycle 8,388ms
[2024-12-04T16:40:44.629+0700][3,778s][info   ][gc,start    ] GC(172) Pause Young (Concurrent Start) (G1 Humongous Allocation)
[2024-12-04T16:40:44.629+0700][3,778s][info   ][gc,task     ] GC(172) Using 8 workers of 8 for evacuation
[2024-12-04T16:40:44.630+0700][3,779s][info   ][gc,phases   ] GC(172)   Pre Evacuate Collection Set: 0,2ms
[2024-12-04T16:40:44.630+0700][3,779s][info   ][gc,phases   ] GC(172)   Merge Heap Roots: 0,1ms
[2024-12-04T16:40:44.630+0700][3,779s][info   ][gc,phases   ] GC(172)   Evacuate Collection Set: 0,3ms
[2024-12-04T16:40:44.630+0700][3,779s][info   ][gc,phases   ] GC(172)   Post Evacuate Collection Set: 0,2ms
[2024-12-04T16:40:44.630+0700][3,779s][info   ][gc,phases   ] GC(172)   Other: 0,2ms
[2024-12-04T16:40:44.630+0700][3,779s][info   ][gc,heap     ] GC(172) Eden regions: 1->0(615)
[2024-12-04T16:40:44.630+0700][3,779s][info   ][gc,heap     ] GC(172) Survivor regions: 0->0(78)
[2024-12-04T16:40:44.630+0700][3,779s][info   ][gc,heap     ] GC(172) Old regions: 3->3
[2024-12-04T16:40:44.630+0700][3,779s][info   ][gc,heap     ] GC(172) Archive regions: 2->2
[2024-12-04T16:40:44.630+0700][3,779s][info   ][gc,heap     ] GC(172) Humongous regions: 625->625
[2024-12-04T16:40:44.630+0700][3,779s][info   ][gc,metaspace] GC(172) Metaspace: 5776K(6016K)->5776K(6016K) NonClass: 5114K(5248K)->5114K(5248K) Class: 661K(768K)->661K(768K)
[2024-12-04T16:40:44.630+0700][3,779s][info   ][gc          ] GC(172) Pause Young (Concurrent Start) (G1 Humongous Allocation) 628M->628M(1385M) 1,216ms
[2024-12-04T16:40:44.630+0700][3,779s][info   ][gc,cpu      ] GC(172) User=0,00s Sys=0,01s Real=0,00s
[2024-12-04T16:40:44.630+0700][3,779s][info   ][gc          ] GC(173) Concurrent Mark Cycle
[2024-12-04T16:40:44.630+0700][3,779s][info   ][gc,marking  ] GC(173) Concurrent Clear Claimed Marks
[2024-12-04T16:40:44.630+0700][3,779s][info   ][gc,marking  ] GC(173) Concurrent Clear Claimed Marks 0,013ms
[2024-12-04T16:40:44.630+0700][3,779s][info   ][gc,marking  ] GC(173) Concurrent Scan Root Regions
[2024-12-04T16:40:44.630+0700][3,779s][info   ][gc,marking  ] GC(173) Concurrent Scan Root Regions 0,007ms
[2024-12-04T16:40:44.630+0700][3,779s][info   ][gc,marking  ] GC(173) Concurrent Mark
[2024-12-04T16:40:44.630+0700][3,779s][info   ][gc,marking  ] GC(173) Concurrent Mark From Roots
[2024-12-04T16:40:44.630+0700][3,779s][info   ][gc,task     ] GC(173) Using 2 workers of 2 for marking
[2024-12-04T16:40:44.635+0700][3,784s][info   ][gc,marking  ] GC(173) Concurrent Mark From Roots 5,319ms
[2024-12-04T16:40:44.635+0700][3,784s][info   ][gc,marking  ] GC(173) Concurrent Preclean
[2024-12-04T16:40:44.636+0700][3,784s][info   ][gc,marking  ] GC(173) Concurrent Preclean 0,101ms
[2024-12-04T16:40:44.636+0700][3,785s][info   ][gc,start    ] GC(173) Pause Remark
[2024-12-04T16:40:44.638+0700][3,786s][info   ][gc          ] GC(173) Pause Remark 629M->629M(1385M) 1,844ms
[2024-12-04T16:40:44.638+0700][3,786s][info   ][gc,cpu      ] GC(173) User=0,00s Sys=0,00s Real=0,00s
[2024-12-04T16:40:44.638+0700][3,787s][info   ][gc,marking  ] GC(173) Concurrent Mark 7,574ms
[2024-12-04T16:40:44.638+0700][3,787s][info   ][gc,marking  ] GC(173) Concurrent Rebuild Remembered Sets
[2024-12-04T16:40:44.640+0700][3,789s][info   ][gc,marking  ] GC(173) Concurrent Rebuild Remembered Sets 2,449ms
[2024-12-04T16:40:44.640+0700][3,789s][info   ][gc,start    ] GC(173) Pause Cleanup
[2024-12-04T16:40:44.641+0700][3,789s][info   ][gc          ] GC(173) Pause Cleanup 630M->630M(1385M) 0,254ms
[2024-12-04T16:40:44.641+0700][3,789s][info   ][gc,cpu      ] GC(173) User=0,00s Sys=0,00s Real=0,00s
[2024-12-04T16:40:44.641+0700][3,789s][info   ][gc,marking  ] GC(173) Concurrent Cleanup for Next Mark
[2024-12-04T16:40:44.645+0700][3,793s][info   ][gc,marking  ] GC(173) Concurrent Cleanup for Next Mark 3,917ms
[2024-12-04T16:40:44.645+0700][3,794s][info   ][gc          ] GC(173) Concurrent Mark Cycle 14,601ms
[2024-12-04T16:40:44.650+0700][3,799s][info   ][gc,start    ] GC(174) Pause Young (Concurrent Start) (G1 Humongous Allocation)
[2024-12-04T16:40:44.650+0700][3,799s][info   ][gc,task     ] GC(174) Using 8 workers of 8 for evacuation
[2024-12-04T16:40:44.652+0700][3,801s][info   ][gc,phases   ] GC(174)   Pre Evacuate Collection Set: 0,3ms
[2024-12-04T16:40:44.652+0700][3,801s][info   ][gc,phases   ] GC(174)   Merge Heap Roots: 0,2ms
[2024-12-04T16:40:44.652+0700][3,801s][info   ][gc,phases   ] GC(174)   Evacuate Collection Set: 0,9ms
[2024-12-04T16:40:44.652+0700][3,801s][info   ][gc,phases   ] GC(174)   Post Evacuate Collection Set: 0,3ms
[2024-12-04T16:40:44.652+0700][3,801s][info   ][gc,phases   ] GC(174)   Other: 0,3ms
[2024-12-04T16:40:44.652+0700][3,801s][info   ][gc,heap     ] GC(174) Eden regions: 1->0(612)
[2024-12-04T16:40:44.652+0700][3,801s][info   ][gc,heap     ] GC(174) Survivor regions: 0->0(77)
[2024-12-04T16:40:44.652+0700][3,801s][info   ][gc,heap     ] GC(174) Old regions: 3->3
[2024-12-04T16:40:44.652+0700][3,801s][info   ][gc,heap     ] GC(174) Archive regions: 2->2
[2024-12-04T16:40:44.652+0700][3,801s][info   ][gc,heap     ] GC(174) Humongous regions: 628->628
[2024-12-04T16:40:44.652+0700][3,801s][info   ][gc,metaspace] GC(174) Metaspace: 5776K(6016K)->5776K(6016K) NonClass: 5114K(5248K)->5114K(5248K) Class: 661K(768K)->661K(768K)
[2024-12-04T16:40:44.652+0700][3,801s][info   ][gc          ] GC(174) Pause Young (Concurrent Start) (G1 Humongous Allocation) 631M->631M(1385M) 2,133ms
[2024-12-04T16:40:44.652+0700][3,801s][info   ][gc,cpu      ] GC(174) User=0,00s Sys=0,00s Real=0,00s
[2024-12-04T16:40:44.652+0700][3,801s][info   ][gc          ] GC(175) Concurrent Mark Cycle
[2024-12-04T16:40:44.652+0700][3,801s][info   ][gc,marking  ] GC(175) Concurrent Clear Claimed Marks
[2024-12-04T16:40:44.652+0700][3,801s][info   ][gc,marking  ] GC(175) Concurrent Clear Claimed Marks 0,020ms
[2024-12-04T16:40:44.652+0700][3,801s][info   ][gc,marking  ] GC(175) Concurrent Scan Root Regions
[2024-12-04T16:40:44.652+0700][3,801s][info   ][gc,marking  ] GC(175) Concurrent Scan Root Regions 0,006ms
[2024-12-04T16:40:44.652+0700][3,801s][info   ][gc,marking  ] GC(175) Concurrent Mark
[2024-12-04T16:40:44.652+0700][3,801s][info   ][gc,marking  ] GC(175) Concurrent Mark From Roots
[2024-12-04T16:40:44.652+0700][3,801s][info   ][gc,task     ] GC(175) Using 2 workers of 2 for marking
[2024-12-04T16:40:44.661+0700][3,809s][info   ][gc,marking  ] GC(175) Concurrent Mark From Roots 8,016ms
[2024-12-04T16:40:44.661+0700][3,809s][info   ][gc,marking  ] GC(175) Concurrent Preclean
[2024-12-04T16:40:44.661+0700][3,810s][info   ][gc,marking  ] GC(175) Concurrent Preclean 0,071ms
[2024-12-04T16:40:44.661+0700][3,810s][info   ][gc,start    ] GC(175) Pause Remark
[2024-12-04T16:40:44.661+0700][3,810s][info   ][gc          ] GC(175) Pause Remark 633M->633M(1385M) 0,696ms
[2024-12-04T16:40:44.661+0700][3,810s][info   ][gc,cpu      ] GC(175) User=0,00s Sys=0,00s Real=0,00s
[2024-12-04T16:40:44.661+0700][3,810s][info   ][gc,marking  ] GC(175) Concurrent Mark 8,943ms
[2024-12-04T16:40:44.661+0700][3,810s][info   ][gc,marking  ] GC(175) Concurrent Rebuild Remembered Sets
[2024-12-04T16:40:44.663+0700][3,812s][info   ][gc,marking  ] GC(175) Concurrent Rebuild Remembered Sets 1,395ms
[2024-12-04T16:40:44.663+0700][3,812s][info   ][gc,start    ] GC(175) Pause Cleanup
[2024-12-04T16:40:44.663+0700][3,812s][info   ][gc          ] GC(175) Pause Cleanup 633M->633M(1385M) 0,164ms
[2024-12-04T16:40:44.663+0700][3,812s][info   ][gc,cpu      ] GC(175) User=0,00s Sys=0,00s Real=0,00s
[2024-12-04T16:40:44.663+0700][3,812s][info   ][gc,marking  ] GC(175) Concurrent Cleanup for Next Mark
[2024-12-04T16:40:44.665+0700][3,814s][info   ][gc,marking  ] GC(175) Concurrent Cleanup for Next Mark 2,237ms
[2024-12-04T16:40:44.665+0700][3,814s][info   ][gc          ] GC(175) Concurrent Mark Cycle 12,961ms
[2024-12-04T16:40:44.670+0700][3,819s][info   ][gc,start    ] GC(176) Pause Young (Concurrent Start) (G1 Humongous Allocation)
[2024-12-04T16:40:44.670+0700][3,819s][info   ][gc,task     ] GC(176) Using 8 workers of 8 for evacuation
[2024-12-04T16:40:44.671+0700][3,820s][info   ][gc,phases   ] GC(176)   Pre Evacuate Collection Set: 0,1ms
[2024-12-04T16:40:44.671+0700][3,820s][info   ][gc,phases   ] GC(176)   Merge Heap Roots: 0,2ms
[2024-12-04T16:40:44.671+0700][3,820s][info   ][gc,phases   ] GC(176)   Evacuate Collection Set: 0,4ms
[2024-12-04T16:40:44.671+0700][3,820s][info   ][gc,phases   ] GC(176)   Post Evacuate Collection Set: 0,1ms
[2024-12-04T16:40:44.671+0700][3,820s][info   ][gc,phases   ] GC(176)   Other: 0,2ms
[2024-12-04T16:40:44.671+0700][3,820s][info   ][gc,heap     ] GC(176) Eden regions: 1->0(609)
[2024-12-04T16:40:44.671+0700][3,820s][info   ][gc,heap     ] GC(176) Survivor regions: 0->0(77)
[2024-12-04T16:40:44.671+0700][3,820s][info   ][gc,heap     ] GC(176) Old regions: 3->3
[2024-12-04T16:40:44.671+0700][3,820s][info   ][gc,heap     ] GC(176) Archive regions: 2->2
[2024-12-04T16:40:44.671+0700][3,820s][info   ][gc,heap     ] GC(176) Humongous regions: 631->631
[2024-12-04T16:40:44.671+0700][3,820s][info   ][gc,metaspace] GC(176) Metaspace: 5776K(6016K)->5776K(6016K) NonClass: 5114K(5248K)->5114K(5248K) Class: 661K(768K)->661K(768K)
[2024-12-04T16:40:44.671+0700][3,820s][info   ][gc          ] GC(176) Pause Young (Concurrent Start) (G1 Humongous Allocation) 634M->634M(1385M) 1,069ms
[2024-12-04T16:40:44.671+0700][3,820s][info   ][gc,cpu      ] GC(176) User=0,00s Sys=0,00s Real=0,00s
[2024-12-04T16:40:44.671+0700][3,820s][info   ][gc          ] GC(177) Concurrent Mark Cycle
[2024-12-04T16:40:44.671+0700][3,820s][info   ][gc,marking  ] GC(177) Concurrent Clear Claimed Marks
[2024-12-04T16:40:44.671+0700][3,820s][info   ][gc,marking  ] GC(177) Concurrent Clear Claimed Marks 0,020ms
[2024-12-04T16:40:44.671+0700][3,820s][info   ][gc,marking  ] GC(177) Concurrent Scan Root Regions
[2024-12-04T16:40:44.671+0700][3,820s][info   ][gc,marking  ] GC(177) Concurrent Scan Root Regions 0,006ms
[2024-12-04T16:40:44.671+0700][3,820s][info   ][gc,marking  ] GC(177) Concurrent Mark
[2024-12-04T16:40:44.671+0700][3,820s][info   ][gc,marking  ] GC(177) Concurrent Mark From Roots
[2024-12-04T16:40:44.671+0700][3,820s][info   ][gc,task     ] GC(177) Using 2 workers of 2 for marking
[2024-12-04T16:40:44.675+0700][3,824s][info   ][gc,marking  ] GC(177) Concurrent Mark From Roots 3,261ms
[2024-12-04T16:40:44.675+0700][3,824s][info   ][gc,marking  ] GC(177) Concurrent Preclean
[2024-12-04T16:40:44.675+0700][3,824s][info   ][gc,marking  ] GC(177) Concurrent Preclean 0,055ms
[2024-12-04T16:40:44.675+0700][3,824s][info   ][gc,start    ] GC(177) Pause Remark
[2024-12-04T16:40:44.676+0700][3,825s][info   ][gc          ] GC(177) Pause Remark 635M->635M(1385M) 0,749ms
[2024-12-04T16:40:44.676+0700][3,825s][info   ][gc,cpu      ] GC(177) User=0,00s Sys=0,00s Real=0,00s
[2024-12-04T16:40:44.676+0700][3,825s][info   ][gc,marking  ] GC(177) Concurrent Mark 4,286ms
[2024-12-04T16:40:44.676+0700][3,825s][info   ][gc,marking  ] GC(177) Concurrent Rebuild Remembered Sets
[2024-12-04T16:40:44.677+0700][3,826s][info   ][gc,marking  ] GC(177) Concurrent Rebuild Remembered Sets 1,277ms
[2024-12-04T16:40:44.678+0700][3,826s][info   ][gc,start    ] GC(177) Pause Cleanup
[2024-12-04T16:40:44.678+0700][3,827s][info   ][gc          ] GC(177) Pause Cleanup 636M->636M(1385M) 0,178ms
[2024-12-04T16:40:44.678+0700][3,827s][info   ][gc,cpu      ] GC(177) User=0,00s Sys=0,00s Real=0,00s
[2024-12-04T16:40:44.678+0700][3,827s][info   ][gc,marking  ] GC(177) Concurrent Cleanup for Next Mark
[2024-12-04T16:40:44.680+0700][3,829s][info   ][gc,marking  ] GC(177) Concurrent Cleanup for Next Mark 2,177ms
[2024-12-04T16:40:44.680+0700][3,829s][info   ][gc          ] GC(177) Concurrent Mark Cycle 8,591ms
[2024-12-04T16:40:44.683+0700][3,832s][info   ][gc,start    ] GC(178) Pause Young (Concurrent Start) (G1 Humongous Allocation)
[2024-12-04T16:40:44.683+0700][3,832s][info   ][gc,task     ] GC(178) Using 8 workers of 8 for evacuation
[2024-12-04T16:40:44.684+0700][3,833s][info   ][gc,phases   ] GC(178)   Pre Evacuate Collection Set: 0,2ms
[2024-12-04T16:40:44.684+0700][3,833s][info   ][gc,phases   ] GC(178)   Merge Heap Roots: 0,2ms
[2024-12-04T16:40:44.684+0700][3,833s][info   ][gc,phases   ] GC(178)   Evacuate Collection Set: 0,3ms
[2024-12-04T16:40:44.684+0700][3,833s][info   ][gc,phases   ] GC(178)   Post Evacuate Collection Set: 0,1ms
[2024-12-04T16:40:44.684+0700][3,833s][info   ][gc,phases   ] GC(178)   Other: 0,2ms
[2024-12-04T16:40:44.684+0700][3,833s][info   ][gc,heap     ] GC(178) Eden regions: 1->0(607)
[2024-12-04T16:40:44.684+0700][3,833s][info   ][gc,heap     ] GC(178) Survivor regions: 0->0(77)
[2024-12-04T16:40:44.684+0700][3,833s][info   ][gc,heap     ] GC(178) Old regions: 3->3
[2024-12-04T16:40:44.684+0700][3,833s][info   ][gc,heap     ] GC(178) Archive regions: 2->2
[2024-12-04T16:40:44.684+0700][3,833s][info   ][gc,heap     ] GC(178) Humongous regions: 633->633
[2024-12-04T16:40:44.684+0700][3,833s][info   ][gc,metaspace] GC(178) Metaspace: 5776K(6016K)->5776K(6016K) NonClass: 5114K(5248K)->5114K(5248K) Class: 661K(768K)->661K(768K)
[2024-12-04T16:40:44.684+0700][3,833s][info   ][gc          ] GC(178) Pause Young (Concurrent Start) (G1 Humongous Allocation) 636M->636M(1385M) 0,981ms
[2024-12-04T16:40:44.684+0700][3,833s][info   ][gc,cpu      ] GC(178) User=0,00s Sys=0,00s Real=0,01s
[2024-12-04T16:40:44.684+0700][3,833s][info   ][gc          ] GC(179) Concurrent Mark Cycle
[2024-12-04T16:40:44.684+0700][3,833s][info   ][gc,marking  ] GC(179) Concurrent Clear Claimed Marks
[2024-12-04T16:40:44.684+0700][3,833s][info   ][gc,marking  ] GC(179) Concurrent Clear Claimed Marks 0,046ms
[2024-12-04T16:40:44.684+0700][3,833s][info   ][gc,marking  ] GC(179) Concurrent Scan Root Regions
[2024-12-04T16:40:44.684+0700][3,833s][info   ][gc,marking  ] GC(179) Concurrent Scan Root Regions 0,007ms
[2024-12-04T16:40:44.684+0700][3,833s][info   ][gc,marking  ] GC(179) Concurrent Mark
[2024-12-04T16:40:44.684+0700][3,833s][info   ][gc,marking  ] GC(179) Concurrent Mark From Roots
[2024-12-04T16:40:44.684+0700][3,833s][info   ][gc,task     ] GC(179) Using 2 workers of 2 for marking
[2024-12-04T16:40:44.688+0700][3,837s][info   ][gc,marking  ] GC(179) Concurrent Mark From Roots 3,615ms
[2024-12-04T16:40:44.688+0700][3,837s][info   ][gc,marking  ] GC(179) Concurrent Preclean
[2024-12-04T16:40:44.688+0700][3,837s][info   ][gc,marking  ] GC(179) Concurrent Preclean 0,057ms
[2024-12-04T16:40:44.688+0700][3,837s][info   ][gc,start    ] GC(179) Pause Remark
[2024-12-04T16:40:44.689+0700][3,838s][info   ][gc          ] GC(179) Pause Remark 637M->637M(1385M) 0,621ms
[2024-12-04T16:40:44.689+0700][3,838s][info   ][gc,cpu      ] GC(179) User=0,00s Sys=0,00s Real=0,00s
[2024-12-04T16:40:44.689+0700][3,838s][info   ][gc,marking  ] GC(179) Concurrent Mark 4,455ms
[2024-12-04T16:40:44.689+0700][3,838s][info   ][gc,marking  ] GC(179) Concurrent Rebuild Remembered Sets
[2024-12-04T16:40:44.690+0700][3,839s][info   ][gc,marking  ] GC(179) Concurrent Rebuild Remembered Sets 1,305ms
[2024-12-04T16:40:44.690+0700][3,839s][info   ][gc,start    ] GC(179) Pause Cleanup
[2024-12-04T16:40:44.691+0700][3,840s][info   ][gc          ] GC(179) Pause Cleanup 638M->638M(1385M) 0,197ms
[2024-12-04T16:40:44.691+0700][3,840s][info   ][gc,cpu      ] GC(179) User=0,00s Sys=0,00s Real=0,00s
[2024-12-04T16:40:44.691+0700][3,840s][info   ][gc,marking  ] GC(179) Concurrent Cleanup for Next Mark
[2024-12-04T16:40:44.693+0700][3,842s][info   ][gc,marking  ] GC(179) Concurrent Cleanup for Next Mark 2,381ms
[2024-12-04T16:40:44.693+0700][3,842s][info   ][gc          ] GC(179) Concurrent Mark Cycle 9,062ms
[2024-12-04T16:40:44.696+0700][3,845s][info   ][gc,start    ] GC(180) Pause Young (Concurrent Start) (G1 Humongous Allocation)
[2024-12-04T16:40:44.696+0700][3,845s][info   ][gc,task     ] GC(180) Using 8 workers of 8 for evacuation
[2024-12-04T16:40:44.698+0700][3,847s][info   ][gc,phases   ] GC(180)   Pre Evacuate Collection Set: 0,2ms
[2024-12-04T16:40:44.698+0700][3,847s][info   ][gc,phases   ] GC(180)   Merge Heap Roots: 0,1ms
[2024-12-04T16:40:44.698+0700][3,847s][info   ][gc,phases   ] GC(180)   Evacuate Collection Set: 0,2ms
[2024-12-04T16:40:44.698+0700][3,847s][info   ][gc,phases   ] GC(180)   Post Evacuate Collection Set: 1,3ms
[2024-12-04T16:40:44.698+0700][3,847s][info   ][gc,phases   ] GC(180)   Other: 0,1ms
[2024-12-04T16:40:44.698+0700][3,847s][info   ][gc,heap     ] GC(180) Eden regions: 1->0(725)
[2024-12-04T16:40:44.698+0700][3,847s][info   ][gc,heap     ] GC(180) Survivor regions: 0->0(76)
[2024-12-04T16:40:44.698+0700][3,847s][info   ][gc,heap     ] GC(180) Old regions: 3->3
[2024-12-04T16:40:44.698+0700][3,847s][info   ][gc,heap     ] GC(180) Archive regions: 2->2
[2024-12-04T16:40:44.698+0700][3,847s][info   ][gc,heap     ] GC(180) Humongous regions: 635->635
[2024-12-04T16:40:44.698+0700][3,847s][info   ][gc,metaspace] GC(180) Metaspace: 5776K(6016K)->5776K(6016K) NonClass: 5114K(5248K)->5114K(5248K) Class: 661K(768K)->661K(768K)
[2024-12-04T16:40:44.698+0700][3,847s][info   ][gc          ] GC(180) Pause Young (Concurrent Start) (G1 Humongous Allocation) 638M->638M(1518M) 2,063ms
[2024-12-04T16:40:44.698+0700][3,847s][info   ][gc,cpu      ] GC(180) User=0,01s Sys=0,00s Real=0,00s
[2024-12-04T16:40:44.698+0700][3,847s][info   ][gc          ] GC(181) Concurrent Undo Cycle
[2024-12-04T16:40:44.698+0700][3,847s][info   ][gc,marking  ] GC(181) Concurrent Cleanup for Next Mark
[2024-12-04T16:40:44.701+0700][3,850s][info   ][gc,marking  ] GC(181) Concurrent Cleanup for Next Mark 2,935ms
[2024-12-04T16:40:44.701+0700][3,850s][info   ][gc          ] GC(181) Concurrent Undo Cycle 3,042ms
[2024-12-04T16:40:44.942+0700][4,091s][info   ][gc,start    ] GC(182) Pause Young (Concurrent Start) (G1 Humongous Allocation)
[2024-12-04T16:40:44.942+0700][4,091s][info   ][gc,task     ] GC(182) Using 8 workers of 8 for evacuation
[2024-12-04T16:40:44.943+0700][4,092s][info   ][gc,phases   ] GC(182)   Pre Evacuate Collection Set: 0,2ms
[2024-12-04T16:40:44.943+0700][4,092s][info   ][gc,phases   ] GC(182)   Merge Heap Roots: 0,1ms
[2024-12-04T16:40:44.943+0700][4,092s][info   ][gc,phases   ] GC(182)   Evacuate Collection Set: 0,7ms
[2024-12-04T16:40:44.943+0700][4,092s][info   ][gc,phases   ] GC(182)   Post Evacuate Collection Set: 0,1ms
[2024-12-04T16:40:44.943+0700][4,092s][info   ][gc,phases   ] GC(182)   Other: 0,2ms
[2024-12-04T16:40:44.943+0700][4,092s][info   ][gc,heap     ] GC(182) Eden regions: 1->0(682)
[2024-12-04T16:40:44.943+0700][4,092s][info   ][gc,heap     ] GC(182) Survivor regions: 0->0(91)
[2024-12-04T16:40:44.943+0700][4,092s][info   ][gc,heap     ] GC(182) Old regions: 3->3
[2024-12-04T16:40:44.943+0700][4,092s][info   ][gc,heap     ] GC(182) Archive regions: 2->2
[2024-12-04T16:40:44.943+0700][4,092s][info   ][gc,heap     ] GC(182) Humongous regions: 678->678
[2024-12-04T16:40:44.943+0700][4,092s][info   ][gc,metaspace] GC(182) Metaspace: 5776K(6016K)->5776K(6016K) NonClass: 5114K(5248K)->5114K(5248K) Class: 661K(768K)->661K(768K)
[2024-12-04T16:40:44.943+0700][4,092s][info   ][gc          ] GC(182) Pause Young (Concurrent Start) (G1 Humongous Allocation) 681M->681M(1518M) 1,337ms
[2024-12-04T16:40:44.943+0700][4,092s][info   ][gc,cpu      ] GC(182) User=0,00s Sys=0,00s Real=0,01s
[2024-12-04T16:40:44.943+0700][4,092s][info   ][gc          ] GC(183) Concurrent Undo Cycle
[2024-12-04T16:40:44.943+0700][4,092s][info   ][gc,marking  ] GC(183) Concurrent Cleanup for Next Mark
[2024-12-04T16:40:44.946+0700][4,095s][info   ][gc,marking  ] GC(183) Concurrent Cleanup for Next Mark 2,580ms
[2024-12-04T16:40:44.946+0700][4,095s][info   ][gc          ] GC(183) Concurrent Undo Cycle 2,639ms
[2024-12-04T16:40:44.950+0700][4,099s][info   ][gc,start    ] GC(184) Pause Young (Concurrent Start) (G1 Humongous Allocation)
[2024-12-04T16:40:44.950+0700][4,099s][info   ][gc,task     ] GC(184) Using 8 workers of 8 for evacuation
[2024-12-04T16:40:44.951+0700][4,100s][info   ][gc,phases   ] GC(184)   Pre Evacuate Collection Set: 0,2ms
[2024-12-04T16:40:44.951+0700][4,100s][info   ][gc,phases   ] GC(184)   Merge Heap Roots: 0,0ms
[2024-12-04T16:40:44.951+0700][4,100s][info   ][gc,phases   ] GC(184)   Evacuate Collection Set: 0,3ms
[2024-12-04T16:40:44.951+0700][4,100s][info   ][gc,phases   ] GC(184)   Post Evacuate Collection Set: 0,2ms
[2024-12-04T16:40:44.951+0700][4,100s][info   ][gc,phases   ] GC(184)   Other: 0,1ms
[2024-12-04T16:40:44.951+0700][4,100s][info   ][gc,heap     ] GC(184) Eden regions: 1->0(681)
[2024-12-04T16:40:44.951+0700][4,100s][info   ][gc,heap     ] GC(184) Survivor regions: 0->0(86)
[2024-12-04T16:40:44.951+0700][4,100s][info   ][gc,heap     ] GC(184) Old regions: 3->3
[2024-12-04T16:40:44.951+0700][4,100s][info   ][gc,heap     ] GC(184) Archive regions: 2->2
[2024-12-04T16:40:44.951+0700][4,100s][info   ][gc,heap     ] GC(184) Humongous regions: 679->679
[2024-12-04T16:40:44.951+0700][4,100s][info   ][gc,metaspace] GC(184) Metaspace: 5776K(6016K)->5776K(6016K) NonClass: 5114K(5248K)->5114K(5248K) Class: 661K(768K)->661K(768K)
[2024-12-04T16:40:44.951+0700][4,100s][info   ][gc          ] GC(184) Pause Young (Concurrent Start) (G1 Humongous Allocation) 682M->682M(1518M) 0,987ms
[2024-12-04T16:40:44.951+0700][4,100s][info   ][gc,cpu      ] GC(184) User=0,01s Sys=0,00s Real=0,00s
[2024-12-04T16:40:44.951+0700][4,100s][info   ][gc          ] GC(185) Concurrent Mark Cycle
[2024-12-04T16:40:44.951+0700][4,100s][info   ][gc,marking  ] GC(185) Concurrent Clear Claimed Marks
[2024-12-04T16:40:44.951+0700][4,100s][info   ][gc,marking  ] GC(185) Concurrent Clear Claimed Marks 0,016ms
[2024-12-04T16:40:44.951+0700][4,100s][info   ][gc,marking  ] GC(185) Concurrent Scan Root Regions
[2024-12-04T16:40:44.951+0700][4,100s][info   ][gc,marking  ] GC(185) Concurrent Scan Root Regions 0,009ms
[2024-12-04T16:40:44.951+0700][4,100s][info   ][gc,marking  ] GC(185) Concurrent Mark
[2024-12-04T16:40:44.951+0700][4,100s][info   ][gc,marking  ] GC(185) Concurrent Mark From Roots
[2024-12-04T16:40:44.951+0700][4,100s][info   ][gc,task     ] GC(185) Using 2 workers of 2 for marking
[2024-12-04T16:40:44.957+0700][4,106s][info   ][gc,marking  ] GC(185) Concurrent Mark From Roots 5,580ms
[2024-12-04T16:40:44.957+0700][4,106s][info   ][gc,marking  ] GC(185) Concurrent Preclean
[2024-12-04T16:40:44.957+0700][4,106s][info   ][gc,marking  ] GC(185) Concurrent Preclean 0,105ms
[2024-12-04T16:40:44.957+0700][4,106s][info   ][gc,start    ] GC(185) Pause Remark
[2024-12-04T16:40:44.958+0700][4,107s][info   ][gc          ] GC(185) Pause Remark 683M->683M(1518M) 1,054ms
[2024-12-04T16:40:44.958+0700][4,107s][info   ][gc,cpu      ] GC(185) User=0,00s Sys=0,00s Real=0,00s
[2024-12-04T16:40:44.958+0700][4,107s][info   ][gc,marking  ] GC(185) Concurrent Mark 6,933ms
[2024-12-04T16:40:44.958+0700][4,107s][info   ][gc,marking  ] GC(185) Concurrent Rebuild Remembered Sets
[2024-12-04T16:40:44.961+0700][4,110s][info   ][gc,marking  ] GC(185) Concurrent Rebuild Remembered Sets 2,852ms
[2024-12-04T16:40:44.961+0700][4,110s][info   ][gc,start    ] GC(185) Pause Cleanup
[2024-12-04T16:40:44.962+0700][4,110s][info   ][gc          ] GC(185) Pause Cleanup 684M->684M(1518M) 0,373ms
[2024-12-04T16:40:44.962+0700][4,110s][info   ][gc,cpu      ] GC(185) User=0,00s Sys=0,00s Real=0,00s
[2024-12-04T16:40:44.962+0700][4,110s][info   ][gc,marking  ] GC(185) Concurrent Cleanup for Next Mark
[2024-12-04T16:40:44.965+0700][4,114s][info   ][gc,marking  ] GC(185) Concurrent Cleanup for Next Mark 3,893ms
[2024-12-04T16:40:44.966+0700][4,114s][info   ][gc          ] GC(185) Concurrent Mark Cycle 14,375ms
[2024-12-04T16:40:44.971+0700][4,120s][info   ][gc,start    ] GC(186) Pause Young (Concurrent Start) (G1 Humongous Allocation)
[2024-12-04T16:40:44.971+0700][4,120s][info   ][gc,task     ] GC(186) Using 8 workers of 8 for evacuation
[2024-12-04T16:40:44.973+0700][4,121s][info   ][gc,phases   ] GC(186)   Pre Evacuate Collection Set: 0,4ms
[2024-12-04T16:40:44.973+0700][4,122s][info   ][gc,phases   ] GC(186)   Merge Heap Roots: 0,2ms
[2024-12-04T16:40:44.973+0700][4,122s][info   ][gc,phases   ] GC(186)   Evacuate Collection Set: 0,4ms
[2024-12-04T16:40:44.973+0700][4,122s][info   ][gc,phases   ] GC(186)   Post Evacuate Collection Set: 0,2ms
[2024-12-04T16:40:44.973+0700][4,122s][info   ][gc,phases   ] GC(186)   Other: 0,3ms
[2024-12-04T16:40:44.973+0700][4,122s][info   ][gc,heap     ] GC(186) Eden regions: 1->0(678)
[2024-12-04T16:40:44.973+0700][4,122s][info   ][gc,heap     ] GC(186) Survivor regions: 0->0(86)
[2024-12-04T16:40:44.973+0700][4,122s][info   ][gc,heap     ] GC(186) Old regions: 3->3
[2024-12-04T16:40:44.973+0700][4,122s][info   ][gc,heap     ] GC(186) Archive regions: 2->2
[2024-12-04T16:40:44.973+0700][4,122s][info   ][gc,heap     ] GC(186) Humongous regions: 682->682
[2024-12-04T16:40:44.973+0700][4,122s][info   ][gc,metaspace] GC(186) Metaspace: 5776K(6016K)->5776K(6016K) NonClass: 5114K(5248K)->5114K(5248K) Class: 661K(768K)->661K(768K)
[2024-12-04T16:40:44.973+0700][4,122s][info   ][gc          ] GC(186) Pause Young (Concurrent Start) (G1 Humongous Allocation) 685M->685M(1518M) 1,698ms
[2024-12-04T16:40:44.973+0700][4,122s][info   ][gc,cpu      ] GC(186) User=0,00s Sys=0,00s Real=0,00s
[2024-12-04T16:40:44.973+0700][4,122s][info   ][gc          ] GC(187) Concurrent Mark Cycle
[2024-12-04T16:40:44.973+0700][4,122s][info   ][gc,marking  ] GC(187) Concurrent Clear Claimed Marks
[2024-12-04T16:40:44.973+0700][4,122s][info   ][gc,marking  ] GC(187) Concurrent Clear Claimed Marks 0,022ms
[2024-12-04T16:40:44.973+0700][4,122s][info   ][gc,marking  ] GC(187) Concurrent Scan Root Regions
[2024-12-04T16:40:44.973+0700][4,122s][info   ][gc,marking  ] GC(187) Concurrent Scan Root Regions 0,011ms
[2024-12-04T16:40:44.973+0700][4,122s][info   ][gc,marking  ] GC(187) Concurrent Mark
[2024-12-04T16:40:44.973+0700][4,122s][info   ][gc,marking  ] GC(187) Concurrent Mark From Roots
[2024-12-04T16:40:44.973+0700][4,122s][info   ][gc,task     ] GC(187) Using 2 workers of 2 for marking
[2024-12-04T16:40:44.978+0700][4,127s][info   ][gc,marking  ] GC(187) Concurrent Mark From Roots 5,543ms
[2024-12-04T16:40:44.979+0700][4,127s][info   ][gc,marking  ] GC(187) Concurrent Preclean
[2024-12-04T16:40:44.979+0700][4,128s][info   ][gc,marking  ] GC(187) Concurrent Preclean 0,111ms
[2024-12-04T16:40:44.979+0700][4,128s][info   ][gc,start    ] GC(187) Pause Remark
[2024-12-04T16:40:44.980+0700][4,129s][info   ][gc          ] GC(187) Pause Remark 686M->686M(1518M) 0,941ms
[2024-12-04T16:40:44.980+0700][4,129s][info   ][gc,cpu      ] GC(187) User=0,00s Sys=0,00s Real=0,00s
[2024-12-04T16:40:44.980+0700][4,129s][info   ][gc,marking  ] GC(187) Concurrent Mark 6,774ms
[2024-12-04T16:40:44.980+0700][4,129s][info   ][gc,marking  ] GC(187) Concurrent Rebuild Remembered Sets
[2024-12-04T16:40:44.982+0700][4,130s][info   ][gc,marking  ] GC(187) Concurrent Rebuild Remembered Sets 1,847ms
[2024-12-04T16:40:44.982+0700][4,130s][info   ][gc,start    ] GC(187) Pause Cleanup
[2024-12-04T16:40:44.982+0700][4,131s][info   ][gc          ] GC(187) Pause Cleanup 687M->687M(1518M) 0,143ms
[2024-12-04T16:40:44.982+0700][4,131s][info   ][gc,cpu      ] GC(187) User=0,00s Sys=0,00s Real=0,00s
[2024-12-04T16:40:44.982+0700][4,131s][info   ][gc,marking  ] GC(187) Concurrent Cleanup for Next Mark
[2024-12-04T16:40:44.984+0700][4,133s][info   ][gc,marking  ] GC(187) Concurrent Cleanup for Next Mark 2,360ms
[2024-12-04T16:40:44.984+0700][4,133s][info   ][gc          ] GC(187) Concurrent Mark Cycle 11,381ms
[2024-12-04T16:40:44.986+0700][4,135s][info   ][gc,start    ] GC(188) Pause Young (Concurrent Start) (G1 Humongous Allocation)
[2024-12-04T16:40:44.986+0700][4,135s][info   ][gc,task     ] GC(188) Using 8 workers of 8 for evacuation
[2024-12-04T16:40:44.986+0700][4,135s][info   ][gc,phases   ] GC(188)   Pre Evacuate Collection Set: 0,2ms
[2024-12-04T16:40:44.986+0700][4,135s][info   ][gc,phases   ] GC(188)   Merge Heap Roots: 0,1ms
[2024-12-04T16:40:44.986+0700][4,135s][info   ][gc,phases   ] GC(188)   Evacuate Collection Set: 0,2ms
[2024-12-04T16:40:44.986+0700][4,135s][info   ][gc,phases   ] GC(188)   Post Evacuate Collection Set: 0,1ms
[2024-12-04T16:40:44.986+0700][4,135s][info   ][gc,phases   ] GC(188)   Other: 0,1ms
[2024-12-04T16:40:44.986+0700][4,135s][info   ][gc,heap     ] GC(188) Eden regions: 1->0(676)
[2024-12-04T16:40:44.986+0700][4,135s][info   ][gc,heap     ] GC(188) Survivor regions: 0->0(85)
[2024-12-04T16:40:44.986+0700][4,135s][info   ][gc,heap     ] GC(188) Old regions: 3->3
[2024-12-04T16:40:44.986+0700][4,135s][info   ][gc,heap     ] GC(188) Archive regions: 2->2
[2024-12-04T16:40:44.986+0700][4,135s][info   ][gc,heap     ] GC(188) Humongous regions: 684->684
[2024-12-04T16:40:44.986+0700][4,135s][info   ][gc,metaspace] GC(188) Metaspace: 5776K(6016K)->5776K(6016K) NonClass: 5114K(5248K)->5114K(5248K) Class: 661K(768K)->661K(768K)
[2024-12-04T16:40:44.987+0700][4,135s][info   ][gc          ] GC(188) Pause Young (Concurrent Start) (G1 Humongous Allocation) 687M->687M(1518M) 0,871ms
[2024-12-04T16:40:44.987+0700][4,135s][info   ][gc,cpu      ] GC(188) User=0,00s Sys=0,00s Real=0,00s
[2024-12-04T16:40:44.987+0700][4,135s][info   ][gc          ] GC(189) Concurrent Mark Cycle
[2024-12-04T16:40:44.987+0700][4,135s][info   ][gc,marking  ] GC(189) Concurrent Clear Claimed Marks
[2024-12-04T16:40:44.987+0700][4,135s][info   ][gc,marking  ] GC(189) Concurrent Clear Claimed Marks 0,015ms
[2024-12-04T16:40:44.987+0700][4,135s][info   ][gc,marking  ] GC(189) Concurrent Scan Root Regions
[2024-12-04T16:40:44.987+0700][4,135s][info   ][gc,marking  ] GC(189) Concurrent Scan Root Regions 0,004ms
[2024-12-04T16:40:44.987+0700][4,135s][info   ][gc,marking  ] GC(189) Concurrent Mark
[2024-12-04T16:40:44.987+0700][4,135s][info   ][gc,marking  ] GC(189) Concurrent Mark From Roots
[2024-12-04T16:40:44.987+0700][4,136s][info   ][gc,task     ] GC(189) Using 2 workers of 2 for marking
[2024-12-04T16:40:44.990+0700][4,138s][info   ][gc,marking  ] GC(189) Concurrent Mark From Roots 2,909ms
[2024-12-04T16:40:44.990+0700][4,138s][info   ][gc,marking  ] GC(189) Concurrent Preclean
[2024-12-04T16:40:44.990+0700][4,138s][info   ][gc,marking  ] GC(189) Concurrent Preclean 0,053ms
[2024-12-04T16:40:44.990+0700][4,139s][info   ][gc,start    ] GC(189) Pause Remark
[2024-12-04T16:40:44.990+0700][4,139s][info   ][gc          ] GC(189) Pause Remark 688M->688M(1518M) 0,708ms
[2024-12-04T16:40:44.990+0700][4,139s][info   ][gc,cpu      ] GC(189) User=0,00s Sys=0,00s Real=0,00s
[2024-12-04T16:40:44.990+0700][4,139s][info   ][gc,marking  ] GC(189) Concurrent Mark 3,784ms
[2024-12-04T16:40:44.990+0700][4,139s][info   ][gc,marking  ] GC(189) Concurrent Rebuild Remembered Sets
[2024-12-04T16:40:44.992+0700][4,141s][info   ][gc,marking  ] GC(189) Concurrent Rebuild Remembered Sets 1,676ms
[2024-12-04T16:40:44.992+0700][4,141s][info   ][gc,start    ] GC(189) Pause Cleanup
[2024-12-04T16:40:44.992+0700][4,141s][info   ][gc          ] GC(189) Pause Cleanup 688M->688M(1518M) 0,078ms
[2024-12-04T16:40:44.992+0700][4,141s][info   ][gc,cpu      ] GC(189) User=0,00s Sys=0,00s Real=0,00s
[2024-12-04T16:40:44.992+0700][4,141s][info   ][gc,marking  ] GC(189) Concurrent Cleanup for Next Mark
[2024-12-04T16:40:44.995+0700][4,144s][info   ][gc,marking  ] GC(189) Concurrent Cleanup for Next Mark 2,622ms
[2024-12-04T16:40:44.995+0700][4,144s][info   ][gc          ] GC(189) Concurrent Mark Cycle 8,342ms
[2024-12-04T16:40:45.000+0700][4,148s][info   ][gc,start    ] GC(190) Pause Young (Concurrent Start) (G1 Humongous Allocation)
[2024-12-04T16:40:45.000+0700][4,148s][info   ][gc,task     ] GC(190) Using 8 workers of 8 for evacuation
[2024-12-04T16:40:45.001+0700][4,149s][info   ][gc,phases   ] GC(190)   Pre Evacuate Collection Set: 0,1ms
[2024-12-04T16:40:45.001+0700][4,149s][info   ][gc,phases   ] GC(190)   Merge Heap Roots: 0,2ms
[2024-12-04T16:40:45.001+0700][4,149s][info   ][gc,phases   ] GC(190)   Evacuate Collection Set: 0,4ms
[2024-12-04T16:40:45.001+0700][4,149s][info   ][gc,phases   ] GC(190)   Post Evacuate Collection Set: 0,2ms
[2024-12-04T16:40:45.001+0700][4,149s][info   ][gc,phases   ] GC(190)   Other: 0,2ms
[2024-12-04T16:40:45.001+0700][4,149s][info   ][gc,heap     ] GC(190) Eden regions: 1->0(674)
[2024-12-04T16:40:45.001+0700][4,150s][info   ][gc,heap     ] GC(190) Survivor regions: 0->0(85)
[2024-12-04T16:40:45.001+0700][4,150s][info   ][gc,heap     ] GC(190) Old regions: 3->3
[2024-12-04T16:40:45.001+0700][4,150s][info   ][gc,heap     ] GC(190) Archive regions: 2->2
[2024-12-04T16:40:45.001+0700][4,150s][info   ][gc,heap     ] GC(190) Humongous regions: 686->686
[2024-12-04T16:40:45.001+0700][4,150s][info   ][gc,metaspace] GC(190) Metaspace: 5776K(6016K)->5776K(6016K) NonClass: 5114K(5248K)->5114K(5248K) Class: 661K(768K)->661K(768K)
[2024-12-04T16:40:45.001+0700][4,150s][info   ][gc          ] GC(190) Pause Young (Concurrent Start) (G1 Humongous Allocation) 689M->689M(1518M) 1,090ms
[2024-12-04T16:40:45.001+0700][4,150s][info   ][gc,cpu      ] GC(190) User=0,00s Sys=0,00s Real=0,00s
[2024-12-04T16:40:45.001+0700][4,150s][info   ][gc          ] GC(191) Concurrent Mark Cycle
[2024-12-04T16:40:45.001+0700][4,150s][info   ][gc,marking  ] GC(191) Concurrent Clear Claimed Marks
[2024-12-04T16:40:45.001+0700][4,150s][info   ][gc,marking  ] GC(191) Concurrent Clear Claimed Marks 0,006ms
[2024-12-04T16:40:45.001+0700][4,150s][info   ][gc,marking  ] GC(191) Concurrent Scan Root Regions
[2024-12-04T16:40:45.001+0700][4,150s][info   ][gc,marking  ] GC(191) Concurrent Scan Root Regions 0,004ms
[2024-12-04T16:40:45.001+0700][4,150s][info   ][gc,marking  ] GC(191) Concurrent Mark
[2024-12-04T16:40:45.001+0700][4,150s][info   ][gc,marking  ] GC(191) Concurrent Mark From Roots
[2024-12-04T16:40:45.001+0700][4,150s][info   ][gc,task     ] GC(191) Using 2 workers of 2 for marking
[2024-12-04T16:40:45.005+0700][4,154s][info   ][gc,marking  ] GC(191) Concurrent Mark From Roots 4,467ms
[2024-12-04T16:40:45.005+0700][4,154s][info   ][gc,marking  ] GC(191) Concurrent Preclean
[2024-12-04T16:40:45.005+0700][4,154s][info   ][gc,marking  ] GC(191) Concurrent Preclean 0,041ms
[2024-12-04T16:40:45.005+0700][4,154s][info   ][gc,start    ] GC(191) Pause Remark
[2024-12-04T16:40:45.006+0700][4,155s][info   ][gc          ] GC(191) Pause Remark 690M->690M(1518M) 0,623ms
[2024-12-04T16:40:45.006+0700][4,155s][info   ][gc,cpu      ] GC(191) User=0,00s Sys=0,00s Real=0,00s
[2024-12-04T16:40:45.006+0700][4,155s][info   ][gc,marking  ] GC(191) Concurrent Mark 5,222ms
[2024-12-04T16:40:45.006+0700][4,155s][info   ][gc,marking  ] GC(191) Concurrent Rebuild Remembered Sets
[2024-12-04T16:40:45.008+0700][4,157s][info   ][gc,marking  ] GC(191) Concurrent Rebuild Remembered Sets 1,825ms
[2024-12-04T16:40:45.008+0700][4,157s][info   ][gc,start    ] GC(191) Pause Cleanup
[2024-12-04T16:40:45.008+0700][4,157s][info   ][gc          ] GC(191) Pause Cleanup 691M->691M(1518M) 0,067ms
[2024-12-04T16:40:45.008+0700][4,157s][info   ][gc,cpu      ] GC(191) User=0,00s Sys=0,00s Real=0,00s
[2024-12-04T16:40:45.008+0700][4,157s][info   ][gc,marking  ] GC(191) Concurrent Cleanup for Next Mark
[2024-12-04T16:40:45.011+0700][4,159s][info   ][gc,marking  ] GC(191) Concurrent Cleanup for Next Mark 2,679ms
[2024-12-04T16:40:45.011+0700][4,159s][info   ][gc          ] GC(191) Concurrent Mark Cycle 9,948ms
[2024-12-04T16:40:45.013+0700][4,161s][info   ][gc,start    ] GC(192) Pause Young (Concurrent Start) (G1 Humongous Allocation)
[2024-12-04T16:40:45.013+0700][4,161s][info   ][gc,task     ] GC(192) Using 8 workers of 8 for evacuation
[2024-12-04T16:40:45.014+0700][4,162s][info   ][gc,phases   ] GC(192)   Pre Evacuate Collection Set: 0,3ms
[2024-12-04T16:40:45.014+0700][4,162s][info   ][gc,phases   ] GC(192)   Merge Heap Roots: 0,2ms
[2024-12-04T16:40:45.014+0700][4,162s][info   ][gc,phases   ] GC(192)   Evacuate Collection Set: 0,3ms
[2024-12-04T16:40:45.014+0700][4,162s][info   ][gc,phases   ] GC(192)   Post Evacuate Collection Set: 0,1ms
[2024-12-04T16:40:45.014+0700][4,162s][info   ][gc,phases   ] GC(192)   Other: 0,2ms
[2024-12-04T16:40:45.014+0700][4,163s][info   ][gc,heap     ] GC(192) Eden regions: 1->0(672)
[2024-12-04T16:40:45.014+0700][4,163s][info   ][gc,heap     ] GC(192) Survivor regions: 0->0(85)
[2024-12-04T16:40:45.014+0700][4,163s][info   ][gc,heap     ] GC(192) Old regions: 3->3
[2024-12-04T16:40:45.014+0700][4,163s][info   ][gc,heap     ] GC(192) Archive regions: 2->2
[2024-12-04T16:40:45.014+0700][4,163s][info   ][gc,heap     ] GC(192) Humongous regions: 688->688
[2024-12-04T16:40:45.014+0700][4,163s][info   ][gc,metaspace] GC(192) Metaspace: 5776K(6016K)->5776K(6016K) NonClass: 5114K(5248K)->5114K(5248K) Class: 661K(768K)->661K(768K)
[2024-12-04T16:40:45.014+0700][4,163s][info   ][gc          ] GC(192) Pause Young (Concurrent Start) (G1 Humongous Allocation) 691M->691M(1518M) 1,100ms
[2024-12-04T16:40:45.014+0700][4,163s][info   ][gc,cpu      ] GC(192) User=0,00s Sys=0,00s Real=0,01s
[2024-12-04T16:40:45.014+0700][4,163s][info   ][gc          ] GC(193) Concurrent Mark Cycle
[2024-12-04T16:40:45.014+0700][4,163s][info   ][gc,marking  ] GC(193) Concurrent Clear Claimed Marks
[2024-12-04T16:40:45.014+0700][4,163s][info   ][gc,marking  ] GC(193) Concurrent Clear Claimed Marks 0,006ms
[2024-12-04T16:40:45.014+0700][4,163s][info   ][gc,marking  ] GC(193) Concurrent Scan Root Regions
[2024-12-04T16:40:45.014+0700][4,163s][info   ][gc,marking  ] GC(193) Concurrent Scan Root Regions 0,003ms
[2024-12-04T16:40:45.014+0700][4,163s][info   ][gc,marking  ] GC(193) Concurrent Mark
[2024-12-04T16:40:45.014+0700][4,163s][info   ][gc,marking  ] GC(193) Concurrent Mark From Roots
[2024-12-04T16:40:45.014+0700][4,163s][info   ][gc,task     ] GC(193) Using 2 workers of 2 for marking
[2024-12-04T16:40:45.017+0700][4,165s][info   ][gc,marking  ] GC(193) Concurrent Mark From Roots 2,815ms
[2024-12-04T16:40:45.017+0700][4,165s][info   ][gc,marking  ] GC(193) Concurrent Preclean
[2024-12-04T16:40:45.017+0700][4,165s][info   ][gc,marking  ] GC(193) Concurrent Preclean 0,049ms
[2024-12-04T16:40:45.017+0700][4,166s][info   ][gc,start    ] GC(193) Pause Remark
[2024-12-04T16:40:45.017+0700][4,166s][info   ][gc          ] GC(193) Pause Remark 692M->692M(1518M) 0,762ms
[2024-12-04T16:40:45.017+0700][4,166s][info   ][gc,cpu      ] GC(193) User=0,00s Sys=0,00s Real=0,00s
[2024-12-04T16:40:45.018+0700][4,166s][info   ][gc,marking  ] GC(193) Concurrent Mark 3,777ms
[2024-12-04T16:40:45.018+0700][4,166s][info   ][gc,marking  ] GC(193) Concurrent Rebuild Remembered Sets
[2024-12-04T16:40:45.019+0700][4,168s][info   ][gc,marking  ] GC(193) Concurrent Rebuild Remembered Sets 1,923ms
[2024-12-04T16:40:45.020+0700][4,168s][info   ][gc,start    ] GC(193) Pause Cleanup
[2024-12-04T16:40:45.020+0700][4,168s][info   ][gc          ] GC(193) Pause Cleanup 692M->692M(1518M) 0,087ms
[2024-12-04T16:40:45.020+0700][4,168s][info   ][gc,cpu      ] GC(193) User=0,00s Sys=0,00s Real=0,00s
[2024-12-04T16:40:45.020+0700][4,168s][info   ][gc,marking  ] GC(193) Concurrent Cleanup for Next Mark
[2024-12-04T16:40:45.022+0700][4,171s][info   ][gc,marking  ] GC(193) Concurrent Cleanup for Next Mark 2,646ms
[2024-12-04T16:40:45.022+0700][4,171s][info   ][gc          ] GC(193) Concurrent Mark Cycle 8,589ms
[2024-12-04T16:40:45.027+0700][4,176s][info   ][gc,start    ] GC(194) Pause Young (Concurrent Start) (G1 Humongous Allocation)
[2024-12-04T16:40:45.027+0700][4,176s][info   ][gc,task     ] GC(194) Using 8 workers of 8 for evacuation
[2024-12-04T16:40:45.028+0700][4,177s][info   ][gc,phases   ] GC(194)   Pre Evacuate Collection Set: 0,1ms
[2024-12-04T16:40:45.028+0700][4,177s][info   ][gc,phases   ] GC(194)   Merge Heap Roots: 0,1ms
[2024-12-04T16:40:45.028+0700][4,177s][info   ][gc,phases   ] GC(194)   Evacuate Collection Set: 0,4ms
[2024-12-04T16:40:45.028+0700][4,177s][info   ][gc,phases   ] GC(194)   Post Evacuate Collection Set: 0,2ms
[2024-12-04T16:40:45.028+0700][4,177s][info   ][gc,phases   ] GC(194)   Other: 0,2ms
[2024-12-04T16:40:45.028+0700][4,177s][info   ][gc,heap     ] GC(194) Eden regions: 1->0(670)
[2024-12-04T16:40:45.028+0700][4,177s][info   ][gc,heap     ] GC(194) Survivor regions: 0->0(84)
[2024-12-04T16:40:45.028+0700][4,177s][info   ][gc,heap     ] GC(194) Old regions: 3->3
[2024-12-04T16:40:45.028+0700][4,177s][info   ][gc,heap     ] GC(194) Archive regions: 2->2
[2024-12-04T16:40:45.028+0700][4,177s][info   ][gc,heap     ] GC(194) Humongous regions: 690->690
[2024-12-04T16:40:45.028+0700][4,177s][info   ][gc,metaspace] GC(194) Metaspace: 5776K(6016K)->5776K(6016K) NonClass: 5114K(5248K)->5114K(5248K) Class: 661K(768K)->661K(768K)
[2024-12-04T16:40:45.028+0700][4,177s][info   ][gc          ] GC(194) Pause Young (Concurrent Start) (G1 Humongous Allocation) 693M->693M(1518M) 1,221ms
[2024-12-04T16:40:45.028+0700][4,177s][info   ][gc,cpu      ] GC(194) User=0,00s Sys=0,00s Real=0,00s
[2024-12-04T16:40:45.028+0700][4,177s][info   ][gc          ] GC(195) Concurrent Mark Cycle
[2024-12-04T16:40:45.028+0700][4,177s][info   ][gc,marking  ] GC(195) Concurrent Clear Claimed Marks
[2024-12-04T16:40:45.028+0700][4,177s][info   ][gc,marking  ] GC(195) Concurrent Clear Claimed Marks 0,025ms
[2024-12-04T16:40:45.028+0700][4,177s][info   ][gc,marking  ] GC(195) Concurrent Scan Root Regions
[2024-12-04T16:40:45.028+0700][4,177s][info   ][gc,marking  ] GC(195) Concurrent Scan Root Regions 0,005ms
[2024-12-04T16:40:45.028+0700][4,177s][info   ][gc,marking  ] GC(195) Concurrent Mark
[2024-12-04T16:40:45.028+0700][4,177s][info   ][gc,marking  ] GC(195) Concurrent Mark From Roots
[2024-12-04T16:40:45.028+0700][4,177s][info   ][gc,task     ] GC(195) Using 2 workers of 2 for marking
[2024-12-04T16:40:45.033+0700][4,182s][info   ][gc,marking  ] GC(195) Concurrent Mark From Roots 4,378ms
[2024-12-04T16:40:45.033+0700][4,182s][info   ][gc,marking  ] GC(195) Concurrent Preclean
[2024-12-04T16:40:45.033+0700][4,182s][info   ][gc,marking  ] GC(195) Concurrent Preclean 0,102ms
[2024-12-04T16:40:45.033+0700][4,182s][info   ][gc,start    ] GC(195) Pause Remark
[2024-12-04T16:40:45.035+0700][4,184s][info   ][gc          ] GC(195) Pause Remark 694M->694M(1518M) 1,605ms
[2024-12-04T16:40:45.035+0700][4,184s][info   ][gc,cpu      ] GC(195) User=0,00s Sys=0,00s Real=0,01s
[2024-12-04T16:40:45.035+0700][4,184s][info   ][gc,marking  ] GC(195) Concurrent Mark 6,321ms
[2024-12-04T16:40:45.035+0700][4,184s][info   ][gc,marking  ] GC(195) Concurrent Rebuild Remembered Sets
[2024-12-04T16:40:45.038+0700][4,186s][info   ][gc,marking  ] GC(195) Concurrent Rebuild Remembered Sets 2,792ms
[2024-12-04T16:40:45.038+0700][4,186s][info   ][gc,start    ] GC(195) Pause Cleanup
[2024-12-04T16:40:45.038+0700][4,187s][info   ][gc          ] GC(195) Pause Cleanup 695M->695M(1518M) 0,167ms
[2024-12-04T16:40:45.038+0700][4,187s][info   ][gc,cpu      ] GC(195) User=0,00s Sys=0,00s Real=0,00s
[2024-12-04T16:40:45.038+0700][4,187s][info   ][gc,marking  ] GC(195) Concurrent Cleanup for Next Mark
[2024-12-04T16:40:45.041+0700][4,190s][info   ][gc,marking  ] GC(195) Concurrent Cleanup for Next Mark 3,566ms
[2024-12-04T16:40:45.041+0700][4,190s][info   ][gc          ] GC(195) Concurrent Mark Cycle 13,117ms
[2024-12-04T16:40:45.047+0700][4,196s][info   ][gc,start    ] GC(196) Pause Young (Concurrent Start) (G1 Humongous Allocation)
[2024-12-04T16:40:45.047+0700][4,196s][info   ][gc,task     ] GC(196) Using 8 workers of 8 for evacuation
[2024-12-04T16:40:45.048+0700][4,197s][info   ][gc,phases   ] GC(196)   Pre Evacuate Collection Set: 0,3ms
[2024-12-04T16:40:45.049+0700][4,197s][info   ][gc,phases   ] GC(196)   Merge Heap Roots: 0,2ms
[2024-12-04T16:40:45.049+0700][4,197s][info   ][gc,phases   ] GC(196)   Evacuate Collection Set: 0,5ms
[2024-12-04T16:40:45.049+0700][4,197s][info   ][gc,phases   ] GC(196)   Post Evacuate Collection Set: 0,2ms
[2024-12-04T16:40:45.049+0700][4,197s][info   ][gc,phases   ] GC(196)   Other: 0,3ms
[2024-12-04T16:40:45.049+0700][4,197s][info   ][gc,heap     ] GC(196) Eden regions: 1->0(667)
[2024-12-04T16:40:45.049+0700][4,197s][info   ][gc,heap     ] GC(196) Survivor regions: 0->0(84)
[2024-12-04T16:40:45.049+0700][4,198s][info   ][gc,heap     ] GC(196) Old regions: 3->3
[2024-12-04T16:40:45.049+0700][4,198s][info   ][gc,heap     ] GC(196) Archive regions: 2->2
[2024-12-04T16:40:45.049+0700][4,198s][info   ][gc,heap     ] GC(196) Humongous regions: 693->693
[2024-12-04T16:40:45.049+0700][4,198s][info   ][gc,metaspace] GC(196) Metaspace: 5776K(6016K)->5776K(6016K) NonClass: 5114K(5248K)->5114K(5248K) Class: 661K(768K)->661K(768K)
[2024-12-04T16:40:45.049+0700][4,198s][info   ][gc          ] GC(196) Pause Young (Concurrent Start) (G1 Humongous Allocation) 696M->696M(1518M) 1,825ms
[2024-12-04T16:40:45.049+0700][4,198s][info   ][gc,cpu      ] GC(196) User=0,00s Sys=0,00s Real=0,00s
[2024-12-04T16:40:45.049+0700][4,198s][info   ][gc          ] GC(197) Concurrent Mark Cycle
[2024-12-04T16:40:45.049+0700][4,198s][info   ][gc,marking  ] GC(197) Concurrent Clear Claimed Marks
[2024-12-04T16:40:45.049+0700][4,198s][info   ][gc,marking  ] GC(197) Concurrent Clear Claimed Marks 0,025ms
[2024-12-04T16:40:45.049+0700][4,198s][info   ][gc,marking  ] GC(197) Concurrent Scan Root Regions
[2024-12-04T16:40:45.049+0700][4,198s][info   ][gc,marking  ] GC(197) Concurrent Scan Root Regions 0,014ms
[2024-12-04T16:40:45.049+0700][4,198s][info   ][gc,marking  ] GC(197) Concurrent Mark
[2024-12-04T16:40:45.049+0700][4,198s][info   ][gc,marking  ] GC(197) Concurrent Mark From Roots
[2024-12-04T16:40:45.049+0700][4,198s][info   ][gc,task     ] GC(197) Using 2 workers of 2 for marking
[2024-12-04T16:40:45.059+0700][4,207s][info   ][gc,marking  ] GC(197) Concurrent Mark From Roots 9,578ms
[2024-12-04T16:40:45.059+0700][4,208s][info   ][gc,marking  ] GC(197) Concurrent Preclean
[2024-12-04T16:40:45.059+0700][4,208s][info   ][gc,marking  ] GC(197) Concurrent Preclean 0,146ms
[2024-12-04T16:40:45.059+0700][4,208s][info   ][gc,start    ] GC(197) Pause Remark
[2024-12-04T16:40:45.061+0700][4,210s][info   ][gc          ] GC(197) Pause Remark 698M->698M(1518M) 2,586ms
[2024-12-04T16:40:45.062+0700][4,210s][info   ][gc,cpu      ] GC(197) User=0,00s Sys=0,00s Real=0,00s
[2024-12-04T16:40:45.062+0700][4,211s][info   ][gc,marking  ] GC(197) Concurrent Mark 12,719ms
[2024-12-04T16:40:45.062+0700][4,211s][info   ][gc,marking  ] GC(197) Concurrent Rebuild Remembered Sets
[2024-12-04T16:40:45.066+0700][4,215s][info   ][gc,marking  ] GC(197) Concurrent Rebuild Remembered Sets 4,132ms
[2024-12-04T16:40:45.067+0700][4,216s][info   ][gc,start    ] GC(197) Pause Cleanup
[2024-12-04T16:40:45.067+0700][4,216s][info   ][gc          ] GC(197) Pause Cleanup 699M->699M(1518M) 0,446ms
[2024-12-04T16:40:45.067+0700][4,216s][info   ][gc,cpu      ] GC(197) User=0,00s Sys=0,00s Real=0,00s
[2024-12-04T16:40:45.067+0700][4,216s][info   ][gc,marking  ] GC(197) Concurrent Cleanup for Next Mark
[2024-12-04T16:40:45.071+0700][4,220s][info   ][gc,marking  ] GC(197) Concurrent Cleanup for Next Mark 3,340ms
[2024-12-04T16:40:45.071+0700][4,220s][info   ][gc          ] GC(197) Concurrent Mark Cycle 22,144ms
[2024-12-04T16:40:45.077+0700][4,226s][info   ][gc,start    ] GC(198) Pause Young (Concurrent Start) (G1 Humongous Allocation)
[2024-12-04T16:40:45.077+0700][4,226s][info   ][gc,task     ] GC(198) Using 8 workers of 8 for evacuation
[2024-12-04T16:40:45.079+0700][4,228s][info   ][gc,phases   ] GC(198)   Pre Evacuate Collection Set: 0,3ms
[2024-12-04T16:40:45.079+0700][4,228s][info   ][gc,phases   ] GC(198)   Merge Heap Roots: 0,3ms
[2024-12-04T16:40:45.079+0700][4,228s][info   ][gc,phases   ] GC(198)   Evacuate Collection Set: 0,7ms
[2024-12-04T16:40:45.079+0700][4,228s][info   ][gc,phases   ] GC(198)   Post Evacuate Collection Set: 0,2ms
[2024-12-04T16:40:45.079+0700][4,228s][info   ][gc,phases   ] GC(198)   Other: 0,4ms
[2024-12-04T16:40:45.079+0700][4,228s][info   ][gc,heap     ] GC(198) Eden regions: 1->0(663)
[2024-12-04T16:40:45.079+0700][4,228s][info   ][gc,heap     ] GC(198) Survivor regions: 0->0(84)
[2024-12-04T16:40:45.079+0700][4,228s][info   ][gc,heap     ] GC(198) Old regions: 3->3
[2024-12-04T16:40:45.079+0700][4,228s][info   ][gc,heap     ] GC(198) Archive regions: 2->2
[2024-12-04T16:40:45.079+0700][4,228s][info   ][gc,heap     ] GC(198) Humongous regions: 697->697
[2024-12-04T16:40:45.079+0700][4,228s][info   ][gc,metaspace] GC(198) Metaspace: 5776K(6016K)->5776K(6016K) NonClass: 5114K(5248K)->5114K(5248K) Class: 661K(768K)->661K(768K)
[2024-12-04T16:40:45.079+0700][4,228s][info   ][gc          ] GC(198) Pause Young (Concurrent Start) (G1 Humongous Allocation) 700M->700M(1518M) 2,057ms
[2024-12-04T16:40:45.079+0700][4,228s][info   ][gc,cpu      ] GC(198) User=0,00s Sys=0,00s Real=0,00s
[2024-12-04T16:40:45.079+0700][4,228s][info   ][gc          ] GC(199) Concurrent Mark Cycle
[2024-12-04T16:40:45.079+0700][4,228s][info   ][gc,marking  ] GC(199) Concurrent Clear Claimed Marks
[2024-12-04T16:40:45.079+0700][4,228s][info   ][gc,marking  ] GC(199) Concurrent Clear Claimed Marks 0,019ms
[2024-12-04T16:40:45.079+0700][4,228s][info   ][gc,marking  ] GC(199) Concurrent Scan Root Regions
[2024-12-04T16:40:45.079+0700][4,228s][info   ][gc,marking  ] GC(199) Concurrent Scan Root Regions 0,008ms
[2024-12-04T16:40:45.079+0700][4,228s][info   ][gc,marking  ] GC(199) Concurrent Mark
[2024-12-04T16:40:45.079+0700][4,228s][info   ][gc,marking  ] GC(199) Concurrent Mark From Roots
[2024-12-04T16:40:45.079+0700][4,228s][info   ][gc,task     ] GC(199) Using 2 workers of 2 for marking
[2024-12-04T16:40:45.083+0700][4,232s][info   ][gc,marking  ] GC(199) Concurrent Mark From Roots 4,013ms
[2024-12-04T16:40:45.083+0700][4,232s][info   ][gc,marking  ] GC(199) Concurrent Preclean
[2024-12-04T16:40:45.083+0700][4,232s][info   ][gc,marking  ] GC(199) Concurrent Preclean 0,069ms
[2024-12-04T16:40:45.083+0700][4,232s][info   ][gc,start    ] GC(199) Pause Remark
[2024-12-04T16:40:45.085+0700][4,234s][info   ][gc          ] GC(199) Pause Remark 701M->701M(1518M) 1,444ms
[2024-12-04T16:40:45.085+0700][4,234s][info   ][gc,cpu      ] GC(199) User=0,00s Sys=0,00s Real=0,00s
[2024-12-04T16:40:45.085+0700][4,234s][info   ][gc,marking  ] GC(199) Concurrent Mark 5,697ms
[2024-12-04T16:40:45.085+0700][4,234s][info   ][gc,marking  ] GC(199) Concurrent Rebuild Remembered Sets
[2024-12-04T16:40:45.086+0700][4,235s][info   ][gc,marking  ] GC(199) Concurrent Rebuild Remembered Sets 1,479ms
[2024-12-04T16:40:45.086+0700][4,235s][info   ][gc,start    ] GC(199) Pause Cleanup
[2024-12-04T16:40:45.087+0700][4,235s][info   ][gc          ] GC(199) Pause Cleanup 702M->702M(1518M) 0,138ms
[2024-12-04T16:40:45.087+0700][4,235s][info   ][gc,cpu      ] GC(199) User=0,00s Sys=0,00s Real=0,00s
[2024-12-04T16:40:45.087+0700][4,235s][info   ][gc,marking  ] GC(199) Concurrent Cleanup for Next Mark
[2024-12-04T16:40:45.089+0700][4,238s][info   ][gc,marking  ] GC(199) Concurrent Cleanup for Next Mark 2,259ms
[2024-12-04T16:40:45.089+0700][4,238s][info   ][gc          ] GC(199) Concurrent Mark Cycle 9,818ms
[2024-12-04T16:40:45.091+0700][4,239s][info   ][gc,start    ] GC(200) Pause Young (Concurrent Start) (G1 Humongous Allocation)
[2024-12-04T16:40:45.091+0700][4,239s][info   ][gc,task     ] GC(200) Using 8 workers of 8 for evacuation
[2024-12-04T16:40:45.092+0700][4,241s][info   ][gc,phases   ] GC(200)   Pre Evacuate Collection Set: 0,2ms
[2024-12-04T16:40:45.092+0700][4,241s][info   ][gc,phases   ] GC(200)   Merge Heap Roots: 0,2ms
[2024-12-04T16:40:45.092+0700][4,241s][info   ][gc,phases   ] GC(200)   Evacuate Collection Set: 0,5ms
[2024-12-04T16:40:45.092+0700][4,241s][info   ][gc,phases   ] GC(200)   Post Evacuate Collection Set: 0,1ms
[2024-12-04T16:40:45.092+0700][4,241s][info   ][gc,phases   ] GC(200)   Other: 0,2ms
[2024-12-04T16:40:45.092+0700][4,241s][info   ][gc,heap     ] GC(200) Eden regions: 1->0(661)
[2024-12-04T16:40:45.092+0700][4,241s][info   ][gc,heap     ] GC(200) Survivor regions: 0->0(83)
[2024-12-04T16:40:45.092+0700][4,241s][info   ][gc,heap     ] GC(200) Old regions: 3->3
[2024-12-04T16:40:45.092+0700][4,241s][info   ][gc,heap     ] GC(200) Archive regions: 2->2
[2024-12-04T16:40:45.092+0700][4,241s][info   ][gc,heap     ] GC(200) Humongous regions: 699->699
[2024-12-04T16:40:45.092+0700][4,241s][info   ][gc,metaspace] GC(200) Metaspace: 5776K(6016K)->5776K(6016K) NonClass: 5114K(5248K)->5114K(5248K) Class: 661K(768K)->661K(768K)
[2024-12-04T16:40:45.092+0700][4,241s][info   ][gc          ] GC(200) Pause Young (Concurrent Start) (G1 Humongous Allocation) 702M->702M(1518M) 1,221ms
[2024-12-04T16:40:45.092+0700][4,241s][info   ][gc,cpu      ] GC(200) User=0,00s Sys=0,00s Real=0,00s
[2024-12-04T16:40:45.092+0700][4,241s][info   ][gc          ] GC(201) Concurrent Mark Cycle
[2024-12-04T16:40:45.092+0700][4,241s][info   ][gc,marking  ] GC(201) Concurrent Clear Claimed Marks
[2024-12-04T16:40:45.092+0700][4,241s][info   ][gc,marking  ] GC(201) Concurrent Clear Claimed Marks 0,011ms
[2024-12-04T16:40:45.092+0700][4,241s][info   ][gc,marking  ] GC(201) Concurrent Scan Root Regions
[2024-12-04T16:40:45.092+0700][4,241s][info   ][gc,marking  ] GC(201) Concurrent Scan Root Regions 0,005ms
[2024-12-04T16:40:45.092+0700][4,241s][info   ][gc,marking  ] GC(201) Concurrent Mark
[2024-12-04T16:40:45.092+0700][4,241s][info   ][gc,marking  ] GC(201) Concurrent Mark From Roots
[2024-12-04T16:40:45.092+0700][4,241s][info   ][gc,task     ] GC(201) Using 2 workers of 2 for marking
[2024-12-04T16:40:45.095+0700][4,244s][info   ][gc,marking  ] GC(201) Concurrent Mark From Roots 2,952ms
[2024-12-04T16:40:45.095+0700][4,244s][info   ][gc,marking  ] GC(201) Concurrent Preclean
[2024-12-04T16:40:45.095+0700][4,244s][info   ][gc,marking  ] GC(201) Concurrent Preclean 0,049ms
[2024-12-04T16:40:45.095+0700][4,244s][info   ][gc,start    ] GC(201) Pause Remark
[2024-12-04T16:40:45.096+0700][4,244s][info   ][gc          ] GC(201) Pause Remark 703M->703M(1518M) 0,572ms
[2024-12-04T16:40:45.096+0700][4,244s][info   ][gc,cpu      ] GC(201) User=0,00s Sys=0,00s Real=0,00s
[2024-12-04T16:40:45.096+0700][4,245s][info   ][gc,marking  ] GC(201) Concurrent Mark 3,731ms
[2024-12-04T16:40:45.096+0700][4,245s][info   ][gc,marking  ] GC(201) Concurrent Rebuild Remembered Sets
[2024-12-04T16:40:45.097+0700][4,246s][info   ][gc,marking  ] GC(201) Concurrent Rebuild Remembered Sets 1,383ms
[2024-12-04T16:40:45.097+0700][4,246s][info   ][gc,start    ] GC(201) Pause Cleanup
[2024-12-04T16:40:45.097+0700][4,246s][info   ][gc          ] GC(201) Pause Cleanup 703M->703M(1518M) 0,126ms
[2024-12-04T16:40:45.097+0700][4,246s][info   ][gc,cpu      ] GC(201) User=0,00s Sys=0,00s Real=0,00s
[2024-12-04T16:40:45.097+0700][4,246s][info   ][gc,marking  ] GC(201) Concurrent Cleanup for Next Mark
[2024-12-04T16:40:45.100+0700][4,249s][info   ][gc,marking  ] GC(201) Concurrent Cleanup for Next Mark 2,800ms
[2024-12-04T16:40:45.100+0700][4,249s][info   ][gc          ] GC(201) Concurrent Mark Cycle 8,293ms
[2024-12-04T16:40:45.103+0700][4,252s][info   ][gc,start    ] GC(202) Pause Young (Concurrent Start) (G1 Humongous Allocation)
[2024-12-04T16:40:45.103+0700][4,252s][info   ][gc,task     ] GC(202) Using 8 workers of 8 for evacuation
[2024-12-04T16:40:45.105+0700][4,254s][info   ][gc,phases   ] GC(202)   Pre Evacuate Collection Set: 0,2ms
[2024-12-04T16:40:45.105+0700][4,254s][info   ][gc,phases   ] GC(202)   Merge Heap Roots: 0,3ms
[2024-12-04T16:40:45.105+0700][4,254s][info   ][gc,phases   ] GC(202)   Evacuate Collection Set: 0,3ms
[2024-12-04T16:40:45.105+0700][4,254s][info   ][gc,phases   ] GC(202)   Post Evacuate Collection Set: 0,9ms
[2024-12-04T16:40:45.105+0700][4,254s][info   ][gc,phases   ] GC(202)   Other: 0,2ms
[2024-12-04T16:40:45.105+0700][4,254s][info   ][gc,heap     ] GC(202) Eden regions: 1->0(751)
[2024-12-04T16:40:45.105+0700][4,254s][info   ][gc,heap     ] GC(202) Survivor regions: 0->0(83)
[2024-12-04T16:40:45.105+0700][4,254s][info   ][gc,heap     ] GC(202) Old regions: 3->3
[2024-12-04T16:40:45.105+0700][4,254s][info   ][gc,heap     ] GC(202) Archive regions: 2->2
[2024-12-04T16:40:45.105+0700][4,254s][info   ][gc,heap     ] GC(202) Humongous regions: 701->701
[2024-12-04T16:40:45.105+0700][4,254s][info   ][gc,metaspace] GC(202) Metaspace: 5776K(6016K)->5776K(6016K) NonClass: 5114K(5248K)->5114K(5248K) Class: 661K(768K)->661K(768K)
[2024-12-04T16:40:45.105+0700][4,254s][info   ][gc          ] GC(202) Pause Young (Concurrent Start) (G1 Humongous Allocation) 704M->704M(1621M) 1,922ms
[2024-12-04T16:40:45.105+0700][4,254s][info   ][gc,cpu      ] GC(202) User=0,00s Sys=0,00s Real=0,00s
[2024-12-04T16:40:45.105+0700][4,254s][info   ][gc          ] GC(203) Concurrent Undo Cycle
[2024-12-04T16:40:45.105+0700][4,254s][info   ][gc,marking  ] GC(203) Concurrent Cleanup for Next Mark
[2024-12-04T16:40:45.109+0700][4,258s][info   ][gc,marking  ] GC(203) Concurrent Cleanup for Next Mark 3,725ms
[2024-12-04T16:40:45.109+0700][4,258s][info   ][gc          ] GC(203) Concurrent Undo Cycle 3,830ms
[2024-12-04T16:40:45.237+0700][4,386s][info   ][gc,start    ] GC(204) Pause Young (Concurrent Start) (G1 Humongous Allocation)
[2024-12-04T16:40:45.237+0700][4,386s][info   ][gc,task     ] GC(204) Using 8 workers of 8 for evacuation
[2024-12-04T16:40:45.239+0700][4,387s][info   ][gc,phases   ] GC(204)   Pre Evacuate Collection Set: 0,3ms
[2024-12-04T16:40:45.239+0700][4,387s][info   ][gc,phases   ] GC(204)   Merge Heap Roots: 0,1ms
[2024-12-04T16:40:45.239+0700][4,387s][info   ][gc,phases   ] GC(204)   Evacuate Collection Set: 0,6ms
[2024-12-04T16:40:45.239+0700][4,387s][info   ][gc,phases   ] GC(204)   Post Evacuate Collection Set: 0,2ms
[2024-12-04T16:40:45.239+0700][4,388s][info   ][gc,phases   ] GC(204)   Other: 0,3ms
[2024-12-04T16:40:45.239+0700][4,388s][info   ][gc,heap     ] GC(204) Eden regions: 1->0(728)
[2024-12-04T16:40:45.239+0700][4,388s][info   ][gc,heap     ] GC(204) Survivor regions: 0->0(94)
[2024-12-04T16:40:45.239+0700][4,388s][info   ][gc,heap     ] GC(204) Old regions: 3->3
[2024-12-04T16:40:45.239+0700][4,388s][info   ][gc,heap     ] GC(204) Archive regions: 2->2
[2024-12-04T16:40:45.239+0700][4,388s][info   ][gc,heap     ] GC(204) Humongous regions: 724->724
[2024-12-04T16:40:45.239+0700][4,388s][info   ][gc,metaspace] GC(204) Metaspace: 5776K(6016K)->5776K(6016K) NonClass: 5114K(5248K)->5114K(5248K) Class: 661K(768K)->661K(768K)
[2024-12-04T16:40:45.239+0700][4,388s][info   ][gc          ] GC(204) Pause Young (Concurrent Start) (G1 Humongous Allocation) 727M->727M(1621M) 1,683ms
[2024-12-04T16:40:45.239+0700][4,388s][info   ][gc,cpu      ] GC(204) User=0,01s Sys=0,00s Real=0,00s
[2024-12-04T16:40:45.239+0700][4,388s][info   ][gc          ] GC(205) Concurrent Undo Cycle
[2024-12-04T16:40:45.239+0700][4,388s][info   ][gc,marking  ] GC(205) Concurrent Cleanup for Next Mark
[2024-12-04T16:40:45.243+0700][4,392s][info   ][gc,marking  ] GC(205) Concurrent Cleanup for Next Mark 4,032ms
[2024-12-04T16:40:45.243+0700][4,392s][info   ][gc          ] GC(205) Concurrent Undo Cycle 4,169ms
[2024-12-04T16:40:45.245+0700][4,394s][info   ][gc,start    ] GC(206) Pause Young (Concurrent Start) (G1 Humongous Allocation)
[2024-12-04T16:40:45.245+0700][4,394s][info   ][gc,task     ] GC(206) Using 8 workers of 8 for evacuation
[2024-12-04T16:40:45.246+0700][4,395s][info   ][gc,phases   ] GC(206)   Pre Evacuate Collection Set: 0,2ms
[2024-12-04T16:40:45.246+0700][4,395s][info   ][gc,phases   ] GC(206)   Merge Heap Roots: 0,1ms
[2024-12-04T16:40:45.246+0700][4,395s][info   ][gc,phases   ] GC(206)   Evacuate Collection Set: 0,3ms
[2024-12-04T16:40:45.246+0700][4,395s][info   ][gc,phases   ] GC(206)   Post Evacuate Collection Set: 0,2ms
[2024-12-04T16:40:45.246+0700][4,395s][info   ][gc,phases   ] GC(206)   Other: 0,2ms
[2024-12-04T16:40:45.246+0700][4,395s][info   ][gc,heap     ] GC(206) Eden regions: 1->0(727)
[2024-12-04T16:40:45.246+0700][4,395s][info   ][gc,heap     ] GC(206) Survivor regions: 0->0(91)
[2024-12-04T16:40:45.246+0700][4,395s][info   ][gc,heap     ] GC(206) Old regions: 3->3
[2024-12-04T16:40:45.246+0700][4,395s][info   ][gc,heap     ] GC(206) Archive regions: 2->2
[2024-12-04T16:40:45.246+0700][4,395s][info   ][gc,heap     ] GC(206) Humongous regions: 725->725
[2024-12-04T16:40:45.246+0700][4,395s][info   ][gc,metaspace] GC(206) Metaspace: 5776K(6016K)->5776K(6016K) NonClass: 5114K(5248K)->5114K(5248K) Class: 661K(768K)->661K(768K)
[2024-12-04T16:40:45.246+0700][4,395s][info   ][gc          ] GC(206) Pause Young (Concurrent Start) (G1 Humongous Allocation) 728M->728M(1621M) 1,215ms
[2024-12-04T16:40:45.246+0700][4,395s][info   ][gc,cpu      ] GC(206) User=0,01s Sys=0,00s Real=0,00s
[2024-12-04T16:40:45.246+0700][4,395s][info   ][gc          ] GC(207) Concurrent Mark Cycle
[2024-12-04T16:40:45.246+0700][4,395s][info   ][gc,marking  ] GC(207) Concurrent Clear Claimed Marks
[2024-12-04T16:40:45.246+0700][4,395s][info   ][gc,marking  ] GC(207) Concurrent Clear Claimed Marks 0,019ms
[2024-12-04T16:40:45.246+0700][4,395s][info   ][gc,marking  ] GC(207) Concurrent Scan Root Regions
[2024-12-04T16:40:45.246+0700][4,395s][info   ][gc,marking  ] GC(207) Concurrent Scan Root Regions 0,008ms
[2024-12-04T16:40:45.246+0700][4,395s][info   ][gc,marking  ] GC(207) Concurrent Mark
[2024-12-04T16:40:45.246+0700][4,395s][info   ][gc,marking  ] GC(207) Concurrent Mark From Roots
[2024-12-04T16:40:45.246+0700][4,395s][info   ][gc,task     ] GC(207) Using 2 workers of 2 for marking
[2024-12-04T16:40:45.252+0700][4,401s][info   ][gc,marking  ] GC(207) Concurrent Mark From Roots 6,074ms
[2024-12-04T16:40:45.252+0700][4,401s][info   ][gc,marking  ] GC(207) Concurrent Preclean
[2024-12-04T16:40:45.253+0700][4,401s][info   ][gc,marking  ] GC(207) Concurrent Preclean 0,119ms
[2024-12-04T16:40:45.253+0700][4,402s][info   ][gc,start    ] GC(207) Pause Remark
[2024-12-04T16:40:45.255+0700][4,403s][info   ][gc          ] GC(207) Pause Remark 730M->730M(1621M) 1,136ms
[2024-12-04T16:40:45.255+0700][4,403s][info   ][gc,cpu      ] GC(207) User=0,00s Sys=0,00s Real=0,00s
[2024-12-04T16:40:45.255+0700][4,404s][info   ][gc,marking  ] GC(207) Concurrent Mark 8,414ms
[2024-12-04T16:40:45.255+0700][4,404s][info   ][gc,marking  ] GC(207) Concurrent Rebuild Remembered Sets
[2024-12-04T16:40:45.258+0700][4,406s][info   ][gc,marking  ] GC(207) Concurrent Rebuild Remembered Sets 2,777ms
[2024-12-04T16:40:45.258+0700][4,407s][info   ][gc,start    ] GC(207) Pause Cleanup
[2024-12-04T16:40:45.258+0700][4,407s][info   ][gc          ] GC(207) Pause Cleanup 730M->730M(1621M) 0,326ms
[2024-12-04T16:40:45.258+0700][4,407s][info   ][gc,cpu      ] GC(207) User=0,00s Sys=0,00s Real=0,00s
[2024-12-04T16:40:45.258+0700][4,407s][info   ][gc,marking  ] GC(207) Concurrent Cleanup for Next Mark
[2024-12-04T16:40:45.262+0700][4,411s][info   ][gc,marking  ] GC(207) Concurrent Cleanup for Next Mark 4,405ms
[2024-12-04T16:40:45.263+0700][4,411s][info   ][gc          ] GC(207) Concurrent Mark Cycle 16,310ms
[2024-12-04T16:40:45.271+0700][4,420s][info   ][gc,start    ] GC(208) Pause Young (Concurrent Start) (G1 Humongous Allocation)
[2024-12-04T16:40:45.271+0700][4,420s][info   ][gc,task     ] GC(208) Using 8 workers of 8 for evacuation
[2024-12-04T16:40:45.274+0700][4,423s][info   ][gc,phases   ] GC(208)   Pre Evacuate Collection Set: 0,6ms
[2024-12-04T16:40:45.274+0700][4,423s][info   ][gc,phases   ] GC(208)   Merge Heap Roots: 0,4ms
[2024-12-04T16:40:45.274+0700][4,423s][info   ][gc,phases   ] GC(208)   Evacuate Collection Set: 1,2ms
[2024-12-04T16:40:45.274+0700][4,423s][info   ][gc,phases   ] GC(208)   Post Evacuate Collection Set: 0,6ms
[2024-12-04T16:40:45.274+0700][4,423s][info   ][gc,phases   ] GC(208)   Other: 0,4ms
[2024-12-04T16:40:45.274+0700][4,423s][info   ][gc,heap     ] GC(208) Eden regions: 1->0(724)
[2024-12-04T16:40:45.274+0700][4,423s][info   ][gc,heap     ] GC(208) Survivor regions: 0->0(91)
[2024-12-04T16:40:45.275+0700][4,423s][info   ][gc,heap     ] GC(208) Old regions: 3->3
[2024-12-04T16:40:45.275+0700][4,423s][info   ][gc,heap     ] GC(208) Archive regions: 2->2
[2024-12-04T16:40:45.275+0700][4,423s][info   ][gc,heap     ] GC(208) Humongous regions: 728->728
[2024-12-04T16:40:45.275+0700][4,423s][info   ][gc,metaspace] GC(208) Metaspace: 5776K(6016K)->5776K(6016K) NonClass: 5114K(5248K)->5114K(5248K) Class: 661K(768K)->661K(768K)
[2024-12-04T16:40:45.275+0700][4,423s][info   ][gc          ] GC(208) Pause Young (Concurrent Start) (G1 Humongous Allocation) 731M->731M(1621M) 3,385ms
[2024-12-04T16:40:45.275+0700][4,424s][info   ][gc,cpu      ] GC(208) User=0,00s Sys=0,00s Real=0,01s
[2024-12-04T16:40:45.275+0700][4,424s][info   ][gc          ] GC(209) Concurrent Mark Cycle
[2024-12-04T16:40:45.275+0700][4,424s][info   ][gc,marking  ] GC(209) Concurrent Clear Claimed Marks
[2024-12-04T16:40:45.275+0700][4,424s][info   ][gc,marking  ] GC(209) Concurrent Clear Claimed Marks 0,026ms
[2024-12-04T16:40:45.275+0700][4,424s][info   ][gc,marking  ] GC(209) Concurrent Scan Root Regions
[2024-12-04T16:40:45.275+0700][4,424s][info   ][gc,marking  ] GC(209) Concurrent Scan Root Regions 0,013ms
[2024-12-04T16:40:45.275+0700][4,424s][info   ][gc,marking  ] GC(209) Concurrent Mark
[2024-12-04T16:40:45.275+0700][4,424s][info   ][gc,marking  ] GC(209) Concurrent Mark From Roots
[2024-12-04T16:40:45.275+0700][4,424s][info   ][gc,task     ] GC(209) Using 2 workers of 2 for marking
[2024-12-04T16:40:45.285+0700][4,434s][info   ][gc,marking  ] GC(209) Concurrent Mark From Roots 10,612ms
[2024-12-04T16:40:45.286+0700][4,434s][info   ][gc,marking  ] GC(209) Concurrent Preclean
[2024-12-04T16:40:45.286+0700][4,435s][info   ][gc,marking  ] GC(209) Concurrent Preclean 0,136ms
[2024-12-04T16:40:45.286+0700][4,435s][info   ][gc,start    ] GC(209) Pause Remark
[2024-12-04T16:40:45.291+0700][4,440s][info   ][gc          ] GC(209) Pause Remark 733M->733M(1621M) 4,513ms
[2024-12-04T16:40:45.291+0700][4,440s][info   ][gc,cpu      ] GC(209) User=0,00s Sys=0,00s Real=0,00s
[2024-12-04T16:40:45.291+0700][4,440s][info   ][gc,marking  ] GC(209) Concurrent Mark 16,165ms
[2024-12-04T16:40:45.291+0700][4,440s][info   ][gc,marking  ] GC(209) Concurrent Rebuild Remembered Sets
[2024-12-04T16:40:45.294+0700][4,443s][info   ][gc,marking  ] GC(209) Concurrent Rebuild Remembered Sets 3,269ms
[2024-12-04T16:40:45.294+0700][4,443s][info   ][gc,start    ] GC(209) Pause Cleanup
[2024-12-04T16:40:45.295+0700][4,444s][info   ][gc          ] GC(209) Pause Cleanup 734M->734M(1621M) 0,319ms
[2024-12-04T16:40:45.295+0700][4,444s][info   ][gc,cpu      ] GC(209) User=0,00s Sys=0,00s Real=0,00s
[2024-12-04T16:40:45.295+0700][4,444s][info   ][gc,marking  ] GC(209) Concurrent Cleanup for Next Mark
[2024-12-04T16:40:45.299+0700][4,447s][info   ][gc,marking  ] GC(209) Concurrent Cleanup for Next Mark 3,694ms
[2024-12-04T16:40:45.299+0700][4,448s][info   ][gc          ] GC(209) Concurrent Mark Cycle 23,977ms
[2024-12-04T16:40:45.303+0700][4,452s][info   ][gc,start    ] GC(210) Pause Young (Concurrent Start) (G1 Humongous Allocation)
[2024-12-04T16:40:45.303+0700][4,452s][info   ][gc,task     ] GC(210) Using 8 workers of 8 for evacuation
[2024-12-04T16:40:45.305+0700][4,454s][info   ][gc,phases   ] GC(210)   Pre Evacuate Collection Set: 0,4ms
[2024-12-04T16:40:45.305+0700][4,454s][info   ][gc,phases   ] GC(210)   Merge Heap Roots: 0,2ms
[2024-12-04T16:40:45.305+0700][4,454s][info   ][gc,phases   ] GC(210)   Evacuate Collection Set: 0,5ms
[2024-12-04T16:40:45.305+0700][4,454s][info   ][gc,phases   ] GC(210)   Post Evacuate Collection Set: 0,2ms
[2024-12-04T16:40:45.305+0700][4,454s][info   ][gc,phases   ] GC(210)   Other: 0,2ms
[2024-12-04T16:40:45.305+0700][4,454s][info   ][gc,heap     ] GC(210) Eden regions: 1->0(720)
[2024-12-04T16:40:45.305+0700][4,454s][info   ][gc,heap     ] GC(210) Survivor regions: 0->0(91)
[2024-12-04T16:40:45.305+0700][4,454s][info   ][gc,heap     ] GC(210) Old regions: 3->3
[2024-12-04T16:40:45.305+0700][4,454s][info   ][gc,heap     ] GC(210) Archive regions: 2->2
[2024-12-04T16:40:45.305+0700][4,454s][info   ][gc,heap     ] GC(210) Humongous regions: 732->732
[2024-12-04T16:40:45.305+0700][4,454s][info   ][gc,metaspace] GC(210) Metaspace: 5776K(6016K)->5776K(6016K) NonClass: 5114K(5248K)->5114K(5248K) Class: 661K(768K)->661K(768K)
[2024-12-04T16:40:45.305+0700][4,454s][info   ][gc          ] GC(210) Pause Young (Concurrent Start) (G1 Humongous Allocation) 735M->735M(1621M) 1,653ms
[2024-12-04T16:40:45.305+0700][4,454s][info   ][gc,cpu      ] GC(210) User=0,00s Sys=0,00s Real=0,00s
[2024-12-04T16:40:45.305+0700][4,454s][info   ][gc          ] GC(211) Concurrent Mark Cycle
[2024-12-04T16:40:45.305+0700][4,454s][info   ][gc,marking  ] GC(211) Concurrent Clear Claimed Marks
[2024-12-04T16:40:45.305+0700][4,454s][info   ][gc,marking  ] GC(211) Concurrent Clear Claimed Marks 0,017ms
[2024-12-04T16:40:45.305+0700][4,454s][info   ][gc,marking  ] GC(211) Concurrent Scan Root Regions
[2024-12-04T16:40:45.305+0700][4,454s][info   ][gc,marking  ] GC(211) Concurrent Scan Root Regions 0,009ms
[2024-12-04T16:40:45.305+0700][4,454s][info   ][gc,marking  ] GC(211) Concurrent Mark
[2024-12-04T16:40:45.305+0700][4,454s][info   ][gc,marking  ] GC(211) Concurrent Mark From Roots
[2024-12-04T16:40:45.305+0700][4,454s][info   ][gc,task     ] GC(211) Using 2 workers of 2 for marking
[2024-12-04T16:40:45.309+0700][4,458s][info   ][gc,marking  ] GC(211) Concurrent Mark From Roots 4,005ms
[2024-12-04T16:40:45.309+0700][4,458s][info   ][gc,marking  ] GC(211) Concurrent Preclean
[2024-12-04T16:40:45.309+0700][4,458s][info   ][gc,marking  ] GC(211) Concurrent Preclean 0,068ms
[2024-12-04T16:40:45.309+0700][4,458s][info   ][gc,start    ] GC(211) Pause Remark
[2024-12-04T16:40:45.310+0700][4,459s][info   ][gc          ] GC(211) Pause Remark 736M->736M(1621M) 0,720ms
[2024-12-04T16:40:45.310+0700][4,459s][info   ][gc,cpu      ] GC(211) User=0,00s Sys=0,00s Real=0,00s
[2024-12-04T16:40:45.310+0700][4,459s][info   ][gc,marking  ] GC(211) Concurrent Mark 4,961ms
[2024-12-04T16:40:45.310+0700][4,459s][info   ][gc,marking  ] GC(211) Concurrent Rebuild Remembered Sets
[2024-12-04T16:40:45.312+0700][4,460s][info   ][gc,marking  ] GC(211) Concurrent Rebuild Remembered Sets 1,397ms
[2024-12-04T16:40:45.312+0700][4,461s][info   ][gc,start    ] GC(211) Pause Cleanup
[2024-12-04T16:40:45.312+0700][4,461s][info   ][gc          ] GC(211) Pause Cleanup 737M->737M(1621M) 0,223ms
[2024-12-04T16:40:45.312+0700][4,461s][info   ][gc,cpu      ] GC(211) User=0,00s Sys=0,00s Real=0,00s
[2024-12-04T16:40:45.312+0700][4,461s][info   ][gc,marking  ] GC(211) Concurrent Cleanup for Next Mark
[2024-12-04T16:40:45.315+0700][4,464s][info   ][gc,marking  ] GC(211) Concurrent Cleanup for Next Mark 2,652ms
[2024-12-04T16:40:45.315+0700][4,464s][info   ][gc          ] GC(211) Concurrent Mark Cycle 9,585ms
[2024-12-04T16:40:45.317+0700][4,466s][info   ][gc,start    ] GC(212) Pause Young (Concurrent Start) (G1 Humongous Allocation)
[2024-12-04T16:40:45.317+0700][4,466s][info   ][gc,task     ] GC(212) Using 8 workers of 8 for evacuation
[2024-12-04T16:40:45.318+0700][4,467s][info   ][gc,phases   ] GC(212)   Pre Evacuate Collection Set: 0,2ms
[2024-12-04T16:40:45.318+0700][4,467s][info   ][gc,phases   ] GC(212)   Merge Heap Roots: 0,1ms
[2024-12-04T16:40:45.318+0700][4,467s][info   ][gc,phases   ] GC(212)   Evacuate Collection Set: 0,2ms
[2024-12-04T16:40:45.318+0700][4,467s][info   ][gc,phases   ] GC(212)   Post Evacuate Collection Set: 0,1ms
[2024-12-04T16:40:45.318+0700][4,467s][info   ][gc,phases   ] GC(212)   Other: 0,1ms
[2024-12-04T16:40:45.318+0700][4,467s][info   ][gc,heap     ] GC(212) Eden regions: 1->0(718)
[2024-12-04T16:40:45.318+0700][4,467s][info   ][gc,heap     ] GC(212) Survivor regions: 0->0(90)
[2024-12-04T16:40:45.318+0700][4,467s][info   ][gc,heap     ] GC(212) Old regions: 3->3
[2024-12-04T16:40:45.318+0700][4,467s][info   ][gc,heap     ] GC(212) Archive regions: 2->2
[2024-12-04T16:40:45.318+0700][4,467s][info   ][gc,heap     ] GC(212) Humongous regions: 734->734
[2024-12-04T16:40:45.318+0700][4,467s][info   ][gc,metaspace] GC(212) Metaspace: 5776K(6016K)->5776K(6016K) NonClass: 5114K(5248K)->5114K(5248K) Class: 661K(768K)->661K(768K)
[2024-12-04T16:40:45.318+0700][4,467s][info   ][gc          ] GC(212) Pause Young (Concurrent Start) (G1 Humongous Allocation) 737M->737M(1621M) 0,904ms
[2024-12-04T16:40:45.318+0700][4,467s][info   ][gc,cpu      ] GC(212) User=0,00s Sys=0,00s Real=0,00s
[2024-12-04T16:40:45.318+0700][4,467s][info   ][gc          ] GC(213) Concurrent Mark Cycle
[2024-12-04T16:40:45.318+0700][4,467s][info   ][gc,marking  ] GC(213) Concurrent Clear Claimed Marks
[2024-12-04T16:40:45.318+0700][4,467s][info   ][gc,marking  ] GC(213) Concurrent Clear Claimed Marks 0,026ms
[2024-12-04T16:40:45.318+0700][4,467s][info   ][gc,marking  ] GC(213) Concurrent Scan Root Regions
[2024-12-04T16:40:45.318+0700][4,467s][info   ][gc,marking  ] GC(213) Concurrent Scan Root Regions 0,004ms
[2024-12-04T16:40:45.318+0700][4,467s][info   ][gc,marking  ] GC(213) Concurrent Mark
[2024-12-04T16:40:45.318+0700][4,467s][info   ][gc,marking  ] GC(213) Concurrent Mark From Roots
[2024-12-04T16:40:45.318+0700][4,467s][info   ][gc,task     ] GC(213) Using 2 workers of 2 for marking
[2024-12-04T16:40:45.321+0700][4,470s][info   ][gc,marking  ] GC(213) Concurrent Mark From Roots 3,253ms
[2024-12-04T16:40:45.321+0700][4,470s][info   ][gc,marking  ] GC(213) Concurrent Preclean
[2024-12-04T16:40:45.321+0700][4,470s][info   ][gc,marking  ] GC(213) Concurrent Preclean 0,049ms
[2024-12-04T16:40:45.322+0700][4,470s][info   ][gc,start    ] GC(213) Pause Remark
[2024-12-04T16:40:45.322+0700][4,471s][info   ][gc          ] GC(213) Pause Remark 738M->738M(1621M) 0,666ms
[2024-12-04T16:40:45.322+0700][4,471s][info   ][gc,cpu      ] GC(213) User=0,00s Sys=0,00s Real=0,00s
[2024-12-04T16:40:45.322+0700][4,471s][info   ][gc,marking  ] GC(213) Concurrent Mark 4,109ms
[2024-12-04T16:40:45.322+0700][4,471s][info   ][gc,marking  ] GC(213) Concurrent Rebuild Remembered Sets
[2024-12-04T16:40:45.324+0700][4,472s][info   ][gc,marking  ] GC(213) Concurrent Rebuild Remembered Sets 1,298ms
[2024-12-04T16:40:45.324+0700][4,473s][info   ][gc,start    ] GC(213) Pause Cleanup
[2024-12-04T16:40:45.324+0700][4,473s][info   ][gc          ] GC(213) Pause Cleanup 738M->738M(1621M) 0,193ms
[2024-12-04T16:40:45.324+0700][4,473s][info   ][gc,cpu      ] GC(213) User=0,00s Sys=0,00s Real=0,00s
[2024-12-04T16:40:45.324+0700][4,473s][info   ][gc,marking  ] GC(213) Concurrent Cleanup for Next Mark
[2024-12-04T16:40:45.327+0700][4,475s][info   ][gc,marking  ] GC(213) Concurrent Cleanup for Next Mark 2,701ms
[2024-12-04T16:40:45.327+0700][4,475s][info   ][gc          ] GC(213) Concurrent Mark Cycle 8,542ms
[2024-12-04T16:40:45.330+0700][4,479s][info   ][gc,start    ] GC(214) Pause Young (Concurrent Start) (G1 Humongous Allocation)
[2024-12-04T16:40:45.330+0700][4,479s][info   ][gc,task     ] GC(214) Using 8 workers of 8 for evacuation
[2024-12-04T16:40:45.331+0700][4,480s][info   ][gc,phases   ] GC(214)   Pre Evacuate Collection Set: 0,2ms
[2024-12-04T16:40:45.331+0700][4,480s][info   ][gc,phases   ] GC(214)   Merge Heap Roots: 0,2ms
[2024-12-04T16:40:45.331+0700][4,480s][info   ][gc,phases   ] GC(214)   Evacuate Collection Set: 0,3ms
[2024-12-04T16:40:45.331+0700][4,480s][info   ][gc,phases   ] GC(214)   Post Evacuate Collection Set: 0,1ms
[2024-12-04T16:40:45.331+0700][4,480s][info   ][gc,phases   ] GC(214)   Other: 0,2ms
[2024-12-04T16:40:45.331+0700][4,480s][info   ][gc,heap     ] GC(214) Eden regions: 1->0(716)
[2024-12-04T16:40:45.331+0700][4,480s][info   ][gc,heap     ] GC(214) Survivor regions: 0->0(90)
[2024-12-04T16:40:45.331+0700][4,480s][info   ][gc,heap     ] GC(214) Old regions: 3->3
[2024-12-04T16:40:45.331+0700][4,480s][info   ][gc,heap     ] GC(214) Archive regions: 2->2
[2024-12-04T16:40:45.331+0700][4,480s][info   ][gc,heap     ] GC(214) Humongous regions: 736->736
[2024-12-04T16:40:45.331+0700][4,480s][info   ][gc,metaspace] GC(214) Metaspace: 5776K(6016K)->5776K(6016K) NonClass: 5114K(5248K)->5114K(5248K) Class: 661K(768K)->661K(768K)
[2024-12-04T16:40:45.331+0700][4,480s][info   ][gc          ] GC(214) Pause Young (Concurrent Start) (G1 Humongous Allocation) 739M->739M(1621M) 1,042ms
[2024-12-04T16:40:45.331+0700][4,480s][info   ][gc,cpu      ] GC(214) User=0,00s Sys=0,00s Real=0,00s
[2024-12-04T16:40:45.331+0700][4,480s][info   ][gc          ] GC(215) Concurrent Mark Cycle
[2024-12-04T16:40:45.331+0700][4,480s][info   ][gc,marking  ] GC(215) Concurrent Clear Claimed Marks
[2024-12-04T16:40:45.331+0700][4,480s][info   ][gc,marking  ] GC(215) Concurrent Clear Claimed Marks 0,008ms
[2024-12-04T16:40:45.331+0700][4,480s][info   ][gc,marking  ] GC(215) Concurrent Scan Root Regions
[2024-12-04T16:40:45.331+0700][4,480s][info   ][gc,marking  ] GC(215) Concurrent Scan Root Regions 0,004ms
[2024-12-04T16:40:45.331+0700][4,480s][info   ][gc,marking  ] GC(215) Concurrent Mark
[2024-12-04T16:40:45.331+0700][4,480s][info   ][gc,marking  ] GC(215) Concurrent Mark From Roots
[2024-12-04T16:40:45.331+0700][4,480s][info   ][gc,task     ] GC(215) Using 2 workers of 2 for marking
[2024-12-04T16:40:45.334+0700][4,483s][info   ][gc,marking  ] GC(215) Concurrent Mark From Roots 2,879ms
[2024-12-04T16:40:45.334+0700][4,483s][info   ][gc,marking  ] GC(215) Concurrent Preclean
[2024-12-04T16:40:45.334+0700][4,483s][info   ][gc,marking  ] GC(215) Concurrent Preclean 0,051ms
[2024-12-04T16:40:45.334+0700][4,483s][info   ][gc,start    ] GC(215) Pause Remark
[2024-12-04T16:40:45.335+0700][4,483s][info   ][gc          ] GC(215) Pause Remark 740M->740M(1621M) 0,678ms
[2024-12-04T16:40:45.335+0700][4,484s][info   ][gc,cpu      ] GC(215) User=0,00s Sys=0,00s Real=0,00s
[2024-12-04T16:40:45.335+0700][4,484s][info   ][gc,marking  ] GC(215) Concurrent Mark 3,740ms
[2024-12-04T16:40:45.335+0700][4,484s][info   ][gc,marking  ] GC(215) Concurrent Rebuild Remembered Sets
[2024-12-04T16:40:45.336+0700][4,485s][info   ][gc,marking  ] GC(215) Concurrent Rebuild Remembered Sets 1,164ms
[2024-12-04T16:40:45.336+0700][4,485s][info   ][gc,start    ] GC(215) Pause Cleanup
[2024-12-04T16:40:45.336+0700][4,485s][info   ][gc          ] GC(215) Pause Cleanup 740M->740M(1621M) 0,115ms
[2024-12-04T16:40:45.336+0700][4,485s][info   ][gc,cpu      ] GC(215) User=0,00s Sys=0,00s Real=0,00s
[2024-12-04T16:40:45.336+0700][4,485s][info   ][gc,marking  ] GC(215) Concurrent Cleanup for Next Mark
[2024-12-04T16:40:45.339+0700][4,488s][info   ][gc,marking  ] GC(215) Concurrent Cleanup for Next Mark 2,775ms
[2024-12-04T16:40:45.339+0700][4,488s][info   ][gc          ] GC(215) Concurrent Mark Cycle 7,996ms
[2024-12-04T16:40:45.343+0700][4,492s][info   ][gc,start    ] GC(216) Pause Young (Concurrent Start) (G1 Humongous Allocation)
[2024-12-04T16:40:45.343+0700][4,492s][info   ][gc,task     ] GC(216) Using 8 workers of 8 for evacuation
[2024-12-04T16:40:45.344+0700][4,493s][info   ][gc,phases   ] GC(216)   Pre Evacuate Collection Set: 0,2ms
[2024-12-04T16:40:45.344+0700][4,493s][info   ][gc,phases   ] GC(216)   Merge Heap Roots: 0,2ms
[2024-12-04T16:40:45.344+0700][4,493s][info   ][gc,phases   ] GC(216)   Evacuate Collection Set: 0,3ms
[2024-12-04T16:40:45.344+0700][4,493s][info   ][gc,phases   ] GC(216)   Post Evacuate Collection Set: 0,1ms
[2024-12-04T16:40:45.344+0700][4,493s][info   ][gc,phases   ] GC(216)   Other: 0,2ms
[2024-12-04T16:40:45.344+0700][4,493s][info   ][gc,heap     ] GC(216) Eden regions: 1->0(714)
[2024-12-04T16:40:45.344+0700][4,493s][info   ][gc,heap     ] GC(216) Survivor regions: 0->0(90)
[2024-12-04T16:40:45.344+0700][4,493s][info   ][gc,heap     ] GC(216) Old regions: 3->3
[2024-12-04T16:40:45.344+0700][4,493s][info   ][gc,heap     ] GC(216) Archive regions: 2->2
[2024-12-04T16:40:45.344+0700][4,493s][info   ][gc,heap     ] GC(216) Humongous regions: 738->738
[2024-12-04T16:40:45.344+0700][4,493s][info   ][gc,metaspace] GC(216) Metaspace: 5776K(6016K)->5776K(6016K) NonClass: 5114K(5248K)->5114K(5248K) Class: 661K(768K)->661K(768K)
[2024-12-04T16:40:45.344+0700][4,493s][info   ][gc          ] GC(216) Pause Young (Concurrent Start) (G1 Humongous Allocation) 741M->741M(1621M) 1,116ms
[2024-12-04T16:40:45.344+0700][4,493s][info   ][gc,cpu      ] GC(216) User=0,00s Sys=0,00s Real=0,01s
[2024-12-04T16:40:45.344+0700][4,493s][info   ][gc          ] GC(217) Concurrent Mark Cycle
[2024-12-04T16:40:45.344+0700][4,493s][info   ][gc,marking  ] GC(217) Concurrent Clear Claimed Marks
[2024-12-04T16:40:45.344+0700][4,493s][info   ][gc,marking  ] GC(217) Concurrent Clear Claimed Marks 0,026ms
[2024-12-04T16:40:45.344+0700][4,493s][info   ][gc,marking  ] GC(217) Concurrent Scan Root Regions
[2024-12-04T16:40:45.344+0700][4,493s][info   ][gc,marking  ] GC(217) Concurrent Scan Root Regions 0,006ms
[2024-12-04T16:40:45.344+0700][4,493s][info   ][gc,marking  ] GC(217) Concurrent Mark
[2024-12-04T16:40:45.344+0700][4,493s][info   ][gc,marking  ] GC(217) Concurrent Mark From Roots
[2024-12-04T16:40:45.344+0700][4,493s][info   ][gc,task     ] GC(217) Using 2 workers of 2 for marking
[2024-12-04T16:40:45.347+0700][4,496s][info   ][gc,marking  ] GC(217) Concurrent Mark From Roots 3,003ms
[2024-12-04T16:40:45.347+0700][4,496s][info   ][gc,marking  ] GC(217) Concurrent Preclean
[2024-12-04T16:40:45.347+0700][4,496s][info   ][gc,marking  ] GC(217) Concurrent Preclean 0,043ms
[2024-12-04T16:40:45.347+0700][4,496s][info   ][gc,start    ] GC(217) Pause Remark
[2024-12-04T16:40:45.348+0700][4,497s][info   ][gc          ] GC(217) Pause Remark 742M->742M(1621M) 0,584ms
[2024-12-04T16:40:45.348+0700][4,497s][info   ][gc,cpu      ] GC(217) User=0,00s Sys=0,00s Real=0,00s
[2024-12-04T16:40:45.348+0700][4,497s][info   ][gc,marking  ] GC(217) Concurrent Mark 3,731ms
[2024-12-04T16:40:45.348+0700][4,497s][info   ][gc,marking  ] GC(217) Concurrent Rebuild Remembered Sets
[2024-12-04T16:40:45.350+0700][4,498s][info   ][gc,marking  ] GC(217) Concurrent Rebuild Remembered Sets 1,621ms
[2024-12-04T16:40:45.350+0700][4,498s][info   ][gc,start    ] GC(217) Pause Cleanup
[2024-12-04T16:40:45.350+0700][4,499s][info   ][gc          ] GC(217) Pause Cleanup 742M->742M(1621M) 0,244ms
[2024-12-04T16:40:45.350+0700][4,499s][info   ][gc,cpu      ] GC(217) User=0,00s Sys=0,00s Real=0,00s
[2024-12-04T16:40:45.350+0700][4,499s][info   ][gc,marking  ] GC(217) Concurrent Cleanup for Next Mark
[2024-12-04T16:40:45.353+0700][4,502s][info   ][gc,marking  ] GC(217) Concurrent Cleanup for Next Mark 3,569ms
[2024-12-04T16:40:45.353+0700][4,502s][info   ][gc          ] GC(217) Concurrent Mark Cycle 9,416ms
[2024-12-04T16:40:45.356+0700][4,505s][info   ][gc,start    ] GC(218) Pause Young (Concurrent Start) (G1 Humongous Allocation)
[2024-12-04T16:40:45.356+0700][4,505s][info   ][gc,task     ] GC(218) Using 8 workers of 8 for evacuation
[2024-12-04T16:40:45.358+0700][4,507s][info   ][gc,phases   ] GC(218)   Pre Evacuate Collection Set: 0,2ms
[2024-12-04T16:40:45.358+0700][4,507s][info   ][gc,phases   ] GC(218)   Merge Heap Roots: 0,2ms
[2024-12-04T16:40:45.358+0700][4,507s][info   ][gc,phases   ] GC(218)   Evacuate Collection Set: 0,7ms
[2024-12-04T16:40:45.358+0700][4,507s][info   ][gc,phases   ] GC(218)   Post Evacuate Collection Set: 0,8ms
[2024-12-04T16:40:45.358+0700][4,507s][info   ][gc,phases   ] GC(218)   Other: 0,2ms
[2024-12-04T16:40:45.358+0700][4,507s][info   ][gc,heap     ] GC(218) Eden regions: 1->0(771)
[2024-12-04T16:40:45.358+0700][4,507s][info   ][gc,heap     ] GC(218) Survivor regions: 0->0(90)
[2024-12-04T16:40:45.358+0700][4,507s][info   ][gc,heap     ] GC(218) Old regions: 3->3
[2024-12-04T16:40:45.358+0700][4,507s][info   ][gc,heap     ] GC(218) Archive regions: 2->2
[2024-12-04T16:40:45.358+0700][4,507s][info   ][gc,heap     ] GC(218) Humongous regions: 740->740
[2024-12-04T16:40:45.358+0700][4,507s][info   ][gc,metaspace] GC(218) Metaspace: 5776K(6016K)->5776K(6016K) NonClass: 5114K(5248K)->5114K(5248K) Class: 661K(768K)->661K(768K)
[2024-12-04T16:40:45.358+0700][4,507s][info   ][gc          ] GC(218) Pause Young (Concurrent Start) (G1 Humongous Allocation) 743M->743M(1686M) 2,212ms
[2024-12-04T16:40:45.358+0700][4,507s][info   ][gc,cpu      ] GC(218) User=0,00s Sys=0,00s Real=0,00s
[2024-12-04T16:40:45.358+0700][4,507s][info   ][gc          ] GC(219) Concurrent Undo Cycle
[2024-12-04T16:40:45.358+0700][4,507s][info   ][gc,marking  ] GC(219) Concurrent Cleanup for Next Mark
[2024-12-04T16:40:45.361+0700][4,510s][info   ][gc,marking  ] GC(219) Concurrent Cleanup for Next Mark 2,708ms
[2024-12-04T16:40:45.361+0700][4,510s][info   ][gc          ] GC(219) Concurrent Undo Cycle 2,775ms
[2024-12-04T16:40:45.434+0700][4,583s][info   ][gc,start    ] GC(220) Pause Young (Concurrent Start) (G1 Humongous Allocation)
[2024-12-04T16:40:45.434+0700][4,583s][info   ][gc,task     ] GC(220) Using 8 workers of 8 for evacuation
[2024-12-04T16:40:45.435+0700][4,584s][info   ][gc,phases   ] GC(220)   Pre Evacuate Collection Set: 0,3ms
[2024-12-04T16:40:45.435+0700][4,584s][info   ][gc,phases   ] GC(220)   Merge Heap Roots: 0,1ms
[2024-12-04T16:40:45.435+0700][4,584s][info   ][gc,phases   ] GC(220)   Evacuate Collection Set: 0,5ms
[2024-12-04T16:40:45.435+0700][4,584s][info   ][gc,phases   ] GC(220)   Post Evacuate Collection Set: 0,2ms
[2024-12-04T16:40:45.435+0700][4,584s][info   ][gc,phases   ] GC(220)   Other: 0,3ms
[2024-12-04T16:40:45.435+0700][4,584s][info   ][gc,heap     ] GC(220) Eden regions: 2->0(757)
[2024-12-04T16:40:45.435+0700][4,584s][info   ][gc,heap     ] GC(220) Survivor regions: 0->1(97)
[2024-12-04T16:40:45.435+0700][4,584s][info   ][gc,heap     ] GC(220) Old regions: 3->3
[2024-12-04T16:40:45.435+0700][4,584s][info   ][gc,heap     ] GC(220) Archive regions: 2->2
[2024-12-04T16:40:45.435+0700][4,584s][info   ][gc,heap     ] GC(220) Humongous regions: 753->753
[2024-12-04T16:40:45.435+0700][4,584s][info   ][gc,metaspace] GC(220) Metaspace: 5789K(6016K)->5789K(6016K) NonClass: 5127K(5248K)->5127K(5248K) Class: 661K(768K)->661K(768K)
[2024-12-04T16:40:45.436+0700][4,584s][info   ][gc          ] GC(220) Pause Young (Concurrent Start) (G1 Humongous Allocation) 757M->756M(1686M) 1,572ms
[2024-12-04T16:40:45.436+0700][4,584s][info   ][gc,cpu      ] GC(220) User=0,01s Sys=0,00s Real=0,00s
[2024-12-04T16:40:45.436+0700][4,584s][info   ][gc          ] GC(221) Concurrent Undo Cycle
[2024-12-04T16:40:45.436+0700][4,585s][info   ][gc,marking  ] GC(221) Concurrent Cleanup for Next Mark
[2024-12-04T16:40:45.439+0700][4,588s][info   ][gc,marking  ] GC(221) Concurrent Cleanup for Next Mark 3,733ms
[2024-12-04T16:40:45.439+0700][4,588s][info   ][gc          ] GC(221) Concurrent Undo Cycle 3,872ms
[2024-12-04T16:40:45.443+0700][4,592s][info   ][gc,start    ] GC(222) Pause Young (Concurrent Start) (G1 Humongous Allocation)
[2024-12-04T16:40:45.443+0700][4,592s][info   ][gc,task     ] GC(222) Using 8 workers of 8 for evacuation
[2024-12-04T16:40:45.444+0700][4,593s][info   ][gc,phases   ] GC(222)   Pre Evacuate Collection Set: 0,2ms
[2024-12-04T16:40:45.444+0700][4,593s][info   ][gc,phases   ] GC(222)   Merge Heap Roots: 0,1ms
[2024-12-04T16:40:45.444+0700][4,593s][info   ][gc,phases   ] GC(222)   Evacuate Collection Set: 0,4ms
[2024-12-04T16:40:45.444+0700][4,593s][info   ][gc,phases   ] GC(222)   Post Evacuate Collection Set: 0,2ms
[2024-12-04T16:40:45.444+0700][4,593s][info   ][gc,phases   ] GC(222)   Other: 0,3ms
[2024-12-04T16:40:45.444+0700][4,593s][info   ][gc,heap     ] GC(222) Eden regions: 1->0(756)
[2024-12-04T16:40:45.444+0700][4,593s][info   ][gc,heap     ] GC(222) Survivor regions: 1->1(95)
[2024-12-04T16:40:45.444+0700][4,593s][info   ][gc,heap     ] GC(222) Old regions: 3->3
[2024-12-04T16:40:45.444+0700][4,593s][info   ][gc,heap     ] GC(222) Archive regions: 2->2
[2024-12-04T16:40:45.444+0700][4,593s][info   ][gc,heap     ] GC(222) Humongous regions: 754->754
[2024-12-04T16:40:45.444+0700][4,593s][info   ][gc,metaspace] GC(222) Metaspace: 5789K(6016K)->5789K(6016K) NonClass: 5127K(5248K)->5127K(5248K) Class: 661K(768K)->661K(768K)
[2024-12-04T16:40:45.444+0700][4,593s][info   ][gc          ] GC(222) Pause Young (Concurrent Start) (G1 Humongous Allocation) 757M->757M(1686M) 1,387ms
[2024-12-04T16:40:45.444+0700][4,593s][info   ][gc,cpu      ] GC(222) User=0,00s Sys=0,01s Real=0,01s
[2024-12-04T16:40:45.444+0700][4,593s][info   ][gc          ] GC(223) Concurrent Mark Cycle
[2024-12-04T16:40:45.444+0700][4,593s][info   ][gc,marking  ] GC(223) Concurrent Clear Claimed Marks
[2024-12-04T16:40:45.444+0700][4,593s][info   ][gc,marking  ] GC(223) Concurrent Clear Claimed Marks 0,021ms
[2024-12-04T16:40:45.445+0700][4,593s][info   ][gc,marking  ] GC(223) Concurrent Scan Root Regions
[2024-12-04T16:40:45.445+0700][4,593s][info   ][gc,marking  ] GC(223) Concurrent Scan Root Regions 0,088ms
[2024-12-04T16:40:45.445+0700][4,593s][info   ][gc,marking  ] GC(223) Concurrent Mark
[2024-12-04T16:40:45.445+0700][4,593s][info   ][gc,marking  ] GC(223) Concurrent Mark From Roots
[2024-12-04T16:40:45.445+0700][4,594s][info   ][gc,task     ] GC(223) Using 2 workers of 2 for marking
[2024-12-04T16:40:45.451+0700][4,600s][info   ][gc,marking  ] GC(223) Concurrent Mark From Roots 6,733ms
[2024-12-04T16:40:45.451+0700][4,600s][info   ][gc,marking  ] GC(223) Concurrent Preclean
[2024-12-04T16:40:45.452+0700][4,600s][info   ][gc,marking  ] GC(223) Concurrent Preclean 0,154ms
[2024-12-04T16:40:45.452+0700][4,601s][info   ][gc,start    ] GC(223) Pause Remark
[2024-12-04T16:40:45.455+0700][4,603s][info   ][gc          ] GC(223) Pause Remark 759M->759M(1686M) 2,793ms
[2024-12-04T16:40:45.455+0700][4,604s][info   ][gc,cpu      ] GC(223) User=0,00s Sys=0,00s Real=0,01s
[2024-12-04T16:40:45.455+0700][4,604s][info   ][gc,marking  ] GC(223) Concurrent Mark 10,079ms
[2024-12-04T16:40:45.455+0700][4,604s][info   ][gc,marking  ] GC(223) Concurrent Rebuild Remembered Sets
[2024-12-04T16:40:45.458+0700][4,607s][info   ][gc,marking  ] GC(223) Concurrent Rebuild Remembered Sets 3,566ms
[2024-12-04T16:40:45.458+0700][4,607s][info   ][gc,start    ] GC(223) Pause Cleanup
[2024-12-04T16:40:45.459+0700][4,608s][info   ][gc          ] GC(223) Pause Cleanup 759M->759M(1686M) 0,556ms
[2024-12-04T16:40:45.459+0700][4,608s][info   ][gc,cpu      ] GC(223) User=0,00s Sys=0,00s Real=0,00s
[2024-12-04T16:40:45.459+0700][4,608s][info   ][gc,marking  ] GC(223) Concurrent Cleanup for Next Mark
[2024-12-04T16:40:45.465+0700][4,613s][info   ][gc,marking  ] GC(223) Concurrent Cleanup for Next Mark 5,447ms
[2024-12-04T16:40:45.465+0700][4,614s][info   ][gc          ] GC(223) Concurrent Mark Cycle 20,204ms
[2024-12-04T16:40:45.467+0700][4,615s][info   ][gc,start    ] GC(224) Pause Young (Concurrent Start) (G1 Humongous Allocation)
[2024-12-04T16:40:45.467+0700][4,615s][info   ][gc,task     ] GC(224) Using 8 workers of 8 for evacuation
[2024-12-04T16:40:45.468+0700][4,617s][info   ][gc,phases   ] GC(224)   Pre Evacuate Collection Set: 0,3ms
[2024-12-04T16:40:45.468+0700][4,617s][info   ][gc,phases   ] GC(224)   Merge Heap Roots: 0,3ms
[2024-12-04T16:40:45.468+0700][4,617s][info   ][gc,phases   ] GC(224)   Evacuate Collection Set: 0,5ms
[2024-12-04T16:40:45.468+0700][4,617s][info   ][gc,phases   ] GC(224)   Post Evacuate Collection Set: 0,2ms
[2024-12-04T16:40:45.468+0700][4,617s][info   ][gc,phases   ] GC(224)   Other: 0,3ms
[2024-12-04T16:40:45.468+0700][4,617s][info   ][gc,heap     ] GC(224) Eden regions: 1->0(753)
[2024-12-04T16:40:45.468+0700][4,617s][info   ][gc,heap     ] GC(224) Survivor regions: 1->1(95)
[2024-12-04T16:40:45.468+0700][4,617s][info   ][gc,heap     ] GC(224) Old regions: 3->3
[2024-12-04T16:40:45.468+0700][4,617s][info   ][gc,heap     ] GC(224) Archive regions: 2->2
[2024-12-04T16:40:45.468+0700][4,617s][info   ][gc,heap     ] GC(224) Humongous regions: 757->757
[2024-12-04T16:40:45.468+0700][4,617s][info   ][gc,metaspace] GC(224) Metaspace: 5789K(6016K)->5789K(6016K) NonClass: 5127K(5248K)->5127K(5248K) Class: 661K(768K)->661K(768K)
[2024-12-04T16:40:45.468+0700][4,617s][info   ][gc          ] GC(224) Pause Young (Concurrent Start) (G1 Humongous Allocation) 760M->760M(1686M) 1,890ms
[2024-12-04T16:40:45.468+0700][4,617s][info   ][gc,cpu      ] GC(224) User=0,00s Sys=0,00s Real=0,00s
[2024-12-04T16:40:45.468+0700][4,617s][info   ][gc          ] GC(225) Concurrent Mark Cycle
[2024-12-04T16:40:45.469+0700][4,617s][info   ][gc,marking  ] GC(225) Concurrent Clear Claimed Marks
[2024-12-04T16:40:45.469+0700][4,617s][info   ][gc,marking  ] GC(225) Concurrent Clear Claimed Marks 0,025ms
[2024-12-04T16:40:45.469+0700][4,617s][info   ][gc,marking  ] GC(225) Concurrent Scan Root Regions
[2024-12-04T16:40:45.469+0700][4,618s][info   ][gc,marking  ] GC(225) Concurrent Scan Root Regions 0,137ms
[2024-12-04T16:40:45.469+0700][4,618s][info   ][gc,marking  ] GC(225) Concurrent Mark
[2024-12-04T16:40:45.469+0700][4,618s][info   ][gc,marking  ] GC(225) Concurrent Mark From Roots
[2024-12-04T16:40:45.469+0700][4,618s][info   ][gc,task     ] GC(225) Using 2 workers of 2 for marking
[2024-12-04T16:40:45.476+0700][4,625s][info   ][gc,marking  ] GC(225) Concurrent Mark From Roots 7,093ms
[2024-12-04T16:40:45.476+0700][4,625s][info   ][gc,marking  ] GC(225) Concurrent Preclean
[2024-12-04T16:40:45.476+0700][4,625s][info   ][gc,marking  ] GC(225) Concurrent Preclean 0,138ms
[2024-12-04T16:40:45.476+0700][4,625s][info   ][gc,start    ] GC(225) Pause Remark
[2024-12-04T16:40:45.478+0700][4,626s][info   ][gc          ] GC(225) Pause Remark 762M->762M(1686M) 1,405ms
[2024-12-04T16:40:45.478+0700][4,626s][info   ][gc,cpu      ] GC(225) User=0,00s Sys=0,00s Real=0,00s
[2024-12-04T16:40:45.478+0700][4,627s][info   ][gc,marking  ] GC(225) Concurrent Mark 8,952ms
[2024-12-04T16:40:45.478+0700][4,627s][info   ][gc,marking  ] GC(225) Concurrent Rebuild Remembered Sets
[2024-12-04T16:40:45.481+0700][4,630s][info   ][gc,marking  ] GC(225) Concurrent Rebuild Remembered Sets 3,076ms
[2024-12-04T16:40:45.482+0700][4,631s][info   ][gc,start    ] GC(225) Pause Cleanup
[2024-12-04T16:40:45.482+0700][4,631s][info   ][gc          ] GC(225) Pause Cleanup 763M->763M(1686M) 0,375ms
[2024-12-04T16:40:45.482+0700][4,631s][info   ][gc,cpu      ] GC(225) User=0,00s Sys=0,00s Real=0,00s
[2024-12-04T16:40:45.482+0700][4,631s][info   ][gc,marking  ] GC(225) Concurrent Cleanup for Next Mark
[2024-12-04T16:40:45.487+0700][4,636s][info   ][gc,marking  ] GC(225) Concurrent Cleanup for Next Mark 4,278ms
[2024-12-04T16:40:45.487+0700][4,636s][info   ][gc          ] GC(225) Concurrent Mark Cycle 18,276ms
[2024-12-04T16:40:45.488+0700][4,637s][info   ][gc,start    ] GC(226) Pause Young (Concurrent Start) (G1 Humongous Allocation)
[2024-12-04T16:40:45.488+0700][4,637s][info   ][gc,task     ] GC(226) Using 8 workers of 8 for evacuation
[2024-12-04T16:40:45.490+0700][4,639s][info   ][gc,phases   ] GC(226)   Pre Evacuate Collection Set: 0,3ms
[2024-12-04T16:40:45.490+0700][4,639s][info   ][gc,phases   ] GC(226)   Merge Heap Roots: 0,4ms
[2024-12-04T16:40:45.490+0700][4,639s][info   ][gc,phases   ] GC(226)   Evacuate Collection Set: 0,7ms
[2024-12-04T16:40:45.490+0700][4,639s][info   ][gc,phases   ] GC(226)   Post Evacuate Collection Set: 0,3ms
[2024-12-04T16:40:45.490+0700][4,639s][info   ][gc,phases   ] GC(226)   Other: 0,4ms
[2024-12-04T16:40:45.490+0700][4,639s][info   ][gc,heap     ] GC(226) Eden regions: 1->0(750)
[2024-12-04T16:40:45.490+0700][4,639s][info   ][gc,heap     ] GC(226) Survivor regions: 1->1(95)
[2024-12-04T16:40:45.490+0700][4,639s][info   ][gc,heap     ] GC(226) Old regions: 3->3
[2024-12-04T16:40:45.490+0700][4,639s][info   ][gc,heap     ] GC(226) Archive regions: 2->2
[2024-12-04T16:40:45.490+0700][4,639s][info   ][gc,heap     ] GC(226) Humongous regions: 760->760
[2024-12-04T16:40:45.490+0700][4,639s][info   ][gc,metaspace] GC(226) Metaspace: 5789K(6016K)->5789K(6016K) NonClass: 5127K(5248K)->5127K(5248K) Class: 661K(768K)->661K(768K)
[2024-12-04T16:40:45.490+0700][4,639s][info   ][gc          ] GC(226) Pause Young (Concurrent Start) (G1 Humongous Allocation) 763M->763M(1686M) 2,395ms
[2024-12-04T16:40:45.490+0700][4,639s][info   ][gc,cpu      ] GC(226) User=0,00s Sys=0,00s Real=0,00s
[2024-12-04T16:40:45.490+0700][4,639s][info   ][gc          ] GC(227) Concurrent Mark Cycle
[2024-12-04T16:40:45.490+0700][4,639s][info   ][gc,marking  ] GC(227) Concurrent Clear Claimed Marks
[2024-12-04T16:40:45.490+0700][4,639s][info   ][gc,marking  ] GC(227) Concurrent Clear Claimed Marks 0,033ms
[2024-12-04T16:40:45.490+0700][4,639s][info   ][gc,marking  ] GC(227) Concurrent Scan Root Regions
[2024-12-04T16:40:45.490+0700][4,639s][info   ][gc,marking  ] GC(227) Concurrent Scan Root Regions 0,097ms
[2024-12-04T16:40:45.490+0700][4,639s][info   ][gc,marking  ] GC(227) Concurrent Mark
[2024-12-04T16:40:45.490+0700][4,639s][info   ][gc,marking  ] GC(227) Concurrent Mark From Roots
[2024-12-04T16:40:45.490+0700][4,639s][info   ][gc,task     ] GC(227) Using 2 workers of 2 for marking
[2024-12-04T16:40:45.498+0700][4,647s][info   ][gc,marking  ] GC(227) Concurrent Mark From Roots 7,482ms
[2024-12-04T16:40:45.498+0700][4,647s][info   ][gc,marking  ] GC(227) Concurrent Preclean
[2024-12-04T16:40:45.498+0700][4,647s][info   ][gc,marking  ] GC(227) Concurrent Preclean 0,160ms
[2024-12-04T16:40:45.498+0700][4,647s][info   ][gc,start    ] GC(227) Pause Remark
[2024-12-04T16:40:45.500+0700][4,649s][info   ][gc          ] GC(227) Pause Remark 765M->765M(1686M) 1,562ms
[2024-12-04T16:40:45.500+0700][4,649s][info   ][gc,cpu      ] GC(227) User=0,00s Sys=0,00s Real=0,00s
[2024-12-04T16:40:45.500+0700][4,649s][info   ][gc,marking  ] GC(227) Concurrent Mark 9,590ms
[2024-12-04T16:40:45.500+0700][4,649s][info   ][gc,marking  ] GC(227) Concurrent Rebuild Remembered Sets
[2024-12-04T16:40:45.503+0700][4,652s][info   ][gc,marking  ] GC(227) Concurrent Rebuild Remembered Sets 2,988ms
[2024-12-04T16:40:45.504+0700][4,652s][info   ][gc,start    ] GC(227) Pause Cleanup
[2024-12-04T16:40:45.504+0700][4,653s][info   ][gc          ] GC(227) Pause Cleanup 766M->766M(1686M) 0,474ms
[2024-12-04T16:40:45.504+0700][4,653s][info   ][gc,cpu      ] GC(227) User=0,00s Sys=0,00s Real=0,00s
[2024-12-04T16:40:45.504+0700][4,653s][info   ][gc,marking  ] GC(227) Concurrent Cleanup for Next Mark
[2024-12-04T16:40:45.509+0700][4,658s][info   ][gc,marking  ] GC(227) Concurrent Cleanup for Next Mark 4,756ms
[2024-12-04T16:40:45.509+0700][4,658s][info   ][gc          ] GC(227) Concurrent Mark Cycle 18,831ms
[2024-12-04T16:40:45.509+0700][4,658s][info   ][gc,start    ] GC(228) Pause Young (Concurrent Start) (G1 Humongous Allocation)
[2024-12-04T16:40:45.509+0700][4,658s][info   ][gc,task     ] GC(228) Using 8 workers of 8 for evacuation
[2024-12-04T16:40:45.513+0700][4,662s][info   ][gc,phases   ] GC(228)   Pre Evacuate Collection Set: 0,4ms
[2024-12-04T16:40:45.514+0700][4,662s][info   ][gc,phases   ] GC(228)   Merge Heap Roots: 0,4ms
[2024-12-04T16:40:45.514+0700][4,662s][info   ][gc,phases   ] GC(228)   Evacuate Collection Set: 2,8ms
[2024-12-04T16:40:45.514+0700][4,662s][info   ][gc,phases   ] GC(228)   Post Evacuate Collection Set: 0,2ms
[2024-12-04T16:40:45.514+0700][4,662s][info   ][gc,phases   ] GC(228)   Other: 0,4ms
[2024-12-04T16:40:45.514+0700][4,662s][info   ][gc,heap     ] GC(228) Eden regions: 1->0(747)
[2024-12-04T16:40:45.514+0700][4,663s][info   ][gc,heap     ] GC(228) Survivor regions: 1->1(94)
[2024-12-04T16:40:45.514+0700][4,663s][info   ][gc,heap     ] GC(228) Old regions: 3->3
[2024-12-04T16:40:45.514+0700][4,663s][info   ][gc,heap     ] GC(228) Archive regions: 2->2
[2024-12-04T16:40:45.514+0700][4,663s][info   ][gc,heap     ] GC(228) Humongous regions: 763->763
[2024-12-04T16:40:45.514+0700][4,663s][info   ][gc,metaspace] GC(228) Metaspace: 5789K(6016K)->5789K(6016K) NonClass: 5127K(5248K)->5127K(5248K) Class: 661K(768K)->661K(768K)
[2024-12-04T16:40:45.514+0700][4,663s][info   ][gc          ] GC(228) Pause Young (Concurrent Start) (G1 Humongous Allocation) 766M->766M(1686M) 4,434ms
[2024-12-04T16:40:45.514+0700][4,663s][info   ][gc,cpu      ] GC(228) User=0,00s Sys=0,00s Real=0,01s
[2024-12-04T16:40:45.514+0700][4,663s][info   ][gc          ] GC(229) Concurrent Mark Cycle
[2024-12-04T16:40:45.514+0700][4,663s][info   ][gc,marking  ] GC(229) Concurrent Clear Claimed Marks
[2024-12-04T16:40:45.514+0700][4,663s][info   ][gc,marking  ] GC(229) Concurrent Clear Claimed Marks 0,028ms
[2024-12-04T16:40:45.514+0700][4,663s][info   ][gc,marking  ] GC(229) Concurrent Scan Root Regions
[2024-12-04T16:40:45.514+0700][4,663s][info   ][gc,marking  ] GC(229) Concurrent Scan Root Regions 0,105ms
[2024-12-04T16:40:45.514+0700][4,663s][info   ][gc,marking  ] GC(229) Concurrent Mark
[2024-12-04T16:40:45.514+0700][4,663s][info   ][gc,marking  ] GC(229) Concurrent Mark From Roots
[2024-12-04T16:40:45.514+0700][4,663s][info   ][gc,task     ] GC(229) Using 2 workers of 2 for marking
[2024-12-04T16:40:45.519+0700][4,668s][info   ][gc,marking  ] GC(229) Concurrent Mark From Roots 5,231ms
[2024-12-04T16:40:45.519+0700][4,668s][info   ][gc,marking  ] GC(229) Concurrent Preclean
[2024-12-04T16:40:45.519+0700][4,668s][info   ][gc,marking  ] GC(229) Concurrent Preclean 0,092ms
[2024-12-04T16:40:45.519+0700][4,668s][info   ][gc,start    ] GC(229) Pause Remark
[2024-12-04T16:40:45.521+0700][4,669s][info   ][gc          ] GC(229) Pause Remark 767M->767M(1686M) 1,083ms
[2024-12-04T16:40:45.521+0700][4,669s][info   ][gc,cpu      ] GC(229) User=0,01s Sys=0,00s Real=0,00s
[2024-12-04T16:40:45.521+0700][4,669s][info   ][gc,marking  ] GC(229) Concurrent Mark 6,628ms
[2024-12-04T16:40:45.521+0700][4,669s][info   ][gc,marking  ] GC(229) Concurrent Rebuild Remembered Sets
[2024-12-04T16:40:45.523+0700][4,672s][info   ][gc,marking  ] GC(229) Concurrent Rebuild Remembered Sets 2,331ms
[2024-12-04T16:40:45.523+0700][4,672s][info   ][gc,start    ] GC(229) Pause Cleanup
[2024-12-04T16:40:45.523+0700][4,672s][info   ][gc          ] GC(229) Pause Cleanup 768M->768M(1686M) 0,357ms
[2024-12-04T16:40:45.523+0700][4,672s][info   ][gc,cpu      ] GC(229) User=0,00s Sys=0,00s Real=0,01s
[2024-12-04T16:40:45.524+0700][4,672s][info   ][gc,marking  ] GC(229) Concurrent Cleanup for Next Mark
[2024-12-04T16:40:45.528+0700][4,677s][info   ][gc,marking  ] GC(229) Concurrent Cleanup for Next Mark 4,142ms
[2024-12-04T16:40:45.528+0700][4,677s][info   ][gc          ] GC(229) Concurrent Mark Cycle 13,966ms
[2024-12-04T16:40:45.533+0700][4,682s][info   ][gc,start    ] GC(230) Pause Young (Concurrent Start) (G1 Humongous Allocation)
[2024-12-04T16:40:45.533+0700][4,682s][info   ][gc,task     ] GC(230) Using 8 workers of 8 for evacuation
[2024-12-04T16:40:45.535+0700][4,683s][info   ][gc,phases   ] GC(230)   Pre Evacuate Collection Set: 0,2ms
[2024-12-04T16:40:45.535+0700][4,683s][info   ][gc,phases   ] GC(230)   Merge Heap Roots: 0,2ms
[2024-12-04T16:40:45.535+0700][4,683s][info   ][gc,phases   ] GC(230)   Evacuate Collection Set: 0,4ms
[2024-12-04T16:40:45.535+0700][4,683s][info   ][gc,phases   ] GC(230)   Post Evacuate Collection Set: 0,6ms
[2024-12-04T16:40:45.535+0700][4,683s][info   ][gc,phases   ] GC(230)   Other: 0,2ms
[2024-12-04T16:40:45.535+0700][4,683s][info   ][gc,heap     ] GC(230) Eden regions: 1->0(799)
[2024-12-04T16:40:45.535+0700][4,684s][info   ][gc,heap     ] GC(230) Survivor regions: 1->1(94)
[2024-12-04T16:40:45.535+0700][4,684s][info   ][gc,heap     ] GC(230) Old regions: 3->3
[2024-12-04T16:40:45.535+0700][4,684s][info   ][gc,heap     ] GC(230) Archive regions: 2->2
[2024-12-04T16:40:45.535+0700][4,684s][info   ][gc,heap     ] GC(230) Humongous regions: 766->766
[2024-12-04T16:40:45.535+0700][4,684s][info   ][gc,metaspace] GC(230) Metaspace: 5789K(6016K)->5789K(6016K) NonClass: 5127K(5248K)->5127K(5248K) Class: 661K(768K)->661K(768K)
[2024-12-04T16:40:45.535+0700][4,684s][info   ][gc          ] GC(230) Pause Young (Concurrent Start) (G1 Humongous Allocation) 769M->769M(1747M) 1,784ms
[2024-12-04T16:40:45.535+0700][4,684s][info   ][gc,cpu      ] GC(230) User=0,00s Sys=0,00s Real=0,01s
[2024-12-04T16:40:45.535+0700][4,684s][info   ][gc          ] GC(231) Concurrent Undo Cycle
[2024-12-04T16:40:45.535+0700][4,684s][info   ][gc,marking  ] GC(231) Concurrent Cleanup for Next Mark
[2024-12-04T16:40:45.539+0700][4,688s][info   ][gc,marking  ] GC(231) Concurrent Cleanup for Next Mark 3,980ms
[2024-12-04T16:40:45.539+0700][4,688s][info   ][gc          ] GC(231) Concurrent Undo Cycle 4,021ms
[2024-12-04T16:40:45.620+0700][4,769s][info   ][gc,start    ] GC(232) Pause Young (Concurrent Start) (G1 Humongous Allocation)
[2024-12-04T16:40:45.620+0700][4,769s][info   ][gc,task     ] GC(232) Using 8 workers of 8 for evacuation
[2024-12-04T16:40:45.621+0700][4,770s][info   ][gc,phases   ] GC(232)   Pre Evacuate Collection Set: 0,3ms
[2024-12-04T16:40:45.621+0700][4,770s][info   ][gc,phases   ] GC(232)   Merge Heap Roots: 0,1ms
[2024-12-04T16:40:45.621+0700][4,770s][info   ][gc,phases   ] GC(232)   Evacuate Collection Set: 0,4ms
[2024-12-04T16:40:45.621+0700][4,770s][info   ][gc,phases   ] GC(232)   Post Evacuate Collection Set: 0,2ms
[2024-12-04T16:40:45.621+0700][4,770s][info   ][gc,phases   ] GC(232)   Other: 0,3ms
[2024-12-04T16:40:45.621+0700][4,770s][info   ][gc,heap     ] GC(232) Eden regions: 1->0(784)
[2024-12-04T16:40:45.621+0700][4,770s][info   ][gc,heap     ] GC(232) Survivor regions: 1->1(100)
[2024-12-04T16:40:45.621+0700][4,770s][info   ][gc,heap     ] GC(232) Old regions: 3->3
[2024-12-04T16:40:45.621+0700][4,770s][info   ][gc,heap     ] GC(232) Archive regions: 2->2
[2024-12-04T16:40:45.621+0700][4,770s][info   ][gc,heap     ] GC(232) Humongous regions: 781->781
[2024-12-04T16:40:45.621+0700][4,770s][info   ][gc,metaspace] GC(232) Metaspace: 5789K(6016K)->5789K(6016K) NonClass: 5127K(5248K)->5127K(5248K) Class: 661K(768K)->661K(768K)
[2024-12-04T16:40:45.621+0700][4,770s][info   ][gc          ] GC(232) Pause Young (Concurrent Start) (G1 Humongous Allocation) 784M->784M(1747M) 1,459ms
[2024-12-04T16:40:45.621+0700][4,770s][info   ][gc,cpu      ] GC(232) User=0,00s Sys=0,00s Real=0,00s
[2024-12-04T16:40:45.621+0700][4,770s][info   ][gc          ] GC(233) Concurrent Undo Cycle
[2024-12-04T16:40:45.621+0700][4,770s][info   ][gc,marking  ] GC(233) Concurrent Cleanup for Next Mark
[2024-12-04T16:40:45.625+0700][4,774s][info   ][gc,marking  ] GC(233) Concurrent Cleanup for Next Mark 3,780ms
[2024-12-04T16:40:45.625+0700][4,774s][info   ][gc          ] GC(233) Concurrent Undo Cycle 3,880ms
[2024-12-04T16:40:45.627+0700][4,776s][info   ][gc,start    ] GC(234) Pause Young (Concurrent Start) (G1 Humongous Allocation)
[2024-12-04T16:40:45.627+0700][4,776s][info   ][gc,task     ] GC(234) Using 8 workers of 8 for evacuation
[2024-12-04T16:40:45.629+0700][4,777s][info   ][gc,phases   ] GC(234)   Pre Evacuate Collection Set: 0,2ms
[2024-12-04T16:40:45.629+0700][4,777s][info   ][gc,phases   ] GC(234)   Merge Heap Roots: 0,1ms
[2024-12-04T16:40:45.629+0700][4,777s][info   ][gc,phases   ] GC(234)   Evacuate Collection Set: 0,4ms
[2024-12-04T16:40:45.629+0700][4,777s][info   ][gc,phases   ] GC(234)   Post Evacuate Collection Set: 0,2ms
[2024-12-04T16:40:45.629+0700][4,777s][info   ][gc,phases   ] GC(234)   Other: 0,3ms
[2024-12-04T16:40:45.629+0700][4,777s][info   ][gc,heap     ] GC(234) Eden regions: 1->0(783)
[2024-12-04T16:40:45.629+0700][4,778s][info   ][gc,heap     ] GC(234) Survivor regions: 1->1(99)
[2024-12-04T16:40:45.629+0700][4,778s][info   ][gc,heap     ] GC(234) Old regions: 3->3
[2024-12-04T16:40:45.629+0700][4,778s][info   ][gc,heap     ] GC(234) Archive regions: 2->2
[2024-12-04T16:40:45.629+0700][4,778s][info   ][gc,heap     ] GC(234) Humongous regions: 782->782
[2024-12-04T16:40:45.629+0700][4,778s][info   ][gc,metaspace] GC(234) Metaspace: 5789K(6016K)->5789K(6016K) NonClass: 5127K(5248K)->5127K(5248K) Class: 661K(768K)->661K(768K)
[2024-12-04T16:40:45.629+0700][4,778s][info   ][gc          ] GC(234) Pause Young (Concurrent Start) (G1 Humongous Allocation) 785M->785M(1747M) 1,448ms
[2024-12-04T16:40:45.629+0700][4,778s][info   ][gc,cpu      ] GC(234) User=0,00s Sys=0,00s Real=0,00s
[2024-12-04T16:40:45.629+0700][4,778s][info   ][gc          ] GC(235) Concurrent Mark Cycle
[2024-12-04T16:40:45.629+0700][4,778s][info   ][gc,marking  ] GC(235) Concurrent Clear Claimed Marks
[2024-12-04T16:40:45.629+0700][4,778s][info   ][gc,marking  ] GC(235) Concurrent Clear Claimed Marks 0,022ms
[2024-12-04T16:40:45.629+0700][4,778s][info   ][gc,marking  ] GC(235) Concurrent Scan Root Regions
[2024-12-04T16:40:45.629+0700][4,778s][info   ][gc,marking  ] GC(235) Concurrent Scan Root Regions 0,088ms
[2024-12-04T16:40:45.629+0700][4,778s][info   ][gc,marking  ] GC(235) Concurrent Mark
[2024-12-04T16:40:45.629+0700][4,778s][info   ][gc,marking  ] GC(235) Concurrent Mark From Roots
[2024-12-04T16:40:45.629+0700][4,778s][info   ][gc,task     ] GC(235) Using 2 workers of 2 for marking
[2024-12-04T16:40:45.635+0700][4,784s][info   ][gc,marking  ] GC(235) Concurrent Mark From Roots 6,232ms
[2024-12-04T16:40:45.635+0700][4,784s][info   ][gc,marking  ] GC(235) Concurrent Preclean
[2024-12-04T16:40:45.635+0700][4,784s][info   ][gc,marking  ] GC(235) Concurrent Preclean 0,139ms
[2024-12-04T16:40:45.636+0700][4,785s][info   ][gc,start    ] GC(235) Pause Remark
[2024-12-04T16:40:45.637+0700][4,786s][info   ][gc          ] GC(235) Pause Remark 787M->787M(1747M) 0,959ms
[2024-12-04T16:40:45.637+0700][4,786s][info   ][gc,cpu      ] GC(235) User=0,00s Sys=0,00s Real=0,00s
[2024-12-04T16:40:45.637+0700][4,786s][info   ][gc,marking  ] GC(235) Concurrent Mark 7,809ms
[2024-12-04T16:40:45.637+0700][4,786s][info   ][gc,marking  ] GC(235) Concurrent Rebuild Remembered Sets
[2024-12-04T16:40:45.639+0700][4,788s][info   ][gc,marking  ] GC(235) Concurrent Rebuild Remembered Sets 2,507ms
[2024-12-04T16:40:45.639+0700][4,788s][info   ][gc,start    ] GC(235) Pause Cleanup
[2024-12-04T16:40:45.640+0700][4,788s][info   ][gc          ] GC(235) Pause Cleanup 787M->787M(1747M) 0,165ms
[2024-12-04T16:40:45.640+0700][4,788s][info   ][gc,cpu      ] GC(235) User=0,00s Sys=0,00s Real=0,00s
[2024-12-04T16:40:45.640+0700][4,788s][info   ][gc,marking  ] GC(235) Concurrent Cleanup for Next Mark
[2024-12-04T16:40:45.644+0700][4,793s][info   ][gc,marking  ] GC(235) Concurrent Cleanup for Next Mark 4,351ms
[2024-12-04T16:40:45.644+0700][4,793s][info   ][gc          ] GC(235) Concurrent Mark Cycle 15,214ms
[2024-12-04T16:40:45.648+0700][4,797s][info   ][gc,start    ] GC(236) Pause Young (Concurrent Start) (G1 Humongous Allocation)
[2024-12-04T16:40:45.648+0700][4,797s][info   ][gc,task     ] GC(236) Using 8 workers of 8 for evacuation
[2024-12-04T16:40:45.650+0700][4,799s][info   ][gc,phases   ] GC(236)   Pre Evacuate Collection Set: 0,3ms
[2024-12-04T16:40:45.650+0700][4,799s][info   ][gc,phases   ] GC(236)   Merge Heap Roots: 0,4ms
[2024-12-04T16:40:45.650+0700][4,799s][info   ][gc,phases   ] GC(236)   Evacuate Collection Set: 0,6ms
[2024-12-04T16:40:45.650+0700][4,799s][info   ][gc,phases   ] GC(236)   Post Evacuate Collection Set: 0,2ms
[2024-12-04T16:40:45.650+0700][4,799s][info   ][gc,phases   ] GC(236)   Other: 0,3ms
[2024-12-04T16:40:45.650+0700][4,799s][info   ][gc,heap     ] GC(236) Eden regions: 1->0(780)
[2024-12-04T16:40:45.650+0700][4,799s][info   ][gc,heap     ] GC(236) Survivor regions: 1->1(98)
[2024-12-04T16:40:45.650+0700][4,799s][info   ][gc,heap     ] GC(236) Old regions: 3->3
[2024-12-04T16:40:45.650+0700][4,799s][info   ][gc,heap     ] GC(236) Archive regions: 2->2
[2024-12-04T16:40:45.650+0700][4,799s][info   ][gc,heap     ] GC(236) Humongous regions: 785->785
[2024-12-04T16:40:45.650+0700][4,799s][info   ][gc,metaspace] GC(236) Metaspace: 5789K(6016K)->5789K(6016K) NonClass: 5127K(5248K)->5127K(5248K) Class: 661K(768K)->661K(768K)
[2024-12-04T16:40:45.650+0700][4,799s][info   ][gc          ] GC(236) Pause Young (Concurrent Start) (G1 Humongous Allocation) 788M->788M(1747M) 1,902ms
[2024-12-04T16:40:45.650+0700][4,799s][info   ][gc,cpu      ] GC(236) User=0,00s Sys=0,00s Real=0,00s
[2024-12-04T16:40:45.650+0700][4,799s][info   ][gc          ] GC(237) Concurrent Mark Cycle
[2024-12-04T16:40:45.650+0700][4,799s][info   ][gc,marking  ] GC(237) Concurrent Clear Claimed Marks
[2024-12-04T16:40:45.650+0700][4,799s][info   ][gc,marking  ] GC(237) Concurrent Clear Claimed Marks 0,029ms
[2024-12-04T16:40:45.650+0700][4,799s][info   ][gc,marking  ] GC(237) Concurrent Scan Root Regions
[2024-12-04T16:40:45.651+0700][4,799s][info   ][gc,marking  ] GC(237) Concurrent Scan Root Regions 0,133ms
[2024-12-04T16:40:45.651+0700][4,799s][info   ][gc,marking  ] GC(237) Concurrent Mark
[2024-12-04T16:40:45.651+0700][4,799s][info   ][gc,marking  ] GC(237) Concurrent Mark From Roots
[2024-12-04T16:40:45.651+0700][4,799s][info   ][gc,task     ] GC(237) Using 2 workers of 2 for marking
[2024-12-04T16:40:45.657+0700][4,806s][info   ][gc,marking  ] GC(237) Concurrent Mark From Roots 6,532ms
[2024-12-04T16:40:45.657+0700][4,806s][info   ][gc,marking  ] GC(237) Concurrent Preclean
[2024-12-04T16:40:45.657+0700][4,806s][info   ][gc,marking  ] GC(237) Concurrent Preclean 0,117ms
[2024-12-04T16:40:45.658+0700][4,807s][info   ][gc,start    ] GC(237) Pause Remark
[2024-12-04T16:40:45.660+0700][4,808s][info   ][gc          ] GC(237) Pause Remark 790M->790M(1747M) 1,915ms
[2024-12-04T16:40:45.660+0700][4,809s][info   ][gc,cpu      ] GC(237) User=0,00s Sys=0,00s Real=0,00s
[2024-12-04T16:40:45.660+0700][4,809s][info   ][gc,marking  ] GC(237) Concurrent Mark 9,102ms
[2024-12-04T16:40:45.660+0700][4,809s][info   ][gc,marking  ] GC(237) Concurrent Rebuild Remembered Sets
[2024-12-04T16:40:45.663+0700][4,812s][info   ][gc,marking  ] GC(237) Concurrent Rebuild Remembered Sets 3,638ms
[2024-12-04T16:40:45.664+0700][4,813s][info   ][gc,start    ] GC(237) Pause Cleanup
[2024-12-04T16:40:45.664+0700][4,813s][info   ][gc          ] GC(237) Pause Cleanup 790M->790M(1747M) 0,206ms
[2024-12-04T16:40:45.664+0700][4,813s][info   ][gc,cpu      ] GC(237) User=0,00s Sys=0,00s Real=0,00s
[2024-12-04T16:40:45.664+0700][4,813s][info   ][gc,marking  ] GC(237) Concurrent Cleanup for Next Mark
[2024-12-04T16:40:45.668+0700][4,817s][info   ][gc,marking  ] GC(237) Concurrent Cleanup for Next Mark 4,023ms
[2024-12-04T16:40:45.668+0700][4,817s][info   ][gc          ] GC(237) Concurrent Mark Cycle 17,684ms
[2024-12-04T16:40:45.673+0700][4,821s][info   ][gc,start    ] GC(238) Pause Young (Concurrent Start) (G1 Humongous Allocation)
[2024-12-04T16:40:45.673+0700][4,822s][info   ][gc,task     ] GC(238) Using 8 workers of 8 for evacuation
[2024-12-04T16:40:45.674+0700][4,823s][info   ][gc,phases   ] GC(238)   Pre Evacuate Collection Set: 0,2ms
[2024-12-04T16:40:45.674+0700][4,823s][info   ][gc,phases   ] GC(238)   Merge Heap Roots: 0,3ms
[2024-12-04T16:40:45.674+0700][4,823s][info   ][gc,phases   ] GC(238)   Evacuate Collection Set: 0,5ms
[2024-12-04T16:40:45.674+0700][4,823s][info   ][gc,phases   ] GC(238)   Post Evacuate Collection Set: 0,3ms
[2024-12-04T16:40:45.674+0700][4,823s][info   ][gc,phases   ] GC(238)   Other: 0,2ms
[2024-12-04T16:40:45.674+0700][4,823s][info   ][gc,heap     ] GC(238) Eden regions: 1->0(777)
[2024-12-04T16:40:45.674+0700][4,823s][info   ][gc,heap     ] GC(238) Survivor regions: 1->1(98)
[2024-12-04T16:40:45.674+0700][4,823s][info   ][gc,heap     ] GC(238) Old regions: 3->3
[2024-12-04T16:40:45.674+0700][4,823s][info   ][gc,heap     ] GC(238) Archive regions: 2->2
[2024-12-04T16:40:45.674+0700][4,823s][info   ][gc,heap     ] GC(238) Humongous regions: 788->788
[2024-12-04T16:40:45.674+0700][4,823s][info   ][gc,metaspace] GC(238) Metaspace: 5789K(6016K)->5789K(6016K) NonClass: 5127K(5248K)->5127K(5248K) Class: 661K(768K)->661K(768K)
[2024-12-04T16:40:45.674+0700][4,823s][info   ][gc          ] GC(238) Pause Young (Concurrent Start) (G1 Humongous Allocation) 791M->791M(1747M) 1,673ms
[2024-12-04T16:40:45.674+0700][4,823s][info   ][gc,cpu      ] GC(238) User=0,00s Sys=0,00s Real=0,01s
[2024-12-04T16:40:45.674+0700][4,823s][info   ][gc          ] GC(239) Concurrent Mark Cycle
[2024-12-04T16:40:45.674+0700][4,823s][info   ][gc,marking  ] GC(239) Concurrent Clear Claimed Marks
[2024-12-04T16:40:45.674+0700][4,823s][info   ][gc,marking  ] GC(239) Concurrent Clear Claimed Marks 0,020ms
[2024-12-04T16:40:45.674+0700][4,823s][info   ][gc,marking  ] GC(239) Concurrent Scan Root Regions
[2024-12-04T16:40:45.674+0700][4,823s][info   ][gc,marking  ] GC(239) Concurrent Scan Root Regions 0,085ms
[2024-12-04T16:40:45.674+0700][4,823s][info   ][gc,marking  ] GC(239) Concurrent Mark
[2024-12-04T16:40:45.674+0700][4,823s][info   ][gc,marking  ] GC(239) Concurrent Mark From Roots
[2024-12-04T16:40:45.675+0700][4,823s][info   ][gc,task     ] GC(239) Using 2 workers of 2 for marking
[2024-12-04T16:40:45.682+0700][4,830s][info   ][gc,marking  ] GC(239) Concurrent Mark From Roots 7,062ms
[2024-12-04T16:40:45.682+0700][4,831s][info   ][gc,marking  ] GC(239) Concurrent Preclean
[2024-12-04T16:40:45.682+0700][4,831s][info   ][gc,marking  ] GC(239) Concurrent Preclean 0,130ms
[2024-12-04T16:40:45.682+0700][4,831s][info   ][gc,start    ] GC(239) Pause Remark
[2024-12-04T16:40:45.684+0700][4,832s][info   ][gc          ] GC(239) Pause Remark 793M->793M(1747M) 1,667ms
[2024-12-04T16:40:45.684+0700][4,832s][info   ][gc,cpu      ] GC(239) User=0,01s Sys=0,00s Real=0,01s
[2024-12-04T16:40:45.684+0700][4,833s][info   ][gc,marking  ] GC(239) Concurrent Mark 9,149ms
[2024-12-04T16:40:45.684+0700][4,833s][info   ][gc,marking  ] GC(239) Concurrent Rebuild Remembered Sets
[2024-12-04T16:40:45.687+0700][4,836s][info   ][gc,marking  ] GC(239) Concurrent Rebuild Remembered Sets 3,145ms
[2024-12-04T16:40:45.689+0700][4,838s][info   ][gc,start    ] GC(239) Pause Cleanup
[2024-12-04T16:40:45.689+0700][4,838s][info   ][gc          ] GC(239) Pause Cleanup 794M->794M(1747M) 0,360ms
[2024-12-04T16:40:45.689+0700][4,838s][info   ][gc,cpu      ] GC(239) User=0,00s Sys=0,00s Real=0,00s
[2024-12-04T16:40:45.690+0700][4,838s][info   ][gc,marking  ] GC(239) Concurrent Cleanup for Next Mark
[2024-12-04T16:40:45.694+0700][4,843s][info   ][gc,marking  ] GC(239) Concurrent Cleanup for Next Mark 4,192ms
[2024-12-04T16:40:45.694+0700][4,843s][info   ][gc          ] GC(239) Concurrent Mark Cycle 19,557ms
[2024-12-04T16:40:45.697+0700][4,846s][info   ][gc,start    ] GC(240) Pause Young (Concurrent Start) (G1 Humongous Allocation)
[2024-12-04T16:40:45.697+0700][4,846s][info   ][gc,task     ] GC(240) Using 8 workers of 8 for evacuation
[2024-12-04T16:40:45.700+0700][4,849s][info   ][gc,phases   ] GC(240)   Pre Evacuate Collection Set: 0,6ms
[2024-12-04T16:40:45.700+0700][4,849s][info   ][gc,phases   ] GC(240)   Merge Heap Roots: 0,4ms
[2024-12-04T16:40:45.700+0700][4,849s][info   ][gc,phases   ] GC(240)   Evacuate Collection Set: 1,6ms
[2024-12-04T16:40:45.700+0700][4,849s][info   ][gc,phases   ] GC(240)   Post Evacuate Collection Set: 0,3ms
[2024-12-04T16:40:45.701+0700][4,849s][info   ][gc,phases   ] GC(240)   Other: 0,4ms
[2024-12-04T16:40:45.701+0700][4,849s][info   ][gc,heap     ] GC(240) Eden regions: 1->0(774)
[2024-12-04T16:40:45.701+0700][4,849s][info   ][gc,heap     ] GC(240) Survivor regions: 1->1(98)
[2024-12-04T16:40:45.701+0700][4,849s][info   ][gc,heap     ] GC(240) Old regions: 3->3
[2024-12-04T16:40:45.701+0700][4,849s][info   ][gc,heap     ] GC(240) Archive regions: 2->2
[2024-12-04T16:40:45.701+0700][4,849s][info   ][gc,heap     ] GC(240) Humongous regions: 791->791
[2024-12-04T16:40:45.701+0700][4,849s][info   ][gc,metaspace] GC(240) Metaspace: 5789K(6016K)->5789K(6016K) NonClass: 5127K(5248K)->5127K(5248K) Class: 661K(768K)->661K(768K)
[2024-12-04T16:40:45.701+0700][4,850s][info   ][gc          ] GC(240) Pause Young (Concurrent Start) (G1 Humongous Allocation) 794M->794M(1747M) 3,583ms
[2024-12-04T16:40:45.701+0700][4,850s][info   ][gc,cpu      ] GC(240) User=0,00s Sys=0,01s Real=0,00s
[2024-12-04T16:40:45.701+0700][4,850s][info   ][gc          ] GC(241) Concurrent Mark Cycle
[2024-12-04T16:40:45.701+0700][4,850s][info   ][gc,marking  ] GC(241) Concurrent Clear Claimed Marks
[2024-12-04T16:40:45.701+0700][4,850s][info   ][gc,marking  ] GC(241) Concurrent Clear Claimed Marks 0,023ms
[2024-12-04T16:40:45.701+0700][4,850s][info   ][gc,marking  ] GC(241) Concurrent Scan Root Regions
[2024-12-04T16:40:45.701+0700][4,850s][info   ][gc,marking  ] GC(241) Concurrent Scan Root Regions 0,111ms
[2024-12-04T16:40:45.701+0700][4,850s][info   ][gc,marking  ] GC(241) Concurrent Mark
[2024-12-04T16:40:45.701+0700][4,850s][info   ][gc,marking  ] GC(241) Concurrent Mark From Roots
[2024-12-04T16:40:45.701+0700][4,850s][info   ][gc,task     ] GC(241) Using 2 workers of 2 for marking
[2024-12-04T16:40:45.709+0700][4,858s][info   ][gc,marking  ] GC(241) Concurrent Mark From Roots 8,302ms
[2024-12-04T16:40:45.709+0700][4,858s][info   ][gc,marking  ] GC(241) Concurrent Preclean
[2024-12-04T16:40:45.709+0700][4,858s][info   ][gc,marking  ] GC(241) Concurrent Preclean 0,112ms
[2024-12-04T16:40:45.710+0700][4,859s][info   ][gc,start    ] GC(241) Pause Remark
[2024-12-04T16:40:45.713+0700][4,862s][info   ][gc          ] GC(241) Pause Remark 796M->796M(1747M) 2,847ms
[2024-12-04T16:40:45.713+0700][4,862s][info   ][gc,cpu      ] GC(241) User=0,00s Sys=0,00s Real=0,00s
[2024-12-04T16:40:45.713+0700][4,862s][info   ][gc,marking  ] GC(241) Concurrent Mark 12,087ms
[2024-12-04T16:40:45.713+0700][4,862s][info   ][gc,marking  ] GC(241) Concurrent Rebuild Remembered Sets
[2024-12-04T16:40:45.715+0700][4,864s][info   ][gc,marking  ] GC(241) Concurrent Rebuild Remembered Sets 2,153ms
[2024-12-04T16:40:45.715+0700][4,864s][info   ][gc,start    ] GC(241) Pause Cleanup
[2024-12-04T16:40:45.716+0700][4,864s][info   ][gc          ] GC(241) Pause Cleanup 796M->796M(1747M) 0,298ms
[2024-12-04T16:40:45.716+0700][4,864s][info   ][gc,cpu      ] GC(241) User=0,00s Sys=0,00s Real=0,00s
[2024-12-04T16:40:45.716+0700][4,865s][info   ][gc,marking  ] GC(241) Concurrent Cleanup for Next Mark
[2024-12-04T16:40:45.719+0700][4,868s][info   ][gc,marking  ] GC(241) Concurrent Cleanup for Next Mark 3,150ms
[2024-12-04T16:40:45.719+0700][4,868s][info   ][gc          ] GC(241) Concurrent Mark Cycle 18,215ms
[2024-12-04T16:40:45.724+0700][4,873s][info   ][gc,start    ] GC(242) Pause Young (Concurrent Start) (G1 Humongous Allocation)
[2024-12-04T16:40:45.724+0700][4,873s][info   ][gc,task     ] GC(242) Using 8 workers of 8 for evacuation
[2024-12-04T16:40:45.725+0700][4,874s][info   ][gc,phases   ] GC(242)   Pre Evacuate Collection Set: 0,2ms
[2024-12-04T16:40:45.725+0700][4,874s][info   ][gc,phases   ] GC(242)   Merge Heap Roots: 0,2ms
[2024-12-04T16:40:45.725+0700][4,874s][info   ][gc,phases   ] GC(242)   Evacuate Collection Set: 0,4ms
[2024-12-04T16:40:45.725+0700][4,874s][info   ][gc,phases   ] GC(242)   Post Evacuate Collection Set: 0,1ms
[2024-12-04T16:40:45.725+0700][4,874s][info   ][gc,phases   ] GC(242)   Other: 0,2ms
[2024-12-04T16:40:45.725+0700][4,874s][info   ][gc,heap     ] GC(242) Eden regions: 1->0(771)
[2024-12-04T16:40:45.725+0700][4,874s][info   ][gc,heap     ] GC(242) Survivor regions: 1->1(97)
[2024-12-04T16:40:45.725+0700][4,874s][info   ][gc,heap     ] GC(242) Old regions: 3->3
[2024-12-04T16:40:45.725+0700][4,874s][info   ][gc,heap     ] GC(242) Archive regions: 2->2
[2024-12-04T16:40:45.725+0700][4,874s][info   ][gc,heap     ] GC(242) Humongous regions: 794->794
[2024-12-04T16:40:45.725+0700][4,874s][info   ][gc,metaspace] GC(242) Metaspace: 5789K(6016K)->5789K(6016K) NonClass: 5127K(5248K)->5127K(5248K) Class: 661K(768K)->661K(768K)
[2024-12-04T16:40:45.725+0700][4,874s][info   ][gc          ] GC(242) Pause Young (Concurrent Start) (G1 Humongous Allocation) 797M->797M(1747M) 1,054ms
[2024-12-04T16:40:45.725+0700][4,874s][info   ][gc,cpu      ] GC(242) User=0,00s Sys=0,00s Real=0,00s
[2024-12-04T16:40:45.725+0700][4,874s][info   ][gc          ] GC(243) Concurrent Mark Cycle
[2024-12-04T16:40:45.725+0700][4,874s][info   ][gc,marking  ] GC(243) Concurrent Clear Claimed Marks
[2024-12-04T16:40:45.725+0700][4,874s][info   ][gc,marking  ] GC(243) Concurrent Clear Claimed Marks 0,021ms
[2024-12-04T16:40:45.725+0700][4,874s][info   ][gc,marking  ] GC(243) Concurrent Scan Root Regions
[2024-12-04T16:40:45.725+0700][4,874s][info   ][gc,marking  ] GC(243) Concurrent Scan Root Regions 0,108ms
[2024-12-04T16:40:45.725+0700][4,874s][info   ][gc,marking  ] GC(243) Concurrent Mark
[2024-12-04T16:40:45.725+0700][4,874s][info   ][gc,marking  ] GC(243) Concurrent Mark From Roots
[2024-12-04T16:40:45.725+0700][4,874s][info   ][gc,task     ] GC(243) Using 2 workers of 2 for marking
[2024-12-04T16:40:45.728+0700][4,877s][info   ][gc,marking  ] GC(243) Concurrent Mark From Roots 3,037ms
[2024-12-04T16:40:45.729+0700][4,877s][info   ][gc,marking  ] GC(243) Concurrent Preclean
[2024-12-04T16:40:45.729+0700][4,877s][info   ][gc,marking  ] GC(243) Concurrent Preclean 0,043ms
[2024-12-04T16:40:45.729+0700][4,877s][info   ][gc,start    ] GC(243) Pause Remark
[2024-12-04T16:40:45.729+0700][4,878s][info   ][gc          ] GC(243) Pause Remark 798M->798M(1747M) 0,767ms
[2024-12-04T16:40:45.729+0700][4,878s][info   ][gc,cpu      ] GC(243) User=0,00s Sys=0,00s Real=0,00s
[2024-12-04T16:40:45.729+0700][4,878s][info   ][gc,marking  ] GC(243) Concurrent Mark 3,994ms
[2024-12-04T16:40:45.729+0700][4,878s][info   ][gc,marking  ] GC(243) Concurrent Rebuild Remembered Sets
[2024-12-04T16:40:45.731+0700][4,880s][info   ][gc,marking  ] GC(243) Concurrent Rebuild Remembered Sets 1,542ms
[2024-12-04T16:40:45.731+0700][4,880s][info   ][gc,start    ] GC(243) Pause Cleanup
[2024-12-04T16:40:45.732+0700][4,881s][info   ][gc          ] GC(243) Pause Cleanup 799M->799M(1747M) 0,263ms
[2024-12-04T16:40:45.732+0700][4,881s][info   ][gc,cpu      ] GC(243) User=0,00s Sys=0,00s Real=0,00s
[2024-12-04T16:40:45.732+0700][4,881s][info   ][gc,marking  ] GC(243) Concurrent Cleanup for Next Mark
[2024-12-04T16:40:45.736+0700][4,885s][info   ][gc,marking  ] GC(243) Concurrent Cleanup for Next Mark 4,399ms
[2024-12-04T16:40:45.736+0700][4,885s][info   ][gc          ] GC(243) Concurrent Mark Cycle 11,010ms
[2024-12-04T16:40:45.737+0700][4,886s][info   ][gc,start    ] GC(244) Pause Young (Concurrent Start) (G1 Humongous Allocation)
[2024-12-04T16:40:45.737+0700][4,886s][info   ][gc,task     ] GC(244) Using 8 workers of 8 for evacuation
[2024-12-04T16:40:45.739+0700][4,888s][info   ][gc,phases   ] GC(244)   Pre Evacuate Collection Set: 0,5ms
[2024-12-04T16:40:45.739+0700][4,888s][info   ][gc,phases   ] GC(244)   Merge Heap Roots: 0,4ms
[2024-12-04T16:40:45.739+0700][4,888s][info   ][gc,phases   ] GC(244)   Evacuate Collection Set: 0,4ms
[2024-12-04T16:40:45.739+0700][4,888s][info   ][gc,phases   ] GC(244)   Post Evacuate Collection Set: 0,1ms
[2024-12-04T16:40:45.739+0700][4,888s][info   ][gc,phases   ] GC(244)   Other: 0,3ms
[2024-12-04T16:40:45.739+0700][4,888s][info   ][gc,heap     ] GC(244) Eden regions: 1->0(769)
[2024-12-04T16:40:45.739+0700][4,888s][info   ][gc,heap     ] GC(244) Survivor regions: 1->1(97)
[2024-12-04T16:40:45.739+0700][4,888s][info   ][gc,heap     ] GC(244) Old regions: 3->3
[2024-12-04T16:40:45.739+0700][4,888s][info   ][gc,heap     ] GC(244) Archive regions: 2->2
[2024-12-04T16:40:45.739+0700][4,888s][info   ][gc,heap     ] GC(244) Humongous regions: 796->796
[2024-12-04T16:40:45.739+0700][4,888s][info   ][gc,metaspace] GC(244) Metaspace: 5789K(6016K)->5789K(6016K) NonClass: 5127K(5248K)->5127K(5248K) Class: 661K(768K)->661K(768K)
[2024-12-04T16:40:45.739+0700][4,888s][info   ][gc          ] GC(244) Pause Young (Concurrent Start) (G1 Humongous Allocation) 799M->799M(1747M) 1,788ms
[2024-12-04T16:40:45.739+0700][4,888s][info   ][gc,cpu      ] GC(244) User=0,00s Sys=0,00s Real=0,00s
[2024-12-04T16:40:45.739+0700][4,888s][info   ][gc          ] GC(245) Concurrent Mark Cycle
[2024-12-04T16:40:45.739+0700][4,888s][info   ][gc,marking  ] GC(245) Concurrent Clear Claimed Marks
[2024-12-04T16:40:45.739+0700][4,888s][info   ][gc,marking  ] GC(245) Concurrent Clear Claimed Marks 0,026ms
[2024-12-04T16:40:45.739+0700][4,888s][info   ][gc,marking  ] GC(245) Concurrent Scan Root Regions
[2024-12-04T16:40:45.739+0700][4,888s][info   ][gc,marking  ] GC(245) Concurrent Scan Root Regions 0,058ms
[2024-12-04T16:40:45.739+0700][4,888s][info   ][gc,marking  ] GC(245) Concurrent Mark
[2024-12-04T16:40:45.739+0700][4,888s][info   ][gc,marking  ] GC(245) Concurrent Mark From Roots
[2024-12-04T16:40:45.739+0700][4,888s][info   ][gc,task     ] GC(245) Using 2 workers of 2 for marking
[2024-12-04T16:40:45.743+0700][4,891s][info   ][gc,marking  ] GC(245) Concurrent Mark From Roots 3,412ms
[2024-12-04T16:40:45.743+0700][4,891s][info   ][gc,marking  ] GC(245) Concurrent Preclean
[2024-12-04T16:40:45.743+0700][4,892s][info   ][gc,marking  ] GC(245) Concurrent Preclean 0,060ms
[2024-12-04T16:40:45.743+0700][4,892s][info   ][gc,start    ] GC(245) Pause Remark
[2024-12-04T16:40:45.744+0700][4,893s][info   ][gc          ] GC(245) Pause Remark 800M->800M(1747M) 0,936ms
[2024-12-04T16:40:45.744+0700][4,893s][info   ][gc,cpu      ] GC(245) User=0,00s Sys=0,00s Real=0,01s
[2024-12-04T16:40:45.744+0700][4,893s][info   ][gc,marking  ] GC(245) Concurrent Mark 4,630ms
[2024-12-04T16:40:45.744+0700][4,893s][info   ][gc,marking  ] GC(245) Concurrent Rebuild Remembered Sets
[2024-12-04T16:40:45.745+0700][4,894s][info   ][gc,marking  ] GC(245) Concurrent Rebuild Remembered Sets 1,513ms
[2024-12-04T16:40:45.745+0700][4,894s][info   ][gc,start    ] GC(245) Pause Cleanup
[2024-12-04T16:40:45.746+0700][4,895s][info   ][gc          ] GC(245) Pause Cleanup 801M->801M(1747M) 0,283ms
[2024-12-04T16:40:45.746+0700][4,895s][info   ][gc,cpu      ] GC(245) User=0,00s Sys=0,00s Real=0,00s
[2024-12-04T16:40:45.746+0700][4,895s][info   ][gc,marking  ] GC(245) Concurrent Cleanup for Next Mark
[2024-12-04T16:40:45.749+0700][4,898s][info   ][gc,marking  ] GC(245) Concurrent Cleanup for Next Mark 3,050ms
[2024-12-04T16:40:45.749+0700][4,898s][info   ][gc          ] GC(245) Concurrent Mark Cycle 9,875ms
[2024-12-04T16:40:45.751+0700][4,900s][info   ][gc,start    ] GC(246) Pause Young (Concurrent Start) (G1 Humongous Allocation)
[2024-12-04T16:40:45.751+0700][4,900s][info   ][gc,task     ] GC(246) Using 8 workers of 8 for evacuation
[2024-12-04T16:40:45.752+0700][4,901s][info   ][gc,phases   ] GC(246)   Pre Evacuate Collection Set: 0,3ms
[2024-12-04T16:40:45.752+0700][4,901s][info   ][gc,phases   ] GC(246)   Merge Heap Roots: 0,1ms
[2024-12-04T16:40:45.752+0700][4,901s][info   ][gc,phases   ] GC(246)   Evacuate Collection Set: 0,3ms
[2024-12-04T16:40:45.752+0700][4,901s][info   ][gc,phases   ] GC(246)   Post Evacuate Collection Set: 0,5ms
[2024-12-04T16:40:45.752+0700][4,901s][info   ][gc,phases   ] GC(246)   Other: 0,2ms
[2024-12-04T16:40:45.752+0700][4,901s][info   ][gc,heap     ] GC(246) Eden regions: 1->0(795)
[2024-12-04T16:40:45.753+0700][4,901s][info   ][gc,heap     ] GC(246) Survivor regions: 1->1(97)
[2024-12-04T16:40:45.753+0700][4,901s][info   ][gc,heap     ] GC(246) Old regions: 3->3
[2024-12-04T16:40:45.753+0700][4,901s][info   ][gc,heap     ] GC(246) Archive regions: 2->2
[2024-12-04T16:40:45.753+0700][4,901s][info   ][gc,heap     ] GC(246) Humongous regions: 798->798
[2024-12-04T16:40:45.753+0700][4,901s][info   ][gc,metaspace] GC(246) Metaspace: 5789K(6016K)->5789K(6016K) NonClass: 5127K(5248K)->5127K(5248K) Class: 661K(768K)->661K(768K)
[2024-12-04T16:40:45.753+0700][4,901s][info   ][gc          ] GC(246) Pause Young (Concurrent Start) (G1 Humongous Allocation) 801M->801M(1778M) 1,603ms
[2024-12-04T16:40:45.753+0700][4,901s][info   ][gc,cpu      ] GC(246) User=0,00s Sys=0,00s Real=0,00s
[2024-12-04T16:40:45.753+0700][4,901s][info   ][gc          ] GC(247) Concurrent Mark Cycle
[2024-12-04T16:40:45.753+0700][4,901s][info   ][gc,marking  ] GC(247) Concurrent Clear Claimed Marks
[2024-12-04T16:40:45.753+0700][4,902s][info   ][gc,marking  ] GC(247) Concurrent Clear Claimed Marks 0,016ms
[2024-12-04T16:40:45.753+0700][4,902s][info   ][gc,marking  ] GC(247) Concurrent Scan Root Regions
[2024-12-04T16:40:45.753+0700][4,902s][info   ][gc,marking  ] GC(247) Concurrent Scan Root Regions 0,157ms
[2024-12-04T16:40:45.753+0700][4,902s][info   ][gc,marking  ] GC(247) Concurrent Mark
[2024-12-04T16:40:45.753+0700][4,902s][info   ][gc,marking  ] GC(247) Concurrent Mark From Roots
[2024-12-04T16:40:45.753+0700][4,902s][info   ][gc,task     ] GC(247) Using 2 workers of 2 for marking
[2024-12-04T16:40:45.757+0700][4,905s][info   ][gc,marking  ] GC(247) Concurrent Mark From Roots 3,689ms
[2024-12-04T16:40:45.757+0700][4,905s][info   ][gc,marking  ] GC(247) Concurrent Preclean
[2024-12-04T16:40:45.757+0700][4,906s][info   ][gc,marking  ] GC(247) Concurrent Preclean 0,059ms
[2024-12-04T16:40:45.757+0700][4,906s][info   ][gc,start    ] GC(247) Pause Remark
[2024-12-04T16:40:45.757+0700][4,906s][info   ][gc          ] GC(247) Pause Remark 802M->802M(1778M) 0,676ms
[2024-12-04T16:40:45.757+0700][4,906s][info   ][gc,cpu      ] GC(247) User=0,00s Sys=0,00s Real=0,00s
[2024-12-04T16:40:45.757+0700][4,906s][info   ][gc,marking  ] GC(247) Concurrent Mark 4,582ms
[2024-12-04T16:40:45.757+0700][4,906s][info   ][gc,marking  ] GC(247) Concurrent Rebuild Remembered Sets
[2024-12-04T16:40:45.759+0700][4,908s][info   ][gc,marking  ] GC(247) Concurrent Rebuild Remembered Sets 1,617ms
[2024-12-04T16:40:45.759+0700][4,908s][info   ][gc,start    ] GC(247) Pause Cleanup
[2024-12-04T16:40:45.759+0700][4,908s][info   ][gc          ] GC(247) Pause Cleanup 803M->803M(1778M) 0,141ms
[2024-12-04T16:40:45.759+0700][4,908s][info   ][gc,cpu      ] GC(247) User=0,00s Sys=0,00s Real=0,00s
[2024-12-04T16:40:45.759+0700][4,908s][info   ][gc,marking  ] GC(247) Concurrent Cleanup for Next Mark
[2024-12-04T16:40:45.763+0700][4,912s][info   ][gc,marking  ] GC(247) Concurrent Cleanup for Next Mark 3,684ms
[2024-12-04T16:40:45.763+0700][4,912s][info   ][gc          ] GC(247) Concurrent Mark Cycle 10,522ms
[2024-12-04T16:40:45.765+0700][4,913s][info   ][gc,start    ] GC(248) Pause Young (Concurrent Start) (G1 Humongous Allocation)
[2024-12-04T16:40:45.765+0700][4,913s][info   ][gc,task     ] GC(248) Using 8 workers of 8 for evacuation
[2024-12-04T16:40:45.765+0700][4,914s][info   ][gc,phases   ] GC(248)   Pre Evacuate Collection Set: 0,2ms
[2024-12-04T16:40:45.765+0700][4,914s][info   ][gc,phases   ] GC(248)   Merge Heap Roots: 0,1ms
[2024-12-04T16:40:45.765+0700][4,914s][info   ][gc,phases   ] GC(248)   Evacuate Collection Set: 0,2ms
[2024-12-04T16:40:45.765+0700][4,914s][info   ][gc,phases   ] GC(248)   Post Evacuate Collection Set: 0,1ms
[2024-12-04T16:40:45.765+0700][4,914s][info   ][gc,phases   ] GC(248)   Other: 0,1ms
[2024-12-04T16:40:45.765+0700][4,914s][info   ][gc,heap     ] GC(248) Eden regions: 1->0(793)
[2024-12-04T16:40:45.765+0700][4,914s][info   ][gc,heap     ] GC(248) Survivor regions: 1->1(100)
[2024-12-04T16:40:45.765+0700][4,914s][info   ][gc,heap     ] GC(248) Old regions: 3->3
[2024-12-04T16:40:45.765+0700][4,914s][info   ][gc,heap     ] GC(248) Archive regions: 2->2
[2024-12-04T16:40:45.765+0700][4,914s][info   ][gc,heap     ] GC(248) Humongous regions: 800->800
[2024-12-04T16:40:45.765+0700][4,914s][info   ][gc,metaspace] GC(248) Metaspace: 5789K(6016K)->5789K(6016K) NonClass: 5127K(5248K)->5127K(5248K) Class: 661K(768K)->661K(768K)
[2024-12-04T16:40:45.765+0700][4,914s][info   ][gc          ] GC(248) Pause Young (Concurrent Start) (G1 Humongous Allocation) 803M->803M(1778M) 0,796ms
[2024-12-04T16:40:45.765+0700][4,914s][info   ][gc,cpu      ] GC(248) User=0,00s Sys=0,00s Real=0,00s
[2024-12-04T16:40:45.765+0700][4,914s][info   ][gc          ] GC(249) Concurrent Mark Cycle
[2024-12-04T16:40:45.765+0700][4,914s][info   ][gc,marking  ] GC(249) Concurrent Clear Claimed Marks
[2024-12-04T16:40:45.765+0700][4,914s][info   ][gc,marking  ] GC(249) Concurrent Clear Claimed Marks 0,006ms
[2024-12-04T16:40:45.765+0700][4,914s][info   ][gc,marking  ] GC(249) Concurrent Scan Root Regions
[2024-12-04T16:40:45.765+0700][4,914s][info   ][gc,marking  ] GC(249) Concurrent Scan Root Regions 0,051ms
[2024-12-04T16:40:45.765+0700][4,914s][info   ][gc,marking  ] GC(249) Concurrent Mark
[2024-12-04T16:40:45.765+0700][4,914s][info   ][gc,marking  ] GC(249) Concurrent Mark From Roots
[2024-12-04T16:40:45.765+0700][4,914s][info   ][gc,task     ] GC(249) Using 2 workers of 2 for marking
[2024-12-04T16:40:45.768+0700][4,917s][info   ][gc,marking  ] GC(249) Concurrent Mark From Roots 2,767ms
[2024-12-04T16:40:45.768+0700][4,917s][info   ][gc,marking  ] GC(249) Concurrent Preclean
[2024-12-04T16:40:45.768+0700][4,917s][info   ][gc,marking  ] GC(249) Concurrent Preclean 0,037ms
[2024-12-04T16:40:45.768+0700][4,917s][info   ][gc,start    ] GC(249) Pause Remark
[2024-12-04T16:40:45.769+0700][4,918s][info   ][gc          ] GC(249) Pause Remark 804M->804M(1778M) 0,618ms
[2024-12-04T16:40:45.769+0700][4,918s][info   ][gc,cpu      ] GC(249) User=0,00s Sys=0,00s Real=0,00s
[2024-12-04T16:40:45.769+0700][4,918s][info   ][gc,marking  ] GC(249) Concurrent Mark 3,510ms
[2024-12-04T16:40:45.769+0700][4,918s][info   ][gc,marking  ] GC(249) Concurrent Rebuild Remembered Sets
[2024-12-04T16:40:45.771+0700][4,920s][info   ][gc,marking  ] GC(249) Concurrent Rebuild Remembered Sets 1,636ms
[2024-12-04T16:40:45.771+0700][4,920s][info   ][gc,start    ] GC(249) Pause Cleanup
[2024-12-04T16:40:45.771+0700][4,920s][info   ][gc          ] GC(249) Pause Cleanup 804M->804M(1778M) 0,282ms
[2024-12-04T16:40:45.771+0700][4,920s][info   ][gc,cpu      ] GC(249) User=0,00s Sys=0,00s Real=0,00s
[2024-12-04T16:40:45.771+0700][4,920s][info   ][gc,marking  ] GC(249) Concurrent Cleanup for Next Mark
[2024-12-04T16:40:45.774+0700][4,923s][info   ][gc,marking  ] GC(249) Concurrent Cleanup for Next Mark 2,871ms
[2024-12-04T16:40:45.774+0700][4,923s][info   ][gc          ] GC(249) Concurrent Mark Cycle 8,569ms
[2024-12-04T16:40:45.778+0700][4,926s][info   ][gc,start    ] GC(250) Pause Young (Concurrent Start) (G1 Humongous Allocation)
[2024-12-04T16:40:45.778+0700][4,926s][info   ][gc,task     ] GC(250) Using 8 workers of 8 for evacuation
[2024-12-04T16:40:45.779+0700][4,928s][info   ][gc,phases   ] GC(250)   Pre Evacuate Collection Set: 0,2ms
[2024-12-04T16:40:45.779+0700][4,928s][info   ][gc,phases   ] GC(250)   Merge Heap Roots: 0,2ms
[2024-12-04T16:40:45.779+0700][4,928s][info   ][gc,phases   ] GC(250)   Evacuate Collection Set: 0,4ms
[2024-12-04T16:40:45.779+0700][4,928s][info   ][gc,phases   ] GC(250)   Post Evacuate Collection Set: 0,2ms
[2024-12-04T16:40:45.779+0700][4,928s][info   ][gc,phases   ] GC(250)   Other: 0,3ms
[2024-12-04T16:40:45.779+0700][4,928s][info   ][gc,heap     ] GC(250) Eden regions: 1->0(792)
[2024-12-04T16:40:45.779+0700][4,928s][info   ][gc,heap     ] GC(250) Survivor regions: 1->0(100)
[2024-12-04T16:40:45.779+0700][4,928s][info   ][gc,heap     ] GC(250) Old regions: 3->3
[2024-12-04T16:40:45.779+0700][4,928s][info   ][gc,heap     ] GC(250) Archive regions: 2->2
[2024-12-04T16:40:45.779+0700][4,928s][info   ][gc,heap     ] GC(250) Humongous regions: 802->802
[2024-12-04T16:40:45.779+0700][4,928s][info   ][gc,metaspace] GC(250) Metaspace: 5789K(6016K)->5789K(6016K) NonClass: 5127K(5248K)->5127K(5248K) Class: 661K(768K)->661K(768K)
[2024-12-04T16:40:45.779+0700][4,928s][info   ][gc          ] GC(250) Pause Young (Concurrent Start) (G1 Humongous Allocation) 805M->805M(1778M) 1,392ms
[2024-12-04T16:40:45.779+0700][4,928s][info   ][gc,cpu      ] GC(250) User=0,00s Sys=0,00s Real=0,00s
[2024-12-04T16:40:45.779+0700][4,928s][info   ][gc          ] GC(251) Concurrent Mark Cycle
[2024-12-04T16:40:45.779+0700][4,928s][info   ][gc,marking  ] GC(251) Concurrent Clear Claimed Marks
[2024-12-04T16:40:45.779+0700][4,928s][info   ][gc,marking  ] GC(251) Concurrent Clear Claimed Marks 0,012ms
[2024-12-04T16:40:45.779+0700][4,928s][info   ][gc,marking  ] GC(251) Concurrent Scan Root Regions
[2024-12-04T16:40:45.779+0700][4,928s][info   ][gc,marking  ] GC(251) Concurrent Scan Root Regions 0,085ms
[2024-12-04T16:40:45.779+0700][4,928s][info   ][gc,marking  ] GC(251) Concurrent Mark
[2024-12-04T16:40:45.779+0700][4,928s][info   ][gc,marking  ] GC(251) Concurrent Mark From Roots
[2024-12-04T16:40:45.779+0700][4,928s][info   ][gc,task     ] GC(251) Using 2 workers of 2 for marking
[2024-12-04T16:40:45.782+0700][4,931s][info   ][gc,marking  ] GC(251) Concurrent Mark From Roots 3,217ms
[2024-12-04T16:40:45.782+0700][4,931s][info   ][gc,marking  ] GC(251) Concurrent Preclean
[2024-12-04T16:40:45.782+0700][4,931s][info   ][gc,marking  ] GC(251) Concurrent Preclean 0,063ms
[2024-12-04T16:40:45.782+0700][4,931s][info   ][gc,start    ] GC(251) Pause Remark
[2024-12-04T16:40:45.783+0700][4,932s][info   ][gc          ] GC(251) Pause Remark 806M->806M(1778M) 0,591ms
[2024-12-04T16:40:45.783+0700][4,932s][info   ][gc,cpu      ] GC(251) User=0,00s Sys=0,00s Real=0,00s
[2024-12-04T16:40:45.783+0700][4,932s][info   ][gc,marking  ] GC(251) Concurrent Mark 4,027ms
[2024-12-04T16:40:45.783+0700][4,932s][info   ][gc,marking  ] GC(251) Concurrent Rebuild Remembered Sets
[2024-12-04T16:40:45.784+0700][4,933s][info   ][gc,marking  ] GC(251) Concurrent Rebuild Remembered Sets 1,311ms
[2024-12-04T16:40:45.784+0700][4,933s][info   ][gc,start    ] GC(251) Pause Cleanup
[2024-12-04T16:40:45.785+0700][4,934s][info   ][gc          ] GC(251) Pause Cleanup 806M->806M(1778M) 0,170ms
[2024-12-04T16:40:45.785+0700][4,934s][info   ][gc,cpu      ] GC(251) User=0,00s Sys=0,00s Real=0,00s
[2024-12-04T16:40:45.785+0700][4,934s][info   ][gc,marking  ] GC(251) Concurrent Cleanup for Next Mark
[2024-12-04T16:40:45.787+0700][4,936s][info   ][gc,marking  ] GC(251) Concurrent Cleanup for Next Mark 2,747ms
[2024-12-04T16:40:45.787+0700][4,936s][info   ][gc          ] GC(251) Concurrent Mark Cycle 8,558ms
[2024-12-04T16:40:45.791+0700][4,940s][info   ][gc,start    ] GC(252) Pause Young (Concurrent Start) (G1 Humongous Allocation)
[2024-12-04T16:40:45.791+0700][4,940s][info   ][gc,task     ] GC(252) Using 8 workers of 8 for evacuation
[2024-12-04T16:40:45.792+0700][4,941s][info   ][gc,phases   ] GC(252)   Pre Evacuate Collection Set: 0,2ms
[2024-12-04T16:40:45.792+0700][4,941s][info   ][gc,phases   ] GC(252)   Merge Heap Roots: 0,1ms
[2024-12-04T16:40:45.792+0700][4,941s][info   ][gc,phases   ] GC(252)   Evacuate Collection Set: 0,3ms
[2024-12-04T16:40:45.792+0700][4,941s][info   ][gc,phases   ] GC(252)   Post Evacuate Collection Set: 0,1ms
[2024-12-04T16:40:45.792+0700][4,941s][info   ][gc,phases   ] GC(252)   Other: 0,2ms
[2024-12-04T16:40:45.792+0700][4,941s][info   ][gc,heap     ] GC(252) Eden regions: 1->0(790)
[2024-12-04T16:40:45.792+0700][4,941s][info   ][gc,heap     ] GC(252) Survivor regions: 0->0(99)
[2024-12-04T16:40:45.792+0700][4,941s][info   ][gc,heap     ] GC(252) Old regions: 3->3
[2024-12-04T16:40:45.792+0700][4,941s][info   ][gc,heap     ] GC(252) Archive regions: 2->2
[2024-12-04T16:40:45.792+0700][4,941s][info   ][gc,heap     ] GC(252) Humongous regions: 804->804
[2024-12-04T16:40:45.792+0700][4,941s][info   ][gc,metaspace] GC(252) Metaspace: 5789K(6016K)->5789K(6016K) NonClass: 5127K(5248K)->5127K(5248K) Class: 661K(768K)->661K(768K)
[2024-12-04T16:40:45.792+0700][4,941s][info   ][gc          ] GC(252) Pause Young (Concurrent Start) (G1 Humongous Allocation) 807M->807M(1778M) 0,879ms
[2024-12-04T16:40:45.792+0700][4,941s][info   ][gc,cpu      ] GC(252) User=0,00s Sys=0,00s Real=0,00s
[2024-12-04T16:40:45.792+0700][4,941s][info   ][gc          ] GC(253) Concurrent Mark Cycle
[2024-12-04T16:40:45.792+0700][4,941s][info   ][gc,marking  ] GC(253) Concurrent Clear Claimed Marks
[2024-12-04T16:40:45.792+0700][4,941s][info   ][gc,marking  ] GC(253) Concurrent Clear Claimed Marks 0,006ms
[2024-12-04T16:40:45.792+0700][4,941s][info   ][gc,marking  ] GC(253) Concurrent Scan Root Regions
[2024-12-04T16:40:45.792+0700][4,941s][info   ][gc,marking  ] GC(253) Concurrent Scan Root Regions 0,003ms
[2024-12-04T16:40:45.792+0700][4,941s][info   ][gc,marking  ] GC(253) Concurrent Mark
[2024-12-04T16:40:45.792+0700][4,941s][info   ][gc,marking  ] GC(253) Concurrent Mark From Roots
[2024-12-04T16:40:45.792+0700][4,941s][info   ][gc,task     ] GC(253) Using 2 workers of 2 for marking
[2024-12-04T16:40:45.794+0700][4,943s][info   ][gc,marking  ] GC(253) Concurrent Mark From Roots 2,614ms
[2024-12-04T16:40:45.794+0700][4,943s][info   ][gc,marking  ] GC(253) Concurrent Preclean
[2024-12-04T16:40:45.794+0700][4,943s][info   ][gc,marking  ] GC(253) Concurrent Preclean 0,050ms
[2024-12-04T16:40:45.794+0700][4,943s][info   ][gc,start    ] GC(253) Pause Remark
[2024-12-04T16:40:45.795+0700][4,944s][info   ][gc          ] GC(253) Pause Remark 808M->808M(1778M) 0,566ms
[2024-12-04T16:40:45.795+0700][4,944s][info   ][gc,cpu      ] GC(253) User=0,00s Sys=0,00s Real=0,00s
[2024-12-04T16:40:45.795+0700][4,944s][info   ][gc,marking  ] GC(253) Concurrent Mark 3,302ms
[2024-12-04T16:40:45.795+0700][4,944s][info   ][gc,marking  ] GC(253) Concurrent Rebuild Remembered Sets
[2024-12-04T16:40:45.796+0700][4,945s][info   ][gc,marking  ] GC(253) Concurrent Rebuild Remembered Sets 1,206ms
[2024-12-04T16:40:45.796+0700][4,945s][info   ][gc,start    ] GC(253) Pause Cleanup
[2024-12-04T16:40:45.796+0700][4,945s][info   ][gc          ] GC(253) Pause Cleanup 808M->808M(1778M) 0,090ms
[2024-12-04T16:40:45.796+0700][4,945s][info   ][gc,cpu      ] GC(253) User=0,00s Sys=0,00s Real=0,00s
[2024-12-04T16:40:45.796+0700][4,945s][info   ][gc,marking  ] GC(253) Concurrent Cleanup for Next Mark
[2024-12-04T16:40:45.799+0700][4,948s][info   ][gc,marking  ] GC(253) Concurrent Cleanup for Next Mark 2,952ms
[2024-12-04T16:40:45.799+0700][4,948s][info   ][gc          ] GC(253) Concurrent Mark Cycle 7,675ms
[2024-12-04T16:40:45.804+0700][4,953s][info   ][gc,start    ] GC(254) Pause Young (Concurrent Start) (G1 Humongous Allocation)
[2024-12-04T16:40:45.804+0700][4,953s][info   ][gc,task     ] GC(254) Using 8 workers of 8 for evacuation
[2024-12-04T16:40:45.805+0700][4,953s][info   ][gc,phases   ] GC(254)   Pre Evacuate Collection Set: 0,2ms
[2024-12-04T16:40:45.805+0700][4,953s][info   ][gc,phases   ] GC(254)   Merge Heap Roots: 0,2ms
[2024-12-04T16:40:45.805+0700][4,953s][info   ][gc,phases   ] GC(254)   Evacuate Collection Set: 0,2ms
[2024-12-04T16:40:45.805+0700][4,953s][info   ][gc,phases   ] GC(254)   Post Evacuate Collection Set: 0,1ms
[2024-12-04T16:40:45.805+0700][4,953s][info   ][gc,phases   ] GC(254)   Other: 0,1ms
[2024-12-04T16:40:45.805+0700][4,953s][info   ][gc,heap     ] GC(254) Eden regions: 1->0(788)
[2024-12-04T16:40:45.805+0700][4,953s][info   ][gc,heap     ] GC(254) Survivor regions: 0->0(99)
[2024-12-04T16:40:45.805+0700][4,953s][info   ][gc,heap     ] GC(254) Old regions: 3->3
[2024-12-04T16:40:45.805+0700][4,953s][info   ][gc,heap     ] GC(254) Archive regions: 2->2
[2024-12-04T16:40:45.805+0700][4,953s][info   ][gc,heap     ] GC(254) Humongous regions: 806->806
[2024-12-04T16:40:45.805+0700][4,953s][info   ][gc,metaspace] GC(254) Metaspace: 5789K(6016K)->5789K(6016K) NonClass: 5127K(5248K)->5127K(5248K) Class: 661K(768K)->661K(768K)
[2024-12-04T16:40:45.805+0700][4,953s][info   ][gc          ] GC(254) Pause Young (Concurrent Start) (G1 Humongous Allocation) 809M->809M(1778M) 0,858ms
[2024-12-04T16:40:45.805+0700][4,953s][info   ][gc,cpu      ] GC(254) User=0,00s Sys=0,00s Real=0,00s
[2024-12-04T16:40:45.805+0700][4,954s][info   ][gc          ] GC(255) Concurrent Mark Cycle
[2024-12-04T16:40:45.805+0700][4,954s][info   ][gc,marking  ] GC(255) Concurrent Clear Claimed Marks
[2024-12-04T16:40:45.805+0700][4,954s][info   ][gc,marking  ] GC(255) Concurrent Clear Claimed Marks 0,009ms
[2024-12-04T16:40:45.805+0700][4,954s][info   ][gc,marking  ] GC(255) Concurrent Scan Root Regions
[2024-12-04T16:40:45.805+0700][4,954s][info   ][gc,marking  ] GC(255) Concurrent Scan Root Regions 0,005ms
[2024-12-04T16:40:45.805+0700][4,954s][info   ][gc,marking  ] GC(255) Concurrent Mark
[2024-12-04T16:40:45.805+0700][4,954s][info   ][gc,marking  ] GC(255) Concurrent Mark From Roots
[2024-12-04T16:40:45.805+0700][4,954s][info   ][gc,task     ] GC(255) Using 2 workers of 2 for marking
[2024-12-04T16:40:45.808+0700][4,957s][info   ][gc,marking  ] GC(255) Concurrent Mark From Roots 3,580ms
[2024-12-04T16:40:45.808+0700][4,957s][info   ][gc,marking  ] GC(255) Concurrent Preclean
[2024-12-04T16:40:45.808+0700][4,957s][info   ][gc,marking  ] GC(255) Concurrent Preclean 0,053ms
[2024-12-04T16:40:45.808+0700][4,957s][info   ][gc,start    ] GC(255) Pause Remark
[2024-12-04T16:40:45.809+0700][4,958s][info   ][gc          ] GC(255) Pause Remark 810M->810M(1778M) 0,542ms
[2024-12-04T16:40:45.809+0700][4,958s][info   ][gc,cpu      ] GC(255) User=0,00s Sys=0,00s Real=0,00s
[2024-12-04T16:40:45.809+0700][4,958s][info   ][gc,marking  ] GC(255) Concurrent Mark 4,275ms
[2024-12-04T16:40:45.809+0700][4,958s][info   ][gc,marking  ] GC(255) Concurrent Rebuild Remembered Sets
[2024-12-04T16:40:45.810+0700][4,959s][info   ][gc,marking  ] GC(255) Concurrent Rebuild Remembered Sets 1,471ms
[2024-12-04T16:40:45.811+0700][4,960s][info   ][gc,start    ] GC(255) Pause Cleanup
[2024-12-04T16:40:45.811+0700][4,960s][info   ][gc          ] GC(255) Pause Cleanup 811M->811M(1778M) 0,119ms
[2024-12-04T16:40:45.811+0700][4,960s][info   ][gc,cpu      ] GC(255) User=0,00s Sys=0,00s Real=0,00s
[2024-12-04T16:40:45.811+0700][4,960s][info   ][gc,marking  ] GC(255) Concurrent Cleanup for Next Mark
[2024-12-04T16:40:45.813+0700][4,962s][info   ][gc,marking  ] GC(255) Concurrent Cleanup for Next Mark 2,471ms
[2024-12-04T16:40:45.813+0700][4,962s][info   ][gc          ] GC(255) Concurrent Mark Cycle 8,811ms
[2024-12-04T16:40:45.816+0700][4,965s][info   ][gc,start    ] GC(256) Pause Young (Concurrent Start) (G1 Humongous Allocation)
[2024-12-04T16:40:45.816+0700][4,965s][info   ][gc,task     ] GC(256) Using 8 workers of 8 for evacuation
[2024-12-04T16:40:45.817+0700][4,966s][info   ][gc,phases   ] GC(256)   Pre Evacuate Collection Set: 0,2ms
[2024-12-04T16:40:45.817+0700][4,966s][info   ][gc,phases   ] GC(256)   Merge Heap Roots: 0,2ms
[2024-12-04T16:40:45.817+0700][4,966s][info   ][gc,phases   ] GC(256)   Evacuate Collection Set: 0,5ms
[2024-12-04T16:40:45.817+0700][4,966s][info   ][gc,phases   ] GC(256)   Post Evacuate Collection Set: 0,1ms
[2024-12-04T16:40:45.817+0700][4,966s][info   ][gc,phases   ] GC(256)   Other: 0,2ms
[2024-12-04T16:40:45.817+0700][4,966s][info   ][gc,heap     ] GC(256) Eden regions: 1->0(786)
[2024-12-04T16:40:45.817+0700][4,966s][info   ][gc,heap     ] GC(256) Survivor regions: 0->0(99)
[2024-12-04T16:40:45.817+0700][4,966s][info   ][gc,heap     ] GC(256) Old regions: 3->3
[2024-12-04T16:40:45.817+0700][4,966s][info   ][gc,heap     ] GC(256) Archive regions: 2->2
[2024-12-04T16:40:45.817+0700][4,966s][info   ][gc,heap     ] GC(256) Humongous regions: 808->808
[2024-12-04T16:40:45.817+0700][4,966s][info   ][gc,metaspace] GC(256) Metaspace: 5789K(6016K)->5789K(6016K) NonClass: 5127K(5248K)->5127K(5248K) Class: 661K(768K)->661K(768K)
[2024-12-04T16:40:45.817+0700][4,966s][info   ][gc          ] GC(256) Pause Young (Concurrent Start) (G1 Humongous Allocation) 811M->811M(1778M) 1,246ms
[2024-12-04T16:40:45.817+0700][4,966s][info   ][gc,cpu      ] GC(256) User=0,01s Sys=0,00s Real=0,00s
[2024-12-04T16:40:45.817+0700][4,966s][info   ][gc          ] GC(257) Concurrent Mark Cycle
[2024-12-04T16:40:45.817+0700][4,966s][info   ][gc,marking  ] GC(257) Concurrent Clear Claimed Marks
[2024-12-04T16:40:45.817+0700][4,966s][info   ][gc,marking  ] GC(257) Concurrent Clear Claimed Marks 0,014ms
[2024-12-04T16:40:45.817+0700][4,966s][info   ][gc,marking  ] GC(257) Concurrent Scan Root Regions
[2024-12-04T16:40:45.817+0700][4,966s][info   ][gc,marking  ] GC(257) Concurrent Scan Root Regions 0,006ms
[2024-12-04T16:40:45.817+0700][4,966s][info   ][gc,marking  ] GC(257) Concurrent Mark
[2024-12-04T16:40:45.817+0700][4,966s][info   ][gc,marking  ] GC(257) Concurrent Mark From Roots
[2024-12-04T16:40:45.817+0700][4,966s][info   ][gc,task     ] GC(257) Using 2 workers of 2 for marking
[2024-12-04T16:40:45.820+0700][4,969s][info   ][gc,marking  ] GC(257) Concurrent Mark From Roots 2,760ms
[2024-12-04T16:40:45.820+0700][4,969s][info   ][gc,marking  ] GC(257) Concurrent Preclean
[2024-12-04T16:40:45.820+0700][4,969s][info   ][gc,marking  ] GC(257) Concurrent Preclean 0,037ms
[2024-12-04T16:40:45.820+0700][4,969s][info   ][gc,start    ] GC(257) Pause Remark
[2024-12-04T16:40:45.821+0700][4,970s][info   ][gc          ] GC(257) Pause Remark 812M->812M(1778M) 0,674ms
[2024-12-04T16:40:45.821+0700][4,970s][info   ][gc,cpu      ] GC(257) User=0,00s Sys=0,00s Real=0,00s
[2024-12-04T16:40:45.821+0700][4,970s][info   ][gc,marking  ] GC(257) Concurrent Mark 3,560ms
[2024-12-04T16:40:45.821+0700][4,970s][info   ][gc,marking  ] GC(257) Concurrent Rebuild Remembered Sets
[2024-12-04T16:40:45.822+0700][4,971s][info   ][gc,marking  ] GC(257) Concurrent Rebuild Remembered Sets 1,222ms
[2024-12-04T16:40:45.822+0700][4,971s][info   ][gc,start    ] GC(257) Pause Cleanup
[2024-12-04T16:40:45.822+0700][4,971s][info   ][gc          ] GC(257) Pause Cleanup 812M->812M(1778M) 0,111ms
[2024-12-04T16:40:45.822+0700][4,971s][info   ][gc,cpu      ] GC(257) User=0,00s Sys=0,00s Real=0,00s
[2024-12-04T16:40:45.822+0700][4,971s][info   ][gc,marking  ] GC(257) Concurrent Cleanup for Next Mark
[2024-12-04T16:40:45.825+0700][4,974s][info   ][gc,marking  ] GC(257) Concurrent Cleanup for Next Mark 2,824ms
[2024-12-04T16:40:45.825+0700][4,974s][info   ][gc          ] GC(257) Concurrent Mark Cycle 7,891ms
[2024-12-04T16:40:45.829+0700][4,978s][info   ][gc,start    ] GC(258) Pause Young (Concurrent Start) (G1 Humongous Allocation)
[2024-12-04T16:40:45.829+0700][4,978s][info   ][gc,task     ] GC(258) Using 8 workers of 8 for evacuation
[2024-12-04T16:40:45.830+0700][4,979s][info   ][gc,phases   ] GC(258)   Pre Evacuate Collection Set: 0,2ms
[2024-12-04T16:40:45.830+0700][4,979s][info   ][gc,phases   ] GC(258)   Merge Heap Roots: 0,2ms
[2024-12-04T16:40:45.830+0700][4,979s][info   ][gc,phases   ] GC(258)   Evacuate Collection Set: 0,4ms
[2024-12-04T16:40:45.830+0700][4,979s][info   ][gc,phases   ] GC(258)   Post Evacuate Collection Set: 0,1ms
[2024-12-04T16:40:45.830+0700][4,979s][info   ][gc,phases   ] GC(258)   Other: 0,2ms
[2024-12-04T16:40:45.830+0700][4,979s][info   ][gc,heap     ] GC(258) Eden regions: 1->0(784)
[2024-12-04T16:40:45.830+0700][4,979s][info   ][gc,heap     ] GC(258) Survivor regions: 0->0(99)
[2024-12-04T16:40:45.830+0700][4,979s][info   ][gc,heap     ] GC(258) Old regions: 3->3
[2024-12-04T16:40:45.830+0700][4,979s][info   ][gc,heap     ] GC(258) Archive regions: 2->2
[2024-12-04T16:40:45.830+0700][4,979s][info   ][gc,heap     ] GC(258) Humongous regions: 810->810
[2024-12-04T16:40:45.830+0700][4,979s][info   ][gc,metaspace] GC(258) Metaspace: 5789K(6016K)->5789K(6016K) NonClass: 5127K(5248K)->5127K(5248K) Class: 661K(768K)->661K(768K)
[2024-12-04T16:40:45.830+0700][4,979s][info   ][gc          ] GC(258) Pause Young (Concurrent Start) (G1 Humongous Allocation) 813M->813M(1778M) 1,202ms
[2024-12-04T16:40:45.830+0700][4,979s][info   ][gc,cpu      ] GC(258) User=0,00s Sys=0,00s Real=0,00s
[2024-12-04T16:40:45.830+0700][4,979s][info   ][gc          ] GC(259) Concurrent Mark Cycle
[2024-12-04T16:40:45.830+0700][4,979s][info   ][gc,marking  ] GC(259) Concurrent Clear Claimed Marks
[2024-12-04T16:40:45.830+0700][4,979s][info   ][gc,marking  ] GC(259) Concurrent Clear Claimed Marks 0,014ms
[2024-12-04T16:40:45.830+0700][4,979s][info   ][gc,marking  ] GC(259) Concurrent Scan Root Regions
[2024-12-04T16:40:45.830+0700][4,979s][info   ][gc,marking  ] GC(259) Concurrent Scan Root Regions 0,005ms
[2024-12-04T16:40:45.830+0700][4,979s][info   ][gc,marking  ] GC(259) Concurrent Mark
[2024-12-04T16:40:45.830+0700][4,979s][info   ][gc,marking  ] GC(259) Concurrent Mark From Roots
[2024-12-04T16:40:45.830+0700][4,979s][info   ][gc,task     ] GC(259) Using 2 workers of 2 for marking
[2024-12-04T16:40:45.834+0700][4,983s][info   ][gc,marking  ] GC(259) Concurrent Mark From Roots 3,555ms
[2024-12-04T16:40:45.834+0700][4,983s][info   ][gc,marking  ] GC(259) Concurrent Preclean
[2024-12-04T16:40:45.834+0700][4,983s][info   ][gc,marking  ] GC(259) Concurrent Preclean 0,064ms
[2024-12-04T16:40:45.834+0700][4,983s][info   ][gc,start    ] GC(259) Pause Remark
[2024-12-04T16:40:45.835+0700][4,984s][info   ][gc          ] GC(259) Pause Remark 814M->814M(1778M) 0,797ms
[2024-12-04T16:40:45.835+0700][4,984s][info   ][gc,cpu      ] GC(259) User=0,00s Sys=0,00s Real=0,00s
[2024-12-04T16:40:45.835+0700][4,984s][info   ][gc,marking  ] GC(259) Concurrent Mark 4,555ms
[2024-12-04T16:40:45.835+0700][4,984s][info   ][gc,marking  ] GC(259) Concurrent Rebuild Remembered Sets
[2024-12-04T16:40:45.837+0700][4,985s][info   ][gc,marking  ] GC(259) Concurrent Rebuild Remembered Sets 1,538ms
[2024-12-04T16:40:45.837+0700][4,986s][info   ][gc,start    ] GC(259) Pause Cleanup
[2024-12-04T16:40:45.837+0700][4,986s][info   ][gc          ] GC(259) Pause Cleanup 815M->815M(1778M) 0,195ms
[2024-12-04T16:40:45.837+0700][4,986s][info   ][gc,cpu      ] GC(259) User=0,00s Sys=0,00s Real=0,00s
[2024-12-04T16:40:45.837+0700][4,986s][info   ][gc,marking  ] GC(259) Concurrent Cleanup for Next Mark
[2024-12-04T16:40:45.840+0700][4,988s][info   ][gc,marking  ] GC(259) Concurrent Cleanup for Next Mark 2,588ms
[2024-12-04T16:40:45.840+0700][4,988s][info   ][gc          ] GC(259) Concurrent Mark Cycle 9,206ms
[2024-12-04T16:40:45.842+0700][4,991s][info   ][gc,start    ] GC(260) Pause Young (Concurrent Start) (G1 Humongous Allocation)
[2024-12-04T16:40:45.842+0700][4,991s][info   ][gc,task     ] GC(260) Using 8 workers of 8 for evacuation
[2024-12-04T16:40:45.843+0700][4,992s][info   ][gc,phases   ] GC(260)   Pre Evacuate Collection Set: 0,3ms
[2024-12-04T16:40:45.843+0700][4,992s][info   ][gc,phases   ] GC(260)   Merge Heap Roots: 0,2ms
[2024-12-04T16:40:45.843+0700][4,992s][info   ][gc,phases   ] GC(260)   Evacuate Collection Set: 0,2ms
[2024-12-04T16:40:45.843+0700][4,992s][info   ][gc,phases   ] GC(260)   Post Evacuate Collection Set: 0,1ms
[2024-12-04T16:40:45.843+0700][4,992s][info   ][gc,phases   ] GC(260)   Other: 0,3ms
[2024-12-04T16:40:45.843+0700][4,992s][info   ][gc,heap     ] GC(260) Eden regions: 1->0(782)
[2024-12-04T16:40:45.843+0700][4,992s][info   ][gc,heap     ] GC(260) Survivor regions: 0->0(98)
[2024-12-04T16:40:45.843+0700][4,992s][info   ][gc,heap     ] GC(260) Old regions: 3->3
[2024-12-04T16:40:45.843+0700][4,992s][info   ][gc,heap     ] GC(260) Archive regions: 2->2
[2024-12-04T16:40:45.843+0700][4,992s][info   ][gc,heap     ] GC(260) Humongous regions: 812->812
[2024-12-04T16:40:45.843+0700][4,992s][info   ][gc,metaspace] GC(260) Metaspace: 5789K(6016K)->5789K(6016K) NonClass: 5127K(5248K)->5127K(5248K) Class: 661K(768K)->661K(768K)
[2024-12-04T16:40:45.843+0700][4,992s][info   ][gc          ] GC(260) Pause Young (Concurrent Start) (G1 Humongous Allocation) 815M->815M(1778M) 1,232ms
[2024-12-04T16:40:45.843+0700][4,992s][info   ][gc,cpu      ] GC(260) User=0,00s Sys=0,00s Real=0,01s
[2024-12-04T16:40:45.843+0700][4,992s][info   ][gc          ] GC(261) Concurrent Mark Cycle
[2024-12-04T16:40:45.843+0700][4,992s][info   ][gc,marking  ] GC(261) Concurrent Clear Claimed Marks
[2024-12-04T16:40:45.843+0700][4,992s][info   ][gc,marking  ] GC(261) Concurrent Clear Claimed Marks 0,014ms
[2024-12-04T16:40:45.843+0700][4,992s][info   ][gc,marking  ] GC(261) Concurrent Scan Root Regions
[2024-12-04T16:40:45.844+0700][4,992s][info   ][gc,marking  ] GC(261) Concurrent Scan Root Regions 0,006ms
[2024-12-04T16:40:45.844+0700][4,992s][info   ][gc,marking  ] GC(261) Concurrent Mark
[2024-12-04T16:40:45.844+0700][4,992s][info   ][gc,marking  ] GC(261) Concurrent Mark From Roots
[2024-12-04T16:40:45.844+0700][4,992s][info   ][gc,task     ] GC(261) Using 2 workers of 2 for marking
[2024-12-04T16:40:45.847+0700][4,996s][info   ][gc,marking  ] GC(261) Concurrent Mark From Roots 3,896ms
[2024-12-04T16:40:45.847+0700][4,996s][info   ][gc,marking  ] GC(261) Concurrent Preclean
[2024-12-04T16:40:45.848+0700][4,996s][info   ][gc,marking  ] GC(261) Concurrent Preclean 0,064ms
[2024-12-04T16:40:45.848+0700][4,996s][info   ][gc,start    ] GC(261) Pause Remark
[2024-12-04T16:40:45.848+0700][4,997s][info   ][gc          ] GC(261) Pause Remark 816M->816M(1778M) 0,858ms
[2024-12-04T16:40:45.848+0700][4,997s][info   ][gc,cpu      ] GC(261) User=0,01s Sys=0,00s Real=0,00s
[2024-12-04T16:40:45.848+0700][4,997s][info   ][gc,marking  ] GC(261) Concurrent Mark 4,980ms
[2024-12-04T16:40:45.849+0700][4,997s][info   ][gc,marking  ] GC(261) Concurrent Rebuild Remembered Sets
[2024-12-04T16:40:45.850+0700][4,999s][info   ][gc,marking  ] GC(261) Concurrent Rebuild Remembered Sets 1,660ms
[2024-12-04T16:40:45.850+0700][4,999s][info   ][gc,start    ] GC(261) Pause Cleanup
[2024-12-04T16:40:45.850+0700][4,999s][info   ][gc          ] GC(261) Pause Cleanup 817M->817M(1778M) 0,178ms
[2024-12-04T16:40:45.850+0700][4,999s][info   ][gc,cpu      ] GC(261) User=0,00s Sys=0,00s Real=0,00s
[2024-12-04T16:40:45.850+0700][4,999s][info   ][gc,marking  ] GC(261) Concurrent Cleanup for Next Mark
[2024-12-04T16:40:45.853+0700][5,002s][info   ][gc,marking  ] GC(261) Concurrent Cleanup for Next Mark 2,438ms
[2024-12-04T16:40:45.853+0700][5,002s][info   ][gc          ] GC(261) Concurrent Mark Cycle 9,473ms
[2024-12-04T16:40:45.855+0700][5,004s][info   ][gc,start    ] GC(262) Pause Young (Concurrent Start) (G1 Humongous Allocation)
[2024-12-04T16:40:45.855+0700][5,004s][info   ][gc,task     ] GC(262) Using 8 workers of 8 for evacuation
[2024-12-04T16:40:45.856+0700][5,005s][info   ][gc,phases   ] GC(262)   Pre Evacuate Collection Set: 0,3ms
[2024-12-04T16:40:45.857+0700][5,005s][info   ][gc,phases   ] GC(262)   Merge Heap Roots: 0,2ms
[2024-12-04T16:40:45.857+0700][5,005s][info   ][gc,phases   ] GC(262)   Evacuate Collection Set: 0,5ms
[2024-12-04T16:40:45.857+0700][5,005s][info   ][gc,phases   ] GC(262)   Post Evacuate Collection Set: 0,5ms
[2024-12-04T16:40:45.857+0700][5,005s][info   ][gc,phases   ] GC(262)   Other: 0,3ms
[2024-12-04T16:40:45.857+0700][5,005s][info   ][gc,heap     ] GC(262) Eden regions: 1->0(792)
[2024-12-04T16:40:45.857+0700][5,005s][info   ][gc,heap     ] GC(262) Survivor regions: 0->0(98)
[2024-12-04T16:40:45.857+0700][5,005s][info   ][gc,heap     ] GC(262) Old regions: 3->3
[2024-12-04T16:40:45.857+0700][5,005s][info   ][gc,heap     ] GC(262) Archive regions: 2->2
[2024-12-04T16:40:45.857+0700][5,006s][info   ][gc,heap     ] GC(262) Humongous regions: 814->814
[2024-12-04T16:40:45.857+0700][5,006s][info   ][gc,metaspace] GC(262) Metaspace: 5789K(6016K)->5789K(6016K) NonClass: 5127K(5248K)->5127K(5248K) Class: 661K(768K)->661K(768K)
[2024-12-04T16:40:45.857+0700][5,006s][info   ][gc          ] GC(262) Pause Young (Concurrent Start) (G1 Humongous Allocation) 817M->817M(1792M) 1,894ms
[2024-12-04T16:40:45.857+0700][5,006s][info   ][gc,cpu      ] GC(262) User=0,00s Sys=0,00s Real=0,00s
[2024-12-04T16:40:45.857+0700][5,006s][info   ][gc          ] GC(263) Concurrent Mark Cycle
[2024-12-04T16:40:45.857+0700][5,006s][info   ][gc,marking  ] GC(263) Concurrent Clear Claimed Marks
[2024-12-04T16:40:45.857+0700][5,006s][info   ][gc,marking  ] GC(263) Concurrent Clear Claimed Marks 0,052ms
[2024-12-04T16:40:45.857+0700][5,006s][info   ][gc,marking  ] GC(263) Concurrent Scan Root Regions
[2024-12-04T16:40:45.857+0700][5,006s][info   ][gc,marking  ] GC(263) Concurrent Scan Root Regions 0,010ms
[2024-12-04T16:40:45.857+0700][5,006s][info   ][gc,marking  ] GC(263) Concurrent Mark
[2024-12-04T16:40:45.857+0700][5,006s][info   ][gc,marking  ] GC(263) Concurrent Mark From Roots
[2024-12-04T16:40:45.857+0700][5,006s][info   ][gc,task     ] GC(263) Using 2 workers of 2 for marking
[2024-12-04T16:40:45.862+0700][5,011s][info   ][gc,marking  ] GC(263) Concurrent Mark From Roots 5,588ms
[2024-12-04T16:40:45.863+0700][5,011s][info   ][gc,marking  ] GC(263) Concurrent Preclean
[2024-12-04T16:40:45.863+0700][5,011s][info   ][gc,marking  ] GC(263) Concurrent Preclean 0,073ms
[2024-12-04T16:40:45.863+0700][5,012s][info   ][gc,start    ] GC(263) Pause Remark
[2024-12-04T16:40:45.865+0700][5,013s][info   ][gc          ] GC(263) Pause Remark 819M->819M(1792M) 1,301ms
[2024-12-04T16:40:45.865+0700][5,013s][info   ][gc,cpu      ] GC(263) User=0,00s Sys=0,00s Real=0,00s
[2024-12-04T16:40:45.865+0700][5,013s][info   ][gc,marking  ] GC(263) Concurrent Mark 7,750ms
[2024-12-04T16:40:45.865+0700][5,014s][info   ][gc,marking  ] GC(263) Concurrent Rebuild Remembered Sets
[2024-12-04T16:40:45.867+0700][5,016s][info   ][gc,marking  ] GC(263) Concurrent Rebuild Remembered Sets 2,072ms
[2024-12-04T16:40:45.867+0700][5,016s][info   ][gc,start    ] GC(263) Pause Cleanup
[2024-12-04T16:40:45.867+0700][5,016s][info   ][gc          ] GC(263) Pause Cleanup 819M->819M(1792M) 0,251ms
[2024-12-04T16:40:45.867+0700][5,016s][info   ][gc,cpu      ] GC(263) User=0,00s Sys=0,00s Real=0,00s
[2024-12-04T16:40:45.867+0700][5,016s][info   ][gc,marking  ] GC(263) Concurrent Cleanup for Next Mark
[2024-12-04T16:40:45.872+0700][5,021s][info   ][gc,marking  ] GC(263) Concurrent Cleanup for Next Mark 4,776ms
[2024-12-04T16:40:45.872+0700][5,021s][info   ][gc          ] GC(263) Concurrent Mark Cycle 15,280ms
[2024-12-04T16:40:45.876+0700][5,025s][info   ][gc,start    ] GC(264) Pause Young (Concurrent Start) (G1 Humongous Allocation)
[2024-12-04T16:40:45.876+0700][5,025s][info   ][gc,task     ] GC(264) Using 8 workers of 8 for evacuation
[2024-12-04T16:40:45.877+0700][5,026s][info   ][gc,phases   ] GC(264)   Pre Evacuate Collection Set: 0,2ms
[2024-12-04T16:40:45.877+0700][5,026s][info   ][gc,phases   ] GC(264)   Merge Heap Roots: 0,2ms
[2024-12-04T16:40:45.877+0700][5,026s][info   ][gc,phases   ] GC(264)   Evacuate Collection Set: 0,4ms
[2024-12-04T16:40:45.877+0700][5,026s][info   ][gc,phases   ] GC(264)   Post Evacuate Collection Set: 0,1ms
[2024-12-04T16:40:45.877+0700][5,026s][info   ][gc,phases   ] GC(264)   Other: 0,2ms
[2024-12-04T16:40:45.877+0700][5,026s][info   ][gc,heap     ] GC(264) Eden regions: 1->0(789)
[2024-12-04T16:40:45.877+0700][5,026s][info   ][gc,heap     ] GC(264) Survivor regions: 0->0(99)
[2024-12-04T16:40:45.877+0700][5,026s][info   ][gc,heap     ] GC(264) Old regions: 3->3
[2024-12-04T16:40:45.877+0700][5,026s][info   ][gc,heap     ] GC(264) Archive regions: 2->2
[2024-12-04T16:40:45.877+0700][5,026s][info   ][gc,heap     ] GC(264) Humongous regions: 817->817
[2024-12-04T16:40:45.877+0700][5,026s][info   ][gc,metaspace] GC(264) Metaspace: 5789K(6016K)->5789K(6016K) NonClass: 5127K(5248K)->5127K(5248K) Class: 661K(768K)->661K(768K)
[2024-12-04T16:40:45.877+0700][5,026s][info   ][gc          ] GC(264) Pause Young (Concurrent Start) (G1 Humongous Allocation) 820M->820M(1792M) 1,212ms
[2024-12-04T16:40:45.877+0700][5,026s][info   ][gc,cpu      ] GC(264) User=0,00s Sys=0,00s Real=0,00s
[2024-12-04T16:40:45.877+0700][5,026s][info   ][gc          ] GC(265) Concurrent Mark Cycle
[2024-12-04T16:40:45.877+0700][5,026s][info   ][gc,marking  ] GC(265) Concurrent Clear Claimed Marks
[2024-12-04T16:40:45.877+0700][5,026s][info   ][gc,marking  ] GC(265) Concurrent Clear Claimed Marks 0,022ms
[2024-12-04T16:40:45.877+0700][5,026s][info   ][gc,marking  ] GC(265) Concurrent Scan Root Regions
[2024-12-04T16:40:45.877+0700][5,026s][info   ][gc,marking  ] GC(265) Concurrent Scan Root Regions 0,006ms
[2024-12-04T16:40:45.877+0700][5,026s][info   ][gc,marking  ] GC(265) Concurrent Mark
[2024-12-04T16:40:45.877+0700][5,026s][info   ][gc,marking  ] GC(265) Concurrent Mark From Roots
[2024-12-04T16:40:45.877+0700][5,026s][info   ][gc,task     ] GC(265) Using 2 workers of 2 for marking
[2024-12-04T16:40:45.880+0700][5,029s][info   ][gc,marking  ] GC(265) Concurrent Mark From Roots 3,232ms
[2024-12-04T16:40:45.880+0700][5,029s][info   ][gc,marking  ] GC(265) Concurrent Preclean
[2024-12-04T16:40:45.880+0700][5,029s][info   ][gc,marking  ] GC(265) Concurrent Preclean 0,066ms
[2024-12-04T16:40:45.881+0700][5,029s][info   ][gc,start    ] GC(265) Pause Remark
[2024-12-04T16:40:45.881+0700][5,030s][info   ][gc          ] GC(265) Pause Remark 821M->821M(1792M) 0,847ms
[2024-12-04T16:40:45.881+0700][5,030s][info   ][gc,cpu      ] GC(265) User=0,00s Sys=0,00s Real=0,00s
[2024-12-04T16:40:45.881+0700][5,030s][info   ][gc,marking  ] GC(265) Concurrent Mark 4,344ms
[2024-12-04T16:40:45.881+0700][5,030s][info   ][gc,marking  ] GC(265) Concurrent Rebuild Remembered Sets
[2024-12-04T16:40:45.883+0700][5,032s][info   ][gc,marking  ] GC(265) Concurrent Rebuild Remembered Sets 1,489ms
[2024-12-04T16:40:45.883+0700][5,032s][info   ][gc,start    ] GC(265) Pause Cleanup
[2024-12-04T16:40:45.884+0700][5,033s][info   ][gc          ] GC(265) Pause Cleanup 822M->822M(1792M) 0,356ms
[2024-12-04T16:40:45.884+0700][5,033s][info   ][gc,cpu      ] GC(265) User=0,00s Sys=0,00s Real=0,00s
[2024-12-04T16:40:45.884+0700][5,033s][info   ][gc,marking  ] GC(265) Concurrent Cleanup for Next Mark
[2024-12-04T16:40:45.887+0700][5,036s][info   ][gc,marking  ] GC(265) Concurrent Cleanup for Next Mark 3,250ms
[2024-12-04T16:40:45.887+0700][5,036s][info   ][gc          ] GC(265) Concurrent Mark Cycle 10,005ms
[2024-12-04T16:40:45.889+0700][5,038s][info   ][gc,start    ] GC(266) Pause Young (Concurrent Start) (G1 Humongous Allocation)
[2024-12-04T16:40:45.889+0700][5,038s][info   ][gc,task     ] GC(266) Using 8 workers of 8 for evacuation
[2024-12-04T16:40:45.891+0700][5,040s][info   ][gc,phases   ] GC(266)   Pre Evacuate Collection Set: 0,3ms
[2024-12-04T16:40:45.891+0700][5,040s][info   ][gc,phases   ] GC(266)   Merge Heap Roots: 0,2ms
[2024-12-04T16:40:45.891+0700][5,040s][info   ][gc,phases   ] GC(266)   Evacuate Collection Set: 0,9ms
[2024-12-04T16:40:45.891+0700][5,040s][info   ][gc,phases   ] GC(266)   Post Evacuate Collection Set: 0,1ms
[2024-12-04T16:40:45.891+0700][5,040s][info   ][gc,phases   ] GC(266)   Other: 0,2ms
[2024-12-04T16:40:45.891+0700][5,040s][info   ][gc,heap     ] GC(266) Eden regions: 1->0(787)
[2024-12-04T16:40:45.891+0700][5,040s][info   ][gc,heap     ] GC(266) Survivor regions: 0->0(99)
[2024-12-04T16:40:45.891+0700][5,040s][info   ][gc,heap     ] GC(266) Old regions: 3->3
[2024-12-04T16:40:45.891+0700][5,040s][info   ][gc,heap     ] GC(266) Archive regions: 2->2
[2024-12-04T16:40:45.891+0700][5,040s][info   ][gc,heap     ] GC(266) Humongous regions: 819->819
[2024-12-04T16:40:45.891+0700][5,040s][info   ][gc,metaspace] GC(266) Metaspace: 5789K(6016K)->5789K(6016K) NonClass: 5127K(5248K)->5127K(5248K) Class: 661K(768K)->661K(768K)
[2024-12-04T16:40:45.891+0700][5,040s][info   ][gc          ] GC(266) Pause Young (Concurrent Start) (G1 Humongous Allocation) 822M->822M(1792M) 1,799ms
[2024-12-04T16:40:45.891+0700][5,040s][info   ][gc,cpu      ] GC(266) User=0,00s Sys=0,00s Real=0,00s
[2024-12-04T16:40:45.891+0700][5,040s][info   ][gc          ] GC(267) Concurrent Mark Cycle
[2024-12-04T16:40:45.891+0700][5,040s][info   ][gc,marking  ] GC(267) Concurrent Clear Claimed Marks
[2024-12-04T16:40:45.891+0700][5,040s][info   ][gc,marking  ] GC(267) Concurrent Clear Claimed Marks 0,022ms
[2024-12-04T16:40:45.891+0700][5,040s][info   ][gc,marking  ] GC(267) Concurrent Scan Root Regions
[2024-12-04T16:40:45.891+0700][5,040s][info   ][gc,marking  ] GC(267) Concurrent Scan Root Regions 0,006ms
[2024-12-04T16:40:45.891+0700][5,040s][info   ][gc,marking  ] GC(267) Concurrent Mark
[2024-12-04T16:40:45.891+0700][5,040s][info   ][gc,marking  ] GC(267) Concurrent Mark From Roots
[2024-12-04T16:40:45.891+0700][5,040s][info   ][gc,task     ] GC(267) Using 2 workers of 2 for marking
[2024-12-04T16:40:45.895+0700][5,044s][info   ][gc,marking  ] GC(267) Concurrent Mark From Roots 4,289ms
[2024-12-04T16:40:45.895+0700][5,044s][info   ][gc,marking  ] GC(267) Concurrent Preclean
[2024-12-04T16:40:45.895+0700][5,044s][info   ][gc,marking  ] GC(267) Concurrent Preclean 0,070ms
[2024-12-04T16:40:45.895+0700][5,044s][info   ][gc,start    ] GC(267) Pause Remark
[2024-12-04T16:40:45.898+0700][5,046s][info   ][gc          ] GC(267) Pause Remark 823M->823M(1792M) 2,150ms
[2024-12-04T16:40:45.898+0700][5,046s][info   ][gc,cpu      ] GC(267) User=0,00s Sys=0,00s Real=0,00s
[2024-12-04T16:40:45.898+0700][5,046s][info   ][gc,marking  ] GC(267) Concurrent Mark 6,771ms
[2024-12-04T16:40:45.898+0700][5,046s][info   ][gc,marking  ] GC(267) Concurrent Rebuild Remembered Sets
[2024-12-04T16:40:45.900+0700][5,049s][info   ][gc,marking  ] GC(267) Concurrent Rebuild Remembered Sets 2,250ms
[2024-12-04T16:40:45.900+0700][5,049s][info   ][gc,start    ] GC(267) Pause Cleanup
[2024-12-04T16:40:45.900+0700][5,049s][info   ][gc          ] GC(267) Pause Cleanup 824M->824M(1792M) 0,270ms
[2024-12-04T16:40:45.900+0700][5,049s][info   ][gc,cpu      ] GC(267) User=0,00s Sys=0,00s Real=0,00s
[2024-12-04T16:40:45.900+0700][5,049s][info   ][gc,marking  ] GC(267) Concurrent Cleanup for Next Mark
[2024-12-04T16:40:45.904+0700][5,053s][info   ][gc,marking  ] GC(267) Concurrent Cleanup for Next Mark 4,050ms
[2024-12-04T16:40:45.905+0700][5,053s][info   ][gc          ] GC(267) Concurrent Mark Cycle 13,727ms
[2024-12-04T16:40:45.910+0700][5,059s][info   ][gc,start    ] GC(268) Pause Young (Concurrent Start) (G1 Humongous Allocation)
[2024-12-04T16:40:45.910+0700][5,059s][info   ][gc,task     ] GC(268) Using 8 workers of 8 for evacuation
[2024-12-04T16:40:45.911+0700][5,060s][info   ][gc,phases   ] GC(268)   Pre Evacuate Collection Set: 0,2ms
[2024-12-04T16:40:45.911+0700][5,060s][info   ][gc,phases   ] GC(268)   Merge Heap Roots: 0,2ms
[2024-12-04T16:40:45.911+0700][5,060s][info   ][gc,phases   ] GC(268)   Evacuate Collection Set: 0,3ms
[2024-12-04T16:40:45.911+0700][5,060s][info   ][gc,phases   ] GC(268)   Post Evacuate Collection Set: 0,1ms
[2024-12-04T16:40:45.911+0700][5,060s][info   ][gc,phases   ] GC(268)   Other: 0,2ms
[2024-12-04T16:40:45.911+0700][5,060s][info   ][gc,heap     ] GC(268) Eden regions: 1->0(784)
[2024-12-04T16:40:45.911+0700][5,060s][info   ][gc,heap     ] GC(268) Survivor regions: 0->0(99)
[2024-12-04T16:40:45.911+0700][5,060s][info   ][gc,heap     ] GC(268) Old regions: 3->3
[2024-12-04T16:40:45.911+0700][5,060s][info   ][gc,heap     ] GC(268) Archive regions: 2->2
[2024-12-04T16:40:45.911+0700][5,060s][info   ][gc,heap     ] GC(268) Humongous regions: 822->822
[2024-12-04T16:40:45.911+0700][5,060s][info   ][gc,metaspace] GC(268) Metaspace: 5789K(6016K)->5789K(6016K) NonClass: 5127K(5248K)->5127K(5248K) Class: 661K(768K)->661K(768K)
[2024-12-04T16:40:45.911+0700][5,060s][info   ][gc          ] GC(268) Pause Young (Concurrent Start) (G1 Humongous Allocation) 825M->825M(1792M) 1,124ms
[2024-12-04T16:40:45.911+0700][5,060s][info   ][gc,cpu      ] GC(268) User=0,00s Sys=0,00s Real=0,00s
[2024-12-04T16:40:45.911+0700][5,060s][info   ][gc          ] GC(269) Concurrent Mark Cycle
[2024-12-04T16:40:45.911+0700][5,060s][info   ][gc,marking  ] GC(269) Concurrent Clear Claimed Marks
[2024-12-04T16:40:45.911+0700][5,060s][info   ][gc,marking  ] GC(269) Concurrent Clear Claimed Marks 0,020ms
[2024-12-04T16:40:45.911+0700][5,060s][info   ][gc,marking  ] GC(269) Concurrent Scan Root Regions
[2024-12-04T16:40:45.911+0700][5,060s][info   ][gc,marking  ] GC(269) Concurrent Scan Root Regions 0,007ms
[2024-12-04T16:40:45.911+0700][5,060s][info   ][gc,marking  ] GC(269) Concurrent Mark
[2024-12-04T16:40:45.911+0700][5,060s][info   ][gc,marking  ] GC(269) Concurrent Mark From Roots
[2024-12-04T16:40:45.911+0700][5,060s][info   ][gc,task     ] GC(269) Using 2 workers of 2 for marking
[2024-12-04T16:40:45.915+0700][5,063s][info   ][gc,marking  ] GC(269) Concurrent Mark From Roots 3,357ms
[2024-12-04T16:40:45.915+0700][5,063s][info   ][gc,marking  ] GC(269) Concurrent Preclean
[2024-12-04T16:40:45.915+0700][5,063s][info   ][gc,marking  ] GC(269) Concurrent Preclean 0,050ms
[2024-12-04T16:40:45.915+0700][5,064s][info   ][gc,start    ] GC(269) Pause Remark
[2024-12-04T16:40:45.915+0700][5,064s][info   ][gc          ] GC(269) Pause Remark 826M->826M(1792M) 0,718ms
[2024-12-04T16:40:45.915+0700][5,064s][info   ][gc,cpu      ] GC(269) User=0,00s Sys=0,00s Real=0,00s
[2024-12-04T16:40:45.915+0700][5,064s][info   ][gc,marking  ] GC(269) Concurrent Mark 4,257ms
[2024-12-04T16:40:45.915+0700][5,064s][info   ][gc,marking  ] GC(269) Concurrent Rebuild Remembered Sets
[2024-12-04T16:40:45.917+0700][5,066s][info   ][gc,marking  ] GC(269) Concurrent Rebuild Remembered Sets 1,340ms
[2024-12-04T16:40:45.917+0700][5,066s][info   ][gc,start    ] GC(269) Pause Cleanup
[2024-12-04T16:40:45.918+0700][5,066s][info   ][gc          ] GC(269) Pause Cleanup 827M->827M(1792M) 0,294ms
[2024-12-04T16:40:45.918+0700][5,066s][info   ][gc,cpu      ] GC(269) User=0,01s Sys=0,00s Real=0,00s
[2024-12-04T16:40:45.918+0700][5,066s][info   ][gc,marking  ] GC(269) Concurrent Cleanup for Next Mark
[2024-12-04T16:40:45.921+0700][5,069s][info   ][gc,marking  ] GC(269) Concurrent Cleanup for Next Mark 3,011ms
[2024-12-04T16:40:45.921+0700][5,070s][info   ][gc          ] GC(269) Concurrent Mark Cycle 9,602ms
[2024-12-04T16:40:45.923+0700][5,072s][info   ][gc,start    ] GC(270) Pause Young (Concurrent Start) (G1 Humongous Allocation)
[2024-12-04T16:40:45.923+0700][5,072s][info   ][gc,task     ] GC(270) Using 8 workers of 8 for evacuation
[2024-12-04T16:40:45.924+0700][5,073s][info   ][gc,phases   ] GC(270)   Pre Evacuate Collection Set: 0,3ms
[2024-12-04T16:40:45.924+0700][5,073s][info   ][gc,phases   ] GC(270)   Merge Heap Roots: 0,2ms
[2024-12-04T16:40:45.924+0700][5,073s][info   ][gc,phases   ] GC(270)   Evacuate Collection Set: 0,4ms
[2024-12-04T16:40:45.924+0700][5,073s][info   ][gc,phases   ] GC(270)   Post Evacuate Collection Set: 0,3ms
[2024-12-04T16:40:45.924+0700][5,073s][info   ][gc,phases   ] GC(270)   Other: 0,2ms
[2024-12-04T16:40:45.924+0700][5,073s][info   ][gc,heap     ] GC(270) Eden regions: 1->0(798)
[2024-12-04T16:40:45.924+0700][5,073s][info   ][gc,heap     ] GC(270) Survivor regions: 0->1(98)
[2024-12-04T16:40:45.924+0700][5,073s][info   ][gc,heap     ] GC(270) Old regions: 3->3
[2024-12-04T16:40:45.924+0700][5,073s][info   ][gc,heap     ] GC(270) Archive regions: 2->2
[2024-12-04T16:40:45.924+0700][5,073s][info   ][gc,heap     ] GC(270) Humongous regions: 824->824
[2024-12-04T16:40:45.924+0700][5,073s][info   ][gc,metaspace] GC(270) Metaspace: 5789K(6016K)->5789K(6016K) NonClass: 5127K(5248K)->5127K(5248K) Class: 661K(768K)->661K(768K)
[2024-12-04T16:40:45.924+0700][5,073s][info   ][gc          ] GC(270) Pause Young (Concurrent Start) (G1 Humongous Allocation) 827M->827M(1815M) 1,521ms
[2024-12-04T16:40:45.924+0700][5,073s][info   ][gc,cpu      ] GC(270) User=0,00s Sys=0,00s Real=0,01s
[2024-12-04T16:40:45.924+0700][5,073s][info   ][gc          ] GC(271) Concurrent Mark Cycle
[2024-12-04T16:40:45.924+0700][5,073s][info   ][gc,marking  ] GC(271) Concurrent Clear Claimed Marks
[2024-12-04T16:40:45.924+0700][5,073s][info   ][gc,marking  ] GC(271) Concurrent Clear Claimed Marks 0,012ms
[2024-12-04T16:40:45.924+0700][5,073s][info   ][gc,marking  ] GC(271) Concurrent Scan Root Regions
[2024-12-04T16:40:45.925+0700][5,074s][info   ][gc,marking  ] GC(271) Concurrent Scan Root Regions 0,282ms
[2024-12-04T16:40:45.925+0700][5,074s][info   ][gc,marking  ] GC(271) Concurrent Mark
[2024-12-04T16:40:45.925+0700][5,074s][info   ][gc,marking  ] GC(271) Concurrent Mark From Roots
[2024-12-04T16:40:45.925+0700][5,074s][info   ][gc,task     ] GC(271) Using 2 workers of 2 for marking
[2024-12-04T16:40:45.928+0700][5,076s][info   ][gc,marking  ] GC(271) Concurrent Mark From Roots 2,908ms
[2024-12-04T16:40:45.928+0700][5,077s][info   ][gc,marking  ] GC(271) Concurrent Preclean
[2024-12-04T16:40:45.928+0700][5,077s][info   ][gc,marking  ] GC(271) Concurrent Preclean 0,045ms
[2024-12-04T16:40:45.928+0700][5,077s][info   ][gc,start    ] GC(271) Pause Remark
[2024-12-04T16:40:45.928+0700][5,077s][info   ][gc          ] GC(271) Pause Remark 828M->828M(1815M) 0,636ms
[2024-12-04T16:40:45.928+0700][5,077s][info   ][gc,cpu      ] GC(271) User=0,00s Sys=0,00s Real=0,00s
[2024-12-04T16:40:45.928+0700][5,077s][info   ][gc,marking  ] GC(271) Concurrent Mark 3,716ms
[2024-12-04T16:40:45.928+0700][5,077s][info   ][gc,marking  ] GC(271) Concurrent Rebuild Remembered Sets
[2024-12-04T16:40:45.930+0700][5,078s][info   ][gc,marking  ] GC(271) Concurrent Rebuild Remembered Sets 1,108ms
[2024-12-04T16:40:45.930+0700][5,078s][info   ][gc,start    ] GC(271) Pause Cleanup
[2024-12-04T16:40:45.930+0700][5,079s][info   ][gc          ] GC(271) Pause Cleanup 828M->828M(1815M) 0,266ms
[2024-12-04T16:40:45.930+0700][5,079s][info   ][gc,cpu      ] GC(271) User=0,00s Sys=0,00s Real=0,00s
[2024-12-04T16:40:45.930+0700][5,079s][info   ][gc,marking  ] GC(271) Concurrent Cleanup for Next Mark
[2024-12-04T16:40:45.933+0700][5,082s][info   ][gc,marking  ] GC(271) Concurrent Cleanup for Next Mark 2,899ms
[2024-12-04T16:40:45.933+0700][5,082s][info   ][gc          ] GC(271) Concurrent Mark Cycle 8,450ms
[2024-12-04T16:40:45.936+0700][5,085s][info   ][gc,start    ] GC(272) Pause Young (Concurrent Start) (G1 Humongous Allocation)
[2024-12-04T16:40:45.936+0700][5,085s][info   ][gc,task     ] GC(272) Using 8 workers of 8 for evacuation
[2024-12-04T16:40:45.937+0700][5,086s][info   ][gc,phases   ] GC(272)   Pre Evacuate Collection Set: 0,2ms
[2024-12-04T16:40:45.937+0700][5,086s][info   ][gc,phases   ] GC(272)   Merge Heap Roots: 0,1ms
[2024-12-04T16:40:45.937+0700][5,086s][info   ][gc,phases   ] GC(272)   Evacuate Collection Set: 0,3ms
[2024-12-04T16:40:45.937+0700][5,086s][info   ][gc,phases   ] GC(272)   Post Evacuate Collection Set: 0,1ms
[2024-12-04T16:40:45.937+0700][5,086s][info   ][gc,phases   ] GC(272)   Other: 0,2ms
[2024-12-04T16:40:45.937+0700][5,086s][info   ][gc,heap     ] GC(272) Eden regions: 1->0(797)
[2024-12-04T16:40:45.937+0700][5,086s][info   ][gc,heap     ] GC(272) Survivor regions: 1->1(100)
[2024-12-04T16:40:45.937+0700][5,086s][info   ][gc,heap     ] GC(272) Old regions: 3->3
[2024-12-04T16:40:45.937+0700][5,086s][info   ][gc,heap     ] GC(272) Archive regions: 2->2
[2024-12-04T16:40:45.937+0700][5,086s][info   ][gc,heap     ] GC(272) Humongous regions: 826->826
[2024-12-04T16:40:45.937+0700][5,086s][info   ][gc,metaspace] GC(272) Metaspace: 5789K(6016K)->5789K(6016K) NonClass: 5127K(5248K)->5127K(5248K) Class: 661K(768K)->661K(768K)
[2024-12-04T16:40:45.937+0700][5,086s][info   ][gc          ] GC(272) Pause Young (Concurrent Start) (G1 Humongous Allocation) 829M->829M(1815M) 0,913ms
[2024-12-04T16:40:45.937+0700][5,086s][info   ][gc,cpu      ] GC(272) User=0,00s Sys=0,00s Real=0,00s
[2024-12-04T16:40:45.937+0700][5,086s][info   ][gc          ] GC(273) Concurrent Mark Cycle
[2024-12-04T16:40:45.937+0700][5,086s][info   ][gc,marking  ] GC(273) Concurrent Clear Claimed Marks
[2024-12-04T16:40:45.937+0700][5,086s][info   ][gc,marking  ] GC(273) Concurrent Clear Claimed Marks 0,010ms
[2024-12-04T16:40:45.937+0700][5,086s][info   ][gc,marking  ] GC(273) Concurrent Scan Root Regions
[2024-12-04T16:40:45.937+0700][5,086s][info   ][gc,marking  ] GC(273) Concurrent Scan Root Regions 0,128ms
[2024-12-04T16:40:45.937+0700][5,086s][info   ][gc,marking  ] GC(273) Concurrent Mark
[2024-12-04T16:40:45.937+0700][5,086s][info   ][gc,marking  ] GC(273) Concurrent Mark From Roots
[2024-12-04T16:40:45.937+0700][5,086s][info   ][gc,task     ] GC(273) Using 2 workers of 2 for marking
[2024-12-04T16:40:45.940+0700][5,089s][info   ][gc,marking  ] GC(273) Concurrent Mark From Roots 2,886ms
[2024-12-04T16:40:45.940+0700][5,089s][info   ][gc,marking  ] GC(273) Concurrent Preclean
[2024-12-04T16:40:45.940+0700][5,089s][info   ][gc,marking  ] GC(273) Concurrent Preclean 0,071ms
[2024-12-04T16:40:45.940+0700][5,089s][info   ][gc,start    ] GC(273) Pause Remark
[2024-12-04T16:40:45.941+0700][5,090s][info   ][gc          ] GC(273) Pause Remark 830M->830M(1815M) 0,809ms
[2024-12-04T16:40:45.941+0700][5,090s][info   ][gc,cpu      ] GC(273) User=0,00s Sys=0,00s Real=0,00s
[2024-12-04T16:40:45.941+0700][5,090s][info   ][gc,marking  ] GC(273) Concurrent Mark 3,915ms
[2024-12-04T16:40:45.941+0700][5,090s][info   ][gc,marking  ] GC(273) Concurrent Rebuild Remembered Sets
[2024-12-04T16:40:45.942+0700][5,091s][info   ][gc,marking  ] GC(273) Concurrent Rebuild Remembered Sets 1,200ms
[2024-12-04T16:40:45.942+0700][5,091s][info   ][gc,start    ] GC(273) Pause Cleanup
[2024-12-04T16:40:45.943+0700][5,091s][info   ][gc          ] GC(273) Pause Cleanup 830M->830M(1815M) 0,254ms
[2024-12-04T16:40:45.943+0700][5,091s][info   ][gc,cpu      ] GC(273) User=0,00s Sys=0,00s Real=0,00s
[2024-12-04T16:40:45.943+0700][5,091s][info   ][gc,marking  ] GC(273) Concurrent Cleanup for Next Mark
[2024-12-04T16:40:45.945+0700][5,094s][info   ][gc,marking  ] GC(273) Concurrent Cleanup for Next Mark 2,786ms
[2024-12-04T16:40:45.945+0700][5,094s][info   ][gc          ] GC(273) Concurrent Mark Cycle 8,495ms
[2024-12-04T16:40:45.949+0700][5,098s][info   ][gc,start    ] GC(274) Pause Young (Concurrent Start) (G1 Humongous Allocation)
[2024-12-04T16:40:45.949+0700][5,098s][info   ][gc,task     ] GC(274) Using 8 workers of 8 for evacuation
[2024-12-04T16:40:45.950+0700][5,099s][info   ][gc,phases   ] GC(274)   Pre Evacuate Collection Set: 0,2ms
[2024-12-04T16:40:45.950+0700][5,099s][info   ][gc,phases   ] GC(274)   Merge Heap Roots: 0,1ms
[2024-12-04T16:40:45.950+0700][5,099s][info   ][gc,phases   ] GC(274)   Evacuate Collection Set: 0,5ms
[2024-12-04T16:40:45.950+0700][5,099s][info   ][gc,phases   ] GC(274)   Post Evacuate Collection Set: 0,1ms
[2024-12-04T16:40:45.950+0700][5,099s][info   ][gc,phases   ] GC(274)   Other: 0,2ms
[2024-12-04T16:40:45.950+0700][5,099s][info   ][gc,heap     ] GC(274) Eden regions: 1->0(796)
[2024-12-04T16:40:45.950+0700][5,099s][info   ][gc,heap     ] GC(274) Survivor regions: 1->1(100)
[2024-12-04T16:40:45.950+0700][5,099s][info   ][gc,heap     ] GC(274) Old regions: 3->3
[2024-12-04T16:40:45.950+0700][5,099s][info   ][gc,heap     ] GC(274) Archive regions: 2->2
[2024-12-04T16:40:45.950+0700][5,099s][info   ][gc,heap     ] GC(274) Humongous regions: 828->828
[2024-12-04T16:40:45.950+0700][5,099s][info   ][gc,metaspace] GC(274) Metaspace: 5789K(6016K)->5789K(6016K) NonClass: 5127K(5248K)->5127K(5248K) Class: 661K(768K)->661K(768K)
[2024-12-04T16:40:45.950+0700][5,099s][info   ][gc          ] GC(274) Pause Young (Concurrent Start) (G1 Humongous Allocation) 831M->831M(1815M) 1,125ms
[2024-12-04T16:40:45.950+0700][5,099s][info   ][gc,cpu      ] GC(274) User=0,00s Sys=0,00s Real=0,00s
[2024-12-04T16:40:45.950+0700][5,099s][info   ][gc          ] GC(275) Concurrent Mark Cycle
[2024-12-04T16:40:45.950+0700][5,099s][info   ][gc,marking  ] GC(275) Concurrent Clear Claimed Marks
[2024-12-04T16:40:45.950+0700][5,099s][info   ][gc,marking  ] GC(275) Concurrent Clear Claimed Marks 0,008ms
[2024-12-04T16:40:45.950+0700][5,099s][info   ][gc,marking  ] GC(275) Concurrent Scan Root Regions
[2024-12-04T16:40:45.950+0700][5,099s][info   ][gc,marking  ] GC(275) Concurrent Scan Root Regions 0,158ms
[2024-12-04T16:40:45.950+0700][5,099s][info   ][gc,marking  ] GC(275) Concurrent Mark
[2024-12-04T16:40:45.950+0700][5,099s][info   ][gc,marking  ] GC(275) Concurrent Mark From Roots
[2024-12-04T16:40:45.950+0700][5,099s][info   ][gc,task     ] GC(275) Using 2 workers of 2 for marking
[2024-12-04T16:40:45.954+0700][5,103s][info   ][gc,marking  ] GC(275) Concurrent Mark From Roots 3,952ms
[2024-12-04T16:40:45.954+0700][5,103s][info   ][gc,marking  ] GC(275) Concurrent Preclean
[2024-12-04T16:40:45.954+0700][5,103s][info   ][gc,marking  ] GC(275) Concurrent Preclean 0,055ms
[2024-12-04T16:40:45.955+0700][5,103s][info   ][gc,start    ] GC(275) Pause Remark
[2024-12-04T16:40:45.956+0700][5,105s][info   ][gc          ] GC(275) Pause Remark 832M->832M(1815M) 1,160ms
[2024-12-04T16:40:45.956+0700][5,105s][info   ][gc,cpu      ] GC(275) User=0,00s Sys=0,00s Real=0,00s
[2024-12-04T16:40:45.956+0700][5,105s][info   ][gc,marking  ] GC(275) Concurrent Mark 5,379ms
[2024-12-04T16:40:45.956+0700][5,105s][info   ][gc,marking  ] GC(275) Concurrent Rebuild Remembered Sets
[2024-12-04T16:40:45.957+0700][5,106s][info   ][gc,marking  ] GC(275) Concurrent Rebuild Remembered Sets 1,584ms
[2024-12-04T16:40:45.957+0700][5,106s][info   ][gc,start    ] GC(275) Pause Cleanup
[2024-12-04T16:40:45.958+0700][5,107s][info   ][gc          ] GC(275) Pause Cleanup 832M->832M(1815M) 0,262ms
[2024-12-04T16:40:45.958+0700][5,107s][info   ][gc,cpu      ] GC(275) User=0,00s Sys=0,00s Real=0,00s
[2024-12-04T16:40:45.958+0700][5,107s][info   ][gc,marking  ] GC(275) Concurrent Cleanup for Next Mark
[2024-12-04T16:40:45.961+0700][5,110s][info   ][gc,marking  ] GC(275) Concurrent Cleanup for Next Mark 3,022ms
[2024-12-04T16:40:45.961+0700][5,110s][info   ][gc          ] GC(275) Concurrent Mark Cycle 10,658ms
[2024-12-04T16:40:45.964+0700][5,113s][info   ][gc,start    ] GC(276) Pause Young (Concurrent Start) (G1 Humongous Allocation)
[2024-12-04T16:40:45.964+0700][5,113s][info   ][gc,task     ] GC(276) Using 8 workers of 8 for evacuation
[2024-12-04T16:40:45.965+0700][5,114s][info   ][gc,phases   ] GC(276)   Pre Evacuate Collection Set: 0,2ms
[2024-12-04T16:40:45.965+0700][5,114s][info   ][gc,phases   ] GC(276)   Merge Heap Roots: 0,1ms
[2024-12-04T16:40:45.965+0700][5,114s][info   ][gc,phases   ] GC(276)   Evacuate Collection Set: 0,3ms
[2024-12-04T16:40:45.965+0700][5,114s][info   ][gc,phases   ] GC(276)   Post Evacuate Collection Set: 0,1ms
[2024-12-04T16:40:45.965+0700][5,114s][info   ][gc,phases   ] GC(276)   Other: 0,2ms
[2024-12-04T16:40:45.965+0700][5,114s][info   ][gc,heap     ] GC(276) Eden regions: 1->0(794)
[2024-12-04T16:40:45.965+0700][5,114s][info   ][gc,heap     ] GC(276) Survivor regions: 1->1(100)
[2024-12-04T16:40:45.965+0700][5,114s][info   ][gc,heap     ] GC(276) Old regions: 3->3
[2024-12-04T16:40:45.965+0700][5,114s][info   ][gc,heap     ] GC(276) Archive regions: 2->2
[2024-12-04T16:40:45.965+0700][5,114s][info   ][gc,heap     ] GC(276) Humongous regions: 830->830
[2024-12-04T16:40:45.965+0700][5,114s][info   ][gc,metaspace] GC(276) Metaspace: 5789K(6016K)->5789K(6016K) NonClass: 5127K(5248K)->5127K(5248K) Class: 661K(768K)->661K(768K)
[2024-12-04T16:40:45.965+0700][5,114s][info   ][gc          ] GC(276) Pause Young (Concurrent Start) (G1 Humongous Allocation) 833M->833M(1815M) 1,019ms
[2024-12-04T16:40:45.965+0700][5,114s][info   ][gc,cpu      ] GC(276) User=0,00s Sys=0,00s Real=0,00s
[2024-12-04T16:40:45.965+0700][5,114s][info   ][gc          ] GC(277) Concurrent Mark Cycle
[2024-12-04T16:40:45.965+0700][5,114s][info   ][gc,marking  ] GC(277) Concurrent Clear Claimed Marks
[2024-12-04T16:40:45.965+0700][5,114s][info   ][gc,marking  ] GC(277) Concurrent Clear Claimed Marks 0,015ms
[2024-12-04T16:40:45.965+0700][5,114s][info   ][gc,marking  ] GC(277) Concurrent Scan Root Regions
[2024-12-04T16:40:45.965+0700][5,114s][info   ][gc,marking  ] GC(277) Concurrent Scan Root Regions 0,297ms
[2024-12-04T16:40:45.965+0700][5,114s][info   ][gc,marking  ] GC(277) Concurrent Mark
[2024-12-04T16:40:45.965+0700][5,114s][info   ][gc,marking  ] GC(277) Concurrent Mark From Roots
[2024-12-04T16:40:45.965+0700][5,114s][info   ][gc,task     ] GC(277) Using 2 workers of 2 for marking
[2024-12-04T16:40:45.968+0700][5,117s][info   ][gc,marking  ] GC(277) Concurrent Mark From Roots 2,732ms
[2024-12-04T16:40:45.968+0700][5,117s][info   ][gc,marking  ] GC(277) Concurrent Preclean
[2024-12-04T16:40:45.968+0700][5,117s][info   ][gc,marking  ] GC(277) Concurrent Preclean 0,048ms
[2024-12-04T16:40:45.968+0700][5,117s][info   ][gc,start    ] GC(277) Pause Remark
[2024-12-04T16:40:45.969+0700][5,118s][info   ][gc          ] GC(277) Pause Remark 834M->834M(1815M) 1,144ms
[2024-12-04T16:40:45.969+0700][5,118s][info   ][gc,cpu      ] GC(277) User=0,00s Sys=0,00s Real=0,00s
[2024-12-04T16:40:45.969+0700][5,118s][info   ][gc,marking  ] GC(277) Concurrent Mark 4,054ms
[2024-12-04T16:40:45.969+0700][5,118s][info   ][gc,marking  ] GC(277) Concurrent Rebuild Remembered Sets
[2024-12-04T16:40:45.971+0700][5,120s][info   ][gc,marking  ] GC(277) Concurrent Rebuild Remembered Sets 1,358ms
[2024-12-04T16:40:45.971+0700][5,120s][info   ][gc,start    ] GC(277) Pause Cleanup
[2024-12-04T16:40:45.971+0700][5,120s][info   ][gc          ] GC(277) Pause Cleanup 835M->835M(1815M) 0,188ms
[2024-12-04T16:40:45.971+0700][5,120s][info   ][gc,cpu      ] GC(277) User=0,00s Sys=0,00s Real=0,00s
[2024-12-04T16:40:45.971+0700][5,120s][info   ][gc,marking  ] GC(277) Concurrent Cleanup for Next Mark
[2024-12-04T16:40:45.974+0700][5,123s][info   ][gc,marking  ] GC(277) Concurrent Cleanup for Next Mark 2,803ms
[2024-12-04T16:40:45.974+0700][5,123s][info   ][gc          ] GC(277) Concurrent Mark Cycle 9,205ms
[2024-12-04T16:40:45.977+0700][5,125s][info   ][gc,start    ] GC(278) Pause Young (Concurrent Start) (G1 Humongous Allocation)
[2024-12-04T16:40:45.977+0700][5,125s][info   ][gc,task     ] GC(278) Using 8 workers of 8 for evacuation
[2024-12-04T16:40:45.978+0700][5,126s][info   ][gc,phases   ] GC(278)   Pre Evacuate Collection Set: 0,3ms
[2024-12-04T16:40:45.978+0700][5,126s][info   ][gc,phases   ] GC(278)   Merge Heap Roots: 0,1ms
[2024-12-04T16:40:45.978+0700][5,127s][info   ][gc,phases   ] GC(278)   Evacuate Collection Set: 0,3ms
[2024-12-04T16:40:45.978+0700][5,127s][info   ][gc,phases   ] GC(278)   Post Evacuate Collection Set: 0,4ms
[2024-12-04T16:40:45.978+0700][5,127s][info   ][gc,phases   ] GC(278)   Other: 0,1ms
[2024-12-04T16:40:45.978+0700][5,127s][info   ][gc,heap     ] GC(278) Eden regions: 1->0(824)
[2024-12-04T16:40:45.978+0700][5,127s][info   ][gc,heap     ] GC(278) Survivor regions: 1->1(100)
[2024-12-04T16:40:45.978+0700][5,127s][info   ][gc,heap     ] GC(278) Old regions: 3->3
[2024-12-04T16:40:45.978+0700][5,127s][info   ][gc,heap     ] GC(278) Archive regions: 2->2
[2024-12-04T16:40:45.978+0700][5,127s][info   ][gc,heap     ] GC(278) Humongous regions: 832->832
[2024-12-04T16:40:45.978+0700][5,127s][info   ][gc,metaspace] GC(278) Metaspace: 5789K(6016K)->5789K(6016K) NonClass: 5127K(5248K)->5127K(5248K) Class: 661K(768K)->661K(768K)
[2024-12-04T16:40:45.978+0700][5,127s][info   ][gc          ] GC(278) Pause Young (Concurrent Start) (G1 Humongous Allocation) 835M->835M(1849M) 1,128ms
[2024-12-04T16:40:45.978+0700][5,127s][info   ][gc,cpu      ] GC(278) User=0,00s Sys=0,00s Real=0,00s
[2024-12-04T16:40:45.978+0700][5,127s][info   ][gc          ] GC(279) Concurrent Mark Cycle
[2024-12-04T16:40:45.978+0700][5,127s][info   ][gc,marking  ] GC(279) Concurrent Clear Claimed Marks
[2024-12-04T16:40:45.978+0700][5,127s][info   ][gc,marking  ] GC(279) Concurrent Clear Claimed Marks 0,016ms
[2024-12-04T16:40:45.978+0700][5,127s][info   ][gc,marking  ] GC(279) Concurrent Scan Root Regions
[2024-12-04T16:40:45.978+0700][5,127s][info   ][gc,marking  ] GC(279) Concurrent Scan Root Regions 0,229ms
[2024-12-04T16:40:45.978+0700][5,127s][info   ][gc,marking  ] GC(279) Concurrent Mark
[2024-12-04T16:40:45.978+0700][5,127s][info   ][gc,marking  ] GC(279) Concurrent Mark From Roots
[2024-12-04T16:40:45.978+0700][5,127s][info   ][gc,task     ] GC(279) Using 2 workers of 2 for marking
[2024-12-04T16:40:45.980+0700][5,129s][info   ][gc,marking  ] GC(279) Concurrent Mark From Roots 2,495ms
[2024-12-04T16:40:45.981+0700][5,129s][info   ][gc,marking  ] GC(279) Concurrent Preclean
[2024-12-04T16:40:45.981+0700][5,129s][info   ][gc,marking  ] GC(279) Concurrent Preclean 0,048ms
[2024-12-04T16:40:45.981+0700][5,129s][info   ][gc,start    ] GC(279) Pause Remark
[2024-12-04T16:40:45.981+0700][5,130s][info   ][gc          ] GC(279) Pause Remark 836M->836M(1849M) 0,643ms
[2024-12-04T16:40:45.981+0700][5,130s][info   ][gc,cpu      ] GC(279) User=0,00s Sys=0,00s Real=0,00s
[2024-12-04T16:40:45.981+0700][5,130s][info   ][gc,marking  ] GC(279) Concurrent Mark 3,295ms
[2024-12-04T16:40:45.981+0700][5,130s][info   ][gc,marking  ] GC(279) Concurrent Rebuild Remembered Sets
[2024-12-04T16:40:45.982+0700][5,131s][info   ][gc,marking  ] GC(279) Concurrent Rebuild Remembered Sets 1,195ms
[2024-12-04T16:40:45.983+0700][5,131s][info   ][gc,start    ] GC(279) Pause Cleanup
[2024-12-04T16:40:45.983+0700][5,132s][info   ][gc          ] GC(279) Pause Cleanup 836M->836M(1849M) 0,180ms
[2024-12-04T16:40:45.983+0700][5,132s][info   ][gc,cpu      ] GC(279) User=0,01s Sys=0,00s Real=0,00s
[2024-12-04T16:40:45.983+0700][5,132s][info   ][gc,marking  ] GC(279) Concurrent Cleanup for Next Mark
[2024-12-04T16:40:45.987+0700][5,136s][info   ][gc,marking  ] GC(279) Concurrent Cleanup for Next Mark 3,898ms
[2024-12-04T16:40:45.987+0700][5,136s][info   ][gc          ] GC(279) Concurrent Mark Cycle 9,000ms
[2024-12-04T16:40:45.989+0700][5,138s][info   ][gc,start    ] GC(280) Pause Young (Concurrent Start) (G1 Humongous Allocation)
[2024-12-04T16:40:45.989+0700][5,138s][info   ][gc,task     ] GC(280) Using 8 workers of 8 for evacuation
[2024-12-04T16:40:45.990+0700][5,139s][info   ][gc,phases   ] GC(280)   Pre Evacuate Collection Set: 0,2ms
[2024-12-04T16:40:45.990+0700][5,139s][info   ][gc,phases   ] GC(280)   Merge Heap Roots: 0,1ms
[2024-12-04T16:40:45.990+0700][5,139s][info   ][gc,phases   ] GC(280)   Evacuate Collection Set: 0,4ms
[2024-12-04T16:40:45.990+0700][5,139s][info   ][gc,phases   ] GC(280)   Post Evacuate Collection Set: 0,1ms
[2024-12-04T16:40:45.990+0700][5,139s][info   ][gc,phases   ] GC(280)   Other: 0,2ms
[2024-12-04T16:40:45.990+0700][5,139s][info   ][gc,heap     ] GC(280) Eden regions: 1->0(822)
[2024-12-04T16:40:45.990+0700][5,139s][info   ][gc,heap     ] GC(280) Survivor regions: 1->1(104)
[2024-12-04T16:40:45.990+0700][5,139s][info   ][gc,heap     ] GC(280) Old regions: 3->3
[2024-12-04T16:40:45.990+0700][5,139s][info   ][gc,heap     ] GC(280) Archive regions: 2->2
[2024-12-04T16:40:45.990+0700][5,139s][info   ][gc,heap     ] GC(280) Humongous regions: 834->834
[2024-12-04T16:40:45.990+0700][5,139s][info   ][gc,metaspace] GC(280) Metaspace: 5789K(6016K)->5789K(6016K) NonClass: 5127K(5248K)->5127K(5248K) Class: 661K(768K)->661K(768K)
[2024-12-04T16:40:45.990+0700][5,139s][info   ][gc          ] GC(280) Pause Young (Concurrent Start) (G1 Humongous Allocation) 837M->837M(1849M) 0,998ms
[2024-12-04T16:40:45.990+0700][5,139s][info   ][gc,cpu      ] GC(280) User=0,01s Sys=0,00s Real=0,00s
[2024-12-04T16:40:45.990+0700][5,139s][info   ][gc          ] GC(281) Concurrent Mark Cycle
[2024-12-04T16:40:45.990+0700][5,139s][info   ][gc,marking  ] GC(281) Concurrent Clear Claimed Marks
[2024-12-04T16:40:45.990+0700][5,139s][info   ][gc,marking  ] GC(281) Concurrent Clear Claimed Marks 0,009ms
[2024-12-04T16:40:45.990+0700][5,139s][info   ][gc,marking  ] GC(281) Concurrent Scan Root Regions
[2024-12-04T16:40:45.990+0700][5,139s][info   ][gc,marking  ] GC(281) Concurrent Scan Root Regions 0,143ms
[2024-12-04T16:40:45.990+0700][5,139s][info   ][gc,marking  ] GC(281) Concurrent Mark
[2024-12-04T16:40:45.990+0700][5,139s][info   ][gc,marking  ] GC(281) Concurrent Mark From Roots
[2024-12-04T16:40:45.990+0700][5,139s][info   ][gc,task     ] GC(281) Using 2 workers of 2 for marking
[2024-12-04T16:40:45.993+0700][5,142s][info   ][gc,marking  ] GC(281) Concurrent Mark From Roots 2,809ms
[2024-12-04T16:40:45.993+0700][5,142s][info   ][gc,marking  ] GC(281) Concurrent Preclean
[2024-12-04T16:40:45.993+0700][5,142s][info   ][gc,marking  ] GC(281) Concurrent Preclean 0,055ms
[2024-12-04T16:40:45.993+0700][5,142s][info   ][gc,start    ] GC(281) Pause Remark
[2024-12-04T16:40:45.994+0700][5,143s][info   ][gc          ] GC(281) Pause Remark 838M->838M(1849M) 0,605ms
[2024-12-04T16:40:45.994+0700][5,143s][info   ][gc,cpu      ] GC(281) User=0,00s Sys=0,00s Real=0,00s
[2024-12-04T16:40:45.994+0700][5,143s][info   ][gc,marking  ] GC(281) Concurrent Mark 3,551ms
[2024-12-04T16:40:45.994+0700][5,143s][info   ][gc,marking  ] GC(281) Concurrent Rebuild Remembered Sets
[2024-12-04T16:40:45.995+0700][5,144s][info   ][gc,marking  ] GC(281) Concurrent Rebuild Remembered Sets 1,273ms
[2024-12-04T16:40:45.995+0700][5,144s][info   ][gc,start    ] GC(281) Pause Cleanup
[2024-12-04T16:40:45.995+0700][5,144s][info   ][gc          ] GC(281) Pause Cleanup 838M->838M(1849M) 0,091ms
[2024-12-04T16:40:45.995+0700][5,144s][info   ][gc,cpu      ] GC(281) User=0,00s Sys=0,00s Real=0,00s
[2024-12-04T16:40:45.995+0700][5,144s][info   ][gc,marking  ] GC(281) Concurrent Cleanup for Next Mark
[2024-12-04T16:40:45.999+0700][5,148s][info   ][gc,marking  ] GC(281) Concurrent Cleanup for Next Mark 4,028ms
[2024-12-04T16:40:45.999+0700][5,148s][info   ][gc          ] GC(281) Concurrent Mark Cycle 9,223ms
[2024-12-04T16:40:46.002+0700][5,151s][info   ][gc,start    ] GC(282) Pause Young (Concurrent Start) (G1 Humongous Allocation)
[2024-12-04T16:40:46.002+0700][5,151s][info   ][gc,task     ] GC(282) Using 8 workers of 8 for evacuation
[2024-12-04T16:40:46.003+0700][5,152s][info   ][gc,phases   ] GC(282)   Pre Evacuate Collection Set: 0,2ms
[2024-12-04T16:40:46.003+0700][5,152s][info   ][gc,phases   ] GC(282)   Merge Heap Roots: 0,1ms
[2024-12-04T16:40:46.003+0700][5,152s][info   ][gc,phases   ] GC(282)   Evacuate Collection Set: 0,3ms
[2024-12-04T16:40:46.003+0700][5,152s][info   ][gc,phases   ] GC(282)   Post Evacuate Collection Set: 0,1ms
[2024-12-04T16:40:46.003+0700][5,152s][info   ][gc,phases   ] GC(282)   Other: 0,2ms
[2024-12-04T16:40:46.003+0700][5,152s][info   ][gc,heap     ] GC(282) Eden regions: 1->0(820)
[2024-12-04T16:40:46.003+0700][5,152s][info   ][gc,heap     ] GC(282) Survivor regions: 1->1(103)
[2024-12-04T16:40:46.003+0700][5,152s][info   ][gc,heap     ] GC(282) Old regions: 3->3
[2024-12-04T16:40:46.003+0700][5,152s][info   ][gc,heap     ] GC(282) Archive regions: 2->2
[2024-12-04T16:40:46.003+0700][5,152s][info   ][gc,heap     ] GC(282) Humongous regions: 836->836
[2024-12-04T16:40:46.003+0700][5,152s][info   ][gc,metaspace] GC(282) Metaspace: 5789K(6016K)->5789K(6016K) NonClass: 5127K(5248K)->5127K(5248K) Class: 661K(768K)->661K(768K)
[2024-12-04T16:40:46.003+0700][5,152s][info   ][gc          ] GC(282) Pause Young (Concurrent Start) (G1 Humongous Allocation) 839M->839M(1849M) 0,941ms
[2024-12-04T16:40:46.003+0700][5,152s][info   ][gc,cpu      ] GC(282) User=0,00s Sys=0,00s Real=0,00s
[2024-12-04T16:40:46.003+0700][5,152s][info   ][gc          ] GC(283) Concurrent Mark Cycle
[2024-12-04T16:40:46.003+0700][5,152s][info   ][gc,marking  ] GC(283) Concurrent Clear Claimed Marks
[2024-12-04T16:40:46.003+0700][5,152s][info   ][gc,marking  ] GC(283) Concurrent Clear Claimed Marks 0,012ms
[2024-12-04T16:40:46.003+0700][5,152s][info   ][gc,marking  ] GC(283) Concurrent Scan Root Regions
[2024-12-04T16:40:46.003+0700][5,152s][info   ][gc,marking  ] GC(283) Concurrent Scan Root Regions 0,261ms
[2024-12-04T16:40:46.003+0700][5,152s][info   ][gc,marking  ] GC(283) Concurrent Mark
[2024-12-04T16:40:46.003+0700][5,152s][info   ][gc,marking  ] GC(283) Concurrent Mark From Roots
[2024-12-04T16:40:46.003+0700][5,152s][info   ][gc,task     ] GC(283) Using 2 workers of 2 for marking
[2024-12-04T16:40:46.006+0700][5,155s][info   ][gc,marking  ] GC(283) Concurrent Mark From Roots 2,489ms
[2024-12-04T16:40:46.006+0700][5,155s][info   ][gc,marking  ] GC(283) Concurrent Preclean
[2024-12-04T16:40:46.006+0700][5,155s][info   ][gc,marking  ] GC(283) Concurrent Preclean 0,042ms
[2024-12-04T16:40:46.006+0700][5,155s][info   ][gc,start    ] GC(283) Pause Remark
[2024-12-04T16:40:46.007+0700][5,155s][info   ][gc          ] GC(283) Pause Remark 840M->840M(1849M) 0,644ms
[2024-12-04T16:40:46.007+0700][5,156s][info   ][gc,cpu      ] GC(283) User=0,01s Sys=0,00s Real=0,00s
[2024-12-04T16:40:46.007+0700][5,156s][info   ][gc,marking  ] GC(283) Concurrent Mark 3,303ms
[2024-12-04T16:40:46.007+0700][5,156s][info   ][gc,marking  ] GC(283) Concurrent Rebuild Remembered Sets
[2024-12-04T16:40:46.008+0700][5,157s][info   ][gc,marking  ] GC(283) Concurrent Rebuild Remembered Sets 1,637ms
[2024-12-04T16:40:46.008+0700][5,157s][info   ][gc,start    ] GC(283) Pause Cleanup
[2024-12-04T16:40:46.009+0700][5,158s][info   ][gc          ] GC(283) Pause Cleanup 840M->840M(1849M) 0,283ms
[2024-12-04T16:40:46.009+0700][5,158s][info   ][gc,cpu      ] GC(283) User=0,00s Sys=0,00s Real=0,00s
[2024-12-04T16:40:46.009+0700][5,158s][info   ][gc,marking  ] GC(283) Concurrent Cleanup for Next Mark
[2024-12-04T16:40:46.011+0700][5,160s][info   ][gc,marking  ] GC(283) Concurrent Cleanup for Next Mark 2,706ms
[2024-12-04T16:40:46.011+0700][5,160s][info   ][gc          ] GC(283) Concurrent Mark Cycle 8,375ms
[2024-12-04T16:40:46.015+0700][5,163s][info   ][gc,start    ] GC(284) Pause Young (Concurrent Start) (G1 Humongous Allocation)
[2024-12-04T16:40:46.015+0700][5,163s][info   ][gc,task     ] GC(284) Using 8 workers of 8 for evacuation
[2024-12-04T16:40:46.016+0700][5,165s][info   ][gc,phases   ] GC(284)   Pre Evacuate Collection Set: 0,2ms
[2024-12-04T16:40:46.016+0700][5,165s][info   ][gc,phases   ] GC(284)   Merge Heap Roots: 0,1ms
[2024-12-04T16:40:46.016+0700][5,165s][info   ][gc,phases   ] GC(284)   Evacuate Collection Set: 0,6ms
[2024-12-04T16:40:46.016+0700][5,165s][info   ][gc,phases   ] GC(284)   Post Evacuate Collection Set: 0,1ms
[2024-12-04T16:40:46.016+0700][5,165s][info   ][gc,phases   ] GC(284)   Other: 0,2ms
[2024-12-04T16:40:46.016+0700][5,165s][info   ][gc,heap     ] GC(284) Eden regions: 1->0(819)
[2024-12-04T16:40:46.016+0700][5,165s][info   ][gc,heap     ] GC(284) Survivor regions: 1->1(103)
[2024-12-04T16:40:46.016+0700][5,165s][info   ][gc,heap     ] GC(284) Old regions: 3->3
[2024-12-04T16:40:46.016+0700][5,165s][info   ][gc,heap     ] GC(284) Archive regions: 2->2
[2024-12-04T16:40:46.016+0700][5,165s][info   ][gc,heap     ] GC(284) Humongous regions: 838->838
[2024-12-04T16:40:46.016+0700][5,165s][info   ][gc,metaspace] GC(284) Metaspace: 5789K(6016K)->5789K(6016K) NonClass: 5127K(5248K)->5127K(5248K) Class: 661K(768K)->661K(768K)
[2024-12-04T16:40:46.016+0700][5,165s][info   ][gc          ] GC(284) Pause Young (Concurrent Start) (G1 Humongous Allocation) 841M->841M(1849M) 1,316ms
[2024-12-04T16:40:46.016+0700][5,165s][info   ][gc,cpu      ] GC(284) User=0,01s Sys=0,00s Real=0,00s
[2024-12-04T16:40:46.016+0700][5,165s][info   ][gc          ] GC(285) Concurrent Mark Cycle
[2024-12-04T16:40:46.016+0700][5,165s][info   ][gc,marking  ] GC(285) Concurrent Clear Claimed Marks
[2024-12-04T16:40:46.016+0700][5,165s][info   ][gc,marking  ] GC(285) Concurrent Clear Claimed Marks 0,018ms
[2024-12-04T16:40:46.016+0700][5,165s][info   ][gc,marking  ] GC(285) Concurrent Scan Root Regions
[2024-12-04T16:40:46.016+0700][5,165s][info   ][gc,marking  ] GC(285) Concurrent Scan Root Regions 0,209ms
[2024-12-04T16:40:46.016+0700][5,165s][info   ][gc,marking  ] GC(285) Concurrent Mark
[2024-12-04T16:40:46.016+0700][5,165s][info   ][gc,marking  ] GC(285) Concurrent Mark From Roots
[2024-12-04T16:40:46.016+0700][5,165s][info   ][gc,task     ] GC(285) Using 2 workers of 2 for marking
[2024-12-04T16:40:46.020+0700][5,169s][info   ][gc,marking  ] GC(285) Concurrent Mark From Roots 3,639ms
[2024-12-04T16:40:46.020+0700][5,169s][info   ][gc,marking  ] GC(285) Concurrent Preclean
[2024-12-04T16:40:46.020+0700][5,169s][info   ][gc,marking  ] GC(285) Concurrent Preclean 0,043ms
[2024-12-04T16:40:46.020+0700][5,169s][info   ][gc,start    ] GC(285) Pause Remark
[2024-12-04T16:40:46.021+0700][5,169s][info   ][gc          ] GC(285) Pause Remark 842M->842M(1849M) 0,628ms
[2024-12-04T16:40:46.021+0700][5,169s][info   ][gc,cpu      ] GC(285) User=0,01s Sys=0,00s Real=0,00s
[2024-12-04T16:40:46.021+0700][5,169s][info   ][gc,marking  ] GC(285) Concurrent Mark 4,437ms
[2024-12-04T16:40:46.021+0700][5,170s][info   ][gc,marking  ] GC(285) Concurrent Rebuild Remembered Sets
[2024-12-04T16:40:46.022+0700][5,171s][info   ][gc,marking  ] GC(285) Concurrent Rebuild Remembered Sets 1,039ms
[2024-12-04T16:40:46.022+0700][5,171s][info   ][gc,start    ] GC(285) Pause Cleanup
[2024-12-04T16:40:46.022+0700][5,171s][info   ][gc          ] GC(285) Pause Cleanup 842M->842M(1849M) 0,145ms
[2024-12-04T16:40:46.022+0700][5,171s][info   ][gc,cpu      ] GC(285) User=0,00s Sys=0,00s Real=0,00s
[2024-12-04T16:40:46.022+0700][5,171s][info   ][gc,marking  ] GC(285) Concurrent Cleanup for Next Mark
[2024-12-04T16:40:46.024+0700][5,173s][info   ][gc,marking  ] GC(285) Concurrent Cleanup for Next Mark 2,577ms
[2024-12-04T16:40:46.025+0700][5,173s][info   ][gc          ] GC(285) Concurrent Mark Cycle 8,589ms
[2024-12-04T16:40:46.028+0700][5,177s][info   ][gc,start    ] GC(286) Pause Young (Concurrent Start) (G1 Humongous Allocation)
[2024-12-04T16:40:46.028+0700][5,177s][info   ][gc,task     ] GC(286) Using 8 workers of 8 for evacuation
[2024-12-04T16:40:46.029+0700][5,177s][info   ][gc,phases   ] GC(286)   Pre Evacuate Collection Set: 0,2ms
[2024-12-04T16:40:46.029+0700][5,177s][info   ][gc,phases   ] GC(286)   Merge Heap Roots: 0,1ms
[2024-12-04T16:40:46.029+0700][5,178s][info   ][gc,phases   ] GC(286)   Evacuate Collection Set: 0,4ms
[2024-12-04T16:40:46.029+0700][5,178s][info   ][gc,phases   ] GC(286)   Post Evacuate Collection Set: 0,1ms
[2024-12-04T16:40:46.029+0700][5,178s][info   ][gc,phases   ] GC(286)   Other: 0,2ms
[2024-12-04T16:40:46.029+0700][5,178s][info   ][gc,heap     ] GC(286) Eden regions: 1->0(817)
[2024-12-04T16:40:46.029+0700][5,178s][info   ][gc,heap     ] GC(286) Survivor regions: 1->1(103)
[2024-12-04T16:40:46.029+0700][5,178s][info   ][gc,heap     ] GC(286) Old regions: 3->3
[2024-12-04T16:40:46.029+0700][5,178s][info   ][gc,heap     ] GC(286) Archive regions: 2->2
[2024-12-04T16:40:46.029+0700][5,178s][info   ][gc,heap     ] GC(286) Humongous regions: 840->840
[2024-12-04T16:40:46.029+0700][5,178s][info   ][gc,metaspace] GC(286) Metaspace: 5789K(6016K)->5789K(6016K) NonClass: 5127K(5248K)->5127K(5248K) Class: 661K(768K)->661K(768K)
[2024-12-04T16:40:46.029+0700][5,178s][info   ][gc          ] GC(286) Pause Young (Concurrent Start) (G1 Humongous Allocation) 843M->843M(1849M) 1,039ms
[2024-12-04T16:40:46.029+0700][5,178s][info   ][gc,cpu      ] GC(286) User=0,01s Sys=0,00s Real=0,00s
[2024-12-04T16:40:46.029+0700][5,178s][info   ][gc          ] GC(287) Concurrent Mark Cycle
[2024-12-04T16:40:46.029+0700][5,178s][info   ][gc,marking  ] GC(287) Concurrent Clear Claimed Marks
[2024-12-04T16:40:46.029+0700][5,178s][info   ][gc,marking  ] GC(287) Concurrent Clear Claimed Marks 0,009ms
[2024-12-04T16:40:46.029+0700][5,178s][info   ][gc,marking  ] GC(287) Concurrent Scan Root Regions
[2024-12-04T16:40:46.029+0700][5,178s][info   ][gc,marking  ] GC(287) Concurrent Scan Root Regions 0,224ms
[2024-12-04T16:40:46.029+0700][5,178s][info   ][gc,marking  ] GC(287) Concurrent Mark
[2024-12-04T16:40:46.029+0700][5,178s][info   ][gc,marking  ] GC(287) Concurrent Mark From Roots
[2024-12-04T16:40:46.029+0700][5,178s][info   ][gc,task     ] GC(287) Using 2 workers of 2 for marking
[2024-12-04T16:40:46.032+0700][5,180s][info   ][gc,marking  ] GC(287) Concurrent Mark From Roots 2,542ms
[2024-12-04T16:40:46.032+0700][5,180s][info   ][gc,marking  ] GC(287) Concurrent Preclean
[2024-12-04T16:40:46.032+0700][5,180s][info   ][gc,marking  ] GC(287) Concurrent Preclean 0,038ms
[2024-12-04T16:40:46.032+0700][5,180s][info   ][gc,start    ] GC(287) Pause Remark
[2024-12-04T16:40:46.032+0700][5,181s][info   ][gc          ] GC(287) Pause Remark 844M->844M(1849M) 0,695ms
[2024-12-04T16:40:46.032+0700][5,181s][info   ][gc,cpu      ] GC(287) User=0,00s Sys=0,00s Real=0,00s
[2024-12-04T16:40:46.032+0700][5,181s][info   ][gc,marking  ] GC(287) Concurrent Mark 3,370ms
[2024-12-04T16:40:46.032+0700][5,181s][info   ][gc,marking  ] GC(287) Concurrent Rebuild Remembered Sets
[2024-12-04T16:40:46.034+0700][5,183s][info   ][gc,marking  ] GC(287) Concurrent Rebuild Remembered Sets 1,394ms
[2024-12-04T16:40:46.034+0700][5,183s][info   ][gc,start    ] GC(287) Pause Cleanup
[2024-12-04T16:40:46.034+0700][5,183s][info   ][gc          ] GC(287) Pause Cleanup 844M->844M(1849M) 0,114ms
[2024-12-04T16:40:46.034+0700][5,183s][info   ][gc,cpu      ] GC(287) User=0,00s Sys=0,00s Real=0,00s
[2024-12-04T16:40:46.034+0700][5,183s][info   ][gc,marking  ] GC(287) Concurrent Cleanup for Next Mark
[2024-12-04T16:40:46.038+0700][5,187s][info   ][gc,marking  ] GC(287) Concurrent Cleanup for Next Mark 3,927ms
[2024-12-04T16:40:46.038+0700][5,187s][info   ][gc          ] GC(287) Concurrent Mark Cycle 9,176ms
[2024-12-04T16:40:46.040+0700][5,189s][info   ][gc,start    ] GC(288) Pause Young (Concurrent Start) (G1 Humongous Allocation)
[2024-12-04T16:40:46.040+0700][5,189s][info   ][gc,task     ] GC(288) Using 8 workers of 8 for evacuation
[2024-12-04T16:40:46.041+0700][5,190s][info   ][gc,phases   ] GC(288)   Pre Evacuate Collection Set: 0,2ms
[2024-12-04T16:40:46.041+0700][5,190s][info   ][gc,phases   ] GC(288)   Merge Heap Roots: 0,1ms
[2024-12-04T16:40:46.041+0700][5,190s][info   ][gc,phases   ] GC(288)   Evacuate Collection Set: 0,3ms
[2024-12-04T16:40:46.041+0700][5,190s][info   ][gc,phases   ] GC(288)   Post Evacuate Collection Set: 0,2ms
[2024-12-04T16:40:46.041+0700][5,190s][info   ][gc,phases   ] GC(288)   Other: 0,1ms
[2024-12-04T16:40:46.041+0700][5,190s][info   ][gc,heap     ] GC(288) Eden regions: 1->0(815)
[2024-12-04T16:40:46.041+0700][5,190s][info   ][gc,heap     ] GC(288) Survivor regions: 1->1(103)
[2024-12-04T16:40:46.041+0700][5,190s][info   ][gc,heap     ] GC(288) Old regions: 3->3
[2024-12-04T16:40:46.041+0700][5,190s][info   ][gc,heap     ] GC(288) Archive regions: 2->2
[2024-12-04T16:40:46.041+0700][5,190s][info   ][gc,heap     ] GC(288) Humongous regions: 842->842
[2024-12-04T16:40:46.041+0700][5,190s][info   ][gc,metaspace] GC(288) Metaspace: 5789K(6016K)->5789K(6016K) NonClass: 5127K(5248K)->5127K(5248K) Class: 661K(768K)->661K(768K)
[2024-12-04T16:40:46.041+0700][5,190s][info   ][gc          ] GC(288) Pause Young (Concurrent Start) (G1 Humongous Allocation) 845M->845M(1849M) 1,047ms
[2024-12-04T16:40:46.041+0700][5,190s][info   ][gc,cpu      ] GC(288) User=0,01s Sys=0,00s Real=0,00s
[2024-12-04T16:40:46.041+0700][5,190s][info   ][gc          ] GC(289) Concurrent Mark Cycle
[2024-12-04T16:40:46.041+0700][5,190s][info   ][gc,marking  ] GC(289) Concurrent Clear Claimed Marks
[2024-12-04T16:40:46.041+0700][5,190s][info   ][gc,marking  ] GC(289) Concurrent Clear Claimed Marks 0,014ms
[2024-12-04T16:40:46.041+0700][5,190s][info   ][gc,marking  ] GC(289) Concurrent Scan Root Regions
[2024-12-04T16:40:46.042+0700][5,190s][info   ][gc,marking  ] GC(289) Concurrent Scan Root Regions 0,157ms
[2024-12-04T16:40:46.042+0700][5,190s][info   ][gc,marking  ] GC(289) Concurrent Mark
[2024-12-04T16:40:46.042+0700][5,191s][info   ][gc,marking  ] GC(289) Concurrent Mark From Roots
[2024-12-04T16:40:46.042+0700][5,191s][info   ][gc,task     ] GC(289) Using 2 workers of 2 for marking
[2024-12-04T16:40:46.046+0700][5,195s][info   ][gc,marking  ] GC(289) Concurrent Mark From Roots 4,000ms
[2024-12-04T16:40:46.046+0700][5,195s][info   ][gc,marking  ] GC(289) Concurrent Preclean
[2024-12-04T16:40:46.046+0700][5,195s][info   ][gc,marking  ] GC(289) Concurrent Preclean 0,088ms
[2024-12-04T16:40:46.046+0700][5,195s][info   ][gc,start    ] GC(289) Pause Remark
[2024-12-04T16:40:46.047+0700][5,196s][info   ][gc          ] GC(289) Pause Remark 846M->846M(1849M) 0,954ms
[2024-12-04T16:40:46.047+0700][5,196s][info   ][gc,cpu      ] GC(289) User=0,01s Sys=0,00s Real=0,00s
[2024-12-04T16:40:46.047+0700][5,196s][info   ][gc,marking  ] GC(289) Concurrent Mark 5,191ms
[2024-12-04T16:40:46.047+0700][5,196s][info   ][gc,marking  ] GC(289) Concurrent Rebuild Remembered Sets
[2024-12-04T16:40:46.049+0700][5,198s][info   ][gc,marking  ] GC(289) Concurrent Rebuild Remembered Sets 1,840ms
[2024-12-04T16:40:46.049+0700][5,198s][info   ][gc,start    ] GC(289) Pause Cleanup
[2024-12-04T16:40:46.049+0700][5,198s][info   ][gc          ] GC(289) Pause Cleanup 847M->847M(1849M) 0,203ms
[2024-12-04T16:40:46.049+0700][5,198s][info   ][gc,cpu      ] GC(289) User=0,00s Sys=0,00s Real=0,00s
[2024-12-04T16:40:46.049+0700][5,198s][info   ][gc,marking  ] GC(289) Concurrent Cleanup for Next Mark
[2024-12-04T16:40:46.052+0700][5,201s][info   ][gc,marking  ] GC(289) Concurrent Cleanup for Next Mark 3,110ms
[2024-12-04T16:40:46.052+0700][5,201s][info   ][gc          ] GC(289) Concurrent Mark Cycle 10,706ms
[2024-12-04T16:40:46.053+0700][5,202s][info   ][gc,start    ] GC(290) Pause Young (Concurrent Start) (G1 Humongous Allocation)
[2024-12-04T16:40:46.053+0700][5,202s][info   ][gc,task     ] GC(290) Using 8 workers of 8 for evacuation
[2024-12-04T16:40:46.054+0700][5,203s][info   ][gc,phases   ] GC(290)   Pre Evacuate Collection Set: 0,2ms
[2024-12-04T16:40:46.054+0700][5,203s][info   ][gc,phases   ] GC(290)   Merge Heap Roots: 0,1ms
[2024-12-04T16:40:46.054+0700][5,203s][info   ][gc,phases   ] GC(290)   Evacuate Collection Set: 0,3ms
[2024-12-04T16:40:46.054+0700][5,203s][info   ][gc,phases   ] GC(290)   Post Evacuate Collection Set: 0,3ms
[2024-12-04T16:40:46.054+0700][5,203s][info   ][gc,phases   ] GC(290)   Other: 0,1ms
[2024-12-04T16:40:46.054+0700][5,203s][info   ][gc,heap     ] GC(290) Eden regions: 1->0(826)
[2024-12-04T16:40:46.054+0700][5,203s][info   ][gc,heap     ] GC(290) Survivor regions: 1->1(102)
[2024-12-04T16:40:46.054+0700][5,203s][info   ][gc,heap     ] GC(290) Old regions: 3->3
[2024-12-04T16:40:46.054+0700][5,203s][info   ][gc,heap     ] GC(290) Archive regions: 2->2
[2024-12-04T16:40:46.054+0700][5,203s][info   ][gc,heap     ] GC(290) Humongous regions: 844->844
[2024-12-04T16:40:46.054+0700][5,203s][info   ][gc,metaspace] GC(290) Metaspace: 5789K(6016K)->5789K(6016K) NonClass: 5127K(5248K)->5127K(5248K) Class: 661K(768K)->661K(768K)
[2024-12-04T16:40:46.054+0700][5,203s][info   ][gc          ] GC(290) Pause Young (Concurrent Start) (G1 Humongous Allocation) 847M->847M(1864M) 1,044ms
[2024-12-04T16:40:46.054+0700][5,203s][info   ][gc,cpu      ] GC(290) User=0,00s Sys=0,00s Real=0,01s
[2024-12-04T16:40:46.054+0700][5,203s][info   ][gc          ] GC(291) Concurrent Mark Cycle
[2024-12-04T16:40:46.054+0700][5,203s][info   ][gc,marking  ] GC(291) Concurrent Clear Claimed Marks
[2024-12-04T16:40:46.054+0700][5,203s][info   ][gc,marking  ] GC(291) Concurrent Clear Claimed Marks 0,016ms
[2024-12-04T16:40:46.054+0700][5,203s][info   ][gc,marking  ] GC(291) Concurrent Scan Root Regions
[2024-12-04T16:40:46.054+0700][5,203s][info   ][gc,marking  ] GC(291) Concurrent Scan Root Regions 0,299ms
[2024-12-04T16:40:46.054+0700][5,203s][info   ][gc,marking  ] GC(291) Concurrent Mark
[2024-12-04T16:40:46.054+0700][5,203s][info   ][gc,marking  ] GC(291) Concurrent Mark From Roots
[2024-12-04T16:40:46.054+0700][5,203s][info   ][gc,task     ] GC(291) Using 2 workers of 2 for marking
[2024-12-04T16:40:46.058+0700][5,207s][info   ][gc,marking  ] GC(291) Concurrent Mark From Roots 3,520ms
[2024-12-04T16:40:46.058+0700][5,207s][info   ][gc,marking  ] GC(291) Concurrent Preclean
[2024-12-04T16:40:46.058+0700][5,207s][info   ][gc,marking  ] GC(291) Concurrent Preclean 0,060ms
[2024-12-04T16:40:46.058+0700][5,207s][info   ][gc,start    ] GC(291) Pause Remark
[2024-12-04T16:40:46.059+0700][5,208s][info   ][gc          ] GC(291) Pause Remark 848M->848M(1864M) 0,990ms
[2024-12-04T16:40:46.059+0700][5,208s][info   ][gc,cpu      ] GC(291) User=0,00s Sys=0,00s Real=0,00s
[2024-12-04T16:40:46.059+0700][5,208s][info   ][gc,marking  ] GC(291) Concurrent Mark 4,751ms
[2024-12-04T16:40:46.059+0700][5,208s][info   ][gc,marking  ] GC(291) Concurrent Rebuild Remembered Sets
[2024-12-04T16:40:46.061+0700][5,210s][info   ][gc,marking  ] GC(291) Concurrent Rebuild Remembered Sets 1,475ms
[2024-12-04T16:40:46.063+0700][5,212s][info   ][gc,start    ] GC(291) Pause Cleanup
[2024-12-04T16:40:46.064+0700][5,213s][info   ][gc          ] GC(291) Pause Cleanup 849M->849M(1864M) 1,050ms
[2024-12-04T16:40:46.064+0700][5,213s][info   ][gc,cpu      ] GC(291) User=0,00s Sys=0,00s Real=0,00s
[2024-12-04T16:40:46.064+0700][5,213s][info   ][gc,marking  ] GC(291) Concurrent Cleanup for Next Mark
[2024-12-04T16:40:46.068+0700][5,217s][info   ][gc,marking  ] GC(291) Concurrent Cleanup for Next Mark 3,665ms
[2024-12-04T16:40:46.068+0700][5,217s][info   ][gc          ] GC(291) Concurrent Mark Cycle 14,019ms
[2024-12-04T16:40:46.073+0700][5,222s][info   ][gc,start    ] GC(292) Pause Young (Concurrent Start) (G1 Humongous Allocation)
[2024-12-04T16:40:46.073+0700][5,222s][info   ][gc,task     ] GC(292) Using 8 workers of 8 for evacuation
[2024-12-04T16:40:46.074+0700][5,223s][info   ][gc,phases   ] GC(292)   Pre Evacuate Collection Set: 0,4ms
[2024-12-04T16:40:46.074+0700][5,223s][info   ][gc,phases   ] GC(292)   Merge Heap Roots: 0,1ms
[2024-12-04T16:40:46.074+0700][5,223s][info   ][gc,phases   ] GC(292)   Evacuate Collection Set: 0,7ms
[2024-12-04T16:40:46.074+0700][5,223s][info   ][gc,phases   ] GC(292)   Post Evacuate Collection Set: 0,2ms
[2024-12-04T16:40:46.074+0700][5,223s][info   ][gc,phases   ] GC(292)   Other: 0,3ms
[2024-12-04T16:40:46.074+0700][5,223s][info   ][gc,heap     ] GC(292) Eden regions: 1->0(823)
[2024-12-04T16:40:46.074+0700][5,223s][info   ][gc,heap     ] GC(292) Survivor regions: 1->1(104)
[2024-12-04T16:40:46.074+0700][5,223s][info   ][gc,heap     ] GC(292) Old regions: 3->3
[2024-12-04T16:40:46.074+0700][5,223s][info   ][gc,heap     ] GC(292) Archive regions: 2->2
[2024-12-04T16:40:46.074+0700][5,223s][info   ][gc,heap     ] GC(292) Humongous regions: 847->847
[2024-12-04T16:40:46.074+0700][5,223s][info   ][gc,metaspace] GC(292) Metaspace: 5789K(6016K)->5789K(6016K) NonClass: 5127K(5248K)->5127K(5248K) Class: 661K(768K)->661K(768K)
[2024-12-04T16:40:46.074+0700][5,223s][info   ][gc          ] GC(292) Pause Young (Concurrent Start) (G1 Humongous Allocation) 850M->850M(1864M) 1,752ms
[2024-12-04T16:40:46.074+0700][5,223s][info   ][gc,cpu      ] GC(292) User=0,00s Sys=0,00s Real=0,01s
[2024-12-04T16:40:46.075+0700][5,223s][info   ][gc          ] GC(293) Concurrent Mark Cycle
[2024-12-04T16:40:46.075+0700][5,223s][info   ][gc,marking  ] GC(293) Concurrent Clear Claimed Marks
[2024-12-04T16:40:46.075+0700][5,223s][info   ][gc,marking  ] GC(293) Concurrent Clear Claimed Marks 0,016ms
[2024-12-04T16:40:46.075+0700][5,223s][info   ][gc,marking  ] GC(293) Concurrent Scan Root Regions
[2024-12-04T16:40:46.075+0700][5,224s][info   ][gc,marking  ] GC(293) Concurrent Scan Root Regions 0,322ms
[2024-12-04T16:40:46.075+0700][5,224s][info   ][gc,marking  ] GC(293) Concurrent Mark
[2024-12-04T16:40:46.075+0700][5,224s][info   ][gc,marking  ] GC(293) Concurrent Mark From Roots
[2024-12-04T16:40:46.075+0700][5,224s][info   ][gc,task     ] GC(293) Using 2 workers of 2 for marking
[2024-12-04T16:40:46.079+0700][5,228s][info   ][gc,marking  ] GC(293) Concurrent Mark From Roots 3,813ms
[2024-12-04T16:40:46.079+0700][5,228s][info   ][gc,marking  ] GC(293) Concurrent Preclean
[2024-12-04T16:40:46.079+0700][5,228s][info   ][gc,marking  ] GC(293) Concurrent Preclean 0,050ms
[2024-12-04T16:40:46.079+0700][5,228s][info   ][gc,start    ] GC(293) Pause Remark
[2024-12-04T16:40:46.080+0700][5,229s][info   ][gc          ] GC(293) Pause Remark 851M->851M(1864M) 0,825ms
[2024-12-04T16:40:46.080+0700][5,229s][info   ][gc,cpu      ] GC(293) User=0,00s Sys=0,00s Real=0,00s
[2024-12-04T16:40:46.080+0700][5,229s][info   ][gc,marking  ] GC(293) Concurrent Mark 4,841ms
[2024-12-04T16:40:46.080+0700][5,229s][info   ][gc,marking  ] GC(293) Concurrent Rebuild Remembered Sets
[2024-12-04T16:40:46.081+0700][5,230s][info   ][gc,marking  ] GC(293) Concurrent Rebuild Remembered Sets 1,394ms
[2024-12-04T16:40:46.081+0700][5,230s][info   ][gc,start    ] GC(293) Pause Cleanup
[2024-12-04T16:40:46.081+0700][5,230s][info   ][gc          ] GC(293) Pause Cleanup 852M->852M(1864M) 0,144ms
[2024-12-04T16:40:46.081+0700][5,230s][info   ][gc,cpu      ] GC(293) User=0,00s Sys=0,00s Real=0,00s
[2024-12-04T16:40:46.081+0700][5,230s][info   ][gc,marking  ] GC(293) Concurrent Cleanup for Next Mark
[2024-12-04T16:40:46.084+0700][5,233s][info   ][gc,marking  ] GC(293) Concurrent Cleanup for Next Mark 2,830ms
[2024-12-04T16:40:46.084+0700][5,233s][info   ][gc          ] GC(293) Concurrent Mark Cycle 9,730ms
[2024-12-04T16:40:46.086+0700][5,235s][info   ][gc,start    ] GC(294) Pause Young (Concurrent Start) (G1 Humongous Allocation)
[2024-12-04T16:40:46.086+0700][5,235s][info   ][gc,task     ] GC(294) Using 8 workers of 8 for evacuation
[2024-12-04T16:40:46.087+0700][5,236s][info   ][gc,phases   ] GC(294)   Pre Evacuate Collection Set: 0,3ms
[2024-12-04T16:40:46.087+0700][5,236s][info   ][gc,phases   ] GC(294)   Merge Heap Roots: 0,1ms
[2024-12-04T16:40:46.087+0700][5,236s][info   ][gc,phases   ] GC(294)   Evacuate Collection Set: 0,6ms
[2024-12-04T16:40:46.087+0700][5,236s][info   ][gc,phases   ] GC(294)   Post Evacuate Collection Set: 0,2ms
[2024-12-04T16:40:46.087+0700][5,236s][info   ][gc,phases   ] GC(294)   Other: 0,3ms
[2024-12-04T16:40:46.088+0700][5,236s][info   ][gc,heap     ] GC(294) Eden regions: 1->0(821)
[2024-12-04T16:40:46.088+0700][5,236s][info   ][gc,heap     ] GC(294) Survivor regions: 1->1(103)
[2024-12-04T16:40:46.088+0700][5,236s][info   ][gc,heap     ] GC(294) Old regions: 3->3
[2024-12-04T16:40:46.088+0700][5,236s][info   ][gc,heap     ] GC(294) Archive regions: 2->2
[2024-12-04T16:40:46.088+0700][5,236s][info   ][gc,heap     ] GC(294) Humongous regions: 849->849
[2024-12-04T16:40:46.088+0700][5,236s][info   ][gc,metaspace] GC(294) Metaspace: 5789K(6016K)->5789K(6016K) NonClass: 5127K(5248K)->5127K(5248K) Class: 661K(768K)->661K(768K)
[2024-12-04T16:40:46.088+0700][5,236s][info   ][gc          ] GC(294) Pause Young (Concurrent Start) (G1 Humongous Allocation) 852M->852M(1864M) 1,529ms
[2024-12-04T16:40:46.088+0700][5,236s][info   ][gc,cpu      ] GC(294) User=0,01s Sys=0,00s Real=0,00s
[2024-12-04T16:40:46.088+0700][5,236s][info   ][gc          ] GC(295) Concurrent Mark Cycle
[2024-12-04T16:40:46.088+0700][5,236s][info   ][gc,marking  ] GC(295) Concurrent Clear Claimed Marks
[2024-12-04T16:40:46.088+0700][5,237s][info   ][gc,marking  ] GC(295) Concurrent Clear Claimed Marks 0,019ms
[2024-12-04T16:40:46.088+0700][5,237s][info   ][gc,marking  ] GC(295) Concurrent Scan Root Regions
[2024-12-04T16:40:46.088+0700][5,237s][info   ][gc,marking  ] GC(295) Concurrent Scan Root Regions 0,373ms
[2024-12-04T16:40:46.088+0700][5,237s][info   ][gc,marking  ] GC(295) Concurrent Mark
[2024-12-04T16:40:46.088+0700][5,237s][info   ][gc,marking  ] GC(295) Concurrent Mark From Roots
[2024-12-04T16:40:46.088+0700][5,237s][info   ][gc,task     ] GC(295) Using 2 workers of 2 for marking
[2024-12-04T16:40:46.091+0700][5,240s][info   ][gc,marking  ] GC(295) Concurrent Mark From Roots 3,135ms
[2024-12-04T16:40:46.091+0700][5,240s][info   ][gc,marking  ] GC(295) Concurrent Preclean
[2024-12-04T16:40:46.091+0700][5,240s][info   ][gc,marking  ] GC(295) Concurrent Preclean 0,060ms
[2024-12-04T16:40:46.091+0700][5,240s][info   ][gc,start    ] GC(295) Pause Remark
[2024-12-04T16:40:46.092+0700][5,241s][info   ][gc          ] GC(295) Pause Remark 853M->853M(1864M) 1,128ms
[2024-12-04T16:40:46.092+0700][5,241s][info   ][gc,cpu      ] GC(295) User=0,01s Sys=0,00s Real=0,00s
[2024-12-04T16:40:46.093+0700][5,241s][info   ][gc,marking  ] GC(295) Concurrent Mark 4,518ms
[2024-12-04T16:40:46.093+0700][5,241s][info   ][gc,marking  ] GC(295) Concurrent Rebuild Remembered Sets
[2024-12-04T16:40:46.094+0700][5,243s][info   ][gc,marking  ] GC(295) Concurrent Rebuild Remembered Sets 1,533ms
[2024-12-04T16:40:46.094+0700][5,243s][info   ][gc,start    ] GC(295) Pause Cleanup
[2024-12-04T16:40:46.094+0700][5,243s][info   ][gc          ] GC(295) Pause Cleanup 854M->854M(1864M) 0,272ms
[2024-12-04T16:40:46.094+0700][5,243s][info   ][gc,cpu      ] GC(295) User=0,00s Sys=0,00s Real=0,00s
[2024-12-04T16:40:46.094+0700][5,243s][info   ][gc,marking  ] GC(295) Concurrent Cleanup for Next Mark
[2024-12-04T16:40:46.098+0700][5,247s][info   ][gc,marking  ] GC(295) Concurrent Cleanup for Next Mark 3,246ms
[2024-12-04T16:40:46.098+0700][5,247s][info   ][gc          ] GC(295) Concurrent Mark Cycle 10,204ms
[2024-12-04T16:40:46.099+0700][5,248s][info   ][gc,start    ] GC(296) Pause Young (Concurrent Start) (G1 Humongous Allocation)
[2024-12-04T16:40:46.099+0700][5,248s][info   ][gc,task     ] GC(296) Using 8 workers of 8 for evacuation
[2024-12-04T16:40:46.100+0700][5,249s][info   ][gc,phases   ] GC(296)   Pre Evacuate Collection Set: 0,2ms
[2024-12-04T16:40:46.100+0700][5,249s][info   ][gc,phases   ] GC(296)   Merge Heap Roots: 0,1ms
[2024-12-04T16:40:46.100+0700][5,249s][info   ][gc,phases   ] GC(296)   Evacuate Collection Set: 0,3ms
[2024-12-04T16:40:46.100+0700][5,249s][info   ][gc,phases   ] GC(296)   Post Evacuate Collection Set: 0,1ms
[2024-12-04T16:40:46.100+0700][5,249s][info   ][gc,phases   ] GC(296)   Other: 0,2ms
[2024-12-04T16:40:46.100+0700][5,249s][info   ][gc,heap     ] GC(296) Eden regions: 1->0(819)
[2024-12-04T16:40:46.100+0700][5,249s][info   ][gc,heap     ] GC(296) Survivor regions: 1->1(103)
[2024-12-04T16:40:46.100+0700][5,249s][info   ][gc,heap     ] GC(296) Old regions: 3->3
[2024-12-04T16:40:46.100+0700][5,249s][info   ][gc,heap     ] GC(296) Archive regions: 2->2
[2024-12-04T16:40:46.100+0700][5,249s][info   ][gc,heap     ] GC(296) Humongous regions: 851->851
[2024-12-04T16:40:46.100+0700][5,249s][info   ][gc,metaspace] GC(296) Metaspace: 5789K(6016K)->5789K(6016K) NonClass: 5127K(5248K)->5127K(5248K) Class: 661K(768K)->661K(768K)
[2024-12-04T16:40:46.100+0700][5,249s][info   ][gc          ] GC(296) Pause Young (Concurrent Start) (G1 Humongous Allocation) 854M->854M(1864M) 1,036ms
[2024-12-04T16:40:46.100+0700][5,249s][info   ][gc,cpu      ] GC(296) User=0,00s Sys=0,01s Real=0,00s
[2024-12-04T16:40:46.100+0700][5,249s][info   ][gc          ] GC(297) Concurrent Mark Cycle
[2024-12-04T16:40:46.100+0700][5,249s][info   ][gc,marking  ] GC(297) Concurrent Clear Claimed Marks
[2024-12-04T16:40:46.100+0700][5,249s][info   ][gc,marking  ] GC(297) Concurrent Clear Claimed Marks 0,018ms
[2024-12-04T16:40:46.100+0700][5,249s][info   ][gc,marking  ] GC(297) Concurrent Scan Root Regions
[2024-12-04T16:40:46.101+0700][5,249s][info   ][gc,marking  ] GC(297) Concurrent Scan Root Regions 0,412ms
[2024-12-04T16:40:46.101+0700][5,249s][info   ][gc,marking  ] GC(297) Concurrent Mark
[2024-12-04T16:40:46.101+0700][5,249s][info   ][gc,marking  ] GC(297) Concurrent Mark From Roots
[2024-12-04T16:40:46.101+0700][5,249s][info   ][gc,task     ] GC(297) Using 2 workers of 2 for marking
[2024-12-04T16:40:46.104+0700][5,253s][info   ][gc,marking  ] GC(297) Concurrent Mark From Roots 3,170ms
[2024-12-04T16:40:46.104+0700][5,253s][info   ][gc,marking  ] GC(297) Concurrent Preclean
[2024-12-04T16:40:46.104+0700][5,253s][info   ][gc,marking  ] GC(297) Concurrent Preclean 0,045ms
[2024-12-04T16:40:46.104+0700][5,253s][info   ][gc,start    ] GC(297) Pause Remark
[2024-12-04T16:40:46.105+0700][5,254s][info   ][gc          ] GC(297) Pause Remark 855M->855M(1864M) 0,787ms
[2024-12-04T16:40:46.105+0700][5,254s][info   ][gc,cpu      ] GC(297) User=0,00s Sys=0,00s Real=0,00s
[2024-12-04T16:40:46.105+0700][5,254s][info   ][gc,marking  ] GC(297) Concurrent Mark 4,129ms
[2024-12-04T16:40:46.105+0700][5,254s][info   ][gc,marking  ] GC(297) Concurrent Rebuild Remembered Sets
[2024-12-04T16:40:46.106+0700][5,255s][info   ][gc,marking  ] GC(297) Concurrent Rebuild Remembered Sets 1,252ms
[2024-12-04T16:40:46.107+0700][5,255s][info   ][gc,start    ] GC(297) Pause Cleanup
[2024-12-04T16:40:46.107+0700][5,256s][info   ][gc          ] GC(297) Pause Cleanup 856M->856M(1864M) 0,268ms
[2024-12-04T16:40:46.107+0700][5,256s][info   ][gc,cpu      ] GC(297) User=0,00s Sys=0,00s Real=0,00s
[2024-12-04T16:40:46.107+0700][5,256s][info   ][gc,marking  ] GC(297) Concurrent Cleanup for Next Mark
[2024-12-04T16:40:46.110+0700][5,259s][info   ][gc,marking  ] GC(297) Concurrent Cleanup for Next Mark 2,869ms
[2024-12-04T16:40:46.110+0700][5,259s][info   ][gc          ] GC(297) Concurrent Mark Cycle 9,656ms
[2024-12-04T16:40:46.112+0700][5,261s][info   ][gc,start    ] GC(298) Pause Young (Concurrent Start) (G1 Humongous Allocation)
[2024-12-04T16:40:46.112+0700][5,261s][info   ][gc,task     ] GC(298) Using 8 workers of 8 for evacuation
[2024-12-04T16:40:46.113+0700][5,262s][info   ][gc,phases   ] GC(298)   Pre Evacuate Collection Set: 0,2ms
[2024-12-04T16:40:46.113+0700][5,262s][info   ][gc,phases   ] GC(298)   Merge Heap Roots: 0,1ms
[2024-12-04T16:40:46.113+0700][5,262s][info   ][gc,phases   ] GC(298)   Evacuate Collection Set: 0,2ms
[2024-12-04T16:40:46.113+0700][5,262s][info   ][gc,phases   ] GC(298)   Post Evacuate Collection Set: 0,1ms
[2024-12-04T16:40:46.113+0700][5,262s][info   ][gc,phases   ] GC(298)   Other: 0,2ms
[2024-12-04T16:40:46.113+0700][5,262s][info   ][gc,heap     ] GC(298) Eden regions: 1->0(817)
[2024-12-04T16:40:46.113+0700][5,262s][info   ][gc,heap     ] GC(298) Survivor regions: 1->1(103)
[2024-12-04T16:40:46.113+0700][5,262s][info   ][gc,heap     ] GC(298) Old regions: 3->3
[2024-12-04T16:40:46.113+0700][5,262s][info   ][gc,heap     ] GC(298) Archive regions: 2->2
[2024-12-04T16:40:46.113+0700][5,262s][info   ][gc,heap     ] GC(298) Humongous regions: 853->853
[2024-12-04T16:40:46.113+0700][5,262s][info   ][gc,metaspace] GC(298) Metaspace: 5789K(6016K)->5789K(6016K) NonClass: 5127K(5248K)->5127K(5248K) Class: 661K(768K)->661K(768K)
[2024-12-04T16:40:46.113+0700][5,262s][info   ][gc          ] GC(298) Pause Young (Concurrent Start) (G1 Humongous Allocation) 856M->856M(1864M) 0,844ms
[2024-12-04T16:40:46.113+0700][5,262s][info   ][gc,cpu      ] GC(298) User=0,00s Sys=0,00s Real=0,00s
[2024-12-04T16:40:46.113+0700][5,262s][info   ][gc          ] GC(299) Concurrent Mark Cycle
[2024-12-04T16:40:46.113+0700][5,262s][info   ][gc,marking  ] GC(299) Concurrent Clear Claimed Marks
[2024-12-04T16:40:46.113+0700][5,262s][info   ][gc,marking  ] GC(299) Concurrent Clear Claimed Marks 0,019ms
[2024-12-04T16:40:46.113+0700][5,262s][info   ][gc,marking  ] GC(299) Concurrent Scan Root Regions
[2024-12-04T16:40:46.113+0700][5,262s][info   ][gc,marking  ] GC(299) Concurrent Scan Root Regions 0,279ms
[2024-12-04T16:40:46.113+0700][5,262s][info   ][gc,marking  ] GC(299) Concurrent Mark
[2024-12-04T16:40:46.113+0700][5,262s][info   ][gc,marking  ] GC(299) Concurrent Mark From Roots
[2024-12-04T16:40:46.113+0700][5,262s][info   ][gc,task     ] GC(299) Using 2 workers of 2 for marking
[2024-12-04T16:40:46.118+0700][5,267s][info   ][gc,marking  ] GC(299) Concurrent Mark From Roots 4,395ms
[2024-12-04T16:40:46.118+0700][5,267s][info   ][gc,marking  ] GC(299) Concurrent Preclean
[2024-12-04T16:40:46.118+0700][5,267s][info   ][gc,marking  ] GC(299) Concurrent Preclean 0,096ms
[2024-12-04T16:40:46.118+0700][5,267s][info   ][gc,start    ] GC(299) Pause Remark
[2024-12-04T16:40:46.122+0700][5,271s][info   ][gc          ] GC(299) Pause Remark 857M->857M(1864M) 3,964ms
[2024-12-04T16:40:46.122+0700][5,271s][info   ][gc,cpu      ] GC(299) User=0,00s Sys=0,00s Real=0,00s
[2024-12-04T16:40:46.122+0700][5,271s][info   ][gc,marking  ] GC(299) Concurrent Mark 8,853ms
[2024-12-04T16:40:46.122+0700][5,271s][info   ][gc,marking  ] GC(299) Concurrent Rebuild Remembered Sets
[2024-12-04T16:40:46.124+0700][5,273s][info   ][gc,marking  ] GC(299) Concurrent Rebuild Remembered Sets 1,887ms
[2024-12-04T16:40:46.124+0700][5,273s][info   ][gc,start    ] GC(299) Pause Cleanup
[2024-12-04T16:40:46.124+0700][5,273s][info   ][gc          ] GC(299) Pause Cleanup 858M->858M(1864M) 0,274ms
[2024-12-04T16:40:46.124+0700][5,273s][info   ][gc,cpu      ] GC(299) User=0,00s Sys=0,00s Real=0,00s
[2024-12-04T16:40:46.125+0700][5,273s][info   ][gc,marking  ] GC(299) Concurrent Cleanup for Next Mark
[2024-12-04T16:40:46.128+0700][5,277s][info   ][gc,marking  ] GC(299) Concurrent Cleanup for Next Mark 3,238ms
[2024-12-04T16:40:46.128+0700][5,277s][info   ][gc          ] GC(299) Concurrent Mark Cycle 14,824ms
[2024-12-04T16:40:46.128+0700][5,277s][info   ][gc,start    ] GC(300) Pause Young (Concurrent Start) (G1 Humongous Allocation)
[2024-12-04T16:40:46.128+0700][5,277s][info   ][gc,task     ] GC(300) Using 8 workers of 8 for evacuation
[2024-12-04T16:40:46.130+0700][5,279s][info   ][gc,phases   ] GC(300)   Pre Evacuate Collection Set: 0,6ms
[2024-12-04T16:40:46.130+0700][5,279s][info   ][gc,phases   ] GC(300)   Merge Heap Roots: 0,1ms
[2024-12-04T16:40:46.130+0700][5,279s][info   ][gc,phases   ] GC(300)   Evacuate Collection Set: 0,8ms
[2024-12-04T16:40:46.130+0700][5,279s][info   ][gc,phases   ] GC(300)   Post Evacuate Collection Set: 0,6ms
[2024-12-04T16:40:46.130+0700][5,279s][info   ][gc,phases   ] GC(300)   Other: 0,3ms
[2024-12-04T16:40:46.131+0700][5,279s][info   ][gc,heap     ] GC(300) Eden regions: 1->0(841)
[2024-12-04T16:40:46.131+0700][5,279s][info   ][gc,heap     ] GC(300) Survivor regions: 1->0(103)
[2024-12-04T16:40:46.131+0700][5,279s][info   ][gc,heap     ] GC(300) Old regions: 3->3
[2024-12-04T16:40:46.131+0700][5,279s][info   ][gc,heap     ] GC(300) Archive regions: 2->2
[2024-12-04T16:40:46.131+0700][5,279s][info   ][gc,heap     ] GC(300) Humongous regions: 855->855
[2024-12-04T16:40:46.131+0700][5,279s][info   ][gc,metaspace] GC(300) Metaspace: 5789K(6016K)->5789K(6016K) NonClass: 5127K(5248K)->5127K(5248K) Class: 661K(768K)->661K(768K)
[2024-12-04T16:40:46.131+0700][5,279s][info   ][gc          ] GC(300) Pause Young (Concurrent Start) (G1 Humongous Allocation) 858M->858M(1892M) 2,537ms
[2024-12-04T16:40:46.131+0700][5,279s][info   ][gc,cpu      ] GC(300) User=0,00s Sys=0,00s Real=0,00s
[2024-12-04T16:40:46.131+0700][5,280s][info   ][gc          ] GC(301) Concurrent Mark Cycle
[2024-12-04T16:40:46.131+0700][5,280s][info   ][gc,marking  ] GC(301) Concurrent Clear Claimed Marks
[2024-12-04T16:40:46.131+0700][5,280s][info   ][gc,marking  ] GC(301) Concurrent Clear Claimed Marks 0,025ms
[2024-12-04T16:40:46.131+0700][5,280s][info   ][gc,marking  ] GC(301) Concurrent Scan Root Regions
[2024-12-04T16:40:46.131+0700][5,280s][info   ][gc,marking  ] GC(301) Concurrent Scan Root Regions 0,444ms
[2024-12-04T16:40:46.131+0700][5,280s][info   ][gc,marking  ] GC(301) Concurrent Mark
[2024-12-04T16:40:46.131+0700][5,280s][info   ][gc,marking  ] GC(301) Concurrent Mark From Roots
[2024-12-04T16:40:46.131+0700][5,280s][info   ][gc,task     ] GC(301) Using 2 workers of 2 for marking
[2024-12-04T16:40:46.135+0700][5,284s][info   ][gc,marking  ] GC(301) Concurrent Mark From Roots 3,974ms
[2024-12-04T16:40:46.135+0700][5,284s][info   ][gc,marking  ] GC(301) Concurrent Preclean
[2024-12-04T16:40:46.136+0700][5,284s][info   ][gc,marking  ] GC(301) Concurrent Preclean 0,086ms
[2024-12-04T16:40:46.136+0700][5,284s][info   ][gc,start    ] GC(301) Pause Remark
[2024-12-04T16:40:46.137+0700][5,286s][info   ][gc          ] GC(301) Pause Remark 859M->859M(1892M) 1,046ms
[2024-12-04T16:40:46.137+0700][5,286s][info   ][gc,cpu      ] GC(301) User=0,00s Sys=0,00s Real=0,00s
[2024-12-04T16:40:46.137+0700][5,286s][info   ][gc,marking  ] GC(301) Concurrent Mark 5,399ms
[2024-12-04T16:40:46.137+0700][5,286s][info   ][gc,marking  ] GC(301) Concurrent Rebuild Remembered Sets
[2024-12-04T16:40:46.138+0700][5,287s][info   ][gc,marking  ] GC(301) Concurrent Rebuild Remembered Sets 1,624ms
[2024-12-04T16:40:46.138+0700][5,287s][info   ][gc,start    ] GC(301) Pause Cleanup
[2024-12-04T16:40:46.139+0700][5,288s][info   ][gc          ] GC(301) Pause Cleanup 860M->860M(1892M) 0,266ms
[2024-12-04T16:40:46.139+0700][5,288s][info   ][gc,cpu      ] GC(301) User=0,00s Sys=0,00s Real=0,00s
[2024-12-04T16:40:46.139+0700][5,288s][info   ][gc,marking  ] GC(301) Concurrent Cleanup for Next Mark
[2024-12-04T16:40:46.142+0700][5,291s][info   ][gc,marking  ] GC(301) Concurrent Cleanup for Next Mark 3,430ms
[2024-12-04T16:40:46.142+0700][5,291s][info   ][gc          ] GC(301) Concurrent Mark Cycle 11,486ms
[2024-12-04T16:40:46.143+0700][5,291s][info   ][gc,start    ] GC(302) Pause Young (Concurrent Start) (G1 Humongous Allocation)
[2024-12-04T16:40:46.143+0700][5,291s][info   ][gc,task     ] GC(302) Using 8 workers of 8 for evacuation
[2024-12-04T16:40:46.144+0700][5,293s][info   ][gc,phases   ] GC(302)   Pre Evacuate Collection Set: 0,2ms
[2024-12-04T16:40:46.144+0700][5,293s][info   ][gc,phases   ] GC(302)   Merge Heap Roots: 0,2ms
[2024-12-04T16:40:46.144+0700][5,293s][info   ][gc,phases   ] GC(302)   Evacuate Collection Set: 0,4ms
[2024-12-04T16:40:46.144+0700][5,293s][info   ][gc,phases   ] GC(302)   Post Evacuate Collection Set: 0,2ms
[2024-12-04T16:40:46.144+0700][5,293s][info   ][gc,phases   ] GC(302)   Other: 0,2ms
[2024-12-04T16:40:46.144+0700][5,293s][info   ][gc,heap     ] GC(302) Eden regions: 1->0(839)
[2024-12-04T16:40:46.144+0700][5,293s][info   ][gc,heap     ] GC(302) Survivor regions: 0->0(106)
[2024-12-04T16:40:46.144+0700][5,293s][info   ][gc,heap     ] GC(302) Old regions: 3->3
[2024-12-04T16:40:46.144+0700][5,293s][info   ][gc,heap     ] GC(302) Archive regions: 2->2
[2024-12-04T16:40:46.144+0700][5,293s][info   ][gc,heap     ] GC(302) Humongous regions: 857->857
[2024-12-04T16:40:46.144+0700][5,293s][info   ][gc,metaspace] GC(302) Metaspace: 5789K(6016K)->5789K(6016K) NonClass: 5127K(5248K)->5127K(5248K) Class: 661K(768K)->661K(768K)
[2024-12-04T16:40:46.144+0700][5,293s][info   ][gc          ] GC(302) Pause Young (Concurrent Start) (G1 Humongous Allocation) 860M->860M(1892M) 1,446ms
[2024-12-04T16:40:46.144+0700][5,293s][info   ][gc,cpu      ] GC(302) User=0,00s Sys=0,00s Real=0,01s
[2024-12-04T16:40:46.144+0700][5,293s][info   ][gc          ] GC(303) Concurrent Mark Cycle
[2024-12-04T16:40:46.144+0700][5,293s][info   ][gc,marking  ] GC(303) Concurrent Clear Claimed Marks
[2024-12-04T16:40:46.144+0700][5,293s][info   ][gc,marking  ] GC(303) Concurrent Clear Claimed Marks 0,023ms
[2024-12-04T16:40:46.144+0700][5,293s][info   ][gc,marking  ] GC(303) Concurrent Scan Root Regions
[2024-12-04T16:40:46.144+0700][5,293s][info   ][gc,marking  ] GC(303) Concurrent Scan Root Regions 0,006ms
[2024-12-04T16:40:46.144+0700][5,293s][info   ][gc,marking  ] GC(303) Concurrent Mark
[2024-12-04T16:40:46.144+0700][5,293s][info   ][gc,marking  ] GC(303) Concurrent Mark From Roots
[2024-12-04T16:40:46.144+0700][5,293s][info   ][gc,task     ] GC(303) Using 2 workers of 2 for marking
[2024-12-04T16:40:46.148+0700][5,297s][info   ][gc,marking  ] GC(303) Concurrent Mark From Roots 3,992ms
[2024-12-04T16:40:46.148+0700][5,297s][info   ][gc,marking  ] GC(303) Concurrent Preclean
[2024-12-04T16:40:46.148+0700][5,297s][info   ][gc,marking  ] GC(303) Concurrent Preclean 0,089ms
[2024-12-04T16:40:46.148+0700][5,297s][info   ][gc,start    ] GC(303) Pause Remark
[2024-12-04T16:40:46.149+0700][5,298s][info   ][gc          ] GC(303) Pause Remark 861M->861M(1892M) 0,627ms
[2024-12-04T16:40:46.149+0700][5,298s][info   ][gc,cpu      ] GC(303) User=0,00s Sys=0,00s Real=0,00s
[2024-12-04T16:40:46.149+0700][5,298s][info   ][gc,marking  ] GC(303) Concurrent Mark 4,910ms
[2024-12-04T16:40:46.149+0700][5,298s][info   ][gc,marking  ] GC(303) Concurrent Rebuild Remembered Sets
[2024-12-04T16:40:46.150+0700][5,299s][info   ][gc,marking  ] GC(303) Concurrent Rebuild Remembered Sets 1,485ms
[2024-12-04T16:40:46.151+0700][5,299s][info   ][gc,start    ] GC(303) Pause Cleanup
[2024-12-04T16:40:46.151+0700][5,300s][info   ][gc          ] GC(303) Pause Cleanup 862M->862M(1892M) 0,206ms
[2024-12-04T16:40:46.151+0700][5,300s][info   ][gc,cpu      ] GC(303) User=0,00s Sys=0,00s Real=0,00s
[2024-12-04T16:40:46.151+0700][5,300s][info   ][gc,marking  ] GC(303) Concurrent Cleanup for Next Mark
[2024-12-04T16:40:46.154+0700][5,303s][info   ][gc,marking  ] GC(303) Concurrent Cleanup for Next Mark 3,382ms
[2024-12-04T16:40:46.154+0700][5,303s][info   ][gc          ] GC(303) Concurrent Mark Cycle 10,265ms
[2024-12-04T16:40:46.155+0700][5,304s][info   ][gc,start    ] GC(304) Pause Young (Concurrent Start) (G1 Humongous Allocation)
[2024-12-04T16:40:46.155+0700][5,304s][info   ][gc,task     ] GC(304) Using 8 workers of 8 for evacuation
[2024-12-04T16:40:46.157+0700][5,306s][info   ][gc,phases   ] GC(304)   Pre Evacuate Collection Set: 0,2ms
[2024-12-04T16:40:46.157+0700][5,306s][info   ][gc,phases   ] GC(304)   Merge Heap Roots: 0,2ms
[2024-12-04T16:40:46.157+0700][5,306s][info   ][gc,phases   ] GC(304)   Evacuate Collection Set: 0,7ms
[2024-12-04T16:40:46.157+0700][5,306s][info   ][gc,phases   ] GC(304)   Post Evacuate Collection Set: 0,1ms
[2024-12-04T16:40:46.157+0700][5,306s][info   ][gc,phases   ] GC(304)   Other: 0,3ms
[2024-12-04T16:40:46.157+0700][5,306s][info   ][gc,heap     ] GC(304) Eden regions: 1->0(837)
[2024-12-04T16:40:46.157+0700][5,306s][info   ][gc,heap     ] GC(304) Survivor regions: 0->0(105)
[2024-12-04T16:40:46.157+0700][5,306s][info   ][gc,heap     ] GC(304) Old regions: 3->3
[2024-12-04T16:40:46.157+0700][5,306s][info   ][gc,heap     ] GC(304) Archive regions: 2->2
[2024-12-04T16:40:46.157+0700][5,306s][info   ][gc,heap     ] GC(304) Humongous regions: 859->859
[2024-12-04T16:40:46.157+0700][5,306s][info   ][gc,metaspace] GC(304) Metaspace: 5789K(6016K)->5789K(6016K) NonClass: 5127K(5248K)->5127K(5248K) Class: 661K(768K)->661K(768K)
[2024-12-04T16:40:46.157+0700][5,306s][info   ][gc          ] GC(304) Pause Young (Concurrent Start) (G1 Humongous Allocation) 862M->862M(1892M) 1,723ms
[2024-12-04T16:40:46.157+0700][5,306s][info   ][gc,cpu      ] GC(304) User=0,00s Sys=0,00s Real=0,00s
[2024-12-04T16:40:46.157+0700][5,306s][info   ][gc          ] GC(305) Concurrent Mark Cycle
[2024-12-04T16:40:46.157+0700][5,306s][info   ][gc,marking  ] GC(305) Concurrent Clear Claimed Marks
[2024-12-04T16:40:46.157+0700][5,306s][info   ][gc,marking  ] GC(305) Concurrent Clear Claimed Marks 0,025ms
[2024-12-04T16:40:46.157+0700][5,306s][info   ][gc,marking  ] GC(305) Concurrent Scan Root Regions
[2024-12-04T16:40:46.157+0700][5,306s][info   ][gc,marking  ] GC(305) Concurrent Scan Root Regions 0,006ms
[2024-12-04T16:40:46.157+0700][5,306s][info   ][gc,marking  ] GC(305) Concurrent Mark
[2024-12-04T16:40:46.157+0700][5,306s][info   ][gc,marking  ] GC(305) Concurrent Mark From Roots
[2024-12-04T16:40:46.157+0700][5,306s][info   ][gc,task     ] GC(305) Using 2 workers of 2 for marking
[2024-12-04T16:40:46.161+0700][5,309s][info   ][gc,marking  ] GC(305) Concurrent Mark From Roots 3,455ms
[2024-12-04T16:40:46.161+0700][5,310s][info   ][gc,marking  ] GC(305) Concurrent Preclean
[2024-12-04T16:40:46.161+0700][5,310s][info   ][gc,marking  ] GC(305) Concurrent Preclean 0,065ms
[2024-12-04T16:40:46.161+0700][5,310s][info   ][gc,start    ] GC(305) Pause Remark
[2024-12-04T16:40:46.161+0700][5,310s][info   ][gc          ] GC(305) Pause Remark 863M->863M(1892M) 0,695ms
[2024-12-04T16:40:46.161+0700][5,310s][info   ][gc,cpu      ] GC(305) User=0,00s Sys=0,00s Real=0,00s
[2024-12-04T16:40:46.161+0700][5,310s][info   ][gc,marking  ] GC(305) Concurrent Mark 4,359ms
[2024-12-04T16:40:46.162+0700][5,310s][info   ][gc,marking  ] GC(305) Concurrent Rebuild Remembered Sets
[2024-12-04T16:40:46.163+0700][5,312s][info   ][gc,marking  ] GC(305) Concurrent Rebuild Remembered Sets 1,325ms
[2024-12-04T16:40:46.163+0700][5,312s][info   ][gc,start    ] GC(305) Pause Cleanup
[2024-12-04T16:40:46.163+0700][5,312s][info   ][gc          ] GC(305) Pause Cleanup 864M->864M(1892M) 0,206ms
[2024-12-04T16:40:46.163+0700][5,312s][info   ][gc,cpu      ] GC(305) User=0,01s Sys=0,00s Real=0,00s
[2024-12-04T16:40:46.163+0700][5,312s][info   ][gc,marking  ] GC(305) Concurrent Cleanup for Next Mark
[2024-12-04T16:40:46.166+0700][5,315s][info   ][gc,marking  ] GC(305) Concurrent Cleanup for Next Mark 2,933ms
[2024-12-04T16:40:46.166+0700][5,315s][info   ][gc          ] GC(305) Concurrent Mark Cycle 9,427ms
[2024-12-04T16:40:46.169+0700][5,318s][info   ][gc,start    ] GC(306) Pause Young (Concurrent Start) (G1 Humongous Allocation)
[2024-12-04T16:40:46.169+0700][5,318s][info   ][gc,task     ] GC(306) Using 8 workers of 8 for evacuation
[2024-12-04T16:40:46.171+0700][5,319s][info   ][gc,phases   ] GC(306)   Pre Evacuate Collection Set: 0,4ms
[2024-12-04T16:40:46.171+0700][5,320s][info   ][gc,phases   ] GC(306)   Merge Heap Roots: 0,3ms
[2024-12-04T16:40:46.171+0700][5,320s][info   ][gc,phases   ] GC(306)   Evacuate Collection Set: 0,8ms
[2024-12-04T16:40:46.171+0700][5,320s][info   ][gc,phases   ] GC(306)   Post Evacuate Collection Set: 0,1ms
[2024-12-04T16:40:46.171+0700][5,320s][info   ][gc,phases   ] GC(306)   Other: 0,2ms
[2024-12-04T16:40:46.171+0700][5,320s][info   ][gc,heap     ] GC(306) Eden regions: 1->0(835)
[2024-12-04T16:40:46.171+0700][5,320s][info   ][gc,heap     ] GC(306) Survivor regions: 0->0(105)
[2024-12-04T16:40:46.171+0700][5,320s][info   ][gc,heap     ] GC(306) Old regions: 3->3
[2024-12-04T16:40:46.171+0700][5,320s][info   ][gc,heap     ] GC(306) Archive regions: 2->2
[2024-12-04T16:40:46.171+0700][5,320s][info   ][gc,heap     ] GC(306) Humongous regions: 861->861
[2024-12-04T16:40:46.171+0700][5,320s][info   ][gc,metaspace] GC(306) Metaspace: 5789K(6016K)->5789K(6016K) NonClass: 5127K(5248K)->5127K(5248K) Class: 661K(768K)->661K(768K)
[2024-12-04T16:40:46.171+0700][5,320s][info   ][gc          ] GC(306) Pause Young (Concurrent Start) (G1 Humongous Allocation) 864M->864M(1892M) 2,049ms
[2024-12-04T16:40:46.171+0700][5,320s][info   ][gc,cpu      ] GC(306) User=0,00s Sys=0,00s Real=0,00s
[2024-12-04T16:40:46.171+0700][5,320s][info   ][gc          ] GC(307) Concurrent Mark Cycle
[2024-12-04T16:40:46.171+0700][5,320s][info   ][gc,marking  ] GC(307) Concurrent Clear Claimed Marks
[2024-12-04T16:40:46.171+0700][5,320s][info   ][gc,marking  ] GC(307) Concurrent Clear Claimed Marks 0,015ms
[2024-12-04T16:40:46.171+0700][5,320s][info   ][gc,marking  ] GC(307) Concurrent Scan Root Regions
[2024-12-04T16:40:46.171+0700][5,320s][info   ][gc,marking  ] GC(307) Concurrent Scan Root Regions 0,005ms
[2024-12-04T16:40:46.171+0700][5,320s][info   ][gc,marking  ] GC(307) Concurrent Mark
[2024-12-04T16:40:46.171+0700][5,320s][info   ][gc,marking  ] GC(307) Concurrent Mark From Roots
[2024-12-04T16:40:46.171+0700][5,320s][info   ][gc,task     ] GC(307) Using 2 workers of 2 for marking
[2024-12-04T16:40:46.174+0700][5,323s][info   ][gc,marking  ] GC(307) Concurrent Mark From Roots 3,598ms
[2024-12-04T16:40:46.174+0700][5,323s][info   ][gc,marking  ] GC(307) Concurrent Preclean
[2024-12-04T16:40:46.175+0700][5,323s][info   ][gc,marking  ] GC(307) Concurrent Preclean 0,061ms
[2024-12-04T16:40:46.175+0700][5,323s][info   ][gc,start    ] GC(307) Pause Remark
[2024-12-04T16:40:46.176+0700][5,324s][info   ][gc          ] GC(307) Pause Remark 865M->865M(1892M) 0,913ms
[2024-12-04T16:40:46.176+0700][5,324s][info   ][gc,cpu      ] GC(307) User=0,00s Sys=0,00s Real=0,00s
[2024-12-04T16:40:46.176+0700][5,324s][info   ][gc,marking  ] GC(307) Concurrent Mark 4,745ms
[2024-12-04T16:40:46.176+0700][5,324s][info   ][gc,marking  ] GC(307) Concurrent Rebuild Remembered Sets
[2024-12-04T16:40:46.177+0700][5,326s][info   ][gc,marking  ] GC(307) Concurrent Rebuild Remembered Sets 1,489ms
[2024-12-04T16:40:46.177+0700][5,326s][info   ][gc,start    ] GC(307) Pause Cleanup
[2024-12-04T16:40:46.177+0700][5,326s][info   ][gc          ] GC(307) Pause Cleanup 866M->866M(1892M) 0,182ms
[2024-12-04T16:40:46.177+0700][5,326s][info   ][gc,cpu      ] GC(307) User=0,00s Sys=0,00s Real=0,00s
[2024-12-04T16:40:46.177+0700][5,326s][info   ][gc,marking  ] GC(307) Concurrent Cleanup for Next Mark
[2024-12-04T16:40:46.180+0700][5,329s][info   ][gc,marking  ] GC(307) Concurrent Cleanup for Next Mark 2,759ms
[2024-12-04T16:40:46.180+0700][5,329s][info   ][gc          ] GC(307) Concurrent Mark Cycle 9,431ms
[2024-12-04T16:40:46.182+0700][5,331s][info   ][gc,start    ] GC(308) Pause Young (Concurrent Start) (G1 Humongous Allocation)
[2024-12-04T16:40:46.182+0700][5,331s][info   ][gc,task     ] GC(308) Using 8 workers of 8 for evacuation
[2024-12-04T16:40:46.183+0700][5,332s][info   ][gc,phases   ] GC(308)   Pre Evacuate Collection Set: 0,2ms
[2024-12-04T16:40:46.183+0700][5,332s][info   ][gc,phases   ] GC(308)   Merge Heap Roots: 0,2ms
[2024-12-04T16:40:46.183+0700][5,332s][info   ][gc,phases   ] GC(308)   Evacuate Collection Set: 0,4ms
[2024-12-04T16:40:46.183+0700][5,332s][info   ][gc,phases   ] GC(308)   Post Evacuate Collection Set: 0,2ms
[2024-12-04T16:40:46.183+0700][5,332s][info   ][gc,phases   ] GC(308)   Other: 0,1ms
[2024-12-04T16:40:46.183+0700][5,332s][info   ][gc,heap     ] GC(308) Eden regions: 1->0(843)
[2024-12-04T16:40:46.183+0700][5,332s][info   ][gc,heap     ] GC(308) Survivor regions: 0->0(105)
[2024-12-04T16:40:46.183+0700][5,332s][info   ][gc,heap     ] GC(308) Old regions: 3->3
[2024-12-04T16:40:46.183+0700][5,332s][info   ][gc,heap     ] GC(308) Archive regions: 2->2
[2024-12-04T16:40:46.183+0700][5,332s][info   ][gc,heap     ] GC(308) Humongous regions: 863->863
[2024-12-04T16:40:46.183+0700][5,332s][info   ][gc,metaspace] GC(308) Metaspace: 5789K(6016K)->5789K(6016K) NonClass: 5127K(5248K)->5127K(5248K) Class: 661K(768K)->661K(768K)
[2024-12-04T16:40:46.183+0700][5,332s][info   ][gc          ] GC(308) Pause Young (Concurrent Start) (G1 Humongous Allocation) 866M->866M(1903M) 1,159ms
[2024-12-04T16:40:46.183+0700][5,332s][info   ][gc,cpu      ] GC(308) User=0,01s Sys=0,00s Real=0,01s
[2024-12-04T16:40:46.183+0700][5,332s][info   ][gc          ] GC(309) Concurrent Mark Cycle
[2024-12-04T16:40:46.183+0700][5,332s][info   ][gc,marking  ] GC(309) Concurrent Clear Claimed Marks
[2024-12-04T16:40:46.183+0700][5,332s][info   ][gc,marking  ] GC(309) Concurrent Clear Claimed Marks 0,011ms
[2024-12-04T16:40:46.183+0700][5,332s][info   ][gc,marking  ] GC(309) Concurrent Scan Root Regions
[2024-12-04T16:40:46.183+0700][5,332s][info   ][gc,marking  ] GC(309) Concurrent Scan Root Regions 0,006ms
[2024-12-04T16:40:46.183+0700][5,332s][info   ][gc,marking  ] GC(309) Concurrent Mark
[2024-12-04T16:40:46.183+0700][5,332s][info   ][gc,marking  ] GC(309) Concurrent Mark From Roots
[2024-12-04T16:40:46.183+0700][5,332s][info   ][gc,task     ] GC(309) Using 2 workers of 2 for marking
[2024-12-04T16:40:46.187+0700][5,336s][info   ][gc,marking  ] GC(309) Concurrent Mark From Roots 3,224ms
[2024-12-04T16:40:46.187+0700][5,336s][info   ][gc,marking  ] GC(309) Concurrent Preclean
[2024-12-04T16:40:46.187+0700][5,336s][info   ][gc,marking  ] GC(309) Concurrent Preclean 0,050ms
[2024-12-04T16:40:46.187+0700][5,336s][info   ][gc,start    ] GC(309) Pause Remark
[2024-12-04T16:40:46.187+0700][5,336s][info   ][gc          ] GC(309) Pause Remark 867M->867M(1903M) 0,584ms
[2024-12-04T16:40:46.187+0700][5,336s][info   ][gc,cpu      ] GC(309) User=0,01s Sys=0,00s Real=0,00s
[2024-12-04T16:40:46.187+0700][5,336s][info   ][gc,marking  ] GC(309) Concurrent Mark 3,977ms
[2024-12-04T16:40:46.187+0700][5,336s][info   ][gc,marking  ] GC(309) Concurrent Rebuild Remembered Sets
[2024-12-04T16:40:46.189+0700][5,338s][info   ][gc,marking  ] GC(309) Concurrent Rebuild Remembered Sets 1,339ms
[2024-12-04T16:40:46.189+0700][5,338s][info   ][gc,start    ] GC(309) Pause Cleanup
[2024-12-04T16:40:46.189+0700][5,338s][info   ][gc          ] GC(309) Pause Cleanup 867M->867M(1903M) 0,127ms
[2024-12-04T16:40:46.189+0700][5,338s][info   ][gc,cpu      ] GC(309) User=0,00s Sys=0,00s Real=0,00s
[2024-12-04T16:40:46.189+0700][5,338s][info   ][gc,marking  ] GC(309) Concurrent Cleanup for Next Mark
[2024-12-04T16:40:46.193+0700][5,342s][info   ][gc,marking  ] GC(309) Concurrent Cleanup for Next Mark 4,057ms
[2024-12-04T16:40:46.193+0700][5,342s][info   ][gc          ] GC(309) Concurrent Mark Cycle 9,670ms
[2024-12-04T16:40:46.195+0700][5,344s][info   ][gc,start    ] GC(310) Pause Young (Concurrent Start) (G1 Humongous Allocation)
[2024-12-04T16:40:46.195+0700][5,344s][info   ][gc,task     ] GC(310) Using 8 workers of 8 for evacuation
[2024-12-04T16:40:46.196+0700][5,345s][info   ][gc,phases   ] GC(310)   Pre Evacuate Collection Set: 0,2ms
[2024-12-04T16:40:46.196+0700][5,345s][info   ][gc,phases   ] GC(310)   Merge Heap Roots: 0,2ms
[2024-12-04T16:40:46.196+0700][5,345s][info   ][gc,phases   ] GC(310)   Evacuate Collection Set: 0,2ms
[2024-12-04T16:40:46.196+0700][5,345s][info   ][gc,phases   ] GC(310)   Post Evacuate Collection Set: 0,1ms
[2024-12-04T16:40:46.196+0700][5,345s][info   ][gc,phases   ] GC(310)   Other: 0,2ms
[2024-12-04T16:40:46.196+0700][5,345s][info   ][gc,heap     ] GC(310) Eden regions: 1->0(841)
[2024-12-04T16:40:46.196+0700][5,345s][info   ][gc,heap     ] GC(310) Survivor regions: 0->0(106)
[2024-12-04T16:40:46.196+0700][5,345s][info   ][gc,heap     ] GC(310) Old regions: 3->3
[2024-12-04T16:40:46.196+0700][5,345s][info   ][gc,heap     ] GC(310) Archive regions: 2->2
[2024-12-04T16:40:46.196+0700][5,345s][info   ][gc,heap     ] GC(310) Humongous regions: 865->865
[2024-12-04T16:40:46.196+0700][5,345s][info   ][gc,metaspace] GC(310) Metaspace: 5789K(6016K)->5789K(6016K) NonClass: 5127K(5248K)->5127K(5248K) Class: 661K(768K)->661K(768K)
[2024-12-04T16:40:46.196+0700][5,345s][info   ][gc          ] GC(310) Pause Young (Concurrent Start) (G1 Humongous Allocation) 868M->868M(1903M) 0,952ms
[2024-12-04T16:40:46.196+0700][5,345s][info   ][gc,cpu      ] GC(310) User=0,00s Sys=0,00s Real=0,00s
[2024-12-04T16:40:46.196+0700][5,345s][info   ][gc          ] GC(311) Concurrent Mark Cycle
[2024-12-04T16:40:46.196+0700][5,345s][info   ][gc,marking  ] GC(311) Concurrent Clear Claimed Marks
[2024-12-04T16:40:46.196+0700][5,345s][info   ][gc,marking  ] GC(311) Concurrent Clear Claimed Marks 0,009ms
[2024-12-04T16:40:46.196+0700][5,345s][info   ][gc,marking  ] GC(311) Concurrent Scan Root Regions
[2024-12-04T16:40:46.196+0700][5,345s][info   ][gc,marking  ] GC(311) Concurrent Scan Root Regions 0,007ms
[2024-12-04T16:40:46.196+0700][5,345s][info   ][gc,marking  ] GC(311) Concurrent Mark
[2024-12-04T16:40:46.196+0700][5,345s][info   ][gc,marking  ] GC(311) Concurrent Mark From Roots
[2024-12-04T16:40:46.196+0700][5,345s][info   ][gc,task     ] GC(311) Using 2 workers of 2 for marking
[2024-12-04T16:40:46.199+0700][5,348s][info   ][gc,marking  ] GC(311) Concurrent Mark From Roots 3,591ms
[2024-12-04T16:40:46.199+0700][5,348s][info   ][gc,marking  ] GC(311) Concurrent Preclean
[2024-12-04T16:40:46.200+0700][5,348s][info   ][gc,marking  ] GC(311) Concurrent Preclean 0,042ms
[2024-12-04T16:40:46.200+0700][5,348s][info   ][gc,start    ] GC(311) Pause Remark
[2024-12-04T16:40:46.200+0700][5,349s][info   ][gc          ] GC(311) Pause Remark 869M->869M(1903M) 0,587ms
[2024-12-04T16:40:46.200+0700][5,349s][info   ][gc,cpu      ] GC(311) User=0,01s Sys=0,00s Real=0,00s
[2024-12-04T16:40:46.200+0700][5,349s][info   ][gc,marking  ] GC(311) Concurrent Mark 4,337ms
[2024-12-04T16:40:46.200+0700][5,349s][info   ][gc,marking  ] GC(311) Concurrent Rebuild Remembered Sets
[2024-12-04T16:40:46.202+0700][5,350s][info   ][gc,marking  ] GC(311) Concurrent Rebuild Remembered Sets 1,374ms
[2024-12-04T16:40:46.202+0700][5,351s][info   ][gc,start    ] GC(311) Pause Cleanup
[2024-12-04T16:40:46.202+0700][5,351s][info   ][gc          ] GC(311) Pause Cleanup 870M->870M(1903M) 0,185ms
[2024-12-04T16:40:46.202+0700][5,351s][info   ][gc,cpu      ] GC(311) User=0,00s Sys=0,00s Real=0,00s
[2024-12-04T16:40:46.202+0700][5,351s][info   ][gc,marking  ] GC(311) Concurrent Cleanup for Next Mark
[2024-12-04T16:40:46.206+0700][5,355s][info   ][gc,marking  ] GC(311) Concurrent Cleanup for Next Mark 3,879ms
[2024-12-04T16:40:46.206+0700][5,355s][info   ][gc          ] GC(311) Concurrent Mark Cycle 10,109ms
[2024-12-04T16:40:46.207+0700][5,356s][info   ][gc,start    ] GC(312) Pause Young (Concurrent Start) (G1 Humongous Allocation)
[2024-12-04T16:40:46.207+0700][5,356s][info   ][gc,task     ] GC(312) Using 8 workers of 8 for evacuation
[2024-12-04T16:40:46.208+0700][5,357s][info   ][gc,phases   ] GC(312)   Pre Evacuate Collection Set: 0,2ms
[2024-12-04T16:40:46.208+0700][5,357s][info   ][gc,phases   ] GC(312)   Merge Heap Roots: 0,2ms
[2024-12-04T16:40:46.208+0700][5,357s][info   ][gc,phases   ] GC(312)   Evacuate Collection Set: 0,3ms
[2024-12-04T16:40:46.208+0700][5,357s][info   ][gc,phases   ] GC(312)   Post Evacuate Collection Set: 0,1ms
[2024-12-04T16:40:46.208+0700][5,357s][info   ][gc,phases   ] GC(312)   Other: 0,2ms
[2024-12-04T16:40:46.208+0700][5,357s][info   ][gc,heap     ] GC(312) Eden regions: 1->0(839)
[2024-12-04T16:40:46.208+0700][5,357s][info   ][gc,heap     ] GC(312) Survivor regions: 0->0(106)
[2024-12-04T16:40:46.208+0700][5,357s][info   ][gc,heap     ] GC(312) Old regions: 3->3
[2024-12-04T16:40:46.208+0700][5,357s][info   ][gc,heap     ] GC(312) Archive regions: 2->2
[2024-12-04T16:40:46.208+0700][5,357s][info   ][gc,heap     ] GC(312) Humongous regions: 867->867
[2024-12-04T16:40:46.208+0700][5,357s][info   ][gc,metaspace] GC(312) Metaspace: 5789K(6016K)->5789K(6016K) NonClass: 5127K(5248K)->5127K(5248K) Class: 661K(768K)->661K(768K)
[2024-12-04T16:40:46.208+0700][5,357s][info   ][gc          ] GC(312) Pause Young (Concurrent Start) (G1 Humongous Allocation) 870M->870M(1903M) 0,933ms
[2024-12-04T16:40:46.208+0700][5,357s][info   ][gc,cpu      ] GC(312) User=0,00s Sys=0,00s Real=0,00s
[2024-12-04T16:40:46.208+0700][5,357s][info   ][gc          ] GC(313) Concurrent Mark Cycle
[2024-12-04T16:40:46.208+0700][5,357s][info   ][gc,marking  ] GC(313) Concurrent Clear Claimed Marks
[2024-12-04T16:40:46.208+0700][5,357s][info   ][gc,marking  ] GC(313) Concurrent Clear Claimed Marks 0,011ms
[2024-12-04T16:40:46.208+0700][5,357s][info   ][gc,marking  ] GC(313) Concurrent Scan Root Regions
[2024-12-04T16:40:46.208+0700][5,357s][info   ][gc,marking  ] GC(313) Concurrent Scan Root Regions 0,006ms
[2024-12-04T16:40:46.208+0700][5,357s][info   ][gc,marking  ] GC(313) Concurrent Mark
[2024-12-04T16:40:46.208+0700][5,357s][info   ][gc,marking  ] GC(313) Concurrent Mark From Roots
[2024-12-04T16:40:46.208+0700][5,357s][info   ][gc,task     ] GC(313) Using 2 workers of 2 for marking
[2024-12-04T16:40:46.211+0700][5,360s][info   ][gc,marking  ] GC(313) Concurrent Mark From Roots 2,887ms
[2024-12-04T16:40:46.211+0700][5,360s][info   ][gc,marking  ] GC(313) Concurrent Preclean
[2024-12-04T16:40:46.211+0700][5,360s][info   ][gc,marking  ] GC(313) Concurrent Preclean 0,042ms
[2024-12-04T16:40:46.211+0700][5,360s][info   ][gc,start    ] GC(313) Pause Remark
[2024-12-04T16:40:46.212+0700][5,361s][info   ][gc          ] GC(313) Pause Remark 871M->871M(1903M) 0,599ms
[2024-12-04T16:40:46.212+0700][5,361s][info   ][gc,cpu      ] GC(313) User=0,00s Sys=0,00s Real=0,00s
[2024-12-04T16:40:46.212+0700][5,361s][info   ][gc,marking  ] GC(313) Concurrent Mark 3,631ms
[2024-12-04T16:40:46.212+0700][5,361s][info   ][gc,marking  ] GC(313) Concurrent Rebuild Remembered Sets
[2024-12-04T16:40:46.213+0700][5,362s][info   ][gc,marking  ] GC(313) Concurrent Rebuild Remembered Sets 1,276ms
[2024-12-04T16:40:46.213+0700][5,362s][info   ][gc,start    ] GC(313) Pause Cleanup
[2024-12-04T16:40:46.213+0700][5,362s][info   ][gc          ] GC(313) Pause Cleanup 871M->871M(1903M) 0,126ms
[2024-12-04T16:40:46.213+0700][5,362s][info   ][gc,cpu      ] GC(313) User=0,00s Sys=0,00s Real=0,00s
[2024-12-04T16:40:46.213+0700][5,362s][info   ][gc,marking  ] GC(313) Concurrent Cleanup for Next Mark
[2024-12-04T16:40:46.217+0700][5,366s][info   ][gc,marking  ] GC(313) Concurrent Cleanup for Next Mark 4,014ms
[2024-12-04T16:40:46.217+0700][5,366s][info   ][gc          ] GC(313) Concurrent Mark Cycle 9,192ms
[2024-12-04T16:40:46.219+0700][5,368s][info   ][gc,start    ] GC(314) Pause Young (Concurrent Start) (G1 Humongous Allocation)
[2024-12-04T16:40:46.219+0700][5,368s][info   ][gc,task     ] GC(314) Using 8 workers of 8 for evacuation
[2024-12-04T16:40:46.220+0700][5,369s][info   ][gc,phases   ] GC(314)   Pre Evacuate Collection Set: 0,2ms
[2024-12-04T16:40:46.220+0700][5,369s][info   ][gc,phases   ] GC(314)   Merge Heap Roots: 0,2ms
[2024-12-04T16:40:46.220+0700][5,369s][info   ][gc,phases   ] GC(314)   Evacuate Collection Set: 0,3ms
[2024-12-04T16:40:46.220+0700][5,369s][info   ][gc,phases   ] GC(314)   Post Evacuate Collection Set: 0,1ms
[2024-12-04T16:40:46.220+0700][5,369s][info   ][gc,phases   ] GC(314)   Other: 0,2ms
[2024-12-04T16:40:46.220+0700][5,369s][info   ][gc,heap     ] GC(314) Eden regions: 1->0(837)
[2024-12-04T16:40:46.220+0700][5,369s][info   ][gc,heap     ] GC(314) Survivor regions: 0->0(105)
[2024-12-04T16:40:46.220+0700][5,369s][info   ][gc,heap     ] GC(314) Old regions: 3->3
[2024-12-04T16:40:46.220+0700][5,369s][info   ][gc,heap     ] GC(314) Archive regions: 2->2
[2024-12-04T16:40:46.220+0700][5,369s][info   ][gc,heap     ] GC(314) Humongous regions: 869->869
[2024-12-04T16:40:46.220+0700][5,369s][info   ][gc,metaspace] GC(314) Metaspace: 5789K(6016K)->5789K(6016K) NonClass: 5127K(5248K)->5127K(5248K) Class: 661K(768K)->661K(768K)
[2024-12-04T16:40:46.220+0700][5,369s][info   ][gc          ] GC(314) Pause Young (Concurrent Start) (G1 Humongous Allocation) 872M->872M(1903M) 1,026ms
[2024-12-04T16:40:46.220+0700][5,369s][info   ][gc,cpu      ] GC(314) User=0,00s Sys=0,00s Real=0,00s
[2024-12-04T16:40:46.220+0700][5,369s][info   ][gc          ] GC(315) Concurrent Mark Cycle
[2024-12-04T16:40:46.220+0700][5,369s][info   ][gc,marking  ] GC(315) Concurrent Clear Claimed Marks
[2024-12-04T16:40:46.220+0700][5,369s][info   ][gc,marking  ] GC(315) Concurrent Clear Claimed Marks 0,019ms
[2024-12-04T16:40:46.220+0700][5,369s][info   ][gc,marking  ] GC(315) Concurrent Scan Root Regions
[2024-12-04T16:40:46.220+0700][5,369s][info   ][gc,marking  ] GC(315) Concurrent Scan Root Regions 0,006ms
[2024-12-04T16:40:46.220+0700][5,369s][info   ][gc,marking  ] GC(315) Concurrent Mark
[2024-12-04T16:40:46.220+0700][5,369s][info   ][gc,marking  ] GC(315) Concurrent Mark From Roots
[2024-12-04T16:40:46.220+0700][5,369s][info   ][gc,task     ] GC(315) Using 2 workers of 2 for marking
[2024-12-04T16:40:46.224+0700][5,373s][info   ][gc,marking  ] GC(315) Concurrent Mark From Roots 3,542ms
[2024-12-04T16:40:46.224+0700][5,373s][info   ][gc,marking  ] GC(315) Concurrent Preclean
[2024-12-04T16:40:46.224+0700][5,373s][info   ][gc,marking  ] GC(315) Concurrent Preclean 0,052ms
[2024-12-04T16:40:46.224+0700][5,373s][info   ][gc,start    ] GC(315) Pause Remark
[2024-12-04T16:40:46.225+0700][5,374s][info   ][gc          ] GC(315) Pause Remark 873M->873M(1903M) 0,913ms
[2024-12-04T16:40:46.225+0700][5,374s][info   ][gc,cpu      ] GC(315) User=0,00s Sys=0,00s Real=0,00s
[2024-12-04T16:40:46.225+0700][5,374s][info   ][gc,marking  ] GC(315) Concurrent Mark 4,622ms
[2024-12-04T16:40:46.225+0700][5,374s][info   ][gc,marking  ] GC(315) Concurrent Rebuild Remembered Sets
[2024-12-04T16:40:46.227+0700][5,376s][info   ][gc,marking  ] GC(315) Concurrent Rebuild Remembered Sets 1,528ms
[2024-12-04T16:40:46.227+0700][5,376s][info   ][gc,start    ] GC(315) Pause Cleanup
[2024-12-04T16:40:46.227+0700][5,376s][info   ][gc          ] GC(315) Pause Cleanup 874M->874M(1903M) 0,286ms
[2024-12-04T16:40:46.227+0700][5,376s][info   ][gc,cpu      ] GC(315) User=0,00s Sys=0,00s Real=0,00s
[2024-12-04T16:40:46.227+0700][5,376s][info   ][gc,marking  ] GC(315) Concurrent Cleanup for Next Mark
[2024-12-04T16:40:46.230+0700][5,379s][info   ][gc,marking  ] GC(315) Concurrent Cleanup for Next Mark 3,310ms
[2024-12-04T16:40:46.230+0700][5,379s][info   ][gc          ] GC(315) Concurrent Mark Cycle 9,978ms
[2024-12-04T16:40:46.232+0700][5,381s][info   ][gc,start    ] GC(316) Pause Young (Concurrent Start) (G1 Humongous Allocation)
[2024-12-04T16:40:46.232+0700][5,381s][info   ][gc,task     ] GC(316) Using 8 workers of 8 for evacuation
[2024-12-04T16:40:46.233+0700][5,382s][info   ][gc,phases   ] GC(316)   Pre Evacuate Collection Set: 0,2ms
[2024-12-04T16:40:46.233+0700][5,382s][info   ][gc,phases   ] GC(316)   Merge Heap Roots: 0,2ms
[2024-12-04T16:40:46.233+0700][5,382s][info   ][gc,phases   ] GC(316)   Evacuate Collection Set: 0,6ms
[2024-12-04T16:40:46.233+0700][5,382s][info   ][gc,phases   ] GC(316)   Post Evacuate Collection Set: 0,1ms
[2024-12-04T16:40:46.233+0700][5,382s][info   ][gc,phases   ] GC(316)   Other: 0,1ms
[2024-12-04T16:40:46.233+0700][5,382s][info   ][gc,heap     ] GC(316) Eden regions: 1->0(835)
[2024-12-04T16:40:46.233+0700][5,382s][info   ][gc,heap     ] GC(316) Survivor regions: 0->0(105)
[2024-12-04T16:40:46.233+0700][5,382s][info   ][gc,heap     ] GC(316) Old regions: 3->3
[2024-12-04T16:40:46.233+0700][5,382s][info   ][gc,heap     ] GC(316) Archive regions: 2->2
[2024-12-04T16:40:46.233+0700][5,382s][info   ][gc,heap     ] GC(316) Humongous regions: 871->871
[2024-12-04T16:40:46.233+0700][5,382s][info   ][gc,metaspace] GC(316) Metaspace: 5789K(6016K)->5789K(6016K) NonClass: 5127K(5248K)->5127K(5248K) Class: 661K(768K)->661K(768K)
[2024-12-04T16:40:46.233+0700][5,382s][info   ][gc          ] GC(316) Pause Young (Concurrent Start) (G1 Humongous Allocation) 874M->874M(1903M) 1,381ms
[2024-12-04T16:40:46.233+0700][5,382s][info   ][gc,cpu      ] GC(316) User=0,00s Sys=0,00s Real=0,00s
[2024-12-04T16:40:46.233+0700][5,382s][info   ][gc          ] GC(317) Concurrent Mark Cycle
[2024-12-04T16:40:46.233+0700][5,382s][info   ][gc,marking  ] GC(317) Concurrent Clear Claimed Marks
[2024-12-04T16:40:46.233+0700][5,382s][info   ][gc,marking  ] GC(317) Concurrent Clear Claimed Marks 0,011ms
[2024-12-04T16:40:46.233+0700][5,382s][info   ][gc,marking  ] GC(317) Concurrent Scan Root Regions
[2024-12-04T16:40:46.233+0700][5,382s][info   ][gc,marking  ] GC(317) Concurrent Scan Root Regions 0,005ms
[2024-12-04T16:40:46.233+0700][5,382s][info   ][gc,marking  ] GC(317) Concurrent Mark
[2024-12-04T16:40:46.233+0700][5,382s][info   ][gc,marking  ] GC(317) Concurrent Mark From Roots
[2024-12-04T16:40:46.233+0700][5,382s][info   ][gc,task     ] GC(317) Using 2 workers of 2 for marking
[2024-12-04T16:40:46.237+0700][5,386s][info   ][gc,marking  ] GC(317) Concurrent Mark From Roots 3,706ms
[2024-12-04T16:40:46.237+0700][5,386s][info   ][gc,marking  ] GC(317) Concurrent Preclean
[2024-12-04T16:40:46.237+0700][5,386s][info   ][gc,marking  ] GC(317) Concurrent Preclean 0,062ms
[2024-12-04T16:40:46.237+0700][5,386s][info   ][gc,start    ] GC(317) Pause Remark
[2024-12-04T16:40:46.238+0700][5,387s][info   ][gc          ] GC(317) Pause Remark 875M->875M(1903M) 0,705ms
[2024-12-04T16:40:46.238+0700][5,387s][info   ][gc,cpu      ] GC(317) User=0,00s Sys=0,00s Real=0,00s
[2024-12-04T16:40:46.238+0700][5,387s][info   ][gc,marking  ] GC(317) Concurrent Mark 4,633ms
[2024-12-04T16:40:46.238+0700][5,387s][info   ][gc,marking  ] GC(317) Concurrent Rebuild Remembered Sets
[2024-12-04T16:40:46.239+0700][5,388s][info   ][gc,marking  ] GC(317) Concurrent Rebuild Remembered Sets 1,162ms
[2024-12-04T16:40:46.239+0700][5,388s][info   ][gc,start    ] GC(317) Pause Cleanup
[2024-12-04T16:40:46.239+0700][5,388s][info   ][gc          ] GC(317) Pause Cleanup 876M->876M(1903M) 0,189ms
[2024-12-04T16:40:46.240+0700][5,388s][info   ][gc,cpu      ] GC(317) User=0,00s Sys=0,00s Real=0,00s
[2024-12-04T16:40:46.240+0700][5,388s][info   ][gc,marking  ] GC(317) Concurrent Cleanup for Next Mark
[2024-12-04T16:40:46.242+0700][5,391s][info   ][gc,marking  ] GC(317) Concurrent Cleanup for Next Mark 2,687ms
[2024-12-04T16:40:46.242+0700][5,391s][info   ][gc          ] GC(317) Concurrent Mark Cycle 9,204ms
[2024-12-04T16:40:46.245+0700][5,394s][info   ][gc,start    ] GC(318) Pause Young (Concurrent Start) (G1 Humongous Allocation)
[2024-12-04T16:40:46.245+0700][5,394s][info   ][gc,task     ] GC(318) Using 8 workers of 8 for evacuation
[2024-12-04T16:40:46.246+0700][5,394s][info   ][gc,phases   ] GC(318)   Pre Evacuate Collection Set: 0,2ms
[2024-12-04T16:40:46.246+0700][5,394s][info   ][gc,phases   ] GC(318)   Merge Heap Roots: 0,2ms
[2024-12-04T16:40:46.246+0700][5,394s][info   ][gc,phases   ] GC(318)   Evacuate Collection Set: 0,2ms
[2024-12-04T16:40:46.246+0700][5,395s][info   ][gc,phases   ] GC(318)   Post Evacuate Collection Set: 0,1ms
[2024-12-04T16:40:46.246+0700][5,395s][info   ][gc,phases   ] GC(318)   Other: 0,2ms
[2024-12-04T16:40:46.246+0700][5,395s][info   ][gc,heap     ] GC(318) Eden regions: 1->0(833)
[2024-12-04T16:40:46.246+0700][5,395s][info   ][gc,heap     ] GC(318) Survivor regions: 0->0(105)
[2024-12-04T16:40:46.246+0700][5,395s][info   ][gc,heap     ] GC(318) Old regions: 3->3
[2024-12-04T16:40:46.246+0700][5,395s][info   ][gc,heap     ] GC(318) Archive regions: 2->2
[2024-12-04T16:40:46.246+0700][5,395s][info   ][gc,heap     ] GC(318) Humongous regions: 873->873
[2024-12-04T16:40:46.246+0700][5,395s][info   ][gc,metaspace] GC(318) Metaspace: 5789K(6016K)->5789K(6016K) NonClass: 5127K(5248K)->5127K(5248K) Class: 661K(768K)->661K(768K)
[2024-12-04T16:40:46.246+0700][5,395s][info   ][gc          ] GC(318) Pause Young (Concurrent Start) (G1 Humongous Allocation) 876M->876M(1903M) 0,873ms
[2024-12-04T16:40:46.246+0700][5,395s][info   ][gc,cpu      ] GC(318) User=0,00s Sys=0,00s Real=0,00s
[2024-12-04T16:40:46.246+0700][5,395s][info   ][gc          ] GC(319) Concurrent Mark Cycle
[2024-12-04T16:40:46.246+0700][5,395s][info   ][gc,marking  ] GC(319) Concurrent Clear Claimed Marks
[2024-12-04T16:40:46.246+0700][5,395s][info   ][gc,marking  ] GC(319) Concurrent Clear Claimed Marks 0,008ms
[2024-12-04T16:40:46.246+0700][5,395s][info   ][gc,marking  ] GC(319) Concurrent Scan Root Regions
[2024-12-04T16:40:46.246+0700][5,395s][info   ][gc,marking  ] GC(319) Concurrent Scan Root Regions 0,008ms
[2024-12-04T16:40:46.246+0700][5,395s][info   ][gc,marking  ] GC(319) Concurrent Mark
[2024-12-04T16:40:46.246+0700][5,395s][info   ][gc,marking  ] GC(319) Concurrent Mark From Roots
[2024-12-04T16:40:46.246+0700][5,395s][info   ][gc,task     ] GC(319) Using 2 workers of 2 for marking
[2024-12-04T16:40:46.249+0700][5,398s][info   ][gc,marking  ] GC(319) Concurrent Mark From Roots 3,213ms
[2024-12-04T16:40:46.249+0700][5,398s][info   ][gc,marking  ] GC(319) Concurrent Preclean
[2024-12-04T16:40:46.249+0700][5,398s][info   ][gc,marking  ] GC(319) Concurrent Preclean 0,057ms
[2024-12-04T16:40:46.249+0700][5,398s][info   ][gc,start    ] GC(319) Pause Remark
[2024-12-04T16:40:46.250+0700][5,399s][info   ][gc          ] GC(319) Pause Remark 877M->877M(1903M) 0,743ms
[2024-12-04T16:40:46.250+0700][5,399s][info   ][gc,cpu      ] GC(319) User=0,00s Sys=0,00s Real=0,00s
[2024-12-04T16:40:46.250+0700][5,399s][info   ][gc,marking  ] GC(319) Concurrent Mark 4,154ms
[2024-12-04T16:40:46.250+0700][5,399s][info   ][gc,marking  ] GC(319) Concurrent Rebuild Remembered Sets
[2024-12-04T16:40:46.251+0700][5,400s][info   ][gc,marking  ] GC(319) Concurrent Rebuild Remembered Sets 1,480ms
[2024-12-04T16:40:46.251+0700][5,400s][info   ][gc,start    ] GC(319) Pause Cleanup
[2024-12-04T16:40:46.252+0700][5,401s][info   ][gc          ] GC(319) Pause Cleanup 877M->877M(1903M) 0,164ms
[2024-12-04T16:40:46.252+0700][5,401s][info   ][gc,cpu      ] GC(319) User=0,01s Sys=0,00s Real=0,00s
[2024-12-04T16:40:46.252+0700][5,401s][info   ][gc,marking  ] GC(319) Concurrent Cleanup for Next Mark
[2024-12-04T16:40:46.255+0700][5,404s][info   ][gc,marking  ] GC(319) Concurrent Cleanup for Next Mark 3,023ms
[2024-12-04T16:40:46.255+0700][5,404s][info   ][gc          ] GC(319) Concurrent Mark Cycle 8,964ms
[2024-12-04T16:40:46.258+0700][5,407s][info   ][gc,start    ] GC(320) Pause Young (Concurrent Start) (G1 Humongous Allocation)
[2024-12-04T16:40:46.258+0700][5,407s][info   ][gc,task     ] GC(320) Using 8 workers of 8 for evacuation
[2024-12-04T16:40:46.260+0700][5,408s][info   ][gc,phases   ] GC(320)   Pre Evacuate Collection Set: 0,2ms
[2024-12-04T16:40:46.260+0700][5,408s][info   ][gc,phases   ] GC(320)   Merge Heap Roots: 0,2ms
[2024-12-04T16:40:46.260+0700][5,408s][info   ][gc,phases   ] GC(320)   Evacuate Collection Set: 0,4ms
[2024-12-04T16:40:46.260+0700][5,408s][info   ][gc,phases   ] GC(320)   Post Evacuate Collection Set: 0,4ms
[2024-12-04T16:40:46.260+0700][5,408s][info   ][gc,phases   ] GC(320)   Other: 0,2ms
[2024-12-04T16:40:46.260+0700][5,408s][info   ][gc,heap     ] GC(320) Eden regions: 1->0(840)
[2024-12-04T16:40:46.260+0700][5,408s][info   ][gc,heap     ] GC(320) Survivor regions: 0->0(105)
[2024-12-04T16:40:46.260+0700][5,408s][info   ][gc,heap     ] GC(320) Old regions: 3->3
[2024-12-04T16:40:46.260+0700][5,408s][info   ][gc,heap     ] GC(320) Archive regions: 2->2
[2024-12-04T16:40:46.260+0700][5,408s][info   ][gc,heap     ] GC(320) Humongous regions: 875->875
[2024-12-04T16:40:46.260+0700][5,408s][info   ][gc,metaspace] GC(320) Metaspace: 5789K(6016K)->5789K(6016K) NonClass: 5127K(5248K)->5127K(5248K) Class: 661K(768K)->661K(768K)
[2024-12-04T16:40:46.260+0700][5,408s][info   ][gc          ] GC(320) Pause Young (Concurrent Start) (G1 Humongous Allocation) 878M->878M(1913M) 1,418ms
[2024-12-04T16:40:46.260+0700][5,409s][info   ][gc,cpu      ] GC(320) User=0,00s Sys=0,00s Real=0,00s
[2024-12-04T16:40:46.260+0700][5,409s][info   ][gc          ] GC(321) Concurrent Mark Cycle
[2024-12-04T16:40:46.260+0700][5,409s][info   ][gc,marking  ] GC(321) Concurrent Clear Claimed Marks
[2024-12-04T16:40:46.260+0700][5,409s][info   ][gc,marking  ] GC(321) Concurrent Clear Claimed Marks 0,017ms
[2024-12-04T16:40:46.260+0700][5,409s][info   ][gc,marking  ] GC(321) Concurrent Scan Root Regions
[2024-12-04T16:40:46.260+0700][5,409s][info   ][gc,marking  ] GC(321) Concurrent Scan Root Regions 0,004ms
[2024-12-04T16:40:46.260+0700][5,409s][info   ][gc,marking  ] GC(321) Concurrent Mark
[2024-12-04T16:40:46.260+0700][5,409s][info   ][gc,marking  ] GC(321) Concurrent Mark From Roots
[2024-12-04T16:40:46.260+0700][5,409s][info   ][gc,task     ] GC(321) Using 2 workers of 2 for marking
[2024-12-04T16:40:46.265+0700][5,414s][info   ][gc,marking  ] GC(321) Concurrent Mark From Roots 4,929ms
[2024-12-04T16:40:46.265+0700][5,414s][info   ][gc,marking  ] GC(321) Concurrent Preclean
[2024-12-04T16:40:46.265+0700][5,414s][info   ][gc,marking  ] GC(321) Concurrent Preclean 0,084ms
[2024-12-04T16:40:46.265+0700][5,414s][info   ][gc,start    ] GC(321) Pause Remark
[2024-12-04T16:40:46.266+0700][5,415s][info   ][gc          ] GC(321) Pause Remark 879M->879M(1913M) 1,052ms
[2024-12-04T16:40:46.266+0700][5,415s][info   ][gc,cpu      ] GC(321) User=0,01s Sys=0,00s Real=0,00s
[2024-12-04T16:40:46.266+0700][5,415s][info   ][gc,marking  ] GC(321) Concurrent Mark 6,251ms
[2024-12-04T16:40:46.266+0700][5,415s][info   ][gc,marking  ] GC(321) Concurrent Rebuild Remembered Sets
[2024-12-04T16:40:46.268+0700][5,417s][info   ][gc,marking  ] GC(321) Concurrent Rebuild Remembered Sets 2,232ms
[2024-12-04T16:40:46.268+0700][5,417s][info   ][gc,start    ] GC(321) Pause Cleanup
[2024-12-04T16:40:46.269+0700][5,418s][info   ][gc          ] GC(321) Pause Cleanup 880M->880M(1913M) 0,370ms
[2024-12-04T16:40:46.269+0700][5,418s][info   ][gc,cpu      ] GC(321) User=0,00s Sys=0,00s Real=0,00s
[2024-12-04T16:40:46.269+0700][5,418s][info   ][gc,marking  ] GC(321) Concurrent Cleanup for Next Mark
[2024-12-04T16:40:46.273+0700][5,422s][info   ][gc,marking  ] GC(321) Concurrent Cleanup for Next Mark 3,861ms
[2024-12-04T16:40:46.273+0700][5,422s][info   ][gc          ] GC(321) Concurrent Mark Cycle 13,059ms
[2024-12-04T16:40:46.278+0700][5,427s][info   ][gc,start    ] GC(322) Pause Young (Concurrent Start) (G1 Humongous Allocation)
[2024-12-04T16:40:46.278+0700][5,427s][info   ][gc,task     ] GC(322) Using 8 workers of 8 for evacuation
[2024-12-04T16:40:46.280+0700][5,429s][info   ][gc,phases   ] GC(322)   Pre Evacuate Collection Set: 0,3ms
[2024-12-04T16:40:46.280+0700][5,429s][info   ][gc,phases   ] GC(322)   Merge Heap Roots: 0,3ms
[2024-12-04T16:40:46.280+0700][5,429s][info   ][gc,phases   ] GC(322)   Evacuate Collection Set: 0,5ms
[2024-12-04T16:40:46.280+0700][5,429s][info   ][gc,phases   ] GC(322)   Post Evacuate Collection Set: 0,2ms
[2024-12-04T16:40:46.280+0700][5,429s][info   ][gc,phases   ] GC(322)   Other: 0,2ms
[2024-12-04T16:40:46.280+0700][5,429s][info   ][gc,heap     ] GC(322) Eden regions: 1->0(837)
[2024-12-04T16:40:46.280+0700][5,429s][info   ][gc,heap     ] GC(322) Survivor regions: 0->0(105)
[2024-12-04T16:40:46.280+0700][5,429s][info   ][gc,heap     ] GC(322) Old regions: 3->3
[2024-12-04T16:40:46.280+0700][5,429s][info   ][gc,heap     ] GC(322) Archive regions: 2->2
[2024-12-04T16:40:46.280+0700][5,429s][info   ][gc,heap     ] GC(322) Humongous regions: 878->878
[2024-12-04T16:40:46.280+0700][5,429s][info   ][gc,metaspace] GC(322) Metaspace: 5789K(6016K)->5789K(6016K) NonClass: 5127K(5248K)->5127K(5248K) Class: 661K(768K)->661K(768K)
[2024-12-04T16:40:46.280+0700][5,429s][info   ][gc          ] GC(322) Pause Young (Concurrent Start) (G1 Humongous Allocation) 881M->881M(1913M) 1,539ms
[2024-12-04T16:40:46.280+0700][5,429s][info   ][gc,cpu      ] GC(322) User=0,01s Sys=0,00s Real=0,00s
[2024-12-04T16:40:46.280+0700][5,429s][info   ][gc          ] GC(323) Concurrent Mark Cycle
[2024-12-04T16:40:46.280+0700][5,429s][info   ][gc,marking  ] GC(323) Concurrent Clear Claimed Marks
[2024-12-04T16:40:46.280+0700][5,429s][info   ][gc,marking  ] GC(323) Concurrent Clear Claimed Marks 0,029ms
[2024-12-04T16:40:46.280+0700][5,429s][info   ][gc,marking  ] GC(323) Concurrent Scan Root Regions
[2024-12-04T16:40:46.280+0700][5,429s][info   ][gc,marking  ] GC(323) Concurrent Scan Root Regions 0,011ms
[2024-12-04T16:40:46.280+0700][5,429s][info   ][gc,marking  ] GC(323) Concurrent Mark
[2024-12-04T16:40:46.280+0700][5,429s][info   ][gc,marking  ] GC(323) Concurrent Mark From Roots
[2024-12-04T16:40:46.280+0700][5,429s][info   ][gc,task     ] GC(323) Using 2 workers of 2 for marking
[2024-12-04T16:40:46.286+0700][5,435s][info   ][gc,marking  ] GC(323) Concurrent Mark From Roots 5,748ms
[2024-12-04T16:40:46.286+0700][5,435s][info   ][gc,marking  ] GC(323) Concurrent Preclean
[2024-12-04T16:40:46.286+0700][5,435s][info   ][gc,marking  ] GC(323) Concurrent Preclean 0,092ms
[2024-12-04T16:40:46.287+0700][5,435s][info   ][gc,start    ] GC(323) Pause Remark
[2024-12-04T16:40:46.288+0700][5,437s][info   ][gc          ] GC(323) Pause Remark 883M->883M(1913M) 1,508ms
[2024-12-04T16:40:46.288+0700][5,437s][info   ][gc,cpu      ] GC(323) User=0,00s Sys=0,00s Real=0,00s
[2024-12-04T16:40:46.288+0700][5,437s][info   ][gc,marking  ] GC(323) Concurrent Mark 8,154ms
[2024-12-04T16:40:46.288+0700][5,437s][info   ][gc,marking  ] GC(323) Concurrent Rebuild Remembered Sets
[2024-12-04T16:40:46.290+0700][5,439s][info   ][gc,marking  ] GC(323) Concurrent Rebuild Remembered Sets 2,124ms
[2024-12-04T16:40:46.290+0700][5,439s][info   ][gc,start    ] GC(323) Pause Cleanup
[2024-12-04T16:40:46.291+0700][5,440s][info   ][gc          ] GC(323) Pause Cleanup 883M->883M(1913M) 1,062ms
[2024-12-04T16:40:46.291+0700][5,440s][info   ][gc,cpu      ] GC(323) User=0,00s Sys=0,00s Real=0,00s
[2024-12-04T16:40:46.292+0700][5,441s][info   ][gc,marking  ] GC(323) Concurrent Cleanup for Next Mark
[2024-12-04T16:40:46.296+0700][5,445s][info   ][gc,marking  ] GC(323) Concurrent Cleanup for Next Mark 4,119ms
[2024-12-04T16:40:46.296+0700][5,445s][info   ][gc          ] GC(323) Concurrent Mark Cycle 16,004ms
[2024-12-04T16:40:46.300+0700][5,449s][info   ][gc,start    ] GC(324) Pause Young (Concurrent Start) (G1 Humongous Allocation)
[2024-12-04T16:40:46.300+0700][5,449s][info   ][gc,task     ] GC(324) Using 8 workers of 8 for evacuation
[2024-12-04T16:40:46.302+0700][5,451s][info   ][gc,phases   ] GC(324)   Pre Evacuate Collection Set: 0,2ms
[2024-12-04T16:40:46.302+0700][5,451s][info   ][gc,phases   ] GC(324)   Merge Heap Roots: 0,3ms
[2024-12-04T16:40:46.302+0700][5,451s][info   ][gc,phases   ] GC(324)   Evacuate Collection Set: 0,6ms
[2024-12-04T16:40:46.302+0700][5,451s][info   ][gc,phases   ] GC(324)   Post Evacuate Collection Set: 0,2ms
[2024-12-04T16:40:46.302+0700][5,451s][info   ][gc,phases   ] GC(324)   Other: 0,2ms
[2024-12-04T16:40:46.302+0700][5,451s][info   ][gc,heap     ] GC(324) Eden regions: 1->0(834)
[2024-12-04T16:40:46.302+0700][5,451s][info   ][gc,heap     ] GC(324) Survivor regions: 0->0(105)
[2024-12-04T16:40:46.302+0700][5,451s][info   ][gc,heap     ] GC(324) Old regions: 3->3
[2024-12-04T16:40:46.302+0700][5,451s][info   ][gc,heap     ] GC(324) Archive regions: 2->2
[2024-12-04T16:40:46.302+0700][5,451s][info   ][gc,heap     ] GC(324) Humongous regions: 881->881
[2024-12-04T16:40:46.302+0700][5,451s][info   ][gc,metaspace] GC(324) Metaspace: 5789K(6016K)->5789K(6016K) NonClass: 5127K(5248K)->5127K(5248K) Class: 661K(768K)->661K(768K)
[2024-12-04T16:40:46.302+0700][5,451s][info   ][gc          ] GC(324) Pause Young (Concurrent Start) (G1 Humongous Allocation) 884M->884M(1913M) 1,703ms
[2024-12-04T16:40:46.302+0700][5,451s][info   ][gc,cpu      ] GC(324) User=0,01s Sys=0,00s Real=0,00s
[2024-12-04T16:40:46.302+0700][5,451s][info   ][gc          ] GC(325) Concurrent Mark Cycle
[2024-12-04T16:40:46.302+0700][5,451s][info   ][gc,marking  ] GC(325) Concurrent Clear Claimed Marks
[2024-12-04T16:40:46.302+0700][5,451s][info   ][gc,marking  ] GC(325) Concurrent Clear Claimed Marks 0,017ms
[2024-12-04T16:40:46.302+0700][5,451s][info   ][gc,marking  ] GC(325) Concurrent Scan Root Regions
[2024-12-04T16:40:46.302+0700][5,451s][info   ][gc,marking  ] GC(325) Concurrent Scan Root Regions 0,005ms
[2024-12-04T16:40:46.302+0700][5,451s][info   ][gc,marking  ] GC(325) Concurrent Mark
[2024-12-04T16:40:46.302+0700][5,451s][info   ][gc,marking  ] GC(325) Concurrent Mark From Roots
[2024-12-04T16:40:46.302+0700][5,451s][info   ][gc,task     ] GC(325) Using 2 workers of 2 for marking
[2024-12-04T16:40:46.306+0700][5,455s][info   ][gc,marking  ] GC(325) Concurrent Mark From Roots 4,056ms
[2024-12-04T16:40:46.306+0700][5,455s][info   ][gc,marking  ] GC(325) Concurrent Preclean
[2024-12-04T16:40:46.306+0700][5,455s][info   ][gc,marking  ] GC(325) Concurrent Preclean 0,077ms
[2024-12-04T16:40:46.306+0700][5,455s][info   ][gc,start    ] GC(325) Pause Remark
[2024-12-04T16:40:46.307+0700][5,456s][info   ][gc          ] GC(325) Pause Remark 885M->885M(1913M) 0,972ms
[2024-12-04T16:40:46.307+0700][5,456s][info   ][gc,cpu      ] GC(325) User=0,00s Sys=0,00s Real=0,00s
[2024-12-04T16:40:46.307+0700][5,456s][info   ][gc,marking  ] GC(325) Concurrent Mark 5,329ms
[2024-12-04T16:40:46.307+0700][5,456s][info   ][gc,marking  ] GC(325) Concurrent Rebuild Remembered Sets
[2024-12-04T16:40:46.309+0700][5,458s][info   ][gc,marking  ] GC(325) Concurrent Rebuild Remembered Sets 1,735ms
[2024-12-04T16:40:46.309+0700][5,458s][info   ][gc,start    ] GC(325) Pause Cleanup
[2024-12-04T16:40:46.309+0700][5,458s][info   ][gc          ] GC(325) Pause Cleanup 886M->886M(1913M) 0,182ms
[2024-12-04T16:40:46.309+0700][5,458s][info   ][gc,cpu      ] GC(325) User=0,00s Sys=0,00s Real=0,00s
[2024-12-04T16:40:46.309+0700][5,458s][info   ][gc,marking  ] GC(325) Concurrent Cleanup for Next Mark
[2024-12-04T16:40:46.314+0700][5,463s][info   ][gc,marking  ] GC(325) Concurrent Cleanup for Next Mark 4,444ms
[2024-12-04T16:40:46.314+0700][5,463s][info   ][gc          ] GC(325) Concurrent Mark Cycle 11,971ms
[2024-12-04T16:40:46.319+0700][5,468s][info   ][gc,start    ] GC(326) Pause Young (Concurrent Start) (G1 Humongous Allocation)
[2024-12-04T16:40:46.320+0700][5,468s][info   ][gc,task     ] GC(326) Using 8 workers of 8 for evacuation
[2024-12-04T16:40:46.321+0700][5,470s][info   ][gc,phases   ] GC(326)   Pre Evacuate Collection Set: 0,2ms
[2024-12-04T16:40:46.321+0700][5,470s][info   ][gc,phases   ] GC(326)   Merge Heap Roots: 0,3ms
[2024-12-04T16:40:46.321+0700][5,470s][info   ][gc,phases   ] GC(326)   Evacuate Collection Set: 0,4ms
[2024-12-04T16:40:46.321+0700][5,470s][info   ][gc,phases   ] GC(326)   Post Evacuate Collection Set: 0,1ms
[2024-12-04T16:40:46.321+0700][5,470s][info   ][gc,phases   ] GC(326)   Other: 0,3ms
[2024-12-04T16:40:46.321+0700][5,470s][info   ][gc,heap     ] GC(326) Eden regions: 1->0(831)
[2024-12-04T16:40:46.321+0700][5,470s][info   ][gc,heap     ] GC(326) Survivor regions: 0->0(105)
[2024-12-04T16:40:46.321+0700][5,470s][info   ][gc,heap     ] GC(326) Old regions: 3->3
[2024-12-04T16:40:46.321+0700][5,470s][info   ][gc,heap     ] GC(326) Archive regions: 2->2
[2024-12-04T16:40:46.321+0700][5,470s][info   ][gc,heap     ] GC(326) Humongous regions: 884->884
[2024-12-04T16:40:46.321+0700][5,470s][info   ][gc,metaspace] GC(326) Metaspace: 5789K(6016K)->5789K(6016K) NonClass: 5127K(5248K)->5127K(5248K) Class: 661K(768K)->661K(768K)
[2024-12-04T16:40:46.321+0700][5,470s][info   ][gc          ] GC(326) Pause Young (Concurrent Start) (G1 Humongous Allocation) 887M->887M(1913M) 1,372ms
[2024-12-04T16:40:46.321+0700][5,470s][info   ][gc,cpu      ] GC(326) User=0,00s Sys=0,00s Real=0,00s
[2024-12-04T16:40:46.321+0700][5,470s][info   ][gc          ] GC(327) Concurrent Mark Cycle
[2024-12-04T16:40:46.321+0700][5,470s][info   ][gc,marking  ] GC(327) Concurrent Clear Claimed Marks
[2024-12-04T16:40:46.321+0700][5,470s][info   ][gc,marking  ] GC(327) Concurrent Clear Claimed Marks 0,011ms
[2024-12-04T16:40:46.321+0700][5,470s][info   ][gc,marking  ] GC(327) Concurrent Scan Root Regions
[2024-12-04T16:40:46.321+0700][5,470s][info   ][gc,marking  ] GC(327) Concurrent Scan Root Regions 0,004ms
[2024-12-04T16:40:46.321+0700][5,470s][info   ][gc,marking  ] GC(327) Concurrent Mark
[2024-12-04T16:40:46.321+0700][5,470s][info   ][gc,marking  ] GC(327) Concurrent Mark From Roots
[2024-12-04T16:40:46.321+0700][5,470s][info   ][gc,task     ] GC(327) Using 2 workers of 2 for marking
[2024-12-04T16:40:46.324+0700][5,473s][info   ][gc,marking  ] GC(327) Concurrent Mark From Roots 3,266ms
[2024-12-04T16:40:46.324+0700][5,473s][info   ][gc,marking  ] GC(327) Concurrent Preclean
[2024-12-04T16:40:46.324+0700][5,473s][info   ][gc,marking  ] GC(327) Concurrent Preclean 0,087ms
[2024-12-04T16:40:46.324+0700][5,473s][info   ][gc,start    ] GC(327) Pause Remark
[2024-12-04T16:40:46.325+0700][5,474s][info   ][gc          ] GC(327) Pause Remark 888M->888M(1913M) 0,916ms
[2024-12-04T16:40:46.325+0700][5,474s][info   ][gc,cpu      ] GC(327) User=0,00s Sys=0,00s Real=0,00s
[2024-12-04T16:40:46.325+0700][5,474s][info   ][gc,marking  ] GC(327) Concurrent Mark 4,420ms
[2024-12-04T16:40:46.325+0700][5,474s][info   ][gc,marking  ] GC(327) Concurrent Rebuild Remembered Sets
[2024-12-04T16:40:46.327+0700][5,476s][info   ][gc,marking  ] GC(327) Concurrent Rebuild Remembered Sets 1,634ms
[2024-12-04T16:40:46.327+0700][5,476s][info   ][gc,start    ] GC(327) Pause Cleanup
[2024-12-04T16:40:46.327+0700][5,476s][info   ][gc          ] GC(327) Pause Cleanup 889M->889M(1913M) 0,294ms
[2024-12-04T16:40:46.327+0700][5,476s][info   ][gc,cpu      ] GC(327) User=0,00s Sys=0,00s Real=0,00s
[2024-12-04T16:40:46.327+0700][5,476s][info   ][gc,marking  ] GC(327) Concurrent Cleanup for Next Mark
[2024-12-04T16:40:46.331+0700][5,479s][info   ][gc,marking  ] GC(327) Concurrent Cleanup for Next Mark 3,110ms
[2024-12-04T16:40:46.331+0700][5,480s][info   ][gc          ] GC(327) Concurrent Mark Cycle 9,727ms
[2024-12-04T16:40:46.333+0700][5,481s][info   ][gc,start    ] GC(328) Pause Young (Concurrent Start) (G1 Humongous Allocation)
[2024-12-04T16:40:46.333+0700][5,482s][info   ][gc,task     ] GC(328) Using 8 workers of 8 for evacuation
[2024-12-04T16:40:46.334+0700][5,483s][info   ][gc,phases   ] GC(328)   Pre Evacuate Collection Set: 0,2ms
[2024-12-04T16:40:46.334+0700][5,483s][info   ][gc,phases   ] GC(328)   Merge Heap Roots: 0,4ms
[2024-12-04T16:40:46.334+0700][5,483s][info   ][gc,phases   ] GC(328)   Evacuate Collection Set: 0,4ms
[2024-12-04T16:40:46.334+0700][5,483s][info   ][gc,phases   ] GC(328)   Post Evacuate Collection Set: 0,5ms
[2024-12-04T16:40:46.334+0700][5,483s][info   ][gc,phases   ] GC(328)   Other: 0,2ms
[2024-12-04T16:40:46.334+0700][5,483s][info   ][gc,heap     ] GC(328) Eden regions: 1->0(854)
[2024-12-04T16:40:46.334+0700][5,483s][info   ][gc,heap     ] GC(328) Survivor regions: 0->0(104)
[2024-12-04T16:40:46.334+0700][5,483s][info   ][gc,heap     ] GC(328) Old regions: 3->3
[2024-12-04T16:40:46.334+0700][5,483s][info   ][gc,heap     ] GC(328) Archive regions: 2->2
[2024-12-04T16:40:46.334+0700][5,483s][info   ][gc,heap     ] GC(328) Humongous regions: 886->886
[2024-12-04T16:40:46.334+0700][5,483s][info   ][gc,metaspace] GC(328) Metaspace: 5789K(6016K)->5789K(6016K) NonClass: 5127K(5248K)->5127K(5248K) Class: 661K(768K)->661K(768K)
[2024-12-04T16:40:46.334+0700][5,483s][info   ][gc          ] GC(328) Pause Young (Concurrent Start) (G1 Humongous Allocation) 889M->889M(1940M) 1,873ms
[2024-12-04T16:40:46.335+0700][5,483s][info   ][gc,cpu      ] GC(328) User=0,00s Sys=0,00s Real=0,01s
[2024-12-04T16:40:46.335+0700][5,483s][info   ][gc          ] GC(329) Concurrent Mark Cycle
[2024-12-04T16:40:46.335+0700][5,483s][info   ][gc,marking  ] GC(329) Concurrent Clear Claimed Marks
[2024-12-04T16:40:46.335+0700][5,483s][info   ][gc,marking  ] GC(329) Concurrent Clear Claimed Marks 0,017ms
[2024-12-04T16:40:46.335+0700][5,483s][info   ][gc,marking  ] GC(329) Concurrent Scan Root Regions
[2024-12-04T16:40:46.335+0700][5,483s][info   ][gc,marking  ] GC(329) Concurrent Scan Root Regions 0,006ms
[2024-12-04T16:40:46.335+0700][5,483s][info   ][gc,marking  ] GC(329) Concurrent Mark
[2024-12-04T16:40:46.335+0700][5,483s][info   ][gc,marking  ] GC(329) Concurrent Mark From Roots
[2024-12-04T16:40:46.335+0700][5,483s][info   ][gc,task     ] GC(329) Using 2 workers of 2 for marking
[2024-12-04T16:40:46.340+0700][5,488s][info   ][gc,marking  ] GC(329) Concurrent Mark From Roots 4,969ms
[2024-12-04T16:40:46.340+0700][5,489s][info   ][gc,marking  ] GC(329) Concurrent Preclean
[2024-12-04T16:40:46.340+0700][5,489s][info   ][gc,marking  ] GC(329) Concurrent Preclean 0,071ms
[2024-12-04T16:40:46.340+0700][5,489s][info   ][gc,start    ] GC(329) Pause Remark
[2024-12-04T16:40:46.341+0700][5,490s][info   ][gc          ] GC(329) Pause Remark 890M->890M(1940M) 0,901ms
[2024-12-04T16:40:46.341+0700][5,490s][info   ][gc,cpu      ] GC(329) User=0,00s Sys=0,00s Real=0,00s
[2024-12-04T16:40:46.341+0700][5,490s][info   ][gc,marking  ] GC(329) Concurrent Mark 6,139ms
[2024-12-04T16:40:46.341+0700][5,490s][info   ][gc,marking  ] GC(329) Concurrent Rebuild Remembered Sets
[2024-12-04T16:40:46.343+0700][5,492s][info   ][gc,marking  ] GC(329) Concurrent Rebuild Remembered Sets 1,869ms
[2024-12-04T16:40:46.343+0700][5,492s][info   ][gc,start    ] GC(329) Pause Cleanup
[2024-12-04T16:40:46.343+0700][5,492s][info   ][gc          ] GC(329) Pause Cleanup 891M->891M(1940M) 0,299ms
[2024-12-04T16:40:46.343+0700][5,492s][info   ][gc,cpu      ] GC(329) User=0,00s Sys=0,00s Real=0,00s
[2024-12-04T16:40:46.343+0700][5,492s][info   ][gc,marking  ] GC(329) Concurrent Cleanup for Next Mark
[2024-12-04T16:40:46.348+0700][5,497s][info   ][gc,marking  ] GC(329) Concurrent Cleanup for Next Mark 4,819ms
[2024-12-04T16:40:46.348+0700][5,497s][info   ][gc          ] GC(329) Concurrent Mark Cycle 13,459ms
[2024-12-04T16:40:46.353+0700][5,502s][info   ][gc,start    ] GC(330) Pause Young (Concurrent Start) (G1 Humongous Allocation)
[2024-12-04T16:40:46.353+0700][5,502s][info   ][gc,task     ] GC(330) Using 8 workers of 8 for evacuation
[2024-12-04T16:40:46.355+0700][5,504s][info   ][gc,phases   ] GC(330)   Pre Evacuate Collection Set: 0,6ms
[2024-12-04T16:40:46.355+0700][5,504s][info   ][gc,phases   ] GC(330)   Merge Heap Roots: 0,4ms
[2024-12-04T16:40:46.355+0700][5,504s][info   ][gc,phases   ] GC(330)   Evacuate Collection Set: 0,5ms
[2024-12-04T16:40:46.355+0700][5,504s][info   ][gc,phases   ] GC(330)   Post Evacuate Collection Set: 0,3ms
[2024-12-04T16:40:46.355+0700][5,504s][info   ][gc,phases   ] GC(330)   Other: 0,4ms
[2024-12-04T16:40:46.355+0700][5,504s][info   ][gc,heap     ] GC(330) Eden regions: 1->0(851)
[2024-12-04T16:40:46.355+0700][5,504s][info   ][gc,heap     ] GC(330) Survivor regions: 0->0(107)
[2024-12-04T16:40:46.355+0700][5,504s][info   ][gc,heap     ] GC(330) Old regions: 3->3
[2024-12-04T16:40:46.355+0700][5,504s][info   ][gc,heap     ] GC(330) Archive regions: 2->2
[2024-12-04T16:40:46.355+0700][5,504s][info   ][gc,heap     ] GC(330) Humongous regions: 889->889
[2024-12-04T16:40:46.355+0700][5,504s][info   ][gc,metaspace] GC(330) Metaspace: 5789K(6016K)->5789K(6016K) NonClass: 5127K(5248K)->5127K(5248K) Class: 661K(768K)->661K(768K)
[2024-12-04T16:40:46.355+0700][5,504s][info   ][gc          ] GC(330) Pause Young (Concurrent Start) (G1 Humongous Allocation) 892M->892M(1940M) 2,368ms
[2024-12-04T16:40:46.355+0700][5,504s][info   ][gc,cpu      ] GC(330) User=0,00s Sys=0,00s Real=0,01s
[2024-12-04T16:40:46.355+0700][5,504s][info   ][gc          ] GC(331) Concurrent Mark Cycle
[2024-12-04T16:40:46.355+0700][5,504s][info   ][gc,marking  ] GC(331) Concurrent Clear Claimed Marks
[2024-12-04T16:40:46.355+0700][5,504s][info   ][gc,marking  ] GC(331) Concurrent Clear Claimed Marks 0,021ms
[2024-12-04T16:40:46.355+0700][5,504s][info   ][gc,marking  ] GC(331) Concurrent Scan Root Regions
[2024-12-04T16:40:46.355+0700][5,504s][info   ][gc,marking  ] GC(331) Concurrent Scan Root Regions 0,006ms
[2024-12-04T16:40:46.355+0700][5,504s][info   ][gc,marking  ] GC(331) Concurrent Mark
[2024-12-04T16:40:46.355+0700][5,504s][info   ][gc,marking  ] GC(331) Concurrent Mark From Roots
[2024-12-04T16:40:46.355+0700][5,504s][info   ][gc,task     ] GC(331) Using 2 workers of 2 for marking
[2024-12-04T16:40:46.360+0700][5,509s][info   ][gc,marking  ] GC(331) Concurrent Mark From Roots 4,832ms
[2024-12-04T16:40:46.360+0700][5,509s][info   ][gc,marking  ] GC(331) Concurrent Preclean
[2024-12-04T16:40:46.360+0700][5,509s][info   ][gc,marking  ] GC(331) Concurrent Preclean 0,077ms
[2024-12-04T16:40:46.360+0700][5,509s][info   ][gc,start    ] GC(331) Pause Remark
[2024-12-04T16:40:46.361+0700][5,510s][info   ][gc          ] GC(331) Pause Remark 893M->893M(1940M) 0,632ms
[2024-12-04T16:40:46.361+0700][5,510s][info   ][gc,cpu      ] GC(331) User=0,00s Sys=0,00s Real=0,00s
[2024-12-04T16:40:46.361+0700][5,510s][info   ][gc,marking  ] GC(331) Concurrent Mark 5,696ms
[2024-12-04T16:40:46.361+0700][5,510s][info   ][gc,marking  ] GC(331) Concurrent Rebuild Remembered Sets
[2024-12-04T16:40:46.362+0700][5,511s][info   ][gc,marking  ] GC(331) Concurrent Rebuild Remembered Sets 1,399ms
[2024-12-04T16:40:46.362+0700][5,511s][info   ][gc,start    ] GC(331) Pause Cleanup
[2024-12-04T16:40:46.363+0700][5,512s][info   ][gc          ] GC(331) Pause Cleanup 894M->894M(1940M) 0,197ms
[2024-12-04T16:40:46.363+0700][5,512s][info   ][gc,cpu      ] GC(331) User=0,00s Sys=0,00s Real=0,00s
[2024-12-04T16:40:46.363+0700][5,512s][info   ][gc,marking  ] GC(331) Concurrent Cleanup for Next Mark
[2024-12-04T16:40:46.365+0700][5,514s][info   ][gc,marking  ] GC(331) Concurrent Cleanup for Next Mark 2,784ms
[2024-12-04T16:40:46.366+0700][5,514s][info   ][gc          ] GC(331) Concurrent Mark Cycle 10,326ms
[2024-12-04T16:40:46.367+0700][5,516s][info   ][gc,start    ] GC(332) Pause Young (Concurrent Start) (G1 Humongous Allocation)
[2024-12-04T16:40:46.367+0700][5,516s][info   ][gc,task     ] GC(332) Using 8 workers of 8 for evacuation
[2024-12-04T16:40:46.367+0700][5,516s][info   ][gc,phases   ] GC(332)   Pre Evacuate Collection Set: 0,2ms
[2024-12-04T16:40:46.368+0700][5,516s][info   ][gc,phases   ] GC(332)   Merge Heap Roots: 0,2ms
[2024-12-04T16:40:46.368+0700][5,516s][info   ][gc,phases   ] GC(332)   Evacuate Collection Set: 0,2ms
[2024-12-04T16:40:46.368+0700][5,516s][info   ][gc,phases   ] GC(332)   Post Evacuate Collection Set: 0,1ms
[2024-12-04T16:40:46.368+0700][5,516s][info   ][gc,phases   ] GC(332)   Other: 0,2ms
[2024-12-04T16:40:46.368+0700][5,516s][info   ][gc,heap     ] GC(332) Eden regions: 1->0(849)
[2024-12-04T16:40:46.368+0700][5,516s][info   ][gc,heap     ] GC(332) Survivor regions: 0->0(107)
[2024-12-04T16:40:46.368+0700][5,516s][info   ][gc,heap     ] GC(332) Old regions: 3->3
[2024-12-04T16:40:46.368+0700][5,516s][info   ][gc,heap     ] GC(332) Archive regions: 2->2
[2024-12-04T16:40:46.368+0700][5,516s][info   ][gc,heap     ] GC(332) Humongous regions: 891->891
[2024-12-04T16:40:46.368+0700][5,516s][info   ][gc,metaspace] GC(332) Metaspace: 5789K(6016K)->5789K(6016K) NonClass: 5127K(5248K)->5127K(5248K) Class: 661K(768K)->661K(768K)
[2024-12-04T16:40:46.368+0700][5,516s][info   ][gc          ] GC(332) Pause Young (Concurrent Start) (G1 Humongous Allocation) 894M->894M(1940M) 0,901ms
[2024-12-04T16:40:46.368+0700][5,516s][info   ][gc,cpu      ] GC(332) User=0,01s Sys=0,00s Real=0,00s
[2024-12-04T16:40:46.368+0700][5,517s][info   ][gc          ] GC(333) Concurrent Mark Cycle
[2024-12-04T16:40:46.368+0700][5,517s][info   ][gc,marking  ] GC(333) Concurrent Clear Claimed Marks
[2024-12-04T16:40:46.368+0700][5,517s][info   ][gc,marking  ] GC(333) Concurrent Clear Claimed Marks 0,023ms
[2024-12-04T16:40:46.368+0700][5,517s][info   ][gc,marking  ] GC(333) Concurrent Scan Root Regions
[2024-12-04T16:40:46.368+0700][5,517s][info   ][gc,marking  ] GC(333) Concurrent Scan Root Regions 0,004ms
[2024-12-04T16:40:46.368+0700][5,517s][info   ][gc,marking  ] GC(333) Concurrent Mark
[2024-12-04T16:40:46.368+0700][5,517s][info   ][gc,marking  ] GC(333) Concurrent Mark From Roots
[2024-12-04T16:40:46.368+0700][5,517s][info   ][gc,task     ] GC(333) Using 2 workers of 2 for marking
[2024-12-04T16:40:46.371+0700][5,520s][info   ][gc,marking  ] GC(333) Concurrent Mark From Roots 3,041ms
[2024-12-04T16:40:46.371+0700][5,520s][info   ][gc,marking  ] GC(333) Concurrent Preclean
[2024-12-04T16:40:46.371+0700][5,520s][info   ][gc,marking  ] GC(333) Concurrent Preclean 0,052ms
[2024-12-04T16:40:46.371+0700][5,520s][info   ][gc,start    ] GC(333) Pause Remark
[2024-12-04T16:40:46.371+0700][5,520s][info   ][gc          ] GC(333) Pause Remark 895M->895M(1940M) 0,619ms
[2024-12-04T16:40:46.371+0700][5,520s][info   ][gc,cpu      ] GC(333) User=0,00s Sys=0,00s Real=0,00s
[2024-12-04T16:40:46.371+0700][5,520s][info   ][gc,marking  ] GC(333) Concurrent Mark 3,807ms
[2024-12-04T16:40:46.371+0700][5,520s][info   ][gc,marking  ] GC(333) Concurrent Rebuild Remembered Sets
[2024-12-04T16:40:46.373+0700][5,522s][info   ][gc,marking  ] GC(333) Concurrent Rebuild Remembered Sets 1,353ms
[2024-12-04T16:40:46.373+0700][5,522s][info   ][gc,start    ] GC(333) Pause Cleanup
[2024-12-04T16:40:46.373+0700][5,522s][info   ][gc          ] GC(333) Pause Cleanup 895M->895M(1940M) 0,195ms
[2024-12-04T16:40:46.373+0700][5,522s][info   ][gc,cpu      ] GC(333) User=0,00s Sys=0,00s Real=0,01s
[2024-12-04T16:40:46.373+0700][5,522s][info   ][gc,marking  ] GC(333) Concurrent Cleanup for Next Mark
[2024-12-04T16:40:46.376+0700][5,525s][info   ][gc,marking  ] GC(333) Concurrent Cleanup for Next Mark 2,965ms
[2024-12-04T16:40:46.376+0700][5,525s][info   ][gc          ] GC(333) Concurrent Mark Cycle 8,537ms
[2024-12-04T16:40:46.379+0700][5,528s][info   ][gc,start    ] GC(334) Pause Young (Concurrent Start) (G1 Humongous Allocation)
[2024-12-04T16:40:46.379+0700][5,528s][info   ][gc,task     ] GC(334) Using 8 workers of 8 for evacuation
[2024-12-04T16:40:46.380+0700][5,529s][info   ][gc,phases   ] GC(334)   Pre Evacuate Collection Set: 0,2ms
[2024-12-04T16:40:46.380+0700][5,529s][info   ][gc,phases   ] GC(334)   Merge Heap Roots: 0,2ms
[2024-12-04T16:40:46.380+0700][5,529s][info   ][gc,phases   ] GC(334)   Evacuate Collection Set: 0,2ms
[2024-12-04T16:40:46.380+0700][5,529s][info   ][gc,phases   ] GC(334)   Post Evacuate Collection Set: 0,1ms
[2024-12-04T16:40:46.380+0700][5,529s][info   ][gc,phases   ] GC(334)   Other: 0,2ms
[2024-12-04T16:40:46.380+0700][5,529s][info   ][gc,heap     ] GC(334) Eden regions: 1->0(847)
[2024-12-04T16:40:46.380+0700][5,529s][info   ][gc,heap     ] GC(334) Survivor regions: 0->0(107)
[2024-12-04T16:40:46.380+0700][5,529s][info   ][gc,heap     ] GC(334) Old regions: 3->3
[2024-12-04T16:40:46.380+0700][5,529s][info   ][gc,heap     ] GC(334) Archive regions: 2->2
[2024-12-04T16:40:46.380+0700][5,529s][info   ][gc,heap     ] GC(334) Humongous regions: 893->893
[2024-12-04T16:40:46.380+0700][5,529s][info   ][gc,metaspace] GC(334) Metaspace: 5789K(6016K)->5789K(6016K) NonClass: 5127K(5248K)->5127K(5248K) Class: 661K(768K)->661K(768K)
[2024-12-04T16:40:46.380+0700][5,529s][info   ][gc          ] GC(334) Pause Young (Concurrent Start) (G1 Humongous Allocation) 896M->896M(1940M) 1,014ms
[2024-12-04T16:40:46.380+0700][5,529s][info   ][gc,cpu      ] GC(334) User=0,00s Sys=0,00s Real=0,00s
[2024-12-04T16:40:46.380+0700][5,529s][info   ][gc          ] GC(335) Concurrent Mark Cycle
[2024-12-04T16:40:46.380+0700][5,529s][info   ][gc,marking  ] GC(335) Concurrent Clear Claimed Marks
[2024-12-04T16:40:46.380+0700][5,529s][info   ][gc,marking  ] GC(335) Concurrent Clear Claimed Marks 0,020ms
[2024-12-04T16:40:46.380+0700][5,529s][info   ][gc,marking  ] GC(335) Concurrent Scan Root Regions
[2024-12-04T16:40:46.380+0700][5,529s][info   ][gc,marking  ] GC(335) Concurrent Scan Root Regions 0,005ms
[2024-12-04T16:40:46.380+0700][5,529s][info   ][gc,marking  ] GC(335) Concurrent Mark
[2024-12-04T16:40:46.380+0700][5,529s][info   ][gc,marking  ] GC(335) Concurrent Mark From Roots
[2024-12-04T16:40:46.380+0700][5,529s][info   ][gc,task     ] GC(335) Using 2 workers of 2 for marking
[2024-12-04T16:40:46.384+0700][5,532s][info   ][gc,marking  ] GC(335) Concurrent Mark From Roots 3,434ms
[2024-12-04T16:40:46.384+0700][5,532s][info   ][gc,marking  ] GC(335) Concurrent Preclean
[2024-12-04T16:40:46.384+0700][5,533s][info   ][gc,marking  ] GC(335) Concurrent Preclean 0,070ms
[2024-12-04T16:40:46.384+0700][5,533s][info   ][gc,start    ] GC(335) Pause Remark
[2024-12-04T16:40:46.385+0700][5,534s][info   ][gc          ] GC(335) Pause Remark 898M->898M(1940M) 1,143ms
[2024-12-04T16:40:46.385+0700][5,534s][info   ][gc,cpu      ] GC(335) User=0,01s Sys=0,00s Real=0,00s
[2024-12-04T16:40:46.385+0700][5,534s][info   ][gc,marking  ] GC(335) Concurrent Mark 4,818ms
[2024-12-04T16:40:46.385+0700][5,534s][info   ][gc,marking  ] GC(335) Concurrent Rebuild Remembered Sets
[2024-12-04T16:40:46.387+0700][5,536s][info   ][gc,marking  ] GC(335) Concurrent Rebuild Remembered Sets 2,137ms
[2024-12-04T16:40:46.387+0700][5,536s][info   ][gc,start    ] GC(335) Pause Cleanup
[2024-12-04T16:40:46.388+0700][5,536s][info   ][gc          ] GC(335) Pause Cleanup 899M->899M(1940M) 0,367ms
[2024-12-04T16:40:46.388+0700][5,536s][info   ][gc,cpu      ] GC(335) User=0,00s Sys=0,00s Real=0,00s
[2024-12-04T16:40:46.388+0700][5,537s][info   ][gc,marking  ] GC(335) Concurrent Cleanup for Next Mark
[2024-12-04T16:40:46.392+0700][5,541s][info   ][gc,marking  ] GC(335) Concurrent Cleanup for Next Mark 3,995ms
[2024-12-04T16:40:46.392+0700][5,541s][info   ][gc          ] GC(335) Concurrent Mark Cycle 11,683ms
[2024-12-04T16:40:46.398+0700][5,547s][info   ][gc,start    ] GC(336) Pause Young (Concurrent Start) (G1 Humongous Allocation)
[2024-12-04T16:40:46.398+0700][5,547s][info   ][gc,task     ] GC(336) Using 8 workers of 8 for evacuation
[2024-12-04T16:40:46.399+0700][5,548s][info   ][gc,phases   ] GC(336)   Pre Evacuate Collection Set: 0,2ms
[2024-12-04T16:40:46.399+0700][5,548s][info   ][gc,phases   ] GC(336)   Merge Heap Roots: 0,4ms
[2024-12-04T16:40:46.399+0700][5,548s][info   ][gc,phases   ] GC(336)   Evacuate Collection Set: 0,3ms
[2024-12-04T16:40:46.399+0700][5,548s][info   ][gc,phases   ] GC(336)   Post Evacuate Collection Set: 0,3ms
[2024-12-04T16:40:46.399+0700][5,548s][info   ][gc,phases   ] GC(336)   Other: 0,2ms
[2024-12-04T16:40:46.399+0700][5,548s][info   ][gc,heap     ] GC(336) Eden regions: 2->0(851)
[2024-12-04T16:40:46.399+0700][5,548s][info   ][gc,heap     ] GC(336) Survivor regions: 0->1(106)
[2024-12-04T16:40:46.399+0700][5,548s][info   ][gc,heap     ] GC(336) Old regions: 3->3
[2024-12-04T16:40:46.399+0700][5,548s][info   ][gc,heap     ] GC(336) Archive regions: 2->2
[2024-12-04T16:40:46.399+0700][5,548s][info   ][gc,heap     ] GC(336) Humongous regions: 896->896
[2024-12-04T16:40:46.399+0700][5,548s][info   ][gc,metaspace] GC(336) Metaspace: 5795K(6016K)->5795K(6016K) NonClass: 5133K(5248K)->5133K(5248K) Class: 661K(768K)->661K(768K)
[2024-12-04T16:40:46.399+0700][5,548s][info   ][gc          ] GC(336) Pause Young (Concurrent Start) (G1 Humongous Allocation) 900M->899M(1950M) 1,409ms
[2024-12-04T16:40:46.399+0700][5,548s][info   ][gc,cpu      ] GC(336) User=0,00s Sys=0,00s Real=0,00s
[2024-12-04T16:40:46.399+0700][5,548s][info   ][gc          ] GC(337) Concurrent Mark Cycle
[2024-12-04T16:40:46.399+0700][5,548s][info   ][gc,marking  ] GC(337) Concurrent Clear Claimed Marks
[2024-12-04T16:40:46.399+0700][5,548s][info   ][gc,marking  ] GC(337) Concurrent Clear Claimed Marks 0,015ms
[2024-12-04T16:40:46.399+0700][5,548s][info   ][gc,marking  ] GC(337) Concurrent Scan Root Regions
[2024-12-04T16:40:46.399+0700][5,548s][info   ][gc,marking  ] GC(337) Concurrent Scan Root Regions 0,078ms
[2024-12-04T16:40:46.399+0700][5,548s][info   ][gc,marking  ] GC(337) Concurrent Mark
[2024-12-04T16:40:46.399+0700][5,548s][info   ][gc,marking  ] GC(337) Concurrent Mark From Roots
[2024-12-04T16:40:46.399+0700][5,548s][info   ][gc,task     ] GC(337) Using 2 workers of 2 for marking
[2024-12-04T16:40:46.405+0700][5,554s][info   ][gc,marking  ] GC(337) Concurrent Mark From Roots 5,886ms
[2024-12-04T16:40:46.405+0700][5,554s][info   ][gc,marking  ] GC(337) Concurrent Preclean
[2024-12-04T16:40:46.405+0700][5,554s][info   ][gc,marking  ] GC(337) Concurrent Preclean 0,091ms
[2024-12-04T16:40:46.406+0700][5,555s][info   ][gc,start    ] GC(337) Pause Remark
[2024-12-04T16:40:46.408+0700][5,556s][info   ][gc          ] GC(337) Pause Remark 901M->901M(1950M) 1,580ms
[2024-12-04T16:40:46.408+0700][5,556s][info   ][gc,cpu      ] GC(337) User=0,01s Sys=0,00s Real=0,00s
[2024-12-04T16:40:46.408+0700][5,556s][info   ][gc,marking  ] GC(337) Concurrent Mark 8,282ms
[2024-12-04T16:40:46.408+0700][5,557s][info   ][gc,marking  ] GC(337) Concurrent Rebuild Remembered Sets
[2024-12-04T16:40:46.410+0700][5,559s][info   ][gc,marking  ] GC(337) Concurrent Rebuild Remembered Sets 2,496ms
[2024-12-04T16:40:46.410+0700][5,559s][info   ][gc,start    ] GC(337) Pause Cleanup
[2024-12-04T16:40:46.411+0700][5,559s][info   ][gc          ] GC(337) Pause Cleanup 901M->901M(1950M) 0,364ms
[2024-12-04T16:40:46.411+0700][5,559s][info   ][gc,cpu      ] GC(337) User=0,00s Sys=0,00s Real=0,00s
[2024-12-04T16:40:46.411+0700][5,559s][info   ][gc,marking  ] GC(337) Concurrent Cleanup for Next Mark
[2024-12-04T16:40:46.414+0700][5,563s][info   ][gc,marking  ] GC(337) Concurrent Cleanup for Next Mark 3,238ms
[2024-12-04T16:40:46.414+0700][5,563s][info   ][gc          ] GC(337) Concurrent Mark Cycle 14,755ms
[2024-12-04T16:40:46.419+0700][5,568s][info   ][gc,start    ] GC(338) Pause Young (Concurrent Start) (G1 Humongous Allocation)
[2024-12-04T16:40:46.419+0700][5,568s][info   ][gc,task     ] GC(338) Using 8 workers of 8 for evacuation
[2024-12-04T16:40:46.420+0700][5,569s][info   ][gc,phases   ] GC(338)   Pre Evacuate Collection Set: 0,3ms
[2024-12-04T16:40:46.420+0700][5,569s][info   ][gc,phases   ] GC(338)   Merge Heap Roots: 0,2ms
[2024-12-04T16:40:46.420+0700][5,569s][info   ][gc,phases   ] GC(338)   Evacuate Collection Set: 0,3ms
[2024-12-04T16:40:46.420+0700][5,569s][info   ][gc,phases   ] GC(338)   Post Evacuate Collection Set: 0,1ms
[2024-12-04T16:40:46.420+0700][5,569s][info   ][gc,phases   ] GC(338)   Other: 0,2ms
[2024-12-04T16:40:46.420+0700][5,569s][info   ][gc,heap     ] GC(338) Eden regions: 1->0(848)
[2024-12-04T16:40:46.420+0700][5,569s][info   ][gc,heap     ] GC(338) Survivor regions: 1->1(107)
[2024-12-04T16:40:46.420+0700][5,569s][info   ][gc,heap     ] GC(338) Old regions: 3->3
[2024-12-04T16:40:46.420+0700][5,569s][info   ][gc,heap     ] GC(338) Archive regions: 2->2
[2024-12-04T16:40:46.420+0700][5,569s][info   ][gc,heap     ] GC(338) Humongous regions: 899->899
[2024-12-04T16:40:46.420+0700][5,569s][info   ][gc,metaspace] GC(338) Metaspace: 5795K(6016K)->5795K(6016K) NonClass: 5133K(5248K)->5133K(5248K) Class: 661K(768K)->661K(768K)
[2024-12-04T16:40:46.420+0700][5,569s][info   ][gc          ] GC(338) Pause Young (Concurrent Start) (G1 Humongous Allocation) 902M->902M(1950M) 1,197ms
[2024-12-04T16:40:46.420+0700][5,569s][info   ][gc,cpu      ] GC(338) User=0,00s Sys=0,00s Real=0,00s
[2024-12-04T16:40:46.420+0700][5,569s][info   ][gc          ] GC(339) Concurrent Mark Cycle
[2024-12-04T16:40:46.420+0700][5,569s][info   ][gc,marking  ] GC(339) Concurrent Clear Claimed Marks
[2024-12-04T16:40:46.420+0700][5,569s][info   ][gc,marking  ] GC(339) Concurrent Clear Claimed Marks 0,013ms
[2024-12-04T16:40:46.420+0700][5,569s][info   ][gc,marking  ] GC(339) Concurrent Scan Root Regions
[2024-12-04T16:40:46.420+0700][5,569s][info   ][gc,marking  ] GC(339) Concurrent Scan Root Regions 0,077ms
[2024-12-04T16:40:46.420+0700][5,569s][info   ][gc,marking  ] GC(339) Concurrent Mark
[2024-12-04T16:40:46.420+0700][5,569s][info   ][gc,marking  ] GC(339) Concurrent Mark From Roots
[2024-12-04T16:40:46.420+0700][5,569s][info   ][gc,task     ] GC(339) Using 2 workers of 2 for marking
[2024-12-04T16:40:46.424+0700][5,572s][info   ][gc,marking  ] GC(339) Concurrent Mark From Roots 3,292ms
[2024-12-04T16:40:46.424+0700][5,572s][info   ][gc,marking  ] GC(339) Concurrent Preclean
[2024-12-04T16:40:46.424+0700][5,573s][info   ][gc,marking  ] GC(339) Concurrent Preclean 0,049ms
[2024-12-04T16:40:46.424+0700][5,573s][info   ][gc,start    ] GC(339) Pause Remark
[2024-12-04T16:40:46.424+0700][5,573s][info   ][gc          ] GC(339) Pause Remark 903M->903M(1950M) 0,641ms
[2024-12-04T16:40:46.424+0700][5,573s][info   ][gc,cpu      ] GC(339) User=0,00s Sys=0,00s Real=0,00s
[2024-12-04T16:40:46.424+0700][5,573s][info   ][gc,marking  ] GC(339) Concurrent Mark 4,148ms
[2024-12-04T16:40:46.424+0700][5,573s][info   ][gc,marking  ] GC(339) Concurrent Rebuild Remembered Sets
[2024-12-04T16:40:46.426+0700][5,575s][info   ][gc,marking  ] GC(339) Concurrent Rebuild Remembered Sets 1,343ms
[2024-12-04T16:40:46.426+0700][5,575s][info   ][gc,start    ] GC(339) Pause Cleanup
[2024-12-04T16:40:46.426+0700][5,575s][info   ][gc          ] GC(339) Pause Cleanup 903M->903M(1950M) 0,117ms
[2024-12-04T16:40:46.426+0700][5,575s][info   ][gc,cpu      ] GC(339) User=0,00s Sys=0,00s Real=0,00s
[2024-12-04T16:40:46.426+0700][5,575s][info   ][gc,marking  ] GC(339) Concurrent Cleanup for Next Mark
[2024-12-04T16:40:46.430+0700][5,579s][info   ][gc,marking  ] GC(339) Concurrent Cleanup for Next Mark 4,153ms
[2024-12-04T16:40:46.430+0700][5,579s][info   ][gc          ] GC(339) Concurrent Mark Cycle 10,054ms
[2024-12-04T16:40:46.432+0700][5,581s][info   ][gc,start    ] GC(340) Pause Young (Concurrent Start) (G1 Humongous Allocation)
[2024-12-04T16:40:46.432+0700][5,581s][info   ][gc,task     ] GC(340) Using 8 workers of 8 for evacuation
[2024-12-04T16:40:46.433+0700][5,582s][info   ][gc,phases   ] GC(340)   Pre Evacuate Collection Set: 0,2ms
[2024-12-04T16:40:46.433+0700][5,582s][info   ][gc,phases   ] GC(340)   Merge Heap Roots: 0,2ms
[2024-12-04T16:40:46.433+0700][5,582s][info   ][gc,phases   ] GC(340)   Evacuate Collection Set: 0,5ms
[2024-12-04T16:40:46.433+0700][5,582s][info   ][gc,phases   ] GC(340)   Post Evacuate Collection Set: 0,1ms
[2024-12-04T16:40:46.433+0700][5,582s][info   ][gc,phases   ] GC(340)   Other: 0,2ms
[2024-12-04T16:40:46.433+0700][5,582s][info   ][gc,heap     ] GC(340) Eden regions: 1->0(847)
[2024-12-04T16:40:46.433+0700][5,582s][info   ][gc,heap     ] GC(340) Survivor regions: 1->1(107)
[2024-12-04T16:40:46.433+0700][5,582s][info   ][gc,heap     ] GC(340) Old regions: 3->3
[2024-12-04T16:40:46.433+0700][5,582s][info   ][gc,heap     ] GC(340) Archive regions: 2->2
[2024-12-04T16:40:46.434+0700][5,582s][info   ][gc,heap     ] GC(340) Humongous regions: 901->901
[2024-12-04T16:40:46.434+0700][5,582s][info   ][gc,metaspace] GC(340) Metaspace: 5795K(6016K)->5795K(6016K) NonClass: 5133K(5248K)->5133K(5248K) Class: 661K(768K)->661K(768K)
[2024-12-04T16:40:46.434+0700][5,582s][info   ][gc          ] GC(340) Pause Young (Concurrent Start) (G1 Humongous Allocation) 904M->904M(1950M) 1,322ms
[2024-12-04T16:40:46.434+0700][5,582s][info   ][gc,cpu      ] GC(340) User=0,00s Sys=0,00s Real=0,01s
[2024-12-04T16:40:46.434+0700][5,582s][info   ][gc          ] GC(341) Concurrent Mark Cycle
[2024-12-04T16:40:46.434+0700][5,582s][info   ][gc,marking  ] GC(341) Concurrent Clear Claimed Marks
[2024-12-04T16:40:46.434+0700][5,583s][info   ][gc,marking  ] GC(341) Concurrent Clear Claimed Marks 0,012ms
[2024-12-04T16:40:46.434+0700][5,583s][info   ][gc,marking  ] GC(341) Concurrent Scan Root Regions
[2024-12-04T16:40:46.434+0700][5,583s][info   ][gc,marking  ] GC(341) Concurrent Scan Root Regions 0,070ms
[2024-12-04T16:40:46.434+0700][5,583s][info   ][gc,marking  ] GC(341) Concurrent Mark
[2024-12-04T16:40:46.434+0700][5,583s][info   ][gc,marking  ] GC(341) Concurrent Mark From Roots
[2024-12-04T16:40:46.434+0700][5,583s][info   ][gc,task     ] GC(341) Using 2 workers of 2 for marking
[2024-12-04T16:40:46.437+0700][5,586s][info   ][gc,marking  ] GC(341) Concurrent Mark From Roots 3,345ms
[2024-12-04T16:40:46.437+0700][5,586s][info   ][gc,marking  ] GC(341) Concurrent Preclean
[2024-12-04T16:40:46.437+0700][5,586s][info   ][gc,marking  ] GC(341) Concurrent Preclean 0,045ms
[2024-12-04T16:40:46.437+0700][5,586s][info   ][gc,start    ] GC(341) Pause Remark
[2024-12-04T16:40:46.438+0700][5,587s][info   ][gc          ] GC(341) Pause Remark 905M->905M(1950M) 0,641ms
[2024-12-04T16:40:46.438+0700][5,587s][info   ][gc,cpu      ] GC(341) User=0,00s Sys=0,00s Real=0,00s
[2024-12-04T16:40:46.438+0700][5,587s][info   ][gc,marking  ] GC(341) Concurrent Mark 4,148ms
[2024-12-04T16:40:46.438+0700][5,587s][info   ][gc,marking  ] GC(341) Concurrent Rebuild Remembered Sets
[2024-12-04T16:40:46.440+0700][5,589s][info   ][gc,marking  ] GC(341) Concurrent Rebuild Remembered Sets 1,992ms
[2024-12-04T16:40:46.440+0700][5,589s][info   ][gc,start    ] GC(341) Pause Cleanup
[2024-12-04T16:40:46.440+0700][5,589s][info   ][gc          ] GC(341) Pause Cleanup 906M->906M(1950M) 0,227ms
[2024-12-04T16:40:46.440+0700][5,589s][info   ][gc,cpu      ] GC(341) User=0,00s Sys=0,00s Real=0,00s
[2024-12-04T16:40:46.440+0700][5,589s][info   ][gc,marking  ] GC(341) Concurrent Cleanup for Next Mark
[2024-12-04T16:40:46.444+0700][5,593s][info   ][gc,marking  ] GC(341) Concurrent Cleanup for Next Mark 4,076ms
[2024-12-04T16:40:46.444+0700][5,593s][info   ][gc          ] GC(341) Concurrent Mark Cycle 10,812ms
[2024-12-04T16:40:46.445+0700][5,594s][info   ][gc,start    ] GC(342) Pause Young (Concurrent Start) (G1 Humongous Allocation)
[2024-12-04T16:40:46.445+0700][5,594s][info   ][gc,task     ] GC(342) Using 8 workers of 8 for evacuation
[2024-12-04T16:40:46.447+0700][5,595s][info   ][gc,phases   ] GC(342)   Pre Evacuate Collection Set: 0,2ms
[2024-12-04T16:40:46.447+0700][5,595s][info   ][gc,phases   ] GC(342)   Merge Heap Roots: 0,2ms
[2024-12-04T16:40:46.447+0700][5,595s][info   ][gc,phases   ] GC(342)   Evacuate Collection Set: 0,4ms
[2024-12-04T16:40:46.447+0700][5,595s][info   ][gc,phases   ] GC(342)   Post Evacuate Collection Set: 0,2ms
[2024-12-04T16:40:46.447+0700][5,596s][info   ][gc,phases   ] GC(342)   Other: 0,2ms
[2024-12-04T16:40:46.447+0700][5,596s][info   ][gc,heap     ] GC(342) Eden regions: 1->0(845)
[2024-12-04T16:40:46.447+0700][5,596s][info   ][gc,heap     ] GC(342) Survivor regions: 1->1(106)
[2024-12-04T16:40:46.447+0700][5,596s][info   ][gc,heap     ] GC(342) Old regions: 3->3
[2024-12-04T16:40:46.447+0700][5,596s][info   ][gc,heap     ] GC(342) Archive regions: 2->2
[2024-12-04T16:40:46.447+0700][5,596s][info   ][gc,heap     ] GC(342) Humongous regions: 903->903
[2024-12-04T16:40:46.447+0700][5,596s][info   ][gc,metaspace] GC(342) Metaspace: 5795K(6016K)->5795K(6016K) NonClass: 5133K(5248K)->5133K(5248K) Class: 661K(768K)->661K(768K)
[2024-12-04T16:40:46.447+0700][5,596s][info   ][gc          ] GC(342) Pause Young (Concurrent Start) (G1 Humongous Allocation) 906M->906M(1950M) 1,282ms
[2024-12-04T16:40:46.447+0700][5,596s][info   ][gc,cpu      ] GC(342) User=0,01s Sys=0,00s Real=0,00s
[2024-12-04T16:40:46.447+0700][5,596s][info   ][gc          ] GC(343) Concurrent Mark Cycle
[2024-12-04T16:40:46.447+0700][5,596s][info   ][gc,marking  ] GC(343) Concurrent Clear Claimed Marks
[2024-12-04T16:40:46.447+0700][5,596s][info   ][gc,marking  ] GC(343) Concurrent Clear Claimed Marks 0,014ms
[2024-12-04T16:40:46.447+0700][5,596s][info   ][gc,marking  ] GC(343) Concurrent Scan Root Regions
[2024-12-04T16:40:46.447+0700][5,596s][info   ][gc,marking  ] GC(343) Concurrent Scan Root Regions 0,080ms
[2024-12-04T16:40:46.447+0700][5,596s][info   ][gc,marking  ] GC(343) Concurrent Mark
[2024-12-04T16:40:46.447+0700][5,596s][info   ][gc,marking  ] GC(343) Concurrent Mark From Roots
[2024-12-04T16:40:46.447+0700][5,596s][info   ][gc,task     ] GC(343) Using 2 workers of 2 for marking
[2024-12-04T16:40:46.451+0700][5,600s][info   ][gc,marking  ] GC(343) Concurrent Mark From Roots 4,390ms
[2024-12-04T16:40:46.451+0700][5,600s][info   ][gc,marking  ] GC(343) Concurrent Preclean
[2024-12-04T16:40:46.451+0700][5,600s][info   ][gc,marking  ] GC(343) Concurrent Preclean 0,113ms
[2024-12-04T16:40:46.452+0700][5,600s][info   ][gc,start    ] GC(343) Pause Remark
[2024-12-04T16:40:46.453+0700][5,602s][info   ][gc          ] GC(343) Pause Remark 907M->907M(1950M) 1,244ms
[2024-12-04T16:40:46.453+0700][5,602s][info   ][gc,cpu      ] GC(343) User=0,00s Sys=0,00s Real=0,00s
[2024-12-04T16:40:46.453+0700][5,602s][info   ][gc,marking  ] GC(343) Concurrent Mark 5,994ms
[2024-12-04T16:40:46.453+0700][5,602s][info   ][gc,marking  ] GC(343) Concurrent Rebuild Remembered Sets
[2024-12-04T16:40:46.455+0700][5,604s][info   ][gc,marking  ] GC(343) Concurrent Rebuild Remembered Sets 2,357ms
[2024-12-04T16:40:46.455+0700][5,604s][info   ][gc,start    ] GC(343) Pause Cleanup
[2024-12-04T16:40:46.456+0700][5,605s][info   ][gc          ] GC(343) Pause Cleanup 908M->908M(1950M) 0,375ms
[2024-12-04T16:40:46.456+0700][5,605s][info   ][gc,cpu      ] GC(343) User=0,00s Sys=0,00s Real=0,00s
[2024-12-04T16:40:46.456+0700][5,605s][info   ][gc,marking  ] GC(343) Concurrent Cleanup for Next Mark
[2024-12-04T16:40:46.460+0700][5,609s][info   ][gc,marking  ] GC(343) Concurrent Cleanup for Next Mark 3,975ms
[2024-12-04T16:40:46.460+0700][5,609s][info   ][gc          ] GC(343) Concurrent Mark Cycle 13,131ms
[2024-12-04T16:40:46.465+0700][5,614s][info   ][gc,start    ] GC(344) Pause Young (Concurrent Start) (G1 Humongous Allocation)
[2024-12-04T16:40:46.465+0700][5,614s][info   ][gc,task     ] GC(344) Using 8 workers of 8 for evacuation
[2024-12-04T16:40:46.472+0700][5,621s][info   ][gc,phases   ] GC(344)   Pre Evacuate Collection Set: 0,6ms
[2024-12-04T16:40:46.472+0700][5,621s][info   ][gc,phases   ] GC(344)   Merge Heap Roots: 0,4ms
[2024-12-04T16:40:46.472+0700][5,621s][info   ][gc,phases   ] GC(344)   Evacuate Collection Set: 3,1ms
[2024-12-04T16:40:46.472+0700][5,621s][info   ][gc,phases   ] GC(344)   Post Evacuate Collection Set: 2,0ms
[2024-12-04T16:40:46.472+0700][5,621s][info   ][gc,phases   ] GC(344)   Other: 0,3ms
[2024-12-04T16:40:46.472+0700][5,621s][info   ][gc,heap     ] GC(344) Eden regions: 1->0(842)
[2024-12-04T16:40:46.472+0700][5,621s][info   ][gc,heap     ] GC(344) Survivor regions: 1->1(106)
[2024-12-04T16:40:46.472+0700][5,621s][info   ][gc,heap     ] GC(344) Old regions: 3->3
[2024-12-04T16:40:46.472+0700][5,621s][info   ][gc,heap     ] GC(344) Archive regions: 2->2
[2024-12-04T16:40:46.472+0700][5,621s][info   ][gc,heap     ] GC(344) Humongous regions: 906->906
[2024-12-04T16:40:46.472+0700][5,621s][info   ][gc,metaspace] GC(344) Metaspace: 5795K(6016K)->5795K(6016K) NonClass: 5133K(5248K)->5133K(5248K) Class: 661K(768K)->661K(768K)
[2024-12-04T16:40:46.472+0700][5,621s][info   ][gc          ] GC(344) Pause Young (Concurrent Start) (G1 Humongous Allocation) 909M->909M(1950M) 6,643ms
[2024-12-04T16:40:46.472+0700][5,621s][info   ][gc,cpu      ] GC(344) User=0,01s Sys=0,00s Real=0,00s
[2024-12-04T16:40:46.473+0700][5,622s][info   ][gc          ] GC(345) Concurrent Mark Cycle
[2024-12-04T16:40:46.473+0700][5,622s][info   ][gc,marking  ] GC(345) Concurrent Clear Claimed Marks
[2024-12-04T16:40:46.473+0700][5,622s][info   ][gc,marking  ] GC(345) Concurrent Clear Claimed Marks 0,043ms
[2024-12-04T16:40:46.473+0700][5,622s][info   ][gc,marking  ] GC(345) Concurrent Scan Root Regions
[2024-12-04T16:40:46.474+0700][5,623s][info   ][gc,marking  ] GC(345) Concurrent Scan Root Regions 0,700ms
[2024-12-04T16:40:46.474+0700][5,623s][info   ][gc,marking  ] GC(345) Concurrent Mark
[2024-12-04T16:40:46.474+0700][5,623s][info   ][gc,marking  ] GC(345) Concurrent Mark From Roots
[2024-12-04T16:40:46.474+0700][5,623s][info   ][gc,task     ] GC(345) Using 2 workers of 2 for marking
[2024-12-04T16:40:46.480+0700][5,629s][info   ][gc,marking  ] GC(345) Concurrent Mark From Roots 6,172ms
[2024-12-04T16:40:46.480+0700][5,629s][info   ][gc,marking  ] GC(345) Concurrent Preclean
[2024-12-04T16:40:46.480+0700][5,629s][info   ][gc,marking  ] GC(345) Concurrent Preclean 0,104ms
[2024-12-04T16:40:46.481+0700][5,629s][info   ][gc,start    ] GC(345) Pause Remark
[2024-12-04T16:40:46.482+0700][5,631s][info   ][gc          ] GC(345) Pause Remark 911M->911M(1950M) 1,146ms
[2024-12-04T16:40:46.482+0700][5,631s][info   ][gc,cpu      ] GC(345) User=0,00s Sys=0,00s Real=0,00s
[2024-12-04T16:40:46.482+0700][5,631s][info   ][gc,marking  ] GC(345) Concurrent Mark 7,725ms
[2024-12-04T16:40:46.482+0700][5,631s][info   ][gc,marking  ] GC(345) Concurrent Rebuild Remembered Sets
[2024-12-04T16:40:46.484+0700][5,633s][info   ][gc,marking  ] GC(345) Concurrent Rebuild Remembered Sets 2,213ms
[2024-12-04T16:40:46.484+0700][5,633s][info   ][gc,start    ] GC(345) Pause Cleanup
[2024-12-04T16:40:46.484+0700][5,633s][info   ][gc          ] GC(345) Pause Cleanup 911M->911M(1950M) 0,325ms
[2024-12-04T16:40:46.485+0700][5,633s][info   ][gc,cpu      ] GC(345) User=0,00s Sys=0,00s Real=0,00s
[2024-12-04T16:40:46.485+0700][5,633s][info   ][gc,marking  ] GC(345) Concurrent Cleanup for Next Mark
[2024-12-04T16:40:46.488+0700][5,637s][info   ][gc,marking  ] GC(345) Concurrent Cleanup for Next Mark 3,850ms
[2024-12-04T16:40:46.489+0700][5,637s][info   ][gc          ] GC(345) Concurrent Mark Cycle 15,273ms
[2024-12-04T16:40:46.491+0700][5,640s][info   ][gc,start    ] GC(346) Pause Young (Concurrent Start) (G1 Humongous Allocation)
[2024-12-04T16:40:46.492+0700][5,640s][info   ][gc,task     ] GC(346) Using 8 workers of 8 for evacuation
[2024-12-04T16:40:46.493+0700][5,642s][info   ][gc,phases   ] GC(346)   Pre Evacuate Collection Set: 0,2ms
[2024-12-04T16:40:46.493+0700][5,642s][info   ][gc,phases   ] GC(346)   Merge Heap Roots: 0,3ms
[2024-12-04T16:40:46.493+0700][5,642s][info   ][gc,phases   ] GC(346)   Evacuate Collection Set: 0,4ms
[2024-12-04T16:40:46.493+0700][5,642s][info   ][gc,phases   ] GC(346)   Post Evacuate Collection Set: 0,2ms
[2024-12-04T16:40:46.493+0700][5,642s][info   ][gc,phases   ] GC(346)   Other: 0,2ms
[2024-12-04T16:40:46.493+0700][5,642s][info   ][gc,heap     ] GC(346) Eden regions: 1->0(845)
[2024-12-04T16:40:46.493+0700][5,642s][info   ][gc,heap     ] GC(346) Survivor regions: 1->1(106)
[2024-12-04T16:40:46.493+0700][5,642s][info   ][gc,heap     ] GC(346) Old regions: 3->3
[2024-12-04T16:40:46.493+0700][5,642s][info   ][gc,heap     ] GC(346) Archive regions: 2->2
[2024-12-04T16:40:46.493+0700][5,642s][info   ][gc,heap     ] GC(346) Humongous regions: 909->909
[2024-12-04T16:40:46.493+0700][5,642s][info   ][gc,metaspace] GC(346) Metaspace: 5795K(6016K)->5795K(6016K) NonClass: 5133K(5248K)->5133K(5248K) Class: 661K(768K)->661K(768K)
[2024-12-04T16:40:46.493+0700][5,642s][info   ][gc          ] GC(346) Pause Young (Concurrent Start) (G1 Humongous Allocation) 912M->912M(1957M) 1,520ms
[2024-12-04T16:40:46.493+0700][5,642s][info   ][gc,cpu      ] GC(346) User=0,00s Sys=0,00s Real=0,00s
[2024-12-04T16:40:46.493+0700][5,642s][info   ][gc          ] GC(347) Concurrent Mark Cycle
[2024-12-04T16:40:46.493+0700][5,642s][info   ][gc,marking  ] GC(347) Concurrent Clear Claimed Marks
[2024-12-04T16:40:46.493+0700][5,642s][info   ][gc,marking  ] GC(347) Concurrent Clear Claimed Marks 0,022ms
[2024-12-04T16:40:46.493+0700][5,642s][info   ][gc,marking  ] GC(347) Concurrent Scan Root Regions
[2024-12-04T16:40:46.493+0700][5,642s][info   ][gc,marking  ] GC(347) Concurrent Scan Root Regions 0,062ms
[2024-12-04T16:40:46.493+0700][5,642s][info   ][gc,marking  ] GC(347) Concurrent Mark
[2024-12-04T16:40:46.493+0700][5,642s][info   ][gc,marking  ] GC(347) Concurrent Mark From Roots
[2024-12-04T16:40:46.493+0700][5,642s][info   ][gc,task     ] GC(347) Using 2 workers of 2 for marking
[2024-12-04T16:40:46.496+0700][5,645s][info   ][gc,marking  ] GC(347) Concurrent Mark From Roots 3,104ms
[2024-12-04T16:40:46.496+0700][5,645s][info   ][gc,marking  ] GC(347) Concurrent Preclean
[2024-12-04T16:40:46.496+0700][5,645s][info   ][gc,marking  ] GC(347) Concurrent Preclean 0,052ms
[2024-12-04T16:40:46.496+0700][5,645s][info   ][gc,start    ] GC(347) Pause Remark
[2024-12-04T16:40:46.497+0700][5,646s][info   ][gc          ] GC(347) Pause Remark 913M->913M(1957M) 0,865ms
[2024-12-04T16:40:46.497+0700][5,646s][info   ][gc,cpu      ] GC(347) User=0,00s Sys=0,01s Real=0,00s
[2024-12-04T16:40:46.497+0700][5,646s][info   ][gc,marking  ] GC(347) Concurrent Mark 4,179ms
[2024-12-04T16:40:46.497+0700][5,646s][info   ][gc,marking  ] GC(347) Concurrent Rebuild Remembered Sets
[2024-12-04T16:40:46.499+0700][5,648s][info   ][gc,marking  ] GC(347) Concurrent Rebuild Remembered Sets 1,354ms
[2024-12-04T16:40:46.499+0700][5,648s][info   ][gc,start    ] GC(347) Pause Cleanup
[2024-12-04T16:40:46.499+0700][5,648s][info   ][gc          ] GC(347) Pause Cleanup 913M->913M(1957M) 0,211ms
[2024-12-04T16:40:46.499+0700][5,648s][info   ][gc,cpu      ] GC(347) User=0,00s Sys=0,00s Real=0,00s
[2024-12-04T16:40:46.499+0700][5,648s][info   ][gc,marking  ] GC(347) Concurrent Cleanup for Next Mark
[2024-12-04T16:40:46.502+0700][5,651s][info   ][gc,marking  ] GC(347) Concurrent Cleanup for Next Mark 3,217ms
[2024-12-04T16:40:46.502+0700][5,651s][info   ][gc          ] GC(347) Concurrent Mark Cycle 9,222ms
[2024-12-04T16:40:46.505+0700][5,654s][info   ][gc,start    ] GC(348) Pause Young (Concurrent Start) (G1 Humongous Allocation)
[2024-12-04T16:40:46.505+0700][5,654s][info   ][gc,task     ] GC(348) Using 8 workers of 8 for evacuation
[2024-12-04T16:40:46.506+0700][5,655s][info   ][gc,phases   ] GC(348)   Pre Evacuate Collection Set: 0,2ms
[2024-12-04T16:40:46.506+0700][5,655s][info   ][gc,phases   ] GC(348)   Merge Heap Roots: 0,2ms
[2024-12-04T16:40:46.506+0700][5,655s][info   ][gc,phases   ] GC(348)   Evacuate Collection Set: 0,3ms
[2024-12-04T16:40:46.506+0700][5,655s][info   ][gc,phases   ] GC(348)   Post Evacuate Collection Set: 0,1ms
[2024-12-04T16:40:46.506+0700][5,655s][info   ][gc,phases   ] GC(348)   Other: 0,2ms
[2024-12-04T16:40:46.506+0700][5,655s][info   ][gc,heap     ] GC(348) Eden regions: 1->0(843)
[2024-12-04T16:40:46.506+0700][5,655s][info   ][gc,heap     ] GC(348) Survivor regions: 1->1(106)
[2024-12-04T16:40:46.506+0700][5,655s][info   ][gc,heap     ] GC(348) Old regions: 3->3
[2024-12-04T16:40:46.506+0700][5,655s][info   ][gc,heap     ] GC(348) Archive regions: 2->2
[2024-12-04T16:40:46.506+0700][5,655s][info   ][gc,heap     ] GC(348) Humongous regions: 911->911
[2024-12-04T16:40:46.506+0700][5,655s][info   ][gc,metaspace] GC(348) Metaspace: 5795K(6016K)->5795K(6016K) NonClass: 5133K(5248K)->5133K(5248K) Class: 661K(768K)->661K(768K)
[2024-12-04T16:40:46.506+0700][5,655s][info   ][gc          ] GC(348) Pause Young (Concurrent Start) (G1 Humongous Allocation) 914M->914M(1957M) 1,186ms
[2024-12-04T16:40:46.506+0700][5,655s][info   ][gc,cpu      ] GC(348) User=0,00s Sys=0,00s Real=0,00s
[2024-12-04T16:40:46.507+0700][5,655s][info   ][gc          ] GC(349) Concurrent Mark Cycle
[2024-12-04T16:40:46.507+0700][5,655s][info   ][gc,marking  ] GC(349) Concurrent Clear Claimed Marks
[2024-12-04T16:40:46.507+0700][5,655s][info   ][gc,marking  ] GC(349) Concurrent Clear Claimed Marks 0,007ms
[2024-12-04T16:40:46.507+0700][5,655s][info   ][gc,marking  ] GC(349) Concurrent Scan Root Regions
[2024-12-04T16:40:46.507+0700][5,655s][info   ][gc,marking  ] GC(349) Concurrent Scan Root Regions 0,056ms
[2024-12-04T16:40:46.507+0700][5,655s][info   ][gc,marking  ] GC(349) Concurrent Mark
[2024-12-04T16:40:46.507+0700][5,655s][info   ][gc,marking  ] GC(349) Concurrent Mark From Roots
[2024-12-04T16:40:46.507+0700][5,655s][info   ][gc,task     ] GC(349) Using 2 workers of 2 for marking
[2024-12-04T16:40:46.509+0700][5,658s][info   ][gc,marking  ] GC(349) Concurrent Mark From Roots 2,892ms
[2024-12-04T16:40:46.510+0700][5,658s][info   ][gc,marking  ] GC(349) Concurrent Preclean
[2024-12-04T16:40:46.510+0700][5,658s][info   ][gc,marking  ] GC(349) Concurrent Preclean 0,047ms
[2024-12-04T16:40:46.510+0700][5,658s][info   ][gc,start    ] GC(349) Pause Remark
[2024-12-04T16:40:46.510+0700][5,659s][info   ][gc          ] GC(349) Pause Remark 915M->915M(1957M) 0,813ms
[2024-12-04T16:40:46.510+0700][5,659s][info   ][gc,cpu      ] GC(349) User=0,00s Sys=0,00s Real=0,00s
[2024-12-04T16:40:46.510+0700][5,659s][info   ][gc,marking  ] GC(349) Concurrent Mark 3,874ms
[2024-12-04T16:40:46.510+0700][5,659s][info   ][gc,marking  ] GC(349) Concurrent Rebuild Remembered Sets
[2024-12-04T16:40:46.512+0700][5,661s][info   ][gc,marking  ] GC(349) Concurrent Rebuild Remembered Sets 1,313ms
[2024-12-04T16:40:46.512+0700][5,661s][info   ][gc,start    ] GC(349) Pause Cleanup
[2024-12-04T16:40:46.512+0700][5,661s][info   ][gc          ] GC(349) Pause Cleanup 915M->915M(1957M) 0,199ms
[2024-12-04T16:40:46.512+0700][5,661s][info   ][gc,cpu      ] GC(349) User=0,00s Sys=0,00s Real=0,00s
[2024-12-04T16:40:46.512+0700][5,661s][info   ][gc,marking  ] GC(349) Concurrent Cleanup for Next Mark
[2024-12-04T16:40:46.515+0700][5,664s][info   ][gc,marking  ] GC(349) Concurrent Cleanup for Next Mark 3,260ms
[2024-12-04T16:40:46.515+0700][5,664s][info   ][gc          ] GC(349) Concurrent Mark Cycle 8,914ms
[2024-12-04T16:40:46.519+0700][5,668s][info   ][gc,start    ] GC(350) Pause Young (Concurrent Start) (G1 Humongous Allocation)
[2024-12-04T16:40:46.519+0700][5,668s][info   ][gc,task     ] GC(350) Using 8 workers of 8 for evacuation
[2024-12-04T16:40:46.520+0700][5,669s][info   ][gc,phases   ] GC(350)   Pre Evacuate Collection Set: 0,3ms
[2024-12-04T16:40:46.520+0700][5,669s][info   ][gc,phases   ] GC(350)   Merge Heap Roots: 0,2ms
[2024-12-04T16:40:46.520+0700][5,669s][info   ][gc,phases   ] GC(350)   Evacuate Collection Set: 0,5ms
[2024-12-04T16:40:46.520+0700][5,669s][info   ][gc,phases   ] GC(350)   Post Evacuate Collection Set: 0,2ms
[2024-12-04T16:40:46.520+0700][5,669s][info   ][gc,phases   ] GC(350)   Other: 0,3ms
[2024-12-04T16:40:46.520+0700][5,669s][info   ][gc,heap     ] GC(350) Eden regions: 1->0(841)
[2024-12-04T16:40:46.520+0700][5,669s][info   ][gc,heap     ] GC(350) Survivor regions: 1->1(106)
[2024-12-04T16:40:46.520+0700][5,669s][info   ][gc,heap     ] GC(350) Old regions: 3->3
[2024-12-04T16:40:46.520+0700][5,669s][info   ][gc,heap     ] GC(350) Archive regions: 2->2
[2024-12-04T16:40:46.520+0700][5,669s][info   ][gc,heap     ] GC(350) Humongous regions: 913->913
[2024-12-04T16:40:46.520+0700][5,669s][info   ][gc,metaspace] GC(350) Metaspace: 5795K(6016K)->5795K(6016K) NonClass: 5133K(5248K)->5133K(5248K) Class: 661K(768K)->661K(768K)
[2024-12-04T16:40:46.520+0700][5,669s][info   ][gc          ] GC(350) Pause Young (Concurrent Start) (G1 Humongous Allocation) 916M->916M(1957M) 1,640ms
[2024-12-04T16:40:46.520+0700][5,669s][info   ][gc,cpu      ] GC(350) User=0,00s Sys=0,00s Real=0,00s
[2024-12-04T16:40:46.520+0700][5,669s][info   ][gc          ] GC(351) Concurrent Mark Cycle
[2024-12-04T16:40:46.520+0700][5,669s][info   ][gc,marking  ] GC(351) Concurrent Clear Claimed Marks
[2024-12-04T16:40:46.520+0700][5,669s][info   ][gc,marking  ] GC(351) Concurrent Clear Claimed Marks 0,021ms
[2024-12-04T16:40:46.520+0700][5,669s][info   ][gc,marking  ] GC(351) Concurrent Scan Root Regions
[2024-12-04T16:40:46.521+0700][5,669s][info   ][gc,marking  ] GC(351) Concurrent Scan Root Regions 0,132ms
[2024-12-04T16:40:46.521+0700][5,669s][info   ][gc,marking  ] GC(351) Concurrent Mark
[2024-12-04T16:40:46.521+0700][5,669s][info   ][gc,marking  ] GC(351) Concurrent Mark From Roots
[2024-12-04T16:40:46.521+0700][5,669s][info   ][gc,task     ] GC(351) Using 2 workers of 2 for marking
[2024-12-04T16:40:46.525+0700][5,674s][info   ][gc,marking  ] GC(351) Concurrent Mark From Roots 4,398ms
[2024-12-04T16:40:46.525+0700][5,674s][info   ][gc,marking  ] GC(351) Concurrent Preclean
[2024-12-04T16:40:46.525+0700][5,674s][info   ][gc,marking  ] GC(351) Concurrent Preclean 0,093ms
[2024-12-04T16:40:46.525+0700][5,674s][info   ][gc,start    ] GC(351) Pause Remark
[2024-12-04T16:40:46.530+0700][5,679s][info   ][gc          ] GC(351) Pause Remark 917M->917M(1957M) 4,593ms
[2024-12-04T16:40:46.530+0700][5,679s][info   ][gc,cpu      ] GC(351) User=0,01s Sys=0,00s Real=0,00s
[2024-12-04T16:40:46.530+0700][5,679s][info   ][gc,marking  ] GC(351) Concurrent Mark 9,342ms
[2024-12-04T16:40:46.530+0700][5,679s][info   ][gc,marking  ] GC(351) Concurrent Rebuild Remembered Sets
[2024-12-04T16:40:46.532+0700][5,681s][info   ][gc,marking  ] GC(351) Concurrent Rebuild Remembered Sets 2,434ms
[2024-12-04T16:40:46.532+0700][5,681s][info   ][gc,start    ] GC(351) Pause Cleanup
[2024-12-04T16:40:46.533+0700][5,682s][info   ][gc          ] GC(351) Pause Cleanup 918M->918M(1957M) 0,341ms
[2024-12-04T16:40:46.533+0700][5,682s][info   ][gc,cpu      ] GC(351) User=0,00s Sys=0,00s Real=0,00s
[2024-12-04T16:40:46.533+0700][5,682s][info   ][gc,marking  ] GC(351) Concurrent Cleanup for Next Mark
[2024-12-04T16:40:46.538+0700][5,686s][info   ][gc,marking  ] GC(351) Concurrent Cleanup for Next Mark 4,711ms
[2024-12-04T16:40:46.538+0700][5,687s][info   ][gc          ] GC(351) Concurrent Mark Cycle 17,365ms
[2024-12-04T16:40:46.543+0700][5,691s][info   ][gc,start    ] GC(352) Pause Young (Concurrent Start) (G1 Humongous Allocation)
[2024-12-04T16:40:46.543+0700][5,691s][info   ][gc,task     ] GC(352) Using 8 workers of 8 for evacuation
[2024-12-04T16:40:46.544+0700][5,693s][info   ][gc,phases   ] GC(352)   Pre Evacuate Collection Set: 0,2ms
[2024-12-04T16:40:46.544+0700][5,693s][info   ][gc,phases   ] GC(352)   Merge Heap Roots: 0,3ms
[2024-12-04T16:40:46.544+0700][5,693s][info   ][gc,phases   ] GC(352)   Evacuate Collection Set: 0,3ms
[2024-12-04T16:40:46.544+0700][5,693s][info   ][gc,phases   ] GC(352)   Post Evacuate Collection Set: 0,2ms
[2024-12-04T16:40:46.544+0700][5,693s][info   ][gc,phases   ] GC(352)   Other: 0,2ms
[2024-12-04T16:40:46.544+0700][5,693s][info   ][gc,heap     ] GC(352) Eden regions: 1->0(838)
[2024-12-04T16:40:46.544+0700][5,693s][info   ][gc,heap     ] GC(352) Survivor regions: 1->1(106)
[2024-12-04T16:40:46.544+0700][5,693s][info   ][gc,heap     ] GC(352) Old regions: 3->3
[2024-12-04T16:40:46.544+0700][5,693s][info   ][gc,heap     ] GC(352) Archive regions: 2->2
[2024-12-04T16:40:46.544+0700][5,693s][info   ][gc,heap     ] GC(352) Humongous regions: 916->916
[2024-12-04T16:40:46.544+0700][5,693s][info   ][gc,metaspace] GC(352) Metaspace: 5795K(6016K)->5795K(6016K) NonClass: 5133K(5248K)->5133K(5248K) Class: 661K(768K)->661K(768K)
[2024-12-04T16:40:46.544+0700][5,693s][info   ][gc          ] GC(352) Pause Young (Concurrent Start) (G1 Humongous Allocation) 919M->919M(1957M) 1,223ms
[2024-12-04T16:40:46.544+0700][5,693s][info   ][gc,cpu      ] GC(352) User=0,00s Sys=0,00s Real=0,01s
[2024-12-04T16:40:46.544+0700][5,693s][info   ][gc          ] GC(353) Concurrent Mark Cycle
[2024-12-04T16:40:46.544+0700][5,693s][info   ][gc,marking  ] GC(353) Concurrent Clear Claimed Marks
[2024-12-04T16:40:46.544+0700][5,693s][info   ][gc,marking  ] GC(353) Concurrent Clear Claimed Marks 0,008ms
[2024-12-04T16:40:46.544+0700][5,693s][info   ][gc,marking  ] GC(353) Concurrent Scan Root Regions
[2024-12-04T16:40:46.544+0700][5,693s][info   ][gc,marking  ] GC(353) Concurrent Scan Root Regions 0,053ms
[2024-12-04T16:40:46.544+0700][5,693s][info   ][gc,marking  ] GC(353) Concurrent Mark
[2024-12-04T16:40:46.544+0700][5,693s][info   ][gc,marking  ] GC(353) Concurrent Mark From Roots
[2024-12-04T16:40:46.544+0700][5,693s][info   ][gc,task     ] GC(353) Using 2 workers of 2 for marking
[2024-12-04T16:40:46.547+0700][5,696s][info   ][gc,marking  ] GC(353) Concurrent Mark From Roots 3,200ms
[2024-12-04T16:40:46.547+0700][5,696s][info   ][gc,marking  ] GC(353) Concurrent Preclean
[2024-12-04T16:40:46.547+0700][5,696s][info   ][gc,marking  ] GC(353) Concurrent Preclean 0,052ms
[2024-12-04T16:40:46.547+0700][5,696s][info   ][gc,start    ] GC(353) Pause Remark
[2024-12-04T16:40:46.548+0700][5,697s][info   ][gc          ] GC(353) Pause Remark 920M->920M(1957M) 0,900ms
[2024-12-04T16:40:46.548+0700][5,697s][info   ][gc,cpu      ] GC(353) User=0,00s Sys=0,00s Real=0,00s
[2024-12-04T16:40:46.548+0700][5,697s][info   ][gc,marking  ] GC(353) Concurrent Mark 4,269ms
[2024-12-04T16:40:46.548+0700][5,697s][info   ][gc,marking  ] GC(353) Concurrent Rebuild Remembered Sets
[2024-12-04T16:40:46.550+0700][5,698s][info   ][gc,marking  ] GC(353) Concurrent Rebuild Remembered Sets 1,318ms
[2024-12-04T16:40:46.550+0700][5,698s][info   ][gc,start    ] GC(353) Pause Cleanup
[2024-12-04T16:40:46.550+0700][5,699s][info   ][gc          ] GC(353) Pause Cleanup 920M->920M(1957M) 0,189ms
[2024-12-04T16:40:46.550+0700][5,699s][info   ][gc,cpu      ] GC(353) User=0,00s Sys=0,00s Real=0,00s
[2024-12-04T16:40:46.550+0700][5,699s][info   ][gc,marking  ] GC(353) Concurrent Cleanup for Next Mark
[2024-12-04T16:40:46.554+0700][5,702s][info   ][gc,marking  ] GC(353) Concurrent Cleanup for Next Mark 3,718ms
[2024-12-04T16:40:46.554+0700][5,703s][info   ][gc          ] GC(353) Concurrent Mark Cycle 9,830ms
[2024-12-04T16:40:46.556+0700][5,705s][info   ][gc,start    ] GC(354) Pause Young (Concurrent Start) (G1 Humongous Allocation)
[2024-12-04T16:40:46.556+0700][5,705s][info   ][gc,task     ] GC(354) Using 8 workers of 8 for evacuation
[2024-12-04T16:40:46.558+0700][5,707s][info   ][gc,phases   ] GC(354)   Pre Evacuate Collection Set: 0,2ms
[2024-12-04T16:40:46.558+0700][5,707s][info   ][gc,phases   ] GC(354)   Merge Heap Roots: 0,2ms
[2024-12-04T16:40:46.558+0700][5,707s][info   ][gc,phases   ] GC(354)   Evacuate Collection Set: 0,6ms
[2024-12-04T16:40:46.558+0700][5,707s][info   ][gc,phases   ] GC(354)   Post Evacuate Collection Set: 0,2ms
[2024-12-04T16:40:46.558+0700][5,707s][info   ][gc,phases   ] GC(354)   Other: 0,3ms
[2024-12-04T16:40:46.558+0700][5,707s][info   ][gc,heap     ] GC(354) Eden regions: 1->0(843)
[2024-12-04T16:40:46.558+0700][5,707s][info   ][gc,heap     ] GC(354) Survivor regions: 1->1(105)
[2024-12-04T16:40:46.558+0700][5,707s][info   ][gc,heap     ] GC(354) Old regions: 3->3
[2024-12-04T16:40:46.558+0700][5,707s][info   ][gc,heap     ] GC(354) Archive regions: 2->2
[2024-12-04T16:40:46.558+0700][5,707s][info   ][gc,heap     ] GC(354) Humongous regions: 918->918
[2024-12-04T16:40:46.558+0700][5,707s][info   ][gc,metaspace] GC(354) Metaspace: 5795K(6016K)->5795K(6016K) NonClass: 5133K(5248K)->5133K(5248K) Class: 661K(768K)->661K(768K)
[2024-12-04T16:40:46.558+0700][5,707s][info   ][gc          ] GC(354) Pause Young (Concurrent Start) (G1 Humongous Allocation) 921M->921M(1965M) 1,646ms
[2024-12-04T16:40:46.558+0700][5,707s][info   ][gc,cpu      ] GC(354) User=0,00s Sys=0,00s Real=0,00s
[2024-12-04T16:40:46.558+0700][5,707s][info   ][gc          ] GC(355) Concurrent Mark Cycle
[2024-12-04T16:40:46.558+0700][5,707s][info   ][gc,marking  ] GC(355) Concurrent Clear Claimed Marks
[2024-12-04T16:40:46.558+0700][5,707s][info   ][gc,marking  ] GC(355) Concurrent Clear Claimed Marks 0,022ms
[2024-12-04T16:40:46.558+0700][5,707s][info   ][gc,marking  ] GC(355) Concurrent Scan Root Regions
[2024-12-04T16:40:46.558+0700][5,707s][info   ][gc,marking  ] GC(355) Concurrent Scan Root Regions 0,101ms
[2024-12-04T16:40:46.558+0700][5,707s][info   ][gc,marking  ] GC(355) Concurrent Mark
[2024-12-04T16:40:46.558+0700][5,707s][info   ][gc,marking  ] GC(355) Concurrent Mark From Roots
[2024-12-04T16:40:46.558+0700][5,707s][info   ][gc,task     ] GC(355) Using 2 workers of 2 for marking
[2024-12-04T16:40:46.561+0700][5,710s][info   ][gc,marking  ] GC(355) Concurrent Mark From Roots 3,399ms
[2024-12-04T16:40:46.561+0700][5,710s][info   ][gc,marking  ] GC(355) Concurrent Preclean
[2024-12-04T16:40:46.562+0700][5,710s][info   ][gc,marking  ] GC(355) Concurrent Preclean 0,071ms
[2024-12-04T16:40:46.562+0700][5,710s][info   ][gc,start    ] GC(355) Pause Remark
[2024-12-04T16:40:46.563+0700][5,711s][info   ][gc          ] GC(355) Pause Remark 922M->922M(1965M) 0,916ms
[2024-12-04T16:40:46.563+0700][5,711s][info   ][gc,cpu      ] GC(355) User=0,01s Sys=0,00s Real=0,00s
[2024-12-04T16:40:46.563+0700][5,711s][info   ][gc,marking  ] GC(355) Concurrent Mark 4,610ms
[2024-12-04T16:40:46.563+0700][5,712s][info   ][gc,marking  ] GC(355) Concurrent Rebuild Remembered Sets
[2024-12-04T16:40:46.564+0700][5,713s][info   ][gc,marking  ] GC(355) Concurrent Rebuild Remembered Sets 1,744ms
[2024-12-04T16:40:46.564+0700][5,713s][info   ][gc,start    ] GC(355) Pause Cleanup
[2024-12-04T16:40:46.565+0700][5,714s][info   ][gc          ] GC(355) Pause Cleanup 923M->923M(1965M) 0,432ms
[2024-12-04T16:40:46.565+0700][5,714s][info   ][gc,cpu      ] GC(355) User=0,00s Sys=0,00s Real=0,00s
[2024-12-04T16:40:46.565+0700][5,714s][info   ][gc,marking  ] GC(355) Concurrent Cleanup for Next Mark
[2024-12-04T16:40:46.568+0700][5,717s][info   ][gc,marking  ] GC(355) Concurrent Cleanup for Next Mark 2,830ms
[2024-12-04T16:40:46.568+0700][5,717s][info   ][gc          ] GC(355) Concurrent Mark Cycle 9,972ms
[2024-12-04T16:40:46.569+0700][5,718s][info   ][gc,start    ] GC(356) Pause Young (Concurrent Start) (G1 Humongous Allocation)
[2024-12-04T16:40:46.569+0700][5,718s][info   ][gc,task     ] GC(356) Using 8 workers of 8 for evacuation
[2024-12-04T16:40:46.570+0700][5,719s][info   ][gc,phases   ] GC(356)   Pre Evacuate Collection Set: 0,3ms
[2024-12-04T16:40:46.571+0700][5,719s][info   ][gc,phases   ] GC(356)   Merge Heap Roots: 0,2ms
[2024-12-04T16:40:46.571+0700][5,719s][info   ][gc,phases   ] GC(356)   Evacuate Collection Set: 0,4ms
[2024-12-04T16:40:46.571+0700][5,719s][info   ][gc,phases   ] GC(356)   Post Evacuate Collection Set: 0,1ms
[2024-12-04T16:40:46.571+0700][5,719s][info   ][gc,phases   ] GC(356)   Other: 0,2ms
[2024-12-04T16:40:46.571+0700][5,719s][info   ][gc,heap     ] GC(356) Eden regions: 1->0(841)
[2024-12-04T16:40:46.571+0700][5,719s][info   ][gc,heap     ] GC(356) Survivor regions: 1->1(106)
[2024-12-04T16:40:46.571+0700][5,719s][info   ][gc,heap     ] GC(356) Old regions: 3->3
[2024-12-04T16:40:46.571+0700][5,719s][info   ][gc,heap     ] GC(356) Archive regions: 2->2
[2024-12-04T16:40:46.571+0700][5,719s][info   ][gc,heap     ] GC(356) Humongous regions: 920->920
[2024-12-04T16:40:46.571+0700][5,719s][info   ][gc,metaspace] GC(356) Metaspace: 5795K(6016K)->5795K(6016K) NonClass: 5133K(5248K)->5133K(5248K) Class: 661K(768K)->661K(768K)
[2024-12-04T16:40:46.571+0700][5,719s][info   ][gc          ] GC(356) Pause Young (Concurrent Start) (G1 Humongous Allocation) 923M->923M(1965M) 1,265ms
[2024-12-04T16:40:46.571+0700][5,719s][info   ][gc,cpu      ] GC(356) User=0,00s Sys=0,00s Real=0,00s
[2024-12-04T16:40:46.571+0700][5,719s][info   ][gc          ] GC(357) Concurrent Mark Cycle
[2024-12-04T16:40:46.571+0700][5,719s][info   ][gc,marking  ] GC(357) Concurrent Clear Claimed Marks
[2024-12-04T16:40:46.571+0700][5,719s][info   ][gc,marking  ] GC(357) Concurrent Clear Claimed Marks 0,010ms
[2024-12-04T16:40:46.571+0700][5,719s][info   ][gc,marking  ] GC(357) Concurrent Scan Root Regions
[2024-12-04T16:40:46.571+0700][5,720s][info   ][gc,marking  ] GC(357) Concurrent Scan Root Regions 0,090ms
[2024-12-04T16:40:46.571+0700][5,720s][info   ][gc,marking  ] GC(357) Concurrent Mark
[2024-12-04T16:40:46.571+0700][5,720s][info   ][gc,marking  ] GC(357) Concurrent Mark From Roots
[2024-12-04T16:40:46.571+0700][5,720s][info   ][gc,task     ] GC(357) Using 2 workers of 2 for marking
[2024-12-04T16:40:46.573+0700][5,722s][info   ][gc,marking  ] GC(357) Concurrent Mark From Roots 2,770ms
[2024-12-04T16:40:46.574+0700][5,722s][info   ][gc,marking  ] GC(357) Concurrent Preclean
[2024-12-04T16:40:46.574+0700][5,722s][info   ][gc,marking  ] GC(357) Concurrent Preclean 0,058ms
[2024-12-04T16:40:46.574+0700][5,722s][info   ][gc,start    ] GC(357) Pause Remark
[2024-12-04T16:40:46.574+0700][5,723s][info   ][gc          ] GC(357) Pause Remark 924M->924M(1965M) 0,631ms
[2024-12-04T16:40:46.574+0700][5,723s][info   ][gc,cpu      ] GC(357) User=0,00s Sys=0,00s Real=0,00s
[2024-12-04T16:40:46.574+0700][5,723s][info   ][gc,marking  ] GC(357) Concurrent Mark 3,572ms
[2024-12-04T16:40:46.574+0700][5,723s][info   ][gc,marking  ] GC(357) Concurrent Rebuild Remembered Sets
[2024-12-04T16:40:46.576+0700][5,724s][info   ][gc,marking  ] GC(357) Concurrent Rebuild Remembered Sets 1,284ms
[2024-12-04T16:40:46.576+0700][5,725s][info   ][gc,start    ] GC(357) Pause Cleanup
[2024-12-04T16:40:46.576+0700][5,725s][info   ][gc          ] GC(357) Pause Cleanup 924M->924M(1965M) 0,253ms
[2024-12-04T16:40:46.576+0700][5,725s][info   ][gc,cpu      ] GC(357) User=0,01s Sys=0,00s Real=0,00s
[2024-12-04T16:40:46.576+0700][5,725s][info   ][gc,marking  ] GC(357) Concurrent Cleanup for Next Mark
[2024-12-04T16:40:46.579+0700][5,728s][info   ][gc,marking  ] GC(357) Concurrent Cleanup for Next Mark 3,228ms
[2024-12-04T16:40:46.579+0700][5,728s][info   ][gc          ] GC(357) Concurrent Mark Cycle 8,636ms
[2024-12-04T16:40:46.583+0700][5,732s][info   ][gc,start    ] GC(358) Pause Young (Concurrent Start) (G1 Humongous Allocation)
[2024-12-04T16:40:46.583+0700][5,732s][info   ][gc,task     ] GC(358) Using 8 workers of 8 for evacuation
[2024-12-04T16:40:46.584+0700][5,733s][info   ][gc,phases   ] GC(358)   Pre Evacuate Collection Set: 0,3ms
[2024-12-04T16:40:46.584+0700][5,733s][info   ][gc,phases   ] GC(358)   Merge Heap Roots: 0,2ms
[2024-12-04T16:40:46.584+0700][5,733s][info   ][gc,phases   ] GC(358)   Evacuate Collection Set: 0,3ms
[2024-12-04T16:40:46.584+0700][5,733s][info   ][gc,phases   ] GC(358)   Post Evacuate Collection Set: 0,1ms
[2024-12-04T16:40:46.584+0700][5,733s][info   ][gc,phases   ] GC(358)   Other: 0,2ms
[2024-12-04T16:40:46.584+0700][5,733s][info   ][gc,heap     ] GC(358) Eden regions: 1->0(839)
[2024-12-04T16:40:46.584+0700][5,733s][info   ][gc,heap     ] GC(358) Survivor regions: 1->1(106)
[2024-12-04T16:40:46.584+0700][5,733s][info   ][gc,heap     ] GC(358) Old regions: 3->3
[2024-12-04T16:40:46.584+0700][5,733s][info   ][gc,heap     ] GC(358) Archive regions: 2->2
[2024-12-04T16:40:46.584+0700][5,733s][info   ][gc,heap     ] GC(358) Humongous regions: 922->922
[2024-12-04T16:40:46.584+0700][5,733s][info   ][gc,metaspace] GC(358) Metaspace: 5795K(6016K)->5795K(6016K) NonClass: 5133K(5248K)->5133K(5248K) Class: 661K(768K)->661K(768K)
[2024-12-04T16:40:46.584+0700][5,733s][info   ][gc          ] GC(358) Pause Young (Concurrent Start) (G1 Humongous Allocation) 925M->925M(1965M) 1,264ms
[2024-12-04T16:40:46.584+0700][5,733s][info   ][gc,cpu      ] GC(358) User=0,00s Sys=0,00s Real=0,01s
[2024-12-04T16:40:46.584+0700][5,733s][info   ][gc          ] GC(359) Concurrent Mark Cycle
[2024-12-04T16:40:46.584+0700][5,733s][info   ][gc,marking  ] GC(359) Concurrent Clear Claimed Marks
[2024-12-04T16:40:46.584+0700][5,733s][info   ][gc,marking  ] GC(359) Concurrent Clear Claimed Marks 0,012ms
[2024-12-04T16:40:46.584+0700][5,733s][info   ][gc,marking  ] GC(359) Concurrent Scan Root Regions
[2024-12-04T16:40:46.584+0700][5,733s][info   ][gc,marking  ] GC(359) Concurrent Scan Root Regions 0,077ms
[2024-12-04T16:40:46.584+0700][5,733s][info   ][gc,marking  ] GC(359) Concurrent Mark
[2024-12-04T16:40:46.584+0700][5,733s][info   ][gc,marking  ] GC(359) Concurrent Mark From Roots
[2024-12-04T16:40:46.584+0700][5,733s][info   ][gc,task     ] GC(359) Using 2 workers of 2 for marking
[2024-12-04T16:40:46.588+0700][5,737s][info   ][gc,marking  ] GC(359) Concurrent Mark From Roots 3,852ms
[2024-12-04T16:40:46.588+0700][5,737s][info   ][gc,marking  ] GC(359) Concurrent Preclean
[2024-12-04T16:40:46.588+0700][5,737s][info   ][gc,marking  ] GC(359) Concurrent Preclean 0,053ms
[2024-12-04T16:40:46.588+0700][5,737s][info   ][gc,start    ] GC(359) Pause Remark
[2024-12-04T16:40:46.589+0700][5,738s][info   ][gc          ] GC(359) Pause Remark 926M->926M(1965M) 0,871ms
[2024-12-04T16:40:46.589+0700][5,738s][info   ][gc,cpu      ] GC(359) User=0,00s Sys=0,00s Real=0,00s
[2024-12-04T16:40:46.589+0700][5,738s][info   ][gc,marking  ] GC(359) Concurrent Mark 4,905ms
[2024-12-04T16:40:46.589+0700][5,738s][info   ][gc,marking  ] GC(359) Concurrent Rebuild Remembered Sets
[2024-12-04T16:40:46.590+0700][5,739s][info   ][gc,marking  ] GC(359) Concurrent Rebuild Remembered Sets 1,348ms
[2024-12-04T16:40:46.590+0700][5,739s][info   ][gc,start    ] GC(359) Pause Cleanup
[2024-12-04T16:40:46.591+0700][5,740s][info   ][gc          ] GC(359) Pause Cleanup 927M->927M(1965M) 0,158ms
[2024-12-04T16:40:46.591+0700][5,740s][info   ][gc,cpu      ] GC(359) User=0,00s Sys=0,00s Real=0,00s
[2024-12-04T16:40:46.591+0700][5,740s][info   ][gc,marking  ] GC(359) Concurrent Cleanup for Next Mark
[2024-12-04T16:40:46.594+0700][5,742s][info   ][gc,marking  ] GC(359) Concurrent Cleanup for Next Mark 2,855ms
[2024-12-04T16:40:46.594+0700][5,742s][info   ][gc          ] GC(359) Concurrent Mark Cycle 9,544ms
[2024-12-04T16:40:46.595+0700][5,744s][info   ][gc,start    ] GC(360) Pause Young (Concurrent Start) (G1 Humongous Allocation)
[2024-12-04T16:40:46.595+0700][5,744s][info   ][gc,task     ] GC(360) Using 8 workers of 8 for evacuation
[2024-12-04T16:40:46.597+0700][5,745s][info   ][gc,phases   ] GC(360)   Pre Evacuate Collection Set: 0,2ms
[2024-12-04T16:40:46.597+0700][5,746s][info   ][gc,phases   ] GC(360)   Merge Heap Roots: 0,2ms
[2024-12-04T16:40:46.597+0700][5,746s][info   ][gc,phases   ] GC(360)   Evacuate Collection Set: 0,6ms
[2024-12-04T16:40:46.597+0700][5,746s][info   ][gc,phases   ] GC(360)   Post Evacuate Collection Set: 0,1ms
[2024-12-04T16:40:46.597+0700][5,746s][info   ][gc,phases   ] GC(360)   Other: 0,2ms
[2024-12-04T16:40:46.597+0700][5,746s][info   ][gc,heap     ] GC(360) Eden regions: 1->0(837)
[2024-12-04T16:40:46.597+0700][5,746s][info   ][gc,heap     ] GC(360) Survivor regions: 1->1(105)
[2024-12-04T16:40:46.597+0700][5,746s][info   ][gc,heap     ] GC(360) Old regions: 3->3
[2024-12-04T16:40:46.597+0700][5,746s][info   ][gc,heap     ] GC(360) Archive regions: 2->2
[2024-12-04T16:40:46.597+0700][5,746s][info   ][gc,heap     ] GC(360) Humongous regions: 924->924
[2024-12-04T16:40:46.597+0700][5,746s][info   ][gc,metaspace] GC(360) Metaspace: 5795K(6016K)->5795K(6016K) NonClass: 5133K(5248K)->5133K(5248K) Class: 661K(768K)->661K(768K)
[2024-12-04T16:40:46.597+0700][5,746s][info   ][gc          ] GC(360) Pause Young (Concurrent Start) (G1 Humongous Allocation) 927M->927M(1965M) 1,364ms
[2024-12-04T16:40:46.597+0700][5,746s][info   ][gc,cpu      ] GC(360) User=0,01s Sys=0,00s Real=0,00s
[2024-12-04T16:40:46.597+0700][5,746s][info   ][gc          ] GC(361) Concurrent Mark Cycle
[2024-12-04T16:40:46.597+0700][5,746s][info   ][gc,marking  ] GC(361) Concurrent Clear Claimed Marks
[2024-12-04T16:40:46.597+0700][5,746s][info   ][gc,marking  ] GC(361) Concurrent Clear Claimed Marks 0,018ms
[2024-12-04T16:40:46.597+0700][5,746s][info   ][gc,marking  ] GC(361) Concurrent Scan Root Regions
[2024-12-04T16:40:46.597+0700][5,746s][info   ][gc,marking  ] GC(361) Concurrent Scan Root Regions 0,069ms
[2024-12-04T16:40:46.597+0700][5,746s][info   ][gc,marking  ] GC(361) Concurrent Mark
[2024-12-04T16:40:46.597+0700][5,746s][info   ][gc,marking  ] GC(361) Concurrent Mark From Roots
[2024-12-04T16:40:46.597+0700][5,746s][info   ][gc,task     ] GC(361) Using 2 workers of 2 for marking
[2024-12-04T16:40:46.600+0700][5,749s][info   ][gc,marking  ] GC(361) Concurrent Mark From Roots 2,912ms
[2024-12-04T16:40:46.600+0700][5,749s][info   ][gc,marking  ] GC(361) Concurrent Preclean
[2024-12-04T16:40:46.600+0700][5,749s][info   ][gc,marking  ] GC(361) Concurrent Preclean 0,052ms
[2024-12-04T16:40:46.600+0700][5,749s][info   ][gc,start    ] GC(361) Pause Remark
[2024-12-04T16:40:46.601+0700][5,750s][info   ][gc          ] GC(361) Pause Remark 928M->928M(1965M) 0,845ms
[2024-12-04T16:40:46.601+0700][5,750s][info   ][gc,cpu      ] GC(361) User=0,00s Sys=0,00s Real=0,00s
[2024-12-04T16:40:46.601+0700][5,750s][info   ][gc,marking  ] GC(361) Concurrent Mark 3,963ms
[2024-12-04T16:40:46.601+0700][5,750s][info   ][gc,marking  ] GC(361) Concurrent Rebuild Remembered Sets
[2024-12-04T16:40:46.602+0700][5,751s][info   ][gc,marking  ] GC(361) Concurrent Rebuild Remembered Sets 1,314ms
[2024-12-04T16:40:46.602+0700][5,751s][info   ][gc,start    ] GC(361) Pause Cleanup
[2024-12-04T16:40:46.602+0700][5,751s][info   ][gc          ] GC(361) Pause Cleanup 928M->928M(1965M) 0,144ms
[2024-12-04T16:40:46.602+0700][5,751s][info   ][gc,cpu      ] GC(361) User=0,00s Sys=0,00s Real=0,00s
[2024-12-04T16:40:46.602+0700][5,751s][info   ][gc,marking  ] GC(361) Concurrent Cleanup for Next Mark
[2024-12-04T16:40:46.605+0700][5,754s][info   ][gc,marking  ] GC(361) Concurrent Cleanup for Next Mark 2,904ms
[2024-12-04T16:40:46.605+0700][5,754s][info   ][gc          ] GC(361) Concurrent Mark Cycle 8,581ms
[2024-12-04T16:40:46.608+0700][5,757s][info   ][gc,start    ] GC(362) Pause Young (Concurrent Start) (G1 Humongous Allocation)
[2024-12-04T16:40:46.608+0700][5,757s][info   ][gc,task     ] GC(362) Using 8 workers of 8 for evacuation
[2024-12-04T16:40:46.610+0700][5,759s][info   ][gc,phases   ] GC(362)   Pre Evacuate Collection Set: 0,2ms
[2024-12-04T16:40:46.610+0700][5,759s][info   ][gc,phases   ] GC(362)   Merge Heap Roots: 0,3ms
[2024-12-04T16:40:46.610+0700][5,759s][info   ][gc,phases   ] GC(362)   Evacuate Collection Set: 0,6ms
[2024-12-04T16:40:46.610+0700][5,759s][info   ][gc,phases   ] GC(362)   Post Evacuate Collection Set: 0,2ms
[2024-12-04T16:40:46.610+0700][5,759s][info   ][gc,phases   ] GC(362)   Other: 0,2ms
[2024-12-04T16:40:46.610+0700][5,759s][info   ][gc,heap     ] GC(362) Eden regions: 1->0(843)
[2024-12-04T16:40:46.610+0700][5,759s][info   ][gc,heap     ] GC(362) Survivor regions: 1->1(105)
[2024-12-04T16:40:46.610+0700][5,759s][info   ][gc,heap     ] GC(362) Old regions: 3->3
[2024-12-04T16:40:46.610+0700][5,759s][info   ][gc,heap     ] GC(362) Archive regions: 2->2
[2024-12-04T16:40:46.610+0700][5,759s][info   ][gc,heap     ] GC(362) Humongous regions: 926->926
[2024-12-04T16:40:46.610+0700][5,759s][info   ][gc,metaspace] GC(362) Metaspace: 5795K(6016K)->5795K(6016K) NonClass: 5133K(5248K)->5133K(5248K) Class: 661K(768K)->661K(768K)
[2024-12-04T16:40:46.610+0700][5,759s][info   ][gc          ] GC(362) Pause Young (Concurrent Start) (G1 Humongous Allocation) 929M->929M(1974M) 1,629ms
[2024-12-04T16:40:46.610+0700][5,759s][info   ][gc,cpu      ] GC(362) User=0,01s Sys=0,00s Real=0,00s
[2024-12-04T16:40:46.610+0700][5,759s][info   ][gc          ] GC(363) Concurrent Mark Cycle
[2024-12-04T16:40:46.610+0700][5,759s][info   ][gc,marking  ] GC(363) Concurrent Clear Claimed Marks
[2024-12-04T16:40:46.610+0700][5,759s][info   ][gc,marking  ] GC(363) Concurrent Clear Claimed Marks 0,020ms
[2024-12-04T16:40:46.610+0700][5,759s][info   ][gc,marking  ] GC(363) Concurrent Scan Root Regions
[2024-12-04T16:40:46.610+0700][5,759s][info   ][gc,marking  ] GC(363) Concurrent Scan Root Regions 0,070ms
[2024-12-04T16:40:46.610+0700][5,759s][info   ][gc,marking  ] GC(363) Concurrent Mark
[2024-12-04T16:40:46.610+0700][5,759s][info   ][gc,marking  ] GC(363) Concurrent Mark From Roots
[2024-12-04T16:40:46.610+0700][5,759s][info   ][gc,task     ] GC(363) Using 2 workers of 2 for marking
[2024-12-04T16:40:46.613+0700][5,762s][info   ][gc,marking  ] GC(363) Concurrent Mark From Roots 2,818ms
[2024-12-04T16:40:46.613+0700][5,762s][info   ][gc,marking  ] GC(363) Concurrent Preclean
[2024-12-04T16:40:46.613+0700][5,762s][info   ][gc,marking  ] GC(363) Concurrent Preclean 0,053ms
[2024-12-04T16:40:46.613+0700][5,762s][info   ][gc,start    ] GC(363) Pause Remark
[2024-12-04T16:40:46.614+0700][5,762s][info   ][gc          ] GC(363) Pause Remark 930M->930M(1974M) 0,752ms
[2024-12-04T16:40:46.614+0700][5,762s][info   ][gc,cpu      ] GC(363) User=0,00s Sys=0,00s Real=0,01s
[2024-12-04T16:40:46.614+0700][5,763s][info   ][gc,marking  ] GC(363) Concurrent Mark 3,741ms
[2024-12-04T16:40:46.614+0700][5,763s][info   ][gc,marking  ] GC(363) Concurrent Rebuild Remembered Sets
[2024-12-04T16:40:46.615+0700][5,764s][info   ][gc,marking  ] GC(363) Concurrent Rebuild Remembered Sets 1,204ms
[2024-12-04T16:40:46.615+0700][5,764s][info   ][gc,start    ] GC(363) Pause Cleanup
[2024-12-04T16:40:46.615+0700][5,764s][info   ][gc          ] GC(363) Pause Cleanup 930M->930M(1974M) 0,218ms
[2024-12-04T16:40:46.615+0700][5,764s][info   ][gc,cpu      ] GC(363) User=0,00s Sys=0,00s Real=0,00s
[2024-12-04T16:40:46.615+0700][5,764s][info   ][gc,marking  ] GC(363) Concurrent Cleanup for Next Mark
[2024-12-04T16:40:46.618+0700][5,767s][info   ][gc,marking  ] GC(363) Concurrent Cleanup for Next Mark 3,232ms
[2024-12-04T16:40:46.618+0700][5,767s][info   ][gc          ] GC(363) Concurrent Mark Cycle 8,704ms
[2024-12-04T16:40:46.621+0700][5,770s][info   ][gc,start    ] GC(364) Pause Young (Concurrent Start) (G1 Humongous Allocation)
[2024-12-04T16:40:46.621+0700][5,770s][info   ][gc,task     ] GC(364) Using 8 workers of 8 for evacuation
[2024-12-04T16:40:46.623+0700][5,772s][info   ][gc,phases   ] GC(364)   Pre Evacuate Collection Set: 0,3ms
[2024-12-04T16:40:46.623+0700][5,772s][info   ][gc,phases   ] GC(364)   Merge Heap Roots: 0,3ms
[2024-12-04T16:40:46.623+0700][5,772s][info   ][gc,phases   ] GC(364)   Evacuate Collection Set: 0,4ms
[2024-12-04T16:40:46.623+0700][5,772s][info   ][gc,phases   ] GC(364)   Post Evacuate Collection Set: 0,1ms
[2024-12-04T16:40:46.623+0700][5,772s][info   ][gc,phases   ] GC(364)   Other: 0,2ms
[2024-12-04T16:40:46.623+0700][5,772s][info   ][gc,heap     ] GC(364) Eden regions: 1->0(841)
[2024-12-04T16:40:46.623+0700][5,772s][info   ][gc,heap     ] GC(364) Survivor regions: 1->1(106)
[2024-12-04T16:40:46.623+0700][5,772s][info   ][gc,heap     ] GC(364) Old regions: 3->3
[2024-12-04T16:40:46.623+0700][5,772s][info   ][gc,heap     ] GC(364) Archive regions: 2->2
[2024-12-04T16:40:46.623+0700][5,772s][info   ][gc,heap     ] GC(364) Humongous regions: 928->928
[2024-12-04T16:40:46.623+0700][5,772s][info   ][gc,metaspace] GC(364) Metaspace: 5795K(6016K)->5795K(6016K) NonClass: 5133K(5248K)->5133K(5248K) Class: 661K(768K)->661K(768K)
[2024-12-04T16:40:46.623+0700][5,772s][info   ][gc          ] GC(364) Pause Young (Concurrent Start) (G1 Humongous Allocation) 931M->931M(1974M) 1,421ms
[2024-12-04T16:40:46.623+0700][5,772s][info   ][gc,cpu      ] GC(364) User=0,01s Sys=0,00s Real=0,00s
[2024-12-04T16:40:46.623+0700][5,772s][info   ][gc          ] GC(365) Concurrent Mark Cycle
[2024-12-04T16:40:46.623+0700][5,772s][info   ][gc,marking  ] GC(365) Concurrent Clear Claimed Marks
[2024-12-04T16:40:46.623+0700][5,772s][info   ][gc,marking  ] GC(365) Concurrent Clear Claimed Marks 0,012ms
[2024-12-04T16:40:46.623+0700][5,772s][info   ][gc,marking  ] GC(365) Concurrent Scan Root Regions
[2024-12-04T16:40:46.623+0700][5,772s][info   ][gc,marking  ] GC(365) Concurrent Scan Root Regions 0,062ms
[2024-12-04T16:40:46.623+0700][5,772s][info   ][gc,marking  ] GC(365) Concurrent Mark
[2024-12-04T16:40:46.623+0700][5,772s][info   ][gc,marking  ] GC(365) Concurrent Mark From Roots
[2024-12-04T16:40:46.623+0700][5,772s][info   ][gc,task     ] GC(365) Using 2 workers of 2 for marking
[2024-12-04T16:40:46.627+0700][5,776s][info   ][gc,marking  ] GC(365) Concurrent Mark From Roots 3,775ms
[2024-12-04T16:40:46.627+0700][5,776s][info   ][gc,marking  ] GC(365) Concurrent Preclean
[2024-12-04T16:40:46.627+0700][5,776s][info   ][gc,marking  ] GC(365) Concurrent Preclean 0,061ms
[2024-12-04T16:40:46.627+0700][5,776s][info   ][gc,start    ] GC(365) Pause Remark
[2024-12-04T16:40:46.628+0700][5,777s][info   ][gc          ] GC(365) Pause Remark 932M->932M(1974M) 1,092ms
[2024-12-04T16:40:46.628+0700][5,777s][info   ][gc,cpu      ] GC(365) User=0,00s Sys=0,00s Real=0,00s
[2024-12-04T16:40:46.628+0700][5,777s][info   ][gc,marking  ] GC(365) Concurrent Mark 5,047ms
[2024-12-04T16:40:46.628+0700][5,777s][info   ][gc,marking  ] GC(365) Concurrent Rebuild Remembered Sets
[2024-12-04T16:40:46.630+0700][5,778s][info   ][gc,marking  ] GC(365) Concurrent Rebuild Remembered Sets 1,608ms
[2024-12-04T16:40:46.630+0700][5,779s][info   ][gc,start    ] GC(365) Pause Cleanup
[2024-12-04T16:40:46.630+0700][5,779s][info   ][gc          ] GC(365) Pause Cleanup 933M->933M(1974M) 0,241ms
[2024-12-04T16:40:46.630+0700][5,779s][info   ][gc,cpu      ] GC(365) User=0,00s Sys=0,00s Real=0,00s
[2024-12-04T16:40:46.630+0700][5,779s][info   ][gc,marking  ] GC(365) Concurrent Cleanup for Next Mark
[2024-12-04T16:40:46.633+0700][5,782s][info   ][gc,marking  ] GC(365) Concurrent Cleanup for Next Mark 3,159ms
[2024-12-04T16:40:46.633+0700][5,782s][info   ][gc          ] GC(365) Concurrent Mark Cycle 10,345ms
[2024-12-04T16:40:46.634+0700][5,783s][info   ][gc,start    ] GC(366) Pause Young (Concurrent Start) (G1 Humongous Allocation)
[2024-12-04T16:40:46.635+0700][5,783s][info   ][gc,task     ] GC(366) Using 8 workers of 8 for evacuation
[2024-12-04T16:40:46.636+0700][5,784s][info   ][gc,phases   ] GC(366)   Pre Evacuate Collection Set: 0,2ms
[2024-12-04T16:40:46.636+0700][5,784s][info   ][gc,phases   ] GC(366)   Merge Heap Roots: 0,2ms
[2024-12-04T16:40:46.636+0700][5,784s][info   ][gc,phases   ] GC(366)   Evacuate Collection Set: 0,4ms
[2024-12-04T16:40:46.636+0700][5,784s][info   ][gc,phases   ] GC(366)   Post Evacuate Collection Set: 0,1ms
[2024-12-04T16:40:46.636+0700][5,784s][info   ][gc,phases   ] GC(366)   Other: 0,2ms
[2024-12-04T16:40:46.636+0700][5,784s][info   ][gc,heap     ] GC(366) Eden regions: 1->0(840)
[2024-12-04T16:40:46.636+0700][5,784s][info   ][gc,heap     ] GC(366) Survivor regions: 1->0(106)
[2024-12-04T16:40:46.636+0700][5,784s][info   ][gc,heap     ] GC(366) Old regions: 3->3
[2024-12-04T16:40:46.636+0700][5,784s][info   ][gc,heap     ] GC(366) Archive regions: 2->2
[2024-12-04T16:40:46.636+0700][5,784s][info   ][gc,heap     ] GC(366) Humongous regions: 930->930
[2024-12-04T16:40:46.636+0700][5,784s][info   ][gc,metaspace] GC(366) Metaspace: 5795K(6016K)->5795K(6016K) NonClass: 5133K(5248K)->5133K(5248K) Class: 661K(768K)->661K(768K)
[2024-12-04T16:40:46.636+0700][5,784s][info   ][gc          ] GC(366) Pause Young (Concurrent Start) (G1 Humongous Allocation) 933M->933M(1974M) 1,095ms
[2024-12-04T16:40:46.636+0700][5,784s][info   ][gc,cpu      ] GC(366) User=0,00s Sys=0,00s Real=0,00s
[2024-12-04T16:40:46.636+0700][5,784s][info   ][gc          ] GC(367) Concurrent Mark Cycle
[2024-12-04T16:40:46.636+0700][5,784s][info   ][gc,marking  ] GC(367) Concurrent Clear Claimed Marks
[2024-12-04T16:40:46.636+0700][5,785s][info   ][gc,marking  ] GC(367) Concurrent Clear Claimed Marks 0,011ms
[2024-12-04T16:40:46.636+0700][5,785s][info   ][gc,marking  ] GC(367) Concurrent Scan Root Regions
[2024-12-04T16:40:46.636+0700][5,785s][info   ][gc,marking  ] GC(367) Concurrent Scan Root Regions 0,041ms
[2024-12-04T16:40:46.636+0700][5,785s][info   ][gc,marking  ] GC(367) Concurrent Mark
[2024-12-04T16:40:46.636+0700][5,785s][info   ][gc,marking  ] GC(367) Concurrent Mark From Roots
[2024-12-04T16:40:46.636+0700][5,785s][info   ][gc,task     ] GC(367) Using 2 workers of 2 for marking
[2024-12-04T16:40:46.638+0700][5,787s][info   ][gc,marking  ] GC(367) Concurrent Mark From Roots 2,582ms
[2024-12-04T16:40:46.638+0700][5,787s][info   ][gc,marking  ] GC(367) Concurrent Preclean
[2024-12-04T16:40:46.638+0700][5,787s][info   ][gc,marking  ] GC(367) Concurrent Preclean 0,037ms
[2024-12-04T16:40:46.638+0700][5,787s][info   ][gc,start    ] GC(367) Pause Remark
[2024-12-04T16:40:46.639+0700][5,788s][info   ][gc          ] GC(367) Pause Remark 934M->934M(1974M) 0,655ms
[2024-12-04T16:40:46.639+0700][5,788s][info   ][gc,cpu      ] GC(367) User=0,00s Sys=0,00s Real=0,00s
[2024-12-04T16:40:46.639+0700][5,788s][info   ][gc,marking  ] GC(367) Concurrent Mark 3,369ms
[2024-12-04T16:40:46.639+0700][5,788s][info   ][gc,marking  ] GC(367) Concurrent Rebuild Remembered Sets
[2024-12-04T16:40:46.640+0700][5,789s][info   ][gc,marking  ] GC(367) Concurrent Rebuild Remembered Sets 1,288ms
[2024-12-04T16:40:46.640+0700][5,789s][info   ][gc,start    ] GC(367) Pause Cleanup
[2024-12-04T16:40:46.641+0700][5,789s][info   ][gc          ] GC(367) Pause Cleanup 934M->934M(1974M) 0,164ms
[2024-12-04T16:40:46.641+0700][5,789s][info   ][gc,cpu      ] GC(367) User=0,00s Sys=0,00s Real=0,00s
[2024-12-04T16:40:46.641+0700][5,789s][info   ][gc,marking  ] GC(367) Concurrent Cleanup for Next Mark
[2024-12-04T16:40:46.643+0700][5,792s][info   ][gc,marking  ] GC(367) Concurrent Cleanup for Next Mark 2,617ms
[2024-12-04T16:40:46.643+0700][5,792s][info   ][gc          ] GC(367) Concurrent Mark Cycle 7,604ms
[2024-12-04T16:40:46.648+0700][5,797s][info   ][gc,start    ] GC(368) Pause Young (Concurrent Start) (G1 Humongous Allocation)
[2024-12-04T16:40:46.648+0700][5,797s][info   ][gc,task     ] GC(368) Using 8 workers of 8 for evacuation
[2024-12-04T16:40:46.649+0700][5,798s][info   ][gc,phases   ] GC(368)   Pre Evacuate Collection Set: 0,2ms
[2024-12-04T16:40:46.649+0700][5,798s][info   ][gc,phases   ] GC(368)   Merge Heap Roots: 0,2ms
[2024-12-04T16:40:46.649+0700][5,798s][info   ][gc,phases   ] GC(368)   Evacuate Collection Set: 0,4ms
[2024-12-04T16:40:46.649+0700][5,798s][info   ][gc,phases   ] GC(368)   Post Evacuate Collection Set: 0,1ms
[2024-12-04T16:40:46.649+0700][5,798s][info   ][gc,phases   ] GC(368)   Other: 0,2ms
[2024-12-04T16:40:46.649+0700][5,798s][info   ][gc,heap     ] GC(368) Eden regions: 1->0(838)
[2024-12-04T16:40:46.649+0700][5,798s][info   ][gc,heap     ] GC(368) Survivor regions: 0->0(105)
[2024-12-04T16:40:46.649+0700][5,798s][info   ][gc,heap     ] GC(368) Old regions: 3->3
[2024-12-04T16:40:46.649+0700][5,798s][info   ][gc,heap     ] GC(368) Archive regions: 2->2
[2024-12-04T16:40:46.649+0700][5,798s][info   ][gc,heap     ] GC(368) Humongous regions: 932->932
[2024-12-04T16:40:46.649+0700][5,798s][info   ][gc,metaspace] GC(368) Metaspace: 5795K(6016K)->5795K(6016K) NonClass: 5133K(5248K)->5133K(5248K) Class: 661K(768K)->661K(768K)
[2024-12-04T16:40:46.649+0700][5,798s][info   ][gc          ] GC(368) Pause Young (Concurrent Start) (G1 Humongous Allocation) 935M->935M(1974M) 1,242ms
[2024-12-04T16:40:46.649+0700][5,798s][info   ][gc,cpu      ] GC(368) User=0,00s Sys=0,00s Real=0,00s
[2024-12-04T16:40:46.649+0700][5,798s][info   ][gc          ] GC(369) Concurrent Mark Cycle
[2024-12-04T16:40:46.649+0700][5,798s][info   ][gc,marking  ] GC(369) Concurrent Clear Claimed Marks
[2024-12-04T16:40:46.649+0700][5,798s][info   ][gc,marking  ] GC(369) Concurrent Clear Claimed Marks 0,016ms
[2024-12-04T16:40:46.649+0700][5,798s][info   ][gc,marking  ] GC(369) Concurrent Scan Root Regions
[2024-12-04T16:40:46.649+0700][5,798s][info   ][gc,marking  ] GC(369) Concurrent Scan Root Regions 0,005ms
[2024-12-04T16:40:46.649+0700][5,798s][info   ][gc,marking  ] GC(369) Concurrent Mark
[2024-12-04T16:40:46.649+0700][5,798s][info   ][gc,marking  ] GC(369) Concurrent Mark From Roots
[2024-12-04T16:40:46.649+0700][5,798s][info   ][gc,task     ] GC(369) Using 2 workers of 2 for marking
[2024-12-04T16:40:46.653+0700][5,802s][info   ][gc,marking  ] GC(369) Concurrent Mark From Roots 4,105ms
[2024-12-04T16:40:46.653+0700][5,802s][info   ][gc,marking  ] GC(369) Concurrent Preclean
[2024-12-04T16:40:46.653+0700][5,802s][info   ][gc,marking  ] GC(369) Concurrent Preclean 0,076ms
[2024-12-04T16:40:46.653+0700][5,802s][info   ][gc,start    ] GC(369) Pause Remark
[2024-12-04T16:40:46.654+0700][5,803s][info   ][gc          ] GC(369) Pause Remark 936M->936M(1974M) 0,813ms
[2024-12-04T16:40:46.654+0700][5,803s][info   ][gc,cpu      ] GC(369) User=0,00s Sys=0,00s Real=0,00s
[2024-12-04T16:40:46.654+0700][5,803s][info   ][gc,marking  ] GC(369) Concurrent Mark 5,128ms
[2024-12-04T16:40:46.654+0700][5,803s][info   ][gc,marking  ] GC(369) Concurrent Rebuild Remembered Sets
[2024-12-04T16:40:46.656+0700][5,805s][info   ][gc,marking  ] GC(369) Concurrent Rebuild Remembered Sets 1,666ms
[2024-12-04T16:40:46.656+0700][5,805s][info   ][gc,start    ] GC(369) Pause Cleanup
[2024-12-04T16:40:46.656+0700][5,805s][info   ][gc          ] GC(369) Pause Cleanup 937M->937M(1974M) 0,236ms
[2024-12-04T16:40:46.656+0700][5,805s][info   ][gc,cpu      ] GC(369) User=0,01s Sys=0,00s Real=0,00s
[2024-12-04T16:40:46.656+0700][5,805s][info   ][gc,marking  ] GC(369) Concurrent Cleanup for Next Mark
[2024-12-04T16:40:46.661+0700][5,810s][info   ][gc,marking  ] GC(369) Concurrent Cleanup for Next Mark 4,815ms
[2024-12-04T16:40:46.661+0700][5,810s][info   ][gc          ] GC(369) Concurrent Mark Cycle 12,109ms
[2024-12-04T16:40:46.666+0700][5,815s][info   ][gc,start    ] GC(370) Pause Young (Concurrent Start) (G1 Humongous Allocation)
[2024-12-04T16:40:46.666+0700][5,815s][info   ][gc,task     ] GC(370) Using 8 workers of 8 for evacuation
[2024-12-04T16:40:46.667+0700][5,816s][info   ][gc,phases   ] GC(370)   Pre Evacuate Collection Set: 0,2ms
[2024-12-04T16:40:46.667+0700][5,816s][info   ][gc,phases   ] GC(370)   Merge Heap Roots: 0,2ms
[2024-12-04T16:40:46.667+0700][5,816s][info   ][gc,phases   ] GC(370)   Evacuate Collection Set: 0,2ms
[2024-12-04T16:40:46.667+0700][5,816s][info   ][gc,phases   ] GC(370)   Post Evacuate Collection Set: 0,2ms
[2024-12-04T16:40:46.667+0700][5,816s][info   ][gc,phases   ] GC(370)   Other: 0,2ms
[2024-12-04T16:40:46.667+0700][5,816s][info   ][gc,heap     ] GC(370) Eden regions: 1->0(841)
[2024-12-04T16:40:46.667+0700][5,816s][info   ][gc,heap     ] GC(370) Survivor regions: 0->0(105)
[2024-12-04T16:40:46.667+0700][5,816s][info   ][gc,heap     ] GC(370) Old regions: 3->3
[2024-12-04T16:40:46.667+0700][5,816s][info   ][gc,heap     ] GC(370) Archive regions: 2->2
[2024-12-04T16:40:46.667+0700][5,816s][info   ][gc,heap     ] GC(370) Humongous regions: 935->935
[2024-12-04T16:40:46.667+0700][5,816s][info   ][gc,metaspace] GC(370) Metaspace: 5795K(6016K)->5795K(6016K) NonClass: 5133K(5248K)->5133K(5248K) Class: 661K(768K)->661K(768K)
[2024-12-04T16:40:46.667+0700][5,816s][info   ][gc          ] GC(370) Pause Young (Concurrent Start) (G1 Humongous Allocation) 938M->938M(1981M) 1,174ms
[2024-12-04T16:40:46.667+0700][5,816s][info   ][gc,cpu      ] GC(370) User=0,00s Sys=0,00s Real=0,00s
[2024-12-04T16:40:46.667+0700][5,816s][info   ][gc          ] GC(371) Concurrent Mark Cycle
[2024-12-04T16:40:46.667+0700][5,816s][info   ][gc,marking  ] GC(371) Concurrent Clear Claimed Marks
[2024-12-04T16:40:46.667+0700][5,816s][info   ][gc,marking  ] GC(371) Concurrent Clear Claimed Marks 0,016ms
[2024-12-04T16:40:46.667+0700][5,816s][info   ][gc,marking  ] GC(371) Concurrent Scan Root Regions
[2024-12-04T16:40:46.667+0700][5,816s][info   ][gc,marking  ] GC(371) Concurrent Scan Root Regions 0,008ms
[2024-12-04T16:40:46.667+0700][5,816s][info   ][gc,marking  ] GC(371) Concurrent Mark
[2024-12-04T16:40:46.667+0700][5,816s][info   ][gc,marking  ] GC(371) Concurrent Mark From Roots
[2024-12-04T16:40:46.667+0700][5,816s][info   ][gc,task     ] GC(371) Using 2 workers of 2 for marking
[2024-12-04T16:40:46.672+0700][5,821s][info   ][gc,marking  ] GC(371) Concurrent Mark From Roots 4,998ms
[2024-12-04T16:40:46.672+0700][5,821s][info   ][gc,marking  ] GC(371) Concurrent Preclean
[2024-12-04T16:40:46.673+0700][5,821s][info   ][gc,marking  ] GC(371) Concurrent Preclean 0,089ms
[2024-12-04T16:40:46.673+0700][5,822s][info   ][gc,start    ] GC(371) Pause Remark
[2024-12-04T16:40:46.676+0700][5,825s][info   ][gc          ] GC(371) Pause Remark 939M->939M(1981M) 3,407ms
[2024-12-04T16:40:46.676+0700][5,825s][info   ][gc,cpu      ] GC(371) User=0,00s Sys=0,00s Real=0,01s
[2024-12-04T16:40:46.676+0700][5,825s][info   ][gc,marking  ] GC(371) Concurrent Mark 9,028ms
[2024-12-04T16:40:46.676+0700][5,825s][info   ][gc,marking  ] GC(371) Concurrent Rebuild Remembered Sets
[2024-12-04T16:40:46.679+0700][5,828s][info   ][gc,marking  ] GC(371) Concurrent Rebuild Remembered Sets 2,531ms
[2024-12-04T16:40:46.679+0700][5,828s][info   ][gc,start    ] GC(371) Pause Cleanup
[2024-12-04T16:40:46.680+0700][5,829s][info   ][gc          ] GC(371) Pause Cleanup 940M->940M(1981M) 0,481ms
[2024-12-04T16:40:46.680+0700][5,829s][info   ][gc,cpu      ] GC(371) User=0,00s Sys=0,00s Real=0,00s
[2024-12-04T16:40:46.680+0700][5,829s][info   ][gc,marking  ] GC(371) Concurrent Cleanup for Next Mark
[2024-12-04T16:40:46.684+0700][5,832s][info   ][gc,marking  ] GC(371) Concurrent Cleanup for Next Mark 3,800ms
[2024-12-04T16:40:46.684+0700][5,832s][info   ][gc          ] GC(371) Concurrent Mark Cycle 16,236ms
[2024-12-04T16:40:46.684+0700][5,833s][info   ][gc,start    ] GC(372) Pause Young (Concurrent Start) (G1 Humongous Allocation)
[2024-12-04T16:40:46.684+0700][5,833s][info   ][gc,task     ] GC(372) Using 8 workers of 8 for evacuation
[2024-12-04T16:40:46.689+0700][5,838s][info   ][gc,phases   ] GC(372)   Pre Evacuate Collection Set: 0,7ms
[2024-12-04T16:40:46.689+0700][5,838s][info   ][gc,phases   ] GC(372)   Merge Heap Roots: 0,4ms
[2024-12-04T16:40:46.689+0700][5,838s][info   ][gc,phases   ] GC(372)   Evacuate Collection Set: 3,3ms
[2024-12-04T16:40:46.689+0700][5,838s][info   ][gc,phases   ] GC(372)   Post Evacuate Collection Set: 0,2ms
[2024-12-04T16:40:46.689+0700][5,838s][info   ][gc,phases   ] GC(372)   Other: 0,3ms
[2024-12-04T16:40:46.689+0700][5,838s][info   ][gc,heap     ] GC(372) Eden regions: 1->0(839)
[2024-12-04T16:40:46.689+0700][5,838s][info   ][gc,heap     ] GC(372) Survivor regions: 0->0(106)
[2024-12-04T16:40:46.689+0700][5,838s][info   ][gc,heap     ] GC(372) Old regions: 3->3
[2024-12-04T16:40:46.689+0700][5,838s][info   ][gc,heap     ] GC(372) Archive regions: 2->2
[2024-12-04T16:40:46.689+0700][5,838s][info   ][gc,heap     ] GC(372) Humongous regions: 937->937
[2024-12-04T16:40:46.689+0700][5,838s][info   ][gc,metaspace] GC(372) Metaspace: 5795K(6016K)->5795K(6016K) NonClass: 5133K(5248K)->5133K(5248K) Class: 661K(768K)->661K(768K)
[2024-12-04T16:40:46.689+0700][5,838s][info   ][gc          ] GC(372) Pause Young (Concurrent Start) (G1 Humongous Allocation) 940M->940M(1981M) 4,923ms
[2024-12-04T16:40:46.689+0700][5,838s][info   ][gc,cpu      ] GC(372) User=0,01s Sys=0,00s Real=0,00s
[2024-12-04T16:40:46.689+0700][5,838s][info   ][gc          ] GC(373) Concurrent Mark Cycle
[2024-12-04T16:40:46.689+0700][5,838s][info   ][gc,marking  ] GC(373) Concurrent Clear Claimed Marks
[2024-12-04T16:40:46.689+0700][5,838s][info   ][gc,marking  ] GC(373) Concurrent Clear Claimed Marks 0,032ms
[2024-12-04T16:40:46.689+0700][5,838s][info   ][gc,marking  ] GC(373) Concurrent Scan Root Regions
[2024-12-04T16:40:46.689+0700][5,838s][info   ][gc,marking  ] GC(373) Concurrent Scan Root Regions 0,007ms
[2024-12-04T16:40:46.689+0700][5,838s][info   ][gc,marking  ] GC(373) Concurrent Mark
[2024-12-04T16:40:46.689+0700][5,838s][info   ][gc,marking  ] GC(373) Concurrent Mark From Roots
[2024-12-04T16:40:46.689+0700][5,838s][info   ][gc,task     ] GC(373) Using 2 workers of 2 for marking
[2024-12-04T16:40:46.693+0700][5,842s][info   ][gc,marking  ] GC(373) Concurrent Mark From Roots 3,904ms
[2024-12-04T16:40:46.693+0700][5,842s][info   ][gc,marking  ] GC(373) Concurrent Preclean
[2024-12-04T16:40:46.693+0700][5,842s][info   ][gc,marking  ] GC(373) Concurrent Preclean 0,069ms
[2024-12-04T16:40:46.693+0700][5,842s][info   ][gc,start    ] GC(373) Pause Remark
[2024-12-04T16:40:46.694+0700][5,843s][info   ][gc          ] GC(373) Pause Remark 941M->941M(1981M) 0,785ms
[2024-12-04T16:40:46.694+0700][5,843s][info   ][gc,cpu      ] GC(373) User=0,00s Sys=0,00s Real=0,00s
[2024-12-04T16:40:46.694+0700][5,843s][info   ][gc,marking  ] GC(373) Concurrent Mark 4,914ms
[2024-12-04T16:40:46.694+0700][5,843s][info   ][gc,marking  ] GC(373) Concurrent Rebuild Remembered Sets
[2024-12-04T16:40:46.696+0700][5,845s][info   ][gc,marking  ] GC(373) Concurrent Rebuild Remembered Sets 1,651ms
[2024-12-04T16:40:46.696+0700][5,845s][info   ][gc,start    ] GC(373) Pause Cleanup
[2024-12-04T16:40:46.696+0700][5,845s][info   ][gc          ] GC(373) Pause Cleanup 942M->942M(1981M) 0,329ms
[2024-12-04T16:40:46.696+0700][5,845s][info   ][gc,cpu      ] GC(373) User=0,00s Sys=0,00s Real=0,00s
[2024-12-04T16:40:46.696+0700][5,845s][info   ][gc,marking  ] GC(373) Concurrent Cleanup for Next Mark
[2024-12-04T16:40:46.700+0700][5,849s][info   ][gc,marking  ] GC(373) Concurrent Cleanup for Next Mark 3,454ms
[2024-12-04T16:40:46.700+0700][5,849s][info   ][gc          ] GC(373) Concurrent Mark Cycle 10,625ms
[2024-12-04T16:40:46.700+0700][5,849s][info   ][gc,start    ] GC(374) Pause Young (Concurrent Start) (G1 Humongous Allocation)
[2024-12-04T16:40:46.700+0700][5,849s][info   ][gc,task     ] GC(374) Using 8 workers of 8 for evacuation
[2024-12-04T16:40:46.702+0700][5,851s][info   ][gc,phases   ] GC(374)   Pre Evacuate Collection Set: 0,3ms
[2024-12-04T16:40:46.702+0700][5,851s][info   ][gc,phases   ] GC(374)   Merge Heap Roots: 0,4ms
[2024-12-04T16:40:46.702+0700][5,851s][info   ][gc,phases   ] GC(374)   Evacuate Collection Set: 0,6ms
[2024-12-04T16:40:46.702+0700][5,851s][info   ][gc,phases   ] GC(374)   Post Evacuate Collection Set: 0,2ms
[2024-12-04T16:40:46.702+0700][5,851s][info   ][gc,phases   ] GC(374)   Other: 0,3ms
[2024-12-04T16:40:46.702+0700][5,851s][info   ][gc,heap     ] GC(374) Eden regions: 1->0(837)
[2024-12-04T16:40:46.702+0700][5,851s][info   ][gc,heap     ] GC(374) Survivor regions: 0->0(105)
[2024-12-04T16:40:46.702+0700][5,851s][info   ][gc,heap     ] GC(374) Old regions: 3->3
[2024-12-04T16:40:46.702+0700][5,851s][info   ][gc,heap     ] GC(374) Archive regions: 2->2
[2024-12-04T16:40:46.702+0700][5,851s][info   ][gc,heap     ] GC(374) Humongous regions: 939->939
[2024-12-04T16:40:46.702+0700][5,851s][info   ][gc,metaspace] GC(374) Metaspace: 5795K(6016K)->5795K(6016K) NonClass: 5133K(5248K)->5133K(5248K) Class: 661K(768K)->661K(768K)
[2024-12-04T16:40:46.702+0700][5,851s][info   ][gc          ] GC(374) Pause Young (Concurrent Start) (G1 Humongous Allocation) 942M->942M(1981M) 1,864ms
[2024-12-04T16:40:46.702+0700][5,851s][info   ][gc,cpu      ] GC(374) User=0,01s Sys=0,00s Real=0,00s
[2024-12-04T16:40:46.702+0700][5,851s][info   ][gc          ] GC(375) Concurrent Mark Cycle
[2024-12-04T16:40:46.702+0700][5,851s][info   ][gc,marking  ] GC(375) Concurrent Clear Claimed Marks
[2024-12-04T16:40:46.702+0700][5,851s][info   ][gc,marking  ] GC(375) Concurrent Clear Claimed Marks 0,022ms
[2024-12-04T16:40:46.702+0700][5,851s][info   ][gc,marking  ] GC(375) Concurrent Scan Root Regions
[2024-12-04T16:40:46.702+0700][5,851s][info   ][gc,marking  ] GC(375) Concurrent Scan Root Regions 0,008ms
[2024-12-04T16:40:46.702+0700][5,851s][info   ][gc,marking  ] GC(375) Concurrent Mark
[2024-12-04T16:40:46.702+0700][5,851s][info   ][gc,marking  ] GC(375) Concurrent Mark From Roots
[2024-12-04T16:40:46.702+0700][5,851s][info   ][gc,task     ] GC(375) Using 2 workers of 2 for marking
[2024-12-04T16:40:46.707+0700][5,856s][info   ][gc,marking  ] GC(375) Concurrent Mark From Roots 4,391ms
[2024-12-04T16:40:46.707+0700][5,856s][info   ][gc,marking  ] GC(375) Concurrent Preclean
[2024-12-04T16:40:46.707+0700][5,856s][info   ][gc,marking  ] GC(375) Concurrent Preclean 0,088ms
[2024-12-04T16:40:46.707+0700][5,856s][info   ][gc,start    ] GC(375) Pause Remark
[2024-12-04T16:40:46.708+0700][5,857s][info   ][gc          ] GC(375) Pause Remark 943M->943M(1981M) 0,786ms
[2024-12-04T16:40:46.708+0700][5,857s][info   ][gc,cpu      ] GC(375) User=0,00s Sys=0,00s Real=0,00s
[2024-12-04T16:40:46.708+0700][5,857s][info   ][gc,marking  ] GC(375) Concurrent Mark 5,507ms
[2024-12-04T16:40:46.708+0700][5,857s][info   ][gc,marking  ] GC(375) Concurrent Rebuild Remembered Sets
[2024-12-04T16:40:46.710+0700][5,859s][info   ][gc,marking  ] GC(375) Concurrent Rebuild Remembered Sets 1,715ms
[2024-12-04T16:40:46.710+0700][5,859s][info   ][gc,start    ] GC(375) Pause Cleanup
[2024-12-04T16:40:46.710+0700][5,859s][info   ][gc          ] GC(375) Pause Cleanup 944M->944M(1981M) 0,278ms
[2024-12-04T16:40:46.710+0700][5,859s][info   ][gc,cpu      ] GC(375) User=0,00s Sys=0,00s Real=0,00s
[2024-12-04T16:40:46.710+0700][5,859s][info   ][gc,marking  ] GC(375) Concurrent Cleanup for Next Mark
[2024-12-04T16:40:46.713+0700][5,862s][info   ][gc,marking  ] GC(375) Concurrent Cleanup for Next Mark 2,982ms
[2024-12-04T16:40:46.713+0700][5,862s][info   ][gc          ] GC(375) Concurrent Mark Cycle 10,796ms
[2024-12-04T16:40:46.714+0700][5,863s][info   ][gc,start    ] GC(376) Pause Young (Concurrent Start) (G1 Humongous Allocation)
[2024-12-04T16:40:46.714+0700][5,863s][info   ][gc,task     ] GC(376) Using 8 workers of 8 for evacuation
[2024-12-04T16:40:46.715+0700][5,864s][info   ][gc,phases   ] GC(376)   Pre Evacuate Collection Set: 0,4ms
[2024-12-04T16:40:46.715+0700][5,864s][info   ][gc,phases   ] GC(376)   Merge Heap Roots: 0,4ms
[2024-12-04T16:40:46.715+0700][5,864s][info   ][gc,phases   ] GC(376)   Evacuate Collection Set: 0,4ms
[2024-12-04T16:40:46.715+0700][5,864s][info   ][gc,phases   ] GC(376)   Post Evacuate Collection Set: 0,1ms
[2024-12-04T16:40:46.715+0700][5,864s][info   ][gc,phases   ] GC(376)   Other: 0,3ms
[2024-12-04T16:40:46.715+0700][5,864s][info   ][gc,heap     ] GC(376) Eden regions: 1->0(835)
[2024-12-04T16:40:46.715+0700][5,864s][info   ][gc,heap     ] GC(376) Survivor regions: 0->0(105)
[2024-12-04T16:40:46.715+0700][5,864s][info   ][gc,heap     ] GC(376) Old regions: 3->3
[2024-12-04T16:40:46.715+0700][5,864s][info   ][gc,heap     ] GC(376) Archive regions: 2->2
[2024-12-04T16:40:46.715+0700][5,864s][info   ][gc,heap     ] GC(376) Humongous regions: 941->941
[2024-12-04T16:40:46.715+0700][5,864s][info   ][gc,metaspace] GC(376) Metaspace: 5795K(6016K)->5795K(6016K) NonClass: 5133K(5248K)->5133K(5248K) Class: 661K(768K)->661K(768K)
[2024-12-04T16:40:46.715+0700][5,864s][info   ][gc          ] GC(376) Pause Young (Concurrent Start) (G1 Humongous Allocation) 944M->944M(1981M) 1,587ms
[2024-12-04T16:40:46.715+0700][5,864s][info   ][gc,cpu      ] GC(376) User=0,00s Sys=0,00s Real=0,00s
[2024-12-04T16:40:46.715+0700][5,864s][info   ][gc          ] GC(377) Concurrent Mark Cycle
[2024-12-04T16:40:46.716+0700][5,864s][info   ][gc,marking  ] GC(377) Concurrent Clear Claimed Marks
[2024-12-04T16:40:46.716+0700][5,864s][info   ][gc,marking  ] GC(377) Concurrent Clear Claimed Marks 0,017ms
[2024-12-04T16:40:46.716+0700][5,864s][info   ][gc,marking  ] GC(377) Concurrent Scan Root Regions
[2024-12-04T16:40:46.716+0700][5,864s][info   ][gc,marking  ] GC(377) Concurrent Scan Root Regions 0,007ms
[2024-12-04T16:40:46.716+0700][5,864s][info   ][gc,marking  ] GC(377) Concurrent Mark
[2024-12-04T16:40:46.716+0700][5,864s][info   ][gc,marking  ] GC(377) Concurrent Mark From Roots
[2024-12-04T16:40:46.716+0700][5,864s][info   ][gc,task     ] GC(377) Using 2 workers of 2 for marking
[2024-12-04T16:40:46.719+0700][5,868s][info   ][gc,marking  ] GC(377) Concurrent Mark From Roots 3,586ms
[2024-12-04T16:40:46.719+0700][5,868s][info   ][gc,marking  ] GC(377) Concurrent Preclean
[2024-12-04T16:40:46.719+0700][5,868s][info   ][gc,marking  ] GC(377) Concurrent Preclean 0,066ms
[2024-12-04T16:40:46.719+0700][5,868s][info   ][gc,start    ] GC(377) Pause Remark
[2024-12-04T16:40:46.720+0700][5,869s][info   ][gc          ] GC(377) Pause Remark 945M->945M(1981M) 1,148ms
[2024-12-04T16:40:46.721+0700][5,869s][info   ][gc,cpu      ] GC(377) User=0,01s Sys=0,00s Real=0,00s
[2024-12-04T16:40:46.721+0700][5,869s][info   ][gc,marking  ] GC(377) Concurrent Mark 5,049ms
[2024-12-04T16:40:46.721+0700][5,870s][info   ][gc,marking  ] GC(377) Concurrent Rebuild Remembered Sets
[2024-12-04T16:40:46.722+0700][5,871s][info   ][gc,marking  ] GC(377) Concurrent Rebuild Remembered Sets 1,786ms
[2024-12-04T16:40:46.722+0700][5,871s][info   ][gc,start    ] GC(377) Pause Cleanup
[2024-12-04T16:40:46.723+0700][5,872s][info   ][gc          ] GC(377) Pause Cleanup 946M->946M(1981M) 0,312ms
[2024-12-04T16:40:46.723+0700][5,872s][info   ][gc,cpu      ] GC(377) User=0,00s Sys=0,00s Real=0,00s
[2024-12-04T16:40:46.723+0700][5,872s][info   ][gc,marking  ] GC(377) Concurrent Cleanup for Next Mark
[2024-12-04T16:40:46.726+0700][5,875s][info   ][gc,marking  ] GC(377) Concurrent Cleanup for Next Mark 3,388ms
[2024-12-04T16:40:46.726+0700][5,875s][info   ][gc          ] GC(377) Concurrent Mark Cycle 10,850ms
[2024-12-04T16:40:46.727+0700][5,876s][info   ][gc,start    ] GC(378) Pause Young (Concurrent Start) (G1 Humongous Allocation)
[2024-12-04T16:40:46.727+0700][5,876s][info   ][gc,task     ] GC(378) Using 8 workers of 8 for evacuation
[2024-12-04T16:40:46.730+0700][5,879s][info   ][gc,phases   ] GC(378)   Pre Evacuate Collection Set: 0,6ms
[2024-12-04T16:40:46.730+0700][5,879s][info   ][gc,phases   ] GC(378)   Merge Heap Roots: 0,4ms
[2024-12-04T16:40:46.730+0700][5,879s][info   ][gc,phases   ] GC(378)   Evacuate Collection Set: 1,1ms
[2024-12-04T16:40:46.730+0700][5,879s][info   ][gc,phases   ] GC(378)   Post Evacuate Collection Set: 0,5ms
[2024-12-04T16:40:46.730+0700][5,879s][info   ][gc,phases   ] GC(378)   Other: 0,3ms
[2024-12-04T16:40:46.730+0700][5,879s][info   ][gc,heap     ] GC(378) Eden regions: 1->0(842)
[2024-12-04T16:40:46.730+0700][5,879s][info   ][gc,heap     ] GC(378) Survivor regions: 0->0(105)
[2024-12-04T16:40:46.730+0700][5,879s][info   ][gc,heap     ] GC(378) Old regions: 3->3
[2024-12-04T16:40:46.730+0700][5,879s][info   ][gc,heap     ] GC(378) Archive regions: 2->2
[2024-12-04T16:40:46.730+0700][5,879s][info   ][gc,heap     ] GC(378) Humongous regions: 943->943
[2024-12-04T16:40:46.730+0700][5,879s][info   ][gc,metaspace] GC(378) Metaspace: 5795K(6016K)->5795K(6016K) NonClass: 5133K(5248K)->5133K(5248K) Class: 661K(768K)->661K(768K)
[2024-12-04T16:40:46.730+0700][5,879s][info   ][gc          ] GC(378) Pause Young (Concurrent Start) (G1 Humongous Allocation) 946M->946M(1990M) 3,045ms
[2024-12-04T16:40:46.730+0700][5,879s][info   ][gc,cpu      ] GC(378) User=0,00s Sys=0,00s Real=0,00s
[2024-12-04T16:40:46.730+0700][5,879s][info   ][gc          ] GC(379) Concurrent Mark Cycle
[2024-12-04T16:40:46.730+0700][5,879s][info   ][gc,marking  ] GC(379) Concurrent Clear Claimed Marks
[2024-12-04T16:40:46.730+0700][5,879s][info   ][gc,marking  ] GC(379) Concurrent Clear Claimed Marks 0,023ms
[2024-12-04T16:40:46.730+0700][5,879s][info   ][gc,marking  ] GC(379) Concurrent Scan Root Regions
[2024-12-04T16:40:46.730+0700][5,879s][info   ][gc,marking  ] GC(379) Concurrent Scan Root Regions 0,005ms
[2024-12-04T16:40:46.730+0700][5,879s][info   ][gc,marking  ] GC(379) Concurrent Mark
[2024-12-04T16:40:46.730+0700][5,879s][info   ][gc,marking  ] GC(379) Concurrent Mark From Roots
[2024-12-04T16:40:46.730+0700][5,879s][info   ][gc,task     ] GC(379) Using 2 workers of 2 for marking
[2024-12-04T16:40:46.737+0700][5,886s][info   ][gc,marking  ] GC(379) Concurrent Mark From Roots 6,769ms
[2024-12-04T16:40:46.737+0700][5,886s][info   ][gc,marking  ] GC(379) Concurrent Preclean
[2024-12-04T16:40:46.737+0700][5,886s][info   ][gc,marking  ] GC(379) Concurrent Preclean 0,091ms
[2024-12-04T16:40:46.737+0700][5,886s][info   ][gc,start    ] GC(379) Pause Remark
[2024-12-04T16:40:46.739+0700][5,888s][info   ][gc          ] GC(379) Pause Remark 947M->947M(1990M) 2,023ms
[2024-12-04T16:40:46.740+0700][5,888s][info   ][gc,cpu      ] GC(379) User=0,01s Sys=0,00s Real=0,00s
[2024-12-04T16:40:46.740+0700][5,889s][info   ][gc,marking  ] GC(379) Concurrent Mark 9,463ms
[2024-12-04T16:40:46.740+0700][5,889s][info   ][gc,marking  ] GC(379) Concurrent Rebuild Remembered Sets
[2024-12-04T16:40:46.742+0700][5,891s][info   ][gc,marking  ] GC(379) Concurrent Rebuild Remembered Sets 2,001ms
[2024-12-04T16:40:46.742+0700][5,891s][info   ][gc,start    ] GC(379) Pause Cleanup
[2024-12-04T16:40:46.742+0700][5,891s][info   ][gc          ] GC(379) Pause Cleanup 948M->948M(1990M) 0,364ms
[2024-12-04T16:40:46.742+0700][5,891s][info   ][gc,cpu      ] GC(379) User=0,00s Sys=0,00s Real=0,00s
[2024-12-04T16:40:46.742+0700][5,891s][info   ][gc,marking  ] GC(379) Concurrent Cleanup for Next Mark
[2024-12-04T16:40:46.746+0700][5,895s][info   ][gc,marking  ] GC(379) Concurrent Cleanup for Next Mark 3,401ms
[2024-12-04T16:40:46.746+0700][5,895s][info   ][gc          ] GC(379) Concurrent Mark Cycle 15,542ms
[2024-12-04T16:40:46.752+0700][5,901s][info   ][gc,start    ] GC(380) Pause Young (Concurrent Start) (G1 Humongous Allocation)
[2024-12-04T16:40:46.752+0700][5,901s][info   ][gc,task     ] GC(380) Using 8 workers of 8 for evacuation
[2024-12-04T16:40:46.753+0700][5,902s][info   ][gc,phases   ] GC(380)   Pre Evacuate Collection Set: 0,2ms
[2024-12-04T16:40:46.753+0700][5,902s][info   ][gc,phases   ] GC(380)   Merge Heap Roots: 0,2ms
[2024-12-04T16:40:46.753+0700][5,902s][info   ][gc,phases   ] GC(380)   Evacuate Collection Set: 0,3ms
[2024-12-04T16:40:46.753+0700][5,902s][info   ][gc,phases   ] GC(380)   Post Evacuate Collection Set: 0,2ms
[2024-12-04T16:40:46.753+0700][5,902s][info   ][gc,phases   ] GC(380)   Other: 0,2ms
[2024-12-04T16:40:46.753+0700][5,902s][info   ][gc,heap     ] GC(380) Eden regions: 1->0(839)
[2024-12-04T16:40:46.753+0700][5,902s][info   ][gc,heap     ] GC(380) Survivor regions: 0->0(106)
[2024-12-04T16:40:46.753+0700][5,902s][info   ][gc,heap     ] GC(380) Old regions: 3->3
[2024-12-04T16:40:46.753+0700][5,902s][info   ][gc,heap     ] GC(380) Archive regions: 2->2
[2024-12-04T16:40:46.753+0700][5,902s][info   ][gc,heap     ] GC(380) Humongous regions: 946->946
[2024-12-04T16:40:46.753+0700][5,902s][info   ][gc,metaspace] GC(380) Metaspace: 5795K(6016K)->5795K(6016K) NonClass: 5133K(5248K)->5133K(5248K) Class: 661K(768K)->661K(768K)
[2024-12-04T16:40:46.753+0700][5,902s][info   ][gc          ] GC(380) Pause Young (Concurrent Start) (G1 Humongous Allocation) 949M->949M(1990M) 1,257ms
[2024-12-04T16:40:46.753+0700][5,902s][info   ][gc,cpu      ] GC(380) User=0,00s Sys=0,00s Real=0,00s
[2024-12-04T16:40:46.753+0700][5,902s][info   ][gc          ] GC(381) Concurrent Mark Cycle
[2024-12-04T16:40:46.753+0700][5,902s][info   ][gc,marking  ] GC(381) Concurrent Clear Claimed Marks
[2024-12-04T16:40:46.753+0700][5,902s][info   ][gc,marking  ] GC(381) Concurrent Clear Claimed Marks 0,016ms
[2024-12-04T16:40:46.753+0700][5,902s][info   ][gc,marking  ] GC(381) Concurrent Scan Root Regions
[2024-12-04T16:40:46.753+0700][5,902s][info   ][gc,marking  ] GC(381) Concurrent Scan Root Regions 0,004ms
[2024-12-04T16:40:46.753+0700][5,902s][info   ][gc,marking  ] GC(381) Concurrent Mark
[2024-12-04T16:40:46.753+0700][5,902s][info   ][gc,marking  ] GC(381) Concurrent Mark From Roots
[2024-12-04T16:40:46.753+0700][5,902s][info   ][gc,task     ] GC(381) Using 2 workers of 2 for marking
[2024-12-04T16:40:46.757+0700][5,906s][info   ][gc,marking  ] GC(381) Concurrent Mark From Roots 3,955ms
[2024-12-04T16:40:46.757+0700][5,906s][info   ][gc,marking  ] GC(381) Concurrent Preclean
[2024-12-04T16:40:46.757+0700][5,906s][info   ][gc,marking  ] GC(381) Concurrent Preclean 0,062ms
[2024-12-04T16:40:46.757+0700][5,906s][info   ][gc,start    ] GC(381) Pause Remark
[2024-12-04T16:40:46.758+0700][5,907s][info   ][gc          ] GC(381) Pause Remark 950M->950M(1990M) 0,933ms
[2024-12-04T16:40:46.758+0700][5,907s][info   ][gc,cpu      ] GC(381) User=0,00s Sys=0,00s Real=0,00s
[2024-12-04T16:40:46.758+0700][5,907s][info   ][gc,marking  ] GC(381) Concurrent Mark 5,116ms
[2024-12-04T16:40:46.758+0700][5,907s][info   ][gc,marking  ] GC(381) Concurrent Rebuild Remembered Sets
[2024-12-04T16:40:46.760+0700][5,909s][info   ][gc,marking  ] GC(381) Concurrent Rebuild Remembered Sets 1,644ms
[2024-12-04T16:40:46.760+0700][5,909s][info   ][gc,start    ] GC(381) Pause Cleanup
[2024-12-04T16:40:46.760+0700][5,909s][info   ][gc          ] GC(381) Pause Cleanup 951M->951M(1990M) 0,298ms
[2024-12-04T16:40:46.760+0700][5,909s][info   ][gc,cpu      ] GC(381) User=0,00s Sys=0,00s Real=0,00s
[2024-12-04T16:40:46.760+0700][5,909s][info   ][gc,marking  ] GC(381) Concurrent Cleanup for Next Mark
[2024-12-04T16:40:46.764+0700][5,912s][info   ][gc,marking  ] GC(381) Concurrent Cleanup for Next Mark 3,307ms
[2024-12-04T16:40:46.764+0700][5,913s][info   ][gc          ] GC(381) Concurrent Mark Cycle 10,583ms
[2024-12-04T16:40:46.764+0700][5,913s][info   ][gc,start    ] GC(382) Pause Young (Concurrent Start) (G1 Humongous Allocation)
[2024-12-04T16:40:46.764+0700][5,913s][info   ][gc,task     ] GC(382) Using 8 workers of 8 for evacuation
[2024-12-04T16:40:46.766+0700][5,914s][info   ][gc,phases   ] GC(382)   Pre Evacuate Collection Set: 0,3ms
[2024-12-04T16:40:46.766+0700][5,914s][info   ][gc,phases   ] GC(382)   Merge Heap Roots: 0,2ms
[2024-12-04T16:40:46.766+0700][5,914s][info   ][gc,phases   ] GC(382)   Evacuate Collection Set: 0,4ms
[2024-12-04T16:40:46.766+0700][5,914s][info   ][gc,phases   ] GC(382)   Post Evacuate Collection Set: 0,1ms
[2024-12-04T16:40:46.766+0700][5,914s][info   ][gc,phases   ] GC(382)   Other: 0,2ms
[2024-12-04T16:40:46.766+0700][5,914s][info   ][gc,heap     ] GC(382) Eden regions: 1->0(837)
[2024-12-04T16:40:46.766+0700][5,914s][info   ][gc,heap     ] GC(382) Survivor regions: 0->0(105)
[2024-12-04T16:40:46.766+0700][5,914s][info   ][gc,heap     ] GC(382) Old regions: 3->3
[2024-12-04T16:40:46.766+0700][5,914s][info   ][gc,heap     ] GC(382) Archive regions: 2->2
[2024-12-04T16:40:46.766+0700][5,914s][info   ][gc,heap     ] GC(382) Humongous regions: 948->948
[2024-12-04T16:40:46.766+0700][5,914s][info   ][gc,metaspace] GC(382) Metaspace: 5795K(6016K)->5795K(6016K) NonClass: 5133K(5248K)->5133K(5248K) Class: 661K(768K)->661K(768K)
[2024-12-04T16:40:46.766+0700][5,914s][info   ][gc          ] GC(382) Pause Young (Concurrent Start) (G1 Humongous Allocation) 951M->951M(1990M) 1,164ms
[2024-12-04T16:40:46.766+0700][5,914s][info   ][gc,cpu      ] GC(382) User=0,01s Sys=0,00s Real=0,00s
[2024-12-04T16:40:46.766+0700][5,915s][info   ][gc          ] GC(383) Concurrent Mark Cycle
[2024-12-04T16:40:46.766+0700][5,915s][info   ][gc,marking  ] GC(383) Concurrent Clear Claimed Marks
[2024-12-04T16:40:46.766+0700][5,915s][info   ][gc,marking  ] GC(383) Concurrent Clear Claimed Marks 0,010ms
[2024-12-04T16:40:46.766+0700][5,915s][info   ][gc,marking  ] GC(383) Concurrent Scan Root Regions
[2024-12-04T16:40:46.766+0700][5,915s][info   ][gc,marking  ] GC(383) Concurrent Scan Root Regions 0,004ms
[2024-12-04T16:40:46.766+0700][5,915s][info   ][gc,marking  ] GC(383) Concurrent Mark
[2024-12-04T16:40:46.766+0700][5,915s][info   ][gc,marking  ] GC(383) Concurrent Mark From Roots
[2024-12-04T16:40:46.766+0700][5,915s][info   ][gc,task     ] GC(383) Using 2 workers of 2 for marking
[2024-12-04T16:40:46.768+0700][5,917s][info   ][gc,marking  ] GC(383) Concurrent Mark From Roots 2,627ms
[2024-12-04T16:40:46.768+0700][5,917s][info   ][gc,marking  ] GC(383) Concurrent Preclean
[2024-12-04T16:40:46.768+0700][5,917s][info   ][gc,marking  ] GC(383) Concurrent Preclean 0,040ms
[2024-12-04T16:40:46.768+0700][5,917s][info   ][gc,start    ] GC(383) Pause Remark
[2024-12-04T16:40:46.769+0700][5,918s][info   ][gc          ] GC(383) Pause Remark 952M->952M(1990M) 0,797ms
[2024-12-04T16:40:46.769+0700][5,918s][info   ][gc,cpu      ] GC(383) User=0,01s Sys=0,00s Real=0,00s
[2024-12-04T16:40:46.769+0700][5,918s][info   ][gc,marking  ] GC(383) Concurrent Mark 3,583ms
[2024-12-04T16:40:46.769+0700][5,918s][info   ][gc,marking  ] GC(383) Concurrent Rebuild Remembered Sets
[2024-12-04T16:40:46.771+0700][5,920s][info   ][gc,marking  ] GC(383) Concurrent Rebuild Remembered Sets 1,578ms
[2024-12-04T16:40:46.771+0700][5,920s][info   ][gc,start    ] GC(383) Pause Cleanup
[2024-12-04T16:40:46.771+0700][5,920s][info   ][gc          ] GC(383) Pause Cleanup 952M->952M(1990M) 0,143ms
[2024-12-04T16:40:46.771+0700][5,920s][info   ][gc,cpu      ] GC(383) User=0,00s Sys=0,00s Real=0,00s
[2024-12-04T16:40:46.771+0700][5,920s][info   ][gc,marking  ] GC(383) Concurrent Cleanup for Next Mark
[2024-12-04T16:40:46.774+0700][5,923s][info   ][gc,marking  ] GC(383) Concurrent Cleanup for Next Mark 2,810ms
[2024-12-04T16:40:46.774+0700][5,923s][info   ][gc          ] GC(383) Concurrent Mark Cycle 8,298ms
[2024-12-04T16:40:46.778+0700][5,927s][info   ][gc,start    ] GC(384) Pause Young (Concurrent Start) (G1 Humongous Allocation)
[2024-12-04T16:40:46.778+0700][5,927s][info   ][gc,task     ] GC(384) Using 8 workers of 8 for evacuation
[2024-12-04T16:40:46.779+0700][5,928s][info   ][gc,phases   ] GC(384)   Pre Evacuate Collection Set: 0,2ms
[2024-12-04T16:40:46.779+0700][5,928s][info   ][gc,phases   ] GC(384)   Merge Heap Roots: 0,3ms
[2024-12-04T16:40:46.779+0700][5,928s][info   ][gc,phases   ] GC(384)   Evacuate Collection Set: 0,6ms
[2024-12-04T16:40:46.779+0700][5,928s][info   ][gc,phases   ] GC(384)   Post Evacuate Collection Set: 0,1ms
[2024-12-04T16:40:46.779+0700][5,928s][info   ][gc,phases   ] GC(384)   Other: 0,2ms
[2024-12-04T16:40:46.779+0700][5,928s][info   ][gc,heap     ] GC(384) Eden regions: 1->0(835)
[2024-12-04T16:40:46.779+0700][5,928s][info   ][gc,heap     ] GC(384) Survivor regions: 0->0(105)
[2024-12-04T16:40:46.779+0700][5,928s][info   ][gc,heap     ] GC(384) Old regions: 3->3
[2024-12-04T16:40:46.779+0700][5,928s][info   ][gc,heap     ] GC(384) Archive regions: 2->2
[2024-12-04T16:40:46.779+0700][5,928s][info   ][gc,heap     ] GC(384) Humongous regions: 950->950
[2024-12-04T16:40:46.779+0700][5,928s][info   ][gc,metaspace] GC(384) Metaspace: 5795K(6016K)->5795K(6016K) NonClass: 5133K(5248K)->5133K(5248K) Class: 661K(768K)->661K(768K)
[2024-12-04T16:40:46.779+0700][5,928s][info   ][gc          ] GC(384) Pause Young (Concurrent Start) (G1 Humongous Allocation) 953M->953M(1990M) 1,594ms
[2024-12-04T16:40:46.779+0700][5,928s][info   ][gc,cpu      ] GC(384) User=0,00s Sys=0,00s Real=0,00s
[2024-12-04T16:40:46.780+0700][5,928s][info   ][gc          ] GC(385) Concurrent Mark Cycle
[2024-12-04T16:40:46.780+0700][5,928s][info   ][gc,marking  ] GC(385) Concurrent Clear Claimed Marks
[2024-12-04T16:40:46.780+0700][5,928s][info   ][gc,marking  ] GC(385) Concurrent Clear Claimed Marks 0,035ms
[2024-12-04T16:40:46.780+0700][5,928s][info   ][gc,marking  ] GC(385) Concurrent Scan Root Regions
[2024-12-04T16:40:46.780+0700][5,928s][info   ][gc,marking  ] GC(385) Concurrent Scan Root Regions 0,012ms
[2024-12-04T16:40:46.780+0700][5,928s][info   ][gc,marking  ] GC(385) Concurrent Mark
[2024-12-04T16:40:46.780+0700][5,928s][info   ][gc,marking  ] GC(385) Concurrent Mark From Roots
[2024-12-04T16:40:46.780+0700][5,928s][info   ][gc,task     ] GC(385) Using 2 workers of 2 for marking
[2024-12-04T16:40:46.784+0700][5,932s][info   ][gc,marking  ] GC(385) Concurrent Mark From Roots 3,885ms
[2024-12-04T16:40:46.784+0700][5,932s][info   ][gc,marking  ] GC(385) Concurrent Preclean
[2024-12-04T16:40:46.784+0700][5,932s][info   ][gc,marking  ] GC(385) Concurrent Preclean 0,059ms
[2024-12-04T16:40:46.784+0700][5,933s][info   ][gc,start    ] GC(385) Pause Remark
[2024-12-04T16:40:46.785+0700][5,934s][info   ][gc          ] GC(385) Pause Remark 954M->954M(1990M) 0,995ms
[2024-12-04T16:40:46.785+0700][5,934s][info   ][gc,cpu      ] GC(385) User=0,00s Sys=0,00s Real=0,00s
[2024-12-04T16:40:46.785+0700][5,934s][info   ][gc,marking  ] GC(385) Concurrent Mark 5,072ms
[2024-12-04T16:40:46.785+0700][5,934s][info   ][gc,marking  ] GC(385) Concurrent Rebuild Remembered Sets
[2024-12-04T16:40:46.786+0700][5,935s][info   ][gc,marking  ] GC(385) Concurrent Rebuild Remembered Sets 1,489ms
[2024-12-04T16:40:46.786+0700][5,935s][info   ][gc,start    ] GC(385) Pause Cleanup
[2024-12-04T16:40:46.786+0700][5,935s][info   ][gc          ] GC(385) Pause Cleanup 955M->955M(1990M) 0,232ms
[2024-12-04T16:40:46.786+0700][5,935s][info   ][gc,cpu      ] GC(385) User=0,00s Sys=0,00s Real=0,00s
[2024-12-04T16:40:46.786+0700][5,935s][info   ][gc,marking  ] GC(385) Concurrent Cleanup for Next Mark
[2024-12-04T16:40:46.790+0700][5,939s][info   ][gc,marking  ] GC(385) Concurrent Cleanup for Next Mark 3,702ms
[2024-12-04T16:40:46.790+0700][5,939s][info   ][gc          ] GC(385) Concurrent Mark Cycle 10,810ms
[2024-12-04T16:40:46.791+0700][5,940s][info   ][gc,start    ] GC(386) Pause Young (Concurrent Start) (G1 Humongous Allocation)
[2024-12-04T16:40:46.791+0700][5,940s][info   ][gc,task     ] GC(386) Using 8 workers of 8 for evacuation
[2024-12-04T16:40:46.792+0700][5,941s][info   ][gc,phases   ] GC(386)   Pre Evacuate Collection Set: 0,2ms
[2024-12-04T16:40:46.792+0700][5,941s][info   ][gc,phases   ] GC(386)   Merge Heap Roots: 0,2ms
[2024-12-04T16:40:46.792+0700][5,941s][info   ][gc,phases   ] GC(386)   Evacuate Collection Set: 0,3ms
[2024-12-04T16:40:46.792+0700][5,941s][info   ][gc,phases   ] GC(386)   Post Evacuate Collection Set: 0,2ms
[2024-12-04T16:40:46.792+0700][5,941s][info   ][gc,phases   ] GC(386)   Other: 0,2ms
[2024-12-04T16:40:46.792+0700][5,941s][info   ][gc,heap     ] GC(386) Eden regions: 1->0(833)
[2024-12-04T16:40:46.792+0700][5,941s][info   ][gc,heap     ] GC(386) Survivor regions: 0->0(105)
[2024-12-04T16:40:46.792+0700][5,941s][info   ][gc,heap     ] GC(386) Old regions: 3->3
[2024-12-04T16:40:46.792+0700][5,941s][info   ][gc,heap     ] GC(386) Archive regions: 2->2
[2024-12-04T16:40:46.792+0700][5,941s][info   ][gc,heap     ] GC(386) Humongous regions: 952->952
[2024-12-04T16:40:46.792+0700][5,941s][info   ][gc,metaspace] GC(386) Metaspace: 5795K(6016K)->5795K(6016K) NonClass: 5133K(5248K)->5133K(5248K) Class: 661K(768K)->661K(768K)
[2024-12-04T16:40:46.792+0700][5,941s][info   ][gc          ] GC(386) Pause Young (Concurrent Start) (G1 Humongous Allocation) 955M->955M(1990M) 1,262ms
[2024-12-04T16:40:46.792+0700][5,941s][info   ][gc,cpu      ] GC(386) User=0,00s Sys=0,00s Real=0,00s
[2024-12-04T16:40:46.792+0700][5,941s][info   ][gc          ] GC(387) Concurrent Mark Cycle
[2024-12-04T16:40:46.792+0700][5,941s][info   ][gc,marking  ] GC(387) Concurrent Clear Claimed Marks
[2024-12-04T16:40:46.792+0700][5,941s][info   ][gc,marking  ] GC(387) Concurrent Clear Claimed Marks 0,012ms
[2024-12-04T16:40:46.792+0700][5,941s][info   ][gc,marking  ] GC(387) Concurrent Scan Root Regions
[2024-12-04T16:40:46.792+0700][5,941s][info   ][gc,marking  ] GC(387) Concurrent Scan Root Regions 0,003ms
[2024-12-04T16:40:46.792+0700][5,941s][info   ][gc,marking  ] GC(387) Concurrent Mark
[2024-12-04T16:40:46.792+0700][5,941s][info   ][gc,marking  ] GC(387) Concurrent Mark From Roots
[2024-12-04T16:40:46.792+0700][5,941s][info   ][gc,task     ] GC(387) Using 2 workers of 2 for marking
[2024-12-04T16:40:46.795+0700][5,944s][info   ][gc,marking  ] GC(387) Concurrent Mark From Roots 2,641ms
[2024-12-04T16:40:46.795+0700][5,944s][info   ][gc,marking  ] GC(387) Concurrent Preclean
[2024-12-04T16:40:46.795+0700][5,944s][info   ][gc,marking  ] GC(387) Concurrent Preclean 0,047ms
[2024-12-04T16:40:46.795+0700][5,944s][info   ][gc,start    ] GC(387) Pause Remark
[2024-12-04T16:40:46.796+0700][5,944s][info   ][gc          ] GC(387) Pause Remark 956M->956M(1990M) 0,596ms
[2024-12-04T16:40:46.796+0700][5,944s][info   ][gc,cpu      ] GC(387) User=0,00s Sys=0,00s Real=0,00s
[2024-12-04T16:40:46.796+0700][5,944s][info   ][gc,marking  ] GC(387) Concurrent Mark 3,382ms
[2024-12-04T16:40:46.796+0700][5,944s][info   ][gc,marking  ] GC(387) Concurrent Rebuild Remembered Sets
[2024-12-04T16:40:46.797+0700][5,946s][info   ][gc,marking  ] GC(387) Concurrent Rebuild Remembered Sets 1,169ms
[2024-12-04T16:40:46.797+0700][5,946s][info   ][gc,start    ] GC(387) Pause Cleanup
[2024-12-04T16:40:46.797+0700][5,946s][info   ][gc          ] GC(387) Pause Cleanup 956M->956M(1990M) 0,149ms
[2024-12-04T16:40:46.797+0700][5,946s][info   ][gc,cpu      ] GC(387) User=0,00s Sys=0,00s Real=0,00s
[2024-12-04T16:40:46.797+0700][5,946s][info   ][gc,marking  ] GC(387) Concurrent Cleanup for Next Mark
[2024-12-04T16:40:46.800+0700][5,949s][info   ][gc,marking  ] GC(387) Concurrent Cleanup for Next Mark 3,162ms
[2024-12-04T16:40:46.800+0700][5,949s][info   ][gc          ] GC(387) Concurrent Mark Cycle 8,047ms
[2024-12-04T16:40:46.804+0700][5,953s][info   ][gc,start    ] GC(388) Pause Young (Concurrent Start) (G1 Humongous Allocation)
[2024-12-04T16:40:46.804+0700][5,953s][info   ][gc,task     ] GC(388) Using 8 workers of 8 for evacuation
[2024-12-04T16:40:46.805+0700][5,954s][info   ][gc,phases   ] GC(388)   Pre Evacuate Collection Set: 0,2ms
[2024-12-04T16:40:46.805+0700][5,954s][info   ][gc,phases   ] GC(388)   Merge Heap Roots: 0,2ms
[2024-12-04T16:40:46.805+0700][5,954s][info   ][gc,phases   ] GC(388)   Evacuate Collection Set: 0,3ms
[2024-12-04T16:40:46.805+0700][5,954s][info   ][gc,phases   ] GC(388)   Post Evacuate Collection Set: 0,2ms
[2024-12-04T16:40:46.805+0700][5,954s][info   ][gc,phases   ] GC(388)   Other: 0,2ms
[2024-12-04T16:40:46.805+0700][5,954s][info   ][gc,heap     ] GC(388) Eden regions: 1->0(836)
[2024-12-04T16:40:46.805+0700][5,954s][info   ][gc,heap     ] GC(388) Survivor regions: 0->0(105)
[2024-12-04T16:40:46.805+0700][5,954s][info   ][gc,heap     ] GC(388) Old regions: 3->3
[2024-12-04T16:40:46.805+0700][5,954s][info   ][gc,heap     ] GC(388) Archive regions: 2->2
[2024-12-04T16:40:46.805+0700][5,954s][info   ][gc,heap     ] GC(388) Humongous regions: 954->954
[2024-12-04T16:40:46.805+0700][5,954s][info   ][gc,metaspace] GC(388) Metaspace: 5795K(6016K)->5795K(6016K) NonClass: 5133K(5248K)->5133K(5248K) Class: 661K(768K)->661K(768K)
[2024-12-04T16:40:46.805+0700][5,954s][info   ][gc          ] GC(388) Pause Young (Concurrent Start) (G1 Humongous Allocation) 957M->957M(1996M) 1,297ms
[2024-12-04T16:40:46.805+0700][5,954s][info   ][gc,cpu      ] GC(388) User=0,01s Sys=0,00s Real=0,00s
[2024-12-04T16:40:46.805+0700][5,954s][info   ][gc          ] GC(389) Concurrent Mark Cycle
[2024-12-04T16:40:46.805+0700][5,954s][info   ][gc,marking  ] GC(389) Concurrent Clear Claimed Marks
[2024-12-04T16:40:46.805+0700][5,954s][info   ][gc,marking  ] GC(389) Concurrent Clear Claimed Marks 0,009ms
[2024-12-04T16:40:46.805+0700][5,954s][info   ][gc,marking  ] GC(389) Concurrent Scan Root Regions
[2024-12-04T16:40:46.805+0700][5,954s][info   ][gc,marking  ] GC(389) Concurrent Scan Root Regions 0,005ms
[2024-12-04T16:40:46.805+0700][5,954s][info   ][gc,marking  ] GC(389) Concurrent Mark
[2024-12-04T16:40:46.805+0700][5,954s][info   ][gc,marking  ] GC(389) Concurrent Mark From Roots
[2024-12-04T16:40:46.805+0700][5,954s][info   ][gc,task     ] GC(389) Using 2 workers of 2 for marking
[2024-12-04T16:40:46.808+0700][5,957s][info   ][gc,marking  ] GC(389) Concurrent Mark From Roots 3,155ms
[2024-12-04T16:40:46.808+0700][5,957s][info   ][gc,marking  ] GC(389) Concurrent Preclean
[2024-12-04T16:40:46.808+0700][5,957s][info   ][gc,marking  ] GC(389) Concurrent Preclean 0,054ms
[2024-12-04T16:40:46.808+0700][5,957s][info   ][gc,start    ] GC(389) Pause Remark
[2024-12-04T16:40:46.809+0700][5,958s][info   ][gc          ] GC(389) Pause Remark 958M->958M(1996M) 0,769ms
[2024-12-04T16:40:46.809+0700][5,958s][info   ][gc,cpu      ] GC(389) User=0,01s Sys=0,00s Real=0,00s
[2024-12-04T16:40:46.809+0700][5,958s][info   ][gc,marking  ] GC(389) Concurrent Mark 4,086ms
[2024-12-04T16:40:46.809+0700][5,958s][info   ][gc,marking  ] GC(389) Concurrent Rebuild Remembered Sets
[2024-12-04T16:40:46.811+0700][5,960s][info   ][gc,marking  ] GC(389) Concurrent Rebuild Remembered Sets 1,390ms
[2024-12-04T16:40:46.811+0700][5,960s][info   ][gc,start    ] GC(389) Pause Cleanup
[2024-12-04T16:40:46.811+0700][5,960s][info   ][gc          ] GC(389) Pause Cleanup 958M->958M(1996M) 0,170ms
[2024-12-04T16:40:46.811+0700][5,960s][info   ][gc,cpu      ] GC(389) User=0,00s Sys=0,00s Real=0,00s
[2024-12-04T16:40:46.811+0700][5,960s][info   ][gc,marking  ] GC(389) Concurrent Cleanup for Next Mark
[2024-12-04T16:40:46.814+0700][5,963s][info   ][gc,marking  ] GC(389) Concurrent Cleanup for Next Mark 3,314ms
[2024-12-04T16:40:46.814+0700][5,963s][info   ][gc          ] GC(389) Concurrent Mark Cycle 9,122ms
[2024-12-04T16:40:46.817+0700][5,966s][info   ][gc,start    ] GC(390) Pause Young (Concurrent Start) (G1 Humongous Allocation)
[2024-12-04T16:40:46.817+0700][5,966s][info   ][gc,task     ] GC(390) Using 8 workers of 8 for evacuation
[2024-12-04T16:40:46.818+0700][5,967s][info   ][gc,phases   ] GC(390)   Pre Evacuate Collection Set: 0,4ms
[2024-12-04T16:40:46.819+0700][5,967s][info   ][gc,phases   ] GC(390)   Merge Heap Roots: 0,2ms
[2024-12-04T16:40:46.819+0700][5,967s][info   ][gc,phases   ] GC(390)   Evacuate Collection Set: 0,5ms
[2024-12-04T16:40:46.819+0700][5,967s][info   ][gc,phases   ] GC(390)   Post Evacuate Collection Set: 0,1ms
[2024-12-04T16:40:46.819+0700][5,967s][info   ][gc,phases   ] GC(390)   Other: 0,2ms
[2024-12-04T16:40:46.819+0700][5,967s][info   ][gc,heap     ] GC(390) Eden regions: 1->0(834)
[2024-12-04T16:40:46.819+0700][5,967s][info   ][gc,heap     ] GC(390) Survivor regions: 0->0(105)
[2024-12-04T16:40:46.819+0700][5,967s][info   ][gc,heap     ] GC(390) Old regions: 3->3
[2024-12-04T16:40:46.819+0700][5,967s][info   ][gc,heap     ] GC(390) Archive regions: 2->2
[2024-12-04T16:40:46.819+0700][5,967s][info   ][gc,heap     ] GC(390) Humongous regions: 956->956
[2024-12-04T16:40:46.819+0700][5,967s][info   ][gc,metaspace] GC(390) Metaspace: 5795K(6016K)->5795K(6016K) NonClass: 5133K(5248K)->5133K(5248K) Class: 661K(768K)->661K(768K)
[2024-12-04T16:40:46.819+0700][5,967s][info   ][gc          ] GC(390) Pause Young (Concurrent Start) (G1 Humongous Allocation) 959M->959M(1996M) 1,558ms
[2024-12-04T16:40:46.819+0700][5,967s][info   ][gc,cpu      ] GC(390) User=0,00s Sys=0,00s Real=0,00s
[2024-12-04T16:40:46.819+0700][5,967s][info   ][gc          ] GC(391) Concurrent Mark Cycle
[2024-12-04T16:40:46.819+0700][5,968s][info   ][gc,marking  ] GC(391) Concurrent Clear Claimed Marks
[2024-12-04T16:40:46.819+0700][5,968s][info   ][gc,marking  ] GC(391) Concurrent Clear Claimed Marks 0,019ms
[2024-12-04T16:40:46.819+0700][5,968s][info   ][gc,marking  ] GC(391) Concurrent Scan Root Regions
[2024-12-04T16:40:46.819+0700][5,968s][info   ][gc,marking  ] GC(391) Concurrent Scan Root Regions 0,007ms
[2024-12-04T16:40:46.819+0700][5,968s][info   ][gc,marking  ] GC(391) Concurrent Mark
[2024-12-04T16:40:46.819+0700][5,968s][info   ][gc,marking  ] GC(391) Concurrent Mark From Roots
[2024-12-04T16:40:46.819+0700][5,968s][info   ][gc,task     ] GC(391) Using 2 workers of 2 for marking
[2024-12-04T16:40:46.823+0700][5,972s][info   ][gc,marking  ] GC(391) Concurrent Mark From Roots 3,931ms
[2024-12-04T16:40:46.823+0700][5,972s][info   ][gc,marking  ] GC(391) Concurrent Preclean
[2024-12-04T16:40:46.823+0700][5,972s][info   ][gc,marking  ] GC(391) Concurrent Preclean 0,069ms
[2024-12-04T16:40:46.823+0700][5,972s][info   ][gc,start    ] GC(391) Pause Remark
[2024-12-04T16:40:46.824+0700][5,973s][info   ][gc          ] GC(391) Pause Remark 960M->960M(1996M) 1,076ms
[2024-12-04T16:40:46.824+0700][5,973s][info   ][gc,cpu      ] GC(391) User=0,00s Sys=0,00s Real=0,01s
[2024-12-04T16:40:46.824+0700][5,973s][info   ][gc,marking  ] GC(391) Concurrent Mark 5,241ms
[2024-12-04T16:40:46.824+0700][5,973s][info   ][gc,marking  ] GC(391) Concurrent Rebuild Remembered Sets
[2024-12-04T16:40:46.826+0700][5,975s][info   ][gc,marking  ] GC(391) Concurrent Rebuild Remembered Sets 1,843ms
[2024-12-04T16:40:46.826+0700][5,975s][info   ][gc,start    ] GC(391) Pause Cleanup
[2024-12-04T16:40:46.826+0700][5,975s][info   ][gc          ] GC(391) Pause Cleanup 961M->961M(1996M) 0,234ms
[2024-12-04T16:40:46.826+0700][5,975s][info   ][gc,cpu      ] GC(391) User=0,00s Sys=0,00s Real=0,00s
[2024-12-04T16:40:46.826+0700][5,975s][info   ][gc,marking  ] GC(391) Concurrent Cleanup for Next Mark
[2024-12-04T16:40:46.831+0700][5,980s][info   ][gc,marking  ] GC(391) Concurrent Cleanup for Next Mark 4,502ms
[2024-12-04T16:40:46.831+0700][5,980s][info   ][gc          ] GC(391) Concurrent Mark Cycle 12,135ms
[2024-12-04T16:40:46.836+0700][5,985s][info   ][gc,start    ] GC(392) Pause Young (Concurrent Start) (G1 Humongous Allocation)
[2024-12-04T16:40:46.836+0700][5,985s][info   ][gc,task     ] GC(392) Using 8 workers of 8 for evacuation
[2024-12-04T16:40:46.837+0700][5,986s][info   ][gc,phases   ] GC(392)   Pre Evacuate Collection Set: 0,3ms
[2024-12-04T16:40:46.837+0700][5,986s][info   ][gc,phases   ] GC(392)   Merge Heap Roots: 0,3ms
[2024-12-04T16:40:46.837+0700][5,986s][info   ][gc,phases   ] GC(392)   Evacuate Collection Set: 0,6ms
[2024-12-04T16:40:46.837+0700][5,986s][info   ][gc,phases   ] GC(392)   Post Evacuate Collection Set: 0,2ms
[2024-12-04T16:40:46.837+0700][5,986s][info   ][gc,phases   ] GC(392)   Other: 0,2ms
[2024-12-04T16:40:46.837+0700][5,986s][info   ][gc,heap     ] GC(392) Eden regions: 1->0(831)
[2024-12-04T16:40:46.837+0700][5,986s][info   ][gc,heap     ] GC(392) Survivor regions: 0->0(105)
[2024-12-04T16:40:46.837+0700][5,986s][info   ][gc,heap     ] GC(392) Old regions: 3->3
[2024-12-04T16:40:46.837+0700][5,986s][info   ][gc,heap     ] GC(392) Archive regions: 2->2
[2024-12-04T16:40:46.837+0700][5,986s][info   ][gc,heap     ] GC(392) Humongous regions: 959->959
[2024-12-04T16:40:46.837+0700][5,986s][info   ][gc,metaspace] GC(392) Metaspace: 5795K(6016K)->5795K(6016K) NonClass: 5133K(5248K)->5133K(5248K) Class: 661K(768K)->661K(768K)
[2024-12-04T16:40:46.837+0700][5,986s][info   ][gc          ] GC(392) Pause Young (Concurrent Start) (G1 Humongous Allocation) 962M->962M(1996M) 1,617ms
[2024-12-04T16:40:46.837+0700][5,986s][info   ][gc,cpu      ] GC(392) User=0,00s Sys=0,00s Real=0,00s
[2024-12-04T16:40:46.837+0700][5,986s][info   ][gc          ] GC(393) Concurrent Mark Cycle
[2024-12-04T16:40:46.838+0700][5,986s][info   ][gc,marking  ] GC(393) Concurrent Clear Claimed Marks
[2024-12-04T16:40:46.838+0700][5,986s][info   ][gc,marking  ] GC(393) Concurrent Clear Claimed Marks 0,014ms
[2024-12-04T16:40:46.838+0700][5,986s][info   ][gc,marking  ] GC(393) Concurrent Scan Root Regions
[2024-12-04T16:40:46.838+0700][5,986s][info   ][gc,marking  ] GC(393) Concurrent Scan Root Regions 0,009ms
[2024-12-04T16:40:46.838+0700][5,986s][info   ][gc,marking  ] GC(393) Concurrent Mark
[2024-12-04T16:40:46.838+0700][5,986s][info   ][gc,marking  ] GC(393) Concurrent Mark From Roots
[2024-12-04T16:40:46.838+0700][5,986s][info   ][gc,task     ] GC(393) Using 2 workers of 2 for marking
[2024-12-04T16:40:46.841+0700][5,990s][info   ][gc,marking  ] GC(393) Concurrent Mark From Roots 3,927ms
[2024-12-04T16:40:46.842+0700][5,990s][info   ][gc,marking  ] GC(393) Concurrent Preclean
[2024-12-04T16:40:46.842+0700][5,990s][info   ][gc,marking  ] GC(393) Concurrent Preclean 0,051ms
[2024-12-04T16:40:46.842+0700][5,990s][info   ][gc,start    ] GC(393) Pause Remark
[2024-12-04T16:40:46.842+0700][5,991s][info   ][gc          ] GC(393) Pause Remark 963M->963M(1996M) 0,759ms
[2024-12-04T16:40:46.842+0700][5,991s][info   ][gc,cpu      ] GC(393) User=0,00s Sys=0,00s Real=0,00s
[2024-12-04T16:40:46.842+0700][5,991s][info   ][gc,marking  ] GC(393) Concurrent Mark 4,838ms
[2024-12-04T16:40:46.842+0700][5,991s][info   ][gc,marking  ] GC(393) Concurrent Rebuild Remembered Sets
[2024-12-04T16:40:46.844+0700][5,993s][info   ][gc,marking  ] GC(393) Concurrent Rebuild Remembered Sets 1,615ms
[2024-12-04T16:40:46.844+0700][5,993s][info   ][gc,start    ] GC(393) Pause Cleanup
[2024-12-04T16:40:46.844+0700][5,993s][info   ][gc          ] GC(393) Pause Cleanup 964M->964M(1996M) 0,170ms
[2024-12-04T16:40:46.844+0700][5,993s][info   ][gc,cpu      ] GC(393) User=0,00s Sys=0,00s Real=0,00s
[2024-12-04T16:40:46.844+0700][5,993s][info   ][gc,marking  ] GC(393) Concurrent Cleanup for Next Mark
[2024-12-04T16:40:46.849+0700][5,998s][info   ][gc,marking  ] GC(393) Concurrent Cleanup for Next Mark 4,364ms
[2024-12-04T16:40:46.849+0700][5,998s][info   ][gc          ] GC(393) Concurrent Mark Cycle 11,194ms
[2024-12-04T16:40:46.849+0700][5,998s][info   ][gc,start    ] GC(394) Pause Young (Concurrent Start) (G1 Humongous Allocation)
[2024-12-04T16:40:46.849+0700][5,998s][info   ][gc,task     ] GC(394) Using 8 workers of 8 for evacuation
[2024-12-04T16:40:46.850+0700][5,999s][info   ][gc,phases   ] GC(394)   Pre Evacuate Collection Set: 0,2ms
[2024-12-04T16:40:46.850+0700][5,999s][info   ][gc,phases   ] GC(394)   Merge Heap Roots: 0,2ms
[2024-12-04T16:40:46.850+0700][5,999s][info   ][gc,phases   ] GC(394)   Evacuate Collection Set: 0,3ms
[2024-12-04T16:40:46.850+0700][5,999s][info   ][gc,phases   ] GC(394)   Post Evacuate Collection Set: 0,1ms
[2024-12-04T16:40:46.850+0700][5,999s][info   ][gc,phases   ] GC(394)   Other: 0,1ms
[2024-12-04T16:40:46.850+0700][5,999s][info   ][gc,heap     ] GC(394) Eden regions: 1->0(829)
[2024-12-04T16:40:46.850+0700][5,999s][info   ][gc,heap     ] GC(394) Survivor regions: 0->0(104)
[2024-12-04T16:40:46.850+0700][5,999s][info   ][gc,heap     ] GC(394) Old regions: 3->3
[2024-12-04T16:40:46.850+0700][5,999s][info   ][gc,heap     ] GC(394) Archive regions: 2->2
[2024-12-04T16:40:46.850+0700][5,999s][info   ][gc,heap     ] GC(394) Humongous regions: 961->961
[2024-12-04T16:40:46.850+0700][5,999s][info   ][gc,metaspace] GC(394) Metaspace: 5795K(6016K)->5795K(6016K) NonClass: 5133K(5248K)->5133K(5248K) Class: 661K(768K)->661K(768K)
[2024-12-04T16:40:46.850+0700][5,999s][info   ][gc          ] GC(394) Pause Young (Concurrent Start) (G1 Humongous Allocation) 964M->964M(1996M) 1,151ms
[2024-12-04T16:40:46.850+0700][5,999s][info   ][gc,cpu      ] GC(394) User=0,01s Sys=0,00s Real=0,00s
[2024-12-04T16:40:46.850+0700][5,999s][info   ][gc          ] GC(395) Concurrent Mark Cycle
[2024-12-04T16:40:46.850+0700][5,999s][info   ][gc,marking  ] GC(395) Concurrent Clear Claimed Marks
[2024-12-04T16:40:46.850+0700][5,999s][info   ][gc,marking  ] GC(395) Concurrent Clear Claimed Marks 0,007ms
[2024-12-04T16:40:46.850+0700][5,999s][info   ][gc,marking  ] GC(395) Concurrent Scan Root Regions
[2024-12-04T16:40:46.850+0700][5,999s][info   ][gc,marking  ] GC(395) Concurrent Scan Root Regions 0,004ms
[2024-12-04T16:40:46.850+0700][5,999s][info   ][gc,marking  ] GC(395) Concurrent Mark
[2024-12-04T16:40:46.850+0700][5,999s][info   ][gc,marking  ] GC(395) Concurrent Mark From Roots
[2024-12-04T16:40:46.850+0700][5,999s][info   ][gc,task     ] GC(395) Using 2 workers of 2 for marking
[2024-12-04T16:40:46.853+0700][6,002s][info   ][gc,marking  ] GC(395) Concurrent Mark From Roots 3,176ms
[2024-12-04T16:40:46.853+0700][6,002s][info   ][gc,marking  ] GC(395) Concurrent Preclean
[2024-12-04T16:40:46.853+0700][6,002s][info   ][gc,marking  ] GC(395) Concurrent Preclean 0,046ms
[2024-12-04T16:40:46.853+0700][6,002s][info   ][gc,start    ] GC(395) Pause Remark
[2024-12-04T16:40:46.854+0700][6,003s][info   ][gc          ] GC(395) Pause Remark 965M->965M(1996M) 0,713ms
[2024-12-04T16:40:46.854+0700][6,003s][info   ][gc,cpu      ] GC(395) User=0,01s Sys=0,00s Real=0,00s
[2024-12-04T16:40:46.854+0700][6,003s][info   ][gc,marking  ] GC(395) Concurrent Mark 4,055ms
[2024-12-04T16:40:46.854+0700][6,003s][info   ][gc,marking  ] GC(395) Concurrent Rebuild Remembered Sets
[2024-12-04T16:40:46.855+0700][6,004s][info   ][gc,marking  ] GC(395) Concurrent Rebuild Remembered Sets 1,232ms
[2024-12-04T16:40:46.855+0700][6,004s][info   ][gc,start    ] GC(395) Pause Cleanup
[2024-12-04T16:40:46.856+0700][6,004s][info   ][gc          ] GC(395) Pause Cleanup 965M->965M(1996M) 0,180ms
[2024-12-04T16:40:46.856+0700][6,004s][info   ][gc,cpu      ] GC(395) User=0,00s Sys=0,00s Real=0,00s
[2024-12-04T16:40:46.856+0700][6,004s][info   ][gc,marking  ] GC(395) Concurrent Cleanup for Next Mark
[2024-12-04T16:40:46.859+0700][6,008s][info   ][gc,marking  ] GC(395) Concurrent Cleanup for Next Mark 3,175ms
[2024-12-04T16:40:46.859+0700][6,008s][info   ][gc          ] GC(395) Concurrent Mark Cycle 8,831ms
[2024-12-04T16:40:46.862+0700][6,010s][info   ][gc,start    ] GC(396) Pause Young (Concurrent Start) (G1 Humongous Allocation)
[2024-12-04T16:40:46.862+0700][6,010s][info   ][gc,task     ] GC(396) Using 8 workers of 8 for evacuation
[2024-12-04T16:40:46.863+0700][6,012s][info   ][gc,phases   ] GC(396)   Pre Evacuate Collection Set: 0,2ms
[2024-12-04T16:40:46.863+0700][6,012s][info   ][gc,phases   ] GC(396)   Merge Heap Roots: 0,2ms
[2024-12-04T16:40:46.863+0700][6,012s][info   ][gc,phases   ] GC(396)   Evacuate Collection Set: 0,3ms
[2024-12-04T16:40:46.863+0700][6,012s][info   ][gc,phases   ] GC(396)   Post Evacuate Collection Set: 0,2ms
[2024-12-04T16:40:46.863+0700][6,012s][info   ][gc,phases   ] GC(396)   Other: 0,2ms
[2024-12-04T16:40:46.863+0700][6,012s][info   ][gc,heap     ] GC(396) Eden regions: 1->0(830)
[2024-12-04T16:40:46.863+0700][6,012s][info   ][gc,heap     ] GC(396) Survivor regions: 0->0(104)
[2024-12-04T16:40:46.863+0700][6,012s][info   ][gc,heap     ] GC(396) Old regions: 3->3
[2024-12-04T16:40:46.863+0700][6,012s][info   ][gc,heap     ] GC(396) Archive regions: 2->2
[2024-12-04T16:40:46.863+0700][6,012s][info   ][gc,heap     ] GC(396) Humongous regions: 963->963
[2024-12-04T16:40:46.863+0700][6,012s][info   ][gc,metaspace] GC(396) Metaspace: 5795K(6016K)->5795K(6016K) NonClass: 5133K(5248K)->5133K(5248K) Class: 661K(768K)->661K(768K)
[2024-12-04T16:40:46.863+0700][6,012s][info   ][gc          ] GC(396) Pause Young (Concurrent Start) (G1 Humongous Allocation) 966M->966M(1999M) 1,204ms
[2024-12-04T16:40:46.863+0700][6,012s][info   ][gc,cpu      ] GC(396) User=0,00s Sys=0,00s Real=0,00s
[2024-12-04T16:40:46.863+0700][6,012s][info   ][gc          ] GC(397) Concurrent Mark Cycle
[2024-12-04T16:40:46.863+0700][6,012s][info   ][gc,marking  ] GC(397) Concurrent Clear Claimed Marks
[2024-12-04T16:40:46.863+0700][6,012s][info   ][gc,marking  ] GC(397) Concurrent Clear Claimed Marks 0,013ms
[2024-12-04T16:40:46.863+0700][6,012s][info   ][gc,marking  ] GC(397) Concurrent Scan Root Regions
[2024-12-04T16:40:46.863+0700][6,012s][info   ][gc,marking  ] GC(397) Concurrent Scan Root Regions 0,006ms
[2024-12-04T16:40:46.863+0700][6,012s][info   ][gc,marking  ] GC(397) Concurrent Mark
[2024-12-04T16:40:46.863+0700][6,012s][info   ][gc,marking  ] GC(397) Concurrent Mark From Roots
[2024-12-04T16:40:46.863+0700][6,012s][info   ][gc,task     ] GC(397) Using 2 workers of 2 for marking
[2024-12-04T16:40:46.867+0700][6,016s][info   ][gc,marking  ] GC(397) Concurrent Mark From Roots 4,294ms
[2024-12-04T16:40:46.867+0700][6,016s][info   ][gc,marking  ] GC(397) Concurrent Preclean
[2024-12-04T16:40:46.867+0700][6,016s][info   ][gc,marking  ] GC(397) Concurrent Preclean 0,068ms
[2024-12-04T16:40:46.867+0700][6,016s][info   ][gc,start    ] GC(397) Pause Remark
[2024-12-04T16:40:46.869+0700][6,018s][info   ][gc          ] GC(397) Pause Remark 967M->967M(1999M) 1,362ms
[2024-12-04T16:40:46.869+0700][6,018s][info   ][gc,cpu      ] GC(397) User=0,00s Sys=0,00s Real=0,00s
[2024-12-04T16:40:46.869+0700][6,018s][info   ][gc,marking  ] GC(397) Concurrent Mark 5,956ms
[2024-12-04T16:40:46.869+0700][6,018s][info   ][gc,marking  ] GC(397) Concurrent Rebuild Remembered Sets
[2024-12-04T16:40:46.871+0700][6,020s][info   ][gc,marking  ] GC(397) Concurrent Rebuild Remembered Sets 2,487ms
[2024-12-04T16:40:46.871+0700][6,020s][info   ][gc,start    ] GC(397) Pause Cleanup
[2024-12-04T16:40:46.872+0700][6,021s][info   ][gc          ] GC(397) Pause Cleanup 968M->968M(1999M) 0,498ms
[2024-12-04T16:40:46.872+0700][6,021s][info   ][gc,cpu      ] GC(397) User=0,00s Sys=0,00s Real=0,00s
[2024-12-04T16:40:46.872+0700][6,021s][info   ][gc,marking  ] GC(397) Concurrent Cleanup for Next Mark
[2024-12-04T16:40:46.876+0700][6,025s][info   ][gc,marking  ] GC(397) Concurrent Cleanup for Next Mark 3,874ms
[2024-12-04T16:40:46.876+0700][6,025s][info   ][gc          ] GC(397) Concurrent Mark Cycle 13,159ms
[2024-12-04T16:40:46.881+0700][6,030s][info   ][gc,start    ] GC(398) Pause Young (Concurrent Start) (G1 Humongous Allocation)
[2024-12-04T16:40:46.881+0700][6,030s][info   ][gc,task     ] GC(398) Using 8 workers of 8 for evacuation
[2024-12-04T16:40:46.882+0700][6,031s][info   ][gc,phases   ] GC(398)   Pre Evacuate Collection Set: 0,2ms
[2024-12-04T16:40:46.882+0700][6,031s][info   ][gc,phases   ] GC(398)   Merge Heap Roots: 0,2ms
[2024-12-04T16:40:46.882+0700][6,031s][info   ][gc,phases   ] GC(398)   Evacuate Collection Set: 0,4ms
[2024-12-04T16:40:46.882+0700][6,031s][info   ][gc,phases   ] GC(398)   Post Evacuate Collection Set: 0,1ms
[2024-12-04T16:40:46.882+0700][6,031s][info   ][gc,phases   ] GC(398)   Other: 0,2ms
[2024-12-04T16:40:46.882+0700][6,031s][info   ][gc,heap     ] GC(398) Eden regions: 1->0(827)
[2024-12-04T16:40:46.882+0700][6,031s][info   ][gc,heap     ] GC(398) Survivor regions: 0->0(104)
[2024-12-04T16:40:46.882+0700][6,031s][info   ][gc,heap     ] GC(398) Old regions: 3->3
[2024-12-04T16:40:46.882+0700][6,031s][info   ][gc,heap     ] GC(398) Archive regions: 2->2
[2024-12-04T16:40:46.882+0700][6,031s][info   ][gc,heap     ] GC(398) Humongous regions: 966->966
[2024-12-04T16:40:46.882+0700][6,031s][info   ][gc,metaspace] GC(398) Metaspace: 5795K(6016K)->5795K(6016K) NonClass: 5133K(5248K)->5133K(5248K) Class: 661K(768K)->661K(768K)
[2024-12-04T16:40:46.882+0700][6,031s][info   ][gc          ] GC(398) Pause Young (Concurrent Start) (G1 Humongous Allocation) 969M->969M(1999M) 1,323ms
[2024-12-04T16:40:46.882+0700][6,031s][info   ][gc,cpu      ] GC(398) User=0,01s Sys=0,00s Real=0,00s
[2024-12-04T16:40:46.882+0700][6,031s][info   ][gc          ] GC(399) Concurrent Mark Cycle
[2024-12-04T16:40:46.882+0700][6,031s][info   ][gc,marking  ] GC(399) Concurrent Clear Claimed Marks
[2024-12-04T16:40:46.882+0700][6,031s][info   ][gc,marking  ] GC(399) Concurrent Clear Claimed Marks 0,020ms
[2024-12-04T16:40:46.882+0700][6,031s][info   ][gc,marking  ] GC(399) Concurrent Scan Root Regions
[2024-12-04T16:40:46.882+0700][6,031s][info   ][gc,marking  ] GC(399) Concurrent Scan Root Regions 0,007ms
[2024-12-04T16:40:46.882+0700][6,031s][info   ][gc,marking  ] GC(399) Concurrent Mark
[2024-12-04T16:40:46.882+0700][6,031s][info   ][gc,marking  ] GC(399) Concurrent Mark From Roots
[2024-12-04T16:40:46.883+0700][6,031s][info   ][gc,task     ] GC(399) Using 2 workers of 2 for marking
[2024-12-04T16:40:46.886+0700][6,035s][info   ][gc,marking  ] GC(399) Concurrent Mark From Roots 3,897ms
[2024-12-04T16:40:46.886+0700][6,035s][info   ][gc,marking  ] GC(399) Concurrent Preclean
[2024-12-04T16:40:46.887+0700][6,035s][info   ][gc,marking  ] GC(399) Concurrent Preclean 0,050ms
[2024-12-04T16:40:46.887+0700][6,035s][info   ][gc,start    ] GC(399) Pause Remark
[2024-12-04T16:40:46.887+0700][6,036s][info   ][gc          ] GC(399) Pause Remark 970M->970M(1999M) 0,789ms
[2024-12-04T16:40:46.887+0700][6,036s][info   ][gc,cpu      ] GC(399) User=0,01s Sys=0,00s Real=0,00s
[2024-12-04T16:40:46.887+0700][6,036s][info   ][gc,marking  ] GC(399) Concurrent Mark 4,884ms
[2024-12-04T16:40:46.887+0700][6,036s][info   ][gc,marking  ] GC(399) Concurrent Rebuild Remembered Sets
[2024-12-04T16:40:46.889+0700][6,038s][info   ][gc,marking  ] GC(399) Concurrent Rebuild Remembered Sets 1,657ms
[2024-12-04T16:40:46.889+0700][6,038s][info   ][gc,start    ] GC(399) Pause Cleanup
[2024-12-04T16:40:46.889+0700][6,038s][info   ][gc          ] GC(399) Pause Cleanup 971M->971M(1999M) 0,201ms
[2024-12-04T16:40:46.889+0700][6,038s][info   ][gc,cpu      ] GC(399) User=0,00s Sys=0,00s Real=0,00s
[2024-12-04T16:40:46.889+0700][6,038s][info   ][gc,marking  ] GC(399) Concurrent Cleanup for Next Mark
[2024-12-04T16:40:46.893+0700][6,041s][info   ][gc,marking  ] GC(399) Concurrent Cleanup for Next Mark 3,245ms
[2024-12-04T16:40:46.893+0700][6,042s][info   ][gc          ] GC(399) Concurrent Mark Cycle 10,265ms
[2024-12-04T16:40:46.894+0700][6,043s][info   ][gc,start    ] GC(400) Pause Young (Concurrent Start) (G1 Humongous Allocation)
[2024-12-04T16:40:46.894+0700][6,043s][info   ][gc,task     ] GC(400) Using 8 workers of 8 for evacuation
[2024-12-04T16:40:46.895+0700][6,044s][info   ][gc,phases   ] GC(400)   Pre Evacuate Collection Set: 0,2ms
[2024-12-04T16:40:46.895+0700][6,044s][info   ][gc,phases   ] GC(400)   Merge Heap Roots: 0,3ms
[2024-12-04T16:40:46.895+0700][6,044s][info   ][gc,phases   ] GC(400)   Evacuate Collection Set: 0,3ms
[2024-12-04T16:40:46.895+0700][6,044s][info   ][gc,phases   ] GC(400)   Post Evacuate Collection Set: 0,1ms
[2024-12-04T16:40:46.895+0700][6,044s][info   ][gc,phases   ] GC(400)   Other: 0,2ms
[2024-12-04T16:40:46.895+0700][6,044s][info   ][gc,heap     ] GC(400) Eden regions: 1->0(825)
[2024-12-04T16:40:46.895+0700][6,044s][info   ][gc,heap     ] GC(400) Survivor regions: 0->0(104)
[2024-12-04T16:40:46.895+0700][6,044s][info   ][gc,heap     ] GC(400) Old regions: 3->3
[2024-12-04T16:40:46.895+0700][6,044s][info   ][gc,heap     ] GC(400) Archive regions: 2->2
[2024-12-04T16:40:46.895+0700][6,044s][info   ][gc,heap     ] GC(400) Humongous regions: 968->968
[2024-12-04T16:40:46.895+0700][6,044s][info   ][gc,metaspace] GC(400) Metaspace: 5795K(6016K)->5795K(6016K) NonClass: 5133K(5248K)->5133K(5248K) Class: 661K(768K)->661K(768K)
[2024-12-04T16:40:46.895+0700][6,044s][info   ][gc          ] GC(400) Pause Young (Concurrent Start) (G1 Humongous Allocation) 971M->971M(1999M) 1,184ms
[2024-12-04T16:40:46.895+0700][6,044s][info   ][gc,cpu      ] GC(400) User=0,00s Sys=0,00s Real=0,00s
[2024-12-04T16:40:46.895+0700][6,044s][info   ][gc          ] GC(401) Concurrent Mark Cycle
[2024-12-04T16:40:46.895+0700][6,044s][info   ][gc,marking  ] GC(401) Concurrent Clear Claimed Marks
[2024-12-04T16:40:46.895+0700][6,044s][info   ][gc,marking  ] GC(401) Concurrent Clear Claimed Marks 0,017ms
[2024-12-04T16:40:46.895+0700][6,044s][info   ][gc,marking  ] GC(401) Concurrent Scan Root Regions
[2024-12-04T16:40:46.895+0700][6,044s][info   ][gc,marking  ] GC(401) Concurrent Scan Root Regions 0,018ms
[2024-12-04T16:40:46.895+0700][6,044s][info   ][gc,marking  ] GC(401) Concurrent Mark
[2024-12-04T16:40:46.895+0700][6,044s][info   ][gc,marking  ] GC(401) Concurrent Mark From Roots
[2024-12-04T16:40:46.895+0700][6,044s][info   ][gc,task     ] GC(401) Using 2 workers of 2 for marking
[2024-12-04T16:40:46.898+0700][6,047s][info   ][gc,marking  ] GC(401) Concurrent Mark From Roots 3,354ms
[2024-12-04T16:40:46.898+0700][6,047s][info   ][gc,marking  ] GC(401) Concurrent Preclean
[2024-12-04T16:40:46.898+0700][6,047s][info   ][gc,marking  ] GC(401) Concurrent Preclean 0,050ms
[2024-12-04T16:40:46.898+0700][6,047s][info   ][gc,start    ] GC(401) Pause Remark
[2024-12-04T16:40:46.899+0700][6,048s][info   ][gc          ] GC(401) Pause Remark 972M->972M(1999M) 0,745ms
[2024-12-04T16:40:46.899+0700][6,048s][info   ][gc,cpu      ] GC(401) User=0,00s Sys=0,00s Real=0,00s
[2024-12-04T16:40:46.899+0700][6,048s][info   ][gc,marking  ] GC(401) Concurrent Mark 4,278ms
[2024-12-04T16:40:46.899+0700][6,048s][info   ][gc,marking  ] GC(401) Concurrent Rebuild Remembered Sets
[2024-12-04T16:40:46.901+0700][6,050s][info   ][gc,marking  ] GC(401) Concurrent Rebuild Remembered Sets 1,416ms
[2024-12-04T16:40:46.901+0700][6,050s][info   ][gc,start    ] GC(401) Pause Cleanup
[2024-12-04T16:40:46.901+0700][6,050s][info   ][gc          ] GC(401) Pause Cleanup 973M->973M(1999M) 0,397ms
[2024-12-04T16:40:46.901+0700][6,050s][info   ][gc,cpu      ] GC(401) User=0,00s Sys=0,00s Real=0,00s
[2024-12-04T16:40:46.901+0700][6,050s][info   ][gc,marking  ] GC(401) Concurrent Cleanup for Next Mark
[2024-12-04T16:40:46.906+0700][6,055s][info   ][gc,marking  ] GC(401) Concurrent Cleanup for Next Mark 4,778ms
[2024-12-04T16:40:46.906+0700][6,055s][info   ][gc          ] GC(401) Concurrent Mark Cycle 11,533ms
[2024-12-04T16:40:46.907+0700][6,056s][info   ][gc,start    ] GC(402) Pause Young (Concurrent Start) (G1 Humongous Allocation)
[2024-12-04T16:40:46.907+0700][6,056s][info   ][gc,task     ] GC(402) Using 8 workers of 8 for evacuation
[2024-12-04T16:40:46.908+0700][6,057s][info   ][gc,phases   ] GC(402)   Pre Evacuate Collection Set: 0,3ms
[2024-12-04T16:40:46.908+0700][6,057s][info   ][gc,phases   ] GC(402)   Merge Heap Roots: 0,3ms
[2024-12-04T16:40:46.908+0700][6,057s][info   ][gc,phases   ] GC(402)   Evacuate Collection Set: 0,4ms
[2024-12-04T16:40:46.908+0700][6,057s][info   ][gc,phases   ] GC(402)   Post Evacuate Collection Set: 0,2ms
[2024-12-04T16:40:46.908+0700][6,057s][info   ][gc,phases   ] GC(402)   Other: 0,4ms
[2024-12-04T16:40:46.908+0700][6,057s][info   ][gc,heap     ] GC(402) Eden regions: 1->0(823)
[2024-12-04T16:40:46.908+0700][6,057s][info   ][gc,heap     ] GC(402) Survivor regions: 0->0(104)
[2024-12-04T16:40:46.908+0700][6,057s][info   ][gc,heap     ] GC(402) Old regions: 3->3
[2024-12-04T16:40:46.908+0700][6,057s][info   ][gc,heap     ] GC(402) Archive regions: 2->2
[2024-12-04T16:40:46.908+0700][6,057s][info   ][gc,heap     ] GC(402) Humongous regions: 970->970
[2024-12-04T16:40:46.908+0700][6,057s][info   ][gc,metaspace] GC(402) Metaspace: 5795K(6016K)->5795K(6016K) NonClass: 5133K(5248K)->5133K(5248K) Class: 661K(768K)->661K(768K)
[2024-12-04T16:40:46.908+0700][6,057s][info   ][gc          ] GC(402) Pause Young (Concurrent Start) (G1 Humongous Allocation) 973M->973M(1999M) 1,654ms
[2024-12-04T16:40:46.908+0700][6,057s][info   ][gc,cpu      ] GC(402) User=0,01s Sys=0,00s Real=0,00s
[2024-12-04T16:40:46.908+0700][6,057s][info   ][gc          ] GC(403) Concurrent Mark Cycle
[2024-12-04T16:40:46.908+0700][6,057s][info   ][gc,marking  ] GC(403) Concurrent Clear Claimed Marks
[2024-12-04T16:40:46.909+0700][6,057s][info   ][gc,marking  ] GC(403) Concurrent Clear Claimed Marks 0,018ms
[2024-12-04T16:40:46.909+0700][6,057s][info   ][gc,marking  ] GC(403) Concurrent Scan Root Regions
[2024-12-04T16:40:46.909+0700][6,057s][info   ][gc,marking  ] GC(403) Concurrent Scan Root Regions 0,005ms
[2024-12-04T16:40:46.909+0700][6,057s][info   ][gc,marking  ] GC(403) Concurrent Mark
[2024-12-04T16:40:46.909+0700][6,057s][info   ][gc,marking  ] GC(403) Concurrent Mark From Roots
[2024-12-04T16:40:46.909+0700][6,057s][info   ][gc,task     ] GC(403) Using 2 workers of 2 for marking
[2024-12-04T16:40:46.913+0700][6,062s][info   ][gc,marking  ] GC(403) Concurrent Mark From Roots 4,437ms
[2024-12-04T16:40:46.913+0700][6,062s][info   ][gc,marking  ] GC(403) Concurrent Preclean
[2024-12-04T16:40:46.913+0700][6,062s][info   ][gc,marking  ] GC(403) Concurrent Preclean 0,063ms
[2024-12-04T16:40:46.913+0700][6,062s][info   ][gc,start    ] GC(403) Pause Remark
[2024-12-04T16:40:46.915+0700][6,063s][info   ][gc          ] GC(403) Pause Remark 974M->974M(1999M) 1,380ms
[2024-12-04T16:40:46.915+0700][6,063s][info   ][gc,cpu      ] GC(403) User=0,00s Sys=0,00s Real=0,00s
[2024-12-04T16:40:46.915+0700][6,063s][info   ][gc,marking  ] GC(403) Concurrent Mark 6,087ms
[2024-12-04T16:40:46.915+0700][6,063s][info   ][gc,marking  ] GC(403) Concurrent Rebuild Remembered Sets
[2024-12-04T16:40:46.918+0700][6,067s][info   ][gc,marking  ] GC(403) Concurrent Rebuild Remembered Sets 3,273ms
[2024-12-04T16:40:46.918+0700][6,067s][info   ][gc,start    ] GC(403) Pause Cleanup
[2024-12-04T16:40:46.918+0700][6,067s][info   ][gc          ] GC(403) Pause Cleanup 975M->975M(1999M) 0,279ms
[2024-12-04T16:40:46.918+0700][6,067s][info   ][gc,cpu      ] GC(403) User=0,00s Sys=0,00s Real=0,00s
[2024-12-04T16:40:46.918+0700][6,067s][info   ][gc,marking  ] GC(403) Concurrent Cleanup for Next Mark
[2024-12-04T16:40:46.924+0700][6,072s][info   ][gc,marking  ] GC(403) Concurrent Cleanup for Next Mark 5,235ms
[2024-12-04T16:40:46.924+0700][6,073s][info   ][gc          ] GC(403) Concurrent Mark Cycle 15,212ms
[2024-12-04T16:40:46.926+0700][6,075s][info   ][gc,start    ] GC(404) Pause Young (Concurrent Start) (G1 Humongous Allocation)
[2024-12-04T16:40:46.926+0700][6,075s][info   ][gc,task     ] GC(404) Using 8 workers of 8 for evacuation
[2024-12-04T16:40:46.928+0700][6,077s][info   ][gc,phases   ] GC(404)   Pre Evacuate Collection Set: 0,3ms
[2024-12-04T16:40:46.928+0700][6,077s][info   ][gc,phases   ] GC(404)   Merge Heap Roots: 0,3ms
[2024-12-04T16:40:46.928+0700][6,077s][info   ][gc,phases   ] GC(404)   Evacuate Collection Set: 0,6ms
[2024-12-04T16:40:46.928+0700][6,077s][info   ][gc,phases   ] GC(404)   Post Evacuate Collection Set: 0,1ms
[2024-12-04T16:40:46.928+0700][6,077s][info   ][gc,phases   ] GC(404)   Other: 0,3ms
[2024-12-04T16:40:46.928+0700][6,077s][info   ][gc,heap     ] GC(404) Eden regions: 1->0(820)
[2024-12-04T16:40:46.928+0700][6,077s][info   ][gc,heap     ] GC(404) Survivor regions: 0->0(103)
[2024-12-04T16:40:46.928+0700][6,077s][info   ][gc,heap     ] GC(404) Old regions: 3->3
[2024-12-04T16:40:46.928+0700][6,077s][info   ][gc,heap     ] GC(404) Archive regions: 2->2
[2024-12-04T16:40:46.928+0700][6,077s][info   ][gc,heap     ] GC(404) Humongous regions: 973->973
[2024-12-04T16:40:46.928+0700][6,077s][info   ][gc,metaspace] GC(404) Metaspace: 5795K(6016K)->5795K(6016K) NonClass: 5133K(5248K)->5133K(5248K) Class: 661K(768K)->661K(768K)
[2024-12-04T16:40:46.928+0700][6,077s][info   ][gc          ] GC(404) Pause Young (Concurrent Start) (G1 Humongous Allocation) 976M->976M(1999M) 1,653ms
[2024-12-04T16:40:46.928+0700][6,077s][info   ][gc,cpu      ] GC(404) User=0,00s Sys=0,00s Real=0,00s
[2024-12-04T16:40:46.928+0700][6,077s][info   ][gc          ] GC(405) Concurrent Mark Cycle
[2024-12-04T16:40:46.928+0700][6,077s][info   ][gc,marking  ] GC(405) Concurrent Clear Claimed Marks
[2024-12-04T16:40:46.928+0700][6,077s][info   ][gc,marking  ] GC(405) Concurrent Clear Claimed Marks 0,013ms
[2024-12-04T16:40:46.928+0700][6,077s][info   ][gc,marking  ] GC(405) Concurrent Scan Root Regions
[2024-12-04T16:40:46.928+0700][6,077s][info   ][gc,marking  ] GC(405) Concurrent Scan Root Regions 0,006ms
[2024-12-04T16:40:46.928+0700][6,077s][info   ][gc,marking  ] GC(405) Concurrent Mark
[2024-12-04T16:40:46.928+0700][6,077s][info   ][gc,marking  ] GC(405) Concurrent Mark From Roots
[2024-12-04T16:40:46.928+0700][6,077s][info   ][gc,task     ] GC(405) Using 2 workers of 2 for marking
[2024-12-04T16:40:46.931+0700][6,080s][info   ][gc,marking  ] GC(405) Concurrent Mark From Roots 3,400ms
[2024-12-04T16:40:46.932+0700][6,080s][info   ][gc,marking  ] GC(405) Concurrent Preclean
[2024-12-04T16:40:46.932+0700][6,081s][info   ][gc,marking  ] GC(405) Concurrent Preclean 0,089ms
[2024-12-04T16:40:46.932+0700][6,081s][info   ][gc,start    ] GC(405) Pause Remark
[2024-12-04T16:40:46.933+0700][6,082s][info   ][gc          ] GC(405) Pause Remark 977M->977M(1999M) 0,940ms
[2024-12-04T16:40:46.933+0700][6,082s][info   ][gc,cpu      ] GC(405) User=0,00s Sys=0,00s Real=0,00s
[2024-12-04T16:40:46.933+0700][6,082s][info   ][gc,marking  ] GC(405) Concurrent Mark 4,643ms
[2024-12-04T16:40:46.933+0700][6,082s][info   ][gc,marking  ] GC(405) Concurrent Rebuild Remembered Sets
[2024-12-04T16:40:46.934+0700][6,083s][info   ][gc,marking  ] GC(405) Concurrent Rebuild Remembered Sets 1,654ms
[2024-12-04T16:40:46.935+0700][6,083s][info   ][gc,start    ] GC(405) Pause Cleanup
[2024-12-04T16:40:46.935+0700][6,084s][info   ][gc          ] GC(405) Pause Cleanup 978M->978M(1999M) 0,657ms
[2024-12-04T16:40:46.935+0700][6,084s][info   ][gc,cpu      ] GC(405) User=0,00s Sys=0,00s Real=0,00s
[2024-12-04T16:40:46.935+0700][6,084s][info   ][gc,marking  ] GC(405) Concurrent Cleanup for Next Mark
[2024-12-04T16:40:46.939+0700][6,088s][info   ][gc,marking  ] GC(405) Concurrent Cleanup for Next Mark 3,835ms
[2024-12-04T16:40:46.939+0700][6,088s][info   ][gc          ] GC(405) Concurrent Mark Cycle 11,195ms
[2024-12-04T16:40:46.940+0700][6,088s][info   ][gc,start    ] GC(406) Pause Young (Concurrent Start) (G1 Humongous Allocation)
[2024-12-04T16:40:46.940+0700][6,088s][info   ][gc,task     ] GC(406) Using 8 workers of 8 for evacuation
[2024-12-04T16:40:46.941+0700][6,090s][info   ][gc,phases   ] GC(406)   Pre Evacuate Collection Set: 0,5ms
[2024-12-04T16:40:46.941+0700][6,090s][info   ][gc,phases   ] GC(406)   Merge Heap Roots: 0,3ms
[2024-12-04T16:40:46.941+0700][6,090s][info   ][gc,phases   ] GC(406)   Evacuate Collection Set: 0,3ms
[2024-12-04T16:40:46.941+0700][6,090s][info   ][gc,phases   ] GC(406)   Post Evacuate Collection Set: 0,4ms
[2024-12-04T16:40:46.941+0700][6,090s][info   ][gc,phases   ] GC(406)   Other: 0,4ms
[2024-12-04T16:40:46.941+0700][6,090s][info   ][gc,heap     ] GC(406) Eden regions: 1->0(827)
[2024-12-04T16:40:46.941+0700][6,090s][info   ][gc,heap     ] GC(406) Survivor regions: 0->0(103)
[2024-12-04T16:40:46.941+0700][6,090s][info   ][gc,heap     ] GC(406) Old regions: 3->3
[2024-12-04T16:40:46.941+0700][6,090s][info   ][gc,heap     ] GC(406) Archive regions: 2->2
[2024-12-04T16:40:46.941+0700][6,090s][info   ][gc,heap     ] GC(406) Humongous regions: 975->975
[2024-12-04T16:40:46.941+0700][6,090s][info   ][gc,metaspace] GC(406) Metaspace: 5795K(6016K)->5795K(6016K) NonClass: 5133K(5248K)->5133K(5248K) Class: 661K(768K)->661K(768K)
[2024-12-04T16:40:46.941+0700][6,090s][info   ][gc          ] GC(406) Pause Young (Concurrent Start) (G1 Humongous Allocation) 978M->978M(2009M) 1,912ms
[2024-12-04T16:40:46.941+0700][6,090s][info   ][gc,cpu      ] GC(406) User=0,00s Sys=0,00s Real=0,00s
[2024-12-04T16:40:46.941+0700][6,090s][info   ][gc          ] GC(407) Concurrent Mark Cycle
[2024-12-04T16:40:46.942+0700][6,090s][info   ][gc,marking  ] GC(407) Concurrent Clear Claimed Marks
[2024-12-04T16:40:46.942+0700][6,090s][info   ][gc,marking  ] GC(407) Concurrent Clear Claimed Marks 0,017ms
[2024-12-04T16:40:46.942+0700][6,090s][info   ][gc,marking  ] GC(407) Concurrent Scan Root Regions
[2024-12-04T16:40:46.942+0700][6,090s][info   ][gc,marking  ] GC(407) Concurrent Scan Root Regions 0,006ms
[2024-12-04T16:40:46.942+0700][6,090s][info   ][gc,marking  ] GC(407) Concurrent Mark
[2024-12-04T16:40:46.942+0700][6,090s][info   ][gc,marking  ] GC(407) Concurrent Mark From Roots
[2024-12-04T16:40:46.942+0700][6,090s][info   ][gc,task     ] GC(407) Using 2 workers of 2 for marking
[2024-12-04T16:40:46.945+0700][6,094s][info   ][gc,marking  ] GC(407) Concurrent Mark From Roots 3,614ms
[2024-12-04T16:40:46.945+0700][6,094s][info   ][gc,marking  ] GC(407) Concurrent Preclean
[2024-12-04T16:40:46.945+0700][6,094s][info   ][gc,marking  ] GC(407) Concurrent Preclean 0,060ms
[2024-12-04T16:40:46.945+0700][6,094s][info   ][gc,start    ] GC(407) Pause Remark
[2024-12-04T16:40:46.946+0700][6,095s][info   ][gc          ] GC(407) Pause Remark 979M->979M(2009M) 1,130ms
[2024-12-04T16:40:46.947+0700][6,095s][info   ][gc,cpu      ] GC(407) User=0,00s Sys=0,00s Real=0,00s
[2024-12-04T16:40:46.947+0700][6,095s][info   ][gc,marking  ] GC(407) Concurrent Mark 4,974ms
[2024-12-04T16:40:46.947+0700][6,095s][info   ][gc,marking  ] GC(407) Concurrent Rebuild Remembered Sets
[2024-12-04T16:40:46.948+0700][6,097s][info   ][gc,marking  ] GC(407) Concurrent Rebuild Remembered Sets 1,431ms
[2024-12-04T16:40:46.948+0700][6,097s][info   ][gc,start    ] GC(407) Pause Cleanup
[2024-12-04T16:40:46.948+0700][6,097s][info   ][gc          ] GC(407) Pause Cleanup 980M->980M(2009M) 0,397ms
[2024-12-04T16:40:46.948+0700][6,097s][info   ][gc,cpu      ] GC(407) User=0,00s Sys=0,00s Real=0,00s
[2024-12-04T16:40:46.948+0700][6,097s][info   ][gc,marking  ] GC(407) Concurrent Cleanup for Next Mark
[2024-12-04T16:40:46.952+0700][6,101s][info   ][gc,marking  ] GC(407) Concurrent Cleanup for Next Mark 3,398ms
[2024-12-04T16:40:46.952+0700][6,101s][info   ][gc          ] GC(407) Concurrent Mark Cycle 10,450ms
[2024-12-04T16:40:46.953+0700][6,102s][info   ][gc,start    ] GC(408) Pause Young (Concurrent Start) (G1 Humongous Allocation)
[2024-12-04T16:40:46.953+0700][6,102s][info   ][gc,task     ] GC(408) Using 8 workers of 8 for evacuation
[2024-12-04T16:40:46.955+0700][6,104s][info   ][gc,phases   ] GC(408)   Pre Evacuate Collection Set: 0,6ms
[2024-12-04T16:40:46.955+0700][6,104s][info   ][gc,phases   ] GC(408)   Merge Heap Roots: 0,3ms
[2024-12-04T16:40:46.955+0700][6,104s][info   ][gc,phases   ] GC(408)   Evacuate Collection Set: 0,7ms
[2024-12-04T16:40:46.955+0700][6,104s][info   ][gc,phases   ] GC(408)   Post Evacuate Collection Set: 0,2ms
[2024-12-04T16:40:46.955+0700][6,104s][info   ][gc,phases   ] GC(408)   Other: 0,3ms
[2024-12-04T16:40:46.955+0700][6,104s][info   ][gc,heap     ] GC(408) Eden regions: 1->0(825)
[2024-12-04T16:40:46.955+0700][6,104s][info   ][gc,heap     ] GC(408) Survivor regions: 0->0(104)
[2024-12-04T16:40:46.955+0700][6,104s][info   ][gc,heap     ] GC(408) Old regions: 3->3
[2024-12-04T16:40:46.955+0700][6,104s][info   ][gc,heap     ] GC(408) Archive regions: 2->2
[2024-12-04T16:40:46.955+0700][6,104s][info   ][gc,heap     ] GC(408) Humongous regions: 977->977
[2024-12-04T16:40:46.955+0700][6,104s][info   ][gc,metaspace] GC(408) Metaspace: 5795K(6016K)->5795K(6016K) NonClass: 5133K(5248K)->5133K(5248K) Class: 661K(768K)->661K(768K)
[2024-12-04T16:40:46.955+0700][6,104s][info   ][gc          ] GC(408) Pause Young (Concurrent Start) (G1 Humongous Allocation) 980M->980M(2009M) 2,194ms
[2024-12-04T16:40:46.955+0700][6,104s][info   ][gc,cpu      ] GC(408) User=0,00s Sys=0,00s Real=0,01s
[2024-12-04T16:40:46.955+0700][6,104s][info   ][gc          ] GC(409) Concurrent Mark Cycle
[2024-12-04T16:40:46.955+0700][6,104s][info   ][gc,marking  ] GC(409) Concurrent Clear Claimed Marks
[2024-12-04T16:40:46.955+0700][6,104s][info   ][gc,marking  ] GC(409) Concurrent Clear Claimed Marks 0,017ms
[2024-12-04T16:40:46.955+0700][6,104s][info   ][gc,marking  ] GC(409) Concurrent Scan Root Regions
[2024-12-04T16:40:46.955+0700][6,104s][info   ][gc,marking  ] GC(409) Concurrent Scan Root Regions 0,005ms
[2024-12-04T16:40:46.955+0700][6,104s][info   ][gc,marking  ] GC(409) Concurrent Mark
[2024-12-04T16:40:46.955+0700][6,104s][info   ][gc,marking  ] GC(409) Concurrent Mark From Roots
[2024-12-04T16:40:46.955+0700][6,104s][info   ][gc,task     ] GC(409) Using 2 workers of 2 for marking
[2024-12-04T16:40:46.960+0700][6,109s][info   ][gc,marking  ] GC(409) Concurrent Mark From Roots 4,988ms
[2024-12-04T16:40:46.960+0700][6,109s][info   ][gc,marking  ] GC(409) Concurrent Preclean
[2024-12-04T16:40:46.960+0700][6,109s][info   ][gc,marking  ] GC(409) Concurrent Preclean 0,081ms
[2024-12-04T16:40:46.960+0700][6,109s][info   ][gc,start    ] GC(409) Pause Remark
[2024-12-04T16:40:46.962+0700][6,111s][info   ][gc          ] GC(409) Pause Remark 981M->981M(2009M) 1,461ms
[2024-12-04T16:40:46.962+0700][6,111s][info   ][gc,cpu      ] GC(409) User=0,00s Sys=0,00s Real=0,00s
[2024-12-04T16:40:46.962+0700][6,111s][info   ][gc,marking  ] GC(409) Concurrent Mark 6,766ms
[2024-12-04T16:40:46.962+0700][6,111s][info   ][gc,marking  ] GC(409) Concurrent Rebuild Remembered Sets
[2024-12-04T16:40:46.964+0700][6,113s][info   ][gc,marking  ] GC(409) Concurrent Rebuild Remembered Sets 2,204ms
[2024-12-04T16:40:46.964+0700][6,113s][info   ][gc,start    ] GC(409) Pause Cleanup
[2024-12-04T16:40:46.965+0700][6,113s][info   ][gc          ] GC(409) Pause Cleanup 982M->982M(2009M) 0,251ms
[2024-12-04T16:40:46.965+0700][6,113s][info   ][gc,cpu      ] GC(409) User=0,00s Sys=0,00s Real=0,00s
[2024-12-04T16:40:46.965+0700][6,113s][info   ][gc,marking  ] GC(409) Concurrent Cleanup for Next Mark
[2024-12-04T16:40:46.968+0700][6,117s][info   ][gc,marking  ] GC(409) Concurrent Cleanup for Next Mark 3,071ms
[2024-12-04T16:40:46.968+0700][6,117s][info   ][gc          ] GC(409) Concurrent Mark Cycle 12,522ms
[2024-12-04T16:40:46.968+0700][6,117s][info   ][gc,start    ] GC(410) Pause Young (Concurrent Start) (G1 Humongous Allocation)
[2024-12-04T16:40:46.968+0700][6,117s][info   ][gc,task     ] GC(410) Using 8 workers of 8 for evacuation
[2024-12-04T16:40:46.970+0700][6,118s][info   ][gc,phases   ] GC(410)   Pre Evacuate Collection Set: 0,2ms
[2024-12-04T16:40:46.970+0700][6,118s][info   ][gc,phases   ] GC(410)   Merge Heap Roots: 0,2ms
[2024-12-04T16:40:46.970+0700][6,118s][info   ][gc,phases   ] GC(410)   Evacuate Collection Set: 0,6ms
[2024-12-04T16:40:46.970+0700][6,118s][info   ][gc,phases   ] GC(410)   Post Evacuate Collection Set: 0,2ms
[2024-12-04T16:40:46.970+0700][6,118s][info   ][gc,phases   ] GC(410)   Other: 0,2ms
[2024-12-04T16:40:46.970+0700][6,118s][info   ][gc,heap     ] GC(410) Eden regions: 1->0(823)
[2024-12-04T16:40:46.970+0700][6,118s][info   ][gc,heap     ] GC(410) Survivor regions: 0->0(104)
[2024-12-04T16:40:46.970+0700][6,118s][info   ][gc,heap     ] GC(410) Old regions: 3->3
[2024-12-04T16:40:46.970+0700][6,118s][info   ][gc,heap     ] GC(410) Archive regions: 2->2
[2024-12-04T16:40:46.970+0700][6,118s][info   ][gc,heap     ] GC(410) Humongous regions: 979->979
[2024-12-04T16:40:46.970+0700][6,118s][info   ][gc,metaspace] GC(410) Metaspace: 5795K(6016K)->5795K(6016K) NonClass: 5133K(5248K)->5133K(5248K) Class: 661K(768K)->661K(768K)
[2024-12-04T16:40:46.970+0700][6,118s][info   ][gc          ] GC(410) Pause Young (Concurrent Start) (G1 Humongous Allocation) 982M->982M(2009M) 1,464ms
[2024-12-04T16:40:46.970+0700][6,119s][info   ][gc,cpu      ] GC(410) User=0,01s Sys=0,00s Real=0,00s
[2024-12-04T16:40:46.970+0700][6,119s][info   ][gc          ] GC(411) Concurrent Mark Cycle
[2024-12-04T16:40:46.970+0700][6,119s][info   ][gc,marking  ] GC(411) Concurrent Clear Claimed Marks
[2024-12-04T16:40:46.970+0700][6,119s][info   ][gc,marking  ] GC(411) Concurrent Clear Claimed Marks 0,023ms
[2024-12-04T16:40:46.970+0700][6,119s][info   ][gc,marking  ] GC(411) Concurrent Scan Root Regions
[2024-12-04T16:40:46.970+0700][6,119s][info   ][gc,marking  ] GC(411) Concurrent Scan Root Regions 0,005ms
[2024-12-04T16:40:46.970+0700][6,119s][info   ][gc,marking  ] GC(411) Concurrent Mark
[2024-12-04T16:40:46.970+0700][6,119s][info   ][gc,marking  ] GC(411) Concurrent Mark From Roots
[2024-12-04T16:40:46.970+0700][6,119s][info   ][gc,task     ] GC(411) Using 2 workers of 2 for marking
[2024-12-04T16:40:46.973+0700][6,122s][info   ][gc,marking  ] GC(411) Concurrent Mark From Roots 3,588ms
[2024-12-04T16:40:46.973+0700][6,122s][info   ][gc,marking  ] GC(411) Concurrent Preclean
[2024-12-04T16:40:46.973+0700][6,122s][info   ][gc,marking  ] GC(411) Concurrent Preclean 0,047ms
[2024-12-04T16:40:46.973+0700][6,122s][info   ][gc,start    ] GC(411) Pause Remark
[2024-12-04T16:40:46.974+0700][6,123s][info   ][gc          ] GC(411) Pause Remark 983M->983M(2009M) 0,712ms
[2024-12-04T16:40:46.974+0700][6,123s][info   ][gc,cpu      ] GC(411) User=0,01s Sys=0,00s Real=0,00s
[2024-12-04T16:40:46.974+0700][6,123s][info   ][gc,marking  ] GC(411) Concurrent Mark 4,487ms
[2024-12-04T16:40:46.974+0700][6,123s][info   ][gc,marking  ] GC(411) Concurrent Rebuild Remembered Sets
[2024-12-04T16:40:46.976+0700][6,125s][info   ][gc,marking  ] GC(411) Concurrent Rebuild Remembered Sets 1,497ms
[2024-12-04T16:40:46.976+0700][6,125s][info   ][gc,start    ] GC(411) Pause Cleanup
[2024-12-04T16:40:46.976+0700][6,125s][info   ][gc          ] GC(411) Pause Cleanup 984M->984M(2009M) 0,324ms
[2024-12-04T16:40:46.976+0700][6,125s][info   ][gc,cpu      ] GC(411) User=0,00s Sys=0,00s Real=0,00s
[2024-12-04T16:40:46.976+0700][6,125s][info   ][gc,marking  ] GC(411) Concurrent Cleanup for Next Mark
[2024-12-04T16:40:46.979+0700][6,128s][info   ][gc,marking  ] GC(411) Concurrent Cleanup for Next Mark 2,823ms
[2024-12-04T16:40:46.979+0700][6,128s][info   ][gc          ] GC(411) Concurrent Mark Cycle 9,354ms
[2024-12-04T16:40:46.981+0700][6,130s][info   ][gc,start    ] GC(412) Pause Young (Concurrent Start) (G1 Humongous Allocation)
[2024-12-04T16:40:46.981+0700][6,130s][info   ][gc,task     ] GC(412) Using 8 workers of 8 for evacuation
[2024-12-04T16:40:46.982+0700][6,131s][info   ][gc,phases   ] GC(412)   Pre Evacuate Collection Set: 0,2ms
[2024-12-04T16:40:46.982+0700][6,131s][info   ][gc,phases   ] GC(412)   Merge Heap Roots: 0,2ms
[2024-12-04T16:40:46.982+0700][6,131s][info   ][gc,phases   ] GC(412)   Evacuate Collection Set: 0,3ms
[2024-12-04T16:40:46.982+0700][6,131s][info   ][gc,phases   ] GC(412)   Post Evacuate Collection Set: 0,1ms
[2024-12-04T16:40:46.982+0700][6,131s][info   ][gc,phases   ] GC(412)   Other: 0,2ms
[2024-12-04T16:40:46.982+0700][6,131s][info   ][gc,heap     ] GC(412) Eden regions: 1->0(821)
[2024-12-04T16:40:46.982+0700][6,131s][info   ][gc,heap     ] GC(412) Survivor regions: 0->0(103)
[2024-12-04T16:40:46.982+0700][6,131s][info   ][gc,heap     ] GC(412) Old regions: 3->3
[2024-12-04T16:40:46.982+0700][6,131s][info   ][gc,heap     ] GC(412) Archive regions: 2->2
[2024-12-04T16:40:46.982+0700][6,131s][info   ][gc,heap     ] GC(412) Humongous regions: 981->981
[2024-12-04T16:40:46.982+0700][6,131s][info   ][gc,metaspace] GC(412) Metaspace: 5795K(6016K)->5795K(6016K) NonClass: 5133K(5248K)->5133K(5248K) Class: 661K(768K)->661K(768K)
[2024-12-04T16:40:46.982+0700][6,131s][info   ][gc          ] GC(412) Pause Young (Concurrent Start) (G1 Humongous Allocation) 984M->984M(2009M) 1,020ms
[2024-12-04T16:40:46.982+0700][6,131s][info   ][gc,cpu      ] GC(412) User=0,00s Sys=0,00s Real=0,00s
[2024-12-04T16:40:46.982+0700][6,131s][info   ][gc          ] GC(413) Concurrent Mark Cycle
[2024-12-04T16:40:46.982+0700][6,131s][info   ][gc,marking  ] GC(413) Concurrent Clear Claimed Marks
[2024-12-04T16:40:46.982+0700][6,131s][info   ][gc,marking  ] GC(413) Concurrent Clear Claimed Marks 0,007ms
[2024-12-04T16:40:46.982+0700][6,131s][info   ][gc,marking  ] GC(413) Concurrent Scan Root Regions
[2024-12-04T16:40:46.982+0700][6,131s][info   ][gc,marking  ] GC(413) Concurrent Scan Root Regions 0,003ms
[2024-12-04T16:40:46.982+0700][6,131s][info   ][gc,marking  ] GC(413) Concurrent Mark
[2024-12-04T16:40:46.982+0700][6,131s][info   ][gc,marking  ] GC(413) Concurrent Mark From Roots
[2024-12-04T16:40:46.982+0700][6,131s][info   ][gc,task     ] GC(413) Using 2 workers of 2 for marking
[2024-12-04T16:40:46.985+0700][6,133s][info   ][gc,marking  ] GC(413) Concurrent Mark From Roots 2,644ms
[2024-12-04T16:40:46.985+0700][6,134s][info   ][gc,marking  ] GC(413) Concurrent Preclean
[2024-12-04T16:40:46.985+0700][6,134s][info   ][gc,marking  ] GC(413) Concurrent Preclean 0,037ms
[2024-12-04T16:40:46.985+0700][6,134s][info   ][gc,start    ] GC(413) Pause Remark
[2024-12-04T16:40:46.985+0700][6,134s][info   ][gc          ] GC(413) Pause Remark 985M->985M(2009M) 0,676ms
[2024-12-04T16:40:46.985+0700][6,134s][info   ][gc,cpu      ] GC(413) User=0,00s Sys=0,00s Real=0,00s
[2024-12-04T16:40:46.985+0700][6,134s][info   ][gc,marking  ] GC(413) Concurrent Mark 3,498ms
[2024-12-04T16:40:46.985+0700][6,134s][info   ][gc,marking  ] GC(413) Concurrent Rebuild Remembered Sets
[2024-12-04T16:40:46.987+0700][6,136s][info   ][gc,marking  ] GC(413) Concurrent Rebuild Remembered Sets 1,384ms
[2024-12-04T16:40:46.987+0700][6,136s][info   ][gc,start    ] GC(413) Pause Cleanup
[2024-12-04T16:40:46.987+0700][6,136s][info   ][gc          ] GC(413) Pause Cleanup 985M->985M(2009M) 0,294ms
[2024-12-04T16:40:46.987+0700][6,136s][info   ][gc,cpu      ] GC(413) User=0,00s Sys=0,00s Real=0,00s
[2024-12-04T16:40:46.987+0700][6,136s][info   ][gc,marking  ] GC(413) Concurrent Cleanup for Next Mark
[2024-12-04T16:40:46.990+0700][6,139s][info   ][gc,marking  ] GC(413) Concurrent Cleanup for Next Mark 2,768ms
[2024-12-04T16:40:46.990+0700][6,139s][info   ][gc          ] GC(413) Concurrent Mark Cycle 8,126ms
[2024-12-04T16:40:46.993+0700][6,142s][info   ][gc,start    ] GC(414) Pause Young (Concurrent Start) (G1 Humongous Allocation)
[2024-12-04T16:40:46.993+0700][6,142s][info   ][gc,task     ] GC(414) Using 8 workers of 8 for evacuation
[2024-12-04T16:40:46.995+0700][6,143s][info   ][gc,phases   ] GC(414)   Pre Evacuate Collection Set: 0,2ms
[2024-12-04T16:40:46.995+0700][6,143s][info   ][gc,phases   ] GC(414)   Merge Heap Roots: 0,2ms
[2024-12-04T16:40:46.995+0700][6,143s][info   ][gc,phases   ] GC(414)   Evacuate Collection Set: 0,4ms
[2024-12-04T16:40:46.995+0700][6,143s][info   ][gc,phases   ] GC(414)   Post Evacuate Collection Set: 0,2ms
[2024-12-04T16:40:46.995+0700][6,143s][info   ][gc,phases   ] GC(414)   Other: 0,2ms
[2024-12-04T16:40:46.995+0700][6,143s][info   ][gc,heap     ] GC(414) Eden regions: 1->0(825)
[2024-12-04T16:40:46.995+0700][6,143s][info   ][gc,heap     ] GC(414) Survivor regions: 0->0(103)
[2024-12-04T16:40:46.995+0700][6,143s][info   ][gc,heap     ] GC(414) Old regions: 3->3
[2024-12-04T16:40:46.995+0700][6,143s][info   ][gc,heap     ] GC(414) Archive regions: 2->2
[2024-12-04T16:40:46.995+0700][6,143s][info   ][gc,heap     ] GC(414) Humongous regions: 983->983
[2024-12-04T16:40:46.995+0700][6,143s][info   ][gc,metaspace] GC(414) Metaspace: 5795K(6016K)->5795K(6016K) NonClass: 5133K(5248K)->5133K(5248K) Class: 661K(768K)->661K(768K)
[2024-12-04T16:40:46.995+0700][6,143s][info   ][gc          ] GC(414) Pause Young (Concurrent Start) (G1 Humongous Allocation) 986M->986M(2016M) 1,137ms
[2024-12-04T16:40:46.995+0700][6,143s][info   ][gc,cpu      ] GC(414) User=0,00s Sys=0,00s Real=0,00s
[2024-12-04T16:40:46.995+0700][6,143s][info   ][gc          ] GC(415) Concurrent Mark Cycle
[2024-12-04T16:40:46.995+0700][6,143s][info   ][gc,marking  ] GC(415) Concurrent Clear Claimed Marks
[2024-12-04T16:40:46.995+0700][6,143s][info   ][gc,marking  ] GC(415) Concurrent Clear Claimed Marks 0,006ms
[2024-12-04T16:40:46.995+0700][6,143s][info   ][gc,marking  ] GC(415) Concurrent Scan Root Regions
[2024-12-04T16:40:46.995+0700][6,143s][info   ][gc,marking  ] GC(415) Concurrent Scan Root Regions 0,004ms
[2024-12-04T16:40:46.995+0700][6,144s][info   ][gc,marking  ] GC(415) Concurrent Mark
[2024-12-04T16:40:46.995+0700][6,144s][info   ][gc,marking  ] GC(415) Concurrent Mark From Roots
[2024-12-04T16:40:46.995+0700][6,144s][info   ][gc,task     ] GC(415) Using 2 workers of 2 for marking
[2024-12-04T16:40:46.998+0700][6,147s][info   ][gc,marking  ] GC(415) Concurrent Mark From Roots 3,620ms
[2024-12-04T16:40:46.998+0700][6,147s][info   ][gc,marking  ] GC(415) Concurrent Preclean
[2024-12-04T16:40:46.998+0700][6,147s][info   ][gc,marking  ] GC(415) Concurrent Preclean 0,063ms
[2024-12-04T16:40:46.998+0700][6,147s][info   ][gc,start    ] GC(415) Pause Remark
[2024-12-04T16:40:47.001+0700][6,150s][info   ][gc          ] GC(415) Pause Remark 987M->987M(2016M) 2,700ms
[2024-12-04T16:40:47.001+0700][6,150s][info   ][gc,cpu      ] GC(415) User=0,00s Sys=0,00s Real=0,00s
[2024-12-04T16:40:47.001+0700][6,150s][info   ][gc,marking  ] GC(415) Concurrent Mark 6,556ms
[2024-12-04T16:40:47.001+0700][6,150s][info   ][gc,marking  ] GC(415) Concurrent Rebuild Remembered Sets
[2024-12-04T16:40:47.003+0700][6,152s][info   ][gc,marking  ] GC(415) Concurrent Rebuild Remembered Sets 1,722ms
[2024-12-04T16:40:47.003+0700][6,152s][info   ][gc,start    ] GC(415) Pause Cleanup
[2024-12-04T16:40:47.003+0700][6,152s][info   ][gc          ] GC(415) Pause Cleanup 988M->988M(2016M) 0,279ms
[2024-12-04T16:40:47.003+0700][6,152s][info   ][gc,cpu      ] GC(415) User=0,00s Sys=0,01s Real=0,01s
[2024-12-04T16:40:47.003+0700][6,152s][info   ][gc,marking  ] GC(415) Concurrent Cleanup for Next Mark
[2024-12-04T16:40:47.006+0700][6,155s][info   ][gc,marking  ] GC(415) Concurrent Cleanup for Next Mark 2,888ms
[2024-12-04T16:40:47.006+0700][6,155s][info   ][gc          ] GC(415) Concurrent Mark Cycle 11,642ms
[2024-12-04T16:40:47.007+0700][6,156s][info   ][gc,start    ] GC(416) Pause Young (Concurrent Start) (G1 Humongous Allocation)
[2024-12-04T16:40:47.007+0700][6,156s][info   ][gc,task     ] GC(416) Using 8 workers of 8 for evacuation
[2024-12-04T16:40:47.008+0700][6,157s][info   ][gc,phases   ] GC(416)   Pre Evacuate Collection Set: 0,3ms
[2024-12-04T16:40:47.008+0700][6,157s][info   ][gc,phases   ] GC(416)   Merge Heap Roots: 0,2ms
[2024-12-04T16:40:47.008+0700][6,157s][info   ][gc,phases   ] GC(416)   Evacuate Collection Set: 0,7ms
[2024-12-04T16:40:47.008+0700][6,157s][info   ][gc,phases   ] GC(416)   Post Evacuate Collection Set: 0,2ms
[2024-12-04T16:40:47.008+0700][6,157s][info   ][gc,phases   ] GC(416)   Other: 0,2ms
[2024-12-04T16:40:47.008+0700][6,157s][info   ][gc,heap     ] GC(416) Eden regions: 1->0(823)
[2024-12-04T16:40:47.008+0700][6,157s][info   ][gc,heap     ] GC(416) Survivor regions: 0->0(104)
[2024-12-04T16:40:47.008+0700][6,157s][info   ][gc,heap     ] GC(416) Old regions: 3->3
[2024-12-04T16:40:47.008+0700][6,157s][info   ][gc,heap     ] GC(416) Archive regions: 2->2
[2024-12-04T16:40:47.008+0700][6,157s][info   ][gc,heap     ] GC(416) Humongous regions: 985->985
[2024-12-04T16:40:47.008+0700][6,157s][info   ][gc,metaspace] GC(416) Metaspace: 5795K(6016K)->5795K(6016K) NonClass: 5133K(5248K)->5133K(5248K) Class: 661K(768K)->661K(768K)
[2024-12-04T16:40:47.008+0700][6,157s][info   ][gc          ] GC(416) Pause Young (Concurrent Start) (G1 Humongous Allocation) 988M->988M(2016M) 1,648ms
[2024-12-04T16:40:47.008+0700][6,157s][info   ][gc,cpu      ] GC(416) User=0,01s Sys=0,00s Real=0,00s
[2024-12-04T16:40:47.008+0700][6,157s][info   ][gc          ] GC(417) Concurrent Mark Cycle
[2024-12-04T16:40:47.008+0700][6,157s][info   ][gc,marking  ] GC(417) Concurrent Clear Claimed Marks
[2024-12-04T16:40:47.008+0700][6,157s][info   ][gc,marking  ] GC(417) Concurrent Clear Claimed Marks 0,016ms
[2024-12-04T16:40:47.008+0700][6,157s][info   ][gc,marking  ] GC(417) Concurrent Scan Root Regions
[2024-12-04T16:40:47.008+0700][6,157s][info   ][gc,marking  ] GC(417) Concurrent Scan Root Regions 0,008ms
[2024-12-04T16:40:47.008+0700][6,157s][info   ][gc,marking  ] GC(417) Concurrent Mark
[2024-12-04T16:40:47.008+0700][6,157s][info   ][gc,marking  ] GC(417) Concurrent Mark From Roots
[2024-12-04T16:40:47.008+0700][6,157s][info   ][gc,task     ] GC(417) Using 2 workers of 2 for marking
[2024-12-04T16:40:47.012+0700][6,161s][info   ][gc,marking  ] GC(417) Concurrent Mark From Roots 3,498ms
[2024-12-04T16:40:47.012+0700][6,161s][info   ][gc,marking  ] GC(417) Concurrent Preclean
[2024-12-04T16:40:47.012+0700][6,161s][info   ][gc,marking  ] GC(417) Concurrent Preclean 0,068ms
[2024-12-04T16:40:47.012+0700][6,161s][info   ][gc,start    ] GC(417) Pause Remark
[2024-12-04T16:40:47.013+0700][6,162s][info   ][gc          ] GC(417) Pause Remark 989M->989M(2016M) 0,821ms
[2024-12-04T16:40:47.013+0700][6,162s][info   ][gc,cpu      ] GC(417) User=0,01s Sys=0,00s Real=0,00s
[2024-12-04T16:40:47.013+0700][6,162s][info   ][gc,marking  ] GC(417) Concurrent Mark 4,524ms
[2024-12-04T16:40:47.013+0700][6,162s][info   ][gc,marking  ] GC(417) Concurrent Rebuild Remembered Sets
[2024-12-04T16:40:47.015+0700][6,163s][info   ][gc,marking  ] GC(417) Concurrent Rebuild Remembered Sets 1,544ms
[2024-12-04T16:40:47.015+0700][6,164s][info   ][gc,start    ] GC(417) Pause Cleanup
[2024-12-04T16:40:47.015+0700][6,164s][info   ][gc          ] GC(417) Pause Cleanup 990M->990M(2016M) 0,218ms
[2024-12-04T16:40:47.015+0700][6,164s][info   ][gc,cpu      ] GC(417) User=0,00s Sys=0,00s Real=0,00s
[2024-12-04T16:40:47.015+0700][6,164s][info   ][gc,marking  ] GC(417) Concurrent Cleanup for Next Mark
[2024-12-04T16:40:47.018+0700][6,167s][info   ][gc,marking  ] GC(417) Concurrent Cleanup for Next Mark 2,763ms
[2024-12-04T16:40:47.018+0700][6,167s][info   ][gc          ] GC(417) Concurrent Mark Cycle 9,267ms
[2024-12-04T16:40:47.020+0700][6,169s][info   ][gc,start    ] GC(418) Pause Young (Concurrent Start) (G1 Humongous Allocation)
[2024-12-04T16:40:47.020+0700][6,169s][info   ][gc,task     ] GC(418) Using 8 workers of 8 for evacuation
[2024-12-04T16:40:47.021+0700][6,169s][info   ][gc,phases   ] GC(418)   Pre Evacuate Collection Set: 0,2ms
[2024-12-04T16:40:47.021+0700][6,169s][info   ][gc,phases   ] GC(418)   Merge Heap Roots: 0,2ms
[2024-12-04T16:40:47.021+0700][6,169s][info   ][gc,phases   ] GC(418)   Evacuate Collection Set: 0,3ms
[2024-12-04T16:40:47.021+0700][6,169s][info   ][gc,phases   ] GC(418)   Post Evacuate Collection Set: 0,1ms
[2024-12-04T16:40:47.021+0700][6,169s][info   ][gc,phases   ] GC(418)   Other: 0,1ms
[2024-12-04T16:40:47.021+0700][6,169s][info   ][gc,heap     ] GC(418) Eden regions: 1->0(821)
[2024-12-04T16:40:47.021+0700][6,170s][info   ][gc,heap     ] GC(418) Survivor regions: 0->0(103)
[2024-12-04T16:40:47.021+0700][6,170s][info   ][gc,heap     ] GC(418) Old regions: 3->3
[2024-12-04T16:40:47.021+0700][6,170s][info   ][gc,heap     ] GC(418) Archive regions: 2->2
[2024-12-04T16:40:47.021+0700][6,170s][info   ][gc,heap     ] GC(418) Humongous regions: 987->987
[2024-12-04T16:40:47.021+0700][6,170s][info   ][gc,metaspace] GC(418) Metaspace: 5795K(6016K)->5795K(6016K) NonClass: 5133K(5248K)->5133K(5248K) Class: 661K(768K)->661K(768K)
[2024-12-04T16:40:47.021+0700][6,170s][info   ][gc          ] GC(418) Pause Young (Concurrent Start) (G1 Humongous Allocation) 990M->990M(2016M) 1,025ms
[2024-12-04T16:40:47.021+0700][6,170s][info   ][gc,cpu      ] GC(418) User=0,00s Sys=0,00s Real=0,00s
[2024-12-04T16:40:47.021+0700][6,170s][info   ][gc          ] GC(419) Concurrent Mark Cycle
[2024-12-04T16:40:47.021+0700][6,170s][info   ][gc,marking  ] GC(419) Concurrent Clear Claimed Marks
[2024-12-04T16:40:47.021+0700][6,170s][info   ][gc,marking  ] GC(419) Concurrent Clear Claimed Marks 0,010ms
[2024-12-04T16:40:47.021+0700][6,170s][info   ][gc,marking  ] GC(419) Concurrent Scan Root Regions
[2024-12-04T16:40:47.021+0700][6,170s][info   ][gc,marking  ] GC(419) Concurrent Scan Root Regions 0,004ms
[2024-12-04T16:40:47.021+0700][6,170s][info   ][gc,marking  ] GC(419) Concurrent Mark
[2024-12-04T16:40:47.021+0700][6,170s][info   ][gc,marking  ] GC(419) Concurrent Mark From Roots
[2024-12-04T16:40:47.021+0700][6,170s][info   ][gc,task     ] GC(419) Using 2 workers of 2 for marking
[2024-12-04T16:40:47.024+0700][6,173s][info   ][gc,marking  ] GC(419) Concurrent Mark From Roots 3,219ms
[2024-12-04T16:40:47.024+0700][6,173s][info   ][gc,marking  ] GC(419) Concurrent Preclean
[2024-12-04T16:40:47.024+0700][6,173s][info   ][gc,marking  ] GC(419) Concurrent Preclean 0,049ms
[2024-12-04T16:40:47.024+0700][6,173s][info   ][gc,start    ] GC(419) Pause Remark
[2024-12-04T16:40:47.025+0700][6,174s][info   ][gc          ] GC(419) Pause Remark 991M->991M(2016M) 0,650ms
[2024-12-04T16:40:47.025+0700][6,174s][info   ][gc,cpu      ] GC(419) User=0,01s Sys=0,00s Real=0,00s
[2024-12-04T16:40:47.025+0700][6,174s][info   ][gc,marking  ] GC(419) Concurrent Mark 4,024ms
[2024-12-04T16:40:47.025+0700][6,174s][info   ][gc,marking  ] GC(419) Concurrent Rebuild Remembered Sets
[2024-12-04T16:40:47.026+0700][6,175s][info   ][gc,marking  ] GC(419) Concurrent Rebuild Remembered Sets 1,500ms
[2024-12-04T16:40:47.026+0700][6,175s][info   ][gc,start    ] GC(419) Pause Cleanup
[2024-12-04T16:40:47.027+0700][6,175s][info   ][gc          ] GC(419) Pause Cleanup 991M->991M(2016M) 0,160ms
[2024-12-04T16:40:47.027+0700][6,175s][info   ][gc,cpu      ] GC(419) User=0,00s Sys=0,00s Real=0,00s
[2024-12-04T16:40:47.027+0700][6,175s][info   ][gc,marking  ] GC(419) Concurrent Cleanup for Next Mark
[2024-12-04T16:40:47.031+0700][6,180s][info   ][gc,marking  ] GC(419) Concurrent Cleanup for Next Mark 4,228ms
[2024-12-04T16:40:47.031+0700][6,180s][info   ][gc          ] GC(419) Concurrent Mark Cycle 10,099ms
[2024-12-04T16:40:47.032+0700][6,181s][info   ][gc,start    ] GC(420) Pause Young (Concurrent Start) (G1 Humongous Allocation)
[2024-12-04T16:40:47.032+0700][6,181s][info   ][gc,task     ] GC(420) Using 8 workers of 8 for evacuation
[2024-12-04T16:40:47.034+0700][6,182s][info   ][gc,phases   ] GC(420)   Pre Evacuate Collection Set: 0,2ms
[2024-12-04T16:40:47.034+0700][6,182s][info   ][gc,phases   ] GC(420)   Merge Heap Roots: 0,3ms
[2024-12-04T16:40:47.034+0700][6,182s][info   ][gc,phases   ] GC(420)   Evacuate Collection Set: 0,4ms
[2024-12-04T16:40:47.034+0700][6,182s][info   ][gc,phases   ] GC(420)   Post Evacuate Collection Set: 0,1ms
[2024-12-04T16:40:47.034+0700][6,182s][info   ][gc,phases   ] GC(420)   Other: 0,2ms
[2024-12-04T16:40:47.034+0700][6,182s][info   ][gc,heap     ] GC(420) Eden regions: 1->0(819)
[2024-12-04T16:40:47.034+0700][6,182s][info   ][gc,heap     ] GC(420) Survivor regions: 0->0(103)
[2024-12-04T16:40:47.034+0700][6,182s][info   ][gc,heap     ] GC(420) Old regions: 3->3
[2024-12-04T16:40:47.034+0700][6,182s][info   ][gc,heap     ] GC(420) Archive regions: 2->2
[2024-12-04T16:40:47.034+0700][6,182s][info   ][gc,heap     ] GC(420) Humongous regions: 989->989
[2024-12-04T16:40:47.034+0700][6,182s][info   ][gc,metaspace] GC(420) Metaspace: 5795K(6016K)->5795K(6016K) NonClass: 5133K(5248K)->5133K(5248K) Class: 661K(768K)->661K(768K)
[2024-12-04T16:40:47.034+0700][6,182s][info   ][gc          ] GC(420) Pause Young (Concurrent Start) (G1 Humongous Allocation) 992M->992M(2016M) 1,237ms
[2024-12-04T16:40:47.034+0700][6,182s][info   ][gc,cpu      ] GC(420) User=0,00s Sys=0,00s Real=0,01s
[2024-12-04T16:40:47.034+0700][6,183s][info   ][gc          ] GC(421) Concurrent Mark Cycle
[2024-12-04T16:40:47.034+0700][6,183s][info   ][gc,marking  ] GC(421) Concurrent Clear Claimed Marks
[2024-12-04T16:40:47.034+0700][6,183s][info   ][gc,marking  ] GC(421) Concurrent Clear Claimed Marks 0,009ms
[2024-12-04T16:40:47.034+0700][6,183s][info   ][gc,marking  ] GC(421) Concurrent Scan Root Regions
[2024-12-04T16:40:47.034+0700][6,183s][info   ][gc,marking  ] GC(421) Concurrent Scan Root Regions 0,004ms
[2024-12-04T16:40:47.034+0700][6,183s][info   ][gc,marking  ] GC(421) Concurrent Mark
[2024-12-04T16:40:47.034+0700][6,183s][info   ][gc,marking  ] GC(421) Concurrent Mark From Roots
[2024-12-04T16:40:47.034+0700][6,183s][info   ][gc,task     ] GC(421) Using 2 workers of 2 for marking
[2024-12-04T16:40:47.036+0700][6,185s][info   ][gc,marking  ] GC(421) Concurrent Mark From Roots 2,763ms
[2024-12-04T16:40:47.036+0700][6,185s][info   ][gc,marking  ] GC(421) Concurrent Preclean
[2024-12-04T16:40:47.037+0700][6,185s][info   ][gc,marking  ] GC(421) Concurrent Preclean 0,045ms
[2024-12-04T16:40:47.037+0700][6,185s][info   ][gc,start    ] GC(421) Pause Remark
[2024-12-04T16:40:47.037+0700][6,186s][info   ][gc          ] GC(421) Pause Remark 993M->993M(2016M) 0,617ms
[2024-12-04T16:40:47.037+0700][6,186s][info   ][gc,cpu      ] GC(421) User=0,00s Sys=0,00s Real=0,00s
[2024-12-04T16:40:47.037+0700][6,186s][info   ][gc,marking  ] GC(421) Concurrent Mark 3,538ms
[2024-12-04T16:40:47.037+0700][6,186s][info   ][gc,marking  ] GC(421) Concurrent Rebuild Remembered Sets
[2024-12-04T16:40:47.039+0700][6,187s][info   ][gc,marking  ] GC(421) Concurrent Rebuild Remembered Sets 1,333ms
[2024-12-04T16:40:47.039+0700][6,187s][info   ][gc,start    ] GC(421) Pause Cleanup
[2024-12-04T16:40:47.039+0700][6,188s][info   ][gc          ] GC(421) Pause Cleanup 993M->993M(2016M) 0,170ms
[2024-12-04T16:40:47.039+0700][6,188s][info   ][gc,cpu      ] GC(421) User=0,00s Sys=0,00s Real=0,00s
[2024-12-04T16:40:47.039+0700][6,188s][info   ][gc,marking  ] GC(421) Concurrent Cleanup for Next Mark
[2024-12-04T16:40:47.042+0700][6,191s][info   ][gc,marking  ] GC(421) Concurrent Cleanup for Next Mark 3,046ms
[2024-12-04T16:40:47.042+0700][6,191s][info   ][gc          ] GC(421) Concurrent Mark Cycle 8,271ms
[2024-12-04T16:40:47.046+0700][6,195s][info   ][gc,start    ] GC(422) Pause Young (Concurrent Start) (G1 Humongous Allocation)
[2024-12-04T16:40:47.046+0700][6,195s][info   ][gc,task     ] GC(422) Using 8 workers of 8 for evacuation
[2024-12-04T16:40:47.047+0700][6,196s][info   ][gc,phases   ] GC(422)   Pre Evacuate Collection Set: 0,4ms
[2024-12-04T16:40:47.047+0700][6,196s][info   ][gc,phases   ] GC(422)   Merge Heap Roots: 0,2ms
[2024-12-04T16:40:47.047+0700][6,196s][info   ][gc,phases   ] GC(422)   Evacuate Collection Set: 0,3ms
[2024-12-04T16:40:47.047+0700][6,196s][info   ][gc,phases   ] GC(422)   Post Evacuate Collection Set: 0,3ms
[2024-12-04T16:40:47.047+0700][6,196s][info   ][gc,phases   ] GC(422)   Other: 0,2ms
[2024-12-04T16:40:47.047+0700][6,196s][info   ][gc,heap     ] GC(422) Eden regions: 1->0(820)
[2024-12-04T16:40:47.047+0700][6,196s][info   ][gc,heap     ] GC(422) Survivor regions: 0->0(103)
[2024-12-04T16:40:47.047+0700][6,196s][info   ][gc,heap     ] GC(422) Old regions: 3->3
[2024-12-04T16:40:47.047+0700][6,196s][info   ][gc,heap     ] GC(422) Archive regions: 2->2
[2024-12-04T16:40:47.047+0700][6,196s][info   ][gc,heap     ] GC(422) Humongous regions: 991->991
[2024-12-04T16:40:47.047+0700][6,196s][info   ][gc,metaspace] GC(422) Metaspace: 5795K(6016K)->5795K(6016K) NonClass: 5133K(5248K)->5133K(5248K) Class: 661K(768K)->661K(768K)
[2024-12-04T16:40:47.047+0700][6,196s][info   ][gc          ] GC(422) Pause Young (Concurrent Start) (G1 Humongous Allocation) 994M->994M(2019M) 1,537ms
[2024-12-04T16:40:47.047+0700][6,196s][info   ][gc,cpu      ] GC(422) User=0,00s Sys=0,00s Real=0,00s
[2024-12-04T16:40:47.047+0700][6,196s][info   ][gc          ] GC(423) Concurrent Mark Cycle
[2024-12-04T16:40:47.047+0700][6,196s][info   ][gc,marking  ] GC(423) Concurrent Clear Claimed Marks
[2024-12-04T16:40:47.047+0700][6,196s][info   ][gc,marking  ] GC(423) Concurrent Clear Claimed Marks 0,019ms
[2024-12-04T16:40:47.047+0700][6,196s][info   ][gc,marking  ] GC(423) Concurrent Scan Root Regions
[2024-12-04T16:40:47.047+0700][6,196s][info   ][gc,marking  ] GC(423) Concurrent Scan Root Regions 0,008ms
[2024-12-04T16:40:47.047+0700][6,196s][info   ][gc,marking  ] GC(423) Concurrent Mark
[2024-12-04T16:40:47.047+0700][6,196s][info   ][gc,marking  ] GC(423) Concurrent Mark From Roots
[2024-12-04T16:40:47.047+0700][6,196s][info   ][gc,task     ] GC(423) Using 2 workers of 2 for marking
[2024-12-04T16:40:47.053+0700][6,201s][info   ][gc,marking  ] GC(423) Concurrent Mark From Roots 5,184ms
[2024-12-04T16:40:47.053+0700][6,202s][info   ][gc,marking  ] GC(423) Concurrent Preclean
[2024-12-04T16:40:47.053+0700][6,202s][info   ][gc,marking  ] GC(423) Concurrent Preclean 0,100ms
[2024-12-04T16:40:47.053+0700][6,202s][info   ][gc,start    ] GC(423) Pause Remark
[2024-12-04T16:40:47.054+0700][6,203s][info   ][gc          ] GC(423) Pause Remark 995M->995M(2019M) 1,360ms
[2024-12-04T16:40:47.054+0700][6,203s][info   ][gc,cpu      ] GC(423) User=0,01s Sys=0,00s Real=0,01s
[2024-12-04T16:40:47.054+0700][6,203s][info   ][gc,marking  ] GC(423) Concurrent Mark 6,855ms
[2024-12-04T16:40:47.054+0700][6,203s][info   ][gc,marking  ] GC(423) Concurrent Rebuild Remembered Sets
[2024-12-04T16:40:47.057+0700][6,206s][info   ][gc,marking  ] GC(423) Concurrent Rebuild Remembered Sets 2,571ms
[2024-12-04T16:40:47.057+0700][6,206s][info   ][gc,start    ] GC(423) Pause Cleanup
[2024-12-04T16:40:47.057+0700][6,206s][info   ][gc          ] GC(423) Pause Cleanup 996M->996M(2019M) 0,313ms
[2024-12-04T16:40:47.057+0700][6,206s][info   ][gc,cpu      ] GC(423) User=0,00s Sys=0,00s Real=0,00s
[2024-12-04T16:40:47.057+0700][6,206s][info   ][gc,marking  ] GC(423) Concurrent Cleanup for Next Mark
[2024-12-04T16:40:47.060+0700][6,209s][info   ][gc,marking  ] GC(423) Concurrent Cleanup for Next Mark 2,963ms
[2024-12-04T16:40:47.060+0700][6,209s][info   ][gc          ] GC(423) Concurrent Mark Cycle 13,020ms
[2024-12-04T16:40:47.066+0700][6,215s][info   ][gc,start    ] GC(424) Pause Young (Concurrent Start) (G1 Humongous Allocation)
[2024-12-04T16:40:47.066+0700][6,215s][info   ][gc,task     ] GC(424) Using 8 workers of 8 for evacuation
[2024-12-04T16:40:47.067+0700][6,216s][info   ][gc,phases   ] GC(424)   Pre Evacuate Collection Set: 0,2ms
[2024-12-04T16:40:47.067+0700][6,216s][info   ][gc,phases   ] GC(424)   Merge Heap Roots: 0,3ms
[2024-12-04T16:40:47.067+0700][6,216s][info   ][gc,phases   ] GC(424)   Evacuate Collection Set: 0,3ms
[2024-12-04T16:40:47.067+0700][6,216s][info   ][gc,phases   ] GC(424)   Post Evacuate Collection Set: 0,1ms
[2024-12-04T16:40:47.067+0700][6,216s][info   ][gc,phases   ] GC(424)   Other: 0,2ms
[2024-12-04T16:40:47.067+0700][6,216s][info   ][gc,heap     ] GC(424) Eden regions: 1->0(817)
[2024-12-04T16:40:47.067+0700][6,216s][info   ][gc,heap     ] GC(424) Survivor regions: 0->0(103)
[2024-12-04T16:40:47.067+0700][6,216s][info   ][gc,heap     ] GC(424) Old regions: 3->3
[2024-12-04T16:40:47.067+0700][6,216s][info   ][gc,heap     ] GC(424) Archive regions: 2->2
[2024-12-04T16:40:47.067+0700][6,216s][info   ][gc,heap     ] GC(424) Humongous regions: 994->994
[2024-12-04T16:40:47.067+0700][6,216s][info   ][gc,metaspace] GC(424) Metaspace: 5795K(6016K)->5795K(6016K) NonClass: 5133K(5248K)->5133K(5248K) Class: 661K(768K)->661K(768K)
[2024-12-04T16:40:47.067+0700][6,216s][info   ][gc          ] GC(424) Pause Young (Concurrent Start) (G1 Humongous Allocation) 997M->997M(2019M) 1,216ms
[2024-12-04T16:40:47.067+0700][6,216s][info   ][gc,cpu      ] GC(424) User=0,00s Sys=0,00s Real=0,00s
[2024-12-04T16:40:47.067+0700][6,216s][info   ][gc          ] GC(425) Concurrent Mark Cycle
[2024-12-04T16:40:47.067+0700][6,216s][info   ][gc,marking  ] GC(425) Concurrent Clear Claimed Marks
[2024-12-04T16:40:47.067+0700][6,216s][info   ][gc,marking  ] GC(425) Concurrent Clear Claimed Marks 0,021ms
[2024-12-04T16:40:47.067+0700][6,216s][info   ][gc,marking  ] GC(425) Concurrent Scan Root Regions
[2024-12-04T16:40:47.067+0700][6,216s][info   ][gc,marking  ] GC(425) Concurrent Scan Root Regions 0,005ms
[2024-12-04T16:40:47.067+0700][6,216s][info   ][gc,marking  ] GC(425) Concurrent Mark
[2024-12-04T16:40:47.067+0700][6,216s][info   ][gc,marking  ] GC(425) Concurrent Mark From Roots
[2024-12-04T16:40:47.067+0700][6,216s][info   ][gc,task     ] GC(425) Using 2 workers of 2 for marking
[2024-12-04T16:40:47.072+0700][6,220s][info   ][gc,marking  ] GC(425) Concurrent Mark From Roots 4,355ms
[2024-12-04T16:40:47.072+0700][6,221s][info   ][gc,marking  ] GC(425) Concurrent Preclean
[2024-12-04T16:40:47.072+0700][6,221s][info   ][gc,marking  ] GC(425) Concurrent Preclean 0,046ms
[2024-12-04T16:40:47.072+0700][6,221s][info   ][gc,start    ] GC(425) Pause Remark
[2024-12-04T16:40:47.073+0700][6,222s][info   ][gc          ] GC(425) Pause Remark 998M->998M(2019M) 0,979ms
[2024-12-04T16:40:47.073+0700][6,222s][info   ][gc,cpu      ] GC(425) User=0,00s Sys=0,00s Real=0,00s
[2024-12-04T16:40:47.073+0700][6,222s][info   ][gc,marking  ] GC(425) Concurrent Mark 5,569ms
[2024-12-04T16:40:47.073+0700][6,222s][info   ][gc,marking  ] GC(425) Concurrent Rebuild Remembered Sets
[2024-12-04T16:40:47.075+0700][6,223s][info   ][gc,marking  ] GC(425) Concurrent Rebuild Remembered Sets 1,764ms
[2024-12-04T16:40:47.075+0700][6,224s][info   ][gc,start    ] GC(425) Pause Cleanup
[2024-12-04T16:40:47.075+0700][6,224s][info   ][gc          ] GC(425) Pause Cleanup 999M->999M(2019M) 0,225ms
[2024-12-04T16:40:47.075+0700][6,224s][info   ][gc,cpu      ] GC(425) User=0,00s Sys=0,00s Real=0,00s
[2024-12-04T16:40:47.075+0700][6,224s][info   ][gc,marking  ] GC(425) Concurrent Cleanup for Next Mark
[2024-12-04T16:40:47.078+0700][6,227s][info   ][gc,marking  ] GC(425) Concurrent Cleanup for Next Mark 3,240ms
[2024-12-04T16:40:47.078+0700][6,227s][info   ][gc          ] GC(425) Concurrent Mark Cycle 11,099ms
[2024-12-04T16:40:47.079+0700][6,228s][info   ][gc,start    ] GC(426) Pause Young (Concurrent Start) (G1 Humongous Allocation)
[2024-12-04T16:40:47.079+0700][6,228s][info   ][gc,task     ] GC(426) Using 8 workers of 8 for evacuation
[2024-12-04T16:40:47.081+0700][6,230s][info   ][gc,phases   ] GC(426)   Pre Evacuate Collection Set: 0,5ms
[2024-12-04T16:40:47.081+0700][6,230s][info   ][gc,phases   ] GC(426)   Merge Heap Roots: 0,3ms
[2024-12-04T16:40:47.081+0700][6,230s][info   ][gc,phases   ] GC(426)   Evacuate Collection Set: 0,6ms
[2024-12-04T16:40:47.081+0700][6,230s][info   ][gc,phases   ] GC(426)   Post Evacuate Collection Set: 0,2ms
[2024-12-04T16:40:47.081+0700][6,230s][info   ][gc,phases   ] GC(426)   Other: 0,3ms
[2024-12-04T16:40:47.081+0700][6,230s][info   ][gc,heap     ] GC(426) Eden regions: 1->0(815)
[2024-12-04T16:40:47.081+0700][6,230s][info   ][gc,heap     ] GC(426) Survivor regions: 0->0(103)
[2024-12-04T16:40:47.081+0700][6,230s][info   ][gc,heap     ] GC(426) Old regions: 3->3
[2024-12-04T16:40:47.081+0700][6,230s][info   ][gc,heap     ] GC(426) Archive regions: 2->2
[2024-12-04T16:40:47.081+0700][6,230s][info   ][gc,heap     ] GC(426) Humongous regions: 996->996
[2024-12-04T16:40:47.081+0700][6,230s][info   ][gc,metaspace] GC(426) Metaspace: 5795K(6016K)->5795K(6016K) NonClass: 5133K(5248K)->5133K(5248K) Class: 661K(768K)->661K(768K)
[2024-12-04T16:40:47.081+0700][6,230s][info   ][gc          ] GC(426) Pause Young (Concurrent Start) (G1 Humongous Allocation) 999M->999M(2019M) 2,047ms
[2024-12-04T16:40:47.081+0700][6,230s][info   ][gc,cpu      ] GC(426) User=0,00s Sys=0,00s Real=0,00s
[2024-12-04T16:40:47.081+0700][6,230s][info   ][gc          ] GC(427) Concurrent Mark Cycle
[2024-12-04T16:40:47.081+0700][6,230s][info   ][gc,marking  ] GC(427) Concurrent Clear Claimed Marks
[2024-12-04T16:40:47.081+0700][6,230s][info   ][gc,marking  ] GC(427) Concurrent Clear Claimed Marks 0,022ms
[2024-12-04T16:40:47.081+0700][6,230s][info   ][gc,marking  ] GC(427) Concurrent Scan Root Regions
[2024-12-04T16:40:47.081+0700][6,230s][info   ][gc,marking  ] GC(427) Concurrent Scan Root Regions 0,027ms
[2024-12-04T16:40:47.081+0700][6,230s][info   ][gc,marking  ] GC(427) Concurrent Mark
[2024-12-04T16:40:47.081+0700][6,230s][info   ][gc,marking  ] GC(427) Concurrent Mark From Roots
[2024-12-04T16:40:47.081+0700][6,230s][info   ][gc,task     ] GC(427) Using 2 workers of 2 for marking
[2024-12-04T16:40:47.085+0700][6,234s][info   ][gc,marking  ] GC(427) Concurrent Mark From Roots 3,761ms
[2024-12-04T16:40:47.085+0700][6,234s][info   ][gc,marking  ] GC(427) Concurrent Preclean
[2024-12-04T16:40:47.085+0700][6,234s][info   ][gc,marking  ] GC(427) Concurrent Preclean 0,052ms
[2024-12-04T16:40:47.085+0700][6,234s][info   ][gc,start    ] GC(427) Pause Remark
[2024-12-04T16:40:47.086+0700][6,235s][info   ][gc          ] GC(427) Pause Remark 1000M->1000M(2019M) 1,273ms
[2024-12-04T16:40:47.086+0700][6,235s][info   ][gc,cpu      ] GC(427) User=0,01s Sys=0,00s Real=0,00s
[2024-12-04T16:40:47.086+0700][6,235s][info   ][gc,marking  ] GC(427) Concurrent Mark 5,271ms
[2024-12-04T16:40:47.086+0700][6,235s][info   ][gc,marking  ] GC(427) Concurrent Rebuild Remembered Sets
[2024-12-04T16:40:47.089+0700][6,237s][info   ][gc,marking  ] GC(427) Concurrent Rebuild Remembered Sets 2,057ms
[2024-12-04T16:40:47.089+0700][6,237s][info   ][gc,start    ] GC(427) Pause Cleanup
[2024-12-04T16:40:47.089+0700][6,238s][info   ][gc          ] GC(427) Pause Cleanup 1001M->1001M(2019M) 0,446ms
[2024-12-04T16:40:47.089+0700][6,238s][info   ][gc,cpu      ] GC(427) User=0,00s Sys=0,00s Real=0,00s
[2024-12-04T16:40:47.089+0700][6,238s][info   ][gc,marking  ] GC(427) Concurrent Cleanup for Next Mark
[2024-12-04T16:40:47.092+0700][6,241s][info   ][gc,marking  ] GC(427) Concurrent Cleanup for Next Mark 3,277ms
[2024-12-04T16:40:47.093+0700][6,241s][info   ][gc          ] GC(427) Concurrent Mark Cycle 11,481ms
[2024-12-04T16:40:47.093+0700][6,242s][info   ][gc,start    ] GC(428) Pause Young (Concurrent Start) (G1 Humongous Allocation)
[2024-12-04T16:40:47.093+0700][6,242s][info   ][gc,task     ] GC(428) Using 8 workers of 8 for evacuation
[2024-12-04T16:40:47.094+0700][6,243s][info   ][gc,phases   ] GC(428)   Pre Evacuate Collection Set: 0,3ms
[2024-12-04T16:40:47.094+0700][6,243s][info   ][gc,phases   ] GC(428)   Merge Heap Roots: 0,3ms
[2024-12-04T16:40:47.094+0700][6,243s][info   ][gc,phases   ] GC(428)   Evacuate Collection Set: 0,4ms
[2024-12-04T16:40:47.094+0700][6,243s][info   ][gc,phases   ] GC(428)   Post Evacuate Collection Set: 0,1ms
[2024-12-04T16:40:47.094+0700][6,243s][info   ][gc,phases   ] GC(428)   Other: 0,3ms
[2024-12-04T16:40:47.094+0700][6,243s][info   ][gc,heap     ] GC(428) Eden regions: 1->0(813)
[2024-12-04T16:40:47.094+0700][6,243s][info   ][gc,heap     ] GC(428) Survivor regions: 0->0(102)
[2024-12-04T16:40:47.094+0700][6,243s][info   ][gc,heap     ] GC(428) Old regions: 3->3
[2024-12-04T16:40:47.094+0700][6,243s][info   ][gc,heap     ] GC(428) Archive regions: 2->2
[2024-12-04T16:40:47.094+0700][6,243s][info   ][gc,heap     ] GC(428) Humongous regions: 998->998
[2024-12-04T16:40:47.094+0700][6,243s][info   ][gc,metaspace] GC(428) Metaspace: 5795K(6016K)->5795K(6016K) NonClass: 5133K(5248K)->5133K(5248K) Class: 661K(768K)->661K(768K)
[2024-12-04T16:40:47.094+0700][6,243s][info   ][gc          ] GC(428) Pause Young (Concurrent Start) (G1 Humongous Allocation) 1001M->1001M(2019M) 1,440ms
[2024-12-04T16:40:47.094+0700][6,243s][info   ][gc,cpu      ] GC(428) User=0,00s Sys=0,00s Real=0,01s
[2024-12-04T16:40:47.094+0700][6,243s][info   ][gc          ] GC(429) Concurrent Mark Cycle
[2024-12-04T16:40:47.094+0700][6,243s][info   ][gc,marking  ] GC(429) Concurrent Clear Claimed Marks
[2024-12-04T16:40:47.094+0700][6,243s][info   ][gc,marking  ] GC(429) Concurrent Clear Claimed Marks 0,018ms
[2024-12-04T16:40:47.094+0700][6,243s][info   ][gc,marking  ] GC(429) Concurrent Scan Root Regions
[2024-12-04T16:40:47.094+0700][6,243s][info   ][gc,marking  ] GC(429) Concurrent Scan Root Regions 0,005ms
[2024-12-04T16:40:47.094+0700][6,243s][info   ][gc,marking  ] GC(429) Concurrent Mark
[2024-12-04T16:40:47.094+0700][6,243s][info   ][gc,marking  ] GC(429) Concurrent Mark From Roots
[2024-12-04T16:40:47.094+0700][6,243s][info   ][gc,task     ] GC(429) Using 2 workers of 2 for marking
[2024-12-04T16:40:47.099+0700][6,248s][info   ][gc,marking  ] GC(429) Concurrent Mark From Roots 4,691ms
[2024-12-04T16:40:47.099+0700][6,248s][info   ][gc,marking  ] GC(429) Concurrent Preclean
[2024-12-04T16:40:47.099+0700][6,248s][info   ][gc,marking  ] GC(429) Concurrent Preclean 0,084ms
[2024-12-04T16:40:47.099+0700][6,248s][info   ][gc,start    ] GC(429) Pause Remark
[2024-12-04T16:40:47.103+0700][6,252s][info   ][gc          ] GC(429) Pause Remark 1002M->1002M(2019M) 4,189ms
[2024-12-04T16:40:47.104+0700][6,252s][info   ][gc,cpu      ] GC(429) User=0,00s Sys=0,01s Real=0,01s
[2024-12-04T16:40:47.104+0700][6,253s][info   ][gc,marking  ] GC(429) Concurrent Mark 9,383ms
[2024-12-04T16:40:47.104+0700][6,253s][info   ][gc,marking  ] GC(429) Concurrent Rebuild Remembered Sets
[2024-12-04T16:40:47.107+0700][6,256s][info   ][gc,marking  ] GC(429) Concurrent Rebuild Remembered Sets 3,605ms
[2024-12-04T16:40:47.107+0700][6,256s][info   ][gc,start    ] GC(429) Pause Cleanup
[2024-12-04T16:40:47.108+0700][6,257s][info   ][gc          ] GC(429) Pause Cleanup 1003M->1003M(2019M) 0,714ms
[2024-12-04T16:40:47.108+0700][6,257s][info   ][gc,cpu      ] GC(429) User=0,00s Sys=0,00s Real=0,00s
[2024-12-04T16:40:47.108+0700][6,257s][info   ][gc,marking  ] GC(429) Concurrent Cleanup for Next Mark
[2024-12-04T16:40:47.112+0700][6,261s][info   ][gc,marking  ] GC(429) Concurrent Cleanup for Next Mark 4,224ms
[2024-12-04T16:40:47.113+0700][6,261s][info   ][gc          ] GC(429) Concurrent Mark Cycle 18,338ms
[2024-12-04T16:40:47.117+0700][6,266s][info   ][gc,start    ] GC(430) Pause Young (Concurrent Start) (G1 Humongous Allocation)
[2024-12-04T16:40:47.117+0700][6,266s][info   ][gc,task     ] GC(430) Using 8 workers of 8 for evacuation
[2024-12-04T16:40:47.119+0700][6,268s][info   ][gc,phases   ] GC(430)   Pre Evacuate Collection Set: 0,3ms
[2024-12-04T16:40:47.119+0700][6,268s][info   ][gc,phases   ] GC(430)   Merge Heap Roots: 0,2ms
[2024-12-04T16:40:47.119+0700][6,268s][info   ][gc,phases   ] GC(430)   Evacuate Collection Set: 0,5ms
[2024-12-04T16:40:47.119+0700][6,268s][info   ][gc,phases   ] GC(430)   Post Evacuate Collection Set: 0,2ms
[2024-12-04T16:40:47.119+0700][6,268s][info   ][gc,phases   ] GC(430)   Other: 0,3ms
[2024-12-04T16:40:47.119+0700][6,268s][info   ][gc,heap     ] GC(430) Eden regions: 1->0(813)
[2024-12-04T16:40:47.119+0700][6,268s][info   ][gc,heap     ] GC(430) Survivor regions: 0->0(102)
[2024-12-04T16:40:47.119+0700][6,268s][info   ][gc,heap     ] GC(430) Old regions: 3->3
[2024-12-04T16:40:47.119+0700][6,268s][info   ][gc,heap     ] GC(430) Archive regions: 2->2
[2024-12-04T16:40:47.119+0700][6,268s][info   ][gc,heap     ] GC(430) Humongous regions: 1001->1001
[2024-12-04T16:40:47.119+0700][6,268s][info   ][gc,metaspace] GC(430) Metaspace: 5795K(6016K)->5795K(6016K) NonClass: 5133K(5248K)->5133K(5248K) Class: 661K(768K)->661K(768K)
[2024-12-04T16:40:47.119+0700][6,268s][info   ][gc          ] GC(430) Pause Young (Concurrent Start) (G1 Humongous Allocation) 1004M->1004M(2023M) 1,636ms
[2024-12-04T16:40:47.119+0700][6,268s][info   ][gc,cpu      ] GC(430) User=0,00s Sys=0,00s Real=0,00s
[2024-12-04T16:40:47.119+0700][6,268s][info   ][gc          ] GC(431) Concurrent Mark Cycle
[2024-12-04T16:40:47.119+0700][6,268s][info   ][gc,marking  ] GC(431) Concurrent Clear Claimed Marks
[2024-12-04T16:40:47.119+0700][6,268s][info   ][gc,marking  ] GC(431) Concurrent Clear Claimed Marks 0,020ms
[2024-12-04T16:40:47.119+0700][6,268s][info   ][gc,marking  ] GC(431) Concurrent Scan Root Regions
[2024-12-04T16:40:47.119+0700][6,268s][info   ][gc,marking  ] GC(431) Concurrent Scan Root Regions 0,007ms
[2024-12-04T16:40:47.119+0700][6,268s][info   ][gc,marking  ] GC(431) Concurrent Mark
[2024-12-04T16:40:47.119+0700][6,268s][info   ][gc,marking  ] GC(431) Concurrent Mark From Roots
[2024-12-04T16:40:47.119+0700][6,268s][info   ][gc,task     ] GC(431) Using 2 workers of 2 for marking
[2024-12-04T16:40:47.123+0700][6,272s][info   ][gc,marking  ] GC(431) Concurrent Mark From Roots 3,694ms
[2024-12-04T16:40:47.123+0700][6,272s][info   ][gc,marking  ] GC(431) Concurrent Preclean
[2024-12-04T16:40:47.123+0700][6,272s][info   ][gc,marking  ] GC(431) Concurrent Preclean 0,046ms
[2024-12-04T16:40:47.123+0700][6,272s][info   ][gc,start    ] GC(431) Pause Remark
[2024-12-04T16:40:47.124+0700][6,273s][info   ][gc          ] GC(431) Pause Remark 1005M->1005M(2023M) 1,214ms
[2024-12-04T16:40:47.124+0700][6,273s][info   ][gc,cpu      ] GC(431) User=0,00s Sys=0,00s Real=0,01s
[2024-12-04T16:40:47.124+0700][6,273s][info   ][gc,marking  ] GC(431) Concurrent Mark 5,110ms
[2024-12-04T16:40:47.124+0700][6,273s][info   ][gc,marking  ] GC(431) Concurrent Rebuild Remembered Sets
[2024-12-04T16:40:47.126+0700][6,275s][info   ][gc,marking  ] GC(431) Concurrent Rebuild Remembered Sets 1,778ms
[2024-12-04T16:40:47.126+0700][6,275s][info   ][gc,start    ] GC(431) Pause Cleanup
[2024-12-04T16:40:47.126+0700][6,275s][info   ][gc          ] GC(431) Pause Cleanup 1006M->1006M(2023M) 0,369ms
[2024-12-04T16:40:47.126+0700][6,275s][info   ][gc,cpu      ] GC(431) User=0,00s Sys=0,00s Real=0,00s
[2024-12-04T16:40:47.126+0700][6,275s][info   ][gc,marking  ] GC(431) Concurrent Cleanup for Next Mark
[2024-12-04T16:40:47.130+0700][6,279s][info   ][gc,marking  ] GC(431) Concurrent Cleanup for Next Mark 3,715ms
[2024-12-04T16:40:47.130+0700][6,279s][info   ][gc          ] GC(431) Concurrent Mark Cycle 11,353ms
[2024-12-04T16:40:47.130+0700][6,279s][info   ][gc,start    ] GC(432) Pause Young (Concurrent Start) (G1 Humongous Allocation)
[2024-12-04T16:40:47.130+0700][6,279s][info   ][gc,task     ] GC(432) Using 8 workers of 8 for evacuation
[2024-12-04T16:40:47.132+0700][6,281s][info   ][gc,phases   ] GC(432)   Pre Evacuate Collection Set: 0,3ms
[2024-12-04T16:40:47.132+0700][6,281s][info   ][gc,phases   ] GC(432)   Merge Heap Roots: 0,3ms
[2024-12-04T16:40:47.132+0700][6,281s][info   ][gc,phases   ] GC(432)   Evacuate Collection Set: 0,7ms
[2024-12-04T16:40:47.132+0700][6,281s][info   ][gc,phases   ] GC(432)   Post Evacuate Collection Set: 0,1ms
[2024-12-04T16:40:47.132+0700][6,281s][info   ][gc,phases   ] GC(432)   Other: 0,4ms
[2024-12-04T16:40:47.132+0700][6,281s][info   ][gc,heap     ] GC(432) Eden regions: 1->0(811)
[2024-12-04T16:40:47.132+0700][6,281s][info   ][gc,heap     ] GC(432) Survivor regions: 0->0(102)
[2024-12-04T16:40:47.132+0700][6,281s][info   ][gc,heap     ] GC(432) Old regions: 3->3
[2024-12-04T16:40:47.132+0700][6,281s][info   ][gc,heap     ] GC(432) Archive regions: 2->2
[2024-12-04T16:40:47.132+0700][6,281s][info   ][gc,heap     ] GC(432) Humongous regions: 1003->1003
[2024-12-04T16:40:47.132+0700][6,281s][info   ][gc,metaspace] GC(432) Metaspace: 5795K(6016K)->5795K(6016K) NonClass: 5133K(5248K)->5133K(5248K) Class: 661K(768K)->661K(768K)
[2024-12-04T16:40:47.132+0700][6,281s][info   ][gc          ] GC(432) Pause Young (Concurrent Start) (G1 Humongous Allocation) 1006M->1006M(2023M) 1,949ms
[2024-12-04T16:40:47.132+0700][6,281s][info   ][gc,cpu      ] GC(432) User=0,01s Sys=0,00s Real=0,00s
[2024-12-04T16:40:47.132+0700][6,281s][info   ][gc          ] GC(433) Concurrent Mark Cycle
[2024-12-04T16:40:47.132+0700][6,281s][info   ][gc,marking  ] GC(433) Concurrent Clear Claimed Marks
[2024-12-04T16:40:47.132+0700][6,281s][info   ][gc,marking  ] GC(433) Concurrent Clear Claimed Marks 0,021ms
[2024-12-04T16:40:47.132+0700][6,281s][info   ][gc,marking  ] GC(433) Concurrent Scan Root Regions
[2024-12-04T16:40:47.132+0700][6,281s][info   ][gc,marking  ] GC(433) Concurrent Scan Root Regions 0,003ms
[2024-12-04T16:40:47.132+0700][6,281s][info   ][gc,marking  ] GC(433) Concurrent Mark
[2024-12-04T16:40:47.132+0700][6,281s][info   ][gc,marking  ] GC(433) Concurrent Mark From Roots
[2024-12-04T16:40:47.133+0700][6,281s][info   ][gc,task     ] GC(433) Using 2 workers of 2 for marking
[2024-12-04T16:40:47.136+0700][6,285s][info   ][gc,marking  ] GC(433) Concurrent Mark From Roots 3,703ms
[2024-12-04T16:40:47.136+0700][6,285s][info   ][gc,marking  ] GC(433) Concurrent Preclean
[2024-12-04T16:40:47.136+0700][6,285s][info   ][gc,marking  ] GC(433) Concurrent Preclean 0,053ms
[2024-12-04T16:40:47.136+0700][6,285s][info   ][gc,start    ] GC(433) Pause Remark
[2024-12-04T16:40:47.137+0700][6,286s][info   ][gc          ] GC(433) Pause Remark 1007M->1007M(2023M) 1,005ms
[2024-12-04T16:40:47.137+0700][6,286s][info   ][gc,cpu      ] GC(433) User=0,00s Sys=0,00s Real=0,00s
[2024-12-04T16:40:47.137+0700][6,286s][info   ][gc,marking  ] GC(433) Concurrent Mark 4,995ms
[2024-12-04T16:40:47.137+0700][6,286s][info   ][gc,marking  ] GC(433) Concurrent Rebuild Remembered Sets
[2024-12-04T16:40:47.139+0700][6,288s][info   ][gc,marking  ] GC(433) Concurrent Rebuild Remembered Sets 1,816ms
[2024-12-04T16:40:47.139+0700][6,288s][info   ][gc,start    ] GC(433) Pause Cleanup
[2024-12-04T16:40:47.140+0700][6,289s][info   ][gc          ] GC(433) Pause Cleanup 1008M->1008M(2023M) 0,348ms
[2024-12-04T16:40:47.140+0700][6,289s][info   ][gc,cpu      ] GC(433) User=0,01s Sys=0,00s Real=0,00s
[2024-12-04T16:40:47.140+0700][6,289s][info   ][gc,marking  ] GC(433) Concurrent Cleanup for Next Mark
[2024-12-04T16:40:47.144+0700][6,292s][info   ][gc,marking  ] GC(433) Concurrent Cleanup for Next Mark 3,805ms
[2024-12-04T16:40:47.144+0700][6,293s][info   ][gc          ] GC(433) Concurrent Mark Cycle 11,265ms
[2024-12-04T16:40:47.144+0700][6,293s][info   ][gc,start    ] GC(434) Pause Young (Concurrent Start) (G1 Humongous Allocation)
[2024-12-04T16:40:47.144+0700][6,293s][info   ][gc,task     ] GC(434) Using 8 workers of 8 for evacuation
[2024-12-04T16:40:47.146+0700][6,294s][info   ][gc,phases   ] GC(434)   Pre Evacuate Collection Set: 0,4ms
[2024-12-04T16:40:47.146+0700][6,294s][info   ][gc,phases   ] GC(434)   Merge Heap Roots: 0,3ms
[2024-12-04T16:40:47.146+0700][6,294s][info   ][gc,phases   ] GC(434)   Evacuate Collection Set: 0,6ms
[2024-12-04T16:40:47.146+0700][6,294s][info   ][gc,phases   ] GC(434)   Post Evacuate Collection Set: 0,2ms
[2024-12-04T16:40:47.146+0700][6,295s][info   ][gc,phases   ] GC(434)   Other: 0,2ms
[2024-12-04T16:40:47.146+0700][6,295s][info   ][gc,heap     ] GC(434) Eden regions: 1->0(809)
[2024-12-04T16:40:47.146+0700][6,295s][info   ][gc,heap     ] GC(434) Survivor regions: 0->0(102)
[2024-12-04T16:40:47.146+0700][6,295s][info   ][gc,heap     ] GC(434) Old regions: 3->3
[2024-12-04T16:40:47.146+0700][6,295s][info   ][gc,heap     ] GC(434) Archive regions: 2->2
[2024-12-04T16:40:47.146+0700][6,295s][info   ][gc,heap     ] GC(434) Humongous regions: 1005->1005
[2024-12-04T16:40:47.146+0700][6,295s][info   ][gc,metaspace] GC(434) Metaspace: 5795K(6016K)->5795K(6016K) NonClass: 5133K(5248K)->5133K(5248K) Class: 661K(768K)->661K(768K)
[2024-12-04T16:40:47.146+0700][6,295s][info   ][gc          ] GC(434) Pause Young (Concurrent Start) (G1 Humongous Allocation) 1008M->1008M(2023M) 1,823ms
[2024-12-04T16:40:47.146+0700][6,295s][info   ][gc,cpu      ] GC(434) User=0,01s Sys=0,00s Real=0,00s
[2024-12-04T16:40:47.146+0700][6,295s][info   ][gc          ] GC(435) Concurrent Mark Cycle
[2024-12-04T16:40:47.146+0700][6,295s][info   ][gc,marking  ] GC(435) Concurrent Clear Claimed Marks
[2024-12-04T16:40:47.146+0700][6,295s][info   ][gc,marking  ] GC(435) Concurrent Clear Claimed Marks 0,023ms
[2024-12-04T16:40:47.146+0700][6,295s][info   ][gc,marking  ] GC(435) Concurrent Scan Root Regions
[2024-12-04T16:40:47.146+0700][6,295s][info   ][gc,marking  ] GC(435) Concurrent Scan Root Regions 0,006ms
[2024-12-04T16:40:47.146+0700][6,295s][info   ][gc,marking  ] GC(435) Concurrent Mark
[2024-12-04T16:40:47.146+0700][6,295s][info   ][gc,marking  ] GC(435) Concurrent Mark From Roots
[2024-12-04T16:40:47.146+0700][6,295s][info   ][gc,task     ] GC(435) Using 2 workers of 2 for marking
[2024-12-04T16:40:47.150+0700][6,299s][info   ][gc,marking  ] GC(435) Concurrent Mark From Roots 4,392ms
[2024-12-04T16:40:47.150+0700][6,299s][info   ][gc,marking  ] GC(435) Concurrent Preclean
[2024-12-04T16:40:47.150+0700][6,299s][info   ][gc,marking  ] GC(435) Concurrent Preclean 0,062ms
[2024-12-04T16:40:47.150+0700][6,299s][info   ][gc,start    ] GC(435) Pause Remark
[2024-12-04T16:40:47.152+0700][6,301s][info   ][gc          ] GC(435) Pause Remark 1009M->1009M(2023M) 1,302ms
[2024-12-04T16:40:47.152+0700][6,301s][info   ][gc,cpu      ] GC(435) User=0,01s Sys=0,00s Real=0,00s
[2024-12-04T16:40:47.152+0700][6,301s][info   ][gc,marking  ] GC(435) Concurrent Mark 5,986ms
[2024-12-04T16:40:47.152+0700][6,301s][info   ][gc,marking  ] GC(435) Concurrent Rebuild Remembered Sets
[2024-12-04T16:40:47.155+0700][6,304s][info   ][gc,marking  ] GC(435) Concurrent Rebuild Remembered Sets 2,829ms
[2024-12-04T16:40:47.155+0700][6,304s][info   ][gc,start    ] GC(435) Pause Cleanup
[2024-12-04T16:40:47.155+0700][6,304s][info   ][gc          ] GC(435) Pause Cleanup 1010M->1010M(2023M) 0,292ms
[2024-12-04T16:40:47.155+0700][6,304s][info   ][gc,cpu      ] GC(435) User=0,00s Sys=0,00s Real=0,00s
[2024-12-04T16:40:47.155+0700][6,304s][info   ][gc,marking  ] GC(435) Concurrent Cleanup for Next Mark
[2024-12-04T16:40:47.159+0700][6,307s][info   ][gc,marking  ] GC(435) Concurrent Cleanup for Next Mark 3,483ms
[2024-12-04T16:40:47.159+0700][6,308s][info   ][gc          ] GC(435) Concurrent Mark Cycle 12,902ms
[2024-12-04T16:40:47.159+0700][6,308s][info   ][gc,start    ] GC(436) Pause Young (Concurrent Start) (G1 Humongous Allocation)
[2024-12-04T16:40:47.159+0700][6,308s][info   ][gc,task     ] GC(436) Using 8 workers of 8 for evacuation
[2024-12-04T16:40:47.160+0700][6,309s][info   ][gc,phases   ] GC(436)   Pre Evacuate Collection Set: 0,4ms
[2024-12-04T16:40:47.160+0700][6,309s][info   ][gc,phases   ] GC(436)   Merge Heap Roots: 0,2ms
[2024-12-04T16:40:47.160+0700][6,309s][info   ][gc,phases   ] GC(436)   Evacuate Collection Set: 0,4ms
[2024-12-04T16:40:47.160+0700][6,309s][info   ][gc,phases   ] GC(436)   Post Evacuate Collection Set: 0,2ms
[2024-12-04T16:40:47.160+0700][6,309s][info   ][gc,phases   ] GC(436)   Other: 0,2ms
[2024-12-04T16:40:47.160+0700][6,309s][info   ][gc,heap     ] GC(436) Eden regions: 1->0(807)
[2024-12-04T16:40:47.160+0700][6,309s][info   ][gc,heap     ] GC(436) Survivor regions: 0->0(102)
[2024-12-04T16:40:47.160+0700][6,309s][info   ][gc,heap     ] GC(436) Old regions: 3->3
[2024-12-04T16:40:47.160+0700][6,309s][info   ][gc,heap     ] GC(436) Archive regions: 2->2
[2024-12-04T16:40:47.160+0700][6,309s][info   ][gc,heap     ] GC(436) Humongous regions: 1007->1007
[2024-12-04T16:40:47.160+0700][6,309s][info   ][gc,metaspace] GC(436) Metaspace: 5795K(6016K)->5795K(6016K) NonClass: 5133K(5248K)->5133K(5248K) Class: 661K(768K)->661K(768K)
[2024-12-04T16:40:47.160+0700][6,309s][info   ][gc          ] GC(436) Pause Young (Concurrent Start) (G1 Humongous Allocation) 1010M->1010M(2023M) 1,441ms
[2024-12-04T16:40:47.160+0700][6,309s][info   ][gc,cpu      ] GC(436) User=0,00s Sys=0,00s Real=0,00s
[2024-12-04T16:40:47.160+0700][6,309s][info   ][gc          ] GC(437) Concurrent Mark Cycle
[2024-12-04T16:40:47.160+0700][6,309s][info   ][gc,marking  ] GC(437) Concurrent Clear Claimed Marks
[2024-12-04T16:40:47.160+0700][6,309s][info   ][gc,marking  ] GC(437) Concurrent Clear Claimed Marks 0,007ms
[2024-12-04T16:40:47.160+0700][6,309s][info   ][gc,marking  ] GC(437) Concurrent Scan Root Regions
[2024-12-04T16:40:47.160+0700][6,309s][info   ][gc,marking  ] GC(437) Concurrent Scan Root Regions 0,003ms
[2024-12-04T16:40:47.160+0700][6,309s][info   ][gc,marking  ] GC(437) Concurrent Mark
[2024-12-04T16:40:47.160+0700][6,309s][info   ][gc,marking  ] GC(437) Concurrent Mark From Roots
[2024-12-04T16:40:47.160+0700][6,309s][info   ][gc,task     ] GC(437) Using 2 workers of 2 for marking
[2024-12-04T16:40:47.165+0700][6,313s][info   ][gc,marking  ] GC(437) Concurrent Mark From Roots 4,232ms
[2024-12-04T16:40:47.165+0700][6,314s][info   ][gc,marking  ] GC(437) Concurrent Preclean
[2024-12-04T16:40:47.165+0700][6,314s][info   ][gc,marking  ] GC(437) Concurrent Preclean 0,067ms
[2024-12-04T16:40:47.165+0700][6,314s][info   ][gc,start    ] GC(437) Pause Remark
[2024-12-04T16:40:47.165+0700][6,314s][info   ][gc          ] GC(437) Pause Remark 1011M->1011M(2023M) 0,737ms
[2024-12-04T16:40:47.166+0700][6,314s][info   ][gc,cpu      ] GC(437) User=0,00s Sys=0,00s Real=0,00s
[2024-12-04T16:40:47.166+0700][6,314s][info   ][gc,marking  ] GC(437) Concurrent Mark 5,189ms
[2024-12-04T16:40:47.166+0700][6,314s][info   ][gc,marking  ] GC(437) Concurrent Rebuild Remembered Sets
[2024-12-04T16:40:47.167+0700][6,316s][info   ][gc,marking  ] GC(437) Concurrent Rebuild Remembered Sets 1,462ms
[2024-12-04T16:40:47.167+0700][6,316s][info   ][gc,start    ] GC(437) Pause Cleanup
[2024-12-04T16:40:47.167+0700][6,316s][info   ][gc          ] GC(437) Pause Cleanup 1012M->1012M(2023M) 0,156ms
[2024-12-04T16:40:47.167+0700][6,316s][info   ][gc,cpu      ] GC(437) User=0,00s Sys=0,00s Real=0,00s
[2024-12-04T16:40:47.167+0700][6,316s][info   ][gc,marking  ] GC(437) Concurrent Cleanup for Next Mark
[2024-12-04T16:40:47.170+0700][6,319s][info   ][gc,marking  ] GC(437) Concurrent Cleanup for Next Mark 2,941ms
[2024-12-04T16:40:47.170+0700][6,319s][info   ][gc          ] GC(437) Concurrent Mark Cycle 9,934ms
[2024-12-04T16:40:47.172+0700][6,321s][info   ][gc,start    ] GC(438) Pause Young (Concurrent Start) (G1 Humongous Allocation)
[2024-12-04T16:40:47.172+0700][6,321s][info   ][gc,task     ] GC(438) Using 8 workers of 8 for evacuation
[2024-12-04T16:40:47.173+0700][6,322s][info   ][gc,phases   ] GC(438)   Pre Evacuate Collection Set: 0,2ms
[2024-12-04T16:40:47.173+0700][6,322s][info   ][gc,phases   ] GC(438)   Merge Heap Roots: 0,2ms
[2024-12-04T16:40:47.173+0700][6,322s][info   ][gc,phases   ] GC(438)   Evacuate Collection Set: 0,3ms
[2024-12-04T16:40:47.173+0700][6,322s][info   ][gc,phases   ] GC(438)   Post Evacuate Collection Set: 0,2ms
[2024-12-04T16:40:47.173+0700][6,322s][info   ][gc,phases   ] GC(438)   Other: 0,2ms
[2024-12-04T16:40:47.173+0700][6,322s][info   ][gc,heap     ] GC(438) Eden regions: 1->0(808)
[2024-12-04T16:40:47.173+0700][6,322s][info   ][gc,heap     ] GC(438) Survivor regions: 0->0(101)
[2024-12-04T16:40:47.173+0700][6,322s][info   ][gc,heap     ] GC(438) Old regions: 3->3
[2024-12-04T16:40:47.173+0700][6,322s][info   ][gc,heap     ] GC(438) Archive regions: 2->2
[2024-12-04T16:40:47.173+0700][6,322s][info   ][gc,heap     ] GC(438) Humongous regions: 1009->1009
[2024-12-04T16:40:47.173+0700][6,322s][info   ][gc,metaspace] GC(438) Metaspace: 5795K(6016K)->5795K(6016K) NonClass: 5133K(5248K)->5133K(5248K) Class: 661K(768K)->661K(768K)
[2024-12-04T16:40:47.173+0700][6,322s][info   ][gc          ] GC(438) Pause Young (Concurrent Start) (G1 Humongous Allocation) 1012M->1012M(2026M) 1,263ms
[2024-12-04T16:40:47.173+0700][6,322s][info   ][gc,cpu      ] GC(438) User=0,00s Sys=0,00s Real=0,00s
[2024-12-04T16:40:47.173+0700][6,322s][info   ][gc          ] GC(439) Concurrent Mark Cycle
[2024-12-04T16:40:47.173+0700][6,322s][info   ][gc,marking  ] GC(439) Concurrent Clear Claimed Marks
[2024-12-04T16:40:47.173+0700][6,322s][info   ][gc,marking  ] GC(439) Concurrent Clear Claimed Marks 0,012ms
[2024-12-04T16:40:47.173+0700][6,322s][info   ][gc,marking  ] GC(439) Concurrent Scan Root Regions
[2024-12-04T16:40:47.173+0700][6,322s][info   ][gc,marking  ] GC(439) Concurrent Scan Root Regions 0,004ms
[2024-12-04T16:40:47.173+0700][6,322s][info   ][gc,marking  ] GC(439) Concurrent Mark
[2024-12-04T16:40:47.173+0700][6,322s][info   ][gc,marking  ] GC(439) Concurrent Mark From Roots
[2024-12-04T16:40:47.173+0700][6,322s][info   ][gc,task     ] GC(439) Using 2 workers of 2 for marking
[2024-12-04T16:40:47.176+0700][6,325s][info   ][gc,marking  ] GC(439) Concurrent Mark From Roots 2,716ms
[2024-12-04T16:40:47.176+0700][6,325s][info   ][gc,marking  ] GC(439) Concurrent Preclean
[2024-12-04T16:40:47.176+0700][6,325s][info   ][gc,marking  ] GC(439) Concurrent Preclean 0,036ms
[2024-12-04T16:40:47.176+0700][6,325s][info   ][gc,start    ] GC(439) Pause Remark
[2024-12-04T16:40:47.177+0700][6,325s][info   ][gc          ] GC(439) Pause Remark 1013M->1013M(2026M) 0,627ms
[2024-12-04T16:40:47.177+0700][6,325s][info   ][gc,cpu      ] GC(439) User=0,00s Sys=0,00s Real=0,00s
[2024-12-04T16:40:47.177+0700][6,325s][info   ][gc,marking  ] GC(439) Concurrent Mark 3,458ms
[2024-12-04T16:40:47.177+0700][6,326s][info   ][gc,marking  ] GC(439) Concurrent Rebuild Remembered Sets
[2024-12-04T16:40:47.178+0700][6,327s][info   ][gc,marking  ] GC(439) Concurrent Rebuild Remembered Sets 1,185ms
[2024-12-04T16:40:47.178+0700][6,327s][info   ][gc,start    ] GC(439) Pause Cleanup
[2024-12-04T16:40:47.178+0700][6,327s][info   ][gc          ] GC(439) Pause Cleanup 1013M->1013M(2026M) 0,189ms
[2024-12-04T16:40:47.178+0700][6,327s][info   ][gc,cpu      ] GC(439) User=0,00s Sys=0,00s Real=0,00s
[2024-12-04T16:40:47.178+0700][6,327s][info   ][gc,marking  ] GC(439) Concurrent Cleanup for Next Mark
[2024-12-04T16:40:47.181+0700][6,330s][info   ][gc,marking  ] GC(439) Concurrent Cleanup for Next Mark 2,903ms
[2024-12-04T16:40:47.181+0700][6,330s][info   ][gc          ] GC(439) Concurrent Mark Cycle 7,880ms
[2024-12-04T16:40:47.185+0700][6,334s][info   ][gc,start    ] GC(440) Pause Young (Concurrent Start) (G1 Humongous Allocation)
[2024-12-04T16:40:47.185+0700][6,334s][info   ][gc,task     ] GC(440) Using 8 workers of 8 for evacuation
[2024-12-04T16:40:47.186+0700][6,335s][info   ][gc,phases   ] GC(440)   Pre Evacuate Collection Set: 0,2ms
[2024-12-04T16:40:47.186+0700][6,335s][info   ][gc,phases   ] GC(440)   Merge Heap Roots: 0,2ms
[2024-12-04T16:40:47.186+0700][6,335s][info   ][gc,phases   ] GC(440)   Evacuate Collection Set: 0,3ms
[2024-12-04T16:40:47.186+0700][6,335s][info   ][gc,phases   ] GC(440)   Post Evacuate Collection Set: 0,1ms
[2024-12-04T16:40:47.186+0700][6,335s][info   ][gc,phases   ] GC(440)   Other: 0,2ms
[2024-12-04T16:40:47.187+0700][6,335s][info   ][gc,heap     ] GC(440) Eden regions: 1->0(806)
[2024-12-04T16:40:47.187+0700][6,335s][info   ][gc,heap     ] GC(440) Survivor regions: 0->0(101)
[2024-12-04T16:40:47.187+0700][6,335s][info   ][gc,heap     ] GC(440) Old regions: 3->3
[2024-12-04T16:40:47.187+0700][6,335s][info   ][gc,heap     ] GC(440) Archive regions: 2->2
[2024-12-04T16:40:47.187+0700][6,335s][info   ][gc,heap     ] GC(440) Humongous regions: 1011->1011
[2024-12-04T16:40:47.187+0700][6,335s][info   ][gc,metaspace] GC(440) Metaspace: 5795K(6016K)->5795K(6016K) NonClass: 5133K(5248K)->5133K(5248K) Class: 661K(768K)->661K(768K)
[2024-12-04T16:40:47.187+0700][6,335s][info   ][gc          ] GC(440) Pause Young (Concurrent Start) (G1 Humongous Allocation) 1014M->1014M(2026M) 1,240ms
[2024-12-04T16:40:47.187+0700][6,335s][info   ][gc,cpu      ] GC(440) User=0,00s Sys=0,00s Real=0,00s
[2024-12-04T16:40:47.187+0700][6,335s][info   ][gc          ] GC(441) Concurrent Mark Cycle
[2024-12-04T16:40:47.187+0700][6,335s][info   ][gc,marking  ] GC(441) Concurrent Clear Claimed Marks
[2024-12-04T16:40:47.187+0700][6,336s][info   ][gc,marking  ] GC(441) Concurrent Clear Claimed Marks 0,009ms
[2024-12-04T16:40:47.187+0700][6,336s][info   ][gc,marking  ] GC(441) Concurrent Scan Root Regions
[2024-12-04T16:40:47.187+0700][6,336s][info   ][gc,marking  ] GC(441) Concurrent Scan Root Regions 0,006ms
[2024-12-04T16:40:47.187+0700][6,336s][info   ][gc,marking  ] GC(441) Concurrent Mark
[2024-12-04T16:40:47.187+0700][6,336s][info   ][gc,marking  ] GC(441) Concurrent Mark From Roots
[2024-12-04T16:40:47.187+0700][6,336s][info   ][gc,task     ] GC(441) Using 2 workers of 2 for marking
[2024-12-04T16:40:47.190+0700][6,339s][info   ][gc,marking  ] GC(441) Concurrent Mark From Roots 3,638ms
[2024-12-04T16:40:47.190+0700][6,339s][info   ][gc,marking  ] GC(441) Concurrent Preclean
[2024-12-04T16:40:47.190+0700][6,339s][info   ][gc,marking  ] GC(441) Concurrent Preclean 0,048ms
[2024-12-04T16:40:47.190+0700][6,339s][info   ][gc,start    ] GC(441) Pause Remark
[2024-12-04T16:40:47.191+0700][6,340s][info   ][gc          ] GC(441) Pause Remark 1015M->1015M(2026M) 0,877ms
[2024-12-04T16:40:47.191+0700][6,340s][info   ][gc,cpu      ] GC(441) User=0,00s Sys=0,00s Real=0,00s
[2024-12-04T16:40:47.191+0700][6,340s][info   ][gc,marking  ] GC(441) Concurrent Mark 4,696ms
[2024-12-04T16:40:47.191+0700][6,340s][info   ][gc,marking  ] GC(441) Concurrent Rebuild Remembered Sets
[2024-12-04T16:40:47.193+0700][6,342s][info   ][gc,marking  ] GC(441) Concurrent Rebuild Remembered Sets 1,522ms
[2024-12-04T16:40:47.193+0700][6,342s][info   ][gc,start    ] GC(441) Pause Cleanup
[2024-12-04T16:40:47.193+0700][6,342s][info   ][gc          ] GC(441) Pause Cleanup 1016M->1016M(2026M) 0,363ms
[2024-12-04T16:40:47.193+0700][6,342s][info   ][gc,cpu      ] GC(441) User=0,01s Sys=0,00s Real=0,01s
[2024-12-04T16:40:47.193+0700][6,342s][info   ][gc,marking  ] GC(441) Concurrent Cleanup for Next Mark
[2024-12-04T16:40:47.197+0700][6,345s][info   ][gc,marking  ] GC(441) Concurrent Cleanup for Next Mark 3,139ms
[2024-12-04T16:40:47.197+0700][6,345s][info   ][gc          ] GC(441) Concurrent Mark Cycle 9,943ms
[2024-12-04T16:40:47.199+0700][6,347s][info   ][gc,start    ] GC(442) Pause Young (Concurrent Start) (G1 Humongous Allocation)
[2024-12-04T16:40:47.199+0700][6,347s][info   ][gc,task     ] GC(442) Using 8 workers of 8 for evacuation
[2024-12-04T16:40:47.200+0700][6,349s][info   ][gc,phases   ] GC(442)   Pre Evacuate Collection Set: 0,3ms
[2024-12-04T16:40:47.200+0700][6,349s][info   ][gc,phases   ] GC(442)   Merge Heap Roots: 0,2ms
[2024-12-04T16:40:47.200+0700][6,349s][info   ][gc,phases   ] GC(442)   Evacuate Collection Set: 0,4ms
[2024-12-04T16:40:47.200+0700][6,349s][info   ][gc,phases   ] GC(442)   Post Evacuate Collection Set: 0,1ms
[2024-12-04T16:40:47.200+0700][6,349s][info   ][gc,phases   ] GC(442)   Other: 0,2ms
[2024-12-04T16:40:47.200+0700][6,349s][info   ][gc,heap     ] GC(442) Eden regions: 1->0(804)
[2024-12-04T16:40:47.200+0700][6,349s][info   ][gc,heap     ] GC(442) Survivor regions: 0->0(101)
[2024-12-04T16:40:47.200+0700][6,349s][info   ][gc,heap     ] GC(442) Old regions: 3->3
[2024-12-04T16:40:47.200+0700][6,349s][info   ][gc,heap     ] GC(442) Archive regions: 2->2
[2024-12-04T16:40:47.200+0700][6,349s][info   ][gc,heap     ] GC(442) Humongous regions: 1013->1013
[2024-12-04T16:40:47.200+0700][6,349s][info   ][gc,metaspace] GC(442) Metaspace: 5795K(6016K)->5795K(6016K) NonClass: 5133K(5248K)->5133K(5248K) Class: 661K(768K)->661K(768K)
[2024-12-04T16:40:47.200+0700][6,349s][info   ][gc          ] GC(442) Pause Young (Concurrent Start) (G1 Humongous Allocation) 1016M->1016M(2026M) 1,261ms
[2024-12-04T16:40:47.200+0700][6,349s][info   ][gc,cpu      ] GC(442) User=0,00s Sys=0,00s Real=0,00s
[2024-12-04T16:40:47.200+0700][6,349s][info   ][gc          ] GC(443) Concurrent Mark Cycle
[2024-12-04T16:40:47.200+0700][6,349s][info   ][gc,marking  ] GC(443) Concurrent Clear Claimed Marks
[2024-12-04T16:40:47.200+0700][6,349s][info   ][gc,marking  ] GC(443) Concurrent Clear Claimed Marks 0,016ms
[2024-12-04T16:40:47.200+0700][6,349s][info   ][gc,marking  ] GC(443) Concurrent Scan Root Regions
[2024-12-04T16:40:47.200+0700][6,349s][info   ][gc,marking  ] GC(443) Concurrent Scan Root Regions 0,004ms
[2024-12-04T16:40:47.200+0700][6,349s][info   ][gc,marking  ] GC(443) Concurrent Mark
[2024-12-04T16:40:47.200+0700][6,349s][info   ][gc,marking  ] GC(443) Concurrent Mark From Roots
[2024-12-04T16:40:47.200+0700][6,349s][info   ][gc,task     ] GC(443) Using 2 workers of 2 for marking
[2024-12-04T16:40:47.204+0700][6,353s][info   ][gc,marking  ] GC(443) Concurrent Mark From Roots 3,901ms
[2024-12-04T16:40:47.204+0700][6,353s][info   ][gc,marking  ] GC(443) Concurrent Preclean
[2024-12-04T16:40:47.204+0700][6,353s][info   ][gc,marking  ] GC(443) Concurrent Preclean 0,042ms
[2024-12-04T16:40:47.204+0700][6,353s][info   ][gc,start    ] GC(443) Pause Remark
[2024-12-04T16:40:47.205+0700][6,353s][info   ][gc          ] GC(443) Pause Remark 1017M->1017M(2026M) 0,637ms
[2024-12-04T16:40:47.205+0700][6,353s][info   ][gc,cpu      ] GC(443) User=0,00s Sys=0,00s Real=0,00s
[2024-12-04T16:40:47.205+0700][6,353s][info   ][gc,marking  ] GC(443) Concurrent Mark 4,686ms
[2024-12-04T16:40:47.205+0700][6,353s][info   ][gc,marking  ] GC(443) Concurrent Rebuild Remembered Sets
[2024-12-04T16:40:47.206+0700][6,355s][info   ][gc,marking  ] GC(443) Concurrent Rebuild Remembered Sets 1,479ms
[2024-12-04T16:40:47.206+0700][6,355s][info   ][gc,start    ] GC(443) Pause Cleanup
[2024-12-04T16:40:47.206+0700][6,355s][info   ][gc          ] GC(443) Pause Cleanup 1018M->1018M(2026M) 0,172ms
[2024-12-04T16:40:47.206+0700][6,355s][info   ][gc,cpu      ] GC(443) User=0,00s Sys=0,00s Real=0,00s
[2024-12-04T16:40:47.206+0700][6,355s][info   ][gc,marking  ] GC(443) Concurrent Cleanup for Next Mark
[2024-12-04T16:40:47.211+0700][6,360s][info   ][gc,marking  ] GC(443) Concurrent Cleanup for Next Mark 4,544ms
[2024-12-04T16:40:47.211+0700][6,360s][info   ][gc          ] GC(443) Concurrent Mark Cycle 11,005ms
[2024-12-04T16:40:47.211+0700][6,360s][info   ][gc,start    ] GC(444) Pause Young (Concurrent Start) (G1 Humongous Allocation)
[2024-12-04T16:40:47.211+0700][6,360s][info   ][gc,task     ] GC(444) Using 8 workers of 8 for evacuation
[2024-12-04T16:40:47.212+0700][6,361s][info   ][gc,phases   ] GC(444)   Pre Evacuate Collection Set: 0,2ms
[2024-12-04T16:40:47.212+0700][6,361s][info   ][gc,phases   ] GC(444)   Merge Heap Roots: 0,2ms
[2024-12-04T16:40:47.212+0700][6,361s][info   ][gc,phases   ] GC(444)   Evacuate Collection Set: 0,5ms
[2024-12-04T16:40:47.212+0700][6,361s][info   ][gc,phases   ] GC(444)   Post Evacuate Collection Set: 0,2ms
[2024-12-04T16:40:47.212+0700][6,361s][info   ][gc,phases   ] GC(444)   Other: 0,2ms
[2024-12-04T16:40:47.212+0700][6,361s][info   ][gc,heap     ] GC(444) Eden regions: 1->0(802)
[2024-12-04T16:40:47.212+0700][6,361s][info   ][gc,heap     ] GC(444) Survivor regions: 0->0(101)
[2024-12-04T16:40:47.212+0700][6,361s][info   ][gc,heap     ] GC(444) Old regions: 3->3
[2024-12-04T16:40:47.212+0700][6,361s][info   ][gc,heap     ] GC(444) Archive regions: 2->2
[2024-12-04T16:40:47.212+0700][6,361s][info   ][gc,heap     ] GC(444) Humongous regions: 1015->1015
[2024-12-04T16:40:47.212+0700][6,361s][info   ][gc,metaspace] GC(444) Metaspace: 5795K(6016K)->5795K(6016K) NonClass: 5133K(5248K)->5133K(5248K) Class: 661K(768K)->661K(768K)
[2024-12-04T16:40:47.212+0700][6,361s][info   ][gc          ] GC(444) Pause Young (Concurrent Start) (G1 Humongous Allocation) 1018M->1018M(2026M) 1,417ms
[2024-12-04T16:40:47.212+0700][6,361s][info   ][gc,cpu      ] GC(444) User=0,00s Sys=0,00s Real=0,00s
[2024-12-04T16:40:47.213+0700][6,361s][info   ][gc          ] GC(445) Concurrent Mark Cycle
[2024-12-04T16:40:47.213+0700][6,361s][info   ][gc,marking  ] GC(445) Concurrent Clear Claimed Marks
[2024-12-04T16:40:47.213+0700][6,361s][info   ][gc,marking  ] GC(445) Concurrent Clear Claimed Marks 0,013ms
[2024-12-04T16:40:47.213+0700][6,361s][info   ][gc,marking  ] GC(445) Concurrent Scan Root Regions
[2024-12-04T16:40:47.213+0700][6,361s][info   ][gc,marking  ] GC(445) Concurrent Scan Root Regions 0,005ms
[2024-12-04T16:40:47.213+0700][6,361s][info   ][gc,marking  ] GC(445) Concurrent Mark
[2024-12-04T16:40:47.213+0700][6,361s][info   ][gc,marking  ] GC(445) Concurrent Mark From Roots
[2024-12-04T16:40:47.213+0700][6,361s][info   ][gc,task     ] GC(445) Using 2 workers of 2 for marking
[2024-12-04T16:40:47.215+0700][6,364s][info   ][gc,marking  ] GC(445) Concurrent Mark From Roots 2,837ms
[2024-12-04T16:40:47.215+0700][6,364s][info   ][gc,marking  ] GC(445) Concurrent Preclean
[2024-12-04T16:40:47.215+0700][6,364s][info   ][gc,marking  ] GC(445) Concurrent Preclean 0,051ms
[2024-12-04T16:40:47.216+0700][6,364s][info   ][gc,start    ] GC(445) Pause Remark
[2024-12-04T16:40:47.216+0700][6,365s][info   ][gc          ] GC(445) Pause Remark 1019M->1019M(2026M) 0,738ms
[2024-12-04T16:40:47.216+0700][6,365s][info   ][gc,cpu      ] GC(445) User=0,00s Sys=0,00s Real=0,00s
[2024-12-04T16:40:47.216+0700][6,365s][info   ][gc,marking  ] GC(445) Concurrent Mark 3,754ms
[2024-12-04T16:40:47.216+0700][6,365s][info   ][gc,marking  ] GC(445) Concurrent Rebuild Remembered Sets
[2024-12-04T16:40:47.218+0700][6,367s][info   ][gc,marking  ] GC(445) Concurrent Rebuild Remembered Sets 1,464ms
[2024-12-04T16:40:47.218+0700][6,367s][info   ][gc,start    ] GC(445) Pause Cleanup
[2024-12-04T16:40:47.218+0700][6,367s][info   ][gc          ] GC(445) Pause Cleanup 1019M->1019M(2026M) 0,156ms
[2024-12-04T16:40:47.218+0700][6,367s][info   ][gc,cpu      ] GC(445) User=0,00s Sys=0,00s Real=0,00s
[2024-12-04T16:40:47.218+0700][6,367s][info   ][gc,marking  ] GC(445) Concurrent Cleanup for Next Mark
[2024-12-04T16:40:47.222+0700][6,371s][info   ][gc,marking  ] GC(445) Concurrent Cleanup for Next Mark 4,206ms
[2024-12-04T16:40:47.222+0700][6,371s][info   ][gc          ] GC(445) Concurrent Mark Cycle 9,767ms
[2024-12-04T16:40:47.224+0700][6,373s][info   ][gc,start    ] GC(446) Pause Young (Concurrent Start) (G1 Humongous Allocation)
[2024-12-04T16:40:47.224+0700][6,373s][info   ][gc,task     ] GC(446) Using 8 workers of 8 for evacuation
[2024-12-04T16:40:47.225+0700][6,374s][info   ][gc,phases   ] GC(446)   Pre Evacuate Collection Set: 0,2ms
[2024-12-04T16:40:47.225+0700][6,374s][info   ][gc,phases   ] GC(446)   Merge Heap Roots: 0,2ms
[2024-12-04T16:40:47.225+0700][6,374s][info   ][gc,phases   ] GC(446)   Evacuate Collection Set: 0,3ms
[2024-12-04T16:40:47.225+0700][6,374s][info   ][gc,phases   ] GC(446)   Post Evacuate Collection Set: 0,2ms
[2024-12-04T16:40:47.225+0700][6,374s][info   ][gc,phases   ] GC(446)   Other: 0,2ms
[2024-12-04T16:40:47.225+0700][6,374s][info   ][gc,heap     ] GC(446) Eden regions: 1->0(803)
[2024-12-04T16:40:47.225+0700][6,374s][info   ][gc,heap     ] GC(446) Survivor regions: 0->0(101)
[2024-12-04T16:40:47.225+0700][6,374s][info   ][gc,heap     ] GC(446) Old regions: 3->3
[2024-12-04T16:40:47.225+0700][6,374s][info   ][gc,heap     ] GC(446) Archive regions: 2->2
[2024-12-04T16:40:47.225+0700][6,374s][info   ][gc,heap     ] GC(446) Humongous regions: 1017->1017
[2024-12-04T16:40:47.225+0700][6,374s][info   ][gc,metaspace] GC(446) Metaspace: 5795K(6016K)->5795K(6016K) NonClass: 5133K(5248K)->5133K(5248K) Class: 661K(768K)->661K(768K)
[2024-12-04T16:40:47.225+0700][6,374s][info   ][gc          ] GC(446) Pause Young (Concurrent Start) (G1 Humongous Allocation) 1020M->1020M(2029M) 1,083ms
[2024-12-04T16:40:47.225+0700][6,374s][info   ][gc,cpu      ] GC(446) User=0,00s Sys=0,00s Real=0,00s
[2024-12-04T16:40:47.225+0700][6,374s][info   ][gc          ] GC(447) Concurrent Mark Cycle
[2024-12-04T16:40:47.225+0700][6,374s][info   ][gc,marking  ] GC(447) Concurrent Clear Claimed Marks
[2024-12-04T16:40:47.225+0700][6,374s][info   ][gc,marking  ] GC(447) Concurrent Clear Claimed Marks 0,005ms
[2024-12-04T16:40:47.225+0700][6,374s][info   ][gc,marking  ] GC(447) Concurrent Scan Root Regions
[2024-12-04T16:40:47.225+0700][6,374s][info   ][gc,marking  ] GC(447) Concurrent Scan Root Regions 0,003ms
[2024-12-04T16:40:47.225+0700][6,374s][info   ][gc,marking  ] GC(447) Concurrent Mark
[2024-12-04T16:40:47.225+0700][6,374s][info   ][gc,marking  ] GC(447) Concurrent Mark From Roots
[2024-12-04T16:40:47.225+0700][6,374s][info   ][gc,task     ] GC(447) Using 2 workers of 2 for marking
[2024-12-04T16:40:47.228+0700][6,377s][info   ][gc,marking  ] GC(447) Concurrent Mark From Roots 3,218ms
[2024-12-04T16:40:47.228+0700][6,377s][info   ][gc,marking  ] GC(447) Concurrent Preclean
[2024-12-04T16:40:47.228+0700][6,377s][info   ][gc,marking  ] GC(447) Concurrent Preclean 0,038ms
[2024-12-04T16:40:47.228+0700][6,377s][info   ][gc,start    ] GC(447) Pause Remark
[2024-12-04T16:40:47.229+0700][6,378s][info   ][gc          ] GC(447) Pause Remark 1021M->1021M(2029M) 0,548ms
[2024-12-04T16:40:47.229+0700][6,378s][info   ][gc,cpu      ] GC(447) User=0,00s Sys=0,00s Real=0,00s
[2024-12-04T16:40:47.229+0700][6,378s][info   ][gc,marking  ] GC(447) Concurrent Mark 3,866ms
[2024-12-04T16:40:47.229+0700][6,378s][info   ][gc,marking  ] GC(447) Concurrent Rebuild Remembered Sets
[2024-12-04T16:40:47.230+0700][6,379s][info   ][gc,marking  ] GC(447) Concurrent Rebuild Remembered Sets 1,478ms
[2024-12-04T16:40:47.230+0700][6,379s][info   ][gc,start    ] GC(447) Pause Cleanup
[2024-12-04T16:40:47.231+0700][6,380s][info   ][gc          ] GC(447) Pause Cleanup 1021M->1021M(2029M) 0,221ms
[2024-12-04T16:40:47.231+0700][6,380s][info   ][gc,cpu      ] GC(447) User=0,01s Sys=0,00s Real=0,00s
[2024-12-04T16:40:47.231+0700][6,380s][info   ][gc,marking  ] GC(447) Concurrent Cleanup for Next Mark
[2024-12-04T16:40:47.235+0700][6,384s][info   ][gc,marking  ] GC(447) Concurrent Cleanup for Next Mark 4,153ms
[2024-12-04T16:40:47.235+0700][6,384s][info   ][gc          ] GC(447) Concurrent Mark Cycle 9,897ms
[2024-12-04T16:40:47.236+0700][6,385s][info   ][gc,start    ] GC(448) Pause Young (Concurrent Start) (G1 Humongous Allocation)
[2024-12-04T16:40:47.236+0700][6,385s][info   ][gc,task     ] GC(448) Using 8 workers of 8 for evacuation
[2024-12-04T16:40:47.238+0700][6,387s][info   ][gc,phases   ] GC(448)   Pre Evacuate Collection Set: 0,4ms
[2024-12-04T16:40:47.238+0700][6,387s][info   ][gc,phases   ] GC(448)   Merge Heap Roots: 0,3ms
[2024-12-04T16:40:47.238+0700][6,387s][info   ][gc,phases   ] GC(448)   Evacuate Collection Set: 0,4ms
[2024-12-04T16:40:47.238+0700][6,387s][info   ][gc,phases   ] GC(448)   Post Evacuate Collection Set: 0,1ms
[2024-12-04T16:40:47.238+0700][6,387s][info   ][gc,phases   ] GC(448)   Other: 0,2ms
[2024-12-04T16:40:47.238+0700][6,387s][info   ][gc,heap     ] GC(448) Eden regions: 1->0(801)
[2024-12-04T16:40:47.238+0700][6,387s][info   ][gc,heap     ] GC(448) Survivor regions: 0->0(101)
[2024-12-04T16:40:47.238+0700][6,387s][info   ][gc,heap     ] GC(448) Old regions: 3->3
[2024-12-04T16:40:47.238+0700][6,387s][info   ][gc,heap     ] GC(448) Archive regions: 2->2
[2024-12-04T16:40:47.238+0700][6,387s][info   ][gc,heap     ] GC(448) Humongous regions: 1019->1019
[2024-12-04T16:40:47.238+0700][6,387s][info   ][gc,metaspace] GC(448) Metaspace: 5795K(6016K)->5795K(6016K) NonClass: 5133K(5248K)->5133K(5248K) Class: 661K(768K)->661K(768K)
[2024-12-04T16:40:47.238+0700][6,387s][info   ][gc          ] GC(448) Pause Young (Concurrent Start) (G1 Humongous Allocation) 1022M->1022M(2029M) 1,398ms
[2024-12-04T16:40:47.238+0700][6,387s][info   ][gc,cpu      ] GC(448) User=0,01s Sys=0,00s Real=0,00s
[2024-12-04T16:40:47.238+0700][6,387s][info   ][gc          ] GC(449) Concurrent Mark Cycle
[2024-12-04T16:40:47.238+0700][6,387s][info   ][gc,marking  ] GC(449) Concurrent Clear Claimed Marks
[2024-12-04T16:40:47.238+0700][6,387s][info   ][gc,marking  ] GC(449) Concurrent Clear Claimed Marks 0,014ms
[2024-12-04T16:40:47.238+0700][6,387s][info   ][gc,marking  ] GC(449) Concurrent Scan Root Regions
[2024-12-04T16:40:47.238+0700][6,387s][info   ][gc,marking  ] GC(449) Concurrent Scan Root Regions 0,004ms
[2024-12-04T16:40:47.238+0700][6,387s][info   ][gc,marking  ] GC(449) Concurrent Mark
[2024-12-04T16:40:47.238+0700][6,387s][info   ][gc,marking  ] GC(449) Concurrent Mark From Roots
[2024-12-04T16:40:47.238+0700][6,387s][info   ][gc,task     ] GC(449) Using 2 workers of 2 for marking
[2024-12-04T16:40:47.242+0700][6,391s][info   ][gc,marking  ] GC(449) Concurrent Mark From Roots 4,148ms
[2024-12-04T16:40:47.242+0700][6,391s][info   ][gc,marking  ] GC(449) Concurrent Preclean
[2024-12-04T16:40:47.242+0700][6,391s][info   ][gc,marking  ] GC(449) Concurrent Preclean 0,064ms
[2024-12-04T16:40:47.242+0700][6,391s][info   ][gc,start    ] GC(449) Pause Remark
[2024-12-04T16:40:47.243+0700][6,392s][info   ][gc          ] GC(449) Pause Remark 1023M->1023M(2029M) 0,799ms
[2024-12-04T16:40:47.243+0700][6,392s][info   ][gc,cpu      ] GC(449) User=0,01s Sys=0,00s Real=0,00s
[2024-12-04T16:40:47.243+0700][6,392s][info   ][gc,marking  ] GC(449) Concurrent Mark 5,144ms
[2024-12-04T16:40:47.243+0700][6,392s][info   ][gc,marking  ] GC(449) Concurrent Rebuild Remembered Sets
[2024-12-04T16:40:47.244+0700][6,393s][info   ][gc,marking  ] GC(449) Concurrent Rebuild Remembered Sets 1,349ms
[2024-12-04T16:40:47.244+0700][6,393s][info   ][gc,start    ] GC(449) Pause Cleanup
[2024-12-04T16:40:47.245+0700][6,394s][info   ][gc          ] GC(449) Pause Cleanup 1024M->1024M(2029M) 0,197ms
[2024-12-04T16:40:47.245+0700][6,394s][info   ][gc,cpu      ] GC(449) User=0,00s Sys=0,00s Real=0,00s
[2024-12-04T16:40:47.245+0700][6,394s][info   ][gc,marking  ] GC(449) Concurrent Cleanup for Next Mark
[2024-12-04T16:40:47.247+0700][6,396s][info   ][gc,marking  ] GC(449) Concurrent Cleanup for Next Mark 2,786ms
[2024-12-04T16:40:47.248+0700][6,396s][info   ][gc          ] GC(449) Concurrent Mark Cycle 9,659ms
[2024-12-04T16:40:47.249+0700][6,398s][info   ][gc,start    ] GC(450) Pause Young (Concurrent Start) (G1 Humongous Allocation)
[2024-12-04T16:40:47.249+0700][6,398s][info   ][gc,task     ] GC(450) Using 8 workers of 8 for evacuation
[2024-12-04T16:40:47.250+0700][6,399s][info   ][gc,phases   ] GC(450)   Pre Evacuate Collection Set: 0,3ms
[2024-12-04T16:40:47.250+0700][6,399s][info   ][gc,phases   ] GC(450)   Merge Heap Roots: 0,2ms
[2024-12-04T16:40:47.250+0700][6,399s][info   ][gc,phases   ] GC(450)   Evacuate Collection Set: 0,3ms
[2024-12-04T16:40:47.250+0700][6,399s][info   ][gc,phases   ] GC(450)   Post Evacuate Collection Set: 0,1ms
[2024-12-04T16:40:47.250+0700][6,399s][info   ][gc,phases   ] GC(450)   Other: 0,2ms
[2024-12-04T16:40:47.250+0700][6,399s][info   ][gc,heap     ] GC(450) Eden regions: 1->0(799)
[2024-12-04T16:40:47.250+0700][6,399s][info   ][gc,heap     ] GC(450) Survivor regions: 0->0(101)
[2024-12-04T16:40:47.250+0700][6,399s][info   ][gc,heap     ] GC(450) Old regions: 3->3
[2024-12-04T16:40:47.250+0700][6,399s][info   ][gc,heap     ] GC(450) Archive regions: 2->2
[2024-12-04T16:40:47.250+0700][6,399s][info   ][gc,heap     ] GC(450) Humongous regions: 1021->1021
[2024-12-04T16:40:47.250+0700][6,399s][info   ][gc,metaspace] GC(450) Metaspace: 5795K(6016K)->5795K(6016K) NonClass: 5133K(5248K)->5133K(5248K) Class: 661K(768K)->661K(768K)
[2024-12-04T16:40:47.250+0700][6,399s][info   ][gc          ] GC(450) Pause Young (Concurrent Start) (G1 Humongous Allocation) 1024M->1024M(2029M) 1,204ms
[2024-12-04T16:40:47.250+0700][6,399s][info   ][gc,cpu      ] GC(450) User=0,00s Sys=0,00s Real=0,00s
[2024-12-04T16:40:47.250+0700][6,399s][info   ][gc          ] GC(451) Concurrent Mark Cycle
[2024-12-04T16:40:47.250+0700][6,399s][info   ][gc,marking  ] GC(451) Concurrent Clear Claimed Marks
[2024-12-04T16:40:47.250+0700][6,399s][info   ][gc,marking  ] GC(451) Concurrent Clear Claimed Marks 0,006ms
[2024-12-04T16:40:47.250+0700][6,399s][info   ][gc,marking  ] GC(451) Concurrent Scan Root Regions
[2024-12-04T16:40:47.250+0700][6,399s][info   ][gc,marking  ] GC(451) Concurrent Scan Root Regions 0,003ms
[2024-12-04T16:40:47.250+0700][6,399s][info   ][gc,marking  ] GC(451) Concurrent Mark
[2024-12-04T16:40:47.250+0700][6,399s][info   ][gc,marking  ] GC(451) Concurrent Mark From Roots
[2024-12-04T16:40:47.250+0700][6,399s][info   ][gc,task     ] GC(451) Using 2 workers of 2 for marking
[2024-12-04T16:40:47.253+0700][6,402s][info   ][gc,marking  ] GC(451) Concurrent Mark From Roots 2,861ms
[2024-12-04T16:40:47.253+0700][6,402s][info   ][gc,marking  ] GC(451) Concurrent Preclean
[2024-12-04T16:40:47.253+0700][6,402s][info   ][gc,marking  ] GC(451) Concurrent Preclean 0,045ms
[2024-12-04T16:40:47.253+0700][6,402s][info   ][gc,start    ] GC(451) Pause Remark
[2024-12-04T16:40:47.254+0700][6,403s][info   ][gc          ] GC(451) Pause Remark 1025M->1025M(2029M) 0,955ms
[2024-12-04T16:40:47.254+0700][6,403s][info   ][gc,cpu      ] GC(451) User=0,01s Sys=0,00s Real=0,00s
[2024-12-04T16:40:47.254+0700][6,403s][info   ][gc,marking  ] GC(451) Concurrent Mark 3,999ms
[2024-12-04T16:40:47.254+0700][6,403s][info   ][gc,marking  ] GC(451) Concurrent Rebuild Remembered Sets
[2024-12-04T16:40:47.256+0700][6,405s][info   ][gc,marking  ] GC(451) Concurrent Rebuild Remembered Sets 1,524ms
[2024-12-04T16:40:47.256+0700][6,405s][info   ][gc,start    ] GC(451) Pause Cleanup
[2024-12-04T16:40:47.256+0700][6,405s][info   ][gc          ] GC(451) Pause Cleanup 1025M->1025M(2029M) 0,294ms
[2024-12-04T16:40:47.256+0700][6,405s][info   ][gc,cpu      ] GC(451) User=0,00s Sys=0,00s Real=0,00s
[2024-12-04T16:40:47.256+0700][6,405s][info   ][gc,marking  ] GC(451) Concurrent Cleanup for Next Mark
[2024-12-04T16:40:47.260+0700][6,408s][info   ][gc,marking  ] GC(451) Concurrent Cleanup for Next Mark 3,153ms
[2024-12-04T16:40:47.260+0700][6,409s][info   ][gc          ] GC(451) Concurrent Mark Cycle 9,204ms
[2024-12-04T16:40:47.263+0700][6,412s][info   ][gc,start    ] GC(452) Pause Young (Concurrent Start) (G1 Humongous Allocation)
[2024-12-04T16:40:47.263+0700][6,412s][info   ][gc,task     ] GC(452) Using 8 workers of 8 for evacuation
[2024-12-04T16:40:47.264+0700][6,413s][info   ][gc,phases   ] GC(452)   Pre Evacuate Collection Set: 0,3ms
[2024-12-04T16:40:47.264+0700][6,413s][info   ][gc,phases   ] GC(452)   Merge Heap Roots: 0,3ms
[2024-12-04T16:40:47.264+0700][6,413s][info   ][gc,phases   ] GC(452)   Evacuate Collection Set: 0,3ms
[2024-12-04T16:40:47.264+0700][6,413s][info   ][gc,phases   ] GC(452)   Post Evacuate Collection Set: 0,1ms
[2024-12-04T16:40:47.264+0700][6,413s][info   ][gc,phases   ] GC(452)   Other: 0,2ms
[2024-12-04T16:40:47.264+0700][6,413s][info   ][gc,heap     ] GC(452) Eden regions: 1->0(797)
[2024-12-04T16:40:47.264+0700][6,413s][info   ][gc,heap     ] GC(452) Survivor regions: 0->0(100)
[2024-12-04T16:40:47.264+0700][6,413s][info   ][gc,heap     ] GC(452) Old regions: 3->3
[2024-12-04T16:40:47.264+0700][6,413s][info   ][gc,heap     ] GC(452) Archive regions: 2->2
[2024-12-04T16:40:47.264+0700][6,413s][info   ][gc,heap     ] GC(452) Humongous regions: 1023->1023
[2024-12-04T16:40:47.264+0700][6,413s][info   ][gc,metaspace] GC(452) Metaspace: 5795K(6016K)->5795K(6016K) NonClass: 5133K(5248K)->5133K(5248K) Class: 661K(768K)->661K(768K)
[2024-12-04T16:40:47.264+0700][6,413s][info   ][gc          ] GC(452) Pause Young (Concurrent Start) (G1 Humongous Allocation) 1026M->1026M(2029M) 1,242ms
[2024-12-04T16:40:47.264+0700][6,413s][info   ][gc,cpu      ] GC(452) User=0,00s Sys=0,00s Real=0,01s
[2024-12-04T16:40:47.264+0700][6,413s][info   ][gc          ] GC(453) Concurrent Mark Cycle
[2024-12-04T16:40:47.264+0700][6,413s][info   ][gc,marking  ] GC(453) Concurrent Clear Claimed Marks
[2024-12-04T16:40:47.264+0700][6,413s][info   ][gc,marking  ] GC(453) Concurrent Clear Claimed Marks 0,014ms
[2024-12-04T16:40:47.264+0700][6,413s][info   ][gc,marking  ] GC(453) Concurrent Scan Root Regions
[2024-12-04T16:40:47.264+0700][6,413s][info   ][gc,marking  ] GC(453) Concurrent Scan Root Regions 0,015ms
[2024-12-04T16:40:47.264+0700][6,413s][info   ][gc,marking  ] GC(453) Concurrent Mark
[2024-12-04T16:40:47.264+0700][6,413s][info   ][gc,marking  ] GC(453) Concurrent Mark From Roots
[2024-12-04T16:40:47.264+0700][6,413s][info   ][gc,task     ] GC(453) Using 2 workers of 2 for marking
[2024-12-04T16:40:47.267+0700][6,416s][info   ][gc,marking  ] GC(453) Concurrent Mark From Roots 3,187ms
[2024-12-04T16:40:47.267+0700][6,416s][info   ][gc,marking  ] GC(453) Concurrent Preclean
[2024-12-04T16:40:47.267+0700][6,416s][info   ][gc,marking  ] GC(453) Concurrent Preclean 0,066ms
[2024-12-04T16:40:47.267+0700][6,416s][info   ][gc,start    ] GC(453) Pause Remark
[2024-12-04T16:40:47.268+0700][6,417s][info   ][gc          ] GC(453) Pause Remark 1027M->1027M(2029M) 0,864ms
[2024-12-04T16:40:47.268+0700][6,417s][info   ][gc,cpu      ] GC(453) User=0,00s Sys=0,00s Real=0,00s
[2024-12-04T16:40:47.268+0700][6,417s][info   ][gc,marking  ] GC(453) Concurrent Mark 4,304ms
[2024-12-04T16:40:47.268+0700][6,417s][info   ][gc,marking  ] GC(453) Concurrent Rebuild Remembered Sets
[2024-12-04T16:40:47.270+0700][6,419s][info   ][gc,marking  ] GC(453) Concurrent Rebuild Remembered Sets 1,786ms
[2024-12-04T16:40:47.270+0700][6,419s][info   ][gc,start    ] GC(453) Pause Cleanup
[2024-12-04T16:40:47.271+0700][6,420s][info   ][gc          ] GC(453) Pause Cleanup 1028M->1028M(2029M) 0,404ms
[2024-12-04T16:40:47.271+0700][6,420s][info   ][gc,cpu      ] GC(453) User=0,00s Sys=0,00s Real=0,00s
[2024-12-04T16:40:47.271+0700][6,420s][info   ][gc,marking  ] GC(453) Concurrent Cleanup for Next Mark
[2024-12-04T16:40:47.274+0700][6,423s][info   ][gc,marking  ] GC(453) Concurrent Cleanup for Next Mark 3,277ms
[2024-12-04T16:40:47.274+0700][6,423s][info   ][gc          ] GC(453) Concurrent Mark Cycle 10,207ms
[2024-12-04T16:40:47.276+0700][6,425s][info   ][gc,start    ] GC(454) Pause Young (Concurrent Start) (G1 Humongous Allocation)
[2024-12-04T16:40:47.276+0700][6,425s][info   ][gc,task     ] GC(454) Using 8 workers of 8 for evacuation
[2024-12-04T16:40:47.279+0700][6,428s][info   ][gc,phases   ] GC(454)   Pre Evacuate Collection Set: 0,7ms
[2024-12-04T16:40:47.279+0700][6,428s][info   ][gc,phases   ] GC(454)   Merge Heap Roots: 0,3ms
[2024-12-04T16:40:47.279+0700][6,428s][info   ][gc,phases   ] GC(454)   Evacuate Collection Set: 0,8ms
[2024-12-04T16:40:47.279+0700][6,428s][info   ][gc,phases   ] GC(454)   Post Evacuate Collection Set: 0,6ms
[2024-12-04T16:40:47.279+0700][6,428s][info   ][gc,phases   ] GC(454)   Other: 0,3ms
[2024-12-04T16:40:47.279+0700][6,428s][info   ][gc,heap     ] GC(454) Eden regions: 1->0(797)
[2024-12-04T16:40:47.281+0700][6,430s][info   ][gc,heap     ] GC(454) Survivor regions: 0->0(100)
[2024-12-04T16:40:47.281+0700][6,430s][info   ][gc,heap     ] GC(454) Old regions: 3->3
[2024-12-04T16:40:47.281+0700][6,430s][info   ][gc,heap     ] GC(454) Archive regions: 2->2
[2024-12-04T16:40:47.281+0700][6,430s][info   ][gc,heap     ] GC(454) Humongous regions: 1025->1025
[2024-12-04T16:40:47.281+0700][6,430s][info   ][gc,metaspace] GC(454) Metaspace: 5795K(6016K)->5795K(6016K) NonClass: 5133K(5248K)->5133K(5248K) Class: 661K(768K)->661K(768K)
[2024-12-04T16:40:47.281+0700][6,430s][info   ][gc          ] GC(454) Pause Young (Concurrent Start) (G1 Humongous Allocation) 1028M->1028M(2032M) 4,889ms
[2024-12-04T16:40:47.281+0700][6,430s][info   ][gc,cpu      ] GC(454) User=0,00s Sys=0,00s Real=0,00s
[2024-12-04T16:40:47.281+0700][6,430s][info   ][gc          ] GC(455) Concurrent Mark Cycle
[2024-12-04T16:40:47.281+0700][6,430s][info   ][gc,marking  ] GC(455) Concurrent Clear Claimed Marks
[2024-12-04T16:40:47.281+0700][6,430s][info   ][gc,marking  ] GC(455) Concurrent Clear Claimed Marks 0,042ms
[2024-12-04T16:40:47.281+0700][6,430s][info   ][gc,marking  ] GC(455) Concurrent Scan Root Regions
[2024-12-04T16:40:47.281+0700][6,430s][info   ][gc,marking  ] GC(455) Concurrent Scan Root Regions 0,006ms
[2024-12-04T16:40:47.281+0700][6,430s][info   ][gc,marking  ] GC(455) Concurrent Mark
[2024-12-04T16:40:47.281+0700][6,430s][info   ][gc,marking  ] GC(455) Concurrent Mark From Roots
[2024-12-04T16:40:47.281+0700][6,430s][info   ][gc,task     ] GC(455) Using 2 workers of 2 for marking
[2024-12-04T16:40:47.286+0700][6,435s][info   ][gc,marking  ] GC(455) Concurrent Mark From Roots 4,686ms
[2024-12-04T16:40:47.286+0700][6,435s][info   ][gc,marking  ] GC(455) Concurrent Preclean
[2024-12-04T16:40:47.286+0700][6,435s][info   ][gc,marking  ] GC(455) Concurrent Preclean 0,079ms
[2024-12-04T16:40:47.286+0700][6,435s][info   ][gc,start    ] GC(455) Pause Remark
[2024-12-04T16:40:47.289+0700][6,438s][info   ][gc          ] GC(455) Pause Remark 1029M->1029M(2032M) 2,561ms
[2024-12-04T16:40:47.289+0700][6,438s][info   ][gc,cpu      ] GC(455) User=0,00s Sys=0,00s Real=0,00s
[2024-12-04T16:40:47.289+0700][6,438s][info   ][gc,marking  ] GC(455) Concurrent Mark 7,690ms
[2024-12-04T16:40:47.289+0700][6,438s][info   ][gc,marking  ] GC(455) Concurrent Rebuild Remembered Sets
[2024-12-04T16:40:47.291+0700][6,440s][info   ][gc,marking  ] GC(455) Concurrent Rebuild Remembered Sets 2,458ms
[2024-12-04T16:40:47.291+0700][6,440s][info   ][gc,start    ] GC(455) Pause Cleanup
[2024-12-04T16:40:47.292+0700][6,441s][info   ][gc          ] GC(455) Pause Cleanup 1030M->1030M(2032M) 0,437ms
[2024-12-04T16:40:47.292+0700][6,441s][info   ][gc,cpu      ] GC(455) User=0,00s Sys=0,00s Real=0,00s
[2024-12-04T16:40:47.292+0700][6,441s][info   ][gc,marking  ] GC(455) Concurrent Cleanup for Next Mark
[2024-12-04T16:40:47.296+0700][6,445s][info   ][gc,marking  ] GC(455) Concurrent Cleanup for Next Mark 3,921ms
[2024-12-04T16:40:47.296+0700][6,445s][info   ][gc          ] GC(455) Concurrent Mark Cycle 14,902ms
[2024-12-04T16:40:47.301+0700][6,450s][info   ][gc,start    ] GC(456) Pause Young (Concurrent Start) (G1 Humongous Allocation)
[2024-12-04T16:40:47.301+0700][6,450s][info   ][gc,task     ] GC(456) Using 8 workers of 8 for evacuation
[2024-12-04T16:40:47.302+0700][6,451s][info   ][gc,phases   ] GC(456)   Pre Evacuate Collection Set: 0,2ms
[2024-12-04T16:40:47.302+0700][6,451s][info   ][gc,phases   ] GC(456)   Merge Heap Roots: 0,3ms
[2024-12-04T16:40:47.302+0700][6,451s][info   ][gc,phases   ] GC(456)   Evacuate Collection Set: 0,4ms
[2024-12-04T16:40:47.302+0700][6,451s][info   ][gc,phases   ] GC(456)   Post Evacuate Collection Set: 0,1ms
[2024-12-04T16:40:47.302+0700][6,451s][info   ][gc,phases   ] GC(456)   Other: 0,2ms
[2024-12-04T16:40:47.302+0700][6,451s][info   ][gc,heap     ] GC(456) Eden regions: 1->0(794)
[2024-12-04T16:40:47.303+0700][6,451s][info   ][gc,heap     ] GC(456) Survivor regions: 0->0(100)
[2024-12-04T16:40:47.303+0700][6,451s][info   ][gc,heap     ] GC(456) Old regions: 3->3
[2024-12-04T16:40:47.303+0700][6,451s][info   ][gc,heap     ] GC(456) Archive regions: 2->2
[2024-12-04T16:40:47.303+0700][6,451s][info   ][gc,heap     ] GC(456) Humongous regions: 1028->1028
[2024-12-04T16:40:47.303+0700][6,451s][info   ][gc,metaspace] GC(456) Metaspace: 5795K(6016K)->5795K(6016K) NonClass: 5133K(5248K)->5133K(5248K) Class: 661K(768K)->661K(768K)
[2024-12-04T16:40:47.303+0700][6,451s][info   ][gc          ] GC(456) Pause Young (Concurrent Start) (G1 Humongous Allocation) 1031M->1031M(2032M) 1,307ms
[2024-12-04T16:40:47.303+0700][6,451s][info   ][gc,cpu      ] GC(456) User=0,00s Sys=0,01s Real=0,00s
[2024-12-04T16:40:47.303+0700][6,451s][info   ][gc          ] GC(457) Concurrent Mark Cycle
[2024-12-04T16:40:47.303+0700][6,451s][info   ][gc,marking  ] GC(457) Concurrent Clear Claimed Marks
[2024-12-04T16:40:47.303+0700][6,451s][info   ][gc,marking  ] GC(457) Concurrent Clear Claimed Marks 0,012ms
[2024-12-04T16:40:47.303+0700][6,451s][info   ][gc,marking  ] GC(457) Concurrent Scan Root Regions
[2024-12-04T16:40:47.303+0700][6,451s][info   ][gc,marking  ] GC(457) Concurrent Scan Root Regions 0,004ms
[2024-12-04T16:40:47.303+0700][6,451s][info   ][gc,marking  ] GC(457) Concurrent Mark
[2024-12-04T16:40:47.303+0700][6,452s][info   ][gc,marking  ] GC(457) Concurrent Mark From Roots
[2024-12-04T16:40:47.303+0700][6,452s][info   ][gc,task     ] GC(457) Using 2 workers of 2 for marking
[2024-12-04T16:40:47.306+0700][6,455s][info   ][gc,marking  ] GC(457) Concurrent Mark From Roots 3,552ms
[2024-12-04T16:40:47.306+0700][6,455s][info   ][gc,marking  ] GC(457) Concurrent Preclean
[2024-12-04T16:40:47.306+0700][6,455s][info   ][gc,marking  ] GC(457) Concurrent Preclean 0,065ms
[2024-12-04T16:40:47.306+0700][6,455s][info   ][gc,start    ] GC(457) Pause Remark
[2024-12-04T16:40:47.307+0700][6,456s][info   ][gc          ] GC(457) Pause Remark 1032M->1032M(2032M) 0,972ms
[2024-12-04T16:40:47.307+0700][6,456s][info   ][gc,cpu      ] GC(457) User=0,00s Sys=0,00s Real=0,00s
[2024-12-04T16:40:47.307+0700][6,456s][info   ][gc,marking  ] GC(457) Concurrent Mark 4,814ms
[2024-12-04T16:40:47.307+0700][6,456s][info   ][gc,marking  ] GC(457) Concurrent Rebuild Remembered Sets
[2024-12-04T16:40:47.309+0700][6,458s][info   ][gc,marking  ] GC(457) Concurrent Rebuild Remembered Sets 1,569ms
[2024-12-04T16:40:47.309+0700][6,458s][info   ][gc,start    ] GC(457) Pause Cleanup
[2024-12-04T16:40:47.309+0700][6,458s][info   ][gc          ] GC(457) Pause Cleanup 1033M->1033M(2032M) 0,331ms
[2024-12-04T16:40:47.309+0700][6,458s][info   ][gc,cpu      ] GC(457) User=0,00s Sys=0,00s Real=0,00s
[2024-12-04T16:40:47.309+0700][6,458s][info   ][gc,marking  ] GC(457) Concurrent Cleanup for Next Mark
[2024-12-04T16:40:47.313+0700][6,462s][info   ][gc,marking  ] GC(457) Concurrent Cleanup for Next Mark 3,381ms
[2024-12-04T16:40:47.313+0700][6,462s][info   ][gc          ] GC(457) Concurrent Mark Cycle 10,317ms
[2024-12-04T16:40:47.314+0700][6,463s][info   ][gc,start    ] GC(458) Pause Young (Concurrent Start) (G1 Humongous Allocation)
[2024-12-04T16:40:47.314+0700][6,463s][info   ][gc,task     ] GC(458) Using 8 workers of 8 for evacuation
[2024-12-04T16:40:47.316+0700][6,464s][info   ][gc,phases   ] GC(458)   Pre Evacuate Collection Set: 0,2ms
[2024-12-04T16:40:47.316+0700][6,464s][info   ][gc,phases   ] GC(458)   Merge Heap Roots: 0,3ms
[2024-12-04T16:40:47.316+0700][6,464s][info   ][gc,phases   ] GC(458)   Evacuate Collection Set: 0,6ms
[2024-12-04T16:40:47.316+0700][6,464s][info   ][gc,phases   ] GC(458)   Post Evacuate Collection Set: 0,1ms
[2024-12-04T16:40:47.316+0700][6,464s][info   ][gc,phases   ] GC(458)   Other: 0,2ms
[2024-12-04T16:40:47.316+0700][6,464s][info   ][gc,heap     ] GC(458) Eden regions: 1->0(792)
[2024-12-04T16:40:47.316+0700][6,464s][info   ][gc,heap     ] GC(458) Survivor regions: 0->0(100)
[2024-12-04T16:40:47.316+0700][6,464s][info   ][gc,heap     ] GC(458) Old regions: 3->3
[2024-12-04T16:40:47.316+0700][6,464s][info   ][gc,heap     ] GC(458) Archive regions: 2->2
[2024-12-04T16:40:47.316+0700][6,464s][info   ][gc,heap     ] GC(458) Humongous regions: 1030->1030
[2024-12-04T16:40:47.316+0700][6,464s][info   ][gc,metaspace] GC(458) Metaspace: 5795K(6016K)->5795K(6016K) NonClass: 5133K(5248K)->5133K(5248K) Class: 661K(768K)->661K(768K)
[2024-12-04T16:40:47.316+0700][6,465s][info   ][gc          ] GC(458) Pause Young (Concurrent Start) (G1 Humongous Allocation) 1033M->1033M(2032M) 1,552ms
[2024-12-04T16:40:47.316+0700][6,465s][info   ][gc,cpu      ] GC(458) User=0,00s Sys=0,00s Real=0,00s
[2024-12-04T16:40:47.316+0700][6,465s][info   ][gc          ] GC(459) Concurrent Mark Cycle
[2024-12-04T16:40:47.316+0700][6,465s][info   ][gc,marking  ] GC(459) Concurrent Clear Claimed Marks
[2024-12-04T16:40:47.316+0700][6,465s][info   ][gc,marking  ] GC(459) Concurrent Clear Claimed Marks 0,009ms
[2024-12-04T16:40:47.316+0700][6,465s][info   ][gc,marking  ] GC(459) Concurrent Scan Root Regions
[2024-12-04T16:40:47.316+0700][6,465s][info   ][gc,marking  ] GC(459) Concurrent Scan Root Regions 0,006ms
[2024-12-04T16:40:47.316+0700][6,465s][info   ][gc,marking  ] GC(459) Concurrent Mark
[2024-12-04T16:40:47.316+0700][6,465s][info   ][gc,marking  ] GC(459) Concurrent Mark From Roots
[2024-12-04T16:40:47.316+0700][6,465s][info   ][gc,task     ] GC(459) Using 2 workers of 2 for marking
[2024-12-04T16:40:47.320+0700][6,469s][info   ][gc,marking  ] GC(459) Concurrent Mark From Roots 4,210ms
[2024-12-04T16:40:47.320+0700][6,469s][info   ][gc,marking  ] GC(459) Concurrent Preclean
[2024-12-04T16:40:47.320+0700][6,469s][info   ][gc,marking  ] GC(459) Concurrent Preclean 0,060ms
[2024-12-04T16:40:47.320+0700][6,469s][info   ][gc,start    ] GC(459) Pause Remark
[2024-12-04T16:40:47.321+0700][6,470s][info   ][gc          ] GC(459) Pause Remark 1034M->1034M(2032M) 0,722ms
[2024-12-04T16:40:47.321+0700][6,470s][info   ][gc,cpu      ] GC(459) User=0,00s Sys=0,00s Real=0,00s
[2024-12-04T16:40:47.321+0700][6,470s][info   ][gc,marking  ] GC(459) Concurrent Mark 5,171ms
[2024-12-04T16:40:47.321+0700][6,470s][info   ][gc,marking  ] GC(459) Concurrent Rebuild Remembered Sets
[2024-12-04T16:40:47.323+0700][6,472s][info   ][gc,marking  ] GC(459) Concurrent Rebuild Remembered Sets 1,787ms
[2024-12-04T16:40:47.323+0700][6,472s][info   ][gc,start    ] GC(459) Pause Cleanup
[2024-12-04T16:40:47.323+0700][6,472s][info   ][gc          ] GC(459) Pause Cleanup 1035M->1035M(2032M) 0,330ms
[2024-12-04T16:40:47.323+0700][6,472s][info   ][gc,cpu      ] GC(459) User=0,00s Sys=0,00s Real=0,00s
[2024-12-04T16:40:47.323+0700][6,472s][info   ][gc,marking  ] GC(459) Concurrent Cleanup for Next Mark
[2024-12-04T16:40:47.328+0700][6,477s][info   ][gc,marking  ] GC(459) Concurrent Cleanup for Next Mark 4,917ms
[2024-12-04T16:40:47.328+0700][6,477s][info   ][gc          ] GC(459) Concurrent Mark Cycle 12,450ms
[2024-12-04T16:40:47.333+0700][6,482s][info   ][gc,start    ] GC(460) Pause Young (Concurrent Start) (G1 Humongous Allocation)
[2024-12-04T16:40:47.333+0700][6,482s][info   ][gc,task     ] GC(460) Using 8 workers of 8 for evacuation
[2024-12-04T16:40:47.335+0700][6,484s][info   ][gc,phases   ] GC(460)   Pre Evacuate Collection Set: 0,5ms
[2024-12-04T16:40:47.335+0700][6,484s][info   ][gc,phases   ] GC(460)   Merge Heap Roots: 0,4ms
[2024-12-04T16:40:47.335+0700][6,484s][info   ][gc,phases   ] GC(460)   Evacuate Collection Set: 0,6ms
[2024-12-04T16:40:47.335+0700][6,484s][info   ][gc,phases   ] GC(460)   Post Evacuate Collection Set: 0,2ms
[2024-12-04T16:40:47.335+0700][6,484s][info   ][gc,phases   ] GC(460)   Other: 0,3ms
[2024-12-04T16:40:47.335+0700][6,484s][info   ][gc,heap     ] GC(460) Eden regions: 1->0(789)
[2024-12-04T16:40:47.335+0700][6,484s][info   ][gc,heap     ] GC(460) Survivor regions: 0->0(99)
[2024-12-04T16:40:47.335+0700][6,484s][info   ][gc,heap     ] GC(460) Old regions: 3->3
[2024-12-04T16:40:47.335+0700][6,484s][info   ][gc,heap     ] GC(460) Archive regions: 2->2
[2024-12-04T16:40:47.335+0700][6,484s][info   ][gc,heap     ] GC(460) Humongous regions: 1033->1033
[2024-12-04T16:40:47.335+0700][6,484s][info   ][gc,metaspace] GC(460) Metaspace: 5795K(6016K)->5795K(6016K) NonClass: 5133K(5248K)->5133K(5248K) Class: 661K(768K)->661K(768K)
[2024-12-04T16:40:47.335+0700][6,484s][info   ][gc          ] GC(460) Pause Young (Concurrent Start) (G1 Humongous Allocation) 1036M->1036M(2032M) 1,999ms
[2024-12-04T16:40:47.335+0700][6,484s][info   ][gc,cpu      ] GC(460) User=0,00s Sys=0,00s Real=0,01s
[2024-12-04T16:40:47.335+0700][6,484s][info   ][gc          ] GC(461) Concurrent Mark Cycle
[2024-12-04T16:40:47.335+0700][6,484s][info   ][gc,marking  ] GC(461) Concurrent Clear Claimed Marks
[2024-12-04T16:40:47.335+0700][6,484s][info   ][gc,marking  ] GC(461) Concurrent Clear Claimed Marks 0,020ms
[2024-12-04T16:40:47.335+0700][6,484s][info   ][gc,marking  ] GC(461) Concurrent Scan Root Regions
[2024-12-04T16:40:47.335+0700][6,484s][info   ][gc,marking  ] GC(461) Concurrent Scan Root Regions 0,006ms
[2024-12-04T16:40:47.335+0700][6,484s][info   ][gc,marking  ] GC(461) Concurrent Mark
[2024-12-04T16:40:47.335+0700][6,484s][info   ][gc,marking  ] GC(461) Concurrent Mark From Roots
[2024-12-04T16:40:47.335+0700][6,484s][info   ][gc,task     ] GC(461) Using 2 workers of 2 for marking
[2024-12-04T16:40:47.340+0700][6,489s][info   ][gc,marking  ] GC(461) Concurrent Mark From Roots 5,154ms
[2024-12-04T16:40:47.340+0700][6,489s][info   ][gc,marking  ] GC(461) Concurrent Preclean
[2024-12-04T16:40:47.341+0700][6,489s][info   ][gc,marking  ] GC(461) Concurrent Preclean 0,134ms
[2024-12-04T16:40:47.341+0700][6,489s][info   ][gc,start    ] GC(461) Pause Remark
[2024-12-04T16:40:47.342+0700][6,491s][info   ][gc          ] GC(461) Pause Remark 1037M->1037M(2032M) 1,155ms
[2024-12-04T16:40:47.342+0700][6,491s][info   ][gc,cpu      ] GC(461) User=0,00s Sys=0,00s Real=0,00s
[2024-12-04T16:40:47.342+0700][6,491s][info   ][gc,marking  ] GC(461) Concurrent Mark 6,683ms
[2024-12-04T16:40:47.342+0700][6,491s][info   ][gc,marking  ] GC(461) Concurrent Rebuild Remembered Sets
[2024-12-04T16:40:47.344+0700][6,493s][info   ][gc,marking  ] GC(461) Concurrent Rebuild Remembered Sets 1,926ms
[2024-12-04T16:40:47.344+0700][6,493s][info   ][gc,start    ] GC(461) Pause Cleanup
[2024-12-04T16:40:47.344+0700][6,493s][info   ][gc          ] GC(461) Pause Cleanup 1038M->1038M(2032M) 0,269ms
[2024-12-04T16:40:47.344+0700][6,493s][info   ][gc,cpu      ] GC(461) User=0,00s Sys=0,00s Real=0,00s
[2024-12-04T16:40:47.344+0700][6,493s][info   ][gc,marking  ] GC(461) Concurrent Cleanup for Next Mark
[2024-12-04T16:40:47.347+0700][6,496s][info   ][gc,marking  ] GC(461) Concurrent Cleanup for Next Mark 3,295ms
[2024-12-04T16:40:47.347+0700][6,496s][info   ][gc          ] GC(461) Concurrent Mark Cycle 12,451ms
[2024-12-04T16:40:47.348+0700][6,496s][info   ][gc,start    ] GC(462) Pause Young (Concurrent Start) (G1 Humongous Allocation)
[2024-12-04T16:40:47.348+0700][6,496s][info   ][gc,task     ] GC(462) Using 8 workers of 8 for evacuation
[2024-12-04T16:40:47.349+0700][6,498s][info   ][gc,phases   ] GC(462)   Pre Evacuate Collection Set: 0,3ms
[2024-12-04T16:40:47.349+0700][6,498s][info   ][gc,phases   ] GC(462)   Merge Heap Roots: 0,3ms
[2024-12-04T16:40:47.349+0700][6,498s][info   ][gc,phases   ] GC(462)   Evacuate Collection Set: 0,4ms
[2024-12-04T16:40:47.349+0700][6,498s][info   ][gc,phases   ] GC(462)   Post Evacuate Collection Set: 0,3ms
[2024-12-04T16:40:47.349+0700][6,498s][info   ][gc,phases   ] GC(462)   Other: 0,2ms
[2024-12-04T16:40:47.349+0700][6,498s][info   ][gc,heap     ] GC(462) Eden regions: 1->0(790)
[2024-12-04T16:40:47.349+0700][6,498s][info   ][gc,heap     ] GC(462) Survivor regions: 0->0(99)
[2024-12-04T16:40:47.349+0700][6,498s][info   ][gc,heap     ] GC(462) Old regions: 3->3
[2024-12-04T16:40:47.349+0700][6,498s][info   ][gc,heap     ] GC(462) Archive regions: 2->2
[2024-12-04T16:40:47.349+0700][6,498s][info   ][gc,heap     ] GC(462) Humongous regions: 1035->1035
[2024-12-04T16:40:47.349+0700][6,498s][info   ][gc,metaspace] GC(462) Metaspace: 5795K(6016K)->5795K(6016K) NonClass: 5133K(5248K)->5133K(5248K) Class: 661K(768K)->661K(768K)
[2024-12-04T16:40:47.349+0700][6,498s][info   ][gc          ] GC(462) Pause Young (Concurrent Start) (G1 Humongous Allocation) 1038M->1038M(2035M) 1,783ms
[2024-12-04T16:40:47.349+0700][6,498s][info   ][gc,cpu      ] GC(462) User=0,01s Sys=0,00s Real=0,00s
[2024-12-04T16:40:47.349+0700][6,498s][info   ][gc          ] GC(463) Concurrent Mark Cycle
[2024-12-04T16:40:47.349+0700][6,498s][info   ][gc,marking  ] GC(463) Concurrent Clear Claimed Marks
[2024-12-04T16:40:47.349+0700][6,498s][info   ][gc,marking  ] GC(463) Concurrent Clear Claimed Marks 0,029ms
[2024-12-04T16:40:47.349+0700][6,498s][info   ][gc,marking  ] GC(463) Concurrent Scan Root Regions
[2024-12-04T16:40:47.349+0700][6,498s][info   ][gc,marking  ] GC(463) Concurrent Scan Root Regions 0,006ms
[2024-12-04T16:40:47.349+0700][6,498s][info   ][gc,marking  ] GC(463) Concurrent Mark
[2024-12-04T16:40:47.350+0700][6,498s][info   ][gc,marking  ] GC(463) Concurrent Mark From Roots
[2024-12-04T16:40:47.350+0700][6,498s][info   ][gc,task     ] GC(463) Using 2 workers of 2 for marking
[2024-12-04T16:40:47.353+0700][6,502s][info   ][gc,marking  ] GC(463) Concurrent Mark From Roots 3,435ms
[2024-12-04T16:40:47.353+0700][6,502s][info   ][gc,marking  ] GC(463) Concurrent Preclean
[2024-12-04T16:40:47.353+0700][6,502s][info   ][gc,marking  ] GC(463) Concurrent Preclean 0,064ms
[2024-12-04T16:40:47.353+0700][6,502s][info   ][gc,start    ] GC(463) Pause Remark
[2024-12-04T16:40:47.354+0700][6,503s][info   ][gc          ] GC(463) Pause Remark 1039M->1039M(2035M) 0,730ms
[2024-12-04T16:40:47.354+0700][6,503s][info   ][gc,cpu      ] GC(463) User=0,01s Sys=0,00s Real=0,00s
[2024-12-04T16:40:47.354+0700][6,503s][info   ][gc,marking  ] GC(463) Concurrent Mark 4,450ms
[2024-12-04T16:40:47.354+0700][6,503s][info   ][gc,marking  ] GC(463) Concurrent Rebuild Remembered Sets
[2024-12-04T16:40:47.355+0700][6,504s][info   ][gc,marking  ] GC(463) Concurrent Rebuild Remembered Sets 1,383ms
[2024-12-04T16:40:47.356+0700][6,505s][info   ][gc,start    ] GC(463) Pause Cleanup
[2024-12-04T16:40:47.356+0700][6,505s][info   ][gc          ] GC(463) Pause Cleanup 1040M->1040M(2035M) 0,447ms
[2024-12-04T16:40:47.356+0700][6,505s][info   ][gc,cpu      ] GC(463) User=0,00s Sys=0,00s Real=0,00s
[2024-12-04T16:40:47.356+0700][6,505s][info   ][gc,marking  ] GC(463) Concurrent Cleanup for Next Mark
[2024-12-04T16:40:47.360+0700][6,509s][info   ][gc,marking  ] GC(463) Concurrent Cleanup for Next Mark 3,454ms
[2024-12-04T16:40:47.360+0700][6,509s][info   ][gc          ] GC(463) Concurrent Mark Cycle 10,368ms
[2024-12-04T16:40:47.362+0700][6,510s][info   ][gc,start    ] GC(464) Pause Young (Concurrent Start) (G1 Humongous Allocation)
[2024-12-04T16:40:47.362+0700][6,510s][info   ][gc,task     ] GC(464) Using 8 workers of 8 for evacuation
[2024-12-04T16:40:47.363+0700][6,512s][info   ][gc,phases   ] GC(464)   Pre Evacuate Collection Set: 0,3ms
[2024-12-04T16:40:47.363+0700][6,512s][info   ][gc,phases   ] GC(464)   Merge Heap Roots: 0,4ms
[2024-12-04T16:40:47.363+0700][6,512s][info   ][gc,phases   ] GC(464)   Evacuate Collection Set: 0,6ms
[2024-12-04T16:40:47.363+0700][6,512s][info   ][gc,phases   ] GC(464)   Post Evacuate Collection Set: 0,1ms
[2024-12-04T16:40:47.363+0700][6,512s][info   ][gc,phases   ] GC(464)   Other: 0,3ms
[2024-12-04T16:40:47.363+0700][6,512s][info   ][gc,heap     ] GC(464) Eden regions: 1->0(788)
[2024-12-04T16:40:47.363+0700][6,512s][info   ][gc,heap     ] GC(464) Survivor regions: 0->0(99)
[2024-12-04T16:40:47.363+0700][6,512s][info   ][gc,heap     ] GC(464) Old regions: 3->3
[2024-12-04T16:40:47.363+0700][6,512s][info   ][gc,heap     ] GC(464) Archive regions: 2->2
[2024-12-04T16:40:47.363+0700][6,512s][info   ][gc,heap     ] GC(464) Humongous regions: 1037->1037
[2024-12-04T16:40:47.363+0700][6,512s][info   ][gc,metaspace] GC(464) Metaspace: 5795K(6016K)->5795K(6016K) NonClass: 5133K(5248K)->5133K(5248K) Class: 661K(768K)->661K(768K)
[2024-12-04T16:40:47.363+0700][6,512s][info   ][gc          ] GC(464) Pause Young (Concurrent Start) (G1 Humongous Allocation) 1040M->1040M(2035M) 1,822ms
[2024-12-04T16:40:47.363+0700][6,512s][info   ][gc,cpu      ] GC(464) User=0,00s Sys=0,00s Real=0,01s
[2024-12-04T16:40:47.363+0700][6,512s][info   ][gc          ] GC(465) Concurrent Mark Cycle
[2024-12-04T16:40:47.363+0700][6,512s][info   ][gc,marking  ] GC(465) Concurrent Clear Claimed Marks
[2024-12-04T16:40:47.363+0700][6,512s][info   ][gc,marking  ] GC(465) Concurrent Clear Claimed Marks 0,026ms
[2024-12-04T16:40:47.363+0700][6,512s][info   ][gc,marking  ] GC(465) Concurrent Scan Root Regions
[2024-12-04T16:40:47.363+0700][6,512s][info   ][gc,marking  ] GC(465) Concurrent Scan Root Regions 0,016ms
[2024-12-04T16:40:47.363+0700][6,512s][info   ][gc,marking  ] GC(465) Concurrent Mark
[2024-12-04T16:40:47.363+0700][6,512s][info   ][gc,marking  ] GC(465) Concurrent Mark From Roots
[2024-12-04T16:40:47.363+0700][6,512s][info   ][gc,task     ] GC(465) Using 2 workers of 2 for marking
[2024-12-04T16:40:47.367+0700][6,516s][info   ][gc,marking  ] GC(465) Concurrent Mark From Roots 3,608ms
[2024-12-04T16:40:47.367+0700][6,516s][info   ][gc,marking  ] GC(465) Concurrent Preclean
[2024-12-04T16:40:47.367+0700][6,516s][info   ][gc,marking  ] GC(465) Concurrent Preclean 0,055ms
[2024-12-04T16:40:47.367+0700][6,516s][info   ][gc,start    ] GC(465) Pause Remark
[2024-12-04T16:40:47.368+0700][6,517s][info   ][gc          ] GC(465) Pause Remark 1041M->1041M(2035M) 0,769ms
[2024-12-04T16:40:47.368+0700][6,517s][info   ][gc,cpu      ] GC(465) User=0,01s Sys=0,00s Real=0,00s
[2024-12-04T16:40:47.368+0700][6,517s][info   ][gc,marking  ] GC(465) Concurrent Mark 4,613ms
[2024-12-04T16:40:47.368+0700][6,517s][info   ][gc,marking  ] GC(465) Concurrent Rebuild Remembered Sets
[2024-12-04T16:40:47.370+0700][6,519s][info   ][gc,marking  ] GC(465) Concurrent Rebuild Remembered Sets 1,528ms
[2024-12-04T16:40:47.370+0700][6,519s][info   ][gc,start    ] GC(465) Pause Cleanup
[2024-12-04T16:40:47.370+0700][6,519s][info   ][gc          ] GC(465) Pause Cleanup 1042M->1042M(2035M) 0,350ms
[2024-12-04T16:40:47.370+0700][6,519s][info   ][gc,cpu      ] GC(465) User=0,00s Sys=0,00s Real=0,00s
[2024-12-04T16:40:47.370+0700][6,519s][info   ][gc,marking  ] GC(465) Concurrent Cleanup for Next Mark
[2024-12-04T16:40:47.375+0700][6,524s][info   ][gc,marking  ] GC(465) Concurrent Cleanup for Next Mark 4,733ms
[2024-12-04T16:40:47.375+0700][6,524s][info   ][gc          ] GC(465) Concurrent Mark Cycle 11,559ms
[2024-12-04T16:40:47.381+0700][6,529s][info   ][gc,start    ] GC(466) Pause Young (Concurrent Start) (G1 Humongous Allocation)
[2024-12-04T16:40:47.381+0700][6,530s][info   ][gc,task     ] GC(466) Using 8 workers of 8 for evacuation
[2024-12-04T16:40:47.382+0700][6,531s][info   ][gc,phases   ] GC(466)   Pre Evacuate Collection Set: 0,3ms
[2024-12-04T16:40:47.382+0700][6,531s][info   ][gc,phases   ] GC(466)   Merge Heap Roots: 0,3ms
[2024-12-04T16:40:47.382+0700][6,531s][info   ][gc,phases   ] GC(466)   Evacuate Collection Set: 0,4ms
[2024-12-04T16:40:47.382+0700][6,531s][info   ][gc,phases   ] GC(466)   Post Evacuate Collection Set: 0,1ms
[2024-12-04T16:40:47.382+0700][6,531s][info   ][gc,phases   ] GC(466)   Other: 0,2ms
[2024-12-04T16:40:47.382+0700][6,531s][info   ][gc,heap     ] GC(466) Eden regions: 1->0(785)
[2024-12-04T16:40:47.382+0700][6,531s][info   ][gc,heap     ] GC(466) Survivor regions: 0->0(99)
[2024-12-04T16:40:47.382+0700][6,531s][info   ][gc,heap     ] GC(466) Old regions: 3->3
[2024-12-04T16:40:47.382+0700][6,531s][info   ][gc,heap     ] GC(466) Archive regions: 2->2
[2024-12-04T16:40:47.382+0700][6,531s][info   ][gc,heap     ] GC(466) Humongous regions: 1040->1040
[2024-12-04T16:40:47.382+0700][6,531s][info   ][gc,metaspace] GC(466) Metaspace: 5795K(6016K)->5795K(6016K) NonClass: 5133K(5248K)->5133K(5248K) Class: 661K(768K)->661K(768K)
[2024-12-04T16:40:47.382+0700][6,531s][info   ][gc          ] GC(466) Pause Young (Concurrent Start) (G1 Humongous Allocation) 1043M->1043M(2035M) 1,296ms
[2024-12-04T16:40:47.382+0700][6,531s][info   ][gc,cpu      ] GC(466) User=0,01s Sys=0,00s Real=0,00s
[2024-12-04T16:40:47.382+0700][6,531s][info   ][gc          ] GC(467) Concurrent Mark Cycle
[2024-12-04T16:40:47.382+0700][6,531s][info   ][gc,marking  ] GC(467) Concurrent Clear Claimed Marks
[2024-12-04T16:40:47.382+0700][6,531s][info   ][gc,marking  ] GC(467) Concurrent Clear Claimed Marks 0,014ms
[2024-12-04T16:40:47.382+0700][6,531s][info   ][gc,marking  ] GC(467) Concurrent Scan Root Regions
[2024-12-04T16:40:47.382+0700][6,531s][info   ][gc,marking  ] GC(467) Concurrent Scan Root Regions 0,006ms
[2024-12-04T16:40:47.382+0700][6,531s][info   ][gc,marking  ] GC(467) Concurrent Mark
[2024-12-04T16:40:47.382+0700][6,531s][info   ][gc,marking  ] GC(467) Concurrent Mark From Roots
[2024-12-04T16:40:47.382+0700][6,531s][info   ][gc,task     ] GC(467) Using 2 workers of 2 for marking
[2024-12-04T16:40:47.385+0700][6,534s][info   ][gc,marking  ] GC(467) Concurrent Mark From Roots 3,124ms
[2024-12-04T16:40:47.385+0700][6,534s][info   ][gc,marking  ] GC(467) Concurrent Preclean
[2024-12-04T16:40:47.385+0700][6,534s][info   ][gc,marking  ] GC(467) Concurrent Preclean 0,050ms
[2024-12-04T16:40:47.385+0700][6,534s][info   ][gc,start    ] GC(467) Pause Remark
[2024-12-04T16:40:47.386+0700][6,535s][info   ][gc          ] GC(467) Pause Remark 1044M->1044M(2035M) 0,927ms
[2024-12-04T16:40:47.386+0700][6,535s][info   ][gc,cpu      ] GC(467) User=0,00s Sys=0,00s Real=0,00s
[2024-12-04T16:40:47.386+0700][6,535s][info   ][gc,marking  ] GC(467) Concurrent Mark 4,252ms
[2024-12-04T16:40:47.386+0700][6,535s][info   ][gc,marking  ] GC(467) Concurrent Rebuild Remembered Sets
[2024-12-04T16:40:47.388+0700][6,537s][info   ][gc,marking  ] GC(467) Concurrent Rebuild Remembered Sets 1,824ms
[2024-12-04T16:40:47.388+0700][6,537s][info   ][gc,start    ] GC(467) Pause Cleanup
[2024-12-04T16:40:47.389+0700][6,537s][info   ][gc          ] GC(467) Pause Cleanup 1045M->1045M(2035M) 0,253ms
[2024-12-04T16:40:47.389+0700][6,537s][info   ][gc,cpu      ] GC(467) User=0,00s Sys=0,00s Real=0,00s
[2024-12-04T16:40:47.389+0700][6,537s][info   ][gc,marking  ] GC(467) Concurrent Cleanup for Next Mark
[2024-12-04T16:40:47.392+0700][6,540s][info   ][gc,marking  ] GC(467) Concurrent Cleanup for Next Mark 2,987ms
[2024-12-04T16:40:47.392+0700][6,540s][info   ][gc          ] GC(467) Concurrent Mark Cycle 9,701ms
[2024-12-04T16:40:47.394+0700][6,543s][info   ][gc,start    ] GC(468) Pause Young (Concurrent Start) (G1 Humongous Allocation)
[2024-12-04T16:40:47.394+0700][6,543s][info   ][gc,task     ] GC(468) Using 8 workers of 8 for evacuation
[2024-12-04T16:40:47.395+0700][6,544s][info   ][gc,phases   ] GC(468)   Pre Evacuate Collection Set: 0,3ms
[2024-12-04T16:40:47.395+0700][6,544s][info   ][gc,phases   ] GC(468)   Merge Heap Roots: 0,3ms
[2024-12-04T16:40:47.395+0700][6,544s][info   ][gc,phases   ] GC(468)   Evacuate Collection Set: 0,3ms
[2024-12-04T16:40:47.395+0700][6,544s][info   ][gc,phases   ] GC(468)   Post Evacuate Collection Set: 0,1ms
[2024-12-04T16:40:47.395+0700][6,544s][info   ][gc,phases   ] GC(468)   Other: 0,2ms
[2024-12-04T16:40:47.395+0700][6,544s][info   ][gc,heap     ] GC(468) Eden regions: 2->0(782)
[2024-12-04T16:40:47.395+0700][6,544s][info   ][gc,heap     ] GC(468) Survivor regions: 0->1(99)
[2024-12-04T16:40:47.395+0700][6,544s][info   ][gc,heap     ] GC(468) Old regions: 3->3
[2024-12-04T16:40:47.395+0700][6,544s][info   ][gc,heap     ] GC(468) Archive regions: 2->2
[2024-12-04T16:40:47.395+0700][6,544s][info   ][gc,heap     ] GC(468) Humongous regions: 1042->1042
[2024-12-04T16:40:47.395+0700][6,544s][info   ][gc,metaspace] GC(468) Metaspace: 5799K(6016K)->5799K(6016K) NonClass: 5137K(5248K)->5137K(5248K) Class: 661K(768K)->661K(768K)
[2024-12-04T16:40:47.395+0700][6,544s][info   ][gc          ] GC(468) Pause Young (Concurrent Start) (G1 Humongous Allocation) 1046M->1045M(2035M) 1,256ms
[2024-12-04T16:40:47.395+0700][6,544s][info   ][gc,cpu      ] GC(468) User=0,00s Sys=0,00s Real=0,00s
[2024-12-04T16:40:47.395+0700][6,544s][info   ][gc          ] GC(469) Concurrent Mark Cycle
[2024-12-04T16:40:47.395+0700][6,544s][info   ][gc,marking  ] GC(469) Concurrent Clear Claimed Marks
[2024-12-04T16:40:47.395+0700][6,544s][info   ][gc,marking  ] GC(469) Concurrent Clear Claimed Marks 0,017ms
[2024-12-04T16:40:47.395+0700][6,544s][info   ][gc,marking  ] GC(469) Concurrent Scan Root Regions
[2024-12-04T16:40:47.395+0700][6,544s][info   ][gc,marking  ] GC(469) Concurrent Scan Root Regions 0,064ms
[2024-12-04T16:40:47.395+0700][6,544s][info   ][gc,marking  ] GC(469) Concurrent Mark
[2024-12-04T16:40:47.395+0700][6,544s][info   ][gc,marking  ] GC(469) Concurrent Mark From Roots
[2024-12-04T16:40:47.395+0700][6,544s][info   ][gc,task     ] GC(469) Using 2 workers of 2 for marking
[2024-12-04T16:40:47.399+0700][6,548s][info   ][gc,marking  ] GC(469) Concurrent Mark From Roots 3,697ms
[2024-12-04T16:40:47.399+0700][6,548s][info   ][gc,marking  ] GC(469) Concurrent Preclean
[2024-12-04T16:40:47.399+0700][6,548s][info   ][gc,marking  ] GC(469) Concurrent Preclean 0,049ms
[2024-12-04T16:40:47.399+0700][6,548s][info   ][gc,start    ] GC(469) Pause Remark
[2024-12-04T16:40:47.400+0700][6,549s][info   ][gc          ] GC(469) Pause Remark 1047M->1047M(2035M) 0,666ms
[2024-12-04T16:40:47.400+0700][6,549s][info   ][gc,cpu      ] GC(469) User=0,00s Sys=0,00s Real=0,00s
[2024-12-04T16:40:47.400+0700][6,549s][info   ][gc,marking  ] GC(469) Concurrent Mark 4,550ms
[2024-12-04T16:40:47.400+0700][6,549s][info   ][gc,marking  ] GC(469) Concurrent Rebuild Remembered Sets
[2024-12-04T16:40:47.401+0700][6,550s][info   ][gc,marking  ] GC(469) Concurrent Rebuild Remembered Sets 1,593ms
[2024-12-04T16:40:47.401+0700][6,550s][info   ][gc,start    ] GC(469) Pause Cleanup
[2024-12-04T16:40:47.402+0700][6,550s][info   ][gc          ] GC(469) Pause Cleanup 1048M->1048M(2035M) 0,177ms
[2024-12-04T16:40:47.402+0700][6,550s][info   ][gc,cpu      ] GC(469) User=0,00s Sys=0,00s Real=0,00s
[2024-12-04T16:40:47.402+0700][6,550s][info   ][gc,marking  ] GC(469) Concurrent Cleanup for Next Mark
[2024-12-04T16:40:47.406+0700][6,555s][info   ][gc,marking  ] GC(469) Concurrent Cleanup for Next Mark 4,567ms
[2024-12-04T16:40:47.406+0700][6,555s][info   ][gc          ] GC(469) Concurrent Mark Cycle 11,148ms
[2024-12-04T16:40:47.406+0700][6,555s][info   ][gc,start    ] GC(470) Pause Young (Concurrent Start) (G1 Humongous Allocation)
[2024-12-04T16:40:47.406+0700][6,555s][info   ][gc,task     ] GC(470) Using 8 workers of 8 for evacuation
[2024-12-04T16:40:47.408+0700][6,556s][info   ][gc,phases   ] GC(470)   Pre Evacuate Collection Set: 0,2ms
[2024-12-04T16:40:47.408+0700][6,556s][info   ][gc,phases   ] GC(470)   Merge Heap Roots: 0,2ms
[2024-12-04T16:40:47.408+0700][6,556s][info   ][gc,phases   ] GC(470)   Evacuate Collection Set: 0,5ms
[2024-12-04T16:40:47.408+0700][6,557s][info   ][gc,phases   ] GC(470)   Post Evacuate Collection Set: 0,3ms
[2024-12-04T16:40:47.408+0700][6,557s][info   ][gc,phases   ] GC(470)   Other: 0,2ms
[2024-12-04T16:40:47.408+0700][6,557s][info   ][gc,heap     ] GC(470) Eden regions: 2->0(782)
[2024-12-04T16:40:47.408+0700][6,557s][info   ][gc,heap     ] GC(470) Survivor regions: 1->1(98)
[2024-12-04T16:40:47.408+0700][6,557s][info   ][gc,heap     ] GC(470) Old regions: 3->3
[2024-12-04T16:40:47.408+0700][6,557s][info   ][gc,heap     ] GC(470) Archive regions: 2->2
[2024-12-04T16:40:47.408+0700][6,557s][info   ][gc,heap     ] GC(470) Humongous regions: 1044->1044
[2024-12-04T16:40:47.408+0700][6,557s][info   ][gc,metaspace] GC(470) Metaspace: 5806K(6016K)->5806K(6016K) NonClass: 5144K(5248K)->5144K(5248K) Class: 661K(768K)->661K(768K)
[2024-12-04T16:40:47.408+0700][6,557s][info   ][gc          ] GC(470) Pause Young (Concurrent Start) (G1 Humongous Allocation) 1048M->1047M(2037M) 1,440ms
[2024-12-04T16:40:47.408+0700][6,557s][info   ][gc,cpu      ] GC(470) User=0,00s Sys=0,00s Real=0,00s
[2024-12-04T16:40:47.408+0700][6,557s][info   ][gc          ] GC(471) Concurrent Mark Cycle
[2024-12-04T16:40:47.408+0700][6,557s][info   ][gc,marking  ] GC(471) Concurrent Clear Claimed Marks
[2024-12-04T16:40:47.408+0700][6,557s][info   ][gc,marking  ] GC(471) Concurrent Clear Claimed Marks 0,011ms
[2024-12-04T16:40:47.408+0700][6,557s][info   ][gc,marking  ] GC(471) Concurrent Scan Root Regions
[2024-12-04T16:40:47.408+0700][6,557s][info   ][gc,marking  ] GC(471) Concurrent Scan Root Regions 0,067ms
[2024-12-04T16:40:47.408+0700][6,557s][info   ][gc,marking  ] GC(471) Concurrent Mark
[2024-12-04T16:40:47.408+0700][6,557s][info   ][gc,marking  ] GC(471) Concurrent Mark From Roots
[2024-12-04T16:40:47.408+0700][6,557s][info   ][gc,task     ] GC(471) Using 2 workers of 2 for marking
[2024-12-04T16:40:47.412+0700][6,561s][info   ][gc,marking  ] GC(471) Concurrent Mark From Roots 4,042ms
[2024-12-04T16:40:47.412+0700][6,561s][info   ][gc,marking  ] GC(471) Concurrent Preclean
[2024-12-04T16:40:47.412+0700][6,561s][info   ][gc,marking  ] GC(471) Concurrent Preclean 0,060ms
[2024-12-04T16:40:47.412+0700][6,561s][info   ][gc,start    ] GC(471) Pause Remark
[2024-12-04T16:40:47.413+0700][6,562s][info   ][gc          ] GC(471) Pause Remark 1048M->1048M(2037M) 0,987ms
[2024-12-04T16:40:47.413+0700][6,562s][info   ][gc,cpu      ] GC(471) User=0,00s Sys=0,00s Real=0,00s
[2024-12-04T16:40:47.413+0700][6,562s][info   ][gc,marking  ] GC(471) Concurrent Mark 5,274ms
[2024-12-04T16:40:47.413+0700][6,562s][info   ][gc,marking  ] GC(471) Concurrent Rebuild Remembered Sets
[2024-12-04T16:40:47.415+0700][6,564s][info   ][gc,marking  ] GC(471) Concurrent Rebuild Remembered Sets 1,719ms
[2024-12-04T16:40:47.415+0700][6,564s][info   ][gc,start    ] GC(471) Pause Cleanup
[2024-12-04T16:40:47.415+0700][6,564s][info   ][gc          ] GC(471) Pause Cleanup 1049M->1049M(2037M) 0,324ms
[2024-12-04T16:40:47.415+0700][6,564s][info   ][gc,cpu      ] GC(471) User=0,00s Sys=0,00s Real=0,00s
[2024-12-04T16:40:47.415+0700][6,564s][info   ][gc,marking  ] GC(471) Concurrent Cleanup for Next Mark
[2024-12-04T16:40:47.419+0700][6,567s][info   ][gc,marking  ] GC(471) Concurrent Cleanup for Next Mark 3,219ms
[2024-12-04T16:40:47.419+0700][6,567s][info   ][gc          ] GC(471) Concurrent Mark Cycle 10,851ms
[2024-12-04T16:40:47.419+0700][6,568s][info   ][gc,start    ] GC(472) Pause Young (Concurrent Start) (G1 Humongous Allocation)
[2024-12-04T16:40:47.419+0700][6,568s][info   ][gc,task     ] GC(472) Using 8 workers of 8 for evacuation
[2024-12-04T16:40:47.420+0700][6,569s][info   ][gc,phases   ] GC(472)   Pre Evacuate Collection Set: 0,3ms
[2024-12-04T16:40:47.420+0700][6,569s][info   ][gc,phases   ] GC(472)   Merge Heap Roots: 0,2ms
[2024-12-04T16:40:47.420+0700][6,569s][info   ][gc,phases   ] GC(472)   Evacuate Collection Set: 0,4ms
[2024-12-04T16:40:47.420+0700][6,569s][info   ][gc,phases   ] GC(472)   Post Evacuate Collection Set: 0,1ms
[2024-12-04T16:40:47.420+0700][6,569s][info   ][gc,phases   ] GC(472)   Other: 0,2ms
[2024-12-04T16:40:47.420+0700][6,569s][info   ][gc,heap     ] GC(472) Eden regions: 1->0(780)
[2024-12-04T16:40:47.420+0700][6,569s][info   ][gc,heap     ] GC(472) Survivor regions: 1->1(98)
[2024-12-04T16:40:47.420+0700][6,569s][info   ][gc,heap     ] GC(472) Old regions: 3->3
[2024-12-04T16:40:47.420+0700][6,569s][info   ][gc,heap     ] GC(472) Archive regions: 2->2
[2024-12-04T16:40:47.420+0700][6,569s][info   ][gc,heap     ] GC(472) Humongous regions: 1046->1046
[2024-12-04T16:40:47.420+0700][6,569s][info   ][gc,metaspace] GC(472) Metaspace: 5806K(6016K)->5806K(6016K) NonClass: 5144K(5248K)->5144K(5248K) Class: 661K(768K)->661K(768K)
[2024-12-04T16:40:47.420+0700][6,569s][info   ][gc          ] GC(472) Pause Young (Concurrent Start) (G1 Humongous Allocation) 1049M->1049M(2037M) 1,252ms
[2024-12-04T16:40:47.420+0700][6,569s][info   ][gc,cpu      ] GC(472) User=0,00s Sys=0,00s Real=0,00s
[2024-12-04T16:40:47.420+0700][6,569s][info   ][gc          ] GC(473) Concurrent Mark Cycle
[2024-12-04T16:40:47.420+0700][6,569s][info   ][gc,marking  ] GC(473) Concurrent Clear Claimed Marks
[2024-12-04T16:40:47.420+0700][6,569s][info   ][gc,marking  ] GC(473) Concurrent Clear Claimed Marks 0,011ms
[2024-12-04T16:40:47.420+0700][6,569s][info   ][gc,marking  ] GC(473) Concurrent Scan Root Regions
[2024-12-04T16:40:47.420+0700][6,569s][info   ][gc,marking  ] GC(473) Concurrent Scan Root Regions 0,052ms
[2024-12-04T16:40:47.420+0700][6,569s][info   ][gc,marking  ] GC(473) Concurrent Mark
[2024-12-04T16:40:47.420+0700][6,569s][info   ][gc,marking  ] GC(473) Concurrent Mark From Roots
[2024-12-04T16:40:47.420+0700][6,569s][info   ][gc,task     ] GC(473) Using 2 workers of 2 for marking
[2024-12-04T16:40:47.424+0700][6,573s][info   ][gc,marking  ] GC(473) Concurrent Mark From Roots 3,485ms
[2024-12-04T16:40:47.424+0700][6,573s][info   ][gc,marking  ] GC(473) Concurrent Preclean
[2024-12-04T16:40:47.424+0700][6,573s][info   ][gc,marking  ] GC(473) Concurrent Preclean 0,058ms
[2024-12-04T16:40:47.424+0700][6,573s][info   ][gc,start    ] GC(473) Pause Remark
[2024-12-04T16:40:47.424+0700][6,573s][info   ][gc          ] GC(473) Pause Remark 1050M->1050M(2037M) 0,610ms
[2024-12-04T16:40:47.425+0700][6,573s][info   ][gc,cpu      ] GC(473) User=0,00s Sys=0,00s Real=0,00s
[2024-12-04T16:40:47.425+0700][6,573s][info   ][gc,marking  ] GC(473) Concurrent Mark 4,287ms
[2024-12-04T16:40:47.425+0700][6,573s][info   ][gc,marking  ] GC(473) Concurrent Rebuild Remembered Sets
[2024-12-04T16:40:47.426+0700][6,575s][info   ][gc,marking  ] GC(473) Concurrent Rebuild Remembered Sets 1,380ms
[2024-12-04T16:40:47.426+0700][6,575s][info   ][gc,start    ] GC(473) Pause Cleanup
[2024-12-04T16:40:47.426+0700][6,575s][info   ][gc          ] GC(473) Pause Cleanup 1051M->1051M(2037M) 0,233ms
[2024-12-04T16:40:47.426+0700][6,575s][info   ][gc,cpu      ] GC(473) User=0,00s Sys=0,00s Real=0,00s
[2024-12-04T16:40:47.427+0700][6,575s][info   ][gc,marking  ] GC(473) Concurrent Cleanup for Next Mark
[2024-12-04T16:40:47.430+0700][6,578s][info   ][gc,marking  ] GC(473) Concurrent Cleanup for Next Mark 3,089ms
[2024-12-04T16:40:47.430+0700][6,579s][info   ][gc          ] GC(473) Concurrent Mark Cycle 9,490ms
[2024-12-04T16:40:47.432+0700][6,581s][info   ][gc,start    ] GC(474) Pause Young (Concurrent Start) (G1 Humongous Allocation)
[2024-12-04T16:40:47.432+0700][6,581s][info   ][gc,task     ] GC(474) Using 8 workers of 8 for evacuation
[2024-12-04T16:40:47.433+0700][6,582s][info   ][gc,phases   ] GC(474)   Pre Evacuate Collection Set: 0,2ms
[2024-12-04T16:40:47.433+0700][6,582s][info   ][gc,phases   ] GC(474)   Merge Heap Roots: 0,2ms
[2024-12-04T16:40:47.433+0700][6,582s][info   ][gc,phases   ] GC(474)   Evacuate Collection Set: 0,3ms
[2024-12-04T16:40:47.433+0700][6,582s][info   ][gc,phases   ] GC(474)   Post Evacuate Collection Set: 0,1ms
[2024-12-04T16:40:47.433+0700][6,582s][info   ][gc,phases   ] GC(474)   Other: 0,2ms
[2024-12-04T16:40:47.433+0700][6,582s][info   ][gc,heap     ] GC(474) Eden regions: 1->0(778)
[2024-12-04T16:40:47.433+0700][6,582s][info   ][gc,heap     ] GC(474) Survivor regions: 1->1(98)
[2024-12-04T16:40:47.433+0700][6,582s][info   ][gc,heap     ] GC(474) Old regions: 3->3
[2024-12-04T16:40:47.433+0700][6,582s][info   ][gc,heap     ] GC(474) Archive regions: 2->2
[2024-12-04T16:40:47.433+0700][6,582s][info   ][gc,heap     ] GC(474) Humongous regions: 1048->1048
[2024-12-04T16:40:47.433+0700][6,582s][info   ][gc,metaspace] GC(474) Metaspace: 5806K(6016K)->5806K(6016K) NonClass: 5144K(5248K)->5144K(5248K) Class: 661K(768K)->661K(768K)
[2024-12-04T16:40:47.433+0700][6,582s][info   ][gc          ] GC(474) Pause Young (Concurrent Start) (G1 Humongous Allocation) 1051M->1051M(2037M) 1,150ms
[2024-12-04T16:40:47.433+0700][6,582s][info   ][gc,cpu      ] GC(474) User=0,01s Sys=0,00s Real=0,00s
[2024-12-04T16:40:47.433+0700][6,582s][info   ][gc          ] GC(475) Concurrent Mark Cycle
[2024-12-04T16:40:47.433+0700][6,582s][info   ][gc,marking  ] GC(475) Concurrent Clear Claimed Marks
[2024-12-04T16:40:47.433+0700][6,582s][info   ][gc,marking  ] GC(475) Concurrent Clear Claimed Marks 0,007ms
[2024-12-04T16:40:47.433+0700][6,582s][info   ][gc,marking  ] GC(475) Concurrent Scan Root Regions
[2024-12-04T16:40:47.433+0700][6,582s][info   ][gc,marking  ] GC(475) Concurrent Scan Root Regions 0,053ms
[2024-12-04T16:40:47.433+0700][6,582s][info   ][gc,marking  ] GC(475) Concurrent Mark
[2024-12-04T16:40:47.433+0700][6,582s][info   ][gc,marking  ] GC(475) Concurrent Mark From Roots
[2024-12-04T16:40:47.433+0700][6,582s][info   ][gc,task     ] GC(475) Using 2 workers of 2 for marking
[2024-12-04T16:40:47.436+0700][6,585s][info   ][gc,marking  ] GC(475) Concurrent Mark From Roots 2,738ms
[2024-12-04T16:40:47.436+0700][6,585s][info   ][gc,marking  ] GC(475) Concurrent Preclean
[2024-12-04T16:40:47.436+0700][6,585s][info   ][gc,marking  ] GC(475) Concurrent Preclean 0,042ms
[2024-12-04T16:40:47.436+0700][6,585s][info   ][gc,start    ] GC(475) Pause Remark
[2024-12-04T16:40:47.436+0700][6,585s][info   ][gc          ] GC(475) Pause Remark 1052M->1052M(2037M) 0,664ms
[2024-12-04T16:40:47.437+0700][6,585s][info   ][gc,cpu      ] GC(475) User=0,00s Sys=0,00s Real=0,00s
[2024-12-04T16:40:47.437+0700][6,585s][info   ][gc,marking  ] GC(475) Concurrent Mark 3,553ms
[2024-12-04T16:40:47.437+0700][6,585s][info   ][gc,marking  ] GC(475) Concurrent Rebuild Remembered Sets
[2024-12-04T16:40:47.438+0700][6,587s][info   ][gc,marking  ] GC(475) Concurrent Rebuild Remembered Sets 1,598ms
[2024-12-04T16:40:47.438+0700][6,587s][info   ][gc,start    ] GC(475) Pause Cleanup
[2024-12-04T16:40:47.438+0700][6,587s][info   ][gc          ] GC(475) Pause Cleanup 1052M->1052M(2037M) 0,170ms
[2024-12-04T16:40:47.438+0700][6,587s][info   ][gc,cpu      ] GC(475) User=0,00s Sys=0,00s Real=0,00s
[2024-12-04T16:40:47.438+0700][6,587s][info   ][gc,marking  ] GC(475) Concurrent Cleanup for Next Mark
[2024-12-04T16:40:47.441+0700][6,590s][info   ][gc,marking  ] GC(475) Concurrent Cleanup for Next Mark 2,934ms
[2024-12-04T16:40:47.441+0700][6,590s][info   ][gc          ] GC(475) Concurrent Mark Cycle 8,472ms
[2024-12-04T16:40:47.444+0700][6,593s][info   ][gc,start    ] GC(476) Pause Young (Concurrent Start) (G1 Humongous Allocation)
[2024-12-04T16:40:47.444+0700][6,593s][info   ][gc,task     ] GC(476) Using 8 workers of 8 for evacuation
[2024-12-04T16:40:47.445+0700][6,594s][info   ][gc,phases   ] GC(476)   Pre Evacuate Collection Set: 0,2ms
[2024-12-04T16:40:47.445+0700][6,594s][info   ][gc,phases   ] GC(476)   Merge Heap Roots: 0,2ms
[2024-12-04T16:40:47.445+0700][6,594s][info   ][gc,phases   ] GC(476)   Evacuate Collection Set: 0,3ms
[2024-12-04T16:40:47.445+0700][6,594s][info   ][gc,phases   ] GC(476)   Post Evacuate Collection Set: 0,1ms
[2024-12-04T16:40:47.445+0700][6,594s][info   ][gc,phases   ] GC(476)   Other: 0,2ms
[2024-12-04T16:40:47.445+0700][6,594s][info   ][gc,heap     ] GC(476) Eden regions: 1->0(776)
[2024-12-04T16:40:47.445+0700][6,594s][info   ][gc,heap     ] GC(476) Survivor regions: 1->1(98)
[2024-12-04T16:40:47.445+0700][6,594s][info   ][gc,heap     ] GC(476) Old regions: 3->3
[2024-12-04T16:40:47.445+0700][6,594s][info   ][gc,heap     ] GC(476) Archive regions: 2->2
[2024-12-04T16:40:47.445+0700][6,594s][info   ][gc,heap     ] GC(476) Humongous regions: 1050->1050
[2024-12-04T16:40:47.445+0700][6,594s][info   ][gc,metaspace] GC(476) Metaspace: 5806K(6016K)->5806K(6016K) NonClass: 5144K(5248K)->5144K(5248K) Class: 661K(768K)->661K(768K)
[2024-12-04T16:40:47.445+0700][6,594s][info   ][gc          ] GC(476) Pause Young (Concurrent Start) (G1 Humongous Allocation) 1053M->1053M(2037M) 1,023ms
[2024-12-04T16:40:47.445+0700][6,594s][info   ][gc,cpu      ] GC(476) User=0,01s Sys=0,00s Real=0,00s
[2024-12-04T16:40:47.445+0700][6,594s][info   ][gc          ] GC(477) Concurrent Mark Cycle
[2024-12-04T16:40:47.445+0700][6,594s][info   ][gc,marking  ] GC(477) Concurrent Clear Claimed Marks
[2024-12-04T16:40:47.445+0700][6,594s][info   ][gc,marking  ] GC(477) Concurrent Clear Claimed Marks 0,011ms
[2024-12-04T16:40:47.445+0700][6,594s][info   ][gc,marking  ] GC(477) Concurrent Scan Root Regions
[2024-12-04T16:40:47.445+0700][6,594s][info   ][gc,marking  ] GC(477) Concurrent Scan Root Regions 0,062ms
[2024-12-04T16:40:47.445+0700][6,594s][info   ][gc,marking  ] GC(477) Concurrent Mark
[2024-12-04T16:40:47.445+0700][6,594s][info   ][gc,marking  ] GC(477) Concurrent Mark From Roots
[2024-12-04T16:40:47.445+0700][6,594s][info   ][gc,task     ] GC(477) Using 2 workers of 2 for marking
[2024-12-04T16:40:47.448+0700][6,597s][info   ][gc,marking  ] GC(477) Concurrent Mark From Roots 3,051ms
[2024-12-04T16:40:47.448+0700][6,597s][info   ][gc,marking  ] GC(477) Concurrent Preclean
[2024-12-04T16:40:47.448+0700][6,597s][info   ][gc,marking  ] GC(477) Concurrent Preclean 0,045ms
[2024-12-04T16:40:47.448+0700][6,597s][info   ][gc,start    ] GC(477) Pause Remark
[2024-12-04T16:40:47.449+0700][6,598s][info   ][gc          ] GC(477) Pause Remark 1054M->1054M(2037M) 0,771ms
[2024-12-04T16:40:47.449+0700][6,598s][info   ][gc,cpu      ] GC(477) User=0,01s Sys=0,00s Real=0,00s
[2024-12-04T16:40:47.449+0700][6,598s][info   ][gc,marking  ] GC(477) Concurrent Mark 3,982ms
[2024-12-04T16:40:47.449+0700][6,598s][info   ][gc,marking  ] GC(477) Concurrent Rebuild Remembered Sets
[2024-12-04T16:40:47.451+0700][6,600s][info   ][gc,marking  ] GC(477) Concurrent Rebuild Remembered Sets 1,652ms
[2024-12-04T16:40:47.451+0700][6,600s][info   ][gc,start    ] GC(477) Pause Cleanup
[2024-12-04T16:40:47.452+0700][6,601s][info   ][gc          ] GC(477) Pause Cleanup 1055M->1055M(2037M) 0,361ms
[2024-12-04T16:40:47.452+0700][6,601s][info   ][gc,cpu      ] GC(477) User=0,00s Sys=0,00s Real=0,00s
[2024-12-04T16:40:47.452+0700][6,601s][info   ][gc,marking  ] GC(477) Concurrent Cleanup for Next Mark
[2024-12-04T16:40:47.456+0700][6,605s][info   ][gc,marking  ] GC(477) Concurrent Cleanup for Next Mark 4,159ms
[2024-12-04T16:40:47.456+0700][6,605s][info   ][gc          ] GC(477) Concurrent Mark Cycle 10,858ms
[2024-12-04T16:40:47.457+0700][6,606s][info   ][gc,start    ] GC(478) Pause Young (Concurrent Start) (G1 Humongous Allocation)
[2024-12-04T16:40:47.457+0700][6,606s][info   ][gc,task     ] GC(478) Using 8 workers of 8 for evacuation
[2024-12-04T16:40:47.460+0700][6,608s][info   ][gc,phases   ] GC(478)   Pre Evacuate Collection Set: 0,4ms
[2024-12-04T16:40:47.460+0700][6,608s][info   ][gc,phases   ] GC(478)   Merge Heap Roots: 0,3ms
[2024-12-04T16:40:47.460+0700][6,608s][info   ][gc,phases   ] GC(478)   Evacuate Collection Set: 1,3ms
[2024-12-04T16:40:47.460+0700][6,608s][info   ][gc,phases   ] GC(478)   Post Evacuate Collection Set: 0,3ms
[2024-12-04T16:40:47.460+0700][6,608s][info   ][gc,phases   ] GC(478)   Other: 0,2ms
[2024-12-04T16:40:47.460+0700][6,609s][info   ][gc,heap     ] GC(478) Eden regions: 1->0(776)
[2024-12-04T16:40:47.460+0700][6,609s][info   ][gc,heap     ] GC(478) Survivor regions: 1->1(98)
[2024-12-04T16:40:47.460+0700][6,609s][info   ][gc,heap     ] GC(478) Old regions: 3->3
[2024-12-04T16:40:47.460+0700][6,609s][info   ][gc,heap     ] GC(478) Archive regions: 2->2
[2024-12-04T16:40:47.460+0700][6,609s][info   ][gc,heap     ] GC(478) Humongous regions: 1052->1052
[2024-12-04T16:40:47.460+0700][6,609s][info   ][gc,metaspace] GC(478) Metaspace: 5806K(6016K)->5806K(6016K) NonClass: 5144K(5248K)->5144K(5248K) Class: 661K(768K)->661K(768K)
[2024-12-04T16:40:47.460+0700][6,609s][info   ][gc          ] GC(478) Pause Young (Concurrent Start) (G1 Humongous Allocation) 1055M->1055M(2039M) 2,608ms
[2024-12-04T16:40:47.460+0700][6,609s][info   ][gc,cpu      ] GC(478) User=0,00s Sys=0,00s Real=0,00s
[2024-12-04T16:40:47.460+0700][6,609s][info   ][gc          ] GC(479) Concurrent Mark Cycle
[2024-12-04T16:40:47.460+0700][6,609s][info   ][gc,marking  ] GC(479) Concurrent Clear Claimed Marks
[2024-12-04T16:40:47.460+0700][6,609s][info   ][gc,marking  ] GC(479) Concurrent Clear Claimed Marks 0,022ms
[2024-12-04T16:40:47.460+0700][6,609s][info   ][gc,marking  ] GC(479) Concurrent Scan Root Regions
[2024-12-04T16:40:47.460+0700][6,609s][info   ][gc,marking  ] GC(479) Concurrent Scan Root Regions 0,410ms
[2024-12-04T16:40:47.460+0700][6,609s][info   ][gc,marking  ] GC(479) Concurrent Mark
[2024-12-04T16:40:47.460+0700][6,609s][info   ][gc,marking  ] GC(479) Concurrent Mark From Roots
[2024-12-04T16:40:47.460+0700][6,609s][info   ][gc,task     ] GC(479) Using 2 workers of 2 for marking
[2024-12-04T16:40:47.465+0700][6,614s][info   ][gc,marking  ] GC(479) Concurrent Mark From Roots 4,650ms
[2024-12-04T16:40:47.465+0700][6,614s][info   ][gc,marking  ] GC(479) Concurrent Preclean
[2024-12-04T16:40:47.465+0700][6,614s][info   ][gc,marking  ] GC(479) Concurrent Preclean 0,067ms
[2024-12-04T16:40:47.465+0700][6,614s][info   ][gc,start    ] GC(479) Pause Remark
[2024-12-04T16:40:47.466+0700][6,615s][info   ][gc          ] GC(479) Pause Remark 1056M->1056M(2039M) 0,883ms
[2024-12-04T16:40:47.466+0700][6,615s][info   ][gc,cpu      ] GC(479) User=0,00s Sys=0,00s Real=0,00s
[2024-12-04T16:40:47.466+0700][6,615s][info   ][gc,marking  ] GC(479) Concurrent Mark 5,752ms
[2024-12-04T16:40:47.466+0700][6,615s][info   ][gc,marking  ] GC(479) Concurrent Rebuild Remembered Sets
[2024-12-04T16:40:47.468+0700][6,617s][info   ][gc,marking  ] GC(479) Concurrent Rebuild Remembered Sets 1,728ms
[2024-12-04T16:40:47.468+0700][6,617s][info   ][gc,start    ] GC(479) Pause Cleanup
[2024-12-04T16:40:47.468+0700][6,617s][info   ][gc          ] GC(479) Pause Cleanup 1057M->1057M(2039M) 0,379ms
[2024-12-04T16:40:47.468+0700][6,617s][info   ][gc,cpu      ] GC(479) User=0,00s Sys=0,00s Real=0,00s
[2024-12-04T16:40:47.468+0700][6,617s][info   ][gc,marking  ] GC(479) Concurrent Cleanup for Next Mark
[2024-12-04T16:40:47.472+0700][6,621s][info   ][gc,marking  ] GC(479) Concurrent Cleanup for Next Mark 3,855ms
[2024-12-04T16:40:47.472+0700][6,621s][info   ][gc          ] GC(479) Concurrent Mark Cycle 12,452ms
[2024-12-04T16:40:47.478+0700][6,627s][info   ][gc,start    ] GC(480) Pause Young (Concurrent Start) (G1 Humongous Allocation)
[2024-12-04T16:40:47.478+0700][6,627s][info   ][gc,task     ] GC(480) Using 8 workers of 8 for evacuation
[2024-12-04T16:40:47.479+0700][6,628s][info   ][gc,phases   ] GC(480)   Pre Evacuate Collection Set: 0,2ms
[2024-12-04T16:40:47.479+0700][6,628s][info   ][gc,phases   ] GC(480)   Merge Heap Roots: 0,2ms
[2024-12-04T16:40:47.479+0700][6,628s][info   ][gc,phases   ] GC(480)   Evacuate Collection Set: 0,6ms
[2024-12-04T16:40:47.479+0700][6,628s][info   ][gc,phases   ] GC(480)   Post Evacuate Collection Set: 0,1ms
[2024-12-04T16:40:47.479+0700][6,628s][info   ][gc,phases   ] GC(480)   Other: 0,2ms
[2024-12-04T16:40:47.479+0700][6,628s][info   ][gc,heap     ] GC(480) Eden regions: 1->0(773)
[2024-12-04T16:40:47.479+0700][6,628s][info   ][gc,heap     ] GC(480) Survivor regions: 1->1(98)
[2024-12-04T16:40:47.479+0700][6,628s][info   ][gc,heap     ] GC(480) Old regions: 3->3
[2024-12-04T16:40:47.479+0700][6,628s][info   ][gc,heap     ] GC(480) Archive regions: 2->2
[2024-12-04T16:40:47.479+0700][6,628s][info   ][gc,heap     ] GC(480) Humongous regions: 1055->1055
[2024-12-04T16:40:47.479+0700][6,628s][info   ][gc,metaspace] GC(480) Metaspace: 5806K(6016K)->5806K(6016K) NonClass: 5144K(5248K)->5144K(5248K) Class: 661K(768K)->661K(768K)
[2024-12-04T16:40:47.479+0700][6,628s][info   ][gc          ] GC(480) Pause Young (Concurrent Start) (G1 Humongous Allocation) 1058M->1058M(2039M) 1,416ms
[2024-12-04T16:40:47.479+0700][6,628s][info   ][gc,cpu      ] GC(480) User=0,01s Sys=0,00s Real=0,00s
[2024-12-04T16:40:47.479+0700][6,628s][info   ][gc          ] GC(481) Concurrent Mark Cycle
[2024-12-04T16:40:47.479+0700][6,628s][info   ][gc,marking  ] GC(481) Concurrent Clear Claimed Marks
[2024-12-04T16:40:47.479+0700][6,628s][info   ][gc,marking  ] GC(481) Concurrent Clear Claimed Marks 0,015ms
[2024-12-04T16:40:47.479+0700][6,628s][info   ][gc,marking  ] GC(481) Concurrent Scan Root Regions
[2024-12-04T16:40:47.479+0700][6,628s][info   ][gc,marking  ] GC(481) Concurrent Scan Root Regions 0,055ms
[2024-12-04T16:40:47.479+0700][6,628s][info   ][gc,marking  ] GC(481) Concurrent Mark
[2024-12-04T16:40:47.479+0700][6,628s][info   ][gc,marking  ] GC(481) Concurrent Mark From Roots
[2024-12-04T16:40:47.479+0700][6,628s][info   ][gc,task     ] GC(481) Using 2 workers of 2 for marking
[2024-12-04T16:40:47.483+0700][6,632s][info   ][gc,marking  ] GC(481) Concurrent Mark From Roots 3,440ms
[2024-12-04T16:40:47.483+0700][6,632s][info   ][gc,marking  ] GC(481) Concurrent Preclean
[2024-12-04T16:40:47.483+0700][6,632s][info   ][gc,marking  ] GC(481) Concurrent Preclean 0,059ms
[2024-12-04T16:40:47.483+0700][6,632s][info   ][gc,start    ] GC(481) Pause Remark
[2024-12-04T16:40:47.484+0700][6,633s][info   ][gc          ] GC(481) Pause Remark 1059M->1059M(2039M) 0,727ms
[2024-12-04T16:40:47.484+0700][6,633s][info   ][gc,cpu      ] GC(481) User=0,01s Sys=0,00s Real=0,01s
[2024-12-04T16:40:47.484+0700][6,633s][info   ][gc,marking  ] GC(481) Concurrent Mark 4,372ms
[2024-12-04T16:40:47.484+0700][6,633s][info   ][gc,marking  ] GC(481) Concurrent Rebuild Remembered Sets
[2024-12-04T16:40:47.486+0700][6,634s][info   ][gc,marking  ] GC(481) Concurrent Rebuild Remembered Sets 1,734ms
[2024-12-04T16:40:47.486+0700][6,635s][info   ][gc,start    ] GC(481) Pause Cleanup
[2024-12-04T16:40:47.486+0700][6,635s][info   ][gc          ] GC(481) Pause Cleanup 1060M->1060M(2039M) 0,402ms
[2024-12-04T16:40:47.486+0700][6,635s][info   ][gc,cpu      ] GC(481) User=0,00s Sys=0,00s Real=0,00s
[2024-12-04T16:40:47.486+0700][6,635s][info   ][gc,marking  ] GC(481) Concurrent Cleanup for Next Mark
[2024-12-04T16:40:47.491+0700][6,640s][info   ][gc,marking  ] GC(481) Concurrent Cleanup for Next Mark 4,825ms
[2024-12-04T16:40:47.491+0700][6,640s][info   ][gc          ] GC(481) Concurrent Mark Cycle 11,870ms
[2024-12-04T16:40:47.492+0700][6,640s][info   ][gc,start    ] GC(482) Pause Young (Concurrent Start) (G1 Humongous Allocation)
[2024-12-04T16:40:47.492+0700][6,640s][info   ][gc,task     ] GC(482) Using 8 workers of 8 for evacuation
[2024-12-04T16:40:47.493+0700][6,642s][info   ][gc,phases   ] GC(482)   Pre Evacuate Collection Set: 0,2ms
[2024-12-04T16:40:47.493+0700][6,642s][info   ][gc,phases   ] GC(482)   Merge Heap Roots: 0,2ms
[2024-12-04T16:40:47.493+0700][6,642s][info   ][gc,phases   ] GC(482)   Evacuate Collection Set: 0,3ms
[2024-12-04T16:40:47.493+0700][6,642s][info   ][gc,phases   ] GC(482)   Post Evacuate Collection Set: 0,1ms
[2024-12-04T16:40:47.493+0700][6,642s][info   ][gc,phases   ] GC(482)   Other: 0,2ms
[2024-12-04T16:40:47.493+0700][6,642s][info   ][gc,heap     ] GC(482) Eden regions: 1->0(771)
[2024-12-04T16:40:47.493+0700][6,642s][info   ][gc,heap     ] GC(482) Survivor regions: 1->1(97)
[2024-12-04T16:40:47.493+0700][6,642s][info   ][gc,heap     ] GC(482) Old regions: 3->3
[2024-12-04T16:40:47.493+0700][6,642s][info   ][gc,heap     ] GC(482) Archive regions: 2->2
[2024-12-04T16:40:47.493+0700][6,642s][info   ][gc,heap     ] GC(482) Humongous regions: 1057->1057
[2024-12-04T16:40:47.493+0700][6,642s][info   ][gc,metaspace] GC(482) Metaspace: 5806K(6016K)->5806K(6016K) NonClass: 5144K(5248K)->5144K(5248K) Class: 661K(768K)->661K(768K)
[2024-12-04T16:40:47.493+0700][6,642s][info   ][gc          ] GC(482) Pause Young (Concurrent Start) (G1 Humongous Allocation) 1060M->1060M(2039M) 1,272ms
[2024-12-04T16:40:47.493+0700][6,642s][info   ][gc,cpu      ] GC(482) User=0,01s Sys=0,00s Real=0,00s
[2024-12-04T16:40:47.493+0700][6,642s][info   ][gc          ] GC(483) Concurrent Mark Cycle
[2024-12-04T16:40:47.493+0700][6,642s][info   ][gc,marking  ] GC(483) Concurrent Clear Claimed Marks
[2024-12-04T16:40:47.493+0700][6,642s][info   ][gc,marking  ] GC(483) Concurrent Clear Claimed Marks 0,008ms
[2024-12-04T16:40:47.493+0700][6,642s][info   ][gc,marking  ] GC(483) Concurrent Scan Root Regions
[2024-12-04T16:40:47.493+0700][6,642s][info   ][gc,marking  ] GC(483) Concurrent Scan Root Regions 0,054ms
[2024-12-04T16:40:47.493+0700][6,642s][info   ][gc,marking  ] GC(483) Concurrent Mark
[2024-12-04T16:40:47.493+0700][6,642s][info   ][gc,marking  ] GC(483) Concurrent Mark From Roots
[2024-12-04T16:40:47.493+0700][6,642s][info   ][gc,task     ] GC(483) Using 2 workers of 2 for marking
[2024-12-04T16:40:47.496+0700][6,645s][info   ][gc,marking  ] GC(483) Concurrent Mark From Roots 3,255ms
[2024-12-04T16:40:47.496+0700][6,645s][info   ][gc,marking  ] GC(483) Concurrent Preclean
[2024-12-04T16:40:47.496+0700][6,645s][info   ][gc,marking  ] GC(483) Concurrent Preclean 0,046ms
[2024-12-04T16:40:47.496+0700][6,645s][info   ][gc,start    ] GC(483) Pause Remark
[2024-12-04T16:40:47.497+0700][6,646s][info   ][gc          ] GC(483) Pause Remark 1061M->1061M(2039M) 0,779ms
[2024-12-04T16:40:47.497+0700][6,646s][info   ][gc,cpu      ] GC(483) User=0,01s Sys=0,00s Real=0,00s
[2024-12-04T16:40:47.497+0700][6,646s][info   ][gc,marking  ] GC(483) Concurrent Mark 4,214ms
[2024-12-04T16:40:47.497+0700][6,646s][info   ][gc,marking  ] GC(483) Concurrent Rebuild Remembered Sets
[2024-12-04T16:40:47.499+0700][6,648s][info   ][gc,marking  ] GC(483) Concurrent Rebuild Remembered Sets 1,717ms
[2024-12-04T16:40:47.499+0700][6,648s][info   ][gc,start    ] GC(483) Pause Cleanup
[2024-12-04T16:40:47.500+0700][6,648s][info   ][gc          ] GC(483) Pause Cleanup 1062M->1062M(2039M) 0,321ms
[2024-12-04T16:40:47.500+0700][6,648s][info   ][gc,cpu      ] GC(483) User=0,00s Sys=0,00s Real=0,00s
[2024-12-04T16:40:47.500+0700][6,648s][info   ][gc,marking  ] GC(483) Concurrent Cleanup for Next Mark
[2024-12-04T16:40:47.503+0700][6,652s][info   ][gc,marking  ] GC(483) Concurrent Cleanup for Next Mark 3,458ms
[2024-12-04T16:40:47.503+0700][6,652s][info   ][gc          ] GC(483) Concurrent Mark Cycle 10,266ms
[2024-12-04T16:40:47.505+0700][6,654s][info   ][gc,start    ] GC(484) Pause Young (Concurrent Start) (G1 Humongous Allocation)
[2024-12-04T16:40:47.505+0700][6,654s][info   ][gc,task     ] GC(484) Using 8 workers of 8 for evacuation
[2024-12-04T16:40:47.508+0700][6,657s][info   ][gc,phases   ] GC(484)   Pre Evacuate Collection Set: 0,6ms
[2024-12-04T16:40:47.508+0700][6,657s][info   ][gc,phases   ] GC(484)   Merge Heap Roots: 0,4ms
[2024-12-04T16:40:47.508+0700][6,657s][info   ][gc,phases   ] GC(484)   Evacuate Collection Set: 0,9ms
[2024-12-04T16:40:47.508+0700][6,657s][info   ][gc,phases   ] GC(484)   Post Evacuate Collection Set: 0,4ms
[2024-12-04T16:40:47.508+0700][6,657s][info   ][gc,phases   ] GC(484)   Other: 0,3ms
[2024-12-04T16:40:47.508+0700][6,657s][info   ][gc,heap     ] GC(484) Eden regions: 1->0(769)
[2024-12-04T16:40:47.508+0700][6,657s][info   ][gc,heap     ] GC(484) Survivor regions: 1->1(97)
[2024-12-04T16:40:47.508+0700][6,657s][info   ][gc,heap     ] GC(484) Old regions: 3->3
[2024-12-04T16:40:47.508+0700][6,657s][info   ][gc,heap     ] GC(484) Archive regions: 2->2
[2024-12-04T16:40:47.508+0700][6,657s][info   ][gc,heap     ] GC(484) Humongous regions: 1059->1059
[2024-12-04T16:40:47.508+0700][6,657s][info   ][gc,metaspace] GC(484) Metaspace: 5806K(6016K)->5806K(6016K) NonClass: 5144K(5248K)->5144K(5248K) Class: 661K(768K)->661K(768K)
[2024-12-04T16:40:47.508+0700][6,657s][info   ][gc          ] GC(484) Pause Young (Concurrent Start) (G1 Humongous Allocation) 1062M->1062M(2039M) 2,838ms
[2024-12-04T16:40:47.508+0700][6,657s][info   ][gc,cpu      ] GC(484) User=0,00s Sys=0,00s Real=0,00s
[2024-12-04T16:40:47.508+0700][6,657s][info   ][gc          ] GC(485) Concurrent Mark Cycle
[2024-12-04T16:40:47.508+0700][6,657s][info   ][gc,marking  ] GC(485) Concurrent Clear Claimed Marks
[2024-12-04T16:40:47.508+0700][6,657s][info   ][gc,marking  ] GC(485) Concurrent Clear Claimed Marks 0,032ms
[2024-12-04T16:40:47.508+0700][6,657s][info   ][gc,marking  ] GC(485) Concurrent Scan Root Regions
[2024-12-04T16:40:47.508+0700][6,657s][info   ][gc,marking  ] GC(485) Concurrent Scan Root Regions 0,107ms
[2024-12-04T16:40:47.508+0700][6,657s][info   ][gc,marking  ] GC(485) Concurrent Mark
[2024-12-04T16:40:47.508+0700][6,657s][info   ][gc,marking  ] GC(485) Concurrent Mark From Roots
[2024-12-04T16:40:47.508+0700][6,657s][info   ][gc,task     ] GC(485) Using 2 workers of 2 for marking
[2024-12-04T16:40:47.515+0700][6,664s][info   ][gc,marking  ] GC(485) Concurrent Mark From Roots 6,949ms
[2024-12-04T16:40:47.515+0700][6,664s][info   ][gc,marking  ] GC(485) Concurrent Preclean
[2024-12-04T16:40:47.515+0700][6,664s][info   ][gc,marking  ] GC(485) Concurrent Preclean 0,095ms
[2024-12-04T16:40:47.515+0700][6,664s][info   ][gc,start    ] GC(485) Pause Remark
[2024-12-04T16:40:47.516+0700][6,665s][info   ][gc          ] GC(485) Pause Remark 1064M->1064M(2039M) 0,837ms
[2024-12-04T16:40:47.516+0700][6,665s][info   ][gc,cpu      ] GC(485) User=0,00s Sys=0,00s Real=0,00s
[2024-12-04T16:40:47.516+0700][6,665s][info   ][gc,marking  ] GC(485) Concurrent Mark 8,069ms
[2024-12-04T16:40:47.516+0700][6,665s][info   ][gc,marking  ] GC(485) Concurrent Rebuild Remembered Sets
[2024-12-04T16:40:47.518+0700][6,667s][info   ][gc,marking  ] GC(485) Concurrent Rebuild Remembered Sets 1,926ms
[2024-12-04T16:40:47.518+0700][6,667s][info   ][gc,start    ] GC(485) Pause Cleanup
[2024-12-04T16:40:47.519+0700][6,668s][info   ][gc          ] GC(485) Pause Cleanup 1064M->1064M(2039M) 0,349ms
[2024-12-04T16:40:47.519+0700][6,668s][info   ][gc,cpu      ] GC(485) User=0,01s Sys=0,00s Real=0,00s
[2024-12-04T16:40:47.519+0700][6,668s][info   ][gc,marking  ] GC(485) Concurrent Cleanup for Next Mark
[2024-12-04T16:40:47.523+0700][6,672s][info   ][gc,marking  ] GC(485) Concurrent Cleanup for Next Mark 4,102ms
[2024-12-04T16:40:47.523+0700][6,672s][info   ][gc          ] GC(485) Concurrent Mark Cycle 15,165ms
[2024-12-04T16:40:47.526+0700][6,675s][info   ][gc,start    ] GC(486) Pause Young (Concurrent Start) (G1 Humongous Allocation)
[2024-12-04T16:40:47.526+0700][6,675s][info   ][gc,task     ] GC(486) Using 8 workers of 8 for evacuation
[2024-12-04T16:40:47.528+0700][6,677s][info   ][gc,phases   ] GC(486)   Pre Evacuate Collection Set: 0,4ms
[2024-12-04T16:40:47.528+0700][6,677s][info   ][gc,phases   ] GC(486)   Merge Heap Roots: 0,3ms
[2024-12-04T16:40:47.528+0700][6,677s][info   ][gc,phases   ] GC(486)   Evacuate Collection Set: 0,6ms
[2024-12-04T16:40:47.528+0700][6,677s][info   ][gc,phases   ] GC(486)   Post Evacuate Collection Set: 0,2ms
[2024-12-04T16:40:47.528+0700][6,677s][info   ][gc,phases   ] GC(486)   Other: 0,3ms
[2024-12-04T16:40:47.528+0700][6,677s][info   ][gc,heap     ] GC(486) Eden regions: 1->0(767)
[2024-12-04T16:40:47.528+0700][6,677s][info   ][gc,heap     ] GC(486) Survivor regions: 1->1(97)
[2024-12-04T16:40:47.528+0700][6,677s][info   ][gc,heap     ] GC(486) Old regions: 3->3
[2024-12-04T16:40:47.528+0700][6,677s][info   ][gc,heap     ] GC(486) Archive regions: 2->2
[2024-12-04T16:40:47.528+0700][6,677s][info   ][gc,heap     ] GC(486) Humongous regions: 1062->1062
[2024-12-04T16:40:47.528+0700][6,677s][info   ][gc,metaspace] GC(486) Metaspace: 5806K(6016K)->5806K(6016K) NonClass: 5144K(5248K)->5144K(5248K) Class: 661K(768K)->661K(768K)
[2024-12-04T16:40:47.528+0700][6,677s][info   ][gc          ] GC(486) Pause Young (Concurrent Start) (G1 Humongous Allocation) 1065M->1065M(2041M) 1,990ms
[2024-12-04T16:40:47.528+0700][6,677s][info   ][gc,cpu      ] GC(486) User=0,00s Sys=0,00s Real=0,00s
[2024-12-04T16:40:47.528+0700][6,677s][info   ][gc          ] GC(487) Concurrent Mark Cycle
[2024-12-04T16:40:47.528+0700][6,677s][info   ][gc,marking  ] GC(487) Concurrent Clear Claimed Marks
[2024-12-04T16:40:47.528+0700][6,677s][info   ][gc,marking  ] GC(487) Concurrent Clear Claimed Marks 0,018ms
[2024-12-04T16:40:47.528+0700][6,677s][info   ][gc,marking  ] GC(487) Concurrent Scan Root Regions
[2024-12-04T16:40:47.528+0700][6,677s][info   ][gc,marking  ] GC(487) Concurrent Scan Root Regions 0,092ms
[2024-12-04T16:40:47.528+0700][6,677s][info   ][gc,marking  ] GC(487) Concurrent Mark
[2024-12-04T16:40:47.528+0700][6,677s][info   ][gc,marking  ] GC(487) Concurrent Mark From Roots
[2024-12-04T16:40:47.528+0700][6,677s][info   ][gc,task     ] GC(487) Using 2 workers of 2 for marking
[2024-12-04T16:40:47.532+0700][6,681s][info   ][gc,marking  ] GC(487) Concurrent Mark From Roots 3,747ms
[2024-12-04T16:40:47.532+0700][6,681s][info   ][gc,marking  ] GC(487) Concurrent Preclean
[2024-12-04T16:40:47.532+0700][6,681s][info   ][gc,marking  ] GC(487) Concurrent Preclean 0,069ms
[2024-12-04T16:40:47.532+0700][6,681s][info   ][gc,start    ] GC(487) Pause Remark
[2024-12-04T16:40:47.533+0700][6,682s][info   ][gc          ] GC(487) Pause Remark 1066M->1066M(2041M) 0,893ms
[2024-12-04T16:40:47.533+0700][6,682s][info   ][gc,cpu      ] GC(487) User=0,00s Sys=0,00s Real=0,01s
[2024-12-04T16:40:47.533+0700][6,682s][info   ][gc,marking  ] GC(487) Concurrent Mark 4,872ms
[2024-12-04T16:40:47.533+0700][6,682s][info   ][gc,marking  ] GC(487) Concurrent Rebuild Remembered Sets
[2024-12-04T16:40:47.535+0700][6,684s][info   ][gc,marking  ] GC(487) Concurrent Rebuild Remembered Sets 1,843ms
[2024-12-04T16:40:47.535+0700][6,684s][info   ][gc,start    ] GC(487) Pause Cleanup
[2024-12-04T16:40:47.536+0700][6,685s][info   ][gc          ] GC(487) Pause Cleanup 1067M->1067M(2041M) 0,827ms
[2024-12-04T16:40:47.536+0700][6,685s][info   ][gc,cpu      ] GC(487) User=0,01s Sys=0,00s Real=0,00s
[2024-12-04T16:40:47.536+0700][6,685s][info   ][gc,marking  ] GC(487) Concurrent Cleanup for Next Mark
[2024-12-04T16:40:47.540+0700][6,689s][info   ][gc,marking  ] GC(487) Concurrent Cleanup for Next Mark 3,947ms
[2024-12-04T16:40:47.540+0700][6,689s][info   ][gc          ] GC(487) Concurrent Mark Cycle 11,996ms
[2024-12-04T16:40:47.546+0700][6,695s][info   ][gc,start    ] GC(488) Pause Young (Concurrent Start) (G1 Humongous Allocation)
[2024-12-04T16:40:47.546+0700][6,695s][info   ][gc,task     ] GC(488) Using 8 workers of 8 for evacuation
[2024-12-04T16:40:47.548+0700][6,697s][info   ][gc,phases   ] GC(488)   Pre Evacuate Collection Set: 0,3ms
[2024-12-04T16:40:47.548+0700][6,697s][info   ][gc,phases   ] GC(488)   Merge Heap Roots: 0,3ms
[2024-12-04T16:40:47.548+0700][6,697s][info   ][gc,phases   ] GC(488)   Evacuate Collection Set: 0,7ms
[2024-12-04T16:40:47.548+0700][6,697s][info   ][gc,phases   ] GC(488)   Post Evacuate Collection Set: 0,2ms
[2024-12-04T16:40:47.548+0700][6,697s][info   ][gc,phases   ] GC(488)   Other: 0,2ms
[2024-12-04T16:40:47.548+0700][6,697s][info   ][gc,heap     ] GC(488) Eden regions: 1->0(764)
[2024-12-04T16:40:47.548+0700][6,697s][info   ][gc,heap     ] GC(488) Survivor regions: 1->1(96)
[2024-12-04T16:40:47.548+0700][6,697s][info   ][gc,heap     ] GC(488) Old regions: 3->3
[2024-12-04T16:40:47.548+0700][6,697s][info   ][gc,heap     ] GC(488) Archive regions: 2->2
[2024-12-04T16:40:47.548+0700][6,697s][info   ][gc,heap     ] GC(488) Humongous regions: 1065->1065
[2024-12-04T16:40:47.548+0700][6,697s][info   ][gc,metaspace] GC(488) Metaspace: 5806K(6016K)->5806K(6016K) NonClass: 5144K(5248K)->5144K(5248K) Class: 661K(768K)->661K(768K)
[2024-12-04T16:40:47.548+0700][6,697s][info   ][gc          ] GC(488) Pause Young (Concurrent Start) (G1 Humongous Allocation) 1068M->1068M(2041M) 1,857ms
[2024-12-04T16:40:47.548+0700][6,697s][info   ][gc,cpu      ] GC(488) User=0,00s Sys=0,00s Real=0,00s
[2024-12-04T16:40:47.548+0700][6,697s][info   ][gc          ] GC(489) Concurrent Mark Cycle
[2024-12-04T16:40:47.548+0700][6,697s][info   ][gc,marking  ] GC(489) Concurrent Clear Claimed Marks
[2024-12-04T16:40:47.548+0700][6,697s][info   ][gc,marking  ] GC(489) Concurrent Clear Claimed Marks 0,017ms
[2024-12-04T16:40:47.548+0700][6,697s][info   ][gc,marking  ] GC(489) Concurrent Scan Root Regions
[2024-12-04T16:40:47.548+0700][6,697s][info   ][gc,marking  ] GC(489) Concurrent Scan Root Regions 0,077ms
[2024-12-04T16:40:47.548+0700][6,697s][info   ][gc,marking  ] GC(489) Concurrent Mark
[2024-12-04T16:40:47.548+0700][6,697s][info   ][gc,marking  ] GC(489) Concurrent Mark From Roots
[2024-12-04T16:40:47.548+0700][6,697s][info   ][gc,task     ] GC(489) Using 2 workers of 2 for marking
[2024-12-04T16:40:47.552+0700][6,701s][info   ][gc,marking  ] GC(489) Concurrent Mark From Roots 4,341ms
[2024-12-04T16:40:47.552+0700][6,701s][info   ][gc,marking  ] GC(489) Concurrent Preclean
[2024-12-04T16:40:47.553+0700][6,701s][info   ][gc,marking  ] GC(489) Concurrent Preclean 0,070ms
[2024-12-04T16:40:47.553+0700][6,701s][info   ][gc,start    ] GC(489) Pause Remark
[2024-12-04T16:40:47.554+0700][6,703s][info   ][gc          ] GC(489) Pause Remark 1069M->1069M(2041M) 1,861ms
[2024-12-04T16:40:47.554+0700][6,703s][info   ][gc,cpu      ] GC(489) User=0,00s Sys=0,00s Real=0,01s
[2024-12-04T16:40:47.555+0700][6,703s][info   ][gc,marking  ] GC(489) Concurrent Mark 6,529ms
[2024-12-04T16:40:47.555+0700][6,703s][info   ][gc,marking  ] GC(489) Concurrent Rebuild Remembered Sets
[2024-12-04T16:40:47.556+0700][6,705s][info   ][gc,marking  ] GC(489) Concurrent Rebuild Remembered Sets 1,792ms
[2024-12-04T16:40:47.557+0700][6,705s][info   ][gc,start    ] GC(489) Pause Cleanup
[2024-12-04T16:40:47.558+0700][6,707s][info   ][gc          ] GC(489) Pause Cleanup 1070M->1070M(2041M) 1,148ms
[2024-12-04T16:40:47.558+0700][6,707s][info   ][gc,cpu      ] GC(489) User=0,00s Sys=0,00s Real=0,00s
[2024-12-04T16:40:47.558+0700][6,707s][info   ][gc,marking  ] GC(489) Concurrent Cleanup for Next Mark
[2024-12-04T16:40:47.562+0700][6,710s][info   ][gc,marking  ] GC(489) Concurrent Cleanup for Next Mark 3,702ms
[2024-12-04T16:40:47.562+0700][6,711s][info   ][gc          ] GC(489) Concurrent Mark Cycle 13,795ms
[2024-12-04T16:40:47.567+0700][6,716s][info   ][gc,start    ] GC(490) Pause Young (Concurrent Start) (G1 Humongous Allocation)
[2024-12-04T16:40:47.567+0700][6,716s][info   ][gc,task     ] GC(490) Using 8 workers of 8 for evacuation
[2024-12-04T16:40:47.568+0700][6,717s][info   ][gc,phases   ] GC(490)   Pre Evacuate Collection Set: 0,3ms
[2024-12-04T16:40:47.568+0700][6,717s][info   ][gc,phases   ] GC(490)   Merge Heap Roots: 0,2ms
[2024-12-04T16:40:47.568+0700][6,717s][info   ][gc,phases   ] GC(490)   Evacuate Collection Set: 0,3ms
[2024-12-04T16:40:47.568+0700][6,717s][info   ][gc,phases   ] GC(490)   Post Evacuate Collection Set: 0,1ms
[2024-12-04T16:40:47.568+0700][6,717s][info   ][gc,phases   ] GC(490)   Other: 0,2ms
[2024-12-04T16:40:47.568+0700][6,717s][info   ][gc,heap     ] GC(490) Eden regions: 1->0(761)
[2024-12-04T16:40:47.568+0700][6,717s][info   ][gc,heap     ] GC(490) Survivor regions: 1->1(96)
[2024-12-04T16:40:47.568+0700][6,717s][info   ][gc,heap     ] GC(490) Old regions: 3->3
[2024-12-04T16:40:47.568+0700][6,717s][info   ][gc,heap     ] GC(490) Archive regions: 2->2
[2024-12-04T16:40:47.568+0700][6,717s][info   ][gc,heap     ] GC(490) Humongous regions: 1068->1068
[2024-12-04T16:40:47.568+0700][6,717s][info   ][gc,metaspace] GC(490) Metaspace: 5806K(6016K)->5806K(6016K) NonClass: 5144K(5248K)->5144K(5248K) Class: 661K(768K)->661K(768K)
[2024-12-04T16:40:47.568+0700][6,717s][info   ][gc          ] GC(490) Pause Young (Concurrent Start) (G1 Humongous Allocation) 1071M->1071M(2041M) 1,273ms
[2024-12-04T16:40:47.568+0700][6,717s][info   ][gc,cpu      ] GC(490) User=0,00s Sys=0,00s Real=0,00s
[2024-12-04T16:40:47.568+0700][6,717s][info   ][gc          ] GC(491) Concurrent Mark Cycle
[2024-12-04T16:40:47.568+0700][6,717s][info   ][gc,marking  ] GC(491) Concurrent Clear Claimed Marks
[2024-12-04T16:40:47.568+0700][6,717s][info   ][gc,marking  ] GC(491) Concurrent Clear Claimed Marks 0,008ms
[2024-12-04T16:40:47.568+0700][6,717s][info   ][gc,marking  ] GC(491) Concurrent Scan Root Regions
[2024-12-04T16:40:47.568+0700][6,717s][info   ][gc,marking  ] GC(491) Concurrent Scan Root Regions 0,084ms
[2024-12-04T16:40:47.568+0700][6,717s][info   ][gc,marking  ] GC(491) Concurrent Mark
[2024-12-04T16:40:47.568+0700][6,717s][info   ][gc,marking  ] GC(491) Concurrent Mark From Roots
[2024-12-04T16:40:47.568+0700][6,717s][info   ][gc,task     ] GC(491) Using 2 workers of 2 for marking
[2024-12-04T16:40:47.572+0700][6,721s][info   ][gc,marking  ] GC(491) Concurrent Mark From Roots 3,609ms
[2024-12-04T16:40:47.572+0700][6,721s][info   ][gc,marking  ] GC(491) Concurrent Preclean
[2024-12-04T16:40:47.572+0700][6,721s][info   ][gc,marking  ] GC(491) Concurrent Preclean 0,047ms
[2024-12-04T16:40:47.572+0700][6,721s][info   ][gc,start    ] GC(491) Pause Remark
[2024-12-04T16:40:47.573+0700][6,721s][info   ][gc          ] GC(491) Pause Remark 1072M->1072M(2041M) 0,674ms
[2024-12-04T16:40:47.573+0700][6,721s][info   ][gc,cpu      ] GC(491) User=0,00s Sys=0,00s Real=0,00s
[2024-12-04T16:40:47.573+0700][6,722s][info   ][gc,marking  ] GC(491) Concurrent Mark 4,458ms
[2024-12-04T16:40:47.573+0700][6,722s][info   ][gc,marking  ] GC(491) Concurrent Rebuild Remembered Sets
[2024-12-04T16:40:47.574+0700][6,723s][info   ][gc,marking  ] GC(491) Concurrent Rebuild Remembered Sets 1,488ms
[2024-12-04T16:40:47.574+0700][6,723s][info   ][gc,start    ] GC(491) Pause Cleanup
[2024-12-04T16:40:47.575+0700][6,723s][info   ][gc          ] GC(491) Pause Cleanup 1073M->1073M(2041M) 0,243ms
[2024-12-04T16:40:47.575+0700][6,723s][info   ][gc,cpu      ] GC(491) User=0,01s Sys=0,00s Real=0,00s
[2024-12-04T16:40:47.575+0700][6,723s][info   ][gc,marking  ] GC(491) Concurrent Cleanup for Next Mark
[2024-12-04T16:40:47.578+0700][6,727s][info   ][gc,marking  ] GC(491) Concurrent Cleanup for Next Mark 3,864ms
[2024-12-04T16:40:47.579+0700][6,727s][info   ][gc          ] GC(491) Concurrent Mark Cycle 10,506ms
[2024-12-04T16:40:47.580+0700][6,729s][info   ][gc,start    ] GC(492) Pause Young (Concurrent Start) (G1 Humongous Allocation)
[2024-12-04T16:40:47.580+0700][6,729s][info   ][gc,task     ] GC(492) Using 8 workers of 8 for evacuation
[2024-12-04T16:40:47.581+0700][6,730s][info   ][gc,phases   ] GC(492)   Pre Evacuate Collection Set: 0,2ms
[2024-12-04T16:40:47.581+0700][6,730s][info   ][gc,phases   ] GC(492)   Merge Heap Roots: 0,2ms
[2024-12-04T16:40:47.581+0700][6,730s][info   ][gc,phases   ] GC(492)   Evacuate Collection Set: 0,3ms
[2024-12-04T16:40:47.581+0700][6,730s][info   ][gc,phases   ] GC(492)   Post Evacuate Collection Set: 0,1ms
[2024-12-04T16:40:47.581+0700][6,730s][info   ][gc,phases   ] GC(492)   Other: 0,2ms
[2024-12-04T16:40:47.581+0700][6,730s][info   ][gc,heap     ] GC(492) Eden regions: 1->0(759)
[2024-12-04T16:40:47.581+0700][6,730s][info   ][gc,heap     ] GC(492) Survivor regions: 1->1(96)
[2024-12-04T16:40:47.581+0700][6,730s][info   ][gc,heap     ] GC(492) Old regions: 3->3
[2024-12-04T16:40:47.581+0700][6,730s][info   ][gc,heap     ] GC(492) Archive regions: 2->2
[2024-12-04T16:40:47.581+0700][6,730s][info   ][gc,heap     ] GC(492) Humongous regions: 1070->1070
[2024-12-04T16:40:47.581+0700][6,730s][info   ][gc,metaspace] GC(492) Metaspace: 5806K(6016K)->5806K(6016K) NonClass: 5144K(5248K)->5144K(5248K) Class: 661K(768K)->661K(768K)
[2024-12-04T16:40:47.581+0700][6,730s][info   ][gc          ] GC(492) Pause Young (Concurrent Start) (G1 Humongous Allocation) 1073M->1073M(2041M) 1,203ms
[2024-12-04T16:40:47.581+0700][6,730s][info   ][gc,cpu      ] GC(492) User=0,01s Sys=0,00s Real=0,00s
[2024-12-04T16:40:47.581+0700][6,730s][info   ][gc          ] GC(493) Concurrent Mark Cycle
[2024-12-04T16:40:47.581+0700][6,730s][info   ][gc,marking  ] GC(493) Concurrent Clear Claimed Marks
[2024-12-04T16:40:47.581+0700][6,730s][info   ][gc,marking  ] GC(493) Concurrent Clear Claimed Marks 0,008ms
[2024-12-04T16:40:47.581+0700][6,730s][info   ][gc,marking  ] GC(493) Concurrent Scan Root Regions
[2024-12-04T16:40:47.581+0700][6,730s][info   ][gc,marking  ] GC(493) Concurrent Scan Root Regions 0,063ms
[2024-12-04T16:40:47.581+0700][6,730s][info   ][gc,marking  ] GC(493) Concurrent Mark
[2024-12-04T16:40:47.581+0700][6,730s][info   ][gc,marking  ] GC(493) Concurrent Mark From Roots
[2024-12-04T16:40:47.581+0700][6,730s][info   ][gc,task     ] GC(493) Using 2 workers of 2 for marking
[2024-12-04T16:40:47.584+0700][6,733s][info   ][gc,marking  ] GC(493) Concurrent Mark From Roots 2,822ms
[2024-12-04T16:40:47.584+0700][6,733s][info   ][gc,marking  ] GC(493) Concurrent Preclean
[2024-12-04T16:40:47.584+0700][6,733s][info   ][gc,marking  ] GC(493) Concurrent Preclean 0,042ms
[2024-12-04T16:40:47.584+0700][6,733s][info   ][gc,start    ] GC(493) Pause Remark
[2024-12-04T16:40:47.585+0700][6,734s][info   ][gc          ] GC(493) Pause Remark 1074M->1074M(2041M) 0,688ms
[2024-12-04T16:40:47.585+0700][6,734s][info   ][gc,cpu      ] GC(493) User=0,00s Sys=0,00s Real=0,00s
[2024-12-04T16:40:47.585+0700][6,734s][info   ][gc,marking  ] GC(493) Concurrent Mark 3,666ms
[2024-12-04T16:40:47.585+0700][6,734s][info   ][gc,marking  ] GC(493) Concurrent Rebuild Remembered Sets
[2024-12-04T16:40:47.586+0700][6,735s][info   ][gc,marking  ] GC(493) Concurrent Rebuild Remembered Sets 1,540ms
[2024-12-04T16:40:47.586+0700][6,735s][info   ][gc,start    ] GC(493) Pause Cleanup
[2024-12-04T16:40:47.587+0700][6,736s][info   ][gc          ] GC(493) Pause Cleanup 1074M->1074M(2041M) 0,232ms
[2024-12-04T16:40:47.587+0700][6,736s][info   ][gc,cpu      ] GC(493) User=0,00s Sys=0,00s Real=0,00s
[2024-12-04T16:40:47.587+0700][6,736s][info   ][gc,marking  ] GC(493) Concurrent Cleanup for Next Mark
[2024-12-04T16:40:47.590+0700][6,739s][info   ][gc,marking  ] GC(493) Concurrent Cleanup for Next Mark 3,235ms
[2024-12-04T16:40:47.590+0700][6,739s][info   ][gc          ] GC(493) Concurrent Mark Cycle 8,959ms
[2024-12-04T16:40:47.593+0700][6,742s][info   ][gc,start    ] GC(494) Pause Young (Concurrent Start) (G1 Humongous Allocation)
[2024-12-04T16:40:47.593+0700][6,742s][info   ][gc,task     ] GC(494) Using 8 workers of 8 for evacuation
[2024-12-04T16:40:47.595+0700][6,744s][info   ][gc,phases   ] GC(494)   Pre Evacuate Collection Set: 0,4ms
[2024-12-04T16:40:47.595+0700][6,744s][info   ][gc,phases   ] GC(494)   Merge Heap Roots: 0,2ms
[2024-12-04T16:40:47.595+0700][6,744s][info   ][gc,phases   ] GC(494)   Evacuate Collection Set: 0,6ms
[2024-12-04T16:40:47.595+0700][6,744s][info   ][gc,phases   ] GC(494)   Post Evacuate Collection Set: 0,2ms
[2024-12-04T16:40:47.595+0700][6,744s][info   ][gc,phases   ] GC(494)   Other: 0,2ms
[2024-12-04T16:40:47.595+0700][6,744s][info   ][gc,heap     ] GC(494) Eden regions: 1->0(759)
[2024-12-04T16:40:47.595+0700][6,744s][info   ][gc,heap     ] GC(494) Survivor regions: 1->1(95)
[2024-12-04T16:40:47.595+0700][6,744s][info   ][gc,heap     ] GC(494) Old regions: 3->3
[2024-12-04T16:40:47.595+0700][6,744s][info   ][gc,heap     ] GC(494) Archive regions: 2->2
[2024-12-04T16:40:47.595+0700][6,744s][info   ][gc,heap     ] GC(494) Humongous regions: 1072->1072
[2024-12-04T16:40:47.595+0700][6,744s][info   ][gc,metaspace] GC(494) Metaspace: 5806K(6016K)->5806K(6016K) NonClass: 5144K(5248K)->5144K(5248K) Class: 661K(768K)->661K(768K)
[2024-12-04T16:40:47.595+0700][6,744s][info   ][gc          ] GC(494) Pause Young (Concurrent Start) (G1 Humongous Allocation) 1075M->1075M(2043M) 1,750ms
[2024-12-04T16:40:47.595+0700][6,744s][info   ][gc,cpu      ] GC(494) User=0,01s Sys=0,00s Real=0,00s
[2024-12-04T16:40:47.595+0700][6,744s][info   ][gc          ] GC(495) Concurrent Mark Cycle
[2024-12-04T16:40:47.595+0700][6,744s][info   ][gc,marking  ] GC(495) Concurrent Clear Claimed Marks
[2024-12-04T16:40:47.595+0700][6,744s][info   ][gc,marking  ] GC(495) Concurrent Clear Claimed Marks 0,009ms
[2024-12-04T16:40:47.595+0700][6,744s][info   ][gc,marking  ] GC(495) Concurrent Scan Root Regions
[2024-12-04T16:40:47.595+0700][6,744s][info   ][gc,marking  ] GC(495) Concurrent Scan Root Regions 0,048ms
[2024-12-04T16:40:47.595+0700][6,744s][info   ][gc,marking  ] GC(495) Concurrent Mark
[2024-12-04T16:40:47.595+0700][6,744s][info   ][gc,marking  ] GC(495) Concurrent Mark From Roots
[2024-12-04T16:40:47.595+0700][6,744s][info   ][gc,task     ] GC(495) Using 2 workers of 2 for marking
[2024-12-04T16:40:47.599+0700][6,748s][info   ][gc,marking  ] GC(495) Concurrent Mark From Roots 3,976ms
[2024-12-04T16:40:47.599+0700][6,748s][info   ][gc,marking  ] GC(495) Concurrent Preclean
[2024-12-04T16:40:47.599+0700][6,748s][info   ][gc,marking  ] GC(495) Concurrent Preclean 0,076ms
[2024-12-04T16:40:47.599+0700][6,748s][info   ][gc,start    ] GC(495) Pause Remark
[2024-12-04T16:40:47.600+0700][6,749s][info   ][gc          ] GC(495) Pause Remark 1076M->1076M(2043M) 1,046ms
[2024-12-04T16:40:47.600+0700][6,749s][info   ][gc,cpu      ] GC(495) User=0,01s Sys=0,00s Real=0,00s
[2024-12-04T16:40:47.600+0700][6,749s][info   ][gc,marking  ] GC(495) Concurrent Mark 5,247ms
[2024-12-04T16:40:47.600+0700][6,749s][info   ][gc,marking  ] GC(495) Concurrent Rebuild Remembered Sets
[2024-12-04T16:40:47.602+0700][6,751s][info   ][gc,marking  ] GC(495) Concurrent Rebuild Remembered Sets 1,625ms
[2024-12-04T16:40:47.602+0700][6,751s][info   ][gc,start    ] GC(495) Pause Cleanup
[2024-12-04T16:40:47.602+0700][6,751s][info   ][gc          ] GC(495) Pause Cleanup 1077M->1077M(2043M) 0,253ms
[2024-12-04T16:40:47.602+0700][6,751s][info   ][gc,cpu      ] GC(495) User=0,00s Sys=0,00s Real=0,00s
[2024-12-04T16:40:47.602+0700][6,751s][info   ][gc,marking  ] GC(495) Concurrent Cleanup for Next Mark
[2024-12-04T16:40:47.607+0700][6,756s][info   ][gc,marking  ] GC(495) Concurrent Cleanup for Next Mark 4,891ms
[2024-12-04T16:40:47.607+0700][6,756s][info   ][gc          ] GC(495) Concurrent Mark Cycle 12,239ms
[2024-12-04T16:40:47.612+0700][6,761s][info   ][gc,start    ] GC(496) Pause Young (Concurrent Start) (G1 Humongous Allocation)
[2024-12-04T16:40:47.612+0700][6,761s][info   ][gc,task     ] GC(496) Using 8 workers of 8 for evacuation
[2024-12-04T16:40:47.613+0700][6,762s][info   ][gc,phases   ] GC(496)   Pre Evacuate Collection Set: 0,2ms
[2024-12-04T16:40:47.613+0700][6,762s][info   ][gc,phases   ] GC(496)   Merge Heap Roots: 0,2ms
[2024-12-04T16:40:47.613+0700][6,762s][info   ][gc,phases   ] GC(496)   Evacuate Collection Set: 0,3ms
[2024-12-04T16:40:47.613+0700][6,762s][info   ][gc,phases   ] GC(496)   Post Evacuate Collection Set: 0,1ms
[2024-12-04T16:40:47.613+0700][6,762s][info   ][gc,phases   ] GC(496)   Other: 0,2ms
[2024-12-04T16:40:47.613+0700][6,762s][info   ][gc,heap     ] GC(496) Eden regions: 1->0(756)
[2024-12-04T16:40:47.613+0700][6,762s][info   ][gc,heap     ] GC(496) Survivor regions: 1->1(95)
[2024-12-04T16:40:47.613+0700][6,762s][info   ][gc,heap     ] GC(496) Old regions: 3->3
[2024-12-04T16:40:47.613+0700][6,762s][info   ][gc,heap     ] GC(496) Archive regions: 2->2
[2024-12-04T16:40:47.613+0700][6,762s][info   ][gc,heap     ] GC(496) Humongous regions: 1075->1075
[2024-12-04T16:40:47.613+0700][6,762s][info   ][gc,metaspace] GC(496) Metaspace: 5806K(6016K)->5806K(6016K) NonClass: 5144K(5248K)->5144K(5248K) Class: 661K(768K)->661K(768K)
[2024-12-04T16:40:47.613+0700][6,762s][info   ][gc          ] GC(496) Pause Young (Concurrent Start) (G1 Humongous Allocation) 1078M->1078M(2043M) 1,059ms
[2024-12-04T16:40:47.613+0700][6,762s][info   ][gc,cpu      ] GC(496) User=0,00s Sys=0,00s Real=0,01s
[2024-12-04T16:40:47.613+0700][6,762s][info   ][gc          ] GC(497) Concurrent Mark Cycle
[2024-12-04T16:40:47.613+0700][6,762s][info   ][gc,marking  ] GC(497) Concurrent Clear Claimed Marks
[2024-12-04T16:40:47.613+0700][6,762s][info   ][gc,marking  ] GC(497) Concurrent Clear Claimed Marks 0,008ms
[2024-12-04T16:40:47.613+0700][6,762s][info   ][gc,marking  ] GC(497) Concurrent Scan Root Regions
[2024-12-04T16:40:47.613+0700][6,762s][info   ][gc,marking  ] GC(497) Concurrent Scan Root Regions 0,042ms
[2024-12-04T16:40:47.613+0700][6,762s][info   ][gc,marking  ] GC(497) Concurrent Mark
[2024-12-04T16:40:47.613+0700][6,762s][info   ][gc,marking  ] GC(497) Concurrent Mark From Roots
[2024-12-04T16:40:47.613+0700][6,762s][info   ][gc,task     ] GC(497) Using 2 workers of 2 for marking
[2024-12-04T16:40:47.616+0700][6,765s][info   ][gc,marking  ] GC(497) Concurrent Mark From Roots 2,966ms
[2024-12-04T16:40:47.616+0700][6,765s][info   ][gc,marking  ] GC(497) Concurrent Preclean
[2024-12-04T16:40:47.616+0700][6,765s][info   ][gc,marking  ] GC(497) Concurrent Preclean 0,050ms
[2024-12-04T16:40:47.616+0700][6,765s][info   ][gc,start    ] GC(497) Pause Remark
[2024-12-04T16:40:47.617+0700][6,766s][info   ][gc          ] GC(497) Pause Remark 1079M->1079M(2043M) 0,767ms
[2024-12-04T16:40:47.617+0700][6,766s][info   ][gc,cpu      ] GC(497) User=0,00s Sys=0,00s Real=0,00s
[2024-12-04T16:40:47.617+0700][6,766s][info   ][gc,marking  ] GC(497) Concurrent Mark 3,915ms
[2024-12-04T16:40:47.617+0700][6,766s][info   ][gc,marking  ] GC(497) Concurrent Rebuild Remembered Sets
[2024-12-04T16:40:47.619+0700][6,768s][info   ][gc,marking  ] GC(497) Concurrent Rebuild Remembered Sets 1,537ms
[2024-12-04T16:40:47.619+0700][6,768s][info   ][gc,start    ] GC(497) Pause Cleanup
[2024-12-04T16:40:47.620+0700][6,768s][info   ][gc          ] GC(497) Pause Cleanup 1080M->1080M(2043M) 0,265ms
[2024-12-04T16:40:47.620+0700][6,768s][info   ][gc,cpu      ] GC(497) User=0,00s Sys=0,00s Real=0,00s
[2024-12-04T16:40:47.620+0700][6,768s][info   ][gc,marking  ] GC(497) Concurrent Cleanup for Next Mark
[2024-12-04T16:40:47.624+0700][6,773s][info   ][gc,marking  ] GC(497) Concurrent Cleanup for Next Mark 4,603ms
[2024-12-04T16:40:47.624+0700][6,773s][info   ][gc          ] GC(497) Concurrent Mark Cycle 11,008ms
[2024-12-04T16:40:47.625+0700][6,774s][info   ][gc,start    ] GC(498) Pause Young (Concurrent Start) (G1 Humongous Allocation)
[2024-12-04T16:40:47.625+0700][6,774s][info   ][gc,task     ] GC(498) Using 8 workers of 8 for evacuation
[2024-12-04T16:40:47.626+0700][6,775s][info   ][gc,phases   ] GC(498)   Pre Evacuate Collection Set: 0,2ms
[2024-12-04T16:40:47.626+0700][6,775s][info   ][gc,phases   ] GC(498)   Merge Heap Roots: 0,2ms
[2024-12-04T16:40:47.626+0700][6,775s][info   ][gc,phases   ] GC(498)   Evacuate Collection Set: 0,3ms
[2024-12-04T16:40:47.626+0700][6,775s][info   ][gc,phases   ] GC(498)   Post Evacuate Collection Set: 0,2ms
[2024-12-04T16:40:47.626+0700][6,775s][info   ][gc,phases   ] GC(498)   Other: 0,2ms
[2024-12-04T16:40:47.626+0700][6,775s][info   ][gc,heap     ] GC(498) Eden regions: 1->0(755)
[2024-12-04T16:40:47.626+0700][6,775s][info   ][gc,heap     ] GC(498) Survivor regions: 1->0(95)
[2024-12-04T16:40:47.626+0700][6,775s][info   ][gc,heap     ] GC(498) Old regions: 3->3
[2024-12-04T16:40:47.626+0700][6,775s][info   ][gc,heap     ] GC(498) Archive regions: 2->2
[2024-12-04T16:40:47.626+0700][6,775s][info   ][gc,heap     ] GC(498) Humongous regions: 1077->1077
[2024-12-04T16:40:47.626+0700][6,775s][info   ][gc,metaspace] GC(498) Metaspace: 5806K(6016K)->5806K(6016K) NonClass: 5144K(5248K)->5144K(5248K) Class: 661K(768K)->661K(768K)
[2024-12-04T16:40:47.626+0700][6,775s][info   ][gc          ] GC(498) Pause Young (Concurrent Start) (G1 Humongous Allocation) 1080M->1080M(2043M) 1,249ms
[2024-12-04T16:40:47.626+0700][6,775s][info   ][gc,cpu      ] GC(498) User=0,01s Sys=0,00s Real=0,00s
[2024-12-04T16:40:47.626+0700][6,775s][info   ][gc          ] GC(499) Concurrent Mark Cycle
[2024-12-04T16:40:47.626+0700][6,775s][info   ][gc,marking  ] GC(499) Concurrent Clear Claimed Marks
[2024-12-04T16:40:47.626+0700][6,775s][info   ][gc,marking  ] GC(499) Concurrent Clear Claimed Marks 0,022ms
[2024-12-04T16:40:47.626+0700][6,775s][info   ][gc,marking  ] GC(499) Concurrent Scan Root Regions
[2024-12-04T16:40:47.626+0700][6,775s][info   ][gc,marking  ] GC(499) Concurrent Scan Root Regions 0,081ms
[2024-12-04T16:40:47.626+0700][6,775s][info   ][gc,marking  ] GC(499) Concurrent Mark
[2024-12-04T16:40:47.626+0700][6,775s][info   ][gc,marking  ] GC(499) Concurrent Mark From Roots
[2024-12-04T16:40:47.626+0700][6,775s][info   ][gc,task     ] GC(499) Using 2 workers of 2 for marking
[2024-12-04T16:40:47.629+0700][6,778s][info   ][gc,marking  ] GC(499) Concurrent Mark From Roots 2,855ms
[2024-12-04T16:40:47.629+0700][6,778s][info   ][gc,marking  ] GC(499) Concurrent Preclean
[2024-12-04T16:40:47.629+0700][6,778s][info   ][gc,marking  ] GC(499) Concurrent Preclean 0,043ms
[2024-12-04T16:40:47.629+0700][6,778s][info   ][gc,start    ] GC(499) Pause Remark
[2024-12-04T16:40:47.630+0700][6,779s][info   ][gc          ] GC(499) Pause Remark 1081M->1081M(2043M) 0,705ms
[2024-12-04T16:40:47.630+0700][6,779s][info   ][gc,cpu      ] GC(499) User=0,00s Sys=0,00s Real=0,00s
[2024-12-04T16:40:47.630+0700][6,779s][info   ][gc,marking  ] GC(499) Concurrent Mark 3,692ms
[2024-12-04T16:40:47.630+0700][6,779s][info   ][gc,marking  ] GC(499) Concurrent Rebuild Remembered Sets
[2024-12-04T16:40:47.631+0700][6,780s][info   ][gc,marking  ] GC(499) Concurrent Rebuild Remembered Sets 1,345ms
[2024-12-04T16:40:47.631+0700][6,780s][info   ][gc,start    ] GC(499) Pause Cleanup
[2024-12-04T16:40:47.632+0700][6,780s][info   ][gc          ] GC(499) Pause Cleanup 1081M->1081M(2043M) 0,254ms
[2024-12-04T16:40:47.632+0700][6,780s][info   ][gc,cpu      ] GC(499) User=0,00s Sys=0,00s Real=0,00s
[2024-12-04T16:40:47.632+0700][6,781s][info   ][gc,marking  ] GC(499) Concurrent Cleanup for Next Mark
[2024-12-04T16:40:47.635+0700][6,783s][info   ][gc,marking  ] GC(499) Concurrent Cleanup for Next Mark 2,915ms
[2024-12-04T16:40:47.635+0700][6,783s][info   ][gc          ] GC(499) Concurrent Mark Cycle 8,493ms
[2024-12-04T16:40:47.637+0700][6,786s][info   ][gc,start    ] GC(500) Pause Young (Concurrent Start) (G1 Humongous Allocation)
[2024-12-04T16:40:47.637+0700][6,786s][info   ][gc,task     ] GC(500) Using 8 workers of 8 for evacuation
[2024-12-04T16:40:47.639+0700][6,788s][info   ][gc,phases   ] GC(500)   Pre Evacuate Collection Set: 0,4ms
[2024-12-04T16:40:47.639+0700][6,788s][info   ][gc,phases   ] GC(500)   Merge Heap Roots: 0,3ms
[2024-12-04T16:40:47.639+0700][6,788s][info   ][gc,phases   ] GC(500)   Evacuate Collection Set: 0,6ms
[2024-12-04T16:40:47.639+0700][6,788s][info   ][gc,phases   ] GC(500)   Post Evacuate Collection Set: 0,2ms
[2024-12-04T16:40:47.639+0700][6,788s][info   ][gc,phases   ] GC(500)   Other: 0,2ms
[2024-12-04T16:40:47.639+0700][6,788s][info   ][gc,heap     ] GC(500) Eden regions: 1->0(753)
[2024-12-04T16:40:47.639+0700][6,788s][info   ][gc,heap     ] GC(500) Survivor regions: 0->0(95)
[2024-12-04T16:40:47.639+0700][6,788s][info   ][gc,heap     ] GC(500) Old regions: 3->3
[2024-12-04T16:40:47.639+0700][6,788s][info   ][gc,heap     ] GC(500) Archive regions: 2->2
[2024-12-04T16:40:47.639+0700][6,788s][info   ][gc,heap     ] GC(500) Humongous regions: 1079->1079
[2024-12-04T16:40:47.639+0700][6,788s][info   ][gc,metaspace] GC(500) Metaspace: 5806K(6016K)->5806K(6016K) NonClass: 5144K(5248K)->5144K(5248K) Class: 661K(768K)->661K(768K)
[2024-12-04T16:40:47.639+0700][6,788s][info   ][gc          ] GC(500) Pause Young (Concurrent Start) (G1 Humongous Allocation) 1082M->1082M(2043M) 1,753ms
[2024-12-04T16:40:47.639+0700][6,788s][info   ][gc,cpu      ] GC(500) User=0,01s Sys=0,00s Real=0,00s
[2024-12-04T16:40:47.639+0700][6,788s][info   ][gc          ] GC(501) Concurrent Mark Cycle
[2024-12-04T16:40:47.639+0700][6,788s][info   ][gc,marking  ] GC(501) Concurrent Clear Claimed Marks
[2024-12-04T16:40:47.639+0700][6,788s][info   ][gc,marking  ] GC(501) Concurrent Clear Claimed Marks 0,011ms
[2024-12-04T16:40:47.639+0700][6,788s][info   ][gc,marking  ] GC(501) Concurrent Scan Root Regions
[2024-12-04T16:40:47.639+0700][6,788s][info   ][gc,marking  ] GC(501) Concurrent Scan Root Regions 0,004ms
[2024-12-04T16:40:47.639+0700][6,788s][info   ][gc,marking  ] GC(501) Concurrent Mark
[2024-12-04T16:40:47.639+0700][6,788s][info   ][gc,marking  ] GC(501) Concurrent Mark From Roots
[2024-12-04T16:40:47.639+0700][6,788s][info   ][gc,task     ] GC(501) Using 2 workers of 2 for marking
[2024-12-04T16:40:47.643+0700][6,792s][info   ][gc,marking  ] GC(501) Concurrent Mark From Roots 4,211ms
[2024-12-04T16:40:47.644+0700][6,792s][info   ][gc,marking  ] GC(501) Concurrent Preclean
[2024-12-04T16:40:47.644+0700][6,792s][info   ][gc,marking  ] GC(501) Concurrent Preclean 0,061ms
[2024-12-04T16:40:47.644+0700][6,792s][info   ][gc,start    ] GC(501) Pause Remark
[2024-12-04T16:40:47.645+0700][6,793s][info   ][gc          ] GC(501) Pause Remark 1083M->1083M(2043M) 0,947ms
[2024-12-04T16:40:47.645+0700][6,793s][info   ][gc,cpu      ] GC(501) User=0,01s Sys=0,00s Real=0,00s
[2024-12-04T16:40:47.645+0700][6,793s][info   ][gc,marking  ] GC(501) Concurrent Mark 5,342ms
[2024-12-04T16:40:47.645+0700][6,793s][info   ][gc,marking  ] GC(501) Concurrent Rebuild Remembered Sets
[2024-12-04T16:40:47.646+0700][6,795s][info   ][gc,marking  ] GC(501) Concurrent Rebuild Remembered Sets 1,630ms
[2024-12-04T16:40:47.646+0700][6,795s][info   ][gc,start    ] GC(501) Pause Cleanup
[2024-12-04T16:40:47.647+0700][6,795s][info   ][gc          ] GC(501) Pause Cleanup 1084M->1084M(2043M) 0,274ms
[2024-12-04T16:40:47.647+0700][6,795s][info   ][gc,cpu      ] GC(501) User=0,00s Sys=0,00s Real=0,00s
[2024-12-04T16:40:47.647+0700][6,795s][info   ][gc,marking  ] GC(501) Concurrent Cleanup for Next Mark
[2024-12-04T16:40:47.651+0700][6,800s][info   ][gc,marking  ] GC(501) Concurrent Cleanup for Next Mark 4,536ms
[2024-12-04T16:40:47.651+0700][6,800s][info   ][gc          ] GC(501) Concurrent Mark Cycle 11,944ms
[2024-12-04T16:40:47.656+0700][6,805s][info   ][gc,start    ] GC(502) Pause Young (Concurrent Start) (G1 Humongous Allocation)
[2024-12-04T16:40:47.656+0700][6,805s][info   ][gc,task     ] GC(502) Using 8 workers of 8 for evacuation
[2024-12-04T16:40:47.658+0700][6,807s][info   ][gc,phases   ] GC(502)   Pre Evacuate Collection Set: 0,3ms
[2024-12-04T16:40:47.658+0700][6,807s][info   ][gc,phases   ] GC(502)   Merge Heap Roots: 0,3ms
[2024-12-04T16:40:47.658+0700][6,807s][info   ][gc,phases   ] GC(502)   Evacuate Collection Set: 0,4ms
[2024-12-04T16:40:47.658+0700][6,807s][info   ][gc,phases   ] GC(502)   Post Evacuate Collection Set: 0,2ms
[2024-12-04T16:40:47.658+0700][6,807s][info   ][gc,phases   ] GC(502)   Other: 0,2ms
[2024-12-04T16:40:47.658+0700][6,807s][info   ][gc,heap     ] GC(502) Eden regions: 1->0(751)
[2024-12-04T16:40:47.658+0700][6,807s][info   ][gc,heap     ] GC(502) Survivor regions: 0->0(95)
[2024-12-04T16:40:47.658+0700][6,807s][info   ][gc,heap     ] GC(502) Old regions: 3->3
[2024-12-04T16:40:47.658+0700][6,807s][info   ][gc,heap     ] GC(502) Archive regions: 2->2
[2024-12-04T16:40:47.658+0700][6,807s][info   ][gc,heap     ] GC(502) Humongous regions: 1082->1082
[2024-12-04T16:40:47.658+0700][6,807s][info   ][gc,metaspace] GC(502) Metaspace: 5806K(6016K)->5806K(6016K) NonClass: 5144K(5248K)->5144K(5248K) Class: 661K(768K)->661K(768K)
[2024-12-04T16:40:47.658+0700][6,807s][info   ][gc          ] GC(502) Pause Young (Concurrent Start) (G1 Humongous Allocation) 1085M->1085M(2044M) 1,533ms
[2024-12-04T16:40:47.658+0700][6,807s][info   ][gc,cpu      ] GC(502) User=0,00s Sys=0,00s Real=0,00s
[2024-12-04T16:40:47.658+0700][6,807s][info   ][gc          ] GC(503) Concurrent Mark Cycle
[2024-12-04T16:40:47.658+0700][6,807s][info   ][gc,marking  ] GC(503) Concurrent Clear Claimed Marks
[2024-12-04T16:40:47.658+0700][6,807s][info   ][gc,marking  ] GC(503) Concurrent Clear Claimed Marks 0,010ms
[2024-12-04T16:40:47.658+0700][6,807s][info   ][gc,marking  ] GC(503) Concurrent Scan Root Regions
[2024-12-04T16:40:47.658+0700][6,807s][info   ][gc,marking  ] GC(503) Concurrent Scan Root Regions 0,003ms
[2024-12-04T16:40:47.658+0700][6,807s][info   ][gc,marking  ] GC(503) Concurrent Mark
[2024-12-04T16:40:47.658+0700][6,807s][info   ][gc,marking  ] GC(503) Concurrent Mark From Roots
[2024-12-04T16:40:47.658+0700][6,807s][info   ][gc,task     ] GC(503) Using 2 workers of 2 for marking
[2024-12-04T16:40:47.662+0700][6,811s][info   ][gc,marking  ] GC(503) Concurrent Mark From Roots 3,926ms
[2024-12-04T16:40:47.662+0700][6,811s][info   ][gc,marking  ] GC(503) Concurrent Preclean
[2024-12-04T16:40:47.662+0700][6,811s][info   ][gc,marking  ] GC(503) Concurrent Preclean 0,058ms
[2024-12-04T16:40:47.662+0700][6,811s][info   ][gc,start    ] GC(503) Pause Remark
[2024-12-04T16:40:47.663+0700][6,812s][info   ][gc          ] GC(503) Pause Remark 1086M->1086M(2044M) 0,909ms
[2024-12-04T16:40:47.663+0700][6,812s][info   ][gc,cpu      ] GC(503) User=0,00s Sys=0,00s Real=0,00s
[2024-12-04T16:40:47.663+0700][6,812s][info   ][gc,marking  ] GC(503) Concurrent Mark 5,046ms
[2024-12-04T16:40:47.663+0700][6,812s][info   ][gc,marking  ] GC(503) Concurrent Rebuild Remembered Sets
[2024-12-04T16:40:47.665+0700][6,814s][info   ][gc,marking  ] GC(503) Concurrent Rebuild Remembered Sets 1,886ms
[2024-12-04T16:40:47.665+0700][6,814s][info   ][gc,start    ] GC(503) Pause Cleanup
[2024-12-04T16:40:47.665+0700][6,814s][info   ][gc          ] GC(503) Pause Cleanup 1087M->1087M(2044M) 0,327ms
[2024-12-04T16:40:47.665+0700][6,814s][info   ][gc,cpu      ] GC(503) User=0,00s Sys=0,00s Real=0,00s
[2024-12-04T16:40:47.665+0700][6,814s][info   ][gc,marking  ] GC(503) Concurrent Cleanup for Next Mark
[2024-12-04T16:40:47.669+0700][6,817s][info   ][gc,marking  ] GC(503) Concurrent Cleanup for Next Mark 3,278ms
[2024-12-04T16:40:47.669+0700][6,818s][info   ][gc          ] GC(503) Concurrent Mark Cycle 10,866ms
[2024-12-04T16:40:47.669+0700][6,818s][info   ][gc,start    ] GC(504) Pause Young (Concurrent Start) (G1 Humongous Allocation)
[2024-12-04T16:40:47.669+0700][6,818s][info   ][gc,task     ] GC(504) Using 8 workers of 8 for evacuation
[2024-12-04T16:40:47.671+0700][6,820s][info   ][gc,phases   ] GC(504)   Pre Evacuate Collection Set: 0,3ms
[2024-12-04T16:40:47.671+0700][6,820s][info   ][gc,phases   ] GC(504)   Merge Heap Roots: 0,4ms
[2024-12-04T16:40:47.671+0700][6,820s][info   ][gc,phases   ] GC(504)   Evacuate Collection Set: 0,7ms
[2024-12-04T16:40:47.671+0700][6,820s][info   ][gc,phases   ] GC(504)   Post Evacuate Collection Set: 0,1ms
[2024-12-04T16:40:47.671+0700][6,820s][info   ][gc,phases   ] GC(504)   Other: 0,2ms
[2024-12-04T16:40:47.671+0700][6,820s][info   ][gc,heap     ] GC(504) Eden regions: 1->0(749)
[2024-12-04T16:40:47.671+0700][6,820s][info   ][gc,heap     ] GC(504) Survivor regions: 0->0(94)
[2024-12-04T16:40:47.671+0700][6,820s][info   ][gc,heap     ] GC(504) Old regions: 3->3
[2024-12-04T16:40:47.671+0700][6,820s][info   ][gc,heap     ] GC(504) Archive regions: 2->2
[2024-12-04T16:40:47.671+0700][6,820s][info   ][gc,heap     ] GC(504) Humongous regions: 1084->1084
[2024-12-04T16:40:47.671+0700][6,820s][info   ][gc,metaspace] GC(504) Metaspace: 5806K(6016K)->5806K(6016K) NonClass: 5144K(5248K)->5144K(5248K) Class: 661K(768K)->661K(768K)
[2024-12-04T16:40:47.671+0700][6,820s][info   ][gc          ] GC(504) Pause Young (Concurrent Start) (G1 Humongous Allocation) 1087M->1087M(2044M) 1,851ms
[2024-12-04T16:40:47.671+0700][6,820s][info   ][gc,cpu      ] GC(504) User=0,00s Sys=0,00s Real=0,00s
[2024-12-04T16:40:47.671+0700][6,820s][info   ][gc          ] GC(505) Concurrent Mark Cycle
[2024-12-04T16:40:47.671+0700][6,820s][info   ][gc,marking  ] GC(505) Concurrent Clear Claimed Marks
[2024-12-04T16:40:47.671+0700][6,820s][info   ][gc,marking  ] GC(505) Concurrent Clear Claimed Marks 0,014ms
[2024-12-04T16:40:47.671+0700][6,820s][info   ][gc,marking  ] GC(505) Concurrent Scan Root Regions
[2024-12-04T16:40:47.671+0700][6,820s][info   ][gc,marking  ] GC(505) Concurrent Scan Root Regions 0,008ms
[2024-12-04T16:40:47.671+0700][6,820s][info   ][gc,marking  ] GC(505) Concurrent Mark
[2024-12-04T16:40:47.671+0700][6,820s][info   ][gc,marking  ] GC(505) Concurrent Mark From Roots
[2024-12-04T16:40:47.671+0700][6,820s][info   ][gc,task     ] GC(505) Using 2 workers of 2 for marking
[2024-12-04T16:40:47.676+0700][6,825s][info   ][gc,marking  ] GC(505) Concurrent Mark From Roots 4,480ms
[2024-12-04T16:40:47.676+0700][6,825s][info   ][gc,marking  ] GC(505) Concurrent Preclean
[2024-12-04T16:40:47.676+0700][6,825s][info   ][gc,marking  ] GC(505) Concurrent Preclean 0,073ms
[2024-12-04T16:40:47.676+0700][6,825s][info   ][gc,start    ] GC(505) Pause Remark
[2024-12-04T16:40:47.677+0700][6,826s][info   ][gc          ] GC(505) Pause Remark 1088M->1088M(2044M) 1,379ms
[2024-12-04T16:40:47.677+0700][6,826s][info   ][gc,cpu      ] GC(505) User=0,00s Sys=0,01s Real=0,00s
[2024-12-04T16:40:47.677+0700][6,826s][info   ][gc,marking  ] GC(505) Concurrent Mark 6,132ms
[2024-12-04T16:40:47.677+0700][6,826s][info   ][gc,marking  ] GC(505) Concurrent Rebuild Remembered Sets
[2024-12-04T16:40:47.679+0700][6,828s][info   ][gc,marking  ] GC(505) Concurrent Rebuild Remembered Sets 2,109ms
[2024-12-04T16:40:47.680+0700][6,828s][info   ][gc,start    ] GC(505) Pause Cleanup
[2024-12-04T16:40:47.680+0700][6,829s][info   ][gc          ] GC(505) Pause Cleanup 1089M->1089M(2044M) 0,362ms
[2024-12-04T16:40:47.680+0700][6,829s][info   ][gc,cpu      ] GC(505) User=0,00s Sys=0,00s Real=0,00s
[2024-12-04T16:40:47.680+0700][6,829s][info   ][gc,marking  ] GC(505) Concurrent Cleanup for Next Mark
[2024-12-04T16:40:47.684+0700][6,833s][info   ][gc,marking  ] GC(505) Concurrent Cleanup for Next Mark 3,878ms
[2024-12-04T16:40:47.684+0700][6,833s][info   ][gc          ] GC(505) Concurrent Mark Cycle 12,760ms
[2024-12-04T16:40:47.689+0700][6,838s][info   ][gc,start    ] GC(506) Pause Young (Concurrent Start) (G1 Humongous Allocation)
[2024-12-04T16:40:47.689+0700][6,838s][info   ][gc,task     ] GC(506) Using 8 workers of 8 for evacuation
[2024-12-04T16:40:47.694+0700][6,842s][info   ][gc,phases   ] GC(506)   Pre Evacuate Collection Set: 0,4ms
[2024-12-04T16:40:47.694+0700][6,843s][info   ][gc,phases   ] GC(506)   Merge Heap Roots: 0,4ms
[2024-12-04T16:40:47.694+0700][6,843s][info   ][gc,phases   ] GC(506)   Evacuate Collection Set: 3,4ms
[2024-12-04T16:40:47.694+0700][6,843s][info   ][gc,phases   ] GC(506)   Post Evacuate Collection Set: 0,3ms
[2024-12-04T16:40:47.694+0700][6,843s][info   ][gc,phases   ] GC(506)   Other: 0,3ms
[2024-12-04T16:40:47.694+0700][6,843s][info   ][gc,heap     ] GC(506) Eden regions: 1->0(746)
[2024-12-04T16:40:47.694+0700][6,843s][info   ][gc,heap     ] GC(506) Survivor regions: 0->0(94)
[2024-12-04T16:40:47.694+0700][6,843s][info   ][gc,heap     ] GC(506) Old regions: 3->3
[2024-12-04T16:40:47.694+0700][6,843s][info   ][gc,heap     ] GC(506) Archive regions: 2->2
[2024-12-04T16:40:47.694+0700][6,843s][info   ][gc,heap     ] GC(506) Humongous regions: 1087->1087
[2024-12-04T16:40:47.694+0700][6,843s][info   ][gc,metaspace] GC(506) Metaspace: 5806K(6016K)->5806K(6016K) NonClass: 5144K(5248K)->5144K(5248K) Class: 661K(768K)->661K(768K)
[2024-12-04T16:40:47.694+0700][6,843s][info   ][gc          ] GC(506) Pause Young (Concurrent Start) (G1 Humongous Allocation) 1090M->1090M(2044M) 4,799ms
[2024-12-04T16:40:47.694+0700][6,843s][info   ][gc,cpu      ] GC(506) User=0,01s Sys=0,00s Real=0,01s
[2024-12-04T16:40:47.694+0700][6,843s][info   ][gc          ] GC(507) Concurrent Mark Cycle
[2024-12-04T16:40:47.694+0700][6,843s][info   ][gc,marking  ] GC(507) Concurrent Clear Claimed Marks
[2024-12-04T16:40:47.694+0700][6,843s][info   ][gc,marking  ] GC(507) Concurrent Clear Claimed Marks 0,024ms
[2024-12-04T16:40:47.694+0700][6,843s][info   ][gc,marking  ] GC(507) Concurrent Scan Root Regions
[2024-12-04T16:40:47.694+0700][6,843s][info   ][gc,marking  ] GC(507) Concurrent Scan Root Regions 0,023ms
[2024-12-04T16:40:47.694+0700][6,843s][info   ][gc,marking  ] GC(507) Concurrent Mark
[2024-12-04T16:40:47.694+0700][6,843s][info   ][gc,marking  ] GC(507) Concurrent Mark From Roots
[2024-12-04T16:40:47.694+0700][6,843s][info   ][gc,task     ] GC(507) Using 2 workers of 2 for marking
[2024-12-04T16:40:47.698+0700][6,847s][info   ][gc,marking  ] GC(507) Concurrent Mark From Roots 4,240ms
[2024-12-04T16:40:47.698+0700][6,847s][info   ][gc,marking  ] GC(507) Concurrent Preclean
[2024-12-04T16:40:47.698+0700][6,847s][info   ][gc,marking  ] GC(507) Concurrent Preclean 0,056ms
[2024-12-04T16:40:47.698+0700][6,847s][info   ][gc,start    ] GC(507) Pause Remark
[2024-12-04T16:40:47.699+0700][6,848s][info   ][gc          ] GC(507) Pause Remark 1091M->1091M(2044M) 0,937ms
[2024-12-04T16:40:47.699+0700][6,848s][info   ][gc,cpu      ] GC(507) User=0,00s Sys=0,00s Real=0,00s
[2024-12-04T16:40:47.699+0700][6,848s][info   ][gc,marking  ] GC(507) Concurrent Mark 5,429ms
[2024-12-04T16:40:47.699+0700][6,848s][info   ][gc,marking  ] GC(507) Concurrent Rebuild Remembered Sets
[2024-12-04T16:40:47.701+0700][6,850s][info   ][gc,marking  ] GC(507) Concurrent Rebuild Remembered Sets 1,578ms
[2024-12-04T16:40:47.701+0700][6,850s][info   ][gc,start    ] GC(507) Pause Cleanup
[2024-12-04T16:40:47.701+0700][6,850s][info   ][gc          ] GC(507) Pause Cleanup 1092M->1092M(2044M) 0,273ms
[2024-12-04T16:40:47.701+0700][6,850s][info   ][gc,cpu      ] GC(507) User=0,00s Sys=0,00s Real=0,00s
[2024-12-04T16:40:47.701+0700][6,850s][info   ][gc,marking  ] GC(507) Concurrent Cleanup for Next Mark
[2024-12-04T16:40:47.705+0700][6,854s][info   ][gc,marking  ] GC(507) Concurrent Cleanup for Next Mark 3,480ms
[2024-12-04T16:40:47.705+0700][6,854s][info   ][gc          ] GC(507) Concurrent Mark Cycle 11,049ms
[2024-12-04T16:40:47.705+0700][6,854s][info   ][gc,start    ] GC(508) Pause Young (Concurrent Start) (G1 Humongous Allocation)
[2024-12-04T16:40:47.705+0700][6,854s][info   ][gc,task     ] GC(508) Using 8 workers of 8 for evacuation
[2024-12-04T16:40:47.707+0700][6,856s][info   ][gc,phases   ] GC(508)   Pre Evacuate Collection Set: 0,3ms
[2024-12-04T16:40:47.707+0700][6,856s][info   ][gc,phases   ] GC(508)   Merge Heap Roots: 0,3ms
[2024-12-04T16:40:47.707+0700][6,856s][info   ][gc,phases   ] GC(508)   Evacuate Collection Set: 0,6ms
[2024-12-04T16:40:47.707+0700][6,856s][info   ][gc,phases   ] GC(508)   Post Evacuate Collection Set: 0,2ms
[2024-12-04T16:40:47.707+0700][6,856s][info   ][gc,phases   ] GC(508)   Other: 0,3ms
[2024-12-04T16:40:47.707+0700][6,856s][info   ][gc,heap     ] GC(508) Eden regions: 1->0(744)
[2024-12-04T16:40:47.707+0700][6,856s][info   ][gc,heap     ] GC(508) Survivor regions: 0->0(94)
[2024-12-04T16:40:47.707+0700][6,856s][info   ][gc,heap     ] GC(508) Old regions: 3->3
[2024-12-04T16:40:47.707+0700][6,856s][info   ][gc,heap     ] GC(508) Archive regions: 2->2
[2024-12-04T16:40:47.707+0700][6,856s][info   ][gc,heap     ] GC(508) Humongous regions: 1089->1089
[2024-12-04T16:40:47.707+0700][6,856s][info   ][gc,metaspace] GC(508) Metaspace: 5806K(6016K)->5806K(6016K) NonClass: 5144K(5248K)->5144K(5248K) Class: 661K(768K)->661K(768K)
[2024-12-04T16:40:47.707+0700][6,856s][info   ][gc          ] GC(508) Pause Young (Concurrent Start) (G1 Humongous Allocation) 1092M->1092M(2044M) 1,864ms
[2024-12-04T16:40:47.707+0700][6,856s][info   ][gc,cpu      ] GC(508) User=0,01s Sys=0,00s Real=0,00s
[2024-12-04T16:40:47.707+0700][6,856s][info   ][gc          ] GC(509) Concurrent Mark Cycle
[2024-12-04T16:40:47.707+0700][6,856s][info   ][gc,marking  ] GC(509) Concurrent Clear Claimed Marks
[2024-12-04T16:40:47.707+0700][6,856s][info   ][gc,marking  ] GC(509) Concurrent Clear Claimed Marks 0,018ms
[2024-12-04T16:40:47.707+0700][6,856s][info   ][gc,marking  ] GC(509) Concurrent Scan Root Regions
[2024-12-04T16:40:47.707+0700][6,856s][info   ][gc,marking  ] GC(509) Concurrent Scan Root Regions 0,004ms
[2024-12-04T16:40:47.707+0700][6,856s][info   ][gc,marking  ] GC(509) Concurrent Mark
[2024-12-04T16:40:47.707+0700][6,856s][info   ][gc,marking  ] GC(509) Concurrent Mark From Roots
[2024-12-04T16:40:47.707+0700][6,856s][info   ][gc,task     ] GC(509) Using 2 workers of 2 for marking
[2024-12-04T16:40:47.711+0700][6,860s][info   ][gc,marking  ] GC(509) Concurrent Mark From Roots 3,581ms
[2024-12-04T16:40:47.711+0700][6,860s][info   ][gc,marking  ] GC(509) Concurrent Preclean
[2024-12-04T16:40:47.711+0700][6,860s][info   ][gc,marking  ] GC(509) Concurrent Preclean 0,056ms
[2024-12-04T16:40:47.711+0700][6,860s][info   ][gc,start    ] GC(509) Pause Remark
[2024-12-04T16:40:47.712+0700][6,861s][info   ][gc          ] GC(509) Pause Remark 1093M->1093M(2044M) 0,768ms
[2024-12-04T16:40:47.712+0700][6,861s][info   ][gc,cpu      ] GC(509) User=0,00s Sys=0,00s Real=0,00s
[2024-12-04T16:40:47.712+0700][6,861s][info   ][gc,marking  ] GC(509) Concurrent Mark 4,551ms
[2024-12-04T16:40:47.712+0700][6,861s][info   ][gc,marking  ] GC(509) Concurrent Rebuild Remembered Sets
[2024-12-04T16:40:47.714+0700][6,863s][info   ][gc,marking  ] GC(509) Concurrent Rebuild Remembered Sets 1,806ms
[2024-12-04T16:40:47.714+0700][6,863s][info   ][gc,start    ] GC(509) Pause Cleanup
[2024-12-04T16:40:47.714+0700][6,863s][info   ][gc          ] GC(509) Pause Cleanup 1094M->1094M(2044M) 0,222ms
[2024-12-04T16:40:47.714+0700][6,863s][info   ][gc,cpu      ] GC(509) User=0,00s Sys=0,00s Real=0,00s
[2024-12-04T16:40:47.714+0700][6,863s][info   ][gc,marking  ] GC(509) Concurrent Cleanup for Next Mark
[2024-12-04T16:40:47.717+0700][6,866s][info   ][gc,marking  ] GC(509) Concurrent Cleanup for Next Mark 3,492ms
[2024-12-04T16:40:47.718+0700][6,866s][info   ][gc          ] GC(509) Concurrent Mark Cycle 10,356ms
[2024-12-04T16:40:47.719+0700][6,868s][info   ][gc,start    ] GC(510) Pause Young (Concurrent Start) (G1 Humongous Allocation)
[2024-12-04T16:40:47.719+0700][6,868s][info   ][gc,task     ] GC(510) Using 8 workers of 8 for evacuation
[2024-12-04T16:40:47.721+0700][6,870s][info   ][gc,phases   ] GC(510)   Pre Evacuate Collection Set: 0,2ms
[2024-12-04T16:40:47.721+0700][6,870s][info   ][gc,phases   ] GC(510)   Merge Heap Roots: 0,4ms
[2024-12-04T16:40:47.721+0700][6,870s][info   ][gc,phases   ] GC(510)   Evacuate Collection Set: 0,7ms
[2024-12-04T16:40:47.721+0700][6,870s][info   ][gc,phases   ] GC(510)   Post Evacuate Collection Set: 0,5ms
[2024-12-04T16:40:47.721+0700][6,870s][info   ][gc,phases   ] GC(510)   Other: 0,3ms
[2024-12-04T16:40:47.721+0700][6,870s][info   ][gc,heap     ] GC(510) Eden regions: 1->0(743)
[2024-12-04T16:40:47.721+0700][6,870s][info   ][gc,heap     ] GC(510) Survivor regions: 0->0(93)
[2024-12-04T16:40:47.721+0700][6,870s][info   ][gc,heap     ] GC(510) Old regions: 3->3
[2024-12-04T16:40:47.721+0700][6,870s][info   ][gc,heap     ] GC(510) Archive regions: 2->2
[2024-12-04T16:40:47.721+0700][6,870s][info   ][gc,heap     ] GC(510) Humongous regions: 1091->1091
[2024-12-04T16:40:47.721+0700][6,870s][info   ][gc,metaspace] GC(510) Metaspace: 5806K(6016K)->5806K(6016K) NonClass: 5144K(5248K)->5144K(5248K) Class: 661K(768K)->661K(768K)
[2024-12-04T16:40:47.721+0700][6,870s][info   ][gc          ] GC(510) Pause Young (Concurrent Start) (G1 Humongous Allocation) 1094M->1094M(2045M) 2,359ms
[2024-12-04T16:40:47.721+0700][6,870s][info   ][gc,cpu      ] GC(510) User=0,01s Sys=0,00s Real=0,00s
[2024-12-04T16:40:47.721+0700][6,870s][info   ][gc          ] GC(511) Concurrent Mark Cycle
[2024-12-04T16:40:47.721+0700][6,870s][info   ][gc,marking  ] GC(511) Concurrent Clear Claimed Marks
[2024-12-04T16:40:47.721+0700][6,870s][info   ][gc,marking  ] GC(511) Concurrent Clear Claimed Marks 0,021ms
[2024-12-04T16:40:47.721+0700][6,870s][info   ][gc,marking  ] GC(511) Concurrent Scan Root Regions
[2024-12-04T16:40:47.721+0700][6,870s][info   ][gc,marking  ] GC(511) Concurrent Scan Root Regions 0,006ms
[2024-12-04T16:40:47.721+0700][6,870s][info   ][gc,marking  ] GC(511) Concurrent Mark
[2024-12-04T16:40:47.721+0700][6,870s][info   ][gc,marking  ] GC(511) Concurrent Mark From Roots
[2024-12-04T16:40:47.721+0700][6,870s][info   ][gc,task     ] GC(511) Using 2 workers of 2 for marking
[2024-12-04T16:40:47.725+0700][6,874s][info   ][gc,marking  ] GC(511) Concurrent Mark From Roots 4,037ms
[2024-12-04T16:40:47.725+0700][6,874s][info   ][gc,marking  ] GC(511) Concurrent Preclean
[2024-12-04T16:40:47.725+0700][6,874s][info   ][gc,marking  ] GC(511) Concurrent Preclean 0,055ms
[2024-12-04T16:40:47.725+0700][6,874s][info   ][gc,start    ] GC(511) Pause Remark
[2024-12-04T16:40:47.726+0700][6,875s][info   ][gc          ] GC(511) Pause Remark 1095M->1095M(2045M) 0,943ms
[2024-12-04T16:40:47.726+0700][6,875s][info   ][gc,cpu      ] GC(511) User=0,01s Sys=0,00s Real=0,00s
[2024-12-04T16:40:47.726+0700][6,875s][info   ][gc,marking  ] GC(511) Concurrent Mark 5,219ms
[2024-12-04T16:40:47.726+0700][6,875s][info   ][gc,marking  ] GC(511) Concurrent Rebuild Remembered Sets
[2024-12-04T16:40:47.728+0700][6,877s][info   ][gc,marking  ] GC(511) Concurrent Rebuild Remembered Sets 1,595ms
[2024-12-04T16:40:47.728+0700][6,877s][info   ][gc,start    ] GC(511) Pause Cleanup
[2024-12-04T16:40:47.728+0700][6,877s][info   ][gc          ] GC(511) Pause Cleanup 1096M->1096M(2045M) 0,327ms
[2024-12-04T16:40:47.728+0700][6,877s][info   ][gc,cpu      ] GC(511) User=0,00s Sys=0,00s Real=0,00s
[2024-12-04T16:40:47.728+0700][6,877s][info   ][gc,marking  ] GC(511) Concurrent Cleanup for Next Mark
[2024-12-04T16:40:47.733+0700][6,882s][info   ][gc,marking  ] GC(511) Concurrent Cleanup for Next Mark 4,395ms
[2024-12-04T16:40:47.733+0700][6,882s][info   ][gc          ] GC(511) Concurrent Mark Cycle 11,857ms
[2024-12-04T16:40:47.738+0700][6,887s][info   ][gc,start    ] GC(512) Pause Young (Concurrent Start) (G1 Humongous Allocation)
[2024-12-04T16:40:47.738+0700][6,887s][info   ][gc,task     ] GC(512) Using 8 workers of 8 for evacuation
[2024-12-04T16:40:47.741+0700][6,889s][info   ][gc,phases   ] GC(512)   Pre Evacuate Collection Set: 0,6ms
[2024-12-04T16:40:47.741+0700][6,890s][info   ][gc,phases   ] GC(512)   Merge Heap Roots: 0,6ms
[2024-12-04T16:40:47.741+0700][6,890s][info   ][gc,phases   ] GC(512)   Evacuate Collection Set: 0,5ms
[2024-12-04T16:40:47.741+0700][6,890s][info   ][gc,phases   ] GC(512)   Post Evacuate Collection Set: 0,2ms
[2024-12-04T16:40:47.741+0700][6,890s][info   ][gc,phases   ] GC(512)   Other: 0,3ms
[2024-12-04T16:40:47.741+0700][6,890s][info   ][gc,heap     ] GC(512) Eden regions: 1->0(740)
[2024-12-04T16:40:47.741+0700][6,890s][info   ][gc,heap     ] GC(512) Survivor regions: 0->0(93)
[2024-12-04T16:40:47.741+0700][6,890s][info   ][gc,heap     ] GC(512) Old regions: 3->3
[2024-12-04T16:40:47.741+0700][6,890s][info   ][gc,heap     ] GC(512) Archive regions: 2->2
[2024-12-04T16:40:47.741+0700][6,890s][info   ][gc,heap     ] GC(512) Humongous regions: 1094->1094
[2024-12-04T16:40:47.741+0700][6,890s][info   ][gc,metaspace] GC(512) Metaspace: 5806K(6016K)->5806K(6016K) NonClass: 5144K(5248K)->5144K(5248K) Class: 661K(768K)->661K(768K)
[2024-12-04T16:40:47.741+0700][6,890s][info   ][gc          ] GC(512) Pause Young (Concurrent Start) (G1 Humongous Allocation) 1097M->1097M(2045M) 2,321ms
[2024-12-04T16:40:47.741+0700][6,890s][info   ][gc,cpu      ] GC(512) User=0,00s Sys=0,00s Real=0,00s
[2024-12-04T16:40:47.741+0700][6,890s][info   ][gc          ] GC(513) Concurrent Mark Cycle
[2024-12-04T16:40:47.741+0700][6,890s][info   ][gc,marking  ] GC(513) Concurrent Clear Claimed Marks
[2024-12-04T16:40:47.741+0700][6,890s][info   ][gc,marking  ] GC(513) Concurrent Clear Claimed Marks 0,018ms
[2024-12-04T16:40:47.741+0700][6,890s][info   ][gc,marking  ] GC(513) Concurrent Scan Root Regions
[2024-12-04T16:40:47.741+0700][6,890s][info   ][gc,marking  ] GC(513) Concurrent Scan Root Regions 0,005ms
[2024-12-04T16:40:47.741+0700][6,890s][info   ][gc,marking  ] GC(513) Concurrent Mark
[2024-12-04T16:40:47.741+0700][6,890s][info   ][gc,marking  ] GC(513) Concurrent Mark From Roots
[2024-12-04T16:40:47.741+0700][6,890s][info   ][gc,task     ] GC(513) Using 2 workers of 2 for marking
[2024-12-04T16:40:47.745+0700][6,894s][info   ][gc,marking  ] GC(513) Concurrent Mark From Roots 3,993ms
[2024-12-04T16:40:47.745+0700][6,894s][info   ][gc,marking  ] GC(513) Concurrent Preclean
[2024-12-04T16:40:47.745+0700][6,894s][info   ][gc,marking  ] GC(513) Concurrent Preclean 0,058ms
[2024-12-04T16:40:47.745+0700][6,894s][info   ][gc,start    ] GC(513) Pause Remark
[2024-12-04T16:40:47.746+0700][6,895s][info   ][gc          ] GC(513) Pause Remark 1098M->1098M(2045M) 0,926ms
[2024-12-04T16:40:47.746+0700][6,895s][info   ][gc,cpu      ] GC(513) User=0,00s Sys=0,00s Real=0,00s
[2024-12-04T16:40:47.746+0700][6,895s][info   ][gc,marking  ] GC(513) Concurrent Mark 5,136ms
[2024-12-04T16:40:47.746+0700][6,895s][info   ][gc,marking  ] GC(513) Concurrent Rebuild Remembered Sets
[2024-12-04T16:40:47.748+0700][6,897s][info   ][gc,marking  ] GC(513) Concurrent Rebuild Remembered Sets 1,621ms
[2024-12-04T16:40:47.748+0700][6,897s][info   ][gc,start    ] GC(513) Pause Cleanup
[2024-12-04T16:40:47.748+0700][6,897s][info   ][gc          ] GC(513) Pause Cleanup 1099M->1099M(2045M) 0,314ms
[2024-12-04T16:40:47.748+0700][6,897s][info   ][gc,cpu      ] GC(513) User=0,00s Sys=0,00s Real=0,00s
[2024-12-04T16:40:47.748+0700][6,897s][info   ][gc,marking  ] GC(513) Concurrent Cleanup for Next Mark
[2024-12-04T16:40:47.753+0700][6,902s][info   ][gc,marking  ] GC(513) Concurrent Cleanup for Next Mark 5,130ms
[2024-12-04T16:40:47.753+0700][6,902s][info   ][gc          ] GC(513) Concurrent Mark Cycle 12,484ms
[2024-12-04T16:40:47.758+0700][6,907s][info   ][gc,start    ] GC(514) Pause Young (Concurrent Start) (G1 Humongous Allocation)
[2024-12-04T16:40:47.758+0700][6,907s][info   ][gc,task     ] GC(514) Using 8 workers of 8 for evacuation
[2024-12-04T16:40:47.759+0700][6,908s][info   ][gc,phases   ] GC(514)   Pre Evacuate Collection Set: 0,2ms
[2024-12-04T16:40:47.759+0700][6,908s][info   ][gc,phases   ] GC(514)   Merge Heap Roots: 0,2ms
[2024-12-04T16:40:47.759+0700][6,908s][info   ][gc,phases   ] GC(514)   Evacuate Collection Set: 0,3ms
[2024-12-04T16:40:47.759+0700][6,908s][info   ][gc,phases   ] GC(514)   Post Evacuate Collection Set: 0,1ms
[2024-12-04T16:40:47.759+0700][6,908s][info   ][gc,phases   ] GC(514)   Other: 0,2ms
[2024-12-04T16:40:47.759+0700][6,908s][info   ][gc,heap     ] GC(514) Eden regions: 1->0(737)
[2024-12-04T16:40:47.759+0700][6,908s][info   ][gc,heap     ] GC(514) Survivor regions: 0->0(93)
[2024-12-04T16:40:47.759+0700][6,908s][info   ][gc,heap     ] GC(514) Old regions: 3->3
[2024-12-04T16:40:47.759+0700][6,908s][info   ][gc,heap     ] GC(514) Archive regions: 2->2
[2024-12-04T16:40:47.759+0700][6,908s][info   ][gc,heap     ] GC(514) Humongous regions: 1097->1097
[2024-12-04T16:40:47.759+0700][6,908s][info   ][gc,metaspace] GC(514) Metaspace: 5806K(6016K)->5806K(6016K) NonClass: 5144K(5248K)->5144K(5248K) Class: 661K(768K)->661K(768K)
[2024-12-04T16:40:47.759+0700][6,908s][info   ][gc          ] GC(514) Pause Young (Concurrent Start) (G1 Humongous Allocation) 1100M->1100M(2045M) 1,109ms
[2024-12-04T16:40:47.759+0700][6,908s][info   ][gc,cpu      ] GC(514) User=0,00s Sys=0,00s Real=0,00s
[2024-12-04T16:40:47.759+0700][6,908s][info   ][gc          ] GC(515) Concurrent Mark Cycle
[2024-12-04T16:40:47.759+0700][6,908s][info   ][gc,marking  ] GC(515) Concurrent Clear Claimed Marks
[2024-12-04T16:40:47.759+0700][6,908s][info   ][gc,marking  ] GC(515) Concurrent Clear Claimed Marks 0,007ms
[2024-12-04T16:40:47.759+0700][6,908s][info   ][gc,marking  ] GC(515) Concurrent Scan Root Regions
[2024-12-04T16:40:47.759+0700][6,908s][info   ][gc,marking  ] GC(515) Concurrent Scan Root Regions 0,004ms
[2024-12-04T16:40:47.759+0700][6,908s][info   ][gc,marking  ] GC(515) Concurrent Mark
[2024-12-04T16:40:47.759+0700][6,908s][info   ][gc,marking  ] GC(515) Concurrent Mark From Roots
[2024-12-04T16:40:47.759+0700][6,908s][info   ][gc,task     ] GC(515) Using 2 workers of 2 for marking
[2024-12-04T16:40:47.763+0700][6,911s][info   ][gc,marking  ] GC(515) Concurrent Mark From Roots 3,410ms
[2024-12-04T16:40:47.763+0700][6,911s][info   ][gc,marking  ] GC(515) Concurrent Preclean
[2024-12-04T16:40:47.763+0700][6,912s][info   ][gc,marking  ] GC(515) Concurrent Preclean 0,045ms
[2024-12-04T16:40:47.763+0700][6,912s][info   ][gc,start    ] GC(515) Pause Remark
[2024-12-04T16:40:47.763+0700][6,912s][info   ][gc          ] GC(515) Pause Remark 1101M->1101M(2045M) 0,713ms
[2024-12-04T16:40:47.763+0700][6,912s][info   ][gc,cpu      ] GC(515) User=0,00s Sys=0,00s Real=0,01s
[2024-12-04T16:40:47.763+0700][6,912s][info   ][gc,marking  ] GC(515) Concurrent Mark 4,282ms
[2024-12-04T16:40:47.763+0700][6,912s][info   ][gc,marking  ] GC(515) Concurrent Rebuild Remembered Sets
[2024-12-04T16:40:47.765+0700][6,914s][info   ][gc,marking  ] GC(515) Concurrent Rebuild Remembered Sets 1,619ms
[2024-12-04T16:40:47.765+0700][6,914s][info   ][gc,start    ] GC(515) Pause Cleanup
[2024-12-04T16:40:47.766+0700][6,915s][info   ][gc          ] GC(515) Pause Cleanup 1102M->1102M(2045M) 0,284ms
[2024-12-04T16:40:47.766+0700][6,915s][info   ][gc,cpu      ] GC(515) User=0,00s Sys=0,00s Real=0,00s
[2024-12-04T16:40:47.766+0700][6,915s][info   ][gc,marking  ] GC(515) Concurrent Cleanup for Next Mark
[2024-12-04T16:40:47.770+0700][6,919s][info   ][gc,marking  ] GC(515) Concurrent Cleanup for Next Mark 4,140ms
[2024-12-04T16:40:47.770+0700][6,919s][info   ][gc          ] GC(515) Concurrent Mark Cycle 10,904ms
[2024-12-04T16:40:47.771+0700][6,920s][info   ][gc,start    ] GC(516) Pause Young (Concurrent Start) (G1 Humongous Allocation)
[2024-12-04T16:40:47.771+0700][6,920s][info   ][gc,task     ] GC(516) Using 8 workers of 8 for evacuation
[2024-12-04T16:40:47.773+0700][6,921s][info   ][gc,phases   ] GC(516)   Pre Evacuate Collection Set: 0,3ms
[2024-12-04T16:40:47.773+0700][6,922s][info   ][gc,phases   ] GC(516)   Merge Heap Roots: 0,3ms
[2024-12-04T16:40:47.773+0700][6,922s][info   ][gc,phases   ] GC(516)   Evacuate Collection Set: 0,4ms
[2024-12-04T16:40:47.773+0700][6,922s][info   ][gc,phases   ] GC(516)   Post Evacuate Collection Set: 0,2ms
[2024-12-04T16:40:47.773+0700][6,922s][info   ][gc,phases   ] GC(516)   Other: 0,3ms
[2024-12-04T16:40:47.773+0700][6,922s][info   ][gc,heap     ] GC(516) Eden regions: 1->0(735)
[2024-12-04T16:40:47.773+0700][6,922s][info   ][gc,heap     ] GC(516) Survivor regions: 0->0(93)
[2024-12-04T16:40:47.773+0700][6,922s][info   ][gc,heap     ] GC(516) Old regions: 3->3
[2024-12-04T16:40:47.773+0700][6,922s][info   ][gc,heap     ] GC(516) Archive regions: 2->2
[2024-12-04T16:40:47.773+0700][6,922s][info   ][gc,heap     ] GC(516) Humongous regions: 1099->1099
[2024-12-04T16:40:47.773+0700][6,922s][info   ][gc,metaspace] GC(516) Metaspace: 5806K(6016K)->5806K(6016K) NonClass: 5144K(5248K)->5144K(5248K) Class: 661K(768K)->661K(768K)
[2024-12-04T16:40:47.773+0700][6,922s][info   ][gc          ] GC(516) Pause Young (Concurrent Start) (G1 Humongous Allocation) 1102M->1102M(2045M) 1,663ms
[2024-12-04T16:40:47.773+0700][6,922s][info   ][gc,cpu      ] GC(516) User=0,01s Sys=0,00s Real=0,00s
[2024-12-04T16:40:47.773+0700][6,922s][info   ][gc          ] GC(517) Concurrent Mark Cycle
[2024-12-04T16:40:47.773+0700][6,922s][info   ][gc,marking  ] GC(517) Concurrent Clear Claimed Marks
[2024-12-04T16:40:47.773+0700][6,922s][info   ][gc,marking  ] GC(517) Concurrent Clear Claimed Marks 0,012ms
[2024-12-04T16:40:47.773+0700][6,922s][info   ][gc,marking  ] GC(517) Concurrent Scan Root Regions
[2024-12-04T16:40:47.773+0700][6,922s][info   ][gc,marking  ] GC(517) Concurrent Scan Root Regions 0,004ms
[2024-12-04T16:40:47.773+0700][6,922s][info   ][gc,marking  ] GC(517) Concurrent Mark
[2024-12-04T16:40:47.773+0700][6,922s][info   ][gc,marking  ] GC(517) Concurrent Mark From Roots
[2024-12-04T16:40:47.773+0700][6,922s][info   ][gc,task     ] GC(517) Using 2 workers of 2 for marking
[2024-12-04T16:40:47.776+0700][6,925s][info   ][gc,marking  ] GC(517) Concurrent Mark From Roots 3,432ms
[2024-12-04T16:40:47.776+0700][6,925s][info   ][gc,marking  ] GC(517) Concurrent Preclean
[2024-12-04T16:40:47.776+0700][6,925s][info   ][gc,marking  ] GC(517) Concurrent Preclean 0,046ms
[2024-12-04T16:40:47.776+0700][6,925s][info   ][gc,start    ] GC(517) Pause Remark
[2024-12-04T16:40:47.777+0700][6,926s][info   ][gc          ] GC(517) Pause Remark 1103M->1103M(2045M) 0,813ms
[2024-12-04T16:40:47.777+0700][6,926s][info   ][gc,cpu      ] GC(517) User=0,01s Sys=0,00s Real=0,00s
[2024-12-04T16:40:47.777+0700][6,926s][info   ][gc,marking  ] GC(517) Concurrent Mark 4,412ms
[2024-12-04T16:40:47.777+0700][6,926s][info   ][gc,marking  ] GC(517) Concurrent Rebuild Remembered Sets
[2024-12-04T16:40:47.779+0700][6,927s][info   ][gc,marking  ] GC(517) Concurrent Rebuild Remembered Sets 1,309ms
[2024-12-04T16:40:47.779+0700][6,927s][info   ][gc,start    ] GC(517) Pause Cleanup
[2024-12-04T16:40:47.779+0700][6,928s][info   ][gc          ] GC(517) Pause Cleanup 1103M->1103M(2045M) 0,242ms
[2024-12-04T16:40:47.779+0700][6,928s][info   ][gc,cpu      ] GC(517) User=0,00s Sys=0,00s Real=0,00s
[2024-12-04T16:40:47.779+0700][6,928s][info   ][gc,marking  ] GC(517) Concurrent Cleanup for Next Mark
[2024-12-04T16:40:47.783+0700][6,932s][info   ][gc,marking  ] GC(517) Concurrent Cleanup for Next Mark 4,614ms
[2024-12-04T16:40:47.784+0700][6,932s][info   ][gc          ] GC(517) Concurrent Mark Cycle 10,818ms
[2024-12-04T16:40:47.785+0700][6,933s][info   ][gc,start    ] GC(518) Pause Young (Concurrent Start) (G1 Humongous Allocation)
[2024-12-04T16:40:47.785+0700][6,934s][info   ][gc,task     ] GC(518) Using 8 workers of 8 for evacuation
[2024-12-04T16:40:47.787+0700][6,935s][info   ][gc,phases   ] GC(518)   Pre Evacuate Collection Set: 0,4ms
[2024-12-04T16:40:47.787+0700][6,935s][info   ][gc,phases   ] GC(518)   Merge Heap Roots: 0,3ms
[2024-12-04T16:40:47.787+0700][6,935s][info   ][gc,phases   ] GC(518)   Evacuate Collection Set: 0,5ms
[2024-12-04T16:40:47.787+0700][6,935s][info   ][gc,phases   ] GC(518)   Post Evacuate Collection Set: 0,4ms
[2024-12-04T16:40:47.787+0700][6,935s][info   ][gc,phases   ] GC(518)   Other: 0,3ms
[2024-12-04T16:40:47.787+0700][6,935s][info   ][gc,heap     ] GC(518) Eden regions: 1->0(734)
[2024-12-04T16:40:47.787+0700][6,935s][info   ][gc,heap     ] GC(518) Survivor regions: 0->0(92)
[2024-12-04T16:40:47.787+0700][6,935s][info   ][gc,heap     ] GC(518) Old regions: 3->3
[2024-12-04T16:40:47.787+0700][6,935s][info   ][gc,heap     ] GC(518) Archive regions: 2->2
[2024-12-04T16:40:47.787+0700][6,935s][info   ][gc,heap     ] GC(518) Humongous regions: 1101->1101
[2024-12-04T16:40:47.787+0700][6,935s][info   ][gc,metaspace] GC(518) Metaspace: 5806K(6016K)->5806K(6016K) NonClass: 5144K(5248K)->5144K(5248K) Class: 661K(768K)->661K(768K)
[2024-12-04T16:40:47.787+0700][6,936s][info   ][gc          ] GC(518) Pause Young (Concurrent Start) (G1 Humongous Allocation) 1104M->1104M(2046M) 2,030ms
[2024-12-04T16:40:47.787+0700][6,936s][info   ][gc,cpu      ] GC(518) User=0,00s Sys=0,00s Real=0,00s
[2024-12-04T16:40:47.787+0700][6,936s][info   ][gc          ] GC(519) Concurrent Mark Cycle
[2024-12-04T16:40:47.787+0700][6,936s][info   ][gc,marking  ] GC(519) Concurrent Clear Claimed Marks
[2024-12-04T16:40:47.787+0700][6,936s][info   ][gc,marking  ] GC(519) Concurrent Clear Claimed Marks 0,018ms
[2024-12-04T16:40:47.787+0700][6,936s][info   ][gc,marking  ] GC(519) Concurrent Scan Root Regions
[2024-12-04T16:40:47.787+0700][6,936s][info   ][gc,marking  ] GC(519) Concurrent Scan Root Regions 0,007ms
[2024-12-04T16:40:47.787+0700][6,936s][info   ][gc,marking  ] GC(519) Concurrent Mark
[2024-12-04T16:40:47.787+0700][6,936s][info   ][gc,marking  ] GC(519) Concurrent Mark From Roots
[2024-12-04T16:40:47.787+0700][6,936s][info   ][gc,task     ] GC(519) Using 2 workers of 2 for marking
[2024-12-04T16:40:47.791+0700][6,940s][info   ][gc,marking  ] GC(519) Concurrent Mark From Roots 4,065ms
[2024-12-04T16:40:47.791+0700][6,940s][info   ][gc,marking  ] GC(519) Concurrent Preclean
[2024-12-04T16:40:47.791+0700][6,940s][info   ][gc,marking  ] GC(519) Concurrent Preclean 0,061ms
[2024-12-04T16:40:47.791+0700][6,940s][info   ][gc,start    ] GC(519) Pause Remark
[2024-12-04T16:40:47.792+0700][6,941s][info   ][gc          ] GC(519) Pause Remark 1105M->1105M(2046M) 0,677ms
[2024-12-04T16:40:47.792+0700][6,941s][info   ][gc,cpu      ] GC(519) User=0,00s Sys=0,00s Real=0,00s
[2024-12-04T16:40:47.792+0700][6,941s][info   ][gc,marking  ] GC(519) Concurrent Mark 4,935ms
[2024-12-04T16:40:47.792+0700][6,941s][info   ][gc,marking  ] GC(519) Concurrent Rebuild Remembered Sets
[2024-12-04T16:40:47.793+0700][6,942s][info   ][gc,marking  ] GC(519) Concurrent Rebuild Remembered Sets 1,278ms
[2024-12-04T16:40:47.793+0700][6,942s][info   ][gc,start    ] GC(519) Pause Cleanup
[2024-12-04T16:40:47.793+0700][6,942s][info   ][gc          ] GC(519) Pause Cleanup 1105M->1105M(2046M) 0,149ms
[2024-12-04T16:40:47.793+0700][6,942s][info   ][gc,cpu      ] GC(519) User=0,00s Sys=0,00s Real=0,01s
[2024-12-04T16:40:47.793+0700][6,942s][info   ][gc,marking  ] GC(519) Concurrent Cleanup for Next Mark
[2024-12-04T16:40:47.797+0700][6,945s][info   ][gc,marking  ] GC(519) Concurrent Cleanup for Next Mark 3,335ms
[2024-12-04T16:40:47.797+0700][6,945s][info   ][gc          ] GC(519) Concurrent Mark Cycle 9,932ms
[2024-12-04T16:40:47.802+0700][6,951s][info   ][gc,start    ] GC(520) Pause Young (Concurrent Start) (G1 Humongous Allocation)
[2024-12-04T16:40:47.802+0700][6,951s][info   ][gc,task     ] GC(520) Using 8 workers of 8 for evacuation
[2024-12-04T16:40:47.803+0700][6,952s][info   ][gc,phases   ] GC(520)   Pre Evacuate Collection Set: 0,3ms
[2024-12-04T16:40:47.803+0700][6,952s][info   ][gc,phases   ] GC(520)   Merge Heap Roots: 0,3ms
[2024-12-04T16:40:47.803+0700][6,952s][info   ][gc,phases   ] GC(520)   Evacuate Collection Set: 0,5ms
[2024-12-04T16:40:47.803+0700][6,952s][info   ][gc,phases   ] GC(520)   Post Evacuate Collection Set: 0,1ms
[2024-12-04T16:40:47.803+0700][6,952s][info   ][gc,phases   ] GC(520)   Other: 0,2ms
[2024-12-04T16:40:47.803+0700][6,952s][info   ][gc,heap     ] GC(520) Eden regions: 1->0(732)
[2024-12-04T16:40:47.803+0700][6,952s][info   ][gc,heap     ] GC(520) Survivor regions: 0->0(92)
[2024-12-04T16:40:47.803+0700][6,952s][info   ][gc,heap     ] GC(520) Old regions: 3->3
[2024-12-04T16:40:47.803+0700][6,952s][info   ][gc,heap     ] GC(520) Archive regions: 2->2
[2024-12-04T16:40:47.803+0700][6,952s][info   ][gc,heap     ] GC(520) Humongous regions: 1103->1103
[2024-12-04T16:40:47.803+0700][6,952s][info   ][gc,metaspace] GC(520) Metaspace: 5806K(6016K)->5806K(6016K) NonClass: 5144K(5248K)->5144K(5248K) Class: 661K(768K)->661K(768K)
[2024-12-04T16:40:47.803+0700][6,952s][info   ][gc          ] GC(520) Pause Young (Concurrent Start) (G1 Humongous Allocation) 1106M->1106M(2046M) 1,540ms
[2024-12-04T16:40:47.803+0700][6,952s][info   ][gc,cpu      ] GC(520) User=0,00s Sys=0,00s Real=0,01s
[2024-12-04T16:40:47.803+0700][6,952s][info   ][gc          ] GC(521) Concurrent Mark Cycle
[2024-12-04T16:40:47.803+0700][6,952s][info   ][gc,marking  ] GC(521) Concurrent Clear Claimed Marks
[2024-12-04T16:40:47.803+0700][6,952s][info   ][gc,marking  ] GC(521) Concurrent Clear Claimed Marks 0,015ms
[2024-12-04T16:40:47.803+0700][6,952s][info   ][gc,marking  ] GC(521) Concurrent Scan Root Regions
[2024-12-04T16:40:47.803+0700][6,952s][info   ][gc,marking  ] GC(521) Concurrent Scan Root Regions 0,007ms
[2024-12-04T16:40:47.803+0700][6,952s][info   ][gc,marking  ] GC(521) Concurrent Mark
[2024-12-04T16:40:47.803+0700][6,952s][info   ][gc,marking  ] GC(521) Concurrent Mark From Roots
[2024-12-04T16:40:47.803+0700][6,952s][info   ][gc,task     ] GC(521) Using 2 workers of 2 for marking
[2024-12-04T16:40:47.807+0700][6,956s][info   ][gc,marking  ] GC(521) Concurrent Mark From Roots 3,296ms
[2024-12-04T16:40:47.807+0700][6,956s][info   ][gc,marking  ] GC(521) Concurrent Preclean
[2024-12-04T16:40:47.807+0700][6,956s][info   ][gc,marking  ] GC(521) Concurrent Preclean 0,049ms
[2024-12-04T16:40:47.807+0700][6,956s][info   ][gc,start    ] GC(521) Pause Remark
[2024-12-04T16:40:47.808+0700][6,957s][info   ][gc          ] GC(521) Pause Remark 1107M->1107M(2046M) 0,941ms
[2024-12-04T16:40:47.808+0700][6,957s][info   ][gc,cpu      ] GC(521) User=0,00s Sys=0,00s Real=0,00s
[2024-12-04T16:40:47.808+0700][6,957s][info   ][gc,marking  ] GC(521) Concurrent Mark 4,402ms
[2024-12-04T16:40:47.808+0700][6,957s][info   ][gc,marking  ] GC(521) Concurrent Rebuild Remembered Sets
[2024-12-04T16:40:47.809+0700][6,958s][info   ][gc,marking  ] GC(521) Concurrent Rebuild Remembered Sets 1,642ms
[2024-12-04T16:40:47.810+0700][6,958s][info   ][gc,start    ] GC(521) Pause Cleanup
[2024-12-04T16:40:47.810+0700][6,959s][info   ][gc          ] GC(521) Pause Cleanup 1108M->1108M(2046M) 0,307ms
[2024-12-04T16:40:47.810+0700][6,959s][info   ][gc,cpu      ] GC(521) User=0,00s Sys=0,00s Real=0,00s
[2024-12-04T16:40:47.810+0700][6,959s][info   ][gc,marking  ] GC(521) Concurrent Cleanup for Next Mark
[2024-12-04T16:40:47.813+0700][6,962s][info   ][gc,marking  ] GC(521) Concurrent Cleanup for Next Mark 3,108ms
[2024-12-04T16:40:47.813+0700][6,962s][info   ][gc          ] GC(521) Concurrent Mark Cycle 9,810ms
[2024-12-04T16:40:47.815+0700][6,964s][info   ][gc,start    ] GC(522) Pause Young (Concurrent Start) (G1 Humongous Allocation)
[2024-12-04T16:40:47.815+0700][6,964s][info   ][gc,task     ] GC(522) Using 8 workers of 8 for evacuation
[2024-12-04T16:40:47.817+0700][6,965s][info   ][gc,phases   ] GC(522)   Pre Evacuate Collection Set: 0,2ms
[2024-12-04T16:40:47.817+0700][6,965s][info   ][gc,phases   ] GC(522)   Merge Heap Roots: 0,2ms
[2024-12-04T16:40:47.817+0700][6,966s][info   ][gc,phases   ] GC(522)   Evacuate Collection Set: 0,4ms
[2024-12-04T16:40:47.817+0700][6,966s][info   ][gc,phases   ] GC(522)   Post Evacuate Collection Set: 0,2ms
[2024-12-04T16:40:47.817+0700][6,966s][info   ][gc,phases   ] GC(522)   Other: 0,4ms
[2024-12-04T16:40:47.817+0700][6,966s][info   ][gc,heap     ] GC(522) Eden regions: 1->0(730)
[2024-12-04T16:40:47.817+0700][6,966s][info   ][gc,heap     ] GC(522) Survivor regions: 0->0(92)
[2024-12-04T16:40:47.817+0700][6,966s][info   ][gc,heap     ] GC(522) Old regions: 3->3
[2024-12-04T16:40:47.817+0700][6,966s][info   ][gc,heap     ] GC(522) Archive regions: 2->2
[2024-12-04T16:40:47.817+0700][6,966s][info   ][gc,heap     ] GC(522) Humongous regions: 1105->1105
[2024-12-04T16:40:47.817+0700][6,966s][info   ][gc,metaspace] GC(522) Metaspace: 5806K(6016K)->5806K(6016K) NonClass: 5144K(5248K)->5144K(5248K) Class: 661K(768K)->661K(768K)
[2024-12-04T16:40:47.817+0700][6,966s][info   ][gc          ] GC(522) Pause Young (Concurrent Start) (G1 Humongous Allocation) 1108M->1108M(2046M) 1,517ms
[2024-12-04T16:40:47.817+0700][6,966s][info   ][gc,cpu      ] GC(522) User=0,00s Sys=0,00s Real=0,00s
[2024-12-04T16:40:47.817+0700][6,966s][info   ][gc          ] GC(523) Concurrent Mark Cycle
[2024-12-04T16:40:47.817+0700][6,966s][info   ][gc,marking  ] GC(523) Concurrent Clear Claimed Marks
[2024-12-04T16:40:47.817+0700][6,966s][info   ][gc,marking  ] GC(523) Concurrent Clear Claimed Marks 0,013ms
[2024-12-04T16:40:47.817+0700][6,966s][info   ][gc,marking  ] GC(523) Concurrent Scan Root Regions
[2024-12-04T16:40:47.817+0700][6,966s][info   ][gc,marking  ] GC(523) Concurrent Scan Root Regions 0,004ms
[2024-12-04T16:40:47.817+0700][6,966s][info   ][gc,marking  ] GC(523) Concurrent Mark
[2024-12-04T16:40:47.817+0700][6,966s][info   ][gc,marking  ] GC(523) Concurrent Mark From Roots
[2024-12-04T16:40:47.817+0700][6,966s][info   ][gc,task     ] GC(523) Using 2 workers of 2 for marking
[2024-12-04T16:40:47.822+0700][6,971s][info   ][gc,marking  ] GC(523) Concurrent Mark From Roots 4,909ms
[2024-12-04T16:40:47.822+0700][6,971s][info   ][gc,marking  ] GC(523) Concurrent Preclean
[2024-12-04T16:40:47.822+0700][6,971s][info   ][gc,marking  ] GC(523) Concurrent Preclean 0,075ms
[2024-12-04T16:40:47.822+0700][6,971s][info   ][gc,start    ] GC(523) Pause Remark
[2024-12-04T16:40:47.824+0700][6,972s][info   ][gc          ] GC(523) Pause Remark 1109M->1109M(2046M) 1,636ms
[2024-12-04T16:40:47.824+0700][6,973s][info   ][gc,cpu      ] GC(523) User=0,00s Sys=0,00s Real=0,01s
[2024-12-04T16:40:47.824+0700][6,973s][info   ][gc,marking  ] GC(523) Concurrent Mark 6,819ms
[2024-12-04T16:40:47.824+0700][6,973s][info   ][gc,marking  ] GC(523) Concurrent Rebuild Remembered Sets
[2024-12-04T16:40:47.827+0700][6,976s][info   ][gc,marking  ] GC(523) Concurrent Rebuild Remembered Sets 2,917ms
[2024-12-04T16:40:47.827+0700][6,976s][info   ][gc,start    ] GC(523) Pause Cleanup
[2024-12-04T16:40:47.827+0700][6,976s][info   ][gc          ] GC(523) Pause Cleanup 1110M->1110M(2046M) 0,261ms
[2024-12-04T16:40:47.827+0700][6,976s][info   ][gc,cpu      ] GC(523) User=0,00s Sys=0,00s Real=0,00s
[2024-12-04T16:40:47.827+0700][6,976s][info   ][gc,marking  ] GC(523) Concurrent Cleanup for Next Mark
[2024-12-04T16:40:47.833+0700][6,982s][info   ][gc,marking  ] GC(523) Concurrent Cleanup for Next Mark 5,632ms
[2024-12-04T16:40:47.833+0700][6,982s][info   ][gc          ] GC(523) Concurrent Mark Cycle 15,896ms
[2024-12-04T16:40:47.836+0700][6,984s][info   ][gc,start    ] GC(524) Pause Young (Concurrent Start) (G1 Humongous Allocation)
[2024-12-04T16:40:47.836+0700][6,984s][info   ][gc,task     ] GC(524) Using 8 workers of 8 for evacuation
[2024-12-04T16:40:47.837+0700][6,986s][info   ][gc,phases   ] GC(524)   Pre Evacuate Collection Set: 0,3ms
[2024-12-04T16:40:47.837+0700][6,986s][info   ][gc,phases   ] GC(524)   Merge Heap Roots: 0,2ms
[2024-12-04T16:40:47.837+0700][6,986s][info   ][gc,phases   ] GC(524)   Evacuate Collection Set: 0,4ms
[2024-12-04T16:40:47.837+0700][6,986s][info   ][gc,phases   ] GC(524)   Post Evacuate Collection Set: 0,1ms
[2024-12-04T16:40:47.837+0700][6,986s][info   ][gc,phases   ] GC(524)   Other: 0,2ms
[2024-12-04T16:40:47.837+0700][6,986s][info   ][gc,heap     ] GC(524) Eden regions: 1->0(727)
[2024-12-04T16:40:47.837+0700][6,986s][info   ][gc,heap     ] GC(524) Survivor regions: 0->0(92)
[2024-12-04T16:40:47.837+0700][6,986s][info   ][gc,heap     ] GC(524) Old regions: 3->3
[2024-12-04T16:40:47.837+0700][6,986s][info   ][gc,heap     ] GC(524) Archive regions: 2->2
[2024-12-04T16:40:47.837+0700][6,986s][info   ][gc,heap     ] GC(524) Humongous regions: 1108->1108
[2024-12-04T16:40:47.837+0700][6,986s][info   ][gc,metaspace] GC(524) Metaspace: 5806K(6016K)->5806K(6016K) NonClass: 5144K(5248K)->5144K(5248K) Class: 661K(768K)->661K(768K)
[2024-12-04T16:40:47.837+0700][6,986s][info   ][gc          ] GC(524) Pause Young (Concurrent Start) (G1 Humongous Allocation) 1111M->1111M(2046M) 1,372ms
[2024-12-04T16:40:47.837+0700][6,986s][info   ][gc,cpu      ] GC(524) User=0,00s Sys=0,00s Real=0,00s
[2024-12-04T16:40:47.837+0700][6,986s][info   ][gc          ] GC(525) Concurrent Mark Cycle
[2024-12-04T16:40:47.837+0700][6,986s][info   ][gc,marking  ] GC(525) Concurrent Clear Claimed Marks
[2024-12-04T16:40:47.837+0700][6,986s][info   ][gc,marking  ] GC(525) Concurrent Clear Claimed Marks 0,009ms
[2024-12-04T16:40:47.837+0700][6,986s][info   ][gc,marking  ] GC(525) Concurrent Scan Root Regions
[2024-12-04T16:40:47.837+0700][6,986s][info   ][gc,marking  ] GC(525) Concurrent Scan Root Regions 0,007ms
[2024-12-04T16:40:47.837+0700][6,986s][info   ][gc,marking  ] GC(525) Concurrent Mark
[2024-12-04T16:40:47.837+0700][6,986s][info   ][gc,marking  ] GC(525) Concurrent Mark From Roots
[2024-12-04T16:40:47.837+0700][6,986s][info   ][gc,task     ] GC(525) Using 2 workers of 2 for marking
[2024-12-04T16:40:47.840+0700][6,989s][info   ][gc,marking  ] GC(525) Concurrent Mark From Roots 3,291ms
[2024-12-04T16:40:47.840+0700][6,989s][info   ][gc,marking  ] GC(525) Concurrent Preclean
[2024-12-04T16:40:47.840+0700][6,989s][info   ][gc,marking  ] GC(525) Concurrent Preclean 0,065ms
[2024-12-04T16:40:47.840+0700][6,989s][info   ][gc,start    ] GC(525) Pause Remark
[2024-12-04T16:40:47.841+0700][6,990s][info   ][gc          ] GC(525) Pause Remark 1112M->1112M(2046M) 0,844ms
[2024-12-04T16:40:47.841+0700][6,990s][info   ][gc,cpu      ] GC(525) User=0,00s Sys=0,00s Real=0,00s
[2024-12-04T16:40:47.841+0700][6,990s][info   ][gc,marking  ] GC(525) Concurrent Mark 4,355ms
[2024-12-04T16:40:47.841+0700][6,990s][info   ][gc,marking  ] GC(525) Concurrent Rebuild Remembered Sets
[2024-12-04T16:40:47.843+0700][6,992s][info   ][gc,marking  ] GC(525) Concurrent Rebuild Remembered Sets 1,553ms
[2024-12-04T16:40:47.843+0700][6,992s][info   ][gc,start    ] GC(525) Pause Cleanup
[2024-12-04T16:40:47.843+0700][6,992s][info   ][gc          ] GC(525) Pause Cleanup 1113M->1113M(2046M) 0,242ms
[2024-12-04T16:40:47.843+0700][6,992s][info   ][gc,cpu      ] GC(525) User=0,00s Sys=0,00s Real=0,01s
[2024-12-04T16:40:47.843+0700][6,992s][info   ][gc,marking  ] GC(525) Concurrent Cleanup for Next Mark
[2024-12-04T16:40:47.846+0700][6,995s][info   ][gc,marking  ] GC(525) Concurrent Cleanup for Next Mark 3,113ms
[2024-12-04T16:40:47.846+0700][6,995s][info   ][gc          ] GC(525) Concurrent Mark Cycle 9,500ms
[2024-12-04T16:40:47.848+0700][6,997s][info   ][gc,start    ] GC(526) Pause Young (Concurrent Start) (G1 Humongous Allocation)
[2024-12-04T16:40:47.848+0700][6,997s][info   ][gc,task     ] GC(526) Using 8 workers of 8 for evacuation
[2024-12-04T16:40:47.849+0700][6,998s][info   ][gc,phases   ] GC(526)   Pre Evacuate Collection Set: 0,2ms
[2024-12-04T16:40:47.849+0700][6,998s][info   ][gc,phases   ] GC(526)   Merge Heap Roots: 0,2ms
[2024-12-04T16:40:47.849+0700][6,998s][info   ][gc,phases   ] GC(526)   Evacuate Collection Set: 0,4ms
[2024-12-04T16:40:47.849+0700][6,998s][info   ][gc,phases   ] GC(526)   Post Evacuate Collection Set: 0,1ms
[2024-12-04T16:40:47.849+0700][6,998s][info   ][gc,phases   ] GC(526)   Other: 0,1ms
[2024-12-04T16:40:47.849+0700][6,998s][info   ][gc,heap     ] GC(526) Eden regions: 1->0(725)
[2024-12-04T16:40:47.849+0700][6,998s][info   ][gc,heap     ] GC(526) Survivor regions: 0->0(91)
[2024-12-04T16:40:47.850+0700][6,998s][info   ][gc,heap     ] GC(526) Old regions: 3->3
[2024-12-04T16:40:47.850+0700][6,998s][info   ][gc,heap     ] GC(526) Archive regions: 2->2
[2024-12-04T16:40:47.850+0700][6,998s][info   ][gc,heap     ] GC(526) Humongous regions: 1110->1110
[2024-12-04T16:40:47.850+0700][6,998s][info   ][gc,metaspace] GC(526) Metaspace: 5806K(6016K)->5806K(6016K) NonClass: 5144K(5248K)->5144K(5248K) Class: 661K(768K)->661K(768K)
[2024-12-04T16:40:47.850+0700][6,998s][info   ][gc          ] GC(526) Pause Young (Concurrent Start) (G1 Humongous Allocation) 1113M->1113M(2046M) 1,112ms
[2024-12-04T16:40:47.850+0700][6,998s][info   ][gc,cpu      ] GC(526) User=0,01s Sys=0,00s Real=0,00s
[2024-12-04T16:40:47.850+0700][6,998s][info   ][gc          ] GC(527) Concurrent Mark Cycle
[2024-12-04T16:40:47.850+0700][6,998s][info   ][gc,marking  ] GC(527) Concurrent Clear Claimed Marks
[2024-12-04T16:40:47.850+0700][6,998s][info   ][gc,marking  ] GC(527) Concurrent Clear Claimed Marks 0,008ms
[2024-12-04T16:40:47.850+0700][6,998s][info   ][gc,marking  ] GC(527) Concurrent Scan Root Regions
[2024-12-04T16:40:47.850+0700][6,998s][info   ][gc,marking  ] GC(527) Concurrent Scan Root Regions 0,007ms
[2024-12-04T16:40:47.850+0700][6,998s][info   ][gc,marking  ] GC(527) Concurrent Mark
[2024-12-04T16:40:47.850+0700][6,998s][info   ][gc,marking  ] GC(527) Concurrent Mark From Roots
[2024-12-04T16:40:47.850+0700][6,998s][info   ][gc,task     ] GC(527) Using 2 workers of 2 for marking
[2024-12-04T16:40:47.853+0700][7,002s][info   ][gc,marking  ] GC(527) Concurrent Mark From Roots 3,066ms
[2024-12-04T16:40:47.853+0700][7,002s][info   ][gc,marking  ] GC(527) Concurrent Preclean
[2024-12-04T16:40:47.853+0700][7,002s][info   ][gc,marking  ] GC(527) Concurrent Preclean 0,039ms
[2024-12-04T16:40:47.853+0700][7,002s][info   ][gc,start    ] GC(527) Pause Remark
[2024-12-04T16:40:47.853+0700][7,002s][info   ][gc          ] GC(527) Pause Remark 1114M->1114M(2046M) 0,696ms
[2024-12-04T16:40:47.853+0700][7,002s][info   ][gc,cpu      ] GC(527) User=0,01s Sys=0,00s Real=0,01s
[2024-12-04T16:40:47.854+0700][7,002s][info   ][gc,marking  ] GC(527) Concurrent Mark 3,914ms
[2024-12-04T16:40:47.854+0700][7,002s][info   ][gc,marking  ] GC(527) Concurrent Rebuild Remembered Sets
[2024-12-04T16:40:47.855+0700][7,004s][info   ][gc,marking  ] GC(527) Concurrent Rebuild Remembered Sets 1,598ms
[2024-12-04T16:40:47.856+0700][7,004s][info   ][gc,start    ] GC(527) Pause Cleanup
[2024-12-04T16:40:47.856+0700][7,005s][info   ][gc          ] GC(527) Pause Cleanup 1115M->1115M(2046M) 0,259ms
[2024-12-04T16:40:47.856+0700][7,005s][info   ][gc,cpu      ] GC(527) User=0,00s Sys=0,00s Real=0,00s
[2024-12-04T16:40:47.856+0700][7,005s][info   ][gc,marking  ] GC(527) Concurrent Cleanup for Next Mark
[2024-12-04T16:40:47.859+0700][7,008s][info   ][gc,marking  ] GC(527) Concurrent Cleanup for Next Mark 3,213ms
[2024-12-04T16:40:47.859+0700][7,008s][info   ][gc          ] GC(527) Concurrent Mark Cycle 9,565ms
[2024-12-04T16:40:47.861+0700][7,010s][info   ][gc,start    ] GC(528) Pause Young (Concurrent Start) (G1 Humongous Allocation)
[2024-12-04T16:40:47.861+0700][7,010s][info   ][gc,task     ] GC(528) Using 8 workers of 8 for evacuation
[2024-12-04T16:40:47.863+0700][7,012s][info   ][gc,phases   ] GC(528)   Pre Evacuate Collection Set: 0,4ms
[2024-12-04T16:40:47.863+0700][7,012s][info   ][gc,phases   ] GC(528)   Merge Heap Roots: 0,3ms
[2024-12-04T16:40:47.863+0700][7,012s][info   ][gc,phases   ] GC(528)   Evacuate Collection Set: 0,4ms
[2024-12-04T16:40:47.863+0700][7,012s][info   ][gc,phases   ] GC(528)   Post Evacuate Collection Set: 0,2ms
[2024-12-04T16:40:47.863+0700][7,012s][info   ][gc,phases   ] GC(528)   Other: 0,3ms
[2024-12-04T16:40:47.863+0700][7,012s][info   ][gc,heap     ] GC(528) Eden regions: 1->0(724)
[2024-12-04T16:40:47.863+0700][7,012s][info   ][gc,heap     ] GC(528) Survivor regions: 0->0(91)
[2024-12-04T16:40:47.863+0700][7,012s][info   ][gc,heap     ] GC(528) Old regions: 3->3
[2024-12-04T16:40:47.863+0700][7,012s][info   ][gc,heap     ] GC(528) Archive regions: 2->2
[2024-12-04T16:40:47.863+0700][7,012s][info   ][gc,heap     ] GC(528) Humongous regions: 1112->1112
[2024-12-04T16:40:47.863+0700][7,012s][info   ][gc,metaspace] GC(528) Metaspace: 5806K(6016K)->5806K(6016K) NonClass: 5144K(5248K)->5144K(5248K) Class: 661K(768K)->661K(768K)
[2024-12-04T16:40:47.863+0700][7,012s][info   ][gc          ] GC(528) Pause Young (Concurrent Start) (G1 Humongous Allocation) 1115M->1115M(2047M) 1,749ms
[2024-12-04T16:40:47.863+0700][7,012s][info   ][gc,cpu      ] GC(528) User=0,00s Sys=0,00s Real=0,00s
[2024-12-04T16:40:47.863+0700][7,012s][info   ][gc          ] GC(529) Concurrent Mark Cycle
[2024-12-04T16:40:47.863+0700][7,012s][info   ][gc,marking  ] GC(529) Concurrent Clear Claimed Marks
[2024-12-04T16:40:47.863+0700][7,012s][info   ][gc,marking  ] GC(529) Concurrent Clear Claimed Marks 0,016ms
[2024-12-04T16:40:47.863+0700][7,012s][info   ][gc,marking  ] GC(529) Concurrent Scan Root Regions
[2024-12-04T16:40:47.863+0700][7,012s][info   ][gc,marking  ] GC(529) Concurrent Scan Root Regions 0,006ms
[2024-12-04T16:40:47.863+0700][7,012s][info   ][gc,marking  ] GC(529) Concurrent Mark
[2024-12-04T16:40:47.863+0700][7,012s][info   ][gc,marking  ] GC(529) Concurrent Mark From Roots
[2024-12-04T16:40:47.863+0700][7,012s][info   ][gc,task     ] GC(529) Using 2 workers of 2 for marking
[2024-12-04T16:40:47.867+0700][7,016s][info   ][gc,marking  ] GC(529) Concurrent Mark From Roots 4,200ms
[2024-12-04T16:40:47.867+0700][7,016s][info   ][gc,marking  ] GC(529) Concurrent Preclean
[2024-12-04T16:40:47.867+0700][7,016s][info   ][gc,marking  ] GC(529) Concurrent Preclean 0,067ms
[2024-12-04T16:40:47.867+0700][7,016s][info   ][gc,start    ] GC(529) Pause Remark
[2024-12-04T16:40:47.873+0700][7,022s][info   ][gc          ] GC(529) Pause Remark 1116M->1116M(2047M) 5,697ms
[2024-12-04T16:40:47.873+0700][7,022s][info   ][gc,cpu      ] GC(529) User=0,01s Sys=0,00s Real=0,01s
[2024-12-04T16:40:47.873+0700][7,022s][info   ][gc,marking  ] GC(529) Concurrent Mark 10,472ms
[2024-12-04T16:40:47.873+0700][7,022s][info   ][gc,marking  ] GC(529) Concurrent Rebuild Remembered Sets
[2024-12-04T16:40:47.876+0700][7,025s][info   ][gc,marking  ] GC(529) Concurrent Rebuild Remembered Sets 2,584ms
[2024-12-04T16:40:47.876+0700][7,025s][info   ][gc,start    ] GC(529) Pause Cleanup
[2024-12-04T16:40:47.877+0700][7,026s][info   ][gc          ] GC(529) Pause Cleanup 1117M->1117M(2047M) 0,602ms
[2024-12-04T16:40:47.877+0700][7,026s][info   ][gc,cpu      ] GC(529) User=0,00s Sys=0,00s Real=0,00s
[2024-12-04T16:40:47.877+0700][7,026s][info   ][gc,marking  ] GC(529) Concurrent Cleanup for Next Mark
[2024-12-04T16:40:47.882+0700][7,031s][info   ][gc,marking  ] GC(529) Concurrent Cleanup for Next Mark 5,164ms
[2024-12-04T16:40:47.882+0700][7,031s][info   ][gc          ] GC(529) Concurrent Mark Cycle 19,343ms
[2024-12-04T16:40:47.887+0700][7,036s][info   ][gc,start    ] GC(530) Pause Young (Concurrent Start) (G1 Humongous Allocation)
[2024-12-04T16:40:47.887+0700][7,036s][info   ][gc,task     ] GC(530) Using 8 workers of 8 for evacuation
[2024-12-04T16:40:47.889+0700][7,038s][info   ][gc,phases   ] GC(530)   Pre Evacuate Collection Set: 0,5ms
[2024-12-04T16:40:47.889+0700][7,038s][info   ][gc,phases   ] GC(530)   Merge Heap Roots: 0,3ms
[2024-12-04T16:40:47.889+0700][7,038s][info   ][gc,phases   ] GC(530)   Evacuate Collection Set: 0,5ms
[2024-12-04T16:40:47.889+0700][7,038s][info   ][gc,phases   ] GC(530)   Post Evacuate Collection Set: 0,2ms
[2024-12-04T16:40:47.889+0700][7,038s][info   ][gc,phases   ] GC(530)   Other: 0,2ms
[2024-12-04T16:40:47.889+0700][7,038s][info   ][gc,heap     ] GC(530) Eden regions: 1->0(721)
[2024-12-04T16:40:47.889+0700][7,038s][info   ][gc,heap     ] GC(530) Survivor regions: 0->0(91)
[2024-12-04T16:40:47.889+0700][7,038s][info   ][gc,heap     ] GC(530) Old regions: 3->3
[2024-12-04T16:40:47.889+0700][7,038s][info   ][gc,heap     ] GC(530) Archive regions: 2->2
[2024-12-04T16:40:47.889+0700][7,038s][info   ][gc,heap     ] GC(530) Humongous regions: 1115->1115
[2024-12-04T16:40:47.889+0700][7,038s][info   ][gc,metaspace] GC(530) Metaspace: 5806K(6016K)->5806K(6016K) NonClass: 5144K(5248K)->5144K(5248K) Class: 661K(768K)->661K(768K)
[2024-12-04T16:40:47.889+0700][7,038s][info   ][gc          ] GC(530) Pause Young (Concurrent Start) (G1 Humongous Allocation) 1118M->1118M(2047M) 1,899ms
[2024-12-04T16:40:47.889+0700][7,038s][info   ][gc,cpu      ] GC(530) User=0,00s Sys=0,00s Real=0,00s
[2024-12-04T16:40:47.889+0700][7,038s][info   ][gc          ] GC(531) Concurrent Mark Cycle
[2024-12-04T16:40:47.889+0700][7,038s][info   ][gc,marking  ] GC(531) Concurrent Clear Claimed Marks
[2024-12-04T16:40:47.889+0700][7,038s][info   ][gc,marking  ] GC(531) Concurrent Clear Claimed Marks 0,017ms
[2024-12-04T16:40:47.889+0700][7,038s][info   ][gc,marking  ] GC(531) Concurrent Scan Root Regions
[2024-12-04T16:40:47.889+0700][7,038s][info   ][gc,marking  ] GC(531) Concurrent Scan Root Regions 0,004ms
[2024-12-04T16:40:47.889+0700][7,038s][info   ][gc,marking  ] GC(531) Concurrent Mark
[2024-12-04T16:40:47.889+0700][7,038s][info   ][gc,marking  ] GC(531) Concurrent Mark From Roots
[2024-12-04T16:40:47.889+0700][7,038s][info   ][gc,task     ] GC(531) Using 2 workers of 2 for marking
[2024-12-04T16:40:47.893+0700][7,042s][info   ][gc,marking  ] GC(531) Concurrent Mark From Roots 3,724ms
[2024-12-04T16:40:47.893+0700][7,042s][info   ][gc,marking  ] GC(531) Concurrent Preclean
[2024-12-04T16:40:47.893+0700][7,042s][info   ][gc,marking  ] GC(531) Concurrent Preclean 0,054ms
[2024-12-04T16:40:47.893+0700][7,042s][info   ][gc,start    ] GC(531) Pause Remark
[2024-12-04T16:40:47.894+0700][7,043s][info   ][gc          ] GC(531) Pause Remark 1119M->1119M(2047M) 0,856ms
[2024-12-04T16:40:47.894+0700][7,043s][info   ][gc,cpu      ] GC(531) User=0,00s Sys=0,00s Real=0,00s
[2024-12-04T16:40:47.894+0700][7,043s][info   ][gc,marking  ] GC(531) Concurrent Mark 4,821ms
[2024-12-04T16:40:47.894+0700][7,043s][info   ][gc,marking  ] GC(531) Concurrent Rebuild Remembered Sets
[2024-12-04T16:40:47.896+0700][7,045s][info   ][gc,marking  ] GC(531) Concurrent Rebuild Remembered Sets 1,811ms
[2024-12-04T16:40:47.896+0700][7,045s][info   ][gc,start    ] GC(531) Pause Cleanup
[2024-12-04T16:40:47.897+0700][7,045s][info   ][gc          ] GC(531) Pause Cleanup 1120M->1120M(2047M) 0,410ms
[2024-12-04T16:40:47.897+0700][7,045s][info   ][gc,cpu      ] GC(531) User=0,00s Sys=0,00s Real=0,00s
[2024-12-04T16:40:47.897+0700][7,045s][info   ][gc,marking  ] GC(531) Concurrent Cleanup for Next Mark
[2024-12-04T16:40:47.900+0700][7,049s][info   ][gc,marking  ] GC(531) Concurrent Cleanup for Next Mark 3,504ms
[2024-12-04T16:40:47.900+0700][7,049s][info   ][gc          ] GC(531) Concurrent Mark Cycle 10,856ms
[2024-12-04T16:40:47.901+0700][7,050s][info   ][gc,start    ] GC(532) Pause Young (Concurrent Start) (G1 Humongous Allocation)
[2024-12-04T16:40:47.901+0700][7,050s][info   ][gc,task     ] GC(532) Using 8 workers of 8 for evacuation
[2024-12-04T16:40:47.903+0700][7,052s][info   ][gc,phases   ] GC(532)   Pre Evacuate Collection Set: 0,7ms
[2024-12-04T16:40:47.903+0700][7,052s][info   ][gc,phases   ] GC(532)   Merge Heap Roots: 0,3ms
[2024-12-04T16:40:47.903+0700][7,052s][info   ][gc,phases   ] GC(532)   Evacuate Collection Set: 0,6ms
[2024-12-04T16:40:47.903+0700][7,052s][info   ][gc,phases   ] GC(532)   Post Evacuate Collection Set: 0,1ms
[2024-12-04T16:40:47.903+0700][7,052s][info   ][gc,phases   ] GC(532)   Other: 0,3ms
[2024-12-04T16:40:47.903+0700][7,052s][info   ][gc,heap     ] GC(532) Eden regions: 1->0(719)
[2024-12-04T16:40:47.903+0700][7,052s][info   ][gc,heap     ] GC(532) Survivor regions: 0->0(91)
[2024-12-04T16:40:47.903+0700][7,052s][info   ][gc,heap     ] GC(532) Old regions: 3->3
[2024-12-04T16:40:47.903+0700][7,052s][info   ][gc,heap     ] GC(532) Archive regions: 2->2
[2024-12-04T16:40:47.903+0700][7,052s][info   ][gc,heap     ] GC(532) Humongous regions: 1117->1117
[2024-12-04T16:40:47.903+0700][7,052s][info   ][gc,metaspace] GC(532) Metaspace: 5806K(6016K)->5806K(6016K) NonClass: 5144K(5248K)->5144K(5248K) Class: 661K(768K)->661K(768K)
[2024-12-04T16:40:47.903+0700][7,052s][info   ][gc          ] GC(532) Pause Young (Concurrent Start) (G1 Humongous Allocation) 1120M->1120M(2047M) 2,122ms
[2024-12-04T16:40:47.903+0700][7,052s][info   ][gc,cpu      ] GC(532) User=0,00s Sys=0,00s Real=0,00s
[2024-12-04T16:40:47.903+0700][7,052s][info   ][gc          ] GC(533) Concurrent Mark Cycle
[2024-12-04T16:40:47.903+0700][7,052s][info   ][gc,marking  ] GC(533) Concurrent Clear Claimed Marks
[2024-12-04T16:40:47.903+0700][7,052s][info   ][gc,marking  ] GC(533) Concurrent Clear Claimed Marks 0,011ms
[2024-12-04T16:40:47.903+0700][7,052s][info   ][gc,marking  ] GC(533) Concurrent Scan Root Regions
[2024-12-04T16:40:47.903+0700][7,052s][info   ][gc,marking  ] GC(533) Concurrent Scan Root Regions 0,004ms
[2024-12-04T16:40:47.903+0700][7,052s][info   ][gc,marking  ] GC(533) Concurrent Mark
[2024-12-04T16:40:47.903+0700][7,052s][info   ][gc,marking  ] GC(533) Concurrent Mark From Roots
[2024-12-04T16:40:47.903+0700][7,052s][info   ][gc,task     ] GC(533) Using 2 workers of 2 for marking
[2024-12-04T16:40:47.907+0700][7,056s][info   ][gc,marking  ] GC(533) Concurrent Mark From Roots 4,161ms
[2024-12-04T16:40:47.907+0700][7,056s][info   ][gc,marking  ] GC(533) Concurrent Preclean
[2024-12-04T16:40:47.907+0700][7,056s][info   ][gc,marking  ] GC(533) Concurrent Preclean 0,057ms
[2024-12-04T16:40:47.907+0700][7,056s][info   ][gc,start    ] GC(533) Pause Remark
[2024-12-04T16:40:47.908+0700][7,057s][info   ][gc          ] GC(533) Pause Remark 1121M->1121M(2047M) 0,775ms
[2024-12-04T16:40:47.908+0700][7,057s][info   ][gc,cpu      ] GC(533) User=0,00s Sys=0,00s Real=0,00s
[2024-12-04T16:40:47.908+0700][7,057s][info   ][gc,marking  ] GC(533) Concurrent Mark 5,161ms
[2024-12-04T16:40:47.908+0700][7,057s][info   ][gc,marking  ] GC(533) Concurrent Rebuild Remembered Sets
[2024-12-04T16:40:47.910+0700][7,059s][info   ][gc,marking  ] GC(533) Concurrent Rebuild Remembered Sets 1,695ms
[2024-12-04T16:40:47.910+0700][7,059s][info   ][gc,start    ] GC(533) Pause Cleanup
[2024-12-04T16:40:47.910+0700][7,059s][info   ][gc          ] GC(533) Pause Cleanup 1122M->1122M(2047M) 0,288ms
[2024-12-04T16:40:47.910+0700][7,059s][info   ][gc,cpu      ] GC(533) User=0,00s Sys=0,00s Real=0,00s
[2024-12-04T16:40:47.910+0700][7,059s][info   ][gc,marking  ] GC(533) Concurrent Cleanup for Next Mark
[2024-12-04T16:40:47.914+0700][7,063s][info   ][gc,marking  ] GC(533) Concurrent Cleanup for Next Mark 3,603ms
[2024-12-04T16:40:47.914+0700][7,063s][info   ][gc          ] GC(533) Concurrent Mark Cycle 11,026ms
[2024-12-04T16:40:47.914+0700][7,063s][info   ][gc,start    ] GC(534) Pause Young (Concurrent Start) (G1 Humongous Allocation)
[2024-12-04T16:40:47.914+0700][7,063s][info   ][gc,task     ] GC(534) Using 8 workers of 8 for evacuation
[2024-12-04T16:40:47.916+0700][7,065s][info   ][gc,phases   ] GC(534)   Pre Evacuate Collection Set: 0,4ms
[2024-12-04T16:40:47.916+0700][7,065s][info   ][gc,phases   ] GC(534)   Merge Heap Roots: 0,3ms
[2024-12-04T16:40:47.916+0700][7,065s][info   ][gc,phases   ] GC(534)   Evacuate Collection Set: 0,4ms
[2024-12-04T16:40:47.916+0700][7,065s][info   ][gc,phases   ] GC(534)   Post Evacuate Collection Set: 0,2ms
[2024-12-04T16:40:47.916+0700][7,065s][info   ][gc,phases   ] GC(534)   Other: 0,2ms
[2024-12-04T16:40:47.916+0700][7,065s][info   ][gc,heap     ] GC(534) Eden regions: 1->0(717)
[2024-12-04T16:40:47.916+0700][7,065s][info   ][gc,heap     ] GC(534) Survivor regions: 0->0(90)
[2024-12-04T16:40:47.916+0700][7,065s][info   ][gc,heap     ] GC(534) Old regions: 3->3
[2024-12-04T16:40:47.916+0700][7,065s][info   ][gc,heap     ] GC(534) Archive regions: 2->2
[2024-12-04T16:40:47.916+0700][7,065s][info   ][gc,heap     ] GC(534) Humongous regions: 1119->1119
[2024-12-04T16:40:47.916+0700][7,065s][info   ][gc,metaspace] GC(534) Metaspace: 5806K(6016K)->5806K(6016K) NonClass: 5144K(5248K)->5144K(5248K) Class: 661K(768K)->661K(768K)
[2024-12-04T16:40:47.916+0700][7,065s][info   ][gc          ] GC(534) Pause Young (Concurrent Start) (G1 Humongous Allocation) 1122M->1122M(2047M) 1,534ms
[2024-12-04T16:40:47.916+0700][7,065s][info   ][gc,cpu      ] GC(534) User=0,00s Sys=0,00s Real=0,00s
[2024-12-04T16:40:47.916+0700][7,065s][info   ][gc          ] GC(535) Concurrent Mark Cycle
[2024-12-04T16:40:47.916+0700][7,065s][info   ][gc,marking  ] GC(535) Concurrent Clear Claimed Marks
[2024-12-04T16:40:47.916+0700][7,065s][info   ][gc,marking  ] GC(535) Concurrent Clear Claimed Marks 0,015ms
[2024-12-04T16:40:47.916+0700][7,065s][info   ][gc,marking  ] GC(535) Concurrent Scan Root Regions
[2024-12-04T16:40:47.916+0700][7,065s][info   ][gc,marking  ] GC(535) Concurrent Scan Root Regions 0,012ms
[2024-12-04T16:40:47.916+0700][7,065s][info   ][gc,marking  ] GC(535) Concurrent Mark
[2024-12-04T16:40:47.916+0700][7,065s][info   ][gc,marking  ] GC(535) Concurrent Mark From Roots
[2024-12-04T16:40:47.916+0700][7,065s][info   ][gc,task     ] GC(535) Using 2 workers of 2 for marking
[2024-12-04T16:40:47.922+0700][7,071s][info   ][gc,marking  ] GC(535) Concurrent Mark From Roots 5,785ms
[2024-12-04T16:40:47.922+0700][7,071s][info   ][gc,marking  ] GC(535) Concurrent Preclean
[2024-12-04T16:40:47.922+0700][7,071s][info   ][gc,marking  ] GC(535) Concurrent Preclean 0,080ms
[2024-12-04T16:40:47.922+0700][7,071s][info   ][gc,start    ] GC(535) Pause Remark
[2024-12-04T16:40:47.928+0700][7,077s][info   ][gc          ] GC(535) Pause Remark 1124M->1124M(2047M) 5,401ms
[2024-12-04T16:40:47.928+0700][7,077s][info   ][gc,cpu      ] GC(535) User=0,00s Sys=0,00s Real=0,01s
[2024-12-04T16:40:47.928+0700][7,077s][info   ][gc,marking  ] GC(535) Concurrent Mark 12,080ms
[2024-12-04T16:40:47.928+0700][7,077s][info   ][gc,marking  ] GC(535) Concurrent Rebuild Remembered Sets
[2024-12-04T16:40:47.931+0700][7,080s][info   ][gc,marking  ] GC(535) Concurrent Rebuild Remembered Sets 2,971ms
[2024-12-04T16:40:47.931+0700][7,080s][info   ][gc,start    ] GC(535) Pause Cleanup
[2024-12-04T16:40:47.932+0700][7,081s][info   ][gc          ] GC(535) Pause Cleanup 1124M->1124M(2047M) 0,623ms
[2024-12-04T16:40:47.932+0700][7,081s][info   ][gc,cpu      ] GC(535) User=0,00s Sys=0,00s Real=0,00s
[2024-12-04T16:40:47.932+0700][7,081s][info   ][gc,marking  ] GC(535) Concurrent Cleanup for Next Mark
[2024-12-04T16:40:47.936+0700][7,085s][info   ][gc,marking  ] GC(535) Concurrent Cleanup for Next Mark 3,627ms
[2024-12-04T16:40:47.936+0700][7,085s][info   ][gc          ] GC(535) Concurrent Mark Cycle 19,774ms
[2024-12-04T16:40:47.939+0700][7,088s][info   ][gc,start    ] GC(536) Pause Young (Concurrent Start) (G1 Humongous Allocation)
[2024-12-04T16:40:47.939+0700][7,088s][info   ][gc,task     ] GC(536) Using 8 workers of 8 for evacuation
[2024-12-04T16:40:47.941+0700][7,090s][info   ][gc,phases   ] GC(536)   Pre Evacuate Collection Set: 0,3ms
[2024-12-04T16:40:47.941+0700][7,090s][info   ][gc,phases   ] GC(536)   Merge Heap Roots: 0,3ms
[2024-12-04T16:40:47.941+0700][7,090s][info   ][gc,phases   ] GC(536)   Evacuate Collection Set: 0,7ms
[2024-12-04T16:40:47.941+0700][7,090s][info   ][gc,phases   ] GC(536)   Post Evacuate Collection Set: 0,3ms
[2024-12-04T16:40:47.941+0700][7,090s][info   ][gc,phases   ] GC(536)   Other: 0,3ms
[2024-12-04T16:40:47.941+0700][7,090s][info   ][gc,heap     ] GC(536) Eden regions: 1->0(715)
[2024-12-04T16:40:47.941+0700][7,090s][info   ][gc,heap     ] GC(536) Survivor regions: 0->0(90)
[2024-12-04T16:40:47.941+0700][7,090s][info   ][gc,heap     ] GC(536) Old regions: 3->3
[2024-12-04T16:40:47.941+0700][7,090s][info   ][gc,heap     ] GC(536) Archive regions: 2->2
[2024-12-04T16:40:47.941+0700][7,090s][info   ][gc,heap     ] GC(536) Humongous regions: 1122->1122
[2024-12-04T16:40:47.941+0700][7,090s][info   ][gc,metaspace] GC(536) Metaspace: 5806K(6016K)->5806K(6016K) NonClass: 5144K(5248K)->5144K(5248K) Class: 661K(768K)->661K(768K)
[2024-12-04T16:40:47.941+0700][7,090s][info   ][gc          ] GC(536) Pause Young (Concurrent Start) (G1 Humongous Allocation) 1125M->1125M(2048M) 1,995ms
[2024-12-04T16:40:47.941+0700][7,090s][info   ][gc,cpu      ] GC(536) User=0,00s Sys=0,00s Real=0,00s
[2024-12-04T16:40:47.941+0700][7,090s][info   ][gc          ] GC(537) Concurrent Mark Cycle
[2024-12-04T16:40:47.941+0700][7,090s][info   ][gc,marking  ] GC(537) Concurrent Clear Claimed Marks
[2024-12-04T16:40:47.941+0700][7,090s][info   ][gc,marking  ] GC(537) Concurrent Clear Claimed Marks 0,013ms
[2024-12-04T16:40:47.941+0700][7,090s][info   ][gc,marking  ] GC(537) Concurrent Scan Root Regions
[2024-12-04T16:40:47.941+0700][7,090s][info   ][gc,marking  ] GC(537) Concurrent Scan Root Regions 0,004ms
[2024-12-04T16:40:47.941+0700][7,090s][info   ][gc,marking  ] GC(537) Concurrent Mark
[2024-12-04T16:40:47.941+0700][7,090s][info   ][gc,marking  ] GC(537) Concurrent Mark From Roots
[2024-12-04T16:40:47.941+0700][7,090s][info   ][gc,task     ] GC(537) Using 2 workers of 2 for marking
[2024-12-04T16:40:47.945+0700][7,094s][info   ][gc,marking  ] GC(537) Concurrent Mark From Roots 3,731ms
[2024-12-04T16:40:47.945+0700][7,094s][info   ][gc,marking  ] GC(537) Concurrent Preclean
[2024-12-04T16:40:47.945+0700][7,094s][info   ][gc,marking  ] GC(537) Concurrent Preclean 0,049ms
[2024-12-04T16:40:47.945+0700][7,094s][info   ][gc,start    ] GC(537) Pause Remark
[2024-12-04T16:40:47.946+0700][7,095s][info   ][gc          ] GC(537) Pause Remark 1126M->1126M(2048M) 1,085ms
[2024-12-04T16:40:47.946+0700][7,095s][info   ][gc,cpu      ] GC(537) User=0,00s Sys=0,00s Real=0,00s
[2024-12-04T16:40:47.946+0700][7,095s][info   ][gc,marking  ] GC(537) Concurrent Mark 4,990ms
[2024-12-04T16:40:47.946+0700][7,095s][info   ][gc,marking  ] GC(537) Concurrent Rebuild Remembered Sets
[2024-12-04T16:40:47.948+0700][7,097s][info   ][gc,marking  ] GC(537) Concurrent Rebuild Remembered Sets 2,041ms
[2024-12-04T16:40:47.948+0700][7,097s][info   ][gc,start    ] GC(537) Pause Cleanup
[2024-12-04T16:40:47.949+0700][7,098s][info   ][gc          ] GC(537) Pause Cleanup 1127M->1127M(2048M) 0,280ms
[2024-12-04T16:40:47.949+0700][7,098s][info   ][gc,cpu      ] GC(537) User=0,00s Sys=0,00s Real=0,00s
[2024-12-04T16:40:47.949+0700][7,098s][info   ][gc,marking  ] GC(537) Concurrent Cleanup for Next Mark
[2024-12-04T16:40:47.954+0700][7,103s][info   ][gc,marking  ] GC(537) Concurrent Cleanup for Next Mark 5,116ms
[2024-12-04T16:40:47.954+0700][7,103s][info   ][gc          ] GC(537) Concurrent Mark Cycle 12,678ms
[2024-12-04T16:40:47.959+0700][7,107s][info   ][gc,start    ] GC(538) Pause Young (Concurrent Start) (G1 Humongous Allocation)
[2024-12-04T16:40:47.959+0700][7,108s][info   ][gc,task     ] GC(538) Using 8 workers of 8 for evacuation
[2024-12-04T16:40:47.960+0700][7,109s][info   ][gc,phases   ] GC(538)   Pre Evacuate Collection Set: 0,4ms
[2024-12-04T16:40:47.960+0700][7,109s][info   ][gc,phases   ] GC(538)   Merge Heap Roots: 0,3ms
[2024-12-04T16:40:47.960+0700][7,109s][info   ][gc,phases   ] GC(538)   Evacuate Collection Set: 0,4ms
[2024-12-04T16:40:47.960+0700][7,109s][info   ][gc,phases   ] GC(538)   Post Evacuate Collection Set: 0,1ms
[2024-12-04T16:40:47.960+0700][7,109s][info   ][gc,phases   ] GC(538)   Other: 0,2ms
[2024-12-04T16:40:47.960+0700][7,109s][info   ][gc,heap     ] GC(538) Eden regions: 1->0(712)
[2024-12-04T16:40:47.960+0700][7,109s][info   ][gc,heap     ] GC(538) Survivor regions: 0->0(90)
[2024-12-04T16:40:47.960+0700][7,109s][info   ][gc,heap     ] GC(538) Old regions: 3->3
[2024-12-04T16:40:47.960+0700][7,109s][info   ][gc,heap     ] GC(538) Archive regions: 2->2
[2024-12-04T16:40:47.960+0700][7,109s][info   ][gc,heap     ] GC(538) Humongous regions: 1125->1125
[2024-12-04T16:40:47.960+0700][7,109s][info   ][gc,metaspace] GC(538) Metaspace: 5806K(6016K)->5806K(6016K) NonClass: 5144K(5248K)->5144K(5248K) Class: 661K(768K)->661K(768K)
[2024-12-04T16:40:47.960+0700][7,109s][info   ][gc          ] GC(538) Pause Young (Concurrent Start) (G1 Humongous Allocation) 1128M->1128M(2048M) 1,547ms
[2024-12-04T16:40:47.960+0700][7,109s][info   ][gc,cpu      ] GC(538) User=0,00s Sys=0,00s Real=0,00s
[2024-12-04T16:40:47.960+0700][7,109s][info   ][gc          ] GC(539) Concurrent Mark Cycle
[2024-12-04T16:40:47.960+0700][7,109s][info   ][gc,marking  ] GC(539) Concurrent Clear Claimed Marks
[2024-12-04T16:40:47.960+0700][7,109s][info   ][gc,marking  ] GC(539) Concurrent Clear Claimed Marks 0,024ms
[2024-12-04T16:40:47.960+0700][7,109s][info   ][gc,marking  ] GC(539) Concurrent Scan Root Regions
[2024-12-04T16:40:47.960+0700][7,109s][info   ][gc,marking  ] GC(539) Concurrent Scan Root Regions 0,004ms
[2024-12-04T16:40:47.960+0700][7,109s][info   ][gc,marking  ] GC(539) Concurrent Mark
[2024-12-04T16:40:47.960+0700][7,109s][info   ][gc,marking  ] GC(539) Concurrent Mark From Roots
[2024-12-04T16:40:47.960+0700][7,109s][info   ][gc,task     ] GC(539) Using 2 workers of 2 for marking
[2024-12-04T16:40:47.963+0700][7,112s][info   ][gc,marking  ] GC(539) Concurrent Mark From Roots 3,246ms
[2024-12-04T16:40:47.964+0700][7,112s][info   ][gc,marking  ] GC(539) Concurrent Preclean
[2024-12-04T16:40:47.964+0700][7,112s][info   ][gc,marking  ] GC(539) Concurrent Preclean 0,049ms
[2024-12-04T16:40:47.964+0700][7,112s][info   ][gc,start    ] GC(539) Pause Remark
[2024-12-04T16:40:47.965+0700][7,113s][info   ][gc          ] GC(539) Pause Remark 1129M->1129M(2048M) 0,927ms
[2024-12-04T16:40:47.965+0700][7,113s][info   ][gc,cpu      ] GC(539) User=0,00s Sys=0,00s Real=0,00s
[2024-12-04T16:40:47.965+0700][7,113s][info   ][gc,marking  ] GC(539) Concurrent Mark 4,338ms
[2024-12-04T16:40:47.965+0700][7,113s][info   ][gc,marking  ] GC(539) Concurrent Rebuild Remembered Sets
[2024-12-04T16:40:47.966+0700][7,115s][info   ][gc,marking  ] GC(539) Concurrent Rebuild Remembered Sets 1,418ms
[2024-12-04T16:40:47.966+0700][7,115s][info   ][gc,start    ] GC(539) Pause Cleanup
[2024-12-04T16:40:47.967+0700][7,116s][info   ][gc          ] GC(539) Pause Cleanup 1130M->1130M(2048M) 0,360ms
[2024-12-04T16:40:47.967+0700][7,116s][info   ][gc,cpu      ] GC(539) User=0,00s Sys=0,00s Real=0,00s
[2024-12-04T16:40:47.967+0700][7,116s][info   ][gc,marking  ] GC(539) Concurrent Cleanup for Next Mark
[2024-12-04T16:40:47.971+0700][7,120s][info   ][gc,marking  ] GC(539) Concurrent Cleanup for Next Mark 4,175ms
[2024-12-04T16:40:47.971+0700][7,120s][info   ][gc          ] GC(539) Concurrent Mark Cycle 10,876ms
[2024-12-04T16:40:47.972+0700][7,121s][info   ][gc,start    ] GC(540) Pause Young (Concurrent Start) (G1 Humongous Allocation)
[2024-12-04T16:40:47.972+0700][7,121s][info   ][gc,task     ] GC(540) Using 8 workers of 8 for evacuation
[2024-12-04T16:40:47.974+0700][7,123s][info   ][gc,phases   ] GC(540)   Pre Evacuate Collection Set: 0,5ms
[2024-12-04T16:40:47.974+0700][7,123s][info   ][gc,phases   ] GC(540)   Merge Heap Roots: 0,3ms
[2024-12-04T16:40:47.974+0700][7,123s][info   ][gc,phases   ] GC(540)   Evacuate Collection Set: 0,8ms
[2024-12-04T16:40:47.974+0700][7,123s][info   ][gc,phases   ] GC(540)   Post Evacuate Collection Set: 0,2ms
[2024-12-04T16:40:47.974+0700][7,123s][info   ][gc,phases   ] GC(540)   Other: 0,3ms
[2024-12-04T16:40:47.974+0700][7,123s][info   ][gc,heap     ] GC(540) Eden regions: 1->0(710)
[2024-12-04T16:40:47.974+0700][7,123s][info   ][gc,heap     ] GC(540) Survivor regions: 0->0(89)
[2024-12-04T16:40:47.974+0700][7,123s][info   ][gc,heap     ] GC(540) Old regions: 3->3
[2024-12-04T16:40:47.974+0700][7,123s][info   ][gc,heap     ] GC(540) Archive regions: 2->2
[2024-12-04T16:40:47.974+0700][7,123s][info   ][gc,heap     ] GC(540) Humongous regions: 1127->1127
[2024-12-04T16:40:47.974+0700][7,123s][info   ][gc,metaspace] GC(540) Metaspace: 5806K(6016K)->5806K(6016K) NonClass: 5144K(5248K)->5144K(5248K) Class: 661K(768K)->661K(768K)
[2024-12-04T16:40:47.974+0700][7,123s][info   ][gc          ] GC(540) Pause Young (Concurrent Start) (G1 Humongous Allocation) 1130M->1130M(2048M) 2,233ms
[2024-12-04T16:40:47.974+0700][7,123s][info   ][gc,cpu      ] GC(540) User=0,00s Sys=0,01s Real=0,01s
[2024-12-04T16:40:47.974+0700][7,123s][info   ][gc          ] GC(541) Concurrent Mark Cycle
[2024-12-04T16:40:47.974+0700][7,123s][info   ][gc,marking  ] GC(541) Concurrent Clear Claimed Marks
[2024-12-04T16:40:47.974+0700][7,123s][info   ][gc,marking  ] GC(541) Concurrent Clear Claimed Marks 0,019ms
[2024-12-04T16:40:47.974+0700][7,123s][info   ][gc,marking  ] GC(541) Concurrent Scan Root Regions
[2024-12-04T16:40:47.974+0700][7,123s][info   ][gc,marking  ] GC(541) Concurrent Scan Root Regions 0,006ms
[2024-12-04T16:40:47.974+0700][7,123s][info   ][gc,marking  ] GC(541) Concurrent Mark
[2024-12-04T16:40:47.974+0700][7,123s][info   ][gc,marking  ] GC(541) Concurrent Mark From Roots
[2024-12-04T16:40:47.974+0700][7,123s][info   ][gc,task     ] GC(541) Using 2 workers of 2 for marking
[2024-12-04T16:40:47.978+0700][7,127s][info   ][gc,marking  ] GC(541) Concurrent Mark From Roots 4,093ms
[2024-12-04T16:40:47.979+0700][7,127s][info   ][gc,marking  ] GC(541) Concurrent Preclean
[2024-12-04T16:40:47.979+0700][7,127s][info   ][gc,marking  ] GC(541) Concurrent Preclean 0,072ms
[2024-12-04T16:40:47.979+0700][7,128s][info   ][gc,start    ] GC(541) Pause Remark
[2024-12-04T16:40:47.980+0700][7,129s][info   ][gc          ] GC(541) Pause Remark 1131M->1131M(2048M) 1,517ms
[2024-12-04T16:40:47.980+0700][7,129s][info   ][gc,cpu      ] GC(541) User=0,01s Sys=0,00s Real=0,00s
[2024-12-04T16:40:47.980+0700][7,129s][info   ][gc,marking  ] GC(541) Concurrent Mark 6,181ms
[2024-12-04T16:40:47.981+0700][7,129s][info   ][gc,marking  ] GC(541) Concurrent Rebuild Remembered Sets
[2024-12-04T16:40:47.982+0700][7,131s][info   ][gc,marking  ] GC(541) Concurrent Rebuild Remembered Sets 1,673ms
[2024-12-04T16:40:47.982+0700][7,131s][info   ][gc,start    ] GC(541) Pause Cleanup
[2024-12-04T16:40:47.983+0700][7,131s][info   ][gc          ] GC(541) Pause Cleanup 1132M->1132M(2048M) 0,312ms
[2024-12-04T16:40:47.983+0700][7,132s][info   ][gc,cpu      ] GC(541) User=0,00s Sys=0,00s Real=0,00s
[2024-12-04T16:40:47.983+0700][7,132s][info   ][gc,marking  ] GC(541) Concurrent Cleanup for Next Mark
[2024-12-04T16:40:47.987+0700][7,136s][info   ][gc,marking  ] GC(541) Concurrent Cleanup for Next Mark 4,489ms
[2024-12-04T16:40:47.987+0700][7,136s][info   ][gc          ] GC(541) Concurrent Mark Cycle 12,971ms
[2024-12-04T16:40:47.992+0700][7,141s][info   ][gc,start    ] GC(542) Pause Young (Concurrent Start) (G1 Humongous Allocation)
[2024-12-04T16:40:47.992+0700][7,141s][info   ][gc,task     ] GC(542) Using 8 workers of 8 for evacuation
[2024-12-04T16:40:47.994+0700][7,142s][info   ][gc,phases   ] GC(542)   Pre Evacuate Collection Set: 0,3ms
[2024-12-04T16:40:47.994+0700][7,143s][info   ][gc,phases   ] GC(542)   Merge Heap Roots: 0,3ms
[2024-12-04T16:40:47.994+0700][7,143s][info   ][gc,phases   ] GC(542)   Evacuate Collection Set: 0,4ms
[2024-12-04T16:40:47.994+0700][7,143s][info   ][gc,phases   ] GC(542)   Post Evacuate Collection Set: 0,1ms
[2024-12-04T16:40:47.994+0700][7,143s][info   ][gc,phases   ] GC(542)   Other: 0,3ms
[2024-12-04T16:40:47.994+0700][7,143s][info   ][gc,heap     ] GC(542) Eden regions: 1->0(707)
[2024-12-04T16:40:47.994+0700][7,143s][info   ][gc,heap     ] GC(542) Survivor regions: 0->0(89)
[2024-12-04T16:40:47.994+0700][7,143s][info   ][gc,heap     ] GC(542) Old regions: 3->3
[2024-12-04T16:40:47.994+0700][7,143s][info   ][gc,heap     ] GC(542) Archive regions: 2->2
[2024-12-04T16:40:47.994+0700][7,143s][info   ][gc,heap     ] GC(542) Humongous regions: 1130->1130
[2024-12-04T16:40:47.994+0700][7,143s][info   ][gc,metaspace] GC(542) Metaspace: 5806K(6016K)->5806K(6016K) NonClass: 5144K(5248K)->5144K(5248K) Class: 661K(768K)->661K(768K)
[2024-12-04T16:40:47.994+0700][7,143s][info   ][gc          ] GC(542) Pause Young (Concurrent Start) (G1 Humongous Allocation) 1133M->1133M(2048M) 1,385ms
[2024-12-04T16:40:47.994+0700][7,143s][info   ][gc,cpu      ] GC(542) User=0,01s Sys=0,00s Real=0,01s
[2024-12-04T16:40:47.994+0700][7,143s][info   ][gc          ] GC(543) Concurrent Mark Cycle
[2024-12-04T16:40:47.994+0700][7,143s][info   ][gc,marking  ] GC(543) Concurrent Clear Claimed Marks
[2024-12-04T16:40:47.994+0700][7,143s][info   ][gc,marking  ] GC(543) Concurrent Clear Claimed Marks 0,011ms
[2024-12-04T16:40:47.994+0700][7,143s][info   ][gc,marking  ] GC(543) Concurrent Scan Root Regions
[2024-12-04T16:40:47.994+0700][7,143s][info   ][gc,marking  ] GC(543) Concurrent Scan Root Regions 0,003ms
[2024-12-04T16:40:47.994+0700][7,143s][info   ][gc,marking  ] GC(543) Concurrent Mark
[2024-12-04T16:40:47.994+0700][7,143s][info   ][gc,marking  ] GC(543) Concurrent Mark From Roots
[2024-12-04T16:40:47.994+0700][7,143s][info   ][gc,task     ] GC(543) Using 2 workers of 2 for marking
[2024-12-04T16:40:47.997+0700][7,146s][info   ][gc,marking  ] GC(543) Concurrent Mark From Roots 3,155ms
[2024-12-04T16:40:47.997+0700][7,146s][info   ][gc,marking  ] GC(543) Concurrent Preclean
[2024-12-04T16:40:47.997+0700][7,146s][info   ][gc,marking  ] GC(543) Concurrent Preclean 0,048ms
[2024-12-04T16:40:47.997+0700][7,146s][info   ][gc,start    ] GC(543) Pause Remark
[2024-12-04T16:40:47.998+0700][7,147s][info   ][gc          ] GC(543) Pause Remark 1134M->1134M(2048M) 0,664ms
[2024-12-04T16:40:47.998+0700][7,147s][info   ][gc,cpu      ] GC(543) User=0,00s Sys=0,00s Real=0,00s
[2024-12-04T16:40:47.998+0700][7,147s][info   ][gc,marking  ] GC(543) Concurrent Mark 3,974ms
[2024-12-04T16:40:47.998+0700][7,147s][info   ][gc,marking  ] GC(543) Concurrent Rebuild Remembered Sets
[2024-12-04T16:40:48.000+0700][7,148s][info   ][gc,marking  ] GC(543) Concurrent Rebuild Remembered Sets 1,728ms
[2024-12-04T16:40:48.000+0700][7,149s][info   ][gc,start    ] GC(543) Pause Cleanup
[2024-12-04T16:40:48.000+0700][7,149s][info   ][gc          ] GC(543) Pause Cleanup 1135M->1135M(2048M) 0,219ms
[2024-12-04T16:40:48.000+0700][7,149s][info   ][gc,cpu      ] GC(543) User=0,00s Sys=0,00s Real=0,00s
[2024-12-04T16:40:48.000+0700][7,149s][info   ][gc,marking  ] GC(543) Concurrent Cleanup for Next Mark
[2024-12-04T16:40:48.005+0700][7,154s][info   ][gc,marking  ] GC(543) Concurrent Cleanup for Next Mark 4,958ms
[2024-12-04T16:40:48.005+0700][7,154s][info   ][gc          ] GC(543) Concurrent Mark Cycle 11,437ms
[2024-12-04T16:40:48.005+0700][7,154s][info   ][gc,start    ] GC(544) Pause Young (Concurrent Start) (G1 Humongous Allocation)
[2024-12-04T16:40:48.005+0700][7,154s][info   ][gc,task     ] GC(544) Using 8 workers of 8 for evacuation
[2024-12-04T16:40:48.007+0700][7,155s][info   ][gc,phases   ] GC(544)   Pre Evacuate Collection Set: 0,2ms
[2024-12-04T16:40:48.007+0700][7,155s][info   ][gc,phases   ] GC(544)   Merge Heap Roots: 0,3ms
[2024-12-04T16:40:48.007+0700][7,155s][info   ][gc,phases   ] GC(544)   Evacuate Collection Set: 0,4ms
[2024-12-04T16:40:48.007+0700][7,155s][info   ][gc,phases   ] GC(544)   Post Evacuate Collection Set: 0,1ms
[2024-12-04T16:40:48.007+0700][7,155s][info   ][gc,phases   ] GC(544)   Other: 0,2ms
[2024-12-04T16:40:48.007+0700][7,155s][info   ][gc,heap     ] GC(544) Eden regions: 1->0(705)
[2024-12-04T16:40:48.007+0700][7,155s][info   ][gc,heap     ] GC(544) Survivor regions: 0->0(89)
[2024-12-04T16:40:48.007+0700][7,156s][info   ][gc,heap     ] GC(544) Old regions: 3->3
[2024-12-04T16:40:48.007+0700][7,156s][info   ][gc,heap     ] GC(544) Archive regions: 2->2
[2024-12-04T16:40:48.007+0700][7,156s][info   ][gc,heap     ] GC(544) Humongous regions: 1132->1132
[2024-12-04T16:40:48.007+0700][7,156s][info   ][gc,metaspace] GC(544) Metaspace: 5806K(6016K)->5806K(6016K) NonClass: 5144K(5248K)->5144K(5248K) Class: 661K(768K)->661K(768K)
[2024-12-04T16:40:48.007+0700][7,156s][info   ][gc          ] GC(544) Pause Young (Concurrent Start) (G1 Humongous Allocation) 1135M->1135M(2048M) 1,255ms
[2024-12-04T16:40:48.007+0700][7,156s][info   ][gc,cpu      ] GC(544) User=0,00s Sys=0,00s Real=0,00s
[2024-12-04T16:40:48.007+0700][7,156s][info   ][gc          ] GC(545) Concurrent Mark Cycle
[2024-12-04T16:40:48.007+0700][7,156s][info   ][gc,marking  ] GC(545) Concurrent Clear Claimed Marks
[2024-12-04T16:40:48.007+0700][7,156s][info   ][gc,marking  ] GC(545) Concurrent Clear Claimed Marks 0,007ms
[2024-12-04T16:40:48.007+0700][7,156s][info   ][gc,marking  ] GC(545) Concurrent Scan Root Regions
[2024-12-04T16:40:48.007+0700][7,156s][info   ][gc,marking  ] GC(545) Concurrent Scan Root Regions 0,004ms
[2024-12-04T16:40:48.007+0700][7,156s][info   ][gc,marking  ] GC(545) Concurrent Mark
[2024-12-04T16:40:48.007+0700][7,156s][info   ][gc,marking  ] GC(545) Concurrent Mark From Roots
[2024-12-04T16:40:48.007+0700][7,156s][info   ][gc,task     ] GC(545) Using 2 workers of 2 for marking
[2024-12-04T16:40:48.010+0700][7,159s][info   ][gc,marking  ] GC(545) Concurrent Mark From Roots 3,788ms
[2024-12-04T16:40:48.011+0700][7,159s][info   ][gc,marking  ] GC(545) Concurrent Preclean
[2024-12-04T16:40:48.011+0700][7,159s][info   ][gc,marking  ] GC(545) Concurrent Preclean 0,042ms
[2024-12-04T16:40:48.011+0700][7,159s][info   ][gc,start    ] GC(545) Pause Remark
[2024-12-04T16:40:48.011+0700][7,160s][info   ][gc          ] GC(545) Pause Remark 1136M->1136M(2048M) 0,665ms
[2024-12-04T16:40:48.011+0700][7,160s][info   ][gc,cpu      ] GC(545) User=0,00s Sys=0,00s Real=0,00s
[2024-12-04T16:40:48.011+0700][7,160s][info   ][gc,marking  ] GC(545) Concurrent Mark 4,607ms
[2024-12-04T16:40:48.011+0700][7,160s][info   ][gc,marking  ] GC(545) Concurrent Rebuild Remembered Sets
[2024-12-04T16:40:48.013+0700][7,162s][info   ][gc,marking  ] GC(545) Concurrent Rebuild Remembered Sets 1,634ms
[2024-12-04T16:40:48.013+0700][7,162s][info   ][gc,start    ] GC(545) Pause Cleanup
[2024-12-04T16:40:48.013+0700][7,162s][info   ][gc          ] GC(545) Pause Cleanup 1137M->1137M(2048M) 0,184ms
[2024-12-04T16:40:48.013+0700][7,162s][info   ][gc,cpu      ] GC(545) User=0,00s Sys=0,00s Real=0,01s
[2024-12-04T16:40:48.013+0700][7,162s][info   ][gc,marking  ] GC(545) Concurrent Cleanup for Next Mark
[2024-12-04T16:40:48.018+0700][7,167s][info   ][gc,marking  ] GC(545) Concurrent Cleanup for Next Mark 4,834ms
[2024-12-04T16:40:48.018+0700][7,167s][info   ][gc          ] GC(545) Concurrent Mark Cycle 11,460ms
[2024-12-04T16:40:48.024+0700][7,172s][info   ][gc,start    ] GC(546) Pause Young (Concurrent Start) (G1 Humongous Allocation)
[2024-12-04T16:40:48.024+0700][7,173s][info   ][gc,task     ] GC(546) Using 8 workers of 8 for evacuation
[2024-12-04T16:40:48.025+0700][7,174s][info   ][gc,phases   ] GC(546)   Pre Evacuate Collection Set: 0,4ms
[2024-12-04T16:40:48.025+0700][7,174s][info   ][gc,phases   ] GC(546)   Merge Heap Roots: 0,3ms
[2024-12-04T16:40:48.025+0700][7,174s][info   ][gc,phases   ] GC(546)   Evacuate Collection Set: 0,6ms
[2024-12-04T16:40:48.025+0700][7,174s][info   ][gc,phases   ] GC(546)   Post Evacuate Collection Set: 0,2ms
[2024-12-04T16:40:48.025+0700][7,174s][info   ][gc,phases   ] GC(546)   Other: 0,3ms
[2024-12-04T16:40:48.025+0700][7,174s][info   ][gc,heap     ] GC(546) Eden regions: 1->0(702)
[2024-12-04T16:40:48.025+0700][7,174s][info   ][gc,heap     ] GC(546) Survivor regions: 0->0(89)
[2024-12-04T16:40:48.025+0700][7,174s][info   ][gc,heap     ] GC(546) Old regions: 3->3
[2024-12-04T16:40:48.025+0700][7,174s][info   ][gc,heap     ] GC(546) Archive regions: 2->2
[2024-12-04T16:40:48.025+0700][7,174s][info   ][gc,heap     ] GC(546) Humongous regions: 1135->1135
[2024-12-04T16:40:48.025+0700][7,174s][info   ][gc,metaspace] GC(546) Metaspace: 5806K(6016K)->5806K(6016K) NonClass: 5144K(5248K)->5144K(5248K) Class: 661K(768K)->661K(768K)
[2024-12-04T16:40:48.025+0700][7,174s][info   ][gc          ] GC(546) Pause Young (Concurrent Start) (G1 Humongous Allocation) 1138M->1138M(2048M) 1,905ms
[2024-12-04T16:40:48.026+0700][7,174s][info   ][gc,cpu      ] GC(546) User=0,00s Sys=0,00s Real=0,00s
[2024-12-04T16:40:48.026+0700][7,174s][info   ][gc          ] GC(547) Concurrent Mark Cycle
[2024-12-04T16:40:48.026+0700][7,174s][info   ][gc,marking  ] GC(547) Concurrent Clear Claimed Marks
[2024-12-04T16:40:48.026+0700][7,174s][info   ][gc,marking  ] GC(547) Concurrent Clear Claimed Marks 0,018ms
[2024-12-04T16:40:48.026+0700][7,174s][info   ][gc,marking  ] GC(547) Concurrent Scan Root Regions
[2024-12-04T16:40:48.026+0700][7,174s][info   ][gc,marking  ] GC(547) Concurrent Scan Root Regions 0,005ms
[2024-12-04T16:40:48.026+0700][7,174s][info   ][gc,marking  ] GC(547) Concurrent Mark
[2024-12-04T16:40:48.026+0700][7,174s][info   ][gc,marking  ] GC(547) Concurrent Mark From Roots
[2024-12-04T16:40:48.026+0700][7,174s][info   ][gc,task     ] GC(547) Using 2 workers of 2 for marking
[2024-12-04T16:40:48.030+0700][7,179s][info   ][gc,marking  ] GC(547) Concurrent Mark From Roots 4,311ms
[2024-12-04T16:40:48.030+0700][7,179s][info   ][gc,marking  ] GC(547) Concurrent Preclean
[2024-12-04T16:40:48.030+0700][7,179s][info   ][gc,marking  ] GC(547) Concurrent Preclean 0,066ms
[2024-12-04T16:40:48.030+0700][7,179s][info   ][gc,start    ] GC(547) Pause Remark
[2024-12-04T16:40:48.032+0700][7,181s][info   ][gc          ] GC(547) Pause Remark 1139M->1139M(2048M) 2,231ms
[2024-12-04T16:40:48.032+0700][7,181s][info   ][gc,cpu      ] GC(547) User=0,00s Sys=0,00s Real=0,00s
[2024-12-04T16:40:48.032+0700][7,181s][info   ][gc,marking  ] GC(547) Concurrent Mark 6,758ms
[2024-12-04T16:40:48.032+0700][7,181s][info   ][gc,marking  ] GC(547) Concurrent Rebuild Remembered Sets
[2024-12-04T16:40:48.034+0700][7,183s][info   ][gc,marking  ] GC(547) Concurrent Rebuild Remembered Sets 1,520ms
[2024-12-04T16:40:48.034+0700][7,183s][info   ][gc,start    ] GC(547) Pause Cleanup
[2024-12-04T16:40:48.034+0700][7,183s][info   ][gc          ] GC(547) Pause Cleanup 1140M->1140M(2048M) 0,226ms
[2024-12-04T16:40:48.034+0700][7,183s][info   ][gc,cpu      ] GC(547) User=0,00s Sys=0,00s Real=0,00s
[2024-12-04T16:40:48.034+0700][7,183s][info   ][gc,marking  ] GC(547) Concurrent Cleanup for Next Mark
[2024-12-04T16:40:48.037+0700][7,186s][info   ][gc,marking  ] GC(547) Concurrent Cleanup for Next Mark 2,762ms
[2024-12-04T16:40:48.037+0700][7,186s][info   ][gc          ] GC(547) Concurrent Mark Cycle 11,457ms
[2024-12-04T16:40:48.038+0700][7,187s][info   ][gc,start    ] GC(548) Pause Young (Concurrent Start) (G1 Humongous Allocation)
[2024-12-04T16:40:48.038+0700][7,187s][info   ][gc,task     ] GC(548) Using 8 workers of 8 for evacuation
[2024-12-04T16:40:48.039+0700][7,188s][info   ][gc,phases   ] GC(548)   Pre Evacuate Collection Set: 0,2ms
[2024-12-04T16:40:48.039+0700][7,188s][info   ][gc,phases   ] GC(548)   Merge Heap Roots: 0,2ms
[2024-12-04T16:40:48.039+0700][7,188s][info   ][gc,phases   ] GC(548)   Evacuate Collection Set: 0,3ms
[2024-12-04T16:40:48.039+0700][7,188s][info   ][gc,phases   ] GC(548)   Post Evacuate Collection Set: 0,1ms
[2024-12-04T16:40:48.039+0700][7,188s][info   ][gc,phases   ] GC(548)   Other: 0,2ms
[2024-12-04T16:40:48.039+0700][7,188s][info   ][gc,heap     ] GC(548) Eden regions: 1->0(700)
[2024-12-04T16:40:48.039+0700][7,188s][info   ][gc,heap     ] GC(548) Survivor regions: 0->0(88)
[2024-12-04T16:40:48.039+0700][7,188s][info   ][gc,heap     ] GC(548) Old regions: 3->3
[2024-12-04T16:40:48.039+0700][7,188s][info   ][gc,heap     ] GC(548) Archive regions: 2->2
[2024-12-04T16:40:48.039+0700][7,188s][info   ][gc,heap     ] GC(548) Humongous regions: 1137->1137
[2024-12-04T16:40:48.039+0700][7,188s][info   ][gc,metaspace] GC(548) Metaspace: 5806K(6016K)->5806K(6016K) NonClass: 5144K(5248K)->5144K(5248K) Class: 661K(768K)->661K(768K)
[2024-12-04T16:40:48.039+0700][7,188s][info   ][gc          ] GC(548) Pause Young (Concurrent Start) (G1 Humongous Allocation) 1140M->1140M(2048M) 1,051ms
[2024-12-04T16:40:48.039+0700][7,188s][info   ][gc,cpu      ] GC(548) User=0,01s Sys=0,00s Real=0,00s
[2024-12-04T16:40:48.039+0700][7,188s][info   ][gc          ] GC(549) Concurrent Mark Cycle
[2024-12-04T16:40:48.039+0700][7,188s][info   ][gc,marking  ] GC(549) Concurrent Clear Claimed Marks
[2024-12-04T16:40:48.039+0700][7,188s][info   ][gc,marking  ] GC(549) Concurrent Clear Claimed Marks 0,006ms
[2024-12-04T16:40:48.039+0700][7,188s][info   ][gc,marking  ] GC(549) Concurrent Scan Root Regions
[2024-12-04T16:40:48.039+0700][7,188s][info   ][gc,marking  ] GC(549) Concurrent Scan Root Regions 0,003ms
[2024-12-04T16:40:48.039+0700][7,188s][info   ][gc,marking  ] GC(549) Concurrent Mark
[2024-12-04T16:40:48.039+0700][7,188s][info   ][gc,marking  ] GC(549) Concurrent Mark From Roots
[2024-12-04T16:40:48.039+0700][7,188s][info   ][gc,task     ] GC(549) Using 2 workers of 2 for marking
[2024-12-04T16:40:48.042+0700][7,191s][info   ][gc,marking  ] GC(549) Concurrent Mark From Roots 2,909ms
[2024-12-04T16:40:48.042+0700][7,191s][info   ][gc,marking  ] GC(549) Concurrent Preclean
[2024-12-04T16:40:48.042+0700][7,191s][info   ][gc,marking  ] GC(549) Concurrent Preclean 0,036ms
[2024-12-04T16:40:48.042+0700][7,191s][info   ][gc,start    ] GC(549) Pause Remark
[2024-12-04T16:40:48.043+0700][7,192s][info   ][gc          ] GC(549) Pause Remark 1141M->1141M(2048M) 0,626ms
[2024-12-04T16:40:48.043+0700][7,192s][info   ][gc,cpu      ] GC(549) User=0,00s Sys=0,00s Real=0,00s
[2024-12-04T16:40:48.043+0700][7,192s][info   ][gc,marking  ] GC(549) Concurrent Mark 3,673ms
[2024-12-04T16:40:48.043+0700][7,192s][info   ][gc,marking  ] GC(549) Concurrent Rebuild Remembered Sets
[2024-12-04T16:40:48.044+0700][7,193s][info   ][gc,marking  ] GC(549) Concurrent Rebuild Remembered Sets 1,337ms
[2024-12-04T16:40:48.044+0700][7,193s][info   ][gc,start    ] GC(549) Pause Cleanup
[2024-12-04T16:40:48.044+0700][7,193s][info   ][gc          ] GC(549) Pause Cleanup 1141M->1141M(2048M) 0,190ms
[2024-12-04T16:40:48.044+0700][7,193s][info   ][gc,cpu      ] GC(549) User=0,00s Sys=0,00s Real=0,00s
[2024-12-04T16:40:48.044+0700][7,193s][info   ][gc,marking  ] GC(549) Concurrent Cleanup for Next Mark
[2024-12-04T16:40:48.048+0700][7,197s][info   ][gc,marking  ] GC(549) Concurrent Cleanup for Next Mark 3,244ms
[2024-12-04T16:40:48.048+0700][7,197s][info   ][gc          ] GC(549) Concurrent Mark Cycle 8,613ms
[2024-12-04T16:40:48.051+0700][7,200s][info   ][gc,start    ] GC(550) Pause Young (Concurrent Start) (G1 Humongous Allocation)
[2024-12-04T16:40:48.051+0700][7,200s][info   ][gc,task     ] GC(550) Using 8 workers of 8 for evacuation
[2024-12-04T16:40:48.052+0700][7,201s][info   ][gc,phases   ] GC(550)   Pre Evacuate Collection Set: 0,2ms
[2024-12-04T16:40:48.052+0700][7,201s][info   ][gc,phases   ] GC(550)   Merge Heap Roots: 0,2ms
[2024-12-04T16:40:48.052+0700][7,201s][info   ][gc,phases   ] GC(550)   Evacuate Collection Set: 0,3ms
[2024-12-04T16:40:48.052+0700][7,201s][info   ][gc,phases   ] GC(550)   Post Evacuate Collection Set: 0,1ms
[2024-12-04T16:40:48.052+0700][7,201s][info   ][gc,phases   ] GC(550)   Other: 0,1ms
[2024-12-04T16:40:48.052+0700][7,201s][info   ][gc,heap     ] GC(550) Eden regions: 1->0(698)
[2024-12-04T16:40:48.052+0700][7,201s][info   ][gc,heap     ] GC(550) Survivor regions: 0->0(88)
[2024-12-04T16:40:48.052+0700][7,201s][info   ][gc,heap     ] GC(550) Old regions: 3->3
[2024-12-04T16:40:48.052+0700][7,201s][info   ][gc,heap     ] GC(550) Archive regions: 2->2
[2024-12-04T16:40:48.052+0700][7,201s][info   ][gc,heap     ] GC(550) Humongous regions: 1139->1139
[2024-12-04T16:40:48.052+0700][7,201s][info   ][gc,metaspace] GC(550) Metaspace: 5806K(6016K)->5806K(6016K) NonClass: 5144K(5248K)->5144K(5248K) Class: 661K(768K)->661K(768K)
[2024-12-04T16:40:48.052+0700][7,201s][info   ][gc          ] GC(550) Pause Young (Concurrent Start) (G1 Humongous Allocation) 1142M->1142M(2048M) 1,066ms
[2024-12-04T16:40:48.052+0700][7,201s][info   ][gc,cpu      ] GC(550) User=0,01s Sys=0,00s Real=0,00s
[2024-12-04T16:40:48.052+0700][7,201s][info   ][gc          ] GC(551) Concurrent Mark Cycle
[2024-12-04T16:40:48.052+0700][7,201s][info   ][gc,marking  ] GC(551) Concurrent Clear Claimed Marks
[2024-12-04T16:40:48.052+0700][7,201s][info   ][gc,marking  ] GC(551) Concurrent Clear Claimed Marks 0,008ms
[2024-12-04T16:40:48.052+0700][7,201s][info   ][gc,marking  ] GC(551) Concurrent Scan Root Regions
[2024-12-04T16:40:48.052+0700][7,201s][info   ][gc,marking  ] GC(551) Concurrent Scan Root Regions 0,003ms
[2024-12-04T16:40:48.052+0700][7,201s][info   ][gc,marking  ] GC(551) Concurrent Mark
[2024-12-04T16:40:48.052+0700][7,201s][info   ][gc,marking  ] GC(551) Concurrent Mark From Roots
[2024-12-04T16:40:48.052+0700][7,201s][info   ][gc,task     ] GC(551) Using 2 workers of 2 for marking
[2024-12-04T16:40:48.055+0700][7,204s][info   ][gc,marking  ] GC(551) Concurrent Mark From Roots 2,983ms
[2024-12-04T16:40:48.055+0700][7,204s][info   ][gc,marking  ] GC(551) Concurrent Preclean
[2024-12-04T16:40:48.055+0700][7,204s][info   ][gc,marking  ] GC(551) Concurrent Preclean 0,037ms
[2024-12-04T16:40:48.055+0700][7,204s][info   ][gc,start    ] GC(551) Pause Remark
[2024-12-04T16:40:48.056+0700][7,205s][info   ][gc          ] GC(551) Pause Remark 1143M->1143M(2048M) 0,649ms
[2024-12-04T16:40:48.056+0700][7,205s][info   ][gc,cpu      ] GC(551) User=0,01s Sys=0,00s Real=0,00s
[2024-12-04T16:40:48.056+0700][7,205s][info   ][gc,marking  ] GC(551) Concurrent Mark 3,751ms
[2024-12-04T16:40:48.056+0700][7,205s][info   ][gc,marking  ] GC(551) Concurrent Rebuild Remembered Sets
[2024-12-04T16:40:48.058+0700][7,207s][info   ][gc,marking  ] GC(551) Concurrent Rebuild Remembered Sets 1,501ms
[2024-12-04T16:40:48.058+0700][7,207s][info   ][gc,start    ] GC(551) Pause Cleanup
[2024-12-04T16:40:48.058+0700][7,207s][info   ][gc          ] GC(551) Pause Cleanup 1143M->1143M(2048M) 0,228ms
[2024-12-04T16:40:48.058+0700][7,207s][info   ][gc,cpu      ] GC(551) User=0,00s Sys=0,00s Real=0,00s
[2024-12-04T16:40:48.058+0700][7,207s][info   ][gc,marking  ] GC(551) Concurrent Cleanup for Next Mark
[2024-12-04T16:40:48.062+0700][7,211s][info   ][gc,marking  ] GC(551) Concurrent Cleanup for Next Mark 3,968ms
[2024-12-04T16:40:48.062+0700][7,211s][info   ][gc          ] GC(551) Concurrent Mark Cycle 9,611ms
[2024-12-04T16:40:48.064+0700][7,213s][info   ][gc,start    ] GC(552) Pause Young (Concurrent Start) (G1 Humongous Allocation)
[2024-12-04T16:40:48.064+0700][7,213s][info   ][gc,task     ] GC(552) Using 8 workers of 8 for evacuation
[2024-12-04T16:40:48.069+0700][7,218s][info   ][gc,phases   ] GC(552)   Pre Evacuate Collection Set: 0,4ms
[2024-12-04T16:40:48.069+0700][7,218s][info   ][gc,phases   ] GC(552)   Merge Heap Roots: 0,3ms
[2024-12-04T16:40:48.069+0700][7,218s][info   ][gc,phases   ] GC(552)   Evacuate Collection Set: 4,0ms
[2024-12-04T16:40:48.069+0700][7,218s][info   ][gc,phases   ] GC(552)   Post Evacuate Collection Set: 0,2ms
[2024-12-04T16:40:48.069+0700][7,218s][info   ][gc,phases   ] GC(552)   Other: 0,3ms
[2024-12-04T16:40:48.069+0700][7,218s][info   ][gc,heap     ] GC(552) Eden regions: 1->0(696)
[2024-12-04T16:40:48.069+0700][7,218s][info   ][gc,heap     ] GC(552) Survivor regions: 0->0(88)
[2024-12-04T16:40:48.069+0700][7,218s][info   ][gc,heap     ] GC(552) Old regions: 3->3
[2024-12-04T16:40:48.069+0700][7,218s][info   ][gc,heap     ] GC(552) Archive regions: 2->2
[2024-12-04T16:40:48.069+0700][7,218s][info   ][gc,heap     ] GC(552) Humongous regions: 1141->1141
[2024-12-04T16:40:48.069+0700][7,218s][info   ][gc,metaspace] GC(552) Metaspace: 5806K(6016K)->5806K(6016K) NonClass: 5144K(5248K)->5144K(5248K) Class: 661K(768K)->661K(768K)
[2024-12-04T16:40:48.070+0700][7,218s][info   ][gc          ] GC(552) Pause Young (Concurrent Start) (G1 Humongous Allocation) 1144M->1144M(2048M) 5,399ms
[2024-12-04T16:40:48.070+0700][7,218s][info   ][gc,cpu      ] GC(552) User=0,01s Sys=0,00s Real=0,00s
[2024-12-04T16:40:48.070+0700][7,218s][info   ][gc          ] GC(553) Concurrent Mark Cycle
[2024-12-04T16:40:48.070+0700][7,218s][info   ][gc,marking  ] GC(553) Concurrent Clear Claimed Marks
[2024-12-04T16:40:48.070+0700][7,219s][info   ][gc,marking  ] GC(553) Concurrent Clear Claimed Marks 0,022ms
[2024-12-04T16:40:48.070+0700][7,219s][info   ][gc,marking  ] GC(553) Concurrent Scan Root Regions
[2024-12-04T16:40:48.070+0700][7,219s][info   ][gc,marking  ] GC(553) Concurrent Scan Root Regions 0,005ms
[2024-12-04T16:40:48.070+0700][7,219s][info   ][gc,marking  ] GC(553) Concurrent Mark
[2024-12-04T16:40:48.070+0700][7,219s][info   ][gc,marking  ] GC(553) Concurrent Mark From Roots
[2024-12-04T16:40:48.070+0700][7,219s][info   ][gc,task     ] GC(553) Using 2 workers of 2 for marking
[2024-12-04T16:40:48.074+0700][7,223s][info   ][gc,marking  ] GC(553) Concurrent Mark From Roots 4,040ms
[2024-12-04T16:40:48.074+0700][7,223s][info   ][gc,marking  ] GC(553) Concurrent Preclean
[2024-12-04T16:40:48.074+0700][7,223s][info   ][gc,marking  ] GC(553) Concurrent Preclean 0,058ms
[2024-12-04T16:40:48.074+0700][7,223s][info   ][gc,start    ] GC(553) Pause Remark
[2024-12-04T16:40:48.075+0700][7,224s][info   ][gc          ] GC(553) Pause Remark 1145M->1145M(2048M) 1,442ms
[2024-12-04T16:40:48.075+0700][7,224s][info   ][gc,cpu      ] GC(553) User=0,01s Sys=0,00s Real=0,00s
[2024-12-04T16:40:48.075+0700][7,224s][info   ][gc,marking  ] GC(553) Concurrent Mark 5,749ms
[2024-12-04T16:40:48.075+0700][7,224s][info   ][gc,marking  ] GC(553) Concurrent Rebuild Remembered Sets
[2024-12-04T16:40:48.077+0700][7,226s][info   ][gc,marking  ] GC(553) Concurrent Rebuild Remembered Sets 1,880ms
[2024-12-04T16:40:48.077+0700][7,226s][info   ][gc,start    ] GC(553) Pause Cleanup
[2024-12-04T16:40:48.078+0700][7,227s][info   ][gc          ] GC(553) Pause Cleanup 1146M->1146M(2048M) 0,301ms
[2024-12-04T16:40:48.078+0700][7,227s][info   ][gc,cpu      ] GC(553) User=0,00s Sys=0,00s Real=0,00s
[2024-12-04T16:40:48.078+0700][7,227s][info   ][gc,marking  ] GC(553) Concurrent Cleanup for Next Mark
[2024-12-04T16:40:48.082+0700][7,231s][info   ][gc,marking  ] GC(553) Concurrent Cleanup for Next Mark 4,650ms
[2024-12-04T16:40:48.083+0700][7,231s][info   ][gc          ] GC(553) Concurrent Mark Cycle 12,924ms
[2024-12-04T16:40:48.087+0700][7,236s][info   ][gc,start    ] GC(554) Pause Young (Concurrent Start) (G1 Humongous Allocation)
[2024-12-04T16:40:48.087+0700][7,236s][info   ][gc,task     ] GC(554) Using 8 workers of 8 for evacuation
[2024-12-04T16:40:48.089+0700][7,237s][info   ][gc,phases   ] GC(554)   Pre Evacuate Collection Set: 0,3ms
[2024-12-04T16:40:48.089+0700][7,237s][info   ][gc,phases   ] GC(554)   Merge Heap Roots: 0,4ms
[2024-12-04T16:40:48.089+0700][7,237s][info   ][gc,phases   ] GC(554)   Evacuate Collection Set: 0,4ms
[2024-12-04T16:40:48.089+0700][7,238s][info   ][gc,phases   ] GC(554)   Post Evacuate Collection Set: 0,1ms
[2024-12-04T16:40:48.089+0700][7,238s][info   ][gc,phases   ] GC(554)   Other: 0,4ms
[2024-12-04T16:40:48.089+0700][7,238s][info   ][gc,heap     ] GC(554) Eden regions: 1->0(693)
[2024-12-04T16:40:48.089+0700][7,238s][info   ][gc,heap     ] GC(554) Survivor regions: 0->0(87)
[2024-12-04T16:40:48.089+0700][7,238s][info   ][gc,heap     ] GC(554) Old regions: 3->3
[2024-12-04T16:40:48.089+0700][7,238s][info   ][gc,heap     ] GC(554) Archive regions: 2->2
[2024-12-04T16:40:48.089+0700][7,238s][info   ][gc,heap     ] GC(554) Humongous regions: 1144->1144
[2024-12-04T16:40:48.089+0700][7,238s][info   ][gc,metaspace] GC(554) Metaspace: 5806K(6016K)->5806K(6016K) NonClass: 5144K(5248K)->5144K(5248K) Class: 661K(768K)->661K(768K)
[2024-12-04T16:40:48.089+0700][7,238s][info   ][gc          ] GC(554) Pause Young (Concurrent Start) (G1 Humongous Allocation) 1147M->1147M(2048M) 1,703ms
[2024-12-04T16:40:48.089+0700][7,238s][info   ][gc,cpu      ] GC(554) User=0,01s Sys=0,00s Real=0,00s
[2024-12-04T16:40:48.089+0700][7,238s][info   ][gc          ] GC(555) Concurrent Mark Cycle
[2024-12-04T16:40:48.089+0700][7,238s][info   ][gc,marking  ] GC(555) Concurrent Clear Claimed Marks
[2024-12-04T16:40:48.089+0700][7,238s][info   ][gc,marking  ] GC(555) Concurrent Clear Claimed Marks 0,011ms
[2024-12-04T16:40:48.089+0700][7,238s][info   ][gc,marking  ] GC(555) Concurrent Scan Root Regions
[2024-12-04T16:40:48.089+0700][7,238s][info   ][gc,marking  ] GC(555) Concurrent Scan Root Regions 0,006ms
[2024-12-04T16:40:48.089+0700][7,238s][info   ][gc,marking  ] GC(555) Concurrent Mark
[2024-12-04T16:40:48.089+0700][7,238s][info   ][gc,marking  ] GC(555) Concurrent Mark From Roots
[2024-12-04T16:40:48.089+0700][7,238s][info   ][gc,task     ] GC(555) Using 2 workers of 2 for marking
[2024-12-04T16:40:48.092+0700][7,241s][info   ][gc,marking  ] GC(555) Concurrent Mark From Roots 3,170ms
[2024-12-04T16:40:48.092+0700][7,241s][info   ][gc,marking  ] GC(555) Concurrent Preclean
[2024-12-04T16:40:48.092+0700][7,241s][info   ][gc,marking  ] GC(555) Concurrent Preclean 0,074ms
[2024-12-04T16:40:48.092+0700][7,241s][info   ][gc,start    ] GC(555) Pause Remark
[2024-12-04T16:40:48.093+0700][7,242s][info   ][gc          ] GC(555) Pause Remark 1148M->1148M(2048M) 0,835ms
[2024-12-04T16:40:48.093+0700][7,242s][info   ][gc,cpu      ] GC(555) User=0,00s Sys=0,00s Real=0,00s
[2024-12-04T16:40:48.093+0700][7,242s][info   ][gc,marking  ] GC(555) Concurrent Mark 4,255ms
[2024-12-04T16:40:48.093+0700][7,242s][info   ][gc,marking  ] GC(555) Concurrent Rebuild Remembered Sets
[2024-12-04T16:40:48.095+0700][7,244s][info   ][gc,marking  ] GC(555) Concurrent Rebuild Remembered Sets 2,003ms
[2024-12-04T16:40:48.095+0700][7,244s][info   ][gc,start    ] GC(555) Pause Cleanup
[2024-12-04T16:40:48.096+0700][7,244s][info   ][gc          ] GC(555) Pause Cleanup 1149M->1149M(2048M) 0,393ms
[2024-12-04T16:40:48.096+0700][7,245s][info   ][gc,cpu      ] GC(555) User=0,00s Sys=0,00s Real=0,00s
[2024-12-04T16:40:48.096+0700][7,245s][info   ][gc,marking  ] GC(555) Concurrent Cleanup for Next Mark
[2024-12-04T16:40:48.099+0700][7,248s][info   ][gc,marking  ] GC(555) Concurrent Cleanup for Next Mark 3,545ms
[2024-12-04T16:40:48.099+0700][7,248s][info   ][gc          ] GC(555) Concurrent Mark Cycle 10,542ms
[2024-12-04T16:40:48.100+0700][7,249s][info   ][gc,start    ] GC(556) Pause Young (Concurrent Start) (G1 Humongous Allocation)
[2024-12-04T16:40:48.100+0700][7,249s][info   ][gc,task     ] GC(556) Using 8 workers of 8 for evacuation
[2024-12-04T16:40:48.102+0700][7,251s][info   ][gc,phases   ] GC(556)   Pre Evacuate Collection Set: 0,5ms
[2024-12-04T16:40:48.102+0700][7,251s][info   ][gc,phases   ] GC(556)   Merge Heap Roots: 0,3ms
[2024-12-04T16:40:48.102+0700][7,251s][info   ][gc,phases   ] GC(556)   Evacuate Collection Set: 0,5ms
[2024-12-04T16:40:48.102+0700][7,251s][info   ][gc,phases   ] GC(556)   Post Evacuate Collection Set: 0,3ms
[2024-12-04T16:40:48.102+0700][7,251s][info   ][gc,phases   ] GC(556)   Other: 0,3ms
[2024-12-04T16:40:48.102+0700][7,251s][info   ][gc,heap     ] GC(556) Eden regions: 1->0(691)
[2024-12-04T16:40:48.102+0700][7,251s][info   ][gc,heap     ] GC(556) Survivor regions: 0->0(87)
[2024-12-04T16:40:48.102+0700][7,251s][info   ][gc,heap     ] GC(556) Old regions: 3->3
[2024-12-04T16:40:48.102+0700][7,251s][info   ][gc,heap     ] GC(556) Archive regions: 2->2
[2024-12-04T16:40:48.102+0700][7,251s][info   ][gc,heap     ] GC(556) Humongous regions: 1146->1146
[2024-12-04T16:40:48.102+0700][7,251s][info   ][gc,metaspace] GC(556) Metaspace: 5806K(6016K)->5806K(6016K) NonClass: 5144K(5248K)->5144K(5248K) Class: 661K(768K)->661K(768K)
[2024-12-04T16:40:48.102+0700][7,251s][info   ][gc          ] GC(556) Pause Young (Concurrent Start) (G1 Humongous Allocation) 1149M->1149M(2048M) 2,021ms
[2024-12-04T16:40:48.102+0700][7,251s][info   ][gc,cpu      ] GC(556) User=0,00s Sys=0,00s Real=0,00s
[2024-12-04T16:40:48.102+0700][7,251s][info   ][gc          ] GC(557) Concurrent Mark Cycle
[2024-12-04T16:40:48.102+0700][7,251s][info   ][gc,marking  ] GC(557) Concurrent Clear Claimed Marks
[2024-12-04T16:40:48.102+0700][7,251s][info   ][gc,marking  ] GC(557) Concurrent Clear Claimed Marks 0,057ms
[2024-12-04T16:40:48.102+0700][7,251s][info   ][gc,marking  ] GC(557) Concurrent Scan Root Regions
[2024-12-04T16:40:48.102+0700][7,251s][info   ][gc,marking  ] GC(557) Concurrent Scan Root Regions 0,006ms
[2024-12-04T16:40:48.102+0700][7,251s][info   ][gc,marking  ] GC(557) Concurrent Mark
[2024-12-04T16:40:48.102+0700][7,251s][info   ][gc,marking  ] GC(557) Concurrent Mark From Roots
[2024-12-04T16:40:48.102+0700][7,251s][info   ][gc,task     ] GC(557) Using 2 workers of 2 for marking
[2024-12-04T16:40:48.107+0700][7,256s][info   ][gc,marking  ] GC(557) Concurrent Mark From Roots 4,910ms
[2024-12-04T16:40:48.108+0700][7,256s][info   ][gc,marking  ] GC(557) Concurrent Preclean
[2024-12-04T16:40:48.108+0700][7,257s][info   ][gc,marking  ] GC(557) Concurrent Preclean 0,143ms
[2024-12-04T16:40:48.108+0700][7,257s][info   ][gc,start    ] GC(557) Pause Remark
[2024-12-04T16:40:48.109+0700][7,258s][info   ][gc          ] GC(557) Pause Remark 1150M->1150M(2048M) 1,532ms
[2024-12-04T16:40:48.109+0700][7,258s][info   ][gc,cpu      ] GC(557) User=0,00s Sys=0,00s Real=0,00s
[2024-12-04T16:40:48.109+0700][7,258s][info   ][gc,marking  ] GC(557) Concurrent Mark 6,931ms
[2024-12-04T16:40:48.109+0700][7,258s][info   ][gc,marking  ] GC(557) Concurrent Rebuild Remembered Sets
[2024-12-04T16:40:48.112+0700][7,261s][info   ][gc,marking  ] GC(557) Concurrent Rebuild Remembered Sets 2,814ms
[2024-12-04T16:40:48.112+0700][7,261s][info   ][gc,start    ] GC(557) Pause Cleanup
[2024-12-04T16:40:48.113+0700][7,262s][info   ][gc          ] GC(557) Pause Cleanup 1151M->1151M(2048M) 0,441ms
[2024-12-04T16:40:48.113+0700][7,262s][info   ][gc,cpu      ] GC(557) User=0,00s Sys=0,00s Real=0,00s
[2024-12-04T16:40:48.113+0700][7,262s][info   ][gc,marking  ] GC(557) Concurrent Cleanup for Next Mark
[2024-12-04T16:40:48.116+0700][7,265s][info   ][gc,marking  ] GC(557) Concurrent Cleanup for Next Mark 3,559ms
[2024-12-04T16:40:48.116+0700][7,265s][info   ][gc          ] GC(557) Concurrent Mark Cycle 14,145ms
[2024-12-04T16:40:48.121+0700][7,270s][info   ][gc,start    ] GC(558) Pause Young (Concurrent Start) (G1 Humongous Allocation)
[2024-12-04T16:40:48.121+0700][7,270s][info   ][gc,task     ] GC(558) Using 8 workers of 8 for evacuation
[2024-12-04T16:40:48.122+0700][7,271s][info   ][gc,phases   ] GC(558)   Pre Evacuate Collection Set: 0,2ms
[2024-12-04T16:40:48.122+0700][7,271s][info   ][gc,phases   ] GC(558)   Merge Heap Roots: 0,3ms
[2024-12-04T16:40:48.122+0700][7,271s][info   ][gc,phases   ] GC(558)   Evacuate Collection Set: 0,4ms
[2024-12-04T16:40:48.122+0700][7,271s][info   ][gc,phases   ] GC(558)   Post Evacuate Collection Set: 0,2ms
[2024-12-04T16:40:48.122+0700][7,271s][info   ][gc,phases   ] GC(558)   Other: 0,3ms
[2024-12-04T16:40:48.122+0700][7,271s][info   ][gc,heap     ] GC(558) Eden regions: 1->0(688)
[2024-12-04T16:40:48.122+0700][7,271s][info   ][gc,heap     ] GC(558) Survivor regions: 0->0(87)
[2024-12-04T16:40:48.122+0700][7,271s][info   ][gc,heap     ] GC(558) Old regions: 3->3
[2024-12-04T16:40:48.122+0700][7,271s][info   ][gc,heap     ] GC(558) Archive regions: 2->2
[2024-12-04T16:40:48.122+0700][7,271s][info   ][gc,heap     ] GC(558) Humongous regions: 1149->1149
[2024-12-04T16:40:48.122+0700][7,271s][info   ][gc,metaspace] GC(558) Metaspace: 5806K(6016K)->5806K(6016K) NonClass: 5144K(5248K)->5144K(5248K) Class: 661K(768K)->661K(768K)
[2024-12-04T16:40:48.123+0700][7,271s][info   ][gc          ] GC(558) Pause Young (Concurrent Start) (G1 Humongous Allocation) 1152M->1152M(2048M) 1,611ms
[2024-12-04T16:40:48.123+0700][7,271s][info   ][gc,cpu      ] GC(558) User=0,00s Sys=0,00s Real=0,00s
[2024-12-04T16:40:48.123+0700][7,271s][info   ][gc          ] GC(559) Concurrent Mark Cycle
[2024-12-04T16:40:48.123+0700][7,271s][info   ][gc,marking  ] GC(559) Concurrent Clear Claimed Marks
[2024-12-04T16:40:48.123+0700][7,272s][info   ][gc,marking  ] GC(559) Concurrent Clear Claimed Marks 0,015ms
[2024-12-04T16:40:48.123+0700][7,272s][info   ][gc,marking  ] GC(559) Concurrent Scan Root Regions
[2024-12-04T16:40:48.123+0700][7,272s][info   ][gc,marking  ] GC(559) Concurrent Scan Root Regions 0,007ms
[2024-12-04T16:40:48.123+0700][7,272s][info   ][gc,marking  ] GC(559) Concurrent Mark
[2024-12-04T16:40:48.123+0700][7,272s][info   ][gc,marking  ] GC(559) Concurrent Mark From Roots
[2024-12-04T16:40:48.123+0700][7,272s][info   ][gc,task     ] GC(559) Using 2 workers of 2 for marking
[2024-12-04T16:40:48.127+0700][7,276s][info   ][gc,marking  ] GC(559) Concurrent Mark From Roots 4,326ms
[2024-12-04T16:40:48.127+0700][7,276s][info   ][gc,marking  ] GC(559) Concurrent Preclean
[2024-12-04T16:40:48.127+0700][7,276s][info   ][gc,marking  ] GC(559) Concurrent Preclean 0,057ms
[2024-12-04T16:40:48.127+0700][7,276s][info   ][gc,start    ] GC(559) Pause Remark
[2024-12-04T16:40:48.128+0700][7,277s][info   ][gc          ] GC(559) Pause Remark 1153M->1153M(2048M) 0,832ms
[2024-12-04T16:40:48.128+0700][7,277s][info   ][gc,cpu      ] GC(559) User=0,01s Sys=0,00s Real=0,00s
[2024-12-04T16:40:48.128+0700][7,277s][info   ][gc,marking  ] GC(559) Concurrent Mark 5,381ms
[2024-12-04T16:40:48.128+0700][7,277s][info   ][gc,marking  ] GC(559) Concurrent Rebuild Remembered Sets
[2024-12-04T16:40:48.130+0700][7,279s][info   ][gc,marking  ] GC(559) Concurrent Rebuild Remembered Sets 1,969ms
[2024-12-04T16:40:48.130+0700][7,279s][info   ][gc,start    ] GC(559) Pause Cleanup
[2024-12-04T16:40:48.131+0700][7,279s][info   ][gc          ] GC(559) Pause Cleanup 1154M->1154M(2048M) 0,368ms
[2024-12-04T16:40:48.131+0700][7,279s][info   ][gc,cpu      ] GC(559) User=0,00s Sys=0,00s Real=0,00s
[2024-12-04T16:40:48.131+0700][7,279s][info   ][gc,marking  ] GC(559) Concurrent Cleanup for Next Mark
[2024-12-04T16:40:48.134+0700][7,283s][info   ][gc,marking  ] GC(559) Concurrent Cleanup for Next Mark 3,456ms
[2024-12-04T16:40:48.134+0700][7,283s][info   ][gc          ] GC(559) Concurrent Mark Cycle 11,466ms
[2024-12-04T16:40:48.134+0700][7,283s][info   ][gc,start    ] GC(560) Pause Young (Concurrent Start) (G1 Humongous Allocation)
[2024-12-04T16:40:48.134+0700][7,283s][info   ][gc,task     ] GC(560) Using 8 workers of 8 for evacuation
[2024-12-04T16:40:48.136+0700][7,285s][info   ][gc,phases   ] GC(560)   Pre Evacuate Collection Set: 0,2ms
[2024-12-04T16:40:48.136+0700][7,285s][info   ][gc,phases   ] GC(560)   Merge Heap Roots: 0,4ms
[2024-12-04T16:40:48.136+0700][7,285s][info   ][gc,phases   ] GC(560)   Evacuate Collection Set: 0,6ms
[2024-12-04T16:40:48.136+0700][7,285s][info   ][gc,phases   ] GC(560)   Post Evacuate Collection Set: 0,3ms
[2024-12-04T16:40:48.136+0700][7,285s][info   ][gc,phases   ] GC(560)   Other: 0,3ms
[2024-12-04T16:40:48.136+0700][7,285s][info   ][gc,heap     ] GC(560) Eden regions: 1->0(686)
[2024-12-04T16:40:48.136+0700][7,285s][info   ][gc,heap     ] GC(560) Survivor regions: 0->0(86)
[2024-12-04T16:40:48.136+0700][7,285s][info   ][gc,heap     ] GC(560) Old regions: 3->3
[2024-12-04T16:40:48.136+0700][7,285s][info   ][gc,heap     ] GC(560) Archive regions: 2->2
[2024-12-04T16:40:48.136+0700][7,285s][info   ][gc,heap     ] GC(560) Humongous regions: 1151->1151
[2024-12-04T16:40:48.136+0700][7,285s][info   ][gc,metaspace] GC(560) Metaspace: 5806K(6016K)->5806K(6016K) NonClass: 5144K(5248K)->5144K(5248K) Class: 661K(768K)->661K(768K)
[2024-12-04T16:40:48.136+0700][7,285s][info   ][gc          ] GC(560) Pause Young (Concurrent Start) (G1 Humongous Allocation) 1154M->1154M(2048M) 1,958ms
[2024-12-04T16:40:48.136+0700][7,285s][info   ][gc,cpu      ] GC(560) User=0,00s Sys=0,00s Real=0,00s
[2024-12-04T16:40:48.136+0700][7,285s][info   ][gc          ] GC(561) Concurrent Mark Cycle
[2024-12-04T16:40:48.136+0700][7,285s][info   ][gc,marking  ] GC(561) Concurrent Clear Claimed Marks
[2024-12-04T16:40:48.136+0700][7,285s][info   ][gc,marking  ] GC(561) Concurrent Clear Claimed Marks 0,035ms
[2024-12-04T16:40:48.136+0700][7,285s][info   ][gc,marking  ] GC(561) Concurrent Scan Root Regions
[2024-12-04T16:40:48.136+0700][7,285s][info   ][gc,marking  ] GC(561) Concurrent Scan Root Regions 0,005ms
[2024-12-04T16:40:48.136+0700][7,285s][info   ][gc,marking  ] GC(561) Concurrent Mark
[2024-12-04T16:40:48.136+0700][7,285s][info   ][gc,marking  ] GC(561) Concurrent Mark From Roots
[2024-12-04T16:40:48.136+0700][7,285s][info   ][gc,task     ] GC(561) Using 2 workers of 2 for marking
[2024-12-04T16:40:48.141+0700][7,290s][info   ][gc,marking  ] GC(561) Concurrent Mark From Roots 4,790ms
[2024-12-04T16:40:48.141+0700][7,290s][info   ][gc,marking  ] GC(561) Concurrent Preclean
[2024-12-04T16:40:48.141+0700][7,290s][info   ][gc,marking  ] GC(561) Concurrent Preclean 0,085ms
[2024-12-04T16:40:48.141+0700][7,290s][info   ][gc,start    ] GC(561) Pause Remark
[2024-12-04T16:40:48.142+0700][7,291s][info   ][gc          ] GC(561) Pause Remark 1155M->1155M(2048M) 0,872ms
[2024-12-04T16:40:48.142+0700][7,291s][info   ][gc,cpu      ] GC(561) User=0,00s Sys=0,00s Real=0,00s
[2024-12-04T16:40:48.142+0700][7,291s][info   ][gc,marking  ] GC(561) Concurrent Mark 5,956ms
[2024-12-04T16:40:48.142+0700][7,291s][info   ][gc,marking  ] GC(561) Concurrent Rebuild Remembered Sets
[2024-12-04T16:40:48.144+0700][7,293s][info   ][gc,marking  ] GC(561) Concurrent Rebuild Remembered Sets 1,803ms
[2024-12-04T16:40:48.144+0700][7,293s][info   ][gc,start    ] GC(561) Pause Cleanup
[2024-12-04T16:40:48.144+0700][7,293s][info   ][gc          ] GC(561) Pause Cleanup 1156M->1156M(2048M) 0,270ms
[2024-12-04T16:40:48.144+0700][7,293s][info   ][gc,cpu      ] GC(561) User=0,00s Sys=0,00s Real=0,00s
[2024-12-04T16:40:48.144+0700][7,293s][info   ][gc,marking  ] GC(561) Concurrent Cleanup for Next Mark
[2024-12-04T16:40:48.148+0700][7,297s][info   ][gc,marking  ] GC(561) Concurrent Cleanup for Next Mark 3,659ms
[2024-12-04T16:40:48.148+0700][7,297s][info   ][gc          ] GC(561) Concurrent Mark Cycle 12,017ms
[2024-12-04T16:40:48.154+0700][7,303s][info   ][gc,start    ] GC(562) Pause Young (Concurrent Start) (G1 Humongous Allocation)
[2024-12-04T16:40:48.154+0700][7,303s][info   ][gc,task     ] GC(562) Using 8 workers of 8 for evacuation
[2024-12-04T16:40:48.157+0700][7,306s][info   ][gc,phases   ] GC(562)   Pre Evacuate Collection Set: 0,6ms
[2024-12-04T16:40:48.157+0700][7,306s][info   ][gc,phases   ] GC(562)   Merge Heap Roots: 0,4ms
[2024-12-04T16:40:48.157+0700][7,306s][info   ][gc,phases   ] GC(562)   Evacuate Collection Set: 1,2ms
[2024-12-04T16:40:48.157+0700][7,306s][info   ][gc,phases   ] GC(562)   Post Evacuate Collection Set: 0,4ms
[2024-12-04T16:40:48.157+0700][7,306s][info   ][gc,phases   ] GC(562)   Other: 0,3ms
[2024-12-04T16:40:48.157+0700][7,306s][info   ][gc,heap     ] GC(562) Eden regions: 1->0(683)
[2024-12-04T16:40:48.157+0700][7,306s][info   ][gc,heap     ] GC(562) Survivor regions: 0->0(86)
[2024-12-04T16:40:48.157+0700][7,306s][info   ][gc,heap     ] GC(562) Old regions: 3->3
[2024-12-04T16:40:48.157+0700][7,306s][info   ][gc,heap     ] GC(562) Archive regions: 2->2
[2024-12-04T16:40:48.157+0700][7,306s][info   ][gc,heap     ] GC(562) Humongous regions: 1154->1154
[2024-12-04T16:40:48.157+0700][7,306s][info   ][gc,metaspace] GC(562) Metaspace: 5806K(6016K)->5806K(6016K) NonClass: 5144K(5248K)->5144K(5248K) Class: 661K(768K)->661K(768K)
[2024-12-04T16:40:48.157+0700][7,306s][info   ][gc          ] GC(562) Pause Young (Concurrent Start) (G1 Humongous Allocation) 1157M->1157M(2048M) 3,028ms
[2024-12-04T16:40:48.157+0700][7,306s][info   ][gc,cpu      ] GC(562) User=0,00s Sys=0,00s Real=0,00s
[2024-12-04T16:40:48.157+0700][7,306s][info   ][gc          ] GC(563) Concurrent Mark Cycle
[2024-12-04T16:40:48.157+0700][7,306s][info   ][gc,marking  ] GC(563) Concurrent Clear Claimed Marks
[2024-12-04T16:40:48.157+0700][7,306s][info   ][gc,marking  ] GC(563) Concurrent Clear Claimed Marks 0,016ms
[2024-12-04T16:40:48.157+0700][7,306s][info   ][gc,marking  ] GC(563) Concurrent Scan Root Regions
[2024-12-04T16:40:48.157+0700][7,306s][info   ][gc,marking  ] GC(563) Concurrent Scan Root Regions 0,006ms
[2024-12-04T16:40:48.157+0700][7,306s][info   ][gc,marking  ] GC(563) Concurrent Mark
[2024-12-04T16:40:48.157+0700][7,306s][info   ][gc,marking  ] GC(563) Concurrent Mark From Roots
[2024-12-04T16:40:48.157+0700][7,306s][info   ][gc,task     ] GC(563) Using 2 workers of 2 for marking
[2024-12-04T16:40:48.162+0700][7,311s][info   ][gc,marking  ] GC(563) Concurrent Mark From Roots 5,212ms
[2024-12-04T16:40:48.162+0700][7,311s][info   ][gc,marking  ] GC(563) Concurrent Preclean
[2024-12-04T16:40:48.162+0700][7,311s][info   ][gc,marking  ] GC(563) Concurrent Preclean 0,075ms
[2024-12-04T16:40:48.162+0700][7,311s][info   ][gc,start    ] GC(563) Pause Remark
[2024-12-04T16:40:48.166+0700][7,315s][info   ][gc          ] GC(563) Pause Remark 1158M->1158M(2048M) 3,570ms
[2024-12-04T16:40:48.166+0700][7,315s][info   ][gc,cpu      ] GC(563) User=0,01s Sys=0,00s Real=0,01s
[2024-12-04T16:40:48.166+0700][7,315s][info   ][gc,marking  ] GC(563) Concurrent Mark 9,118ms
[2024-12-04T16:40:48.166+0700][7,315s][info   ][gc,marking  ] GC(563) Concurrent Rebuild Remembered Sets
[2024-12-04T16:40:48.168+0700][7,317s][info   ][gc,marking  ] GC(563) Concurrent Rebuild Remembered Sets 2,005ms
[2024-12-04T16:40:48.168+0700][7,317s][info   ][gc,start    ] GC(563) Pause Cleanup
[2024-12-04T16:40:48.169+0700][7,318s][info   ][gc          ] GC(563) Pause Cleanup 1159M->1159M(2048M) 0,468ms
[2024-12-04T16:40:48.169+0700][7,318s][info   ][gc,cpu      ] GC(563) User=0,00s Sys=0,00s Real=0,00s
[2024-12-04T16:40:48.169+0700][7,318s][info   ][gc,marking  ] GC(563) Concurrent Cleanup for Next Mark
[2024-12-04T16:40:48.174+0700][7,323s][info   ][gc,marking  ] GC(563) Concurrent Cleanup for Next Mark 4,922ms
[2024-12-04T16:40:48.174+0700][7,323s][info   ][gc          ] GC(563) Concurrent Mark Cycle 16,848ms
[2024-12-04T16:40:48.178+0700][7,327s][info   ][gc,start    ] GC(564) Pause Young (Concurrent Start) (G1 Humongous Allocation)
[2024-12-04T16:40:48.178+0700][7,327s][info   ][gc,task     ] GC(564) Using 8 workers of 8 for evacuation
[2024-12-04T16:40:48.179+0700][7,328s][info   ][gc,phases   ] GC(564)   Pre Evacuate Collection Set: 0,2ms
[2024-12-04T16:40:48.179+0700][7,328s][info   ][gc,phases   ] GC(564)   Merge Heap Roots: 0,3ms
[2024-12-04T16:40:48.179+0700][7,328s][info   ][gc,phases   ] GC(564)   Evacuate Collection Set: 0,4ms
[2024-12-04T16:40:48.179+0700][7,328s][info   ][gc,phases   ] GC(564)   Post Evacuate Collection Set: 0,2ms
[2024-12-04T16:40:48.179+0700][7,328s][info   ][gc,phases   ] GC(564)   Other: 0,2ms
[2024-12-04T16:40:48.179+0700][7,328s][info   ][gc,heap     ] GC(564) Eden regions: 1->0(680)
[2024-12-04T16:40:48.179+0700][7,328s][info   ][gc,heap     ] GC(564) Survivor regions: 0->0(86)
[2024-12-04T16:40:48.180+0700][7,328s][info   ][gc,heap     ] GC(564) Old regions: 3->3
[2024-12-04T16:40:48.180+0700][7,328s][info   ][gc,heap     ] GC(564) Archive regions: 2->2
[2024-12-04T16:40:48.180+0700][7,328s][info   ][gc,heap     ] GC(564) Humongous regions: 1157->1157
[2024-12-04T16:40:48.180+0700][7,328s][info   ][gc,metaspace] GC(564) Metaspace: 5806K(6016K)->5806K(6016K) NonClass: 5144K(5248K)->5144K(5248K) Class: 661K(768K)->661K(768K)
[2024-12-04T16:40:48.180+0700][7,328s][info   ][gc          ] GC(564) Pause Young (Concurrent Start) (G1 Humongous Allocation) 1160M->1160M(2048M) 1,455ms
[2024-12-04T16:40:48.180+0700][7,328s][info   ][gc,cpu      ] GC(564) User=0,00s Sys=0,00s Real=0,00s
[2024-12-04T16:40:48.180+0700][7,328s][info   ][gc          ] GC(565) Concurrent Mark Cycle
[2024-12-04T16:40:48.180+0700][7,328s][info   ][gc,marking  ] GC(565) Concurrent Clear Claimed Marks
[2024-12-04T16:40:48.180+0700][7,328s][info   ][gc,marking  ] GC(565) Concurrent Clear Claimed Marks 0,008ms
[2024-12-04T16:40:48.180+0700][7,328s][info   ][gc,marking  ] GC(565) Concurrent Scan Root Regions
[2024-12-04T16:40:48.180+0700][7,328s][info   ][gc,marking  ] GC(565) Concurrent Scan Root Regions 0,004ms
[2024-12-04T16:40:48.180+0700][7,328s][info   ][gc,marking  ] GC(565) Concurrent Mark
[2024-12-04T16:40:48.180+0700][7,328s][info   ][gc,marking  ] GC(565) Concurrent Mark From Roots
[2024-12-04T16:40:48.180+0700][7,328s][info   ][gc,task     ] GC(565) Using 2 workers of 2 for marking
[2024-12-04T16:40:48.183+0700][7,332s][info   ][gc,marking  ] GC(565) Concurrent Mark From Roots 3,073ms
[2024-12-04T16:40:48.183+0700][7,332s][info   ][gc,marking  ] GC(565) Concurrent Preclean
[2024-12-04T16:40:48.183+0700][7,332s][info   ][gc,marking  ] GC(565) Concurrent Preclean 0,052ms
[2024-12-04T16:40:48.183+0700][7,332s][info   ][gc,start    ] GC(565) Pause Remark
[2024-12-04T16:40:48.183+0700][7,332s][info   ][gc          ] GC(565) Pause Remark 1161M->1161M(2048M) 0,650ms
[2024-12-04T16:40:48.183+0700][7,332s][info   ][gc,cpu      ] GC(565) User=0,00s Sys=0,00s Real=0,01s
[2024-12-04T16:40:48.184+0700][7,332s][info   ][gc,marking  ] GC(565) Concurrent Mark 3,899ms
[2024-12-04T16:40:48.184+0700][7,332s][info   ][gc,marking  ] GC(565) Concurrent Rebuild Remembered Sets
[2024-12-04T16:40:48.185+0700][7,334s][info   ][gc,marking  ] GC(565) Concurrent Rebuild Remembered Sets 1,431ms
[2024-12-04T16:40:48.185+0700][7,334s][info   ][gc,start    ] GC(565) Pause Cleanup
[2024-12-04T16:40:48.185+0700][7,334s][info   ][gc          ] GC(565) Pause Cleanup 1161M->1161M(2048M) 0,274ms
[2024-12-04T16:40:48.185+0700][7,334s][info   ][gc,cpu      ] GC(565) User=0,00s Sys=0,00s Real=0,00s
[2024-12-04T16:40:48.185+0700][7,334s][info   ][gc,marking  ] GC(565) Concurrent Cleanup for Next Mark
[2024-12-04T16:40:48.190+0700][7,339s][info   ][gc,marking  ] GC(565) Concurrent Cleanup for Next Mark 4,829ms
[2024-12-04T16:40:48.190+0700][7,339s][info   ][gc          ] GC(565) Concurrent Mark Cycle 10,692ms
[2024-12-04T16:40:48.191+0700][7,340s][info   ][gc,start    ] GC(566) Pause Young (Concurrent Start) (G1 Humongous Allocation)
[2024-12-04T16:40:48.191+0700][7,340s][info   ][gc,task     ] GC(566) Using 8 workers of 8 for evacuation
[2024-12-04T16:40:48.192+0700][7,341s][info   ][gc,phases   ] GC(566)   Pre Evacuate Collection Set: 0,2ms
[2024-12-04T16:40:48.192+0700][7,341s][info   ][gc,phases   ] GC(566)   Merge Heap Roots: 0,2ms
[2024-12-04T16:40:48.192+0700][7,341s][info   ][gc,phases   ] GC(566)   Evacuate Collection Set: 0,3ms
[2024-12-04T16:40:48.192+0700][7,341s][info   ][gc,phases   ] GC(566)   Post Evacuate Collection Set: 0,1ms
[2024-12-04T16:40:48.192+0700][7,341s][info   ][gc,phases   ] GC(566)   Other: 0,2ms
[2024-12-04T16:40:48.192+0700][7,341s][info   ][gc,heap     ] GC(566) Eden regions: 1->0(678)
[2024-12-04T16:40:48.192+0700][7,341s][info   ][gc,heap     ] GC(566) Survivor regions: 0->0(85)
[2024-12-04T16:40:48.192+0700][7,341s][info   ][gc,heap     ] GC(566) Old regions: 3->3
[2024-12-04T16:40:48.192+0700][7,341s][info   ][gc,heap     ] GC(566) Archive regions: 2->2
[2024-12-04T16:40:48.192+0700][7,341s][info   ][gc,heap     ] GC(566) Humongous regions: 1159->1159
[2024-12-04T16:40:48.192+0700][7,341s][info   ][gc,metaspace] GC(566) Metaspace: 5806K(6016K)->5806K(6016K) NonClass: 5144K(5248K)->5144K(5248K) Class: 661K(768K)->661K(768K)
[2024-12-04T16:40:48.192+0700][7,341s][info   ][gc          ] GC(566) Pause Young (Concurrent Start) (G1 Humongous Allocation) 1162M->1162M(2048M) 1,194ms
[2024-12-04T16:40:48.192+0700][7,341s][info   ][gc,cpu      ] GC(566) User=0,00s Sys=0,00s Real=0,00s
[2024-12-04T16:40:48.192+0700][7,341s][info   ][gc          ] GC(567) Concurrent Mark Cycle
[2024-12-04T16:40:48.192+0700][7,341s][info   ][gc,marking  ] GC(567) Concurrent Clear Claimed Marks
[2024-12-04T16:40:48.192+0700][7,341s][info   ][gc,marking  ] GC(567) Concurrent Clear Claimed Marks 0,019ms
[2024-12-04T16:40:48.192+0700][7,341s][info   ][gc,marking  ] GC(567) Concurrent Scan Root Regions
[2024-12-04T16:40:48.192+0700][7,341s][info   ][gc,marking  ] GC(567) Concurrent Scan Root Regions 0,006ms
[2024-12-04T16:40:48.192+0700][7,341s][info   ][gc,marking  ] GC(567) Concurrent Mark
[2024-12-04T16:40:48.192+0700][7,341s][info   ][gc,marking  ] GC(567) Concurrent Mark From Roots
[2024-12-04T16:40:48.192+0700][7,341s][info   ][gc,task     ] GC(567) Using 2 workers of 2 for marking
[2024-12-04T16:40:48.197+0700][7,345s][info   ][gc,marking  ] GC(567) Concurrent Mark From Roots 4,142ms
[2024-12-04T16:40:48.197+0700][7,346s][info   ][gc,marking  ] GC(567) Concurrent Preclean
[2024-12-04T16:40:48.197+0700][7,346s][info   ][gc,marking  ] GC(567) Concurrent Preclean 0,076ms
[2024-12-04T16:40:48.197+0700][7,346s][info   ][gc,start    ] GC(567) Pause Remark
[2024-12-04T16:40:48.198+0700][7,347s][info   ][gc          ] GC(567) Pause Remark 1163M->1163M(2048M) 0,835ms
[2024-12-04T16:40:48.198+0700][7,347s][info   ][gc,cpu      ] GC(567) User=0,00s Sys=0,00s Real=0,00s
[2024-12-04T16:40:48.198+0700][7,347s][info   ][gc,marking  ] GC(567) Concurrent Mark 5,241ms
[2024-12-04T16:40:48.198+0700][7,347s][info   ][gc,marking  ] GC(567) Concurrent Rebuild Remembered Sets
[2024-12-04T16:40:48.200+0700][7,349s][info   ][gc,marking  ] GC(567) Concurrent Rebuild Remembered Sets 2,202ms
[2024-12-04T16:40:48.200+0700][7,349s][info   ][gc,start    ] GC(567) Pause Cleanup
[2024-12-04T16:40:48.200+0700][7,349s][info   ][gc          ] GC(567) Pause Cleanup 1164M->1164M(2048M) 0,242ms
[2024-12-04T16:40:48.200+0700][7,349s][info   ][gc,cpu      ] GC(567) User=0,01s Sys=0,00s Real=0,00s
[2024-12-04T16:40:48.200+0700][7,349s][info   ][gc,marking  ] GC(567) Concurrent Cleanup for Next Mark
[2024-12-04T16:40:48.204+0700][7,353s][info   ][gc,marking  ] GC(567) Concurrent Cleanup for Next Mark 3,913ms
[2024-12-04T16:40:48.204+0700][7,353s][info   ][gc          ] GC(567) Concurrent Mark Cycle 11,866ms
[2024-12-04T16:40:48.210+0700][7,359s][info   ][gc,start    ] GC(568) Pause Young (Concurrent Start) (G1 Humongous Allocation)
[2024-12-04T16:40:48.210+0700][7,359s][info   ][gc,task     ] GC(568) Using 8 workers of 8 for evacuation
[2024-12-04T16:40:48.211+0700][7,360s][info   ][gc,phases   ] GC(568)   Pre Evacuate Collection Set: 0,2ms
[2024-12-04T16:40:48.211+0700][7,360s][info   ][gc,phases   ] GC(568)   Merge Heap Roots: 0,2ms
[2024-12-04T16:40:48.211+0700][7,360s][info   ][gc,phases   ] GC(568)   Evacuate Collection Set: 0,3ms
[2024-12-04T16:40:48.211+0700][7,360s][info   ][gc,phases   ] GC(568)   Post Evacuate Collection Set: 0,1ms
[2024-12-04T16:40:48.211+0700][7,360s][info   ][gc,phases   ] GC(568)   Other: 0,1ms
[2024-12-04T16:40:48.211+0700][7,360s][info   ][gc,heap     ] GC(568) Eden regions: 1->0(675)
[2024-12-04T16:40:48.211+0700][7,360s][info   ][gc,heap     ] GC(568) Survivor regions: 0->0(85)
[2024-12-04T16:40:48.211+0700][7,360s][info   ][gc,heap     ] GC(568) Old regions: 3->3
[2024-12-04T16:40:48.211+0700][7,360s][info   ][gc,heap     ] GC(568) Archive regions: 2->2
[2024-12-04T16:40:48.211+0700][7,360s][info   ][gc,heap     ] GC(568) Humongous regions: 1162->1162
[2024-12-04T16:40:48.211+0700][7,360s][info   ][gc,metaspace] GC(568) Metaspace: 5806K(6016K)->5806K(6016K) NonClass: 5144K(5248K)->5144K(5248K) Class: 661K(768K)->661K(768K)
[2024-12-04T16:40:48.211+0700][7,360s][info   ][gc          ] GC(568) Pause Young (Concurrent Start) (G1 Humongous Allocation) 1165M->1165M(2048M) 1,076ms
[2024-12-04T16:40:48.211+0700][7,360s][info   ][gc,cpu      ] GC(568) User=0,01s Sys=0,00s Real=0,00s
[2024-12-04T16:40:48.211+0700][7,360s][info   ][gc          ] GC(569) Concurrent Mark Cycle
[2024-12-04T16:40:48.211+0700][7,360s][info   ][gc,marking  ] GC(569) Concurrent Clear Claimed Marks
[2024-12-04T16:40:48.211+0700][7,360s][info   ][gc,marking  ] GC(569) Concurrent Clear Claimed Marks 0,017ms
[2024-12-04T16:40:48.211+0700][7,360s][info   ][gc,marking  ] GC(569) Concurrent Scan Root Regions
[2024-12-04T16:40:48.211+0700][7,360s][info   ][gc,marking  ] GC(569) Concurrent Scan Root Regions 0,005ms
[2024-12-04T16:40:48.211+0700][7,360s][info   ][gc,marking  ] GC(569) Concurrent Mark
[2024-12-04T16:40:48.211+0700][7,360s][info   ][gc,marking  ] GC(569) Concurrent Mark From Roots
[2024-12-04T16:40:48.211+0700][7,360s][info   ][gc,task     ] GC(569) Using 2 workers of 2 for marking
[2024-12-04T16:40:48.214+0700][7,363s][info   ][gc,marking  ] GC(569) Concurrent Mark From Roots 3,001ms
[2024-12-04T16:40:48.214+0700][7,363s][info   ][gc,marking  ] GC(569) Concurrent Preclean
[2024-12-04T16:40:48.214+0700][7,363s][info   ][gc,marking  ] GC(569) Concurrent Preclean 0,038ms
[2024-12-04T16:40:48.214+0700][7,363s][info   ][gc,start    ] GC(569) Pause Remark
[2024-12-04T16:40:48.215+0700][7,363s][info   ][gc          ] GC(569) Pause Remark 1166M->1166M(2048M) 0,605ms
[2024-12-04T16:40:48.215+0700][7,363s][info   ][gc,cpu      ] GC(569) User=0,00s Sys=0,01s Real=0,00s
[2024-12-04T16:40:48.215+0700][7,363s][info   ][gc,marking  ] GC(569) Concurrent Mark 3,756ms
[2024-12-04T16:40:48.215+0700][7,363s][info   ][gc,marking  ] GC(569) Concurrent Rebuild Remembered Sets
[2024-12-04T16:40:48.216+0700][7,365s][info   ][gc,marking  ] GC(569) Concurrent Rebuild Remembered Sets 1,342ms
[2024-12-04T16:40:48.216+0700][7,365s][info   ][gc,start    ] GC(569) Pause Cleanup
[2024-12-04T16:40:48.216+0700][7,365s][info   ][gc          ] GC(569) Pause Cleanup 1166M->1166M(2048M) 0,137ms
[2024-12-04T16:40:48.216+0700][7,365s][info   ][gc,cpu      ] GC(569) User=0,00s Sys=0,00s Real=0,00s
[2024-12-04T16:40:48.216+0700][7,365s][info   ][gc,marking  ] GC(569) Concurrent Cleanup for Next Mark
[2024-12-04T16:40:48.219+0700][7,368s][info   ][gc,marking  ] GC(569) Concurrent Cleanup for Next Mark 3,270ms
[2024-12-04T16:40:48.220+0700][7,368s][info   ][gc          ] GC(569) Concurrent Mark Cycle 8,717ms
[2024-12-04T16:40:48.223+0700][7,372s][info   ][gc,start    ] GC(570) Pause Young (Concurrent Start) (G1 Humongous Allocation)
[2024-12-04T16:40:48.223+0700][7,372s][info   ][gc,task     ] GC(570) Using 8 workers of 8 for evacuation
[2024-12-04T16:40:48.224+0700][7,373s][info   ][gc,phases   ] GC(570)   Pre Evacuate Collection Set: 0,2ms
[2024-12-04T16:40:48.224+0700][7,373s][info   ][gc,phases   ] GC(570)   Merge Heap Roots: 0,3ms
[2024-12-04T16:40:48.224+0700][7,373s][info   ][gc,phases   ] GC(570)   Evacuate Collection Set: 0,4ms
[2024-12-04T16:40:48.224+0700][7,373s][info   ][gc,phases   ] GC(570)   Post Evacuate Collection Set: 0,1ms
[2024-12-04T16:40:48.224+0700][7,373s][info   ][gc,phases   ] GC(570)   Other: 0,2ms
[2024-12-04T16:40:48.224+0700][7,373s][info   ][gc,heap     ] GC(570) Eden regions: 1->0(673)
[2024-12-04T16:40:48.224+0700][7,373s][info   ][gc,heap     ] GC(570) Survivor regions: 0->0(85)
[2024-12-04T16:40:48.224+0700][7,373s][info   ][gc,heap     ] GC(570) Old regions: 3->3
[2024-12-04T16:40:48.224+0700][7,373s][info   ][gc,heap     ] GC(570) Archive regions: 2->2
[2024-12-04T16:40:48.224+0700][7,373s][info   ][gc,heap     ] GC(570) Humongous regions: 1164->1164
[2024-12-04T16:40:48.224+0700][7,373s][info   ][gc,metaspace] GC(570) Metaspace: 5806K(6016K)->5806K(6016K) NonClass: 5144K(5248K)->5144K(5248K) Class: 661K(768K)->661K(768K)
[2024-12-04T16:40:48.224+0700][7,373s][info   ][gc          ] GC(570) Pause Young (Concurrent Start) (G1 Humongous Allocation) 1167M->1167M(2048M) 1,210ms
[2024-12-04T16:40:48.224+0700][7,373s][info   ][gc,cpu      ] GC(570) User=0,01s Sys=0,00s Real=0,01s
[2024-12-04T16:40:48.224+0700][7,373s][info   ][gc          ] GC(571) Concurrent Mark Cycle
[2024-12-04T16:40:48.224+0700][7,373s][info   ][gc,marking  ] GC(571) Concurrent Clear Claimed Marks
[2024-12-04T16:40:48.224+0700][7,373s][info   ][gc,marking  ] GC(571) Concurrent Clear Claimed Marks 0,008ms
[2024-12-04T16:40:48.224+0700][7,373s][info   ][gc,marking  ] GC(571) Concurrent Scan Root Regions
[2024-12-04T16:40:48.224+0700][7,373s][info   ][gc,marking  ] GC(571) Concurrent Scan Root Regions 0,004ms
[2024-12-04T16:40:48.224+0700][7,373s][info   ][gc,marking  ] GC(571) Concurrent Mark
[2024-12-04T16:40:48.224+0700][7,373s][info   ][gc,marking  ] GC(571) Concurrent Mark From Roots
[2024-12-04T16:40:48.224+0700][7,373s][info   ][gc,task     ] GC(571) Using 2 workers of 2 for marking
[2024-12-04T16:40:48.227+0700][7,376s][info   ][gc,marking  ] GC(571) Concurrent Mark From Roots 3,241ms
[2024-12-04T16:40:48.227+0700][7,376s][info   ][gc,marking  ] GC(571) Concurrent Preclean
[2024-12-04T16:40:48.227+0700][7,376s][info   ][gc,marking  ] GC(571) Concurrent Preclean 0,060ms
[2024-12-04T16:40:48.227+0700][7,376s][info   ][gc,start    ] GC(571) Pause Remark
[2024-12-04T16:40:48.228+0700][7,377s][info   ][gc          ] GC(571) Pause Remark 1168M->1168M(2048M) 0,671ms
[2024-12-04T16:40:48.228+0700][7,377s][info   ][gc,cpu      ] GC(571) User=0,00s Sys=0,00s Real=0,00s
[2024-12-04T16:40:48.228+0700][7,377s][info   ][gc,marking  ] GC(571) Concurrent Mark 4,082ms
[2024-12-04T16:40:48.228+0700][7,377s][info   ][gc,marking  ] GC(571) Concurrent Rebuild Remembered Sets
[2024-12-04T16:40:48.230+0700][7,379s][info   ][gc,marking  ] GC(571) Concurrent Rebuild Remembered Sets 1,503ms
[2024-12-04T16:40:48.230+0700][7,379s][info   ][gc,start    ] GC(571) Pause Cleanup
[2024-12-04T16:40:48.230+0700][7,379s][info   ][gc          ] GC(571) Pause Cleanup 1168M->1168M(2048M) 0,221ms
[2024-12-04T16:40:48.230+0700][7,379s][info   ][gc,cpu      ] GC(571) User=0,00s Sys=0,00s Real=0,00s
[2024-12-04T16:40:48.230+0700][7,379s][info   ][gc,marking  ] GC(571) Concurrent Cleanup for Next Mark
[2024-12-04T16:40:48.233+0700][7,382s][info   ][gc,marking  ] GC(571) Concurrent Cleanup for Next Mark 3,304ms
[2024-12-04T16:40:48.233+0700][7,382s][info   ][gc          ] GC(571) Concurrent Mark Cycle 9,310ms
[2024-12-04T16:40:48.236+0700][7,385s][info   ][gc,start    ] GC(572) Pause Young (Concurrent Start) (G1 Humongous Allocation)
[2024-12-04T16:40:48.236+0700][7,385s][info   ][gc,task     ] GC(572) Using 8 workers of 8 for evacuation
[2024-12-04T16:40:48.237+0700][7,386s][info   ][gc,phases   ] GC(572)   Pre Evacuate Collection Set: 0,5ms
[2024-12-04T16:40:48.237+0700][7,386s][info   ][gc,phases   ] GC(572)   Merge Heap Roots: 0,2ms
[2024-12-04T16:40:48.237+0700][7,386s][info   ][gc,phases   ] GC(572)   Evacuate Collection Set: 0,4ms
[2024-12-04T16:40:48.237+0700][7,386s][info   ][gc,phases   ] GC(572)   Post Evacuate Collection Set: 0,2ms
[2024-12-04T16:40:48.237+0700][7,386s][info   ][gc,phases   ] GC(572)   Other: 0,2ms
[2024-12-04T16:40:48.237+0700][7,386s][info   ][gc,heap     ] GC(572) Eden regions: 1->0(671)
[2024-12-04T16:40:48.237+0700][7,386s][info   ][gc,heap     ] GC(572) Survivor regions: 0->0(85)
[2024-12-04T16:40:48.237+0700][7,386s][info   ][gc,heap     ] GC(572) Old regions: 3->3
[2024-12-04T16:40:48.237+0700][7,386s][info   ][gc,heap     ] GC(572) Archive regions: 2->2
[2024-12-04T16:40:48.237+0700][7,386s][info   ][gc,heap     ] GC(572) Humongous regions: 1166->1166
[2024-12-04T16:40:48.237+0700][7,386s][info   ][gc,metaspace] GC(572) Metaspace: 5806K(6016K)->5806K(6016K) NonClass: 5144K(5248K)->5144K(5248K) Class: 661K(768K)->661K(768K)
[2024-12-04T16:40:48.237+0700][7,386s][info   ][gc          ] GC(572) Pause Young (Concurrent Start) (G1 Humongous Allocation) 1169M->1169M(2048M) 1,671ms
[2024-12-04T16:40:48.237+0700][7,386s][info   ][gc,cpu      ] GC(572) User=0,00s Sys=0,00s Real=0,00s
[2024-12-04T16:40:48.237+0700][7,386s][info   ][gc          ] GC(573) Concurrent Mark Cycle
[2024-12-04T16:40:48.237+0700][7,386s][info   ][gc,marking  ] GC(573) Concurrent Clear Claimed Marks
[2024-12-04T16:40:48.237+0700][7,386s][info   ][gc,marking  ] GC(573) Concurrent Clear Claimed Marks 0,015ms
[2024-12-04T16:40:48.237+0700][7,386s][info   ][gc,marking  ] GC(573) Concurrent Scan Root Regions
[2024-12-04T16:40:48.237+0700][7,386s][info   ][gc,marking  ] GC(573) Concurrent Scan Root Regions 0,006ms
[2024-12-04T16:40:48.237+0700][7,386s][info   ][gc,marking  ] GC(573) Concurrent Mark
[2024-12-04T16:40:48.237+0700][7,386s][info   ][gc,marking  ] GC(573) Concurrent Mark From Roots
[2024-12-04T16:40:48.237+0700][7,386s][info   ][gc,task     ] GC(573) Using 2 workers of 2 for marking
[2024-12-04T16:40:48.245+0700][7,394s][info   ][gc,marking  ] GC(573) Concurrent Mark From Roots 7,656ms
[2024-12-04T16:40:48.245+0700][7,394s][info   ][gc,marking  ] GC(573) Concurrent Preclean
[2024-12-04T16:40:48.245+0700][7,394s][info   ][gc,marking  ] GC(573) Concurrent Preclean 0,073ms
[2024-12-04T16:40:48.245+0700][7,394s][info   ][gc,start    ] GC(573) Pause Remark
[2024-12-04T16:40:48.246+0700][7,395s][info   ][gc          ] GC(573) Pause Remark 1171M->1171M(2048M) 0,719ms
[2024-12-04T16:40:48.246+0700][7,395s][info   ][gc,cpu      ] GC(573) User=0,00s Sys=0,00s Real=0,00s
[2024-12-04T16:40:48.246+0700][7,395s][info   ][gc,marking  ] GC(573) Concurrent Mark 8,603ms
[2024-12-04T16:40:48.246+0700][7,395s][info   ][gc,marking  ] GC(573) Concurrent Rebuild Remembered Sets
[2024-12-04T16:40:48.248+0700][7,396s][info   ][gc,marking  ] GC(573) Concurrent Rebuild Remembered Sets 1,501ms
[2024-12-04T16:40:48.248+0700][7,397s][info   ][gc,start    ] GC(573) Pause Cleanup
[2024-12-04T16:40:48.248+0700][7,397s][info   ][gc          ] GC(573) Pause Cleanup 1171M->1171M(2048M) 0,272ms
[2024-12-04T16:40:48.248+0700][7,397s][info   ][gc,cpu      ] GC(573) User=0,00s Sys=0,00s Real=0,00s
[2024-12-04T16:40:48.248+0700][7,397s][info   ][gc,marking  ] GC(573) Concurrent Cleanup for Next Mark
[2024-12-04T16:40:48.251+0700][7,400s][info   ][gc,marking  ] GC(573) Concurrent Cleanup for Next Mark 2,839ms
[2024-12-04T16:40:48.251+0700][7,400s][info   ][gc          ] GC(573) Concurrent Mark Cycle 13,392ms
[2024-12-04T16:40:48.254+0700][7,403s][info   ][gc,start    ] GC(574) Pause Young (Concurrent Start) (G1 Humongous Allocation)
[2024-12-04T16:40:48.254+0700][7,403s][info   ][gc,task     ] GC(574) Using 8 workers of 8 for evacuation
[2024-12-04T16:40:48.255+0700][7,404s][info   ][gc,phases   ] GC(574)   Pre Evacuate Collection Set: 0,2ms
[2024-12-04T16:40:48.256+0700][7,404s][info   ][gc,phases   ] GC(574)   Merge Heap Roots: 0,2ms
[2024-12-04T16:40:48.256+0700][7,404s][info   ][gc,phases   ] GC(574)   Evacuate Collection Set: 0,4ms
[2024-12-04T16:40:48.256+0700][7,404s][info   ][gc,phases   ] GC(574)   Post Evacuate Collection Set: 0,1ms
[2024-12-04T16:40:48.256+0700][7,404s][info   ][gc,phases   ] GC(574)   Other: 0,2ms
[2024-12-04T16:40:48.256+0700][7,404s][info   ][gc,heap     ] GC(574) Eden regions: 1->0(668)
[2024-12-04T16:40:48.256+0700][7,404s][info   ][gc,heap     ] GC(574) Survivor regions: 0->0(84)
[2024-12-04T16:40:48.256+0700][7,404s][info   ][gc,heap     ] GC(574) Old regions: 3->3
[2024-12-04T16:40:48.256+0700][7,404s][info   ][gc,heap     ] GC(574) Archive regions: 2->2
[2024-12-04T16:40:48.256+0700][7,404s][info   ][gc,heap     ] GC(574) Humongous regions: 1169->1169
[2024-12-04T16:40:48.256+0700][7,404s][info   ][gc,metaspace] GC(574) Metaspace: 5806K(6016K)->5806K(6016K) NonClass: 5144K(5248K)->5144K(5248K) Class: 661K(768K)->661K(768K)
[2024-12-04T16:40:48.256+0700][7,405s][info   ][gc          ] GC(574) Pause Young (Concurrent Start) (G1 Humongous Allocation) 1172M->1172M(2048M) 1,381ms
[2024-12-04T16:40:48.256+0700][7,405s][info   ][gc,cpu      ] GC(574) User=0,00s Sys=0,00s Real=0,00s
[2024-12-04T16:40:48.256+0700][7,405s][info   ][gc          ] GC(575) Concurrent Mark Cycle
[2024-12-04T16:40:48.256+0700][7,405s][info   ][gc,marking  ] GC(575) Concurrent Clear Claimed Marks
[2024-12-04T16:40:48.256+0700][7,405s][info   ][gc,marking  ] GC(575) Concurrent Clear Claimed Marks 0,014ms
[2024-12-04T16:40:48.256+0700][7,405s][info   ][gc,marking  ] GC(575) Concurrent Scan Root Regions
[2024-12-04T16:40:48.256+0700][7,405s][info   ][gc,marking  ] GC(575) Concurrent Scan Root Regions 0,005ms
[2024-12-04T16:40:48.256+0700][7,405s][info   ][gc,marking  ] GC(575) Concurrent Mark
[2024-12-04T16:40:48.256+0700][7,405s][info   ][gc,marking  ] GC(575) Concurrent Mark From Roots
[2024-12-04T16:40:48.256+0700][7,405s][info   ][gc,task     ] GC(575) Using 2 workers of 2 for marking
[2024-12-04T16:40:48.259+0700][7,408s][info   ][gc,marking  ] GC(575) Concurrent Mark From Roots 3,042ms
[2024-12-04T16:40:48.259+0700][7,408s][info   ][gc,marking  ] GC(575) Concurrent Preclean
[2024-12-04T16:40:48.259+0700][7,408s][info   ][gc,marking  ] GC(575) Concurrent Preclean 0,040ms
[2024-12-04T16:40:48.259+0700][7,408s][info   ][gc,start    ] GC(575) Pause Remark
[2024-12-04T16:40:48.260+0700][7,408s][info   ][gc          ] GC(575) Pause Remark 1173M->1173M(2048M) 0,706ms
[2024-12-04T16:40:48.260+0700][7,408s][info   ][gc,cpu      ] GC(575) User=0,00s Sys=0,00s Real=0,00s
[2024-12-04T16:40:48.260+0700][7,409s][info   ][gc,marking  ] GC(575) Concurrent Mark 3,887ms
[2024-12-04T16:40:48.260+0700][7,409s][info   ][gc,marking  ] GC(575) Concurrent Rebuild Remembered Sets
[2024-12-04T16:40:48.261+0700][7,410s][info   ][gc,marking  ] GC(575) Concurrent Rebuild Remembered Sets 1,630ms
[2024-12-04T16:40:48.261+0700][7,410s][info   ][gc,start    ] GC(575) Pause Cleanup
[2024-12-04T16:40:48.261+0700][7,410s][info   ][gc          ] GC(575) Pause Cleanup 1173M->1173M(2048M) 0,157ms
[2024-12-04T16:40:48.261+0700][7,410s][info   ][gc,cpu      ] GC(575) User=0,00s Sys=0,00s Real=0,00s
[2024-12-04T16:40:48.262+0700][7,410s][info   ][gc,marking  ] GC(575) Concurrent Cleanup for Next Mark
[2024-12-04T16:40:48.265+0700][7,414s][info   ][gc,marking  ] GC(575) Concurrent Cleanup for Next Mark 3,318ms
[2024-12-04T16:40:48.265+0700][7,414s][info   ][gc          ] GC(575) Concurrent Mark Cycle 9,181ms
[2024-12-04T16:40:48.267+0700][7,416s][info   ][gc,start    ] GC(576) Pause Young (Concurrent Start) (G1 Humongous Allocation)
[2024-12-04T16:40:48.267+0700][7,416s][info   ][gc,task     ] GC(576) Using 8 workers of 8 for evacuation
[2024-12-04T16:40:48.270+0700][7,419s][info   ][gc,phases   ] GC(576)   Pre Evacuate Collection Set: 0,3ms
[2024-12-04T16:40:48.270+0700][7,419s][info   ][gc,phases   ] GC(576)   Merge Heap Roots: 0,3ms
[2024-12-04T16:40:48.270+0700][7,419s][info   ][gc,phases   ] GC(576)   Evacuate Collection Set: 1,6ms
[2024-12-04T16:40:48.270+0700][7,419s][info   ][gc,phases   ] GC(576)   Post Evacuate Collection Set: 0,2ms
[2024-12-04T16:40:48.270+0700][7,419s][info   ][gc,phases   ] GC(576)   Other: 0,2ms
[2024-12-04T16:40:48.270+0700][7,419s][info   ][gc,heap     ] GC(576) Eden regions: 1->0(666)
[2024-12-04T16:40:48.270+0700][7,419s][info   ][gc,heap     ] GC(576) Survivor regions: 0->0(84)
[2024-12-04T16:40:48.270+0700][7,419s][info   ][gc,heap     ] GC(576) Old regions: 3->3
[2024-12-04T16:40:48.270+0700][7,419s][info   ][gc,heap     ] GC(576) Archive regions: 2->2
[2024-12-04T16:40:48.270+0700][7,419s][info   ][gc,heap     ] GC(576) Humongous regions: 1171->1171
[2024-12-04T16:40:48.270+0700][7,419s][info   ][gc,metaspace] GC(576) Metaspace: 5806K(6016K)->5806K(6016K) NonClass: 5144K(5248K)->5144K(5248K) Class: 661K(768K)->661K(768K)
[2024-12-04T16:40:48.270+0700][7,419s][info   ][gc          ] GC(576) Pause Young (Concurrent Start) (G1 Humongous Allocation) 1174M->1174M(2048M) 2,765ms
[2024-12-04T16:40:48.270+0700][7,419s][info   ][gc,cpu      ] GC(576) User=0,01s Sys=0,00s Real=0,00s
[2024-12-04T16:40:48.270+0700][7,419s][info   ][gc          ] GC(577) Concurrent Mark Cycle
[2024-12-04T16:40:48.270+0700][7,419s][info   ][gc,marking  ] GC(577) Concurrent Clear Claimed Marks
[2024-12-04T16:40:48.270+0700][7,419s][info   ][gc,marking  ] GC(577) Concurrent Clear Claimed Marks 0,023ms
[2024-12-04T16:40:48.270+0700][7,419s][info   ][gc,marking  ] GC(577) Concurrent Scan Root Regions
[2024-12-04T16:40:48.270+0700][7,419s][info   ][gc,marking  ] GC(577) Concurrent Scan Root Regions 0,005ms
[2024-12-04T16:40:48.270+0700][7,419s][info   ][gc,marking  ] GC(577) Concurrent Mark
[2024-12-04T16:40:48.270+0700][7,419s][info   ][gc,marking  ] GC(577) Concurrent Mark From Roots
[2024-12-04T16:40:48.270+0700][7,419s][info   ][gc,task     ] GC(577) Using 2 workers of 2 for marking
[2024-12-04T16:40:48.276+0700][7,425s][info   ][gc,marking  ] GC(577) Concurrent Mark From Roots 5,521ms
[2024-12-04T16:40:48.276+0700][7,425s][info   ][gc,marking  ] GC(577) Concurrent Preclean
[2024-12-04T16:40:48.276+0700][7,425s][info   ][gc,marking  ] GC(577) Concurrent Preclean 0,100ms
[2024-12-04T16:40:48.276+0700][7,425s][info   ][gc,start    ] GC(577) Pause Remark
[2024-12-04T16:40:48.278+0700][7,427s][info   ][gc          ] GC(577) Pause Remark 1176M->1176M(2048M) 1,811ms
[2024-12-04T16:40:48.278+0700][7,427s][info   ][gc,cpu      ] GC(577) User=0,00s Sys=0,00s Real=0,00s
[2024-12-04T16:40:48.278+0700][7,427s][info   ][gc,marking  ] GC(577) Concurrent Mark 8,099ms
[2024-12-04T16:40:48.278+0700][7,427s][info   ][gc,marking  ] GC(577) Concurrent Rebuild Remembered Sets
[2024-12-04T16:40:48.280+0700][7,429s][info   ][gc,marking  ] GC(577) Concurrent Rebuild Remembered Sets 1,844ms
[2024-12-04T16:40:48.280+0700][7,429s][info   ][gc,start    ] GC(577) Pause Cleanup
[2024-12-04T16:40:48.281+0700][7,430s][info   ][gc          ] GC(577) Pause Cleanup 1176M->1176M(2048M) 0,366ms
[2024-12-04T16:40:48.281+0700][7,430s][info   ][gc,cpu      ] GC(577) User=0,00s Sys=0,00s Real=0,00s
[2024-12-04T16:40:48.281+0700][7,430s][info   ][gc,marking  ] GC(577) Concurrent Cleanup for Next Mark
[2024-12-04T16:40:48.285+0700][7,434s][info   ][gc,marking  ] GC(577) Concurrent Cleanup for Next Mark 3,954ms
[2024-12-04T16:40:48.285+0700][7,434s][info   ][gc          ] GC(577) Concurrent Mark Cycle 14,572ms
[2024-12-04T16:40:48.289+0700][7,438s][info   ][gc,start    ] GC(578) Pause Young (Concurrent Start) (G1 Humongous Allocation)
[2024-12-04T16:40:48.289+0700][7,438s][info   ][gc,task     ] GC(578) Using 8 workers of 8 for evacuation
[2024-12-04T16:40:48.291+0700][7,440s][info   ][gc,phases   ] GC(578)   Pre Evacuate Collection Set: 0,4ms
[2024-12-04T16:40:48.291+0700][7,440s][info   ][gc,phases   ] GC(578)   Merge Heap Roots: 0,2ms
[2024-12-04T16:40:48.291+0700][7,440s][info   ][gc,phases   ] GC(578)   Evacuate Collection Set: 0,4ms
[2024-12-04T16:40:48.291+0700][7,440s][info   ][gc,phases   ] GC(578)   Post Evacuate Collection Set: 0,1ms
[2024-12-04T16:40:48.291+0700][7,440s][info   ][gc,phases   ] GC(578)   Other: 0,2ms
[2024-12-04T16:40:48.291+0700][7,440s][info   ][gc,heap     ] GC(578) Eden regions: 1->0(663)
[2024-12-04T16:40:48.291+0700][7,440s][info   ][gc,heap     ] GC(578) Survivor regions: 0->0(84)
[2024-12-04T16:40:48.291+0700][7,440s][info   ][gc,heap     ] GC(578) Old regions: 3->3
[2024-12-04T16:40:48.291+0700][7,440s][info   ][gc,heap     ] GC(578) Archive regions: 2->2
[2024-12-04T16:40:48.291+0700][7,440s][info   ][gc,heap     ] GC(578) Humongous regions: 1174->1174
[2024-12-04T16:40:48.291+0700][7,440s][info   ][gc,metaspace] GC(578) Metaspace: 5806K(6016K)->5806K(6016K) NonClass: 5144K(5248K)->5144K(5248K) Class: 661K(768K)->661K(768K)
[2024-12-04T16:40:48.291+0700][7,440s][info   ][gc          ] GC(578) Pause Young (Concurrent Start) (G1 Humongous Allocation) 1177M->1177M(2048M) 1,547ms
[2024-12-04T16:40:48.291+0700][7,440s][info   ][gc,cpu      ] GC(578) User=0,01s Sys=0,00s Real=0,00s
[2024-12-04T16:40:48.291+0700][7,440s][info   ][gc          ] GC(579) Concurrent Mark Cycle
[2024-12-04T16:40:48.291+0700][7,440s][info   ][gc,marking  ] GC(579) Concurrent Clear Claimed Marks
[2024-12-04T16:40:48.291+0700][7,440s][info   ][gc,marking  ] GC(579) Concurrent Clear Claimed Marks 0,012ms
[2024-12-04T16:40:48.291+0700][7,440s][info   ][gc,marking  ] GC(579) Concurrent Scan Root Regions
[2024-12-04T16:40:48.291+0700][7,440s][info   ][gc,marking  ] GC(579) Concurrent Scan Root Regions 0,004ms
[2024-12-04T16:40:48.291+0700][7,440s][info   ][gc,marking  ] GC(579) Concurrent Mark
[2024-12-04T16:40:48.291+0700][7,440s][info   ][gc,marking  ] GC(579) Concurrent Mark From Roots
[2024-12-04T16:40:48.291+0700][7,440s][info   ][gc,task     ] GC(579) Using 2 workers of 2 for marking
[2024-12-04T16:40:48.294+0700][7,443s][info   ][gc,marking  ] GC(579) Concurrent Mark From Roots 3,208ms
[2024-12-04T16:40:48.294+0700][7,443s][info   ][gc,marking  ] GC(579) Concurrent Preclean
[2024-12-04T16:40:48.294+0700][7,443s][info   ][gc,marking  ] GC(579) Concurrent Preclean 0,047ms
[2024-12-04T16:40:48.294+0700][7,443s][info   ][gc,start    ] GC(579) Pause Remark
[2024-12-04T16:40:48.295+0700][7,444s][info   ][gc          ] GC(579) Pause Remark 1178M->1178M(2048M) 0,731ms
[2024-12-04T16:40:48.295+0700][7,444s][info   ][gc,cpu      ] GC(579) User=0,00s Sys=0,00s Real=0,00s
[2024-12-04T16:40:48.295+0700][7,444s][info   ][gc,marking  ] GC(579) Concurrent Mark 4,080ms
[2024-12-04T16:40:48.295+0700][7,444s][info   ][gc,marking  ] GC(579) Concurrent Rebuild Remembered Sets
[2024-12-04T16:40:48.297+0700][7,445s][info   ][gc,marking  ] GC(579) Concurrent Rebuild Remembered Sets 1,425ms
[2024-12-04T16:40:48.297+0700][7,446s][info   ][gc,start    ] GC(579) Pause Cleanup
[2024-12-04T16:40:48.297+0700][7,446s][info   ][gc          ] GC(579) Pause Cleanup 1178M->1178M(2048M) 0,226ms
[2024-12-04T16:40:48.297+0700][7,446s][info   ][gc,cpu      ] GC(579) User=0,01s Sys=0,00s Real=0,00s
[2024-12-04T16:40:48.297+0700][7,446s][info   ][gc,marking  ] GC(579) Concurrent Cleanup for Next Mark
[2024-12-04T16:40:48.301+0700][7,449s][info   ][gc,marking  ] GC(579) Concurrent Cleanup for Next Mark 3,613ms
[2024-12-04T16:40:48.301+0700][7,450s][info   ][gc          ] GC(579) Concurrent Mark Cycle 9,696ms
[2024-12-04T16:40:48.303+0700][7,452s][info   ][gc,start    ] GC(580) Pause Young (Concurrent Start) (G1 Humongous Allocation)
[2024-12-04T16:40:48.304+0700][7,452s][info   ][gc,task     ] GC(580) Using 8 workers of 8 for evacuation
[2024-12-04T16:40:48.305+0700][7,454s][info   ][gc,phases   ] GC(580)   Pre Evacuate Collection Set: 0,4ms
[2024-12-04T16:40:48.305+0700][7,454s][info   ][gc,phases   ] GC(580)   Merge Heap Roots: 0,3ms
[2024-12-04T16:40:48.305+0700][7,454s][info   ][gc,phases   ] GC(580)   Evacuate Collection Set: 0,5ms
[2024-12-04T16:40:48.305+0700][7,454s][info   ][gc,phases   ] GC(580)   Post Evacuate Collection Set: 0,2ms
[2024-12-04T16:40:48.305+0700][7,454s][info   ][gc,phases   ] GC(580)   Other: 0,5ms
[2024-12-04T16:40:48.305+0700][7,454s][info   ][gc,heap     ] GC(580) Eden regions: 1->0(661)
[2024-12-04T16:40:48.305+0700][7,454s][info   ][gc,heap     ] GC(580) Survivor regions: 0->0(83)
[2024-12-04T16:40:48.305+0700][7,454s][info   ][gc,heap     ] GC(580) Old regions: 3->3
[2024-12-04T16:40:48.305+0700][7,454s][info   ][gc,heap     ] GC(580) Archive regions: 2->2
[2024-12-04T16:40:48.305+0700][7,454s][info   ][gc,heap     ] GC(580) Humongous regions: 1176->1176
[2024-12-04T16:40:48.305+0700][7,454s][info   ][gc,metaspace] GC(580) Metaspace: 5806K(6016K)->5806K(6016K) NonClass: 5144K(5248K)->5144K(5248K) Class: 661K(768K)->661K(768K)
[2024-12-04T16:40:48.305+0700][7,454s][info   ][gc          ] GC(580) Pause Young (Concurrent Start) (G1 Humongous Allocation) 1179M->1179M(2048M) 2,091ms
[2024-12-04T16:40:48.305+0700][7,454s][info   ][gc,cpu      ] GC(580) User=0,01s Sys=0,00s Real=0,00s
[2024-12-04T16:40:48.306+0700][7,454s][info   ][gc          ] GC(581) Concurrent Mark Cycle
[2024-12-04T16:40:48.306+0700][7,454s][info   ][gc,marking  ] GC(581) Concurrent Clear Claimed Marks
[2024-12-04T16:40:48.306+0700][7,454s][info   ][gc,marking  ] GC(581) Concurrent Clear Claimed Marks 0,036ms
[2024-12-04T16:40:48.306+0700][7,454s][info   ][gc,marking  ] GC(581) Concurrent Scan Root Regions
[2024-12-04T16:40:48.306+0700][7,454s][info   ][gc,marking  ] GC(581) Concurrent Scan Root Regions 0,010ms
[2024-12-04T16:40:48.306+0700][7,454s][info   ][gc,marking  ] GC(581) Concurrent Mark
[2024-12-04T16:40:48.306+0700][7,454s][info   ][gc,marking  ] GC(581) Concurrent Mark From Roots
[2024-12-04T16:40:48.306+0700][7,455s][info   ][gc,task     ] GC(581) Using 2 workers of 2 for marking
[2024-12-04T16:40:48.309+0700][7,458s][info   ][gc,marking  ] GC(581) Concurrent Mark From Roots 3,589ms
[2024-12-04T16:40:48.309+0700][7,458s][info   ][gc,marking  ] GC(581) Concurrent Preclean
[2024-12-04T16:40:48.309+0700][7,458s][info   ][gc,marking  ] GC(581) Concurrent Preclean 0,043ms
[2024-12-04T16:40:48.309+0700][7,458s][info   ][gc,start    ] GC(581) Pause Remark
[2024-12-04T16:40:48.310+0700][7,459s][info   ][gc          ] GC(581) Pause Remark 1180M->1180M(2048M) 0,783ms
[2024-12-04T16:40:48.310+0700][7,459s][info   ][gc,cpu      ] GC(581) User=0,01s Sys=0,00s Real=0,00s
[2024-12-04T16:40:48.310+0700][7,459s][info   ][gc,marking  ] GC(581) Concurrent Mark 4,546ms
[2024-12-04T16:40:48.310+0700][7,459s][info   ][gc,marking  ] GC(581) Concurrent Rebuild Remembered Sets
[2024-12-04T16:40:48.312+0700][7,461s][info   ][gc,marking  ] GC(581) Concurrent Rebuild Remembered Sets 1,614ms
[2024-12-04T16:40:48.312+0700][7,461s][info   ][gc,start    ] GC(581) Pause Cleanup
[2024-12-04T16:40:48.312+0700][7,461s][info   ][gc          ] GC(581) Pause Cleanup 1181M->1181M(2048M) 0,297ms
[2024-12-04T16:40:48.312+0700][7,461s][info   ][gc,cpu      ] GC(581) User=0,00s Sys=0,00s Real=0,00s
[2024-12-04T16:40:48.312+0700][7,461s][info   ][gc,marking  ] GC(581) Concurrent Cleanup for Next Mark
[2024-12-04T16:40:48.316+0700][7,465s][info   ][gc,marking  ] GC(581) Concurrent Cleanup for Next Mark 3,549ms
[2024-12-04T16:40:48.316+0700][7,465s][info   ][gc          ] GC(581) Concurrent Mark Cycle 10,581ms
[2024-12-04T16:40:48.318+0700][7,467s][info   ][gc,start    ] GC(582) Pause Young (Concurrent Start) (G1 Humongous Allocation)
[2024-12-04T16:40:48.318+0700][7,467s][info   ][gc,task     ] GC(582) Using 8 workers of 8 for evacuation
[2024-12-04T16:40:48.320+0700][7,469s][info   ][gc,phases   ] GC(582)   Pre Evacuate Collection Set: 0,5ms
[2024-12-04T16:40:48.320+0700][7,469s][info   ][gc,phases   ] GC(582)   Merge Heap Roots: 0,2ms
[2024-12-04T16:40:48.320+0700][7,469s][info   ][gc,phases   ] GC(582)   Evacuate Collection Set: 1,2ms
[2024-12-04T16:40:48.320+0700][7,469s][info   ][gc,phases   ] GC(582)   Post Evacuate Collection Set: 0,2ms
[2024-12-04T16:40:48.320+0700][7,469s][info   ][gc,phases   ] GC(582)   Other: 0,3ms
[2024-12-04T16:40:48.320+0700][7,469s][info   ][gc,heap     ] GC(582) Eden regions: 1->0(659)
[2024-12-04T16:40:48.320+0700][7,469s][info   ][gc,heap     ] GC(582) Survivor regions: 0->0(83)
[2024-12-04T16:40:48.320+0700][7,469s][info   ][gc,heap     ] GC(582) Old regions: 3->3
[2024-12-04T16:40:48.320+0700][7,469s][info   ][gc,heap     ] GC(582) Archive regions: 2->2
[2024-12-04T16:40:48.320+0700][7,469s][info   ][gc,heap     ] GC(582) Humongous regions: 1178->1178
[2024-12-04T16:40:48.320+0700][7,469s][info   ][gc,metaspace] GC(582) Metaspace: 5806K(6016K)->5806K(6016K) NonClass: 5144K(5248K)->5144K(5248K) Class: 661K(768K)->661K(768K)
[2024-12-04T16:40:48.320+0700][7,469s][info   ][gc          ] GC(582) Pause Young (Concurrent Start) (G1 Humongous Allocation) 1181M->1181M(2048M) 2,422ms
[2024-12-04T16:40:48.320+0700][7,469s][info   ][gc,cpu      ] GC(582) User=0,00s Sys=0,00s Real=0,00s
[2024-12-04T16:40:48.320+0700][7,469s][info   ][gc          ] GC(583) Concurrent Mark Cycle
[2024-12-04T16:40:48.320+0700][7,469s][info   ][gc,marking  ] GC(583) Concurrent Clear Claimed Marks
[2024-12-04T16:40:48.320+0700][7,469s][info   ][gc,marking  ] GC(583) Concurrent Clear Claimed Marks 0,022ms
[2024-12-04T16:40:48.320+0700][7,469s][info   ][gc,marking  ] GC(583) Concurrent Scan Root Regions
[2024-12-04T16:40:48.320+0700][7,469s][info   ][gc,marking  ] GC(583) Concurrent Scan Root Regions 0,005ms
[2024-12-04T16:40:48.320+0700][7,469s][info   ][gc,marking  ] GC(583) Concurrent Mark
[2024-12-04T16:40:48.320+0700][7,469s][info   ][gc,marking  ] GC(583) Concurrent Mark From Roots
[2024-12-04T16:40:48.320+0700][7,469s][info   ][gc,task     ] GC(583) Using 2 workers of 2 for marking
[2024-12-04T16:40:48.325+0700][7,474s][info   ][gc,marking  ] GC(583) Concurrent Mark From Roots 5,072ms
[2024-12-04T16:40:48.325+0700][7,474s][info   ][gc,marking  ] GC(583) Concurrent Preclean
[2024-12-04T16:40:48.325+0700][7,474s][info   ][gc,marking  ] GC(583) Concurrent Preclean 0,086ms
[2024-12-04T16:40:48.326+0700][7,474s][info   ][gc,start    ] GC(583) Pause Remark
[2024-12-04T16:40:48.327+0700][7,476s][info   ][gc          ] GC(583) Pause Remark 1182M->1182M(2048M) 1,670ms
[2024-12-04T16:40:48.327+0700][7,476s][info   ][gc,cpu      ] GC(583) User=0,00s Sys=0,00s Real=0,00s
[2024-12-04T16:40:48.327+0700][7,476s][info   ][gc,marking  ] GC(583) Concurrent Mark 7,098ms
[2024-12-04T16:40:48.327+0700][7,476s][info   ][gc,marking  ] GC(583) Concurrent Rebuild Remembered Sets
[2024-12-04T16:40:48.330+0700][7,479s][info   ][gc,marking  ] GC(583) Concurrent Rebuild Remembered Sets 2,313ms
[2024-12-04T16:40:48.330+0700][7,479s][info   ][gc,start    ] GC(583) Pause Cleanup
[2024-12-04T16:40:48.330+0700][7,479s][info   ][gc          ] GC(583) Pause Cleanup 1183M->1183M(2048M) 0,244ms
[2024-12-04T16:40:48.330+0700][7,479s][info   ][gc,cpu      ] GC(583) User=0,00s Sys=0,00s Real=0,00s
[2024-12-04T16:40:48.330+0700][7,479s][info   ][gc,marking  ] GC(583) Concurrent Cleanup for Next Mark
[2024-12-04T16:40:48.335+0700][7,484s][info   ][gc,marking  ] GC(583) Concurrent Cleanup for Next Mark 4,808ms
[2024-12-04T16:40:48.335+0700][7,484s][info   ][gc          ] GC(583) Concurrent Mark Cycle 14,784ms
[2024-12-04T16:40:48.339+0700][7,488s][info   ][gc,start    ] GC(584) Pause Young (Concurrent Start) (G1 Humongous Allocation)
[2024-12-04T16:40:48.339+0700][7,488s][info   ][gc,task     ] GC(584) Using 8 workers of 8 for evacuation
[2024-12-04T16:40:48.341+0700][7,489s][info   ][gc,phases   ] GC(584)   Pre Evacuate Collection Set: 0,4ms
[2024-12-04T16:40:48.341+0700][7,490s][info   ][gc,phases   ] GC(584)   Merge Heap Roots: 0,2ms
[2024-12-04T16:40:48.341+0700][7,490s][info   ][gc,phases   ] GC(584)   Evacuate Collection Set: 0,3ms
[2024-12-04T16:40:48.341+0700][7,490s][info   ][gc,phases   ] GC(584)   Post Evacuate Collection Set: 0,1ms
[2024-12-04T16:40:48.341+0700][7,490s][info   ][gc,phases   ] GC(584)   Other: 0,2ms
[2024-12-04T16:40:48.341+0700][7,490s][info   ][gc,heap     ] GC(584) Eden regions: 1->0(656)
[2024-12-04T16:40:48.341+0700][7,490s][info   ][gc,heap     ] GC(584) Survivor regions: 0->0(83)
[2024-12-04T16:40:48.341+0700][7,490s][info   ][gc,heap     ] GC(584) Old regions: 3->3
[2024-12-04T16:40:48.341+0700][7,490s][info   ][gc,heap     ] GC(584) Archive regions: 2->2
[2024-12-04T16:40:48.341+0700][7,490s][info   ][gc,heap     ] GC(584) Humongous regions: 1181->1181
[2024-12-04T16:40:48.341+0700][7,490s][info   ][gc,metaspace] GC(584) Metaspace: 5806K(6016K)->5806K(6016K) NonClass: 5144K(5248K)->5144K(5248K) Class: 661K(768K)->661K(768K)
[2024-12-04T16:40:48.341+0700][7,490s][info   ][gc          ] GC(584) Pause Young (Concurrent Start) (G1 Humongous Allocation) 1184M->1184M(2048M) 1,287ms
[2024-12-04T16:40:48.341+0700][7,490s][info   ][gc,cpu      ] GC(584) User=0,00s Sys=0,00s Real=0,00s
[2024-12-04T16:40:48.341+0700][7,490s][info   ][gc          ] GC(585) Concurrent Mark Cycle
[2024-12-04T16:40:48.341+0700][7,490s][info   ][gc,marking  ] GC(585) Concurrent Clear Claimed Marks
[2024-12-04T16:40:48.341+0700][7,490s][info   ][gc,marking  ] GC(585) Concurrent Clear Claimed Marks 0,013ms
[2024-12-04T16:40:48.341+0700][7,490s][info   ][gc,marking  ] GC(585) Concurrent Scan Root Regions
[2024-12-04T16:40:48.341+0700][7,490s][info   ][gc,marking  ] GC(585) Concurrent Scan Root Regions 0,006ms
[2024-12-04T16:40:48.341+0700][7,490s][info   ][gc,marking  ] GC(585) Concurrent Mark
[2024-12-04T16:40:48.341+0700][7,490s][info   ][gc,marking  ] GC(585) Concurrent Mark From Roots
[2024-12-04T16:40:48.341+0700][7,490s][info   ][gc,task     ] GC(585) Using 2 workers of 2 for marking
[2024-12-04T16:40:48.344+0700][7,493s][info   ][gc,marking  ] GC(585) Concurrent Mark From Roots 3,383ms
[2024-12-04T16:40:48.344+0700][7,493s][info   ][gc,marking  ] GC(585) Concurrent Preclean
[2024-12-04T16:40:48.344+0700][7,493s][info   ][gc,marking  ] GC(585) Concurrent Preclean 0,051ms
[2024-12-04T16:40:48.344+0700][7,493s][info   ][gc,start    ] GC(585) Pause Remark
[2024-12-04T16:40:48.345+0700][7,494s][info   ][gc          ] GC(585) Pause Remark 1185M->1185M(2048M) 0,823ms
[2024-12-04T16:40:48.345+0700][7,494s][info   ][gc,cpu      ] GC(585) User=0,00s Sys=0,00s Real=0,00s
[2024-12-04T16:40:48.345+0700][7,494s][info   ][gc,marking  ] GC(585) Concurrent Mark 4,406ms
[2024-12-04T16:40:48.345+0700][7,494s][info   ][gc,marking  ] GC(585) Concurrent Rebuild Remembered Sets
[2024-12-04T16:40:48.347+0700][7,496s][info   ][gc,marking  ] GC(585) Concurrent Rebuild Remembered Sets 1,944ms
[2024-12-04T16:40:48.347+0700][7,496s][info   ][gc,start    ] GC(585) Pause Cleanup
[2024-12-04T16:40:48.348+0700][7,497s][info   ][gc          ] GC(585) Pause Cleanup 1186M->1186M(2048M) 0,498ms
[2024-12-04T16:40:48.348+0700][7,497s][info   ][gc,cpu      ] GC(585) User=0,00s Sys=0,00s Real=0,00s
[2024-12-04T16:40:48.348+0700][7,497s][info   ][gc,marking  ] GC(585) Concurrent Cleanup for Next Mark
[2024-12-04T16:40:48.352+0700][7,501s][info   ][gc,marking  ] GC(585) Concurrent Cleanup for Next Mark 3,896ms
[2024-12-04T16:40:48.352+0700][7,501s][info   ][gc          ] GC(585) Concurrent Mark Cycle 11,116ms
[2024-12-04T16:40:48.352+0700][7,501s][info   ][gc,start    ] GC(586) Pause Young (Concurrent Start) (G1 Humongous Allocation)
[2024-12-04T16:40:48.352+0700][7,501s][info   ][gc,task     ] GC(586) Using 8 workers of 8 for evacuation
[2024-12-04T16:40:48.354+0700][7,503s][info   ][gc,phases   ] GC(586)   Pre Evacuate Collection Set: 0,4ms
[2024-12-04T16:40:48.354+0700][7,503s][info   ][gc,phases   ] GC(586)   Merge Heap Roots: 0,3ms
[2024-12-04T16:40:48.354+0700][7,503s][info   ][gc,phases   ] GC(586)   Evacuate Collection Set: 0,6ms
[2024-12-04T16:40:48.354+0700][7,503s][info   ][gc,phases   ] GC(586)   Post Evacuate Collection Set: 0,1ms
[2024-12-04T16:40:48.354+0700][7,503s][info   ][gc,phases   ] GC(586)   Other: 0,3ms
[2024-12-04T16:40:48.354+0700][7,503s][info   ][gc,heap     ] GC(586) Eden regions: 1->0(654)
[2024-12-04T16:40:48.354+0700][7,503s][info   ][gc,heap     ] GC(586) Survivor regions: 0->0(82)
[2024-12-04T16:40:48.354+0700][7,503s][info   ][gc,heap     ] GC(586) Old regions: 3->3
[2024-12-04T16:40:48.354+0700][7,503s][info   ][gc,heap     ] GC(586) Archive regions: 2->2
[2024-12-04T16:40:48.354+0700][7,503s][info   ][gc,heap     ] GC(586) Humongous regions: 1183->1183
[2024-12-04T16:40:48.354+0700][7,503s][info   ][gc,metaspace] GC(586) Metaspace: 5806K(6016K)->5806K(6016K) NonClass: 5144K(5248K)->5144K(5248K) Class: 661K(768K)->661K(768K)
[2024-12-04T16:40:48.354+0700][7,503s][info   ][gc          ] GC(586) Pause Young (Concurrent Start) (G1 Humongous Allocation) 1186M->1186M(2048M) 1,880ms
[2024-12-04T16:40:48.354+0700][7,503s][info   ][gc,cpu      ] GC(586) User=0,00s Sys=0,00s Real=0,01s
[2024-12-04T16:40:48.354+0700][7,503s][info   ][gc          ] GC(587) Concurrent Mark Cycle
[2024-12-04T16:40:48.354+0700][7,503s][info   ][gc,marking  ] GC(587) Concurrent Clear Claimed Marks
[2024-12-04T16:40:48.354+0700][7,503s][info   ][gc,marking  ] GC(587) Concurrent Clear Claimed Marks 0,018ms
[2024-12-04T16:40:48.354+0700][7,503s][info   ][gc,marking  ] GC(587) Concurrent Scan Root Regions
[2024-12-04T16:40:48.354+0700][7,503s][info   ][gc,marking  ] GC(587) Concurrent Scan Root Regions 0,007ms
[2024-12-04T16:40:48.354+0700][7,503s][info   ][gc,marking  ] GC(587) Concurrent Mark
[2024-12-04T16:40:48.354+0700][7,503s][info   ][gc,marking  ] GC(587) Concurrent Mark From Roots
[2024-12-04T16:40:48.354+0700][7,503s][info   ][gc,task     ] GC(587) Using 2 workers of 2 for marking
[2024-12-04T16:40:48.358+0700][7,507s][info   ][gc,marking  ] GC(587) Concurrent Mark From Roots 4,112ms
[2024-12-04T16:40:48.358+0700][7,507s][info   ][gc,marking  ] GC(587) Concurrent Preclean
[2024-12-04T16:40:48.358+0700][7,507s][info   ][gc,marking  ] GC(587) Concurrent Preclean 0,055ms
[2024-12-04T16:40:48.358+0700][7,507s][info   ][gc,start    ] GC(587) Pause Remark
[2024-12-04T16:40:48.359+0700][7,508s][info   ][gc          ] GC(587) Pause Remark 1187M->1187M(2048M) 0,899ms
[2024-12-04T16:40:48.359+0700][7,508s][info   ][gc,cpu      ] GC(587) User=0,00s Sys=0,00s Real=0,00s
[2024-12-04T16:40:48.359+0700][7,508s][info   ][gc,marking  ] GC(587) Concurrent Mark 5,218ms
[2024-12-04T16:40:48.359+0700][7,508s][info   ][gc,marking  ] GC(587) Concurrent Rebuild Remembered Sets
[2024-12-04T16:40:48.361+0700][7,510s][info   ][gc,marking  ] GC(587) Concurrent Rebuild Remembered Sets 1,753ms
[2024-12-04T16:40:48.361+0700][7,510s][info   ][gc,start    ] GC(587) Pause Cleanup
[2024-12-04T16:40:48.362+0700][7,511s][info   ][gc          ] GC(587) Pause Cleanup 1188M->1188M(2048M) 0,409ms
[2024-12-04T16:40:48.362+0700][7,511s][info   ][gc,cpu      ] GC(587) User=0,00s Sys=0,00s Real=0,00s
[2024-12-04T16:40:48.362+0700][7,511s][info   ][gc,marking  ] GC(587) Concurrent Cleanup for Next Mark
[2024-12-04T16:40:48.365+0700][7,514s][info   ][gc,marking  ] GC(587) Concurrent Cleanup for Next Mark 3,623ms
[2024-12-04T16:40:48.365+0700][7,514s][info   ][gc          ] GC(587) Concurrent Mark Cycle 11,356ms
[2024-12-04T16:40:48.366+0700][7,515s][info   ][gc,start    ] GC(588) Pause Young (Concurrent Start) (G1 Humongous Allocation)
[2024-12-04T16:40:48.366+0700][7,515s][info   ][gc,task     ] GC(588) Using 8 workers of 8 for evacuation
[2024-12-04T16:40:48.367+0700][7,516s][info   ][gc,phases   ] GC(588)   Pre Evacuate Collection Set: 0,4ms
[2024-12-04T16:40:48.367+0700][7,516s][info   ][gc,phases   ] GC(588)   Merge Heap Roots: 0,3ms
[2024-12-04T16:40:48.367+0700][7,516s][info   ][gc,phases   ] GC(588)   Evacuate Collection Set: 0,4ms
[2024-12-04T16:40:48.367+0700][7,516s][info   ][gc,phases   ] GC(588)   Post Evacuate Collection Set: 0,1ms
[2024-12-04T16:40:48.367+0700][7,516s][info   ][gc,phases   ] GC(588)   Other: 0,2ms
[2024-12-04T16:40:48.367+0700][7,516s][info   ][gc,heap     ] GC(588) Eden regions: 1->0(652)
[2024-12-04T16:40:48.367+0700][7,516s][info   ][gc,heap     ] GC(588) Survivor regions: 0->0(82)
[2024-12-04T16:40:48.367+0700][7,516s][info   ][gc,heap     ] GC(588) Old regions: 3->3
[2024-12-04T16:40:48.367+0700][7,516s][info   ][gc,heap     ] GC(588) Archive regions: 2->2
[2024-12-04T16:40:48.367+0700][7,516s][info   ][gc,heap     ] GC(588) Humongous regions: 1185->1185
[2024-12-04T16:40:48.367+0700][7,516s][info   ][gc,metaspace] GC(588) Metaspace: 5806K(6016K)->5806K(6016K) NonClass: 5144K(5248K)->5144K(5248K) Class: 661K(768K)->661K(768K)
[2024-12-04T16:40:48.367+0700][7,516s][info   ][gc          ] GC(588) Pause Young (Concurrent Start) (G1 Humongous Allocation) 1188M->1188M(2048M) 1,506ms
[2024-12-04T16:40:48.367+0700][7,516s][info   ][gc,cpu      ] GC(588) User=0,01s Sys=0,01s Real=0,00s
[2024-12-04T16:40:48.367+0700][7,516s][info   ][gc          ] GC(589) Concurrent Mark Cycle
[2024-12-04T16:40:48.367+0700][7,516s][info   ][gc,marking  ] GC(589) Concurrent Clear Claimed Marks
[2024-12-04T16:40:48.367+0700][7,516s][info   ][gc,marking  ] GC(589) Concurrent Clear Claimed Marks 0,014ms
[2024-12-04T16:40:48.367+0700][7,516s][info   ][gc,marking  ] GC(589) Concurrent Scan Root Regions
[2024-12-04T16:40:48.367+0700][7,516s][info   ][gc,marking  ] GC(589) Concurrent Scan Root Regions 0,007ms
[2024-12-04T16:40:48.367+0700][7,516s][info   ][gc,marking  ] GC(589) Concurrent Mark
[2024-12-04T16:40:48.367+0700][7,516s][info   ][gc,marking  ] GC(589) Concurrent Mark From Roots
[2024-12-04T16:40:48.367+0700][7,516s][info   ][gc,task     ] GC(589) Using 2 workers of 2 for marking
[2024-12-04T16:40:48.372+0700][7,521s][info   ][gc,marking  ] GC(589) Concurrent Mark From Roots 4,726ms
[2024-12-04T16:40:48.372+0700][7,521s][info   ][gc,marking  ] GC(589) Concurrent Preclean
[2024-12-04T16:40:48.372+0700][7,521s][info   ][gc,marking  ] GC(589) Concurrent Preclean 0,085ms
[2024-12-04T16:40:48.372+0700][7,521s][info   ][gc,start    ] GC(589) Pause Remark
[2024-12-04T16:40:48.374+0700][7,523s][info   ][gc          ] GC(589) Pause Remark 1189M->1189M(2048M) 1,800ms
[2024-12-04T16:40:48.374+0700][7,523s][info   ][gc,cpu      ] GC(589) User=0,00s Sys=0,00s Real=0,01s
[2024-12-04T16:40:48.374+0700][7,523s][info   ][gc,marking  ] GC(589) Concurrent Mark 6,934ms
[2024-12-04T16:40:48.374+0700][7,523s][info   ][gc,marking  ] GC(589) Concurrent Rebuild Remembered Sets
[2024-12-04T16:40:48.376+0700][7,525s][info   ][gc,marking  ] GC(589) Concurrent Rebuild Remembered Sets 1,683ms
[2024-12-04T16:40:48.376+0700][7,525s][info   ][gc,start    ] GC(589) Pause Cleanup
[2024-12-04T16:40:48.376+0700][7,525s][info   ][gc          ] GC(589) Pause Cleanup 1190M->1190M(2048M) 0,176ms
[2024-12-04T16:40:48.376+0700][7,525s][info   ][gc,cpu      ] GC(589) User=0,00s Sys=0,00s Real=0,00s
[2024-12-04T16:40:48.376+0700][7,525s][info   ][gc,marking  ] GC(589) Concurrent Cleanup for Next Mark
[2024-12-04T16:40:48.380+0700][7,529s][info   ][gc,marking  ] GC(589) Concurrent Cleanup for Next Mark 3,534ms
[2024-12-04T16:40:48.380+0700][7,529s][info   ][gc          ] GC(589) Concurrent Mark Cycle 12,577ms
[2024-12-04T16:40:48.380+0700][7,529s][info   ][gc,start    ] GC(590) Pause Young (Concurrent Start) (G1 Humongous Allocation)
[2024-12-04T16:40:48.380+0700][7,529s][info   ][gc,task     ] GC(590) Using 8 workers of 8 for evacuation
[2024-12-04T16:40:48.382+0700][7,530s][info   ][gc,phases   ] GC(590)   Pre Evacuate Collection Set: 0,4ms
[2024-12-04T16:40:48.382+0700][7,530s][info   ][gc,phases   ] GC(590)   Merge Heap Roots: 0,3ms
[2024-12-04T16:40:48.382+0700][7,530s][info   ][gc,phases   ] GC(590)   Evacuate Collection Set: 0,5ms
[2024-12-04T16:40:48.382+0700][7,530s][info   ][gc,phases   ] GC(590)   Post Evacuate Collection Set: 0,2ms
[2024-12-04T16:40:48.382+0700][7,530s][info   ][gc,phases   ] GC(590)   Other: 0,2ms
[2024-12-04T16:40:48.382+0700][7,530s][info   ][gc,heap     ] GC(590) Eden regions: 1->0(650)
[2024-12-04T16:40:48.382+0700][7,530s][info   ][gc,heap     ] GC(590) Survivor regions: 0->0(82)
[2024-12-04T16:40:48.382+0700][7,530s][info   ][gc,heap     ] GC(590) Old regions: 3->3
[2024-12-04T16:40:48.382+0700][7,530s][info   ][gc,heap     ] GC(590) Archive regions: 2->2
[2024-12-04T16:40:48.382+0700][7,530s][info   ][gc,heap     ] GC(590) Humongous regions: 1187->1187
[2024-12-04T16:40:48.382+0700][7,530s][info   ][gc,metaspace] GC(590) Metaspace: 5806K(6016K)->5806K(6016K) NonClass: 5144K(5248K)->5144K(5248K) Class: 661K(768K)->661K(768K)
[2024-12-04T16:40:48.382+0700][7,530s][info   ][gc          ] GC(590) Pause Young (Concurrent Start) (G1 Humongous Allocation) 1190M->1190M(2048M) 1,630ms
[2024-12-04T16:40:48.382+0700][7,531s][info   ][gc,cpu      ] GC(590) User=0,00s Sys=0,00s Real=0,00s
[2024-12-04T16:40:48.382+0700][7,531s][info   ][gc          ] GC(591) Concurrent Mark Cycle
[2024-12-04T16:40:48.382+0700][7,531s][info   ][gc,marking  ] GC(591) Concurrent Clear Claimed Marks
[2024-12-04T16:40:48.382+0700][7,531s][info   ][gc,marking  ] GC(591) Concurrent Clear Claimed Marks 0,011ms
[2024-12-04T16:40:48.382+0700][7,531s][info   ][gc,marking  ] GC(591) Concurrent Scan Root Regions
[2024-12-04T16:40:48.382+0700][7,531s][info   ][gc,marking  ] GC(591) Concurrent Scan Root Regions 0,004ms
[2024-12-04T16:40:48.382+0700][7,531s][info   ][gc,marking  ] GC(591) Concurrent Mark
[2024-12-04T16:40:48.382+0700][7,531s][info   ][gc,marking  ] GC(591) Concurrent Mark From Roots
[2024-12-04T16:40:48.382+0700][7,531s][info   ][gc,task     ] GC(591) Using 2 workers of 2 for marking
[2024-12-04T16:40:48.385+0700][7,534s][info   ][gc,marking  ] GC(591) Concurrent Mark From Roots 3,066ms
[2024-12-04T16:40:48.385+0700][7,534s][info   ][gc,marking  ] GC(591) Concurrent Preclean
[2024-12-04T16:40:48.385+0700][7,534s][info   ][gc,marking  ] GC(591) Concurrent Preclean 0,042ms
[2024-12-04T16:40:48.385+0700][7,534s][info   ][gc,start    ] GC(591) Pause Remark
[2024-12-04T16:40:48.386+0700][7,535s][info   ][gc          ] GC(591) Pause Remark 1191M->1191M(2048M) 1,294ms
[2024-12-04T16:40:48.386+0700][7,535s][info   ][gc,cpu      ] GC(591) User=0,00s Sys=0,00s Real=0,00s
[2024-12-04T16:40:48.386+0700][7,535s][info   ][gc,marking  ] GC(591) Concurrent Mark 4,586ms
[2024-12-04T16:40:48.386+0700][7,535s][info   ][gc,marking  ] GC(591) Concurrent Rebuild Remembered Sets
[2024-12-04T16:40:48.388+0700][7,537s][info   ][gc,marking  ] GC(591) Concurrent Rebuild Remembered Sets 1,678ms
[2024-12-04T16:40:48.388+0700][7,537s][info   ][gc,start    ] GC(591) Pause Cleanup
[2024-12-04T16:40:48.388+0700][7,537s][info   ][gc          ] GC(591) Pause Cleanup 1192M->1192M(2048M) 0,213ms
[2024-12-04T16:40:48.388+0700][7,537s][info   ][gc,cpu      ] GC(591) User=0,00s Sys=0,00s Real=0,00s
[2024-12-04T16:40:48.388+0700][7,537s][info   ][gc,marking  ] GC(591) Concurrent Cleanup for Next Mark
[2024-12-04T16:40:48.392+0700][7,541s][info   ][gc,marking  ] GC(591) Concurrent Cleanup for Next Mark 3,511ms
[2024-12-04T16:40:48.392+0700][7,541s][info   ][gc          ] GC(591) Concurrent Mark Cycle 10,201ms
[2024-12-04T16:40:48.393+0700][7,542s][info   ][gc,start    ] GC(592) Pause Young (Concurrent Start) (G1 Humongous Allocation)
[2024-12-04T16:40:48.393+0700][7,542s][info   ][gc,task     ] GC(592) Using 8 workers of 8 for evacuation
[2024-12-04T16:40:48.394+0700][7,543s][info   ][gc,phases   ] GC(592)   Pre Evacuate Collection Set: 0,2ms
[2024-12-04T16:40:48.394+0700][7,543s][info   ][gc,phases   ] GC(592)   Merge Heap Roots: 0,2ms
[2024-12-04T16:40:48.394+0700][7,543s][info   ][gc,phases   ] GC(592)   Evacuate Collection Set: 0,3ms
[2024-12-04T16:40:48.394+0700][7,543s][info   ][gc,phases   ] GC(592)   Post Evacuate Collection Set: 0,1ms
[2024-12-04T16:40:48.394+0700][7,543s][info   ][gc,phases   ] GC(592)   Other: 0,2ms
[2024-12-04T16:40:48.394+0700][7,543s][info   ][gc,heap     ] GC(592) Eden regions: 1->0(648)
[2024-12-04T16:40:48.394+0700][7,543s][info   ][gc,heap     ] GC(592) Survivor regions: 0->0(82)
[2024-12-04T16:40:48.394+0700][7,543s][info   ][gc,heap     ] GC(592) Old regions: 3->3
[2024-12-04T16:40:48.394+0700][7,543s][info   ][gc,heap     ] GC(592) Archive regions: 2->2
[2024-12-04T16:40:48.394+0700][7,543s][info   ][gc,heap     ] GC(592) Humongous regions: 1189->1189
[2024-12-04T16:40:48.394+0700][7,543s][info   ][gc,metaspace] GC(592) Metaspace: 5806K(6016K)->5806K(6016K) NonClass: 5144K(5248K)->5144K(5248K) Class: 661K(768K)->661K(768K)
[2024-12-04T16:40:48.394+0700][7,543s][info   ][gc          ] GC(592) Pause Young (Concurrent Start) (G1 Humongous Allocation) 1192M->1192M(2048M) 1,113ms
[2024-12-04T16:40:48.394+0700][7,543s][info   ][gc,cpu      ] GC(592) User=0,01s Sys=0,00s Real=0,01s
[2024-12-04T16:40:48.394+0700][7,543s][info   ][gc          ] GC(593) Concurrent Mark Cycle
[2024-12-04T16:40:48.394+0700][7,543s][info   ][gc,marking  ] GC(593) Concurrent Clear Claimed Marks
[2024-12-04T16:40:48.394+0700][7,543s][info   ][gc,marking  ] GC(593) Concurrent Clear Claimed Marks 0,013ms
[2024-12-04T16:40:48.394+0700][7,543s][info   ][gc,marking  ] GC(593) Concurrent Scan Root Regions
[2024-12-04T16:40:48.394+0700][7,543s][info   ][gc,marking  ] GC(593) Concurrent Scan Root Regions 0,003ms
[2024-12-04T16:40:48.394+0700][7,543s][info   ][gc,marking  ] GC(593) Concurrent Mark
[2024-12-04T16:40:48.394+0700][7,543s][info   ][gc,marking  ] GC(593) Concurrent Mark From Roots
[2024-12-04T16:40:48.394+0700][7,543s][info   ][gc,task     ] GC(593) Using 2 workers of 2 for marking
[2024-12-04T16:40:48.398+0700][7,547s][info   ][gc,marking  ] GC(593) Concurrent Mark From Roots 3,840ms
[2024-12-04T16:40:48.398+0700][7,547s][info   ][gc,marking  ] GC(593) Concurrent Preclean
[2024-12-04T16:40:48.398+0700][7,547s][info   ][gc,marking  ] GC(593) Concurrent Preclean 0,069ms
[2024-12-04T16:40:48.398+0700][7,547s][info   ][gc,start    ] GC(593) Pause Remark
[2024-12-04T16:40:48.400+0700][7,549s][info   ][gc          ] GC(593) Pause Remark 1194M->1194M(2048M) 1,475ms
[2024-12-04T16:40:48.400+0700][7,549s][info   ][gc,cpu      ] GC(593) User=0,01s Sys=0,00s Real=0,00s
[2024-12-04T16:40:48.400+0700][7,549s][info   ][gc,marking  ] GC(593) Concurrent Mark 5,632ms
[2024-12-04T16:40:48.400+0700][7,549s][info   ][gc,marking  ] GC(593) Concurrent Rebuild Remembered Sets
[2024-12-04T16:40:48.402+0700][7,550s][info   ][gc,marking  ] GC(593) Concurrent Rebuild Remembered Sets 1,742ms
[2024-12-04T16:40:48.402+0700][7,550s][info   ][gc,start    ] GC(593) Pause Cleanup
[2024-12-04T16:40:48.402+0700][7,551s][info   ][gc          ] GC(593) Pause Cleanup 1195M->1195M(2048M) 0,317ms
[2024-12-04T16:40:48.402+0700][7,551s][info   ][gc,cpu      ] GC(593) User=0,00s Sys=0,00s Real=0,00s
[2024-12-04T16:40:48.402+0700][7,551s][info   ][gc,marking  ] GC(593) Concurrent Cleanup for Next Mark
[2024-12-04T16:40:48.406+0700][7,554s][info   ][gc,marking  ] GC(593) Concurrent Cleanup for Next Mark 3,619ms
[2024-12-04T16:40:48.406+0700][7,555s][info   ][gc          ] GC(593) Concurrent Mark Cycle 11,556ms
[2024-12-04T16:40:48.411+0700][7,560s][info   ][gc,start    ] GC(594) Pause Young (Concurrent Start) (G1 Humongous Allocation)
[2024-12-04T16:40:48.411+0700][7,560s][info   ][gc,task     ] GC(594) Using 8 workers of 8 for evacuation
[2024-12-04T16:40:48.412+0700][7,561s][info   ][gc,phases   ] GC(594)   Pre Evacuate Collection Set: 0,2ms
[2024-12-04T16:40:48.412+0700][7,561s][info   ][gc,phases   ] GC(594)   Merge Heap Roots: 0,3ms
[2024-12-04T16:40:48.412+0700][7,561s][info   ][gc,phases   ] GC(594)   Evacuate Collection Set: 0,3ms
[2024-12-04T16:40:48.412+0700][7,561s][info   ][gc,phases   ] GC(594)   Post Evacuate Collection Set: 0,1ms
[2024-12-04T16:40:48.412+0700][7,561s][info   ][gc,phases   ] GC(594)   Other: 0,2ms
[2024-12-04T16:40:48.412+0700][7,561s][info   ][gc,heap     ] GC(594) Eden regions: 2->0(640)
[2024-12-04T16:40:48.412+0700][7,561s][info   ][gc,heap     ] GC(594) Survivor regions: 0->1(81)
[2024-12-04T16:40:48.412+0700][7,561s][info   ][gc,heap     ] GC(594) Old regions: 3->3
[2024-12-04T16:40:48.412+0700][7,561s][info   ][gc,heap     ] GC(594) Archive regions: 2->2
[2024-12-04T16:40:48.412+0700][7,561s][info   ][gc,heap     ] GC(594) Humongous regions: 1192->1192
[2024-12-04T16:40:48.412+0700][7,561s][info   ][gc,metaspace] GC(594) Metaspace: 5826K(6080K)->5826K(6080K) NonClass: 5161K(5312K)->5161K(5312K) Class: 664K(768K)->664K(768K)
[2024-12-04T16:40:48.413+0700][7,561s][info   ][gc          ] GC(594) Pause Young (Concurrent Start) (G1 Humongous Allocation) 1196M->1195M(2048M) 1,181ms
[2024-12-04T16:40:48.413+0700][7,561s][info   ][gc,cpu      ] GC(594) User=0,00s Sys=0,00s Real=0,00s
[2024-12-04T16:40:48.413+0700][7,561s][info   ][gc          ] GC(595) Concurrent Mark Cycle
[2024-12-04T16:40:48.413+0700][7,561s][info   ][gc,marking  ] GC(595) Concurrent Clear Claimed Marks
[2024-12-04T16:40:48.413+0700][7,561s][info   ][gc,marking  ] GC(595) Concurrent Clear Claimed Marks 0,012ms
[2024-12-04T16:40:48.413+0700][7,561s][info   ][gc,marking  ] GC(595) Concurrent Scan Root Regions
[2024-12-04T16:40:48.413+0700][7,561s][info   ][gc,marking  ] GC(595) Concurrent Scan Root Regions 0,056ms
[2024-12-04T16:40:48.413+0700][7,562s][info   ][gc,marking  ] GC(595) Concurrent Mark
[2024-12-04T16:40:48.413+0700][7,562s][info   ][gc,marking  ] GC(595) Concurrent Mark From Roots
[2024-12-04T16:40:48.413+0700][7,562s][info   ][gc,task     ] GC(595) Using 2 workers of 2 for marking
[2024-12-04T16:40:48.416+0700][7,564s][info   ][gc,marking  ] GC(595) Concurrent Mark From Roots 2,989ms
[2024-12-04T16:40:48.416+0700][7,565s][info   ][gc,marking  ] GC(595) Concurrent Preclean
[2024-12-04T16:40:48.416+0700][7,565s][info   ][gc,marking  ] GC(595) Concurrent Preclean 0,045ms
[2024-12-04T16:40:48.416+0700][7,565s][info   ][gc,start    ] GC(595) Pause Remark
[2024-12-04T16:40:48.416+0700][7,565s][info   ][gc          ] GC(595) Pause Remark 1196M->1196M(2048M) 0,620ms
[2024-12-04T16:40:48.416+0700][7,565s][info   ][gc,cpu      ] GC(595) User=0,00s Sys=0,00s Real=0,00s
[2024-12-04T16:40:48.416+0700][7,565s][info   ][gc,marking  ] GC(595) Concurrent Mark 3,764ms
[2024-12-04T16:40:48.416+0700][7,565s][info   ][gc,marking  ] GC(595) Concurrent Rebuild Remembered Sets
[2024-12-04T16:40:48.418+0700][7,567s][info   ][gc,marking  ] GC(595) Concurrent Rebuild Remembered Sets 1,282ms
[2024-12-04T16:40:48.418+0700][7,567s][info   ][gc,start    ] GC(595) Pause Cleanup
[2024-12-04T16:40:48.418+0700][7,567s][info   ][gc          ] GC(595) Pause Cleanup 1196M->1196M(2048M) 0,177ms
[2024-12-04T16:40:48.418+0700][7,567s][info   ][gc,cpu      ] GC(595) User=0,00s Sys=0,00s Real=0,00s
[2024-12-04T16:40:48.418+0700][7,567s][info   ][gc,marking  ] GC(595) Concurrent Cleanup for Next Mark
[2024-12-04T16:40:48.421+0700][7,570s][info   ][gc,marking  ] GC(595) Concurrent Cleanup for Next Mark 3,361ms
[2024-12-04T16:40:48.421+0700][7,570s][info   ][gc          ] GC(595) Concurrent Mark Cycle 8,821ms
[2024-12-04T16:40:48.424+0700][7,573s][info   ][gc,start    ] GC(596) Pause Young (Concurrent Start) (G1 Humongous Allocation)
[2024-12-04T16:40:48.424+0700][7,573s][info   ][gc,task     ] GC(596) Using 8 workers of 8 for evacuation
[2024-12-04T16:40:48.425+0700][7,574s][info   ][gc,phases   ] GC(596)   Pre Evacuate Collection Set: 0,2ms
[2024-12-04T16:40:48.425+0700][7,574s][info   ][gc,phases   ] GC(596)   Merge Heap Roots: 0,2ms
[2024-12-04T16:40:48.425+0700][7,574s][info   ][gc,phases   ] GC(596)   Evacuate Collection Set: 0,4ms
[2024-12-04T16:40:48.425+0700][7,574s][info   ][gc,phases   ] GC(596)   Post Evacuate Collection Set: 0,1ms
[2024-12-04T16:40:48.425+0700][7,574s][info   ][gc,phases   ] GC(596)   Other: 0,2ms
[2024-12-04T16:40:48.425+0700][7,574s][info   ][gc,heap     ] GC(596) Eden regions: 1->0(639)
[2024-12-04T16:40:48.425+0700][7,574s][info   ][gc,heap     ] GC(596) Survivor regions: 1->1(81)
[2024-12-04T16:40:48.425+0700][7,574s][info   ][gc,heap     ] GC(596) Old regions: 3->3
[2024-12-04T16:40:48.425+0700][7,574s][info   ][gc,heap     ] GC(596) Archive regions: 2->2
[2024-12-04T16:40:48.425+0700][7,574s][info   ][gc,heap     ] GC(596) Humongous regions: 1194->1194
[2024-12-04T16:40:48.425+0700][7,574s][info   ][gc,metaspace] GC(596) Metaspace: 5826K(6080K)->5826K(6080K) NonClass: 5161K(5312K)->5161K(5312K) Class: 664K(768K)->664K(768K)
[2024-12-04T16:40:48.425+0700][7,574s][info   ][gc          ] GC(596) Pause Young (Concurrent Start) (G1 Humongous Allocation) 1197M->1197M(2048M) 1,105ms
[2024-12-04T16:40:48.425+0700][7,574s][info   ][gc,cpu      ] GC(596) User=0,01s Sys=0,00s Real=0,00s
[2024-12-04T16:40:48.425+0700][7,574s][info   ][gc          ] GC(597) Concurrent Mark Cycle
[2024-12-04T16:40:48.425+0700][7,574s][info   ][gc,marking  ] GC(597) Concurrent Clear Claimed Marks
[2024-12-04T16:40:48.425+0700][7,574s][info   ][gc,marking  ] GC(597) Concurrent Clear Claimed Marks 0,030ms
[2024-12-04T16:40:48.425+0700][7,574s][info   ][gc,marking  ] GC(597) Concurrent Scan Root Regions
[2024-12-04T16:40:48.425+0700][7,574s][info   ][gc,marking  ] GC(597) Concurrent Scan Root Regions 0,091ms
[2024-12-04T16:40:48.425+0700][7,574s][info   ][gc,marking  ] GC(597) Concurrent Mark
[2024-12-04T16:40:48.425+0700][7,574s][info   ][gc,marking  ] GC(597) Concurrent Mark From Roots
[2024-12-04T16:40:48.425+0700][7,574s][info   ][gc,task     ] GC(597) Using 2 workers of 2 for marking
[2024-12-04T16:40:48.428+0700][7,577s][info   ][gc,marking  ] GC(597) Concurrent Mark From Roots 3,140ms
[2024-12-04T16:40:48.428+0700][7,577s][info   ][gc,marking  ] GC(597) Concurrent Preclean
[2024-12-04T16:40:48.428+0700][7,577s][info   ][gc,marking  ] GC(597) Concurrent Preclean 0,048ms
[2024-12-04T16:40:48.428+0700][7,577s][info   ][gc,start    ] GC(597) Pause Remark
[2024-12-04T16:40:48.429+0700][7,578s][info   ][gc          ] GC(597) Pause Remark 1198M->1198M(2048M) 0,641ms
[2024-12-04T16:40:48.429+0700][7,578s][info   ][gc,cpu      ] GC(597) User=0,00s Sys=0,00s Real=0,00s
[2024-12-04T16:40:48.429+0700][7,578s][info   ][gc,marking  ] GC(597) Concurrent Mark 3,927ms
[2024-12-04T16:40:48.429+0700][7,578s][info   ][gc,marking  ] GC(597) Concurrent Rebuild Remembered Sets
[2024-12-04T16:40:48.430+0700][7,579s][info   ][gc,marking  ] GC(597) Concurrent Rebuild Remembered Sets 1,292ms
[2024-12-04T16:40:48.430+0700][7,579s][info   ][gc,start    ] GC(597) Pause Cleanup
[2024-12-04T16:40:48.431+0700][7,580s][info   ][gc          ] GC(597) Pause Cleanup 1198M->1198M(2048M) 0,146ms
[2024-12-04T16:40:48.431+0700][7,580s][info   ][gc,cpu      ] GC(597) User=0,00s Sys=0,00s Real=0,00s
[2024-12-04T16:40:48.431+0700][7,580s][info   ][gc,marking  ] GC(597) Concurrent Cleanup for Next Mark
[2024-12-04T16:40:48.434+0700][7,583s][info   ][gc,marking  ] GC(597) Concurrent Cleanup for Next Mark 3,093ms
[2024-12-04T16:40:48.434+0700][7,583s][info   ][gc          ] GC(597) Concurrent Mark Cycle 8,735ms
[2024-12-04T16:40:48.437+0700][7,585s][info   ][gc,start    ] GC(598) Pause Young (Concurrent Start) (G1 Humongous Allocation)
[2024-12-04T16:40:48.437+0700][7,585s][info   ][gc,task     ] GC(598) Using 8 workers of 8 for evacuation
[2024-12-04T16:40:48.438+0700][7,587s][info   ][gc,phases   ] GC(598)   Pre Evacuate Collection Set: 0,4ms
[2024-12-04T16:40:48.438+0700][7,587s][info   ][gc,phases   ] GC(598)   Merge Heap Roots: 0,3ms
[2024-12-04T16:40:48.438+0700][7,587s][info   ][gc,phases   ] GC(598)   Evacuate Collection Set: 0,7ms
[2024-12-04T16:40:48.438+0700][7,587s][info   ][gc,phases   ] GC(598)   Post Evacuate Collection Set: 0,2ms
[2024-12-04T16:40:48.438+0700][7,587s][info   ][gc,phases   ] GC(598)   Other: 0,2ms
[2024-12-04T16:40:48.438+0700][7,587s][info   ][gc,heap     ] GC(598) Eden regions: 1->0(638)
[2024-12-04T16:40:48.438+0700][7,587s][info   ][gc,heap     ] GC(598) Survivor regions: 1->1(80)
[2024-12-04T16:40:48.438+0700][7,587s][info   ][gc,heap     ] GC(598) Old regions: 3->3
[2024-12-04T16:40:48.438+0700][7,587s][info   ][gc,heap     ] GC(598) Archive regions: 2->2
[2024-12-04T16:40:48.438+0700][7,587s][info   ][gc,heap     ] GC(598) Humongous regions: 1196->1196
[2024-12-04T16:40:48.438+0700][7,587s][info   ][gc,metaspace] GC(598) Metaspace: 5826K(6080K)->5826K(6080K) NonClass: 5161K(5312K)->5161K(5312K) Class: 664K(768K)->664K(768K)
[2024-12-04T16:40:48.438+0700][7,587s][info   ][gc          ] GC(598) Pause Young (Concurrent Start) (G1 Humongous Allocation) 1199M->1199M(2048M) 1,798ms
[2024-12-04T16:40:48.438+0700][7,587s][info   ][gc,cpu      ] GC(598) User=0,01s Sys=0,00s Real=0,00s
[2024-12-04T16:40:48.438+0700][7,587s][info   ][gc          ] GC(599) Concurrent Mark Cycle
[2024-12-04T16:40:48.438+0700][7,587s][info   ][gc,marking  ] GC(599) Concurrent Clear Claimed Marks
[2024-12-04T16:40:48.438+0700][7,587s][info   ][gc,marking  ] GC(599) Concurrent Clear Claimed Marks 0,010ms
[2024-12-04T16:40:48.438+0700][7,587s][info   ][gc,marking  ] GC(599) Concurrent Scan Root Regions
[2024-12-04T16:40:48.438+0700][7,587s][info   ][gc,marking  ] GC(599) Concurrent Scan Root Regions 0,064ms
[2024-12-04T16:40:48.438+0700][7,587s][info   ][gc,marking  ] GC(599) Concurrent Mark
[2024-12-04T16:40:48.438+0700][7,587s][info   ][gc,marking  ] GC(599) Concurrent Mark From Roots
[2024-12-04T16:40:48.439+0700][7,587s][info   ][gc,task     ] GC(599) Using 2 workers of 2 for marking
[2024-12-04T16:40:48.443+0700][7,592s][info   ][gc,marking  ] GC(599) Concurrent Mark From Roots 4,254ms
[2024-12-04T16:40:48.443+0700][7,592s][info   ][gc,marking  ] GC(599) Concurrent Preclean
[2024-12-04T16:40:48.443+0700][7,592s][info   ][gc,marking  ] GC(599) Concurrent Preclean 0,071ms
[2024-12-04T16:40:48.443+0700][7,592s][info   ][gc,start    ] GC(599) Pause Remark
[2024-12-04T16:40:48.445+0700][7,594s][info   ][gc          ] GC(599) Pause Remark 1200M->1200M(2048M) 2,191ms
[2024-12-04T16:40:48.445+0700][7,594s][info   ][gc,cpu      ] GC(599) User=0,00s Sys=0,00s Real=0,01s
[2024-12-04T16:40:48.445+0700][7,594s][info   ][gc,marking  ] GC(599) Concurrent Mark 6,770ms
[2024-12-04T16:40:48.445+0700][7,594s][info   ][gc,marking  ] GC(599) Concurrent Rebuild Remembered Sets
[2024-12-04T16:40:48.447+0700][7,596s][info   ][gc,marking  ] GC(599) Concurrent Rebuild Remembered Sets 1,923ms
[2024-12-04T16:40:48.447+0700][7,596s][info   ][gc,start    ] GC(599) Pause Cleanup
[2024-12-04T16:40:48.448+0700][7,596s][info   ][gc          ] GC(599) Pause Cleanup 1201M->1201M(2048M) 0,240ms
[2024-12-04T16:40:48.448+0700][7,596s][info   ][gc,cpu      ] GC(599) User=0,00s Sys=0,00s Real=0,00s
[2024-12-04T16:40:48.448+0700][7,596s][info   ][gc,marking  ] GC(599) Concurrent Cleanup for Next Mark
[2024-12-04T16:40:48.451+0700][7,600s][info   ][gc,marking  ] GC(599) Concurrent Cleanup for Next Mark 3,220ms
[2024-12-04T16:40:48.451+0700][7,600s][info   ][gc          ] GC(599) Concurrent Mark Cycle 12,473ms
[2024-12-04T16:40:48.451+0700][7,600s][info   ][gc,start    ] GC(600) Pause Young (Concurrent Start) (G1 Humongous Allocation)
[2024-12-04T16:40:48.451+0700][7,600s][info   ][gc,task     ] GC(600) Using 8 workers of 8 for evacuation
[2024-12-04T16:40:48.452+0700][7,601s][info   ][gc,phases   ] GC(600)   Pre Evacuate Collection Set: 0,2ms
[2024-12-04T16:40:48.452+0700][7,601s][info   ][gc,phases   ] GC(600)   Merge Heap Roots: 0,3ms
[2024-12-04T16:40:48.452+0700][7,601s][info   ][gc,phases   ] GC(600)   Evacuate Collection Set: 0,4ms
[2024-12-04T16:40:48.452+0700][7,601s][info   ][gc,phases   ] GC(600)   Post Evacuate Collection Set: 0,1ms
[2024-12-04T16:40:48.452+0700][7,601s][info   ][gc,phases   ] GC(600)   Other: 0,2ms
[2024-12-04T16:40:48.452+0700][7,601s][info   ][gc,heap     ] GC(600) Eden regions: 1->0(636)
[2024-12-04T16:40:48.452+0700][7,601s][info   ][gc,heap     ] GC(600) Survivor regions: 1->1(80)
[2024-12-04T16:40:48.452+0700][7,601s][info   ][gc,heap     ] GC(600) Old regions: 3->3
[2024-12-04T16:40:48.452+0700][7,601s][info   ][gc,heap     ] GC(600) Archive regions: 2->2
[2024-12-04T16:40:48.452+0700][7,601s][info   ][gc,heap     ] GC(600) Humongous regions: 1198->1198
[2024-12-04T16:40:48.452+0700][7,601s][info   ][gc,metaspace] GC(600) Metaspace: 5826K(6080K)->5826K(6080K) NonClass: 5161K(5312K)->5161K(5312K) Class: 664K(768K)->664K(768K)
[2024-12-04T16:40:48.452+0700][7,601s][info   ][gc          ] GC(600) Pause Young (Concurrent Start) (G1 Humongous Allocation) 1201M->1201M(2048M) 1,354ms
[2024-12-04T16:40:48.452+0700][7,601s][info   ][gc,cpu      ] GC(600) User=0,00s Sys=0,00s Real=0,00s
[2024-12-04T16:40:48.452+0700][7,601s][info   ][gc          ] GC(601) Concurrent Mark Cycle
[2024-12-04T16:40:48.452+0700][7,601s][info   ][gc,marking  ] GC(601) Concurrent Clear Claimed Marks
[2024-12-04T16:40:48.452+0700][7,601s][info   ][gc,marking  ] GC(601) Concurrent Clear Claimed Marks 0,017ms
[2024-12-04T16:40:48.452+0700][7,601s][info   ][gc,marking  ] GC(601) Concurrent Scan Root Regions
[2024-12-04T16:40:48.452+0700][7,601s][info   ][gc,marking  ] GC(601) Concurrent Scan Root Regions 0,083ms
[2024-12-04T16:40:48.452+0700][7,601s][info   ][gc,marking  ] GC(601) Concurrent Mark
[2024-12-04T16:40:48.452+0700][7,601s][info   ][gc,marking  ] GC(601) Concurrent Mark From Roots
[2024-12-04T16:40:48.453+0700][7,601s][info   ][gc,task     ] GC(601) Using 2 workers of 2 for marking
[2024-12-04T16:40:48.455+0700][7,604s][info   ][gc,marking  ] GC(601) Concurrent Mark From Roots 2,843ms
[2024-12-04T16:40:48.455+0700][7,604s][info   ][gc,marking  ] GC(601) Concurrent Preclean
[2024-12-04T16:40:48.455+0700][7,604s][info   ][gc,marking  ] GC(601) Concurrent Preclean 0,051ms
[2024-12-04T16:40:48.455+0700][7,604s][info   ][gc,start    ] GC(601) Pause Remark
[2024-12-04T16:40:48.456+0700][7,605s][info   ][gc          ] GC(601) Pause Remark 1202M->1202M(2048M) 0,679ms
[2024-12-04T16:40:48.456+0700][7,605s][info   ][gc,cpu      ] GC(601) User=0,00s Sys=0,00s Real=0,00s
[2024-12-04T16:40:48.456+0700][7,605s][info   ][gc,marking  ] GC(601) Concurrent Mark 3,704ms
[2024-12-04T16:40:48.456+0700][7,605s][info   ][gc,marking  ] GC(601) Concurrent Rebuild Remembered Sets
[2024-12-04T16:40:48.458+0700][7,606s][info   ][gc,marking  ] GC(601) Concurrent Rebuild Remembered Sets 1,376ms
[2024-12-04T16:40:48.458+0700][7,607s][info   ][gc,start    ] GC(601) Pause Cleanup
[2024-12-04T16:40:48.458+0700][7,607s][info   ][gc          ] GC(601) Pause Cleanup 1202M->1202M(2048M) 0,254ms
[2024-12-04T16:40:48.458+0700][7,607s][info   ][gc,cpu      ] GC(601) User=0,00s Sys=0,00s Real=0,00s
[2024-12-04T16:40:48.458+0700][7,607s][info   ][gc,marking  ] GC(601) Concurrent Cleanup for Next Mark
[2024-12-04T16:40:48.461+0700][7,610s][info   ][gc,marking  ] GC(601) Concurrent Cleanup for Next Mark 3,021ms
[2024-12-04T16:40:48.461+0700][7,610s][info   ][gc          ] GC(601) Concurrent Mark Cycle 8,719ms
[2024-12-04T16:40:48.465+0700][7,613s][info   ][gc,start    ] GC(602) Pause Young (Concurrent Start) (G1 Humongous Allocation)
[2024-12-04T16:40:48.465+0700][7,613s][info   ][gc,task     ] GC(602) Using 8 workers of 8 for evacuation
[2024-12-04T16:40:48.466+0700][7,615s][info   ][gc,phases   ] GC(602)   Pre Evacuate Collection Set: 0,2ms
[2024-12-04T16:40:48.466+0700][7,615s][info   ][gc,phases   ] GC(602)   Merge Heap Roots: 0,3ms
[2024-12-04T16:40:48.466+0700][7,615s][info   ][gc,phases   ] GC(602)   Evacuate Collection Set: 0,4ms
[2024-12-04T16:40:48.466+0700][7,615s][info   ][gc,phases   ] GC(602)   Post Evacuate Collection Set: 0,1ms
[2024-12-04T16:40:48.466+0700][7,615s][info   ][gc,phases   ] GC(602)   Other: 0,2ms
[2024-12-04T16:40:48.466+0700][7,615s][info   ][gc,heap     ] GC(602) Eden regions: 1->0(635)
[2024-12-04T16:40:48.466+0700][7,615s][info   ][gc,heap     ] GC(602) Survivor regions: 1->1(80)
[2024-12-04T16:40:48.466+0700][7,615s][info   ][gc,heap     ] GC(602) Old regions: 3->3
[2024-12-04T16:40:48.466+0700][7,615s][info   ][gc,heap     ] GC(602) Archive regions: 2->2
[2024-12-04T16:40:48.466+0700][7,615s][info   ][gc,heap     ] GC(602) Humongous regions: 1200->1200
[2024-12-04T16:40:48.466+0700][7,615s][info   ][gc,metaspace] GC(602) Metaspace: 5826K(6080K)->5826K(6080K) NonClass: 5161K(5312K)->5161K(5312K) Class: 664K(768K)->664K(768K)
[2024-12-04T16:40:48.466+0700][7,615s][info   ][gc          ] GC(602) Pause Young (Concurrent Start) (G1 Humongous Allocation) 1203M->1203M(2048M) 1,299ms
[2024-12-04T16:40:48.466+0700][7,615s][info   ][gc,cpu      ] GC(602) User=0,00s Sys=0,00s Real=0,00s
[2024-12-04T16:40:48.466+0700][7,615s][info   ][gc          ] GC(603) Concurrent Mark Cycle
[2024-12-04T16:40:48.466+0700][7,615s][info   ][gc,marking  ] GC(603) Concurrent Clear Claimed Marks
[2024-12-04T16:40:48.466+0700][7,615s][info   ][gc,marking  ] GC(603) Concurrent Clear Claimed Marks 0,010ms
[2024-12-04T16:40:48.466+0700][7,615s][info   ][gc,marking  ] GC(603) Concurrent Scan Root Regions
[2024-12-04T16:40:48.466+0700][7,615s][info   ][gc,marking  ] GC(603) Concurrent Scan Root Regions 0,070ms
[2024-12-04T16:40:48.466+0700][7,615s][info   ][gc,marking  ] GC(603) Concurrent Mark
[2024-12-04T16:40:48.466+0700][7,615s][info   ][gc,marking  ] GC(603) Concurrent Mark From Roots
[2024-12-04T16:40:48.466+0700][7,615s][info   ][gc,task     ] GC(603) Using 2 workers of 2 for marking
[2024-12-04T16:40:48.469+0700][7,618s][info   ][gc,marking  ] GC(603) Concurrent Mark From Roots 3,391ms
[2024-12-04T16:40:48.469+0700][7,618s][info   ][gc,marking  ] GC(603) Concurrent Preclean
[2024-12-04T16:40:48.470+0700][7,618s][info   ][gc,marking  ] GC(603) Concurrent Preclean 0,047ms
[2024-12-04T16:40:48.470+0700][7,618s][info   ][gc,start    ] GC(603) Pause Remark
[2024-12-04T16:40:48.471+0700][7,620s][info   ][gc          ] GC(603) Pause Remark 1204M->1204M(2048M) 1,315ms
[2024-12-04T16:40:48.471+0700][7,620s][info   ][gc,cpu      ] GC(603) User=0,00s Sys=0,00s Real=0,00s
[2024-12-04T16:40:48.471+0700][7,620s][info   ][gc,marking  ] GC(603) Concurrent Mark 4,897ms
[2024-12-04T16:40:48.471+0700][7,620s][info   ][gc,marking  ] GC(603) Concurrent Rebuild Remembered Sets
[2024-12-04T16:40:48.473+0700][7,622s][info   ][gc,marking  ] GC(603) Concurrent Rebuild Remembered Sets 1,968ms
[2024-12-04T16:40:48.473+0700][7,622s][info   ][gc,start    ] GC(603) Pause Cleanup
[2024-12-04T16:40:48.473+0700][7,622s][info   ][gc          ] GC(603) Pause Cleanup 1205M->1205M(2048M) 0,333ms
[2024-12-04T16:40:48.473+0700][7,622s][info   ][gc,cpu      ] GC(603) User=0,00s Sys=0,00s Real=0,01s
[2024-12-04T16:40:48.473+0700][7,622s][info   ][gc,marking  ] GC(603) Concurrent Cleanup for Next Mark
[2024-12-04T16:40:48.477+0700][7,626s][info   ][gc,marking  ] GC(603) Concurrent Cleanup for Next Mark 3,754ms
[2024-12-04T16:40:48.477+0700][7,626s][info   ][gc          ] GC(603) Concurrent Mark Cycle 11,231ms
[2024-12-04T16:40:48.478+0700][7,627s][info   ][gc,start    ] GC(604) Pause Young (Concurrent Start) (G1 Humongous Allocation)
[2024-12-04T16:40:48.478+0700][7,627s][info   ][gc,task     ] GC(604) Using 8 workers of 8 for evacuation
[2024-12-04T16:40:48.482+0700][7,631s][info   ][gc,phases   ] GC(604)   Pre Evacuate Collection Set: 0,6ms
[2024-12-04T16:40:48.483+0700][7,631s][info   ][gc,phases   ] GC(604)   Merge Heap Roots: 0,3ms
[2024-12-04T16:40:48.483+0700][7,631s][info   ][gc,phases   ] GC(604)   Evacuate Collection Set: 3,0ms
[2024-12-04T16:40:48.483+0700][7,631s][info   ][gc,phases   ] GC(604)   Post Evacuate Collection Set: 0,3ms
[2024-12-04T16:40:48.483+0700][7,631s][info   ][gc,phases   ] GC(604)   Other: 0,4ms
[2024-12-04T16:40:48.483+0700][7,631s][info   ][gc,heap     ] GC(604) Eden regions: 1->0(633)
[2024-12-04T16:40:48.483+0700][7,631s][info   ][gc,heap     ] GC(604) Survivor regions: 1->1(80)
[2024-12-04T16:40:48.483+0700][7,631s][info   ][gc,heap     ] GC(604) Old regions: 3->3
[2024-12-04T16:40:48.483+0700][7,631s][info   ][gc,heap     ] GC(604) Archive regions: 2->2
[2024-12-04T16:40:48.483+0700][7,631s][info   ][gc,heap     ] GC(604) Humongous regions: 1202->1202
[2024-12-04T16:40:48.483+0700][7,631s][info   ][gc,metaspace] GC(604) Metaspace: 5826K(6080K)->5826K(6080K) NonClass: 5161K(5312K)->5161K(5312K) Class: 664K(768K)->664K(768K)
[2024-12-04T16:40:48.483+0700][7,632s][info   ][gc          ] GC(604) Pause Young (Concurrent Start) (G1 Humongous Allocation) 1205M->1205M(2048M) 4,897ms
[2024-12-04T16:40:48.483+0700][7,632s][info   ][gc,cpu      ] GC(604) User=0,00s Sys=0,00s Real=0,00s
[2024-12-04T16:40:48.483+0700][7,632s][info   ][gc          ] GC(605) Concurrent Mark Cycle
[2024-12-04T16:40:48.483+0700][7,632s][info   ][gc,marking  ] GC(605) Concurrent Clear Claimed Marks
[2024-12-04T16:40:48.483+0700][7,632s][info   ][gc,marking  ] GC(605) Concurrent Clear Claimed Marks 0,024ms
[2024-12-04T16:40:48.483+0700][7,632s][info   ][gc,marking  ] GC(605) Concurrent Scan Root Regions
[2024-12-04T16:40:48.483+0700][7,632s][info   ][gc,marking  ] GC(605) Concurrent Scan Root Regions 0,094ms
[2024-12-04T16:40:48.483+0700][7,632s][info   ][gc,marking  ] GC(605) Concurrent Mark
[2024-12-04T16:40:48.483+0700][7,632s][info   ][gc,marking  ] GC(605) Concurrent Mark From Roots
[2024-12-04T16:40:48.483+0700][7,632s][info   ][gc,task     ] GC(605) Using 2 workers of 2 for marking
[2024-12-04T16:40:48.492+0700][7,641s][info   ][gc,marking  ] GC(605) Concurrent Mark From Roots 9,057ms
[2024-12-04T16:40:48.492+0700][7,641s][info   ][gc,marking  ] GC(605) Concurrent Preclean
[2024-12-04T16:40:48.492+0700][7,641s][info   ][gc,marking  ] GC(605) Concurrent Preclean 0,064ms
[2024-12-04T16:40:48.492+0700][7,641s][info   ][gc,start    ] GC(605) Pause Remark
[2024-12-04T16:40:48.493+0700][7,642s][info   ][gc          ] GC(605) Pause Remark 1207M->1207M(2048M) 1,179ms
[2024-12-04T16:40:48.493+0700][7,642s][info   ][gc,cpu      ] GC(605) User=0,01s Sys=0,00s Real=0,01s
[2024-12-04T16:40:48.493+0700][7,642s][info   ][gc,marking  ] GC(605) Concurrent Mark 10,505ms
[2024-12-04T16:40:48.493+0700][7,642s][info   ][gc,marking  ] GC(605) Concurrent Rebuild Remembered Sets
[2024-12-04T16:40:48.496+0700][7,645s][info   ][gc,marking  ] GC(605) Concurrent Rebuild Remembered Sets 2,310ms
[2024-12-04T16:40:48.496+0700][7,645s][info   ][gc,start    ] GC(605) Pause Cleanup
[2024-12-04T16:40:48.496+0700][7,645s][info   ][gc          ] GC(605) Pause Cleanup 1208M->1208M(2048M) 0,307ms
[2024-12-04T16:40:48.496+0700][7,645s][info   ][gc,cpu      ] GC(605) User=0,00s Sys=0,00s Real=0,00s
[2024-12-04T16:40:48.496+0700][7,645s][info   ][gc,marking  ] GC(605) Concurrent Cleanup for Next Mark
[2024-12-04T16:40:48.500+0700][7,649s][info   ][gc,marking  ] GC(605) Concurrent Cleanup for Next Mark 3,813ms
[2024-12-04T16:40:48.500+0700][7,649s][info   ][gc          ] GC(605) Concurrent Mark Cycle 17,376ms
[2024-12-04T16:40:48.500+0700][7,649s][info   ][gc,start    ] GC(606) Pause Young (Concurrent Start) (G1 Humongous Allocation)
[2024-12-04T16:40:48.500+0700][7,649s][info   ][gc,task     ] GC(606) Using 8 workers of 8 for evacuation
[2024-12-04T16:40:48.502+0700][7,651s][info   ][gc,phases   ] GC(606)   Pre Evacuate Collection Set: 0,3ms
[2024-12-04T16:40:48.502+0700][7,651s][info   ][gc,phases   ] GC(606)   Merge Heap Roots: 0,3ms
[2024-12-04T16:40:48.502+0700][7,651s][info   ][gc,phases   ] GC(606)   Evacuate Collection Set: 0,6ms
[2024-12-04T16:40:48.502+0700][7,651s][info   ][gc,phases   ] GC(606)   Post Evacuate Collection Set: 0,2ms
[2024-12-04T16:40:48.502+0700][7,651s][info   ][gc,phases   ] GC(606)   Other: 0,3ms
[2024-12-04T16:40:48.502+0700][7,651s][info   ][gc,heap     ] GC(606) Eden regions: 1->0(630)
[2024-12-04T16:40:48.502+0700][7,651s][info   ][gc,heap     ] GC(606) Survivor regions: 1->1(80)
[2024-12-04T16:40:48.502+0700][7,651s][info   ][gc,heap     ] GC(606) Old regions: 3->3
[2024-12-04T16:40:48.502+0700][7,651s][info   ][gc,heap     ] GC(606) Archive regions: 2->2
[2024-12-04T16:40:48.502+0700][7,651s][info   ][gc,heap     ] GC(606) Humongous regions: 1205->1205
[2024-12-04T16:40:48.502+0700][7,651s][info   ][gc,metaspace] GC(606) Metaspace: 5826K(6080K)->5826K(6080K) NonClass: 5161K(5312K)->5161K(5312K) Class: 664K(768K)->664K(768K)
[2024-12-04T16:40:48.502+0700][7,651s][info   ][gc          ] GC(606) Pause Young (Concurrent Start) (G1 Humongous Allocation) 1208M->1208M(2048M) 1,785ms
[2024-12-04T16:40:48.502+0700][7,651s][info   ][gc,cpu      ] GC(606) User=0,00s Sys=0,00s Real=0,00s
[2024-12-04T16:40:48.502+0700][7,651s][info   ][gc          ] GC(607) Concurrent Mark Cycle
[2024-12-04T16:40:48.502+0700][7,651s][info   ][gc,marking  ] GC(607) Concurrent Clear Claimed Marks
[2024-12-04T16:40:48.502+0700][7,651s][info   ][gc,marking  ] GC(607) Concurrent Clear Claimed Marks 0,017ms
[2024-12-04T16:40:48.502+0700][7,651s][info   ][gc,marking  ] GC(607) Concurrent Scan Root Regions
[2024-12-04T16:40:48.502+0700][7,651s][info   ][gc,marking  ] GC(607) Concurrent Scan Root Regions 0,111ms
[2024-12-04T16:40:48.502+0700][7,651s][info   ][gc,marking  ] GC(607) Concurrent Mark
[2024-12-04T16:40:48.502+0700][7,651s][info   ][gc,marking  ] GC(607) Concurrent Mark From Roots
[2024-12-04T16:40:48.502+0700][7,651s][info   ][gc,task     ] GC(607) Using 2 workers of 2 for marking
[2024-12-04T16:40:48.506+0700][7,655s][info   ][gc,marking  ] GC(607) Concurrent Mark From Roots 3,851ms
[2024-12-04T16:40:48.506+0700][7,655s][info   ][gc,marking  ] GC(607) Concurrent Preclean
[2024-12-04T16:40:48.506+0700][7,655s][info   ][gc,marking  ] GC(607) Concurrent Preclean 0,057ms
[2024-12-04T16:40:48.506+0700][7,655s][info   ][gc,start    ] GC(607) Pause Remark
[2024-12-04T16:40:48.507+0700][7,656s][info   ][gc          ] GC(607) Pause Remark 1209M->1209M(2048M) 1,145ms
[2024-12-04T16:40:48.507+0700][7,656s][info   ][gc,cpu      ] GC(607) User=0,00s Sys=0,00s Real=0,00s
[2024-12-04T16:40:48.507+0700][7,656s][info   ][gc,marking  ] GC(607) Concurrent Mark 5,270ms
[2024-12-04T16:40:48.507+0700][7,656s][info   ][gc,marking  ] GC(607) Concurrent Rebuild Remembered Sets
[2024-12-04T16:40:48.509+0700][7,658s][info   ][gc,marking  ] GC(607) Concurrent Rebuild Remembered Sets 2,006ms
[2024-12-04T16:40:48.510+0700][7,658s][info   ][gc,start    ] GC(607) Pause Cleanup
[2024-12-04T16:40:48.510+0700][7,659s][info   ][gc          ] GC(607) Pause Cleanup 1210M->1210M(2048M) 0,365ms
[2024-12-04T16:40:48.510+0700][7,659s][info   ][gc,cpu      ] GC(607) User=0,00s Sys=0,00s Real=0,00s
[2024-12-04T16:40:48.510+0700][7,659s][info   ][gc,marking  ] GC(607) Concurrent Cleanup for Next Mark
[2024-12-04T16:40:48.514+0700][7,663s][info   ][gc,marking  ] GC(607) Concurrent Cleanup for Next Mark 3,859ms
[2024-12-04T16:40:48.514+0700][7,663s][info   ][gc          ] GC(607) Concurrent Mark Cycle 11,906ms
[2024-12-04T16:40:48.514+0700][7,663s][info   ][gc,start    ] GC(608) Pause Young (Concurrent Start) (G1 Humongous Allocation)
[2024-12-04T16:40:48.514+0700][7,663s][info   ][gc,task     ] GC(608) Using 8 workers of 8 for evacuation
[2024-12-04T16:40:48.515+0700][7,664s][info   ][gc,phases   ] GC(608)   Pre Evacuate Collection Set: 0,3ms
[2024-12-04T16:40:48.516+0700][7,664s][info   ][gc,phases   ] GC(608)   Merge Heap Roots: 0,3ms
[2024-12-04T16:40:48.516+0700][7,664s][info   ][gc,phases   ] GC(608)   Evacuate Collection Set: 0,4ms
[2024-12-04T16:40:48.516+0700][7,664s][info   ][gc,phases   ] GC(608)   Post Evacuate Collection Set: 0,2ms
[2024-12-04T16:40:48.516+0700][7,664s][info   ][gc,phases   ] GC(608)   Other: 0,2ms
[2024-12-04T16:40:48.516+0700][7,664s][info   ][gc,heap     ] GC(608) Eden regions: 1->0(629)
[2024-12-04T16:40:48.516+0700][7,664s][info   ][gc,heap     ] GC(608) Survivor regions: 1->1(79)
[2024-12-04T16:40:48.516+0700][7,664s][info   ][gc,heap     ] GC(608) Old regions: 3->3
[2024-12-04T16:40:48.516+0700][7,664s][info   ][gc,heap     ] GC(608) Archive regions: 2->2
[2024-12-04T16:40:48.516+0700][7,664s][info   ][gc,heap     ] GC(608) Humongous regions: 1207->1207
[2024-12-04T16:40:48.516+0700][7,664s][info   ][gc,metaspace] GC(608) Metaspace: 5826K(6080K)->5826K(6080K) NonClass: 5161K(5312K)->5161K(5312K) Class: 664K(768K)->664K(768K)
[2024-12-04T16:40:48.516+0700][7,664s][info   ][gc          ] GC(608) Pause Young (Concurrent Start) (G1 Humongous Allocation) 1210M->1210M(2048M) 1,590ms
[2024-12-04T16:40:48.516+0700][7,664s][info   ][gc,cpu      ] GC(608) User=0,00s Sys=0,00s Real=0,00s
[2024-12-04T16:40:48.516+0700][7,664s][info   ][gc          ] GC(609) Concurrent Mark Cycle
[2024-12-04T16:40:48.516+0700][7,665s][info   ][gc,marking  ] GC(609) Concurrent Clear Claimed Marks
[2024-12-04T16:40:48.516+0700][7,665s][info   ][gc,marking  ] GC(609) Concurrent Clear Claimed Marks 0,034ms
[2024-12-04T16:40:48.516+0700][7,665s][info   ][gc,marking  ] GC(609) Concurrent Scan Root Regions
[2024-12-04T16:40:48.516+0700][7,665s][info   ][gc,marking  ] GC(609) Concurrent Scan Root Regions 0,088ms
[2024-12-04T16:40:48.516+0700][7,665s][info   ][gc,marking  ] GC(609) Concurrent Mark
[2024-12-04T16:40:48.516+0700][7,665s][info   ][gc,marking  ] GC(609) Concurrent Mark From Roots
[2024-12-04T16:40:48.516+0700][7,665s][info   ][gc,task     ] GC(609) Using 2 workers of 2 for marking
[2024-12-04T16:40:48.520+0700][7,669s][info   ][gc,marking  ] GC(609) Concurrent Mark From Roots 4,244ms
[2024-12-04T16:40:48.520+0700][7,669s][info   ][gc,marking  ] GC(609) Concurrent Preclean
[2024-12-04T16:40:48.520+0700][7,669s][info   ][gc,marking  ] GC(609) Concurrent Preclean 0,055ms
[2024-12-04T16:40:48.520+0700][7,669s][info   ][gc,start    ] GC(609) Pause Remark
[2024-12-04T16:40:48.522+0700][7,670s][info   ][gc          ] GC(609) Pause Remark 1211M->1211M(2048M) 1,333ms
[2024-12-04T16:40:48.522+0700][7,670s][info   ][gc,cpu      ] GC(609) User=0,00s Sys=0,00s Real=0,00s
[2024-12-04T16:40:48.522+0700][7,670s][info   ][gc,marking  ] GC(609) Concurrent Mark 5,824ms
[2024-12-04T16:40:48.522+0700][7,671s][info   ][gc,marking  ] GC(609) Concurrent Rebuild Remembered Sets
[2024-12-04T16:40:48.524+0700][7,672s][info   ][gc,marking  ] GC(609) Concurrent Rebuild Remembered Sets 1,958ms
[2024-12-04T16:40:48.524+0700][7,673s][info   ][gc,start    ] GC(609) Pause Cleanup
[2024-12-04T16:40:48.524+0700][7,673s][info   ][gc          ] GC(609) Pause Cleanup 1212M->1212M(2048M) 0,314ms
[2024-12-04T16:40:48.524+0700][7,673s][info   ][gc,cpu      ] GC(609) User=0,00s Sys=0,00s Real=0,00s
[2024-12-04T16:40:48.524+0700][7,673s][info   ][gc,marking  ] GC(609) Concurrent Cleanup for Next Mark
[2024-12-04T16:40:48.528+0700][7,677s][info   ][gc,marking  ] GC(609) Concurrent Cleanup for Next Mark 4,004ms
[2024-12-04T16:40:48.528+0700][7,677s][info   ][gc          ] GC(609) Concurrent Mark Cycle 12,524ms
[2024-12-04T16:40:48.534+0700][7,683s][info   ][gc,start    ] GC(610) Pause Young (Concurrent Start) (G1 Humongous Allocation)
[2024-12-04T16:40:48.534+0700][7,683s][info   ][gc,task     ] GC(610) Using 8 workers of 8 for evacuation
[2024-12-04T16:40:48.535+0700][7,684s][info   ][gc,phases   ] GC(610)   Pre Evacuate Collection Set: 0,2ms
[2024-12-04T16:40:48.535+0700][7,684s][info   ][gc,phases   ] GC(610)   Merge Heap Roots: 0,3ms
[2024-12-04T16:40:48.535+0700][7,684s][info   ][gc,phases   ] GC(610)   Evacuate Collection Set: 0,8ms
[2024-12-04T16:40:48.535+0700][7,684s][info   ][gc,phases   ] GC(610)   Post Evacuate Collection Set: 0,2ms
[2024-12-04T16:40:48.535+0700][7,684s][info   ][gc,phases   ] GC(610)   Other: 0,2ms
[2024-12-04T16:40:48.535+0700][7,684s][info   ][gc,heap     ] GC(610) Eden regions: 1->0(626)
[2024-12-04T16:40:48.536+0700][7,684s][info   ][gc,heap     ] GC(610) Survivor regions: 1->1(79)
[2024-12-04T16:40:48.536+0700][7,684s][info   ][gc,heap     ] GC(610) Old regions: 3->3
[2024-12-04T16:40:48.536+0700][7,684s][info   ][gc,heap     ] GC(610) Archive regions: 2->2
[2024-12-04T16:40:48.536+0700][7,684s][info   ][gc,heap     ] GC(610) Humongous regions: 1210->1210
[2024-12-04T16:40:48.536+0700][7,684s][info   ][gc,metaspace] GC(610) Metaspace: 5826K(6080K)->5826K(6080K) NonClass: 5161K(5312K)->5161K(5312K) Class: 664K(768K)->664K(768K)
[2024-12-04T16:40:48.536+0700][7,684s][info   ][gc          ] GC(610) Pause Young (Concurrent Start) (G1 Humongous Allocation) 1213M->1213M(2048M) 1,816ms
[2024-12-04T16:40:48.536+0700][7,684s][info   ][gc,cpu      ] GC(610) User=0,01s Sys=0,00s Real=0,00s
[2024-12-04T16:40:48.536+0700][7,684s][info   ][gc          ] GC(611) Concurrent Mark Cycle
[2024-12-04T16:40:48.536+0700][7,685s][info   ][gc,marking  ] GC(611) Concurrent Clear Claimed Marks
[2024-12-04T16:40:48.536+0700][7,685s][info   ][gc,marking  ] GC(611) Concurrent Clear Claimed Marks 0,035ms
[2024-12-04T16:40:48.536+0700][7,685s][info   ][gc,marking  ] GC(611) Concurrent Scan Root Regions
[2024-12-04T16:40:48.536+0700][7,685s][info   ][gc,marking  ] GC(611) Concurrent Scan Root Regions 0,139ms
[2024-12-04T16:40:48.536+0700][7,685s][info   ][gc,marking  ] GC(611) Concurrent Mark
[2024-12-04T16:40:48.536+0700][7,685s][info   ][gc,marking  ] GC(611) Concurrent Mark From Roots
[2024-12-04T16:40:48.536+0700][7,685s][info   ][gc,task     ] GC(611) Using 2 workers of 2 for marking
[2024-12-04T16:40:48.540+0700][7,689s][info   ][gc,marking  ] GC(611) Concurrent Mark From Roots 4,397ms
[2024-12-04T16:40:48.540+0700][7,689s][info   ][gc,marking  ] GC(611) Concurrent Preclean
[2024-12-04T16:40:48.540+0700][7,689s][info   ][gc,marking  ] GC(611) Concurrent Preclean 0,049ms
[2024-12-04T16:40:48.540+0700][7,689s][info   ][gc,start    ] GC(611) Pause Remark
[2024-12-04T16:40:48.542+0700][7,691s][info   ][gc          ] GC(611) Pause Remark 1214M->1214M(2048M) 1,290ms
[2024-12-04T16:40:48.542+0700][7,691s][info   ][gc,cpu      ] GC(611) User=0,00s Sys=0,00s Real=0,00s
[2024-12-04T16:40:48.542+0700][7,691s][info   ][gc,marking  ] GC(611) Concurrent Mark 5,915ms
[2024-12-04T16:40:48.542+0700][7,691s][info   ][gc,marking  ] GC(611) Concurrent Rebuild Remembered Sets
[2024-12-04T16:40:48.544+0700][7,692s][info   ][gc,marking  ] GC(611) Concurrent Rebuild Remembered Sets 1,802ms
[2024-12-04T16:40:48.544+0700][7,693s][info   ][gc,start    ] GC(611) Pause Cleanup
[2024-12-04T16:40:48.544+0700][7,693s][info   ][gc          ] GC(611) Pause Cleanup 1215M->1215M(2048M) 0,306ms
[2024-12-04T16:40:48.544+0700][7,693s][info   ][gc,cpu      ] GC(611) User=0,00s Sys=0,00s Real=0,00s
[2024-12-04T16:40:48.544+0700][7,693s][info   ][gc,marking  ] GC(611) Concurrent Cleanup for Next Mark
[2024-12-04T16:40:48.548+0700][7,697s][info   ][gc,marking  ] GC(611) Concurrent Cleanup for Next Mark 3,655ms
[2024-12-04T16:40:48.548+0700][7,697s][info   ][gc          ] GC(611) Concurrent Mark Cycle 12,121ms
[2024-12-04T16:40:48.554+0700][7,702s][info   ][gc,start    ] GC(612) Pause Young (Concurrent Start) (G1 Humongous Allocation)
[2024-12-04T16:40:48.554+0700][7,702s][info   ][gc,task     ] GC(612) Using 8 workers of 8 for evacuation
[2024-12-04T16:40:48.555+0700][7,704s][info   ][gc,phases   ] GC(612)   Pre Evacuate Collection Set: 0,2ms
[2024-12-04T16:40:48.555+0700][7,704s][info   ][gc,phases   ] GC(612)   Merge Heap Roots: 0,3ms
[2024-12-04T16:40:48.555+0700][7,704s][info   ][gc,phases   ] GC(612)   Evacuate Collection Set: 0,3ms
[2024-12-04T16:40:48.555+0700][7,704s][info   ][gc,phases   ] GC(612)   Post Evacuate Collection Set: 0,1ms
[2024-12-04T16:40:48.555+0700][7,704s][info   ][gc,phases   ] GC(612)   Other: 0,2ms
[2024-12-04T16:40:48.555+0700][7,704s][info   ][gc,heap     ] GC(612) Eden regions: 1->0(623)
[2024-12-04T16:40:48.555+0700][7,704s][info   ][gc,heap     ] GC(612) Survivor regions: 1->1(79)
[2024-12-04T16:40:48.555+0700][7,704s][info   ][gc,heap     ] GC(612) Old regions: 3->3
[2024-12-04T16:40:48.555+0700][7,704s][info   ][gc,heap     ] GC(612) Archive regions: 2->2
[2024-12-04T16:40:48.555+0700][7,704s][info   ][gc,heap     ] GC(612) Humongous regions: 1213->1213
[2024-12-04T16:40:48.555+0700][7,704s][info   ][gc,metaspace] GC(612) Metaspace: 5826K(6080K)->5826K(6080K) NonClass: 5161K(5312K)->5161K(5312K) Class: 664K(768K)->664K(768K)
[2024-12-04T16:40:48.555+0700][7,704s][info   ][gc          ] GC(612) Pause Young (Concurrent Start) (G1 Humongous Allocation) 1216M->1216M(2048M) 1,206ms
[2024-12-04T16:40:48.555+0700][7,704s][info   ][gc,cpu      ] GC(612) User=0,00s Sys=0,00s Real=0,00s
[2024-12-04T16:40:48.555+0700][7,704s][info   ][gc          ] GC(613) Concurrent Mark Cycle
[2024-12-04T16:40:48.555+0700][7,704s][info   ][gc,marking  ] GC(613) Concurrent Clear Claimed Marks
[2024-12-04T16:40:48.555+0700][7,704s][info   ][gc,marking  ] GC(613) Concurrent Clear Claimed Marks 0,018ms
[2024-12-04T16:40:48.555+0700][7,704s][info   ][gc,marking  ] GC(613) Concurrent Scan Root Regions
[2024-12-04T16:40:48.555+0700][7,704s][info   ][gc,marking  ] GC(613) Concurrent Scan Root Regions 0,095ms
[2024-12-04T16:40:48.555+0700][7,704s][info   ][gc,marking  ] GC(613) Concurrent Mark
[2024-12-04T16:40:48.555+0700][7,704s][info   ][gc,marking  ] GC(613) Concurrent Mark From Roots
[2024-12-04T16:40:48.555+0700][7,704s][info   ][gc,task     ] GC(613) Using 2 workers of 2 for marking
[2024-12-04T16:40:48.559+0700][7,707s][info   ][gc,marking  ] GC(613) Concurrent Mark From Roots 3,652ms
[2024-12-04T16:40:48.559+0700][7,707s][info   ][gc,marking  ] GC(613) Concurrent Preclean
[2024-12-04T16:40:48.559+0700][7,708s][info   ][gc,marking  ] GC(613) Concurrent Preclean 0,046ms
[2024-12-04T16:40:48.559+0700][7,708s][info   ][gc,start    ] GC(613) Pause Remark
[2024-12-04T16:40:48.560+0700][7,708s][info   ][gc          ] GC(613) Pause Remark 1217M->1217M(2048M) 0,805ms
[2024-12-04T16:40:48.560+0700][7,708s][info   ][gc,cpu      ] GC(613) User=0,00s Sys=0,00s Real=0,00s
[2024-12-04T16:40:48.560+0700][7,708s][info   ][gc,marking  ] GC(613) Concurrent Mark 4,652ms
[2024-12-04T16:40:48.560+0700][7,708s][info   ][gc,marking  ] GC(613) Concurrent Rebuild Remembered Sets
[2024-12-04T16:40:48.561+0700][7,710s][info   ][gc,marking  ] GC(613) Concurrent Rebuild Remembered Sets 1,565ms
[2024-12-04T16:40:48.561+0700][7,710s][info   ][gc,start    ] GC(613) Pause Cleanup
[2024-12-04T16:40:48.562+0700][7,711s][info   ][gc          ] GC(613) Pause Cleanup 1218M->1218M(2048M) 0,424ms
[2024-12-04T16:40:48.562+0700][7,711s][info   ][gc,cpu      ] GC(613) User=0,00s Sys=0,00s Real=0,00s
[2024-12-04T16:40:48.562+0700][7,711s][info   ][gc,marking  ] GC(613) Concurrent Cleanup for Next Mark
[2024-12-04T16:40:48.565+0700][7,714s][info   ][gc,marking  ] GC(613) Concurrent Cleanup for Next Mark 3,440ms
[2024-12-04T16:40:48.565+0700][7,714s][info   ][gc          ] GC(613) Concurrent Mark Cycle 10,515ms
[2024-12-04T16:40:48.567+0700][7,716s][info   ][gc,start    ] GC(614) Pause Young (Concurrent Start) (G1 Humongous Allocation)
[2024-12-04T16:40:48.567+0700][7,716s][info   ][gc,task     ] GC(614) Using 8 workers of 8 for evacuation
[2024-12-04T16:40:48.569+0700][7,718s][info   ][gc,phases   ] GC(614)   Pre Evacuate Collection Set: 0,6ms
[2024-12-04T16:40:48.569+0700][7,718s][info   ][gc,phases   ] GC(614)   Merge Heap Roots: 0,3ms
[2024-12-04T16:40:48.569+0700][7,718s][info   ][gc,phases   ] GC(614)   Evacuate Collection Set: 0,8ms
[2024-12-04T16:40:48.569+0700][7,718s][info   ][gc,phases   ] GC(614)   Post Evacuate Collection Set: 0,2ms
[2024-12-04T16:40:48.569+0700][7,718s][info   ][gc,phases   ] GC(614)   Other: 0,3ms
[2024-12-04T16:40:48.569+0700][7,718s][info   ][gc,heap     ] GC(614) Eden regions: 1->0(621)
[2024-12-04T16:40:48.569+0700][7,718s][info   ][gc,heap     ] GC(614) Survivor regions: 1->1(78)
[2024-12-04T16:40:48.569+0700][7,718s][info   ][gc,heap     ] GC(614) Old regions: 3->3
[2024-12-04T16:40:48.569+0700][7,718s][info   ][gc,heap     ] GC(614) Archive regions: 2->2
[2024-12-04T16:40:48.569+0700][7,718s][info   ][gc,heap     ] GC(614) Humongous regions: 1215->1215
[2024-12-04T16:40:48.569+0700][7,718s][info   ][gc,metaspace] GC(614) Metaspace: 5826K(6080K)->5826K(6080K) NonClass: 5161K(5312K)->5161K(5312K) Class: 664K(768K)->664K(768K)
[2024-12-04T16:40:48.569+0700][7,718s][info   ][gc          ] GC(614) Pause Young (Concurrent Start) (G1 Humongous Allocation) 1218M->1218M(2048M) 2,357ms
[2024-12-04T16:40:48.569+0700][7,718s][info   ][gc,cpu      ] GC(614) User=0,00s Sys=0,00s Real=0,00s
[2024-12-04T16:40:48.569+0700][7,718s][info   ][gc          ] GC(615) Concurrent Mark Cycle
[2024-12-04T16:40:48.569+0700][7,718s][info   ][gc,marking  ] GC(615) Concurrent Clear Claimed Marks
[2024-12-04T16:40:48.569+0700][7,718s][info   ][gc,marking  ] GC(615) Concurrent Clear Claimed Marks 0,021ms
[2024-12-04T16:40:48.569+0700][7,718s][info   ][gc,marking  ] GC(615) Concurrent Scan Root Regions
[2024-12-04T16:40:48.570+0700][7,718s][info   ][gc,marking  ] GC(615) Concurrent Scan Root Regions 0,154ms
[2024-12-04T16:40:48.570+0700][7,719s][info   ][gc,marking  ] GC(615) Concurrent Mark
[2024-12-04T16:40:48.570+0700][7,719s][info   ][gc,marking  ] GC(615) Concurrent Mark From Roots
[2024-12-04T16:40:48.570+0700][7,719s][info   ][gc,task     ] GC(615) Using 2 workers of 2 for marking
[2024-12-04T16:40:48.575+0700][7,724s][info   ][gc,marking  ] GC(615) Concurrent Mark From Roots 5,353ms
[2024-12-04T16:40:48.575+0700][7,724s][info   ][gc,marking  ] GC(615) Concurrent Preclean
[2024-12-04T16:40:48.575+0700][7,724s][info   ][gc,marking  ] GC(615) Concurrent Preclean 0,076ms
[2024-12-04T16:40:48.575+0700][7,724s][info   ][gc,start    ] GC(615) Pause Remark
[2024-12-04T16:40:48.577+0700][7,726s][info   ][gc          ] GC(615) Pause Remark 1219M->1219M(2048M) 1,386ms
[2024-12-04T16:40:48.577+0700][7,726s][info   ][gc,cpu      ] GC(615) User=0,00s Sys=0,00s Real=0,00s
[2024-12-04T16:40:48.577+0700][7,726s][info   ][gc,marking  ] GC(615) Concurrent Mark 7,053ms
[2024-12-04T16:40:48.577+0700][7,726s][info   ][gc,marking  ] GC(615) Concurrent Rebuild Remembered Sets
[2024-12-04T16:40:48.579+0700][7,728s][info   ][gc,marking  ] GC(615) Concurrent Rebuild Remembered Sets 2,106ms
[2024-12-04T16:40:48.579+0700][7,728s][info   ][gc,start    ] GC(615) Pause Cleanup
[2024-12-04T16:40:48.579+0700][7,728s][info   ][gc          ] GC(615) Pause Cleanup 1220M->1220M(2048M) 0,336ms
[2024-12-04T16:40:48.579+0700][7,728s][info   ][gc,cpu      ] GC(615) User=0,00s Sys=0,00s Real=0,00s
[2024-12-04T16:40:48.579+0700][7,728s][info   ][gc,marking  ] GC(615) Concurrent Cleanup for Next Mark
[2024-12-04T16:40:48.584+0700][7,733s][info   ][gc,marking  ] GC(615) Concurrent Cleanup for Next Mark 4,570ms
[2024-12-04T16:40:48.584+0700][7,733s][info   ][gc          ] GC(615) Concurrent Mark Cycle 14,598ms
[2024-12-04T16:40:48.589+0700][7,738s][info   ][gc,start    ] GC(616) Pause Young (Concurrent Start) (G1 Humongous Allocation)
[2024-12-04T16:40:48.589+0700][7,738s][info   ][gc,task     ] GC(616) Using 8 workers of 8 for evacuation
[2024-12-04T16:40:48.590+0700][7,739s][info   ][gc,phases   ] GC(616)   Pre Evacuate Collection Set: 0,2ms
[2024-12-04T16:40:48.590+0700][7,739s][info   ][gc,phases   ] GC(616)   Merge Heap Roots: 0,3ms
[2024-12-04T16:40:48.590+0700][7,739s][info   ][gc,phases   ] GC(616)   Evacuate Collection Set: 0,4ms
[2024-12-04T16:40:48.590+0700][7,739s][info   ][gc,phases   ] GC(616)   Post Evacuate Collection Set: 0,1ms
[2024-12-04T16:40:48.590+0700][7,739s][info   ][gc,phases   ] GC(616)   Other: 0,2ms
[2024-12-04T16:40:48.590+0700][7,739s][info   ][gc,heap     ] GC(616) Eden regions: 1->0(618)
[2024-12-04T16:40:48.590+0700][7,739s][info   ][gc,heap     ] GC(616) Survivor regions: 1->1(78)
[2024-12-04T16:40:48.590+0700][7,739s][info   ][gc,heap     ] GC(616) Old regions: 3->3
[2024-12-04T16:40:48.590+0700][7,739s][info   ][gc,heap     ] GC(616) Archive regions: 2->2
[2024-12-04T16:40:48.590+0700][7,739s][info   ][gc,heap     ] GC(616) Humongous regions: 1218->1218
[2024-12-04T16:40:48.590+0700][7,739s][info   ][gc,metaspace] GC(616) Metaspace: 5826K(6080K)->5826K(6080K) NonClass: 5161K(5312K)->5161K(5312K) Class: 664K(768K)->664K(768K)
[2024-12-04T16:40:48.590+0700][7,739s][info   ][gc          ] GC(616) Pause Young (Concurrent Start) (G1 Humongous Allocation) 1221M->1221M(2048M) 1,275ms
[2024-12-04T16:40:48.590+0700][7,739s][info   ][gc,cpu      ] GC(616) User=0,00s Sys=0,00s Real=0,00s
[2024-12-04T16:40:48.590+0700][7,739s][info   ][gc          ] GC(617) Concurrent Mark Cycle
[2024-12-04T16:40:48.590+0700][7,739s][info   ][gc,marking  ] GC(617) Concurrent Clear Claimed Marks
[2024-12-04T16:40:48.590+0700][7,739s][info   ][gc,marking  ] GC(617) Concurrent Clear Claimed Marks 0,012ms
[2024-12-04T16:40:48.590+0700][7,739s][info   ][gc,marking  ] GC(617) Concurrent Scan Root Regions
[2024-12-04T16:40:48.590+0700][7,739s][info   ][gc,marking  ] GC(617) Concurrent Scan Root Regions 0,062ms
[2024-12-04T16:40:48.590+0700][7,739s][info   ][gc,marking  ] GC(617) Concurrent Mark
[2024-12-04T16:40:48.590+0700][7,739s][info   ][gc,marking  ] GC(617) Concurrent Mark From Roots
[2024-12-04T16:40:48.590+0700][7,739s][info   ][gc,task     ] GC(617) Using 2 workers of 2 for marking
[2024-12-04T16:40:48.593+0700][7,742s][info   ][gc,marking  ] GC(617) Concurrent Mark From Roots 2,863ms
[2024-12-04T16:40:48.593+0700][7,742s][info   ][gc,marking  ] GC(617) Concurrent Preclean
[2024-12-04T16:40:48.593+0700][7,742s][info   ][gc,marking  ] GC(617) Concurrent Preclean 0,040ms
[2024-12-04T16:40:48.593+0700][7,742s][info   ][gc,start    ] GC(617) Pause Remark
[2024-12-04T16:40:48.594+0700][7,743s][info   ][gc          ] GC(617) Pause Remark 1222M->1222M(2048M) 0,655ms
[2024-12-04T16:40:48.594+0700][7,743s][info   ][gc,cpu      ] GC(617) User=0,00s Sys=0,00s Real=0,00s
[2024-12-04T16:40:48.594+0700][7,743s][info   ][gc,marking  ] GC(617) Concurrent Mark 3,652ms
[2024-12-04T16:40:48.594+0700][7,743s][info   ][gc,marking  ] GC(617) Concurrent Rebuild Remembered Sets
[2024-12-04T16:40:48.595+0700][7,744s][info   ][gc,marking  ] GC(617) Concurrent Rebuild Remembered Sets 1,369ms
[2024-12-04T16:40:48.595+0700][7,744s][info   ][gc,start    ] GC(617) Pause Cleanup
[2024-12-04T16:40:48.595+0700][7,744s][info   ][gc          ] GC(617) Pause Cleanup 1222M->1222M(2048M) 0,163ms
[2024-12-04T16:40:48.595+0700][7,744s][info   ][gc,cpu      ] GC(617) User=0,00s Sys=0,00s Real=0,00s
[2024-12-04T16:40:48.595+0700][7,744s][info   ][gc,marking  ] GC(617) Concurrent Cleanup for Next Mark
[2024-12-04T16:40:48.599+0700][7,748s][info   ][gc,marking  ] GC(617) Concurrent Cleanup for Next Mark 3,494ms
[2024-12-04T16:40:48.599+0700][7,748s][info   ][gc          ] GC(617) Concurrent Mark Cycle 8,942ms
[2024-12-04T16:40:48.602+0700][7,751s][info   ][gc,start    ] GC(618) Pause Young (Concurrent Start) (G1 Humongous Allocation)
[2024-12-04T16:40:48.602+0700][7,751s][info   ][gc,task     ] GC(618) Using 8 workers of 8 for evacuation
[2024-12-04T16:40:48.603+0700][7,752s][info   ][gc,phases   ] GC(618)   Pre Evacuate Collection Set: 0,2ms
[2024-12-04T16:40:48.603+0700][7,752s][info   ][gc,phases   ] GC(618)   Merge Heap Roots: 0,2ms
[2024-12-04T16:40:48.603+0700][7,752s][info   ][gc,phases   ] GC(618)   Evacuate Collection Set: 0,4ms
[2024-12-04T16:40:48.603+0700][7,752s][info   ][gc,phases   ] GC(618)   Post Evacuate Collection Set: 0,2ms
[2024-12-04T16:40:48.603+0700][7,752s][info   ][gc,phases   ] GC(618)   Other: 0,3ms
[2024-12-04T16:40:48.603+0700][7,752s][info   ][gc,heap     ] GC(618) Eden regions: 1->0(616)
[2024-12-04T16:40:48.603+0700][7,752s][info   ][gc,heap     ] GC(618) Survivor regions: 1->1(78)
[2024-12-04T16:40:48.603+0700][7,752s][info   ][gc,heap     ] GC(618) Old regions: 3->3
[2024-12-04T16:40:48.603+0700][7,752s][info   ][gc,heap     ] GC(618) Archive regions: 2->2
[2024-12-04T16:40:48.603+0700][7,752s][info   ][gc,heap     ] GC(618) Humongous regions: 1220->1220
[2024-12-04T16:40:48.603+0700][7,752s][info   ][gc,metaspace] GC(618) Metaspace: 5826K(6080K)->5826K(6080K) NonClass: 5161K(5312K)->5161K(5312K) Class: 664K(768K)->664K(768K)
[2024-12-04T16:40:48.603+0700][7,752s][info   ][gc          ] GC(618) Pause Young (Concurrent Start) (G1 Humongous Allocation) 1223M->1223M(2048M) 1,354ms
[2024-12-04T16:40:48.603+0700][7,752s][info   ][gc,cpu      ] GC(618) User=0,00s Sys=0,01s Real=0,01s
[2024-12-04T16:40:48.603+0700][7,752s][info   ][gc          ] GC(619) Concurrent Mark Cycle
[2024-12-04T16:40:48.603+0700][7,752s][info   ][gc,marking  ] GC(619) Concurrent Clear Claimed Marks
[2024-12-04T16:40:48.603+0700][7,752s][info   ][gc,marking  ] GC(619) Concurrent Clear Claimed Marks 0,011ms
[2024-12-04T16:40:48.603+0700][7,752s][info   ][gc,marking  ] GC(619) Concurrent Scan Root Regions
[2024-12-04T16:40:48.604+0700][7,752s][info   ][gc,marking  ] GC(619) Concurrent Scan Root Regions 0,056ms
[2024-12-04T16:40:48.604+0700][7,752s][info   ][gc,marking  ] GC(619) Concurrent Mark
[2024-12-04T16:40:48.604+0700][7,752s][info   ][gc,marking  ] GC(619) Concurrent Mark From Roots
[2024-12-04T16:40:48.604+0700][7,752s][info   ][gc,task     ] GC(619) Using 2 workers of 2 for marking
[2024-12-04T16:40:48.607+0700][7,756s][info   ][gc,marking  ] GC(619) Concurrent Mark From Roots 3,240ms
[2024-12-04T16:40:48.607+0700][7,756s][info   ][gc,marking  ] GC(619) Concurrent Preclean
[2024-12-04T16:40:48.607+0700][7,756s][info   ][gc,marking  ] GC(619) Concurrent Preclean 0,051ms
[2024-12-04T16:40:48.607+0700][7,756s][info   ][gc,start    ] GC(619) Pause Remark
[2024-12-04T16:40:48.608+0700][7,756s][info   ][gc          ] GC(619) Pause Remark 1224M->1224M(2048M) 0,687ms
[2024-12-04T16:40:48.608+0700][7,756s][info   ][gc,cpu      ] GC(619) User=0,01s Sys=0,00s Real=0,00s
[2024-12-04T16:40:48.608+0700][7,756s][info   ][gc,marking  ] GC(619) Concurrent Mark 4,079ms
[2024-12-04T16:40:48.608+0700][7,757s][info   ][gc,marking  ] GC(619) Concurrent Rebuild Remembered Sets
[2024-12-04T16:40:48.609+0700][7,758s][info   ][gc,marking  ] GC(619) Concurrent Rebuild Remembered Sets 1,729ms
[2024-12-04T16:40:48.610+0700][7,759s][info   ][gc,start    ] GC(619) Pause Cleanup
[2024-12-04T16:40:48.610+0700][7,759s][info   ][gc          ] GC(619) Pause Cleanup 1225M->1225M(2048M) 0,300ms
[2024-12-04T16:40:48.610+0700][7,759s][info   ][gc,cpu      ] GC(619) User=0,00s Sys=0,00s Real=0,00s
[2024-12-04T16:40:48.610+0700][7,759s][info   ][gc,marking  ] GC(619) Concurrent Cleanup for Next Mark
[2024-12-04T16:40:48.614+0700][7,762s][info   ][gc,marking  ] GC(619) Concurrent Cleanup for Next Mark 3,509ms
[2024-12-04T16:40:48.614+0700][7,762s][info   ][gc          ] GC(619) Concurrent Mark Cycle 10,151ms
[2024-12-04T16:40:48.615+0700][7,764s][info   ][gc,start    ] GC(620) Pause Young (Concurrent Start) (G1 Humongous Allocation)
[2024-12-04T16:40:48.615+0700][7,764s][info   ][gc,task     ] GC(620) Using 8 workers of 8 for evacuation
[2024-12-04T16:40:48.617+0700][7,766s][info   ][gc,phases   ] GC(620)   Pre Evacuate Collection Set: 0,4ms
[2024-12-04T16:40:48.617+0700][7,766s][info   ][gc,phases   ] GC(620)   Merge Heap Roots: 0,3ms
[2024-12-04T16:40:48.617+0700][7,766s][info   ][gc,phases   ] GC(620)   Evacuate Collection Set: 0,5ms
[2024-12-04T16:40:48.617+0700][7,766s][info   ][gc,phases   ] GC(620)   Post Evacuate Collection Set: 0,2ms
[2024-12-04T16:40:48.617+0700][7,766s][info   ][gc,phases   ] GC(620)   Other: 0,2ms
[2024-12-04T16:40:48.617+0700][7,766s][info   ][gc,heap     ] GC(620) Eden regions: 1->0(614)
[2024-12-04T16:40:48.617+0700][7,766s][info   ][gc,heap     ] GC(620) Survivor regions: 1->1(78)
[2024-12-04T16:40:48.617+0700][7,766s][info   ][gc,heap     ] GC(620) Old regions: 3->3
[2024-12-04T16:40:48.617+0700][7,766s][info   ][gc,heap     ] GC(620) Archive regions: 2->2
[2024-12-04T16:40:48.617+0700][7,766s][info   ][gc,heap     ] GC(620) Humongous regions: 1222->1222
[2024-12-04T16:40:48.617+0700][7,766s][info   ][gc,metaspace] GC(620) Metaspace: 5826K(6080K)->5826K(6080K) NonClass: 5161K(5312K)->5161K(5312K) Class: 664K(768K)->664K(768K)
[2024-12-04T16:40:48.617+0700][7,766s][info   ][gc          ] GC(620) Pause Young (Concurrent Start) (G1 Humongous Allocation) 1225M->1225M(2048M) 1,586ms
[2024-12-04T16:40:48.617+0700][7,766s][info   ][gc,cpu      ] GC(620) User=0,00s Sys=0,00s Real=0,00s
[2024-12-04T16:40:48.617+0700][7,766s][info   ][gc          ] GC(621) Concurrent Mark Cycle
[2024-12-04T16:40:48.617+0700][7,766s][info   ][gc,marking  ] GC(621) Concurrent Clear Claimed Marks
[2024-12-04T16:40:48.617+0700][7,766s][info   ][gc,marking  ] GC(621) Concurrent Clear Claimed Marks 0,010ms
[2024-12-04T16:40:48.617+0700][7,766s][info   ][gc,marking  ] GC(621) Concurrent Scan Root Regions
[2024-12-04T16:40:48.617+0700][7,766s][info   ][gc,marking  ] GC(621) Concurrent Scan Root Regions 0,078ms
[2024-12-04T16:40:48.617+0700][7,766s][info   ][gc,marking  ] GC(621) Concurrent Mark
[2024-12-04T16:40:48.617+0700][7,766s][info   ][gc,marking  ] GC(621) Concurrent Mark From Roots
[2024-12-04T16:40:48.617+0700][7,766s][info   ][gc,task     ] GC(621) Using 2 workers of 2 for marking
[2024-12-04T16:40:48.621+0700][7,770s][info   ][gc,marking  ] GC(621) Concurrent Mark From Roots 3,968ms
[2024-12-04T16:40:48.621+0700][7,770s][info   ][gc,marking  ] GC(621) Concurrent Preclean
[2024-12-04T16:40:48.621+0700][7,770s][info   ][gc,marking  ] GC(621) Concurrent Preclean 0,075ms
[2024-12-04T16:40:48.621+0700][7,770s][info   ][gc,start    ] GC(621) Pause Remark
[2024-12-04T16:40:48.622+0700][7,771s][info   ][gc          ] GC(621) Pause Remark 1226M->1226M(2048M) 1,372ms
[2024-12-04T16:40:48.623+0700][7,771s][info   ][gc,cpu      ] GC(621) User=0,00s Sys=0,00s Real=0,00s
[2024-12-04T16:40:48.623+0700][7,771s][info   ][gc,marking  ] GC(621) Concurrent Mark 5,566ms
[2024-12-04T16:40:48.623+0700][7,771s][info   ][gc,marking  ] GC(621) Concurrent Rebuild Remembered Sets
[2024-12-04T16:40:48.624+0700][7,773s][info   ][gc,marking  ] GC(621) Concurrent Rebuild Remembered Sets 1,416ms
[2024-12-04T16:40:48.624+0700][7,773s][info   ][gc,start    ] GC(621) Pause Cleanup
[2024-12-04T16:40:48.624+0700][7,773s][info   ][gc          ] GC(621) Pause Cleanup 1227M->1227M(2048M) 0,281ms
[2024-12-04T16:40:48.624+0700][7,773s][info   ][gc,cpu      ] GC(621) User=0,00s Sys=0,00s Real=0,00s
[2024-12-04T16:40:48.624+0700][7,773s][info   ][gc,marking  ] GC(621) Concurrent Cleanup for Next Mark
[2024-12-04T16:40:48.627+0700][7,776s][info   ][gc,marking  ] GC(621) Concurrent Cleanup for Next Mark 3,148ms
[2024-12-04T16:40:48.628+0700][7,776s][info   ][gc          ] GC(621) Concurrent Mark Cycle 10,693ms
[2024-12-04T16:40:48.628+0700][7,777s][info   ][gc,start    ] GC(622) Pause Young (Concurrent Start) (G1 Humongous Allocation)
[2024-12-04T16:40:48.628+0700][7,777s][info   ][gc,task     ] GC(622) Using 8 workers of 8 for evacuation
[2024-12-04T16:40:48.629+0700][7,778s][info   ][gc,phases   ] GC(622)   Pre Evacuate Collection Set: 0,2ms
[2024-12-04T16:40:48.629+0700][7,778s][info   ][gc,phases   ] GC(622)   Merge Heap Roots: 0,2ms
[2024-12-04T16:40:48.629+0700][7,778s][info   ][gc,phases   ] GC(622)   Evacuate Collection Set: 0,3ms
[2024-12-04T16:40:48.629+0700][7,778s][info   ][gc,phases   ] GC(622)   Post Evacuate Collection Set: 0,1ms
[2024-12-04T16:40:48.629+0700][7,778s][info   ][gc,phases   ] GC(622)   Other: 0,2ms
[2024-12-04T16:40:48.629+0700][7,778s][info   ][gc,heap     ] GC(622) Eden regions: 1->0(612)
[2024-12-04T16:40:48.629+0700][7,778s][info   ][gc,heap     ] GC(622) Survivor regions: 1->1(77)
[2024-12-04T16:40:48.629+0700][7,778s][info   ][gc,heap     ] GC(622) Old regions: 3->3
[2024-12-04T16:40:48.629+0700][7,778s][info   ][gc,heap     ] GC(622) Archive regions: 2->2
[2024-12-04T16:40:48.629+0700][7,778s][info   ][gc,heap     ] GC(622) Humongous regions: 1224->1224
[2024-12-04T16:40:48.629+0700][7,778s][info   ][gc,metaspace] GC(622) Metaspace: 5826K(6080K)->5826K(6080K) NonClass: 5161K(5312K)->5161K(5312K) Class: 664K(768K)->664K(768K)
[2024-12-04T16:40:48.629+0700][7,778s][info   ][gc          ] GC(622) Pause Young (Concurrent Start) (G1 Humongous Allocation) 1227M->1227M(2048M) 1,136ms
[2024-12-04T16:40:48.630+0700][7,778s][info   ][gc,cpu      ] GC(622) User=0,00s Sys=0,00s Real=0,00s
[2024-12-04T16:40:48.630+0700][7,778s][info   ][gc          ] GC(623) Concurrent Mark Cycle
[2024-12-04T16:40:48.630+0700][7,778s][info   ][gc,marking  ] GC(623) Concurrent Clear Claimed Marks
[2024-12-04T16:40:48.630+0700][7,778s][info   ][gc,marking  ] GC(623) Concurrent Clear Claimed Marks 0,015ms
[2024-12-04T16:40:48.630+0700][7,778s][info   ][gc,marking  ] GC(623) Concurrent Scan Root Regions
[2024-12-04T16:40:48.630+0700][7,778s][info   ][gc,marking  ] GC(623) Concurrent Scan Root Regions 0,066ms
[2024-12-04T16:40:48.630+0700][7,779s][info   ][gc,marking  ] GC(623) Concurrent Mark
[2024-12-04T16:40:48.630+0700][7,779s][info   ][gc,marking  ] GC(623) Concurrent Mark From Roots
[2024-12-04T16:40:48.630+0700][7,779s][info   ][gc,task     ] GC(623) Using 2 workers of 2 for marking
[2024-12-04T16:40:48.633+0700][7,781s][info   ][gc,marking  ] GC(623) Concurrent Mark From Roots 2,924ms
[2024-12-04T16:40:48.633+0700][7,781s][info   ][gc,marking  ] GC(623) Concurrent Preclean
[2024-12-04T16:40:48.633+0700][7,781s][info   ][gc,marking  ] GC(623) Concurrent Preclean 0,039ms
[2024-12-04T16:40:48.633+0700][7,782s][info   ][gc,start    ] GC(623) Pause Remark
[2024-12-04T16:40:48.633+0700][7,782s][info   ][gc          ] GC(623) Pause Remark 1228M->1228M(2048M) 0,656ms
[2024-12-04T16:40:48.633+0700][7,782s][info   ][gc,cpu      ] GC(623) User=0,00s Sys=0,00s Real=0,01s
[2024-12-04T16:40:48.633+0700][7,782s][info   ][gc,marking  ] GC(623) Concurrent Mark 3,722ms
[2024-12-04T16:40:48.633+0700][7,782s][info   ][gc,marking  ] GC(623) Concurrent Rebuild Remembered Sets
[2024-12-04T16:40:48.635+0700][7,784s][info   ][gc,marking  ] GC(623) Concurrent Rebuild Remembered Sets 1,298ms
[2024-12-04T16:40:48.635+0700][7,784s][info   ][gc,start    ] GC(623) Pause Cleanup
[2024-12-04T16:40:48.635+0700][7,784s][info   ][gc          ] GC(623) Pause Cleanup 1228M->1228M(2048M) 0,149ms
[2024-12-04T16:40:48.635+0700][7,784s][info   ][gc,cpu      ] GC(623) User=0,00s Sys=0,00s Real=0,00s
[2024-12-04T16:40:48.635+0700][7,784s][info   ][gc,marking  ] GC(623) Concurrent Cleanup for Next Mark
[2024-12-04T16:40:48.638+0700][7,787s][info   ][gc,marking  ] GC(623) Concurrent Cleanup for Next Mark 3,153ms
[2024-12-04T16:40:48.638+0700][7,787s][info   ][gc          ] GC(623) Concurrent Mark Cycle 8,607ms
[2024-12-04T16:40:48.642+0700][7,791s][info   ][gc,start    ] GC(624) Pause Young (Concurrent Start) (G1 Humongous Allocation)
[2024-12-04T16:40:48.642+0700][7,791s][info   ][gc,task     ] GC(624) Using 8 workers of 8 for evacuation
[2024-12-04T16:40:48.643+0700][7,792s][info   ][gc,phases   ] GC(624)   Pre Evacuate Collection Set: 0,2ms
[2024-12-04T16:40:48.643+0700][7,792s][info   ][gc,phases   ] GC(624)   Merge Heap Roots: 0,3ms
[2024-12-04T16:40:48.643+0700][7,792s][info   ][gc,phases   ] GC(624)   Evacuate Collection Set: 0,4ms
[2024-12-04T16:40:48.643+0700][7,792s][info   ][gc,phases   ] GC(624)   Post Evacuate Collection Set: 0,1ms
[2024-12-04T16:40:48.643+0700][7,792s][info   ][gc,phases   ] GC(624)   Other: 0,2ms
[2024-12-04T16:40:48.643+0700][7,792s][info   ][gc,heap     ] GC(624) Eden regions: 1->0(611)
[2024-12-04T16:40:48.643+0700][7,792s][info   ][gc,heap     ] GC(624) Survivor regions: 1->0(77)
[2024-12-04T16:40:48.643+0700][7,792s][info   ][gc,heap     ] GC(624) Old regions: 3->3
[2024-12-04T16:40:48.643+0700][7,792s][info   ][gc,heap     ] GC(624) Archive regions: 2->2
[2024-12-04T16:40:48.643+0700][7,792s][info   ][gc,heap     ] GC(624) Humongous regions: 1226->1226
[2024-12-04T16:40:48.643+0700][7,792s][info   ][gc,metaspace] GC(624) Metaspace: 5826K(6080K)->5826K(6080K) NonClass: 5161K(5312K)->5161K(5312K) Class: 664K(768K)->664K(768K)
[2024-12-04T16:40:48.643+0700][7,792s][info   ][gc          ] GC(624) Pause Young (Concurrent Start) (G1 Humongous Allocation) 1229M->1229M(2048M) 1,160ms
[2024-12-04T16:40:48.643+0700][7,792s][info   ][gc,cpu      ] GC(624) User=0,00s Sys=0,00s Real=0,00s
[2024-12-04T16:40:48.643+0700][7,792s][info   ][gc          ] GC(625) Concurrent Mark Cycle
[2024-12-04T16:40:48.643+0700][7,792s][info   ][gc,marking  ] GC(625) Concurrent Clear Claimed Marks
[2024-12-04T16:40:48.643+0700][7,792s][info   ][gc,marking  ] GC(625) Concurrent Clear Claimed Marks 0,015ms
[2024-12-04T16:40:48.643+0700][7,792s][info   ][gc,marking  ] GC(625) Concurrent Scan Root Regions
[2024-12-04T16:40:48.643+0700][7,792s][info   ][gc,marking  ] GC(625) Concurrent Scan Root Regions 0,070ms
[2024-12-04T16:40:48.643+0700][7,792s][info   ][gc,marking  ] GC(625) Concurrent Mark
[2024-12-04T16:40:48.643+0700][7,792s][info   ][gc,marking  ] GC(625) Concurrent Mark From Roots
[2024-12-04T16:40:48.643+0700][7,792s][info   ][gc,task     ] GC(625) Using 2 workers of 2 for marking
[2024-12-04T16:40:48.647+0700][7,796s][info   ][gc,marking  ] GC(625) Concurrent Mark From Roots 4,225ms
[2024-12-04T16:40:48.647+0700][7,796s][info   ][gc,marking  ] GC(625) Concurrent Preclean
[2024-12-04T16:40:48.647+0700][7,796s][info   ][gc,marking  ] GC(625) Concurrent Preclean 0,064ms
[2024-12-04T16:40:48.647+0700][7,796s][info   ][gc,start    ] GC(625) Pause Remark
[2024-12-04T16:40:48.649+0700][7,797s][info   ][gc          ] GC(625) Pause Remark 1230M->1230M(2048M) 1,027ms
[2024-12-04T16:40:48.649+0700][7,797s][info   ][gc,cpu      ] GC(625) User=0,00s Sys=0,00s Real=0,00s
[2024-12-04T16:40:48.649+0700][7,797s][info   ][gc,marking  ] GC(625) Concurrent Mark 5,483ms
[2024-12-04T16:40:48.649+0700][7,797s][info   ][gc,marking  ] GC(625) Concurrent Rebuild Remembered Sets
[2024-12-04T16:40:48.650+0700][7,799s][info   ][gc,marking  ] GC(625) Concurrent Rebuild Remembered Sets 1,652ms
[2024-12-04T16:40:48.650+0700][7,799s][info   ][gc,start    ] GC(625) Pause Cleanup
[2024-12-04T16:40:48.650+0700][7,799s][info   ][gc          ] GC(625) Pause Cleanup 1231M->1231M(2048M) 0,222ms
[2024-12-04T16:40:48.651+0700][7,799s][info   ][gc,cpu      ] GC(625) User=0,00s Sys=0,00s Real=0,00s
[2024-12-04T16:40:48.651+0700][7,799s][info   ][gc,marking  ] GC(625) Concurrent Cleanup for Next Mark
[2024-12-04T16:40:48.655+0700][7,804s][info   ][gc,marking  ] GC(625) Concurrent Cleanup for Next Mark 4,126ms
[2024-12-04T16:40:48.655+0700][7,804s][info   ][gc          ] GC(625) Concurrent Mark Cycle 11,778ms
[2024-12-04T16:40:48.660+0700][7,809s][info   ][gc,start    ] GC(626) Pause Young (Concurrent Start) (G1 Humongous Allocation)
[2024-12-04T16:40:48.660+0700][7,809s][info   ][gc,task     ] GC(626) Using 8 workers of 8 for evacuation
[2024-12-04T16:40:48.661+0700][7,810s][info   ][gc,phases   ] GC(626)   Pre Evacuate Collection Set: 0,3ms
[2024-12-04T16:40:48.661+0700][7,810s][info   ][gc,phases   ] GC(626)   Merge Heap Roots: 0,2ms
[2024-12-04T16:40:48.661+0700][7,810s][info   ][gc,phases   ] GC(626)   Evacuate Collection Set: 0,4ms
[2024-12-04T16:40:48.661+0700][7,810s][info   ][gc,phases   ] GC(626)   Post Evacuate Collection Set: 0,1ms
[2024-12-04T16:40:48.661+0700][7,810s][info   ][gc,phases   ] GC(626)   Other: 0,2ms
[2024-12-04T16:40:48.661+0700][7,810s][info   ][gc,heap     ] GC(626) Eden regions: 1->0(608)
[2024-12-04T16:40:48.661+0700][7,810s][info   ][gc,heap     ] GC(626) Survivor regions: 0->0(77)
[2024-12-04T16:40:48.661+0700][7,810s][info   ][gc,heap     ] GC(626) Old regions: 3->3
[2024-12-04T16:40:48.661+0700][7,810s][info   ][gc,heap     ] GC(626) Archive regions: 2->2
[2024-12-04T16:40:48.661+0700][7,810s][info   ][gc,heap     ] GC(626) Humongous regions: 1229->1229
[2024-12-04T16:40:48.661+0700][7,810s][info   ][gc,metaspace] GC(626) Metaspace: 5826K(6080K)->5826K(6080K) NonClass: 5161K(5312K)->5161K(5312K) Class: 664K(768K)->664K(768K)
[2024-12-04T16:40:48.661+0700][7,810s][info   ][gc          ] GC(626) Pause Young (Concurrent Start) (G1 Humongous Allocation) 1232M->1232M(2048M) 1,288ms
[2024-12-04T16:40:48.661+0700][7,810s][info   ][gc,cpu      ] GC(626) User=0,01s Sys=0,00s Real=0,00s
[2024-12-04T16:40:48.661+0700][7,810s][info   ][gc          ] GC(627) Concurrent Mark Cycle
[2024-12-04T16:40:48.661+0700][7,810s][info   ][gc,marking  ] GC(627) Concurrent Clear Claimed Marks
[2024-12-04T16:40:48.661+0700][7,810s][info   ][gc,marking  ] GC(627) Concurrent Clear Claimed Marks 0,011ms
[2024-12-04T16:40:48.661+0700][7,810s][info   ][gc,marking  ] GC(627) Concurrent Scan Root Regions
[2024-12-04T16:40:48.661+0700][7,810s][info   ][gc,marking  ] GC(627) Concurrent Scan Root Regions 0,006ms
[2024-12-04T16:40:48.661+0700][7,810s][info   ][gc,marking  ] GC(627) Concurrent Mark
[2024-12-04T16:40:48.661+0700][7,810s][info   ][gc,marking  ] GC(627) Concurrent Mark From Roots
[2024-12-04T16:40:48.661+0700][7,810s][info   ][gc,task     ] GC(627) Using 2 workers of 2 for marking
[2024-12-04T16:40:48.664+0700][7,813s][info   ][gc,marking  ] GC(627) Concurrent Mark From Roots 3,073ms
[2024-12-04T16:40:48.664+0700][7,813s][info   ][gc,marking  ] GC(627) Concurrent Preclean
[2024-12-04T16:40:48.664+0700][7,813s][info   ][gc,marking  ] GC(627) Concurrent Preclean 0,046ms
[2024-12-04T16:40:48.665+0700][7,813s][info   ][gc,start    ] GC(627) Pause Remark
[2024-12-04T16:40:48.665+0700][7,814s][info   ][gc          ] GC(627) Pause Remark 1233M->1233M(2048M) 0,737ms
[2024-12-04T16:40:48.665+0700][7,814s][info   ][gc,cpu      ] GC(627) User=0,01s Sys=0,00s Real=0,00s
[2024-12-04T16:40:48.665+0700][7,814s][info   ][gc,marking  ] GC(627) Concurrent Mark 3,989ms
[2024-12-04T16:40:48.665+0700][7,814s][info   ][gc,marking  ] GC(627) Concurrent Rebuild Remembered Sets
[2024-12-04T16:40:48.667+0700][7,816s][info   ][gc,marking  ] GC(627) Concurrent Rebuild Remembered Sets 1,738ms
[2024-12-04T16:40:48.668+0700][7,817s][info   ][gc,start    ] GC(627) Pause Cleanup
[2024-12-04T16:40:48.668+0700][7,817s][info   ][gc          ] GC(627) Pause Cleanup 1234M->1234M(2048M) 0,391ms
[2024-12-04T16:40:48.668+0700][7,817s][info   ][gc,cpu      ] GC(627) User=0,00s Sys=0,00s Real=0,00s
[2024-12-04T16:40:48.668+0700][7,817s][info   ][gc,marking  ] GC(627) Concurrent Cleanup for Next Mark
[2024-12-04T16:40:48.672+0700][7,821s][info   ][gc,marking  ] GC(627) Concurrent Cleanup for Next Mark 3,597ms
[2024-12-04T16:40:48.672+0700][7,821s][info   ][gc          ] GC(627) Concurrent Mark Cycle 10,549ms
[2024-12-04T16:40:48.673+0700][7,822s][info   ][gc,start    ] GC(628) Pause Young (Concurrent Start) (G1 Humongous Allocation)
[2024-12-04T16:40:48.673+0700][7,822s][info   ][gc,task     ] GC(628) Using 8 workers of 8 for evacuation
[2024-12-04T16:40:48.674+0700][7,823s][info   ][gc,phases   ] GC(628)   Pre Evacuate Collection Set: 0,2ms
[2024-12-04T16:40:48.674+0700][7,823s][info   ][gc,phases   ] GC(628)   Merge Heap Roots: 0,2ms
[2024-12-04T16:40:48.674+0700][7,823s][info   ][gc,phases   ] GC(628)   Evacuate Collection Set: 0,3ms
[2024-12-04T16:40:48.674+0700][7,823s][info   ][gc,phases   ] GC(628)   Post Evacuate Collection Set: 0,1ms
[2024-12-04T16:40:48.674+0700][7,823s][info   ][gc,phases   ] GC(628)   Other: 0,1ms
[2024-12-04T16:40:48.674+0700][7,823s][info   ][gc,heap     ] GC(628) Eden regions: 1->0(606)
[2024-12-04T16:40:48.674+0700][7,823s][info   ][gc,heap     ] GC(628) Survivor regions: 0->0(76)
[2024-12-04T16:40:48.674+0700][7,823s][info   ][gc,heap     ] GC(628) Old regions: 3->3
[2024-12-04T16:40:48.674+0700][7,823s][info   ][gc,heap     ] GC(628) Archive regions: 2->2
[2024-12-04T16:40:48.674+0700][7,823s][info   ][gc,heap     ] GC(628) Humongous regions: 1231->1231
[2024-12-04T16:40:48.674+0700][7,823s][info   ][gc,metaspace] GC(628) Metaspace: 5826K(6080K)->5826K(6080K) NonClass: 5161K(5312K)->5161K(5312K) Class: 664K(768K)->664K(768K)
[2024-12-04T16:40:48.674+0700][7,823s][info   ][gc          ] GC(628) Pause Young (Concurrent Start) (G1 Humongous Allocation) 1234M->1234M(2048M) 1,127ms
[2024-12-04T16:40:48.674+0700][7,823s][info   ][gc,cpu      ] GC(628) User=0,00s Sys=0,00s Real=0,00s
[2024-12-04T16:40:48.674+0700][7,823s][info   ][gc          ] GC(629) Concurrent Mark Cycle
[2024-12-04T16:40:48.674+0700][7,823s][info   ][gc,marking  ] GC(629) Concurrent Clear Claimed Marks
[2024-12-04T16:40:48.674+0700][7,823s][info   ][gc,marking  ] GC(629) Concurrent Clear Claimed Marks 0,015ms
[2024-12-04T16:40:48.675+0700][7,823s][info   ][gc,marking  ] GC(629) Concurrent Scan Root Regions
[2024-12-04T16:40:48.675+0700][7,823s][info   ][gc,marking  ] GC(629) Concurrent Scan Root Regions 0,007ms
[2024-12-04T16:40:48.675+0700][7,823s][info   ][gc,marking  ] GC(629) Concurrent Mark
[2024-12-04T16:40:48.675+0700][7,823s][info   ][gc,marking  ] GC(629) Concurrent Mark From Roots
[2024-12-04T16:40:48.675+0700][7,823s][info   ][gc,task     ] GC(629) Using 2 workers of 2 for marking
[2024-12-04T16:40:48.678+0700][7,827s][info   ][gc,marking  ] GC(629) Concurrent Mark From Roots 3,538ms
[2024-12-04T16:40:48.678+0700][7,827s][info   ][gc,marking  ] GC(629) Concurrent Preclean
[2024-12-04T16:40:48.678+0700][7,827s][info   ][gc,marking  ] GC(629) Concurrent Preclean 0,053ms
[2024-12-04T16:40:48.678+0700][7,827s][info   ][gc,start    ] GC(629) Pause Remark
[2024-12-04T16:40:48.679+0700][7,828s][info   ][gc          ] GC(629) Pause Remark 1235M->1235M(2048M) 1,012ms
[2024-12-04T16:40:48.679+0700][7,828s][info   ][gc,cpu      ] GC(629) User=0,00s Sys=0,00s Real=0,00s
[2024-12-04T16:40:48.679+0700][7,828s][info   ][gc,marking  ] GC(629) Concurrent Mark 4,750ms
[2024-12-04T16:40:48.679+0700][7,828s][info   ][gc,marking  ] GC(629) Concurrent Rebuild Remembered Sets
[2024-12-04T16:40:48.682+0700][7,830s][info   ][gc,marking  ] GC(629) Concurrent Rebuild Remembered Sets 2,253ms
[2024-12-04T16:40:48.682+0700][7,831s][info   ][gc,start    ] GC(629) Pause Cleanup
[2024-12-04T16:40:48.682+0700][7,831s][info   ][gc          ] GC(629) Pause Cleanup 1236M->1236M(2048M) 0,479ms
[2024-12-04T16:40:48.682+0700][7,831s][info   ][gc,cpu      ] GC(629) User=0,00s Sys=0,00s Real=0,00s
[2024-12-04T16:40:48.682+0700][7,831s][info   ][gc,marking  ] GC(629) Concurrent Cleanup for Next Mark
[2024-12-04T16:40:48.686+0700][7,834s][info   ][gc,marking  ] GC(629) Concurrent Cleanup for Next Mark 3,168ms
[2024-12-04T16:40:48.686+0700][7,835s][info   ][gc          ] GC(629) Concurrent Mark Cycle 11,154ms
[2024-12-04T16:40:48.686+0700][7,835s][info   ][gc,start    ] GC(630) Pause Young (Concurrent Start) (G1 Humongous Allocation)
[2024-12-04T16:40:48.686+0700][7,835s][info   ][gc,task     ] GC(630) Using 8 workers of 8 for evacuation
[2024-12-04T16:40:48.688+0700][7,837s][info   ][gc,phases   ] GC(630)   Pre Evacuate Collection Set: 0,6ms
[2024-12-04T16:40:48.688+0700][7,837s][info   ][gc,phases   ] GC(630)   Merge Heap Roots: 0,4ms
[2024-12-04T16:40:48.689+0700][7,837s][info   ][gc,phases   ] GC(630)   Evacuate Collection Set: 0,9ms
[2024-12-04T16:40:48.689+0700][7,837s][info   ][gc,phases   ] GC(630)   Post Evacuate Collection Set: 0,4ms
[2024-12-04T16:40:48.689+0700][7,837s][info   ][gc,phases   ] GC(630)   Other: 0,3ms
[2024-12-04T16:40:48.689+0700][7,837s][info   ][gc,heap     ] GC(630) Eden regions: 1->0(604)
[2024-12-04T16:40:48.689+0700][7,837s][info   ][gc,heap     ] GC(630) Survivor regions: 0->0(76)
[2024-12-04T16:40:48.689+0700][7,837s][info   ][gc,heap     ] GC(630) Old regions: 3->3
[2024-12-04T16:40:48.689+0700][7,837s][info   ][gc,heap     ] GC(630) Archive regions: 2->2
[2024-12-04T16:40:48.689+0700][7,837s][info   ][gc,heap     ] GC(630) Humongous regions: 1233->1233
[2024-12-04T16:40:48.689+0700][7,838s][info   ][gc,metaspace] GC(630) Metaspace: 5826K(6080K)->5826K(6080K) NonClass: 5161K(5312K)->5161K(5312K) Class: 664K(768K)->664K(768K)
[2024-12-04T16:40:48.689+0700][7,838s][info   ][gc          ] GC(630) Pause Young (Concurrent Start) (G1 Humongous Allocation) 1236M->1236M(2048M) 2,719ms
[2024-12-04T16:40:48.689+0700][7,838s][info   ][gc,cpu      ] GC(630) User=0,00s Sys=0,00s Real=0,00s
[2024-12-04T16:40:48.689+0700][7,838s][info   ][gc          ] GC(631) Concurrent Mark Cycle
[2024-12-04T16:40:48.689+0700][7,838s][info   ][gc,marking  ] GC(631) Concurrent Clear Claimed Marks
[2024-12-04T16:40:48.689+0700][7,838s][info   ][gc,marking  ] GC(631) Concurrent Clear Claimed Marks 0,018ms
[2024-12-04T16:40:48.689+0700][7,838s][info   ][gc,marking  ] GC(631) Concurrent Scan Root Regions
[2024-12-04T16:40:48.689+0700][7,838s][info   ][gc,marking  ] GC(631) Concurrent Scan Root Regions 0,005ms
[2024-12-04T16:40:48.689+0700][7,838s][info   ][gc,marking  ] GC(631) Concurrent Mark
[2024-12-04T16:40:48.689+0700][7,838s][info   ][gc,marking  ] GC(631) Concurrent Mark From Roots
[2024-12-04T16:40:48.689+0700][7,838s][info   ][gc,task     ] GC(631) Using 2 workers of 2 for marking
[2024-12-04T16:40:48.694+0700][7,843s][info   ][gc,marking  ] GC(631) Concurrent Mark From Roots 4,870ms
[2024-12-04T16:40:48.694+0700][7,843s][info   ][gc,marking  ] GC(631) Concurrent Preclean
[2024-12-04T16:40:48.694+0700][7,843s][info   ][gc,marking  ] GC(631) Concurrent Preclean 0,073ms
[2024-12-04T16:40:48.694+0700][7,843s][info   ][gc,start    ] GC(631) Pause Remark
[2024-12-04T16:40:48.696+0700][7,845s][info   ][gc          ] GC(631) Pause Remark 1237M->1237M(2048M) 2,067ms
[2024-12-04T16:40:48.696+0700][7,845s][info   ][gc,cpu      ] GC(631) User=0,00s Sys=0,00s Real=0,00s
[2024-12-04T16:40:48.696+0700][7,845s][info   ][gc,marking  ] GC(631) Concurrent Mark 7,234ms
[2024-12-04T16:40:48.696+0700][7,845s][info   ][gc,marking  ] GC(631) Concurrent Rebuild Remembered Sets
[2024-12-04T16:40:48.698+0700][7,847s][info   ][gc,marking  ] GC(631) Concurrent Rebuild Remembered Sets 1,949ms
[2024-12-04T16:40:48.698+0700][7,847s][info   ][gc,start    ] GC(631) Pause Cleanup
[2024-12-04T16:40:48.698+0700][7,847s][info   ][gc          ] GC(631) Pause Cleanup 1238M->1238M(2048M) 0,344ms
[2024-12-04T16:40:48.699+0700][7,847s][info   ][gc,cpu      ] GC(631) User=0,00s Sys=0,00s Real=0,00s
[2024-12-04T16:40:48.699+0700][7,847s][info   ][gc,marking  ] GC(631) Concurrent Cleanup for Next Mark
[2024-12-04T16:40:48.702+0700][7,851s][info   ][gc,marking  ] GC(631) Concurrent Cleanup for Next Mark 3,622ms
[2024-12-04T16:40:48.702+0700][7,851s][info   ][gc          ] GC(631) Concurrent Mark Cycle 13,518ms
[2024-12-04T16:40:48.708+0700][7,857s][info   ][gc,start    ] GC(632) Pause Young (Concurrent Start) (G1 Humongous Allocation)
[2024-12-04T16:40:48.708+0700][7,857s][info   ][gc,task     ] GC(632) Using 8 workers of 8 for evacuation
[2024-12-04T16:40:48.709+0700][7,858s][info   ][gc,phases   ] GC(632)   Pre Evacuate Collection Set: 0,3ms
[2024-12-04T16:40:48.709+0700][7,858s][info   ][gc,phases   ] GC(632)   Merge Heap Roots: 0,3ms
[2024-12-04T16:40:48.709+0700][7,858s][info   ][gc,phases   ] GC(632)   Evacuate Collection Set: 0,4ms
[2024-12-04T16:40:48.709+0700][7,858s][info   ][gc,phases   ] GC(632)   Post Evacuate Collection Set: 0,1ms
[2024-12-04T16:40:48.709+0700][7,858s][info   ][gc,phases   ] GC(632)   Other: 0,2ms
[2024-12-04T16:40:48.709+0700][7,858s][info   ][gc,heap     ] GC(632) Eden regions: 1->0(596)
[2024-12-04T16:40:48.709+0700][7,858s][info   ][gc,heap     ] GC(632) Survivor regions: 0->1(76)
[2024-12-04T16:40:48.709+0700][7,858s][info   ][gc,heap     ] GC(632) Old regions: 3->3
[2024-12-04T16:40:48.709+0700][7,858s][info   ][gc,heap     ] GC(632) Archive regions: 2->2
[2024-12-04T16:40:48.709+0700][7,858s][info   ][gc,heap     ] GC(632) Humongous regions: 1236->1236
[2024-12-04T16:40:48.709+0700][7,858s][info   ][gc,metaspace] GC(632) Metaspace: 5826K(6080K)->5826K(6080K) NonClass: 5161K(5312K)->5161K(5312K) Class: 664K(768K)->664K(768K)
[2024-12-04T16:40:48.709+0700][7,858s][info   ][gc          ] GC(632) Pause Young (Concurrent Start) (G1 Humongous Allocation) 1239M->1239M(2048M) 1,398ms
[2024-12-04T16:40:48.709+0700][7,858s][info   ][gc,cpu      ] GC(632) User=0,01s Sys=0,00s Real=0,00s
[2024-12-04T16:40:48.709+0700][7,858s][info   ][gc          ] GC(633) Concurrent Mark Cycle
[2024-12-04T16:40:48.709+0700][7,858s][info   ][gc,marking  ] GC(633) Concurrent Clear Claimed Marks
[2024-12-04T16:40:48.709+0700][7,858s][info   ][gc,marking  ] GC(633) Concurrent Clear Claimed Marks 0,010ms
[2024-12-04T16:40:48.709+0700][7,858s][info   ][gc,marking  ] GC(633) Concurrent Scan Root Regions
[2024-12-04T16:40:48.710+0700][7,858s][info   ][gc,marking  ] GC(633) Concurrent Scan Root Regions 0,250ms
[2024-12-04T16:40:48.710+0700][7,859s][info   ][gc,marking  ] GC(633) Concurrent Mark
[2024-12-04T16:40:48.710+0700][7,859s][info   ][gc,marking  ] GC(633) Concurrent Mark From Roots
[2024-12-04T16:40:48.710+0700][7,859s][info   ][gc,task     ] GC(633) Using 2 workers of 2 for marking
[2024-12-04T16:40:48.713+0700][7,862s][info   ][gc,marking  ] GC(633) Concurrent Mark From Roots 3,799ms
[2024-12-04T16:40:48.713+0700][7,862s][info   ][gc,marking  ] GC(633) Concurrent Preclean
[2024-12-04T16:40:48.714+0700][7,862s][info   ][gc,marking  ] GC(633) Concurrent Preclean 0,047ms
[2024-12-04T16:40:48.714+0700][7,862s][info   ][gc,start    ] GC(633) Pause Remark
[2024-12-04T16:40:48.714+0700][7,863s][info   ][gc          ] GC(633) Pause Remark 1240M->1240M(2048M) 0,885ms
[2024-12-04T16:40:48.714+0700][7,863s][info   ][gc,cpu      ] GC(633) User=0,00s Sys=0,00s Real=0,00s
[2024-12-04T16:40:48.714+0700][7,863s][info   ][gc,marking  ] GC(633) Concurrent Mark 4,851ms
[2024-12-04T16:40:48.715+0700][7,863s][info   ][gc,marking  ] GC(633) Concurrent Rebuild Remembered Sets
[2024-12-04T16:40:48.716+0700][7,865s][info   ][gc,marking  ] GC(633) Concurrent Rebuild Remembered Sets 1,908ms
[2024-12-04T16:40:48.716+0700][7,865s][info   ][gc,start    ] GC(633) Pause Cleanup
[2024-12-04T16:40:48.717+0700][7,866s][info   ][gc          ] GC(633) Pause Cleanup 1241M->1241M(2048M) 0,390ms
[2024-12-04T16:40:48.717+0700][7,866s][info   ][gc,cpu      ] GC(633) User=0,00s Sys=0,00s Real=0,00s
[2024-12-04T16:40:48.717+0700][7,866s][info   ][gc,marking  ] GC(633) Concurrent Cleanup for Next Mark
[2024-12-04T16:40:48.721+0700][7,870s][info   ][gc,marking  ] GC(633) Concurrent Cleanup for Next Mark 4,071ms
[2024-12-04T16:40:48.721+0700][7,870s][info   ][gc          ] GC(633) Concurrent Mark Cycle 11,811ms
[2024-12-04T16:40:48.727+0700][7,876s][info   ][gc,start    ] GC(634) Pause Young (Concurrent Start) (G1 Humongous Allocation)
[2024-12-04T16:40:48.727+0700][7,876s][info   ][gc,task     ] GC(634) Using 8 workers of 8 for evacuation
[2024-12-04T16:40:48.728+0700][7,877s][info   ][gc,phases   ] GC(634)   Pre Evacuate Collection Set: 0,2ms
[2024-12-04T16:40:48.728+0700][7,877s][info   ][gc,phases   ] GC(634)   Merge Heap Roots: 0,1ms
[2024-12-04T16:40:48.728+0700][7,877s][info   ][gc,phases   ] GC(634)   Evacuate Collection Set: 0,4ms
[2024-12-04T16:40:48.728+0700][7,877s][info   ][gc,phases   ] GC(634)   Post Evacuate Collection Set: 0,2ms
[2024-12-04T16:40:48.728+0700][7,877s][info   ][gc,phases   ] GC(634)   Other: 0,2ms
[2024-12-04T16:40:48.728+0700][7,877s][info   ][gc,heap     ] GC(634) Eden regions: 1->0(594)
[2024-12-04T16:40:48.728+0700][7,877s][info   ][gc,heap     ] GC(634) Survivor regions: 1->1(75)
[2024-12-04T16:40:48.728+0700][7,877s][info   ][gc,heap     ] GC(634) Old regions: 3->3
[2024-12-04T16:40:48.728+0700][7,877s][info   ][gc,heap     ] GC(634) Archive regions: 2->2
[2024-12-04T16:40:48.728+0700][7,877s][info   ][gc,heap     ] GC(634) Humongous regions: 1239->1239
[2024-12-04T16:40:48.728+0700][7,877s][info   ][gc,metaspace] GC(634) Metaspace: 5826K(6080K)->5826K(6080K) NonClass: 5161K(5312K)->5161K(5312K) Class: 664K(768K)->664K(768K)
[2024-12-04T16:40:48.728+0700][7,877s][info   ][gc          ] GC(634) Pause Young (Concurrent Start) (G1 Humongous Allocation) 1242M->1242M(2048M) 1,085ms
[2024-12-04T16:40:48.728+0700][7,877s][info   ][gc,cpu      ] GC(634) User=0,00s Sys=0,00s Real=0,00s
[2024-12-04T16:40:48.728+0700][7,877s][info   ][gc          ] GC(635) Concurrent Mark Cycle
[2024-12-04T16:40:48.728+0700][7,877s][info   ][gc,marking  ] GC(635) Concurrent Clear Claimed Marks
[2024-12-04T16:40:48.728+0700][7,877s][info   ][gc,marking  ] GC(635) Concurrent Clear Claimed Marks 0,013ms
[2024-12-04T16:40:48.728+0700][7,877s][info   ][gc,marking  ] GC(635) Concurrent Scan Root Regions
[2024-12-04T16:40:48.728+0700][7,877s][info   ][gc,marking  ] GC(635) Concurrent Scan Root Regions 0,564ms
[2024-12-04T16:40:48.728+0700][7,877s][info   ][gc,marking  ] GC(635) Concurrent Mark
[2024-12-04T16:40:48.728+0700][7,877s][info   ][gc,marking  ] GC(635) Concurrent Mark From Roots
[2024-12-04T16:40:48.728+0700][7,877s][info   ][gc,task     ] GC(635) Using 2 workers of 2 for marking
[2024-12-04T16:40:48.732+0700][7,881s][info   ][gc,marking  ] GC(635) Concurrent Mark From Roots 3,691ms
[2024-12-04T16:40:48.732+0700][7,881s][info   ][gc,marking  ] GC(635) Concurrent Preclean
[2024-12-04T16:40:48.732+0700][7,881s][info   ][gc,marking  ] GC(635) Concurrent Preclean 0,074ms
[2024-12-04T16:40:48.732+0700][7,881s][info   ][gc,start    ] GC(635) Pause Remark
[2024-12-04T16:40:48.733+0700][7,882s][info   ][gc          ] GC(635) Pause Remark 1243M->1243M(2048M) 0,979ms
[2024-12-04T16:40:48.733+0700][7,882s][info   ][gc,cpu      ] GC(635) User=0,00s Sys=0,00s Real=0,01s
[2024-12-04T16:40:48.733+0700][7,882s][info   ][gc,marking  ] GC(635) Concurrent Mark 4,945ms
[2024-12-04T16:40:48.733+0700][7,882s][info   ][gc,marking  ] GC(635) Concurrent Rebuild Remembered Sets
[2024-12-04T16:40:48.735+0700][7,884s][info   ][gc,marking  ] GC(635) Concurrent Rebuild Remembered Sets 1,663ms
[2024-12-04T16:40:48.735+0700][7,884s][info   ][gc,start    ] GC(635) Pause Cleanup
[2024-12-04T16:40:48.735+0700][7,884s][info   ][gc          ] GC(635) Pause Cleanup 1244M->1244M(2048M) 0,268ms
[2024-12-04T16:40:48.735+0700][7,884s][info   ][gc,cpu      ] GC(635) User=0,00s Sys=0,00s Real=0,00s
[2024-12-04T16:40:48.735+0700][7,884s][info   ][gc,marking  ] GC(635) Concurrent Cleanup for Next Mark
[2024-12-04T16:40:48.740+0700][7,889s][info   ][gc,marking  ] GC(635) Concurrent Cleanup for Next Mark 4,687ms
[2024-12-04T16:40:48.740+0700][7,889s][info   ][gc          ] GC(635) Concurrent Mark Cycle 12,446ms
[2024-12-04T16:40:48.745+0700][7,894s][info   ][gc,start    ] GC(636) Pause Young (Concurrent Start) (G1 Humongous Allocation)
[2024-12-04T16:40:48.746+0700][7,894s][info   ][gc,task     ] GC(636) Using 8 workers of 8 for evacuation
[2024-12-04T16:40:48.747+0700][7,896s][info   ][gc,phases   ] GC(636)   Pre Evacuate Collection Set: 0,6ms
[2024-12-04T16:40:48.748+0700][7,896s][info   ][gc,phases   ] GC(636)   Merge Heap Roots: 0,1ms
[2024-12-04T16:40:48.748+0700][7,896s][info   ][gc,phases   ] GC(636)   Evacuate Collection Set: 0,7ms
[2024-12-04T16:40:48.748+0700][7,896s][info   ][gc,phases   ] GC(636)   Post Evacuate Collection Set: 0,4ms
[2024-12-04T16:40:48.748+0700][7,896s][info   ][gc,phases   ] GC(636)   Other: 0,3ms
[2024-12-04T16:40:48.748+0700][7,896s][info   ][gc,heap     ] GC(636) Eden regions: 1->0(592)
[2024-12-04T16:40:48.748+0700][7,896s][info   ][gc,heap     ] GC(636) Survivor regions: 1->1(75)
[2024-12-04T16:40:48.748+0700][7,896s][info   ][gc,heap     ] GC(636) Old regions: 3->3
[2024-12-04T16:40:48.748+0700][7,896s][info   ][gc,heap     ] GC(636) Archive regions: 2->2
[2024-12-04T16:40:48.748+0700][7,896s][info   ][gc,heap     ] GC(636) Humongous regions: 1242->1242
[2024-12-04T16:40:48.748+0700][7,896s][info   ][gc,metaspace] GC(636) Metaspace: 5826K(6080K)->5826K(6080K) NonClass: 5161K(5312K)->5161K(5312K) Class: 664K(768K)->664K(768K)
[2024-12-04T16:40:48.748+0700][7,897s][info   ][gc          ] GC(636) Pause Young (Concurrent Start) (G1 Humongous Allocation) 1245M->1245M(2048M) 2,157ms
[2024-12-04T16:40:48.748+0700][7,897s][info   ][gc,cpu      ] GC(636) User=0,00s Sys=0,00s Real=0,00s
[2024-12-04T16:40:48.748+0700][7,897s][info   ][gc          ] GC(637) Concurrent Mark Cycle
[2024-12-04T16:40:48.748+0700][7,897s][info   ][gc,marking  ] GC(637) Concurrent Clear Claimed Marks
[2024-12-04T16:40:48.748+0700][7,897s][info   ][gc,marking  ] GC(637) Concurrent Clear Claimed Marks 0,014ms
[2024-12-04T16:40:48.748+0700][7,897s][info   ][gc,marking  ] GC(637) Concurrent Scan Root Regions
[2024-12-04T16:40:48.748+0700][7,897s][info   ][gc,marking  ] GC(637) Concurrent Scan Root Regions 0,409ms
[2024-12-04T16:40:48.748+0700][7,897s][info   ][gc,marking  ] GC(637) Concurrent Mark
[2024-12-04T16:40:48.748+0700][7,897s][info   ][gc,marking  ] GC(637) Concurrent Mark From Roots
[2024-12-04T16:40:48.748+0700][7,897s][info   ][gc,task     ] GC(637) Using 2 workers of 2 for marking
[2024-12-04T16:40:48.753+0700][7,902s][info   ][gc,marking  ] GC(637) Concurrent Mark From Roots 4,510ms
[2024-12-04T16:40:48.753+0700][7,902s][info   ][gc,marking  ] GC(637) Concurrent Preclean
[2024-12-04T16:40:48.753+0700][7,902s][info   ][gc,marking  ] GC(637) Concurrent Preclean 0,065ms
[2024-12-04T16:40:48.753+0700][7,902s][info   ][gc,start    ] GC(637) Pause Remark
[2024-12-04T16:40:48.754+0700][7,903s][info   ][gc          ] GC(637) Pause Remark 1246M->1246M(2048M) 1,410ms
[2024-12-04T16:40:48.754+0700][7,903s][info   ][gc,cpu      ] GC(637) User=0,01s Sys=0,00s Real=0,01s
[2024-12-04T16:40:48.754+0700][7,903s][info   ][gc,marking  ] GC(637) Concurrent Mark 6,150ms
[2024-12-04T16:40:48.754+0700][7,903s][info   ][gc,marking  ] GC(637) Concurrent Rebuild Remembered Sets
[2024-12-04T16:40:48.756+0700][7,905s][info   ][gc,marking  ] GC(637) Concurrent Rebuild Remembered Sets 2,041ms
[2024-12-04T16:40:48.756+0700][7,905s][info   ][gc,start    ] GC(637) Pause Cleanup
[2024-12-04T16:40:48.757+0700][7,906s][info   ][gc          ] GC(637) Pause Cleanup 1247M->1247M(2048M) 0,376ms
[2024-12-04T16:40:48.757+0700][7,906s][info   ][gc,cpu      ] GC(637) User=0,00s Sys=0,00s Real=0,00s
[2024-12-04T16:40:48.757+0700][7,906s][info   ][gc,marking  ] GC(637) Concurrent Cleanup for Next Mark
[2024-12-04T16:40:48.761+0700][7,910s][info   ][gc,marking  ] GC(637) Concurrent Cleanup for Next Mark 4,059ms
[2024-12-04T16:40:48.761+0700][7,910s][info   ][gc          ] GC(637) Concurrent Mark Cycle 13,399ms
[2024-12-04T16:40:48.766+0700][7,915s][info   ][gc,start    ] GC(638) Pause Young (Concurrent Start) (G1 Humongous Allocation)
[2024-12-04T16:40:48.766+0700][7,915s][info   ][gc,task     ] GC(638) Using 8 workers of 8 for evacuation
[2024-12-04T16:40:48.767+0700][7,916s][info   ][gc,phases   ] GC(638)   Pre Evacuate Collection Set: 0,2ms
[2024-12-04T16:40:48.767+0700][7,916s][info   ][gc,phases   ] GC(638)   Merge Heap Roots: 0,1ms
[2024-12-04T16:40:48.767+0700][7,916s][info   ][gc,phases   ] GC(638)   Evacuate Collection Set: 0,6ms
[2024-12-04T16:40:48.767+0700][7,916s][info   ][gc,phases   ] GC(638)   Post Evacuate Collection Set: 0,1ms
[2024-12-04T16:40:48.767+0700][7,916s][info   ][gc,phases   ] GC(638)   Other: 0,2ms
[2024-12-04T16:40:48.767+0700][7,916s][info   ][gc,heap     ] GC(638) Eden regions: 1->0(589)
[2024-12-04T16:40:48.767+0700][7,916s][info   ][gc,heap     ] GC(638) Survivor regions: 1->1(75)
[2024-12-04T16:40:48.767+0700][7,916s][info   ][gc,heap     ] GC(638) Old regions: 3->3
[2024-12-04T16:40:48.767+0700][7,916s][info   ][gc,heap     ] GC(638) Archive regions: 2->2
[2024-12-04T16:40:48.767+0700][7,916s][info   ][gc,heap     ] GC(638) Humongous regions: 1245->1245
[2024-12-04T16:40:48.767+0700][7,916s][info   ][gc,metaspace] GC(638) Metaspace: 5826K(6080K)->5826K(6080K) NonClass: 5161K(5312K)->5161K(5312K) Class: 664K(768K)->664K(768K)
[2024-12-04T16:40:48.767+0700][7,916s][info   ][gc          ] GC(638) Pause Young (Concurrent Start) (G1 Humongous Allocation) 1248M->1248M(2048M) 1,229ms
[2024-12-04T16:40:48.767+0700][7,916s][info   ][gc,cpu      ] GC(638) User=0,00s Sys=0,00s Real=0,00s
[2024-12-04T16:40:48.767+0700][7,916s][info   ][gc          ] GC(639) Concurrent Mark Cycle
[2024-12-04T16:40:48.767+0700][7,916s][info   ][gc,marking  ] GC(639) Concurrent Clear Claimed Marks
[2024-12-04T16:40:48.767+0700][7,916s][info   ][gc,marking  ] GC(639) Concurrent Clear Claimed Marks 0,010ms
[2024-12-04T16:40:48.767+0700][7,916s][info   ][gc,marking  ] GC(639) Concurrent Scan Root Regions
[2024-12-04T16:40:48.767+0700][7,916s][info   ][gc,marking  ] GC(639) Concurrent Scan Root Regions 0,257ms
[2024-12-04T16:40:48.767+0700][7,916s][info   ][gc,marking  ] GC(639) Concurrent Mark
[2024-12-04T16:40:48.767+0700][7,916s][info   ][gc,marking  ] GC(639) Concurrent Mark From Roots
[2024-12-04T16:40:48.767+0700][7,916s][info   ][gc,task     ] GC(639) Using 2 workers of 2 for marking
[2024-12-04T16:40:48.771+0700][7,920s][info   ][gc,marking  ] GC(639) Concurrent Mark From Roots 3,982ms
[2024-12-04T16:40:48.771+0700][7,920s][info   ][gc,marking  ] GC(639) Concurrent Preclean
[2024-12-04T16:40:48.771+0700][7,920s][info   ][gc,marking  ] GC(639) Concurrent Preclean 0,051ms
[2024-12-04T16:40:48.771+0700][7,920s][info   ][gc,start    ] GC(639) Pause Remark
[2024-12-04T16:40:48.772+0700][7,921s][info   ][gc          ] GC(639) Pause Remark 1249M->1249M(2048M) 0,862ms
[2024-12-04T16:40:48.772+0700][7,921s][info   ][gc,cpu      ] GC(639) User=0,00s Sys=0,00s Real=0,00s
[2024-12-04T16:40:48.772+0700][7,921s][info   ][gc,marking  ] GC(639) Concurrent Mark 5,031ms
[2024-12-04T16:40:48.772+0700][7,921s][info   ][gc,marking  ] GC(639) Concurrent Rebuild Remembered Sets
[2024-12-04T16:40:48.774+0700][7,923s][info   ][gc,marking  ] GC(639) Concurrent Rebuild Remembered Sets 1,837ms
[2024-12-04T16:40:48.774+0700][7,923s][info   ][gc,start    ] GC(639) Pause Cleanup
[2024-12-04T16:40:48.775+0700][7,924s][info   ][gc          ] GC(639) Pause Cleanup 1250M->1250M(2048M) 0,447ms
[2024-12-04T16:40:48.775+0700][7,924s][info   ][gc,cpu      ] GC(639) User=0,00s Sys=0,00s Real=0,00s
[2024-12-04T16:40:48.775+0700][7,924s][info   ][gc,marking  ] GC(639) Concurrent Cleanup for Next Mark
[2024-12-04T16:40:48.779+0700][7,927s][info   ][gc,marking  ] GC(639) Concurrent Cleanup for Next Mark 3,752ms
[2024-12-04T16:40:48.779+0700][7,928s][info   ][gc          ] GC(639) Concurrent Mark Cycle 11,602ms
[2024-12-04T16:40:48.784+0700][7,933s][info   ][gc,start    ] GC(640) Pause Young (Concurrent Start) (G1 Humongous Allocation)
[2024-12-04T16:40:48.784+0700][7,933s][info   ][gc,task     ] GC(640) Using 8 workers of 8 for evacuation
[2024-12-04T16:40:48.785+0700][7,934s][info   ][gc,phases   ] GC(640)   Pre Evacuate Collection Set: 0,2ms
[2024-12-04T16:40:48.785+0700][7,934s][info   ][gc,phases   ] GC(640)   Merge Heap Roots: 0,1ms
[2024-12-04T16:40:48.785+0700][7,934s][info   ][gc,phases   ] GC(640)   Evacuate Collection Set: 0,3ms
[2024-12-04T16:40:48.785+0700][7,934s][info   ][gc,phases   ] GC(640)   Post Evacuate Collection Set: 0,1ms
[2024-12-04T16:40:48.785+0700][7,934s][info   ][gc,phases   ] GC(640)   Other: 0,2ms
[2024-12-04T16:40:48.785+0700][7,934s][info   ][gc,heap     ] GC(640) Eden regions: 1->0(587)
[2024-12-04T16:40:48.785+0700][7,934s][info   ][gc,heap     ] GC(640) Survivor regions: 1->1(74)
[2024-12-04T16:40:48.785+0700][7,934s][info   ][gc,heap     ] GC(640) Old regions: 3->3
[2024-12-04T16:40:48.785+0700][7,934s][info   ][gc,heap     ] GC(640) Archive regions: 2->2
[2024-12-04T16:40:48.785+0700][7,934s][info   ][gc,heap     ] GC(640) Humongous regions: 1248->1248
[2024-12-04T16:40:48.785+0700][7,934s][info   ][gc,metaspace] GC(640) Metaspace: 5826K(6080K)->5826K(6080K) NonClass: 5161K(5312K)->5161K(5312K) Class: 664K(768K)->664K(768K)
[2024-12-04T16:40:48.785+0700][7,934s][info   ][gc          ] GC(640) Pause Young (Concurrent Start) (G1 Humongous Allocation) 1251M->1251M(2048M) 1,022ms
[2024-12-04T16:40:48.785+0700][7,934s][info   ][gc,cpu      ] GC(640) User=0,01s Sys=0,01s Real=0,00s
[2024-12-04T16:40:48.785+0700][7,934s][info   ][gc          ] GC(641) Concurrent Mark Cycle
[2024-12-04T16:40:48.785+0700][7,934s][info   ][gc,marking  ] GC(641) Concurrent Clear Claimed Marks
[2024-12-04T16:40:48.785+0700][7,934s][info   ][gc,marking  ] GC(641) Concurrent Clear Claimed Marks 0,023ms
[2024-12-04T16:40:48.785+0700][7,934s][info   ][gc,marking  ] GC(641) Concurrent Scan Root Regions
[2024-12-04T16:40:48.786+0700][7,934s][info   ][gc,marking  ] GC(641) Concurrent Scan Root Regions 0,212ms
[2024-12-04T16:40:48.786+0700][7,934s][info   ][gc,marking  ] GC(641) Concurrent Mark
[2024-12-04T16:40:48.786+0700][7,934s][info   ][gc,marking  ] GC(641) Concurrent Mark From Roots
[2024-12-04T16:40:48.786+0700][7,934s][info   ][gc,task     ] GC(641) Using 2 workers of 2 for marking
[2024-12-04T16:40:48.791+0700][7,940s][info   ][gc,marking  ] GC(641) Concurrent Mark From Roots 5,395ms
[2024-12-04T16:40:48.791+0700][7,940s][info   ][gc,marking  ] GC(641) Concurrent Preclean
[2024-12-04T16:40:48.791+0700][7,940s][info   ][gc,marking  ] GC(641) Concurrent Preclean 0,090ms
[2024-12-04T16:40:48.792+0700][7,941s][info   ][gc,start    ] GC(641) Pause Remark
[2024-12-04T16:40:48.793+0700][7,942s][info   ][gc          ] GC(641) Pause Remark 1253M->1253M(2048M) 1,325ms
[2024-12-04T16:40:48.793+0700][7,942s][info   ][gc,cpu      ] GC(641) User=0,00s Sys=0,00s Real=0,00s
[2024-12-04T16:40:48.793+0700][7,942s][info   ][gc,marking  ] GC(641) Concurrent Mark 7,533ms
[2024-12-04T16:40:48.793+0700][7,942s][info   ][gc,marking  ] GC(641) Concurrent Rebuild Remembered Sets
[2024-12-04T16:40:48.795+0700][7,944s][info   ][gc,marking  ] GC(641) Concurrent Rebuild Remembered Sets 2,020ms
[2024-12-04T16:40:48.795+0700][7,944s][info   ][gc,start    ] GC(641) Pause Cleanup
[2024-12-04T16:40:48.796+0700][7,945s][info   ][gc          ] GC(641) Pause Cleanup 1253M->1253M(2048M) 0,452ms
[2024-12-04T16:40:48.796+0700][7,945s][info   ][gc,cpu      ] GC(641) User=0,00s Sys=0,00s Real=0,00s
[2024-12-04T16:40:48.796+0700][7,945s][info   ][gc,marking  ] GC(641) Concurrent Cleanup for Next Mark
[2024-12-04T16:40:48.799+0700][7,948s][info   ][gc,marking  ] GC(641) Concurrent Cleanup for Next Mark 3,601ms
[2024-12-04T16:40:48.799+0700][7,948s][info   ][gc          ] GC(641) Concurrent Mark Cycle 14,104ms
[2024-12-04T16:40:48.804+0700][7,953s][info   ][gc,start    ] GC(642) Pause Young (Concurrent Start) (G1 Humongous Allocation)
[2024-12-04T16:40:48.804+0700][7,953s][info   ][gc,task     ] GC(642) Using 8 workers of 8 for evacuation
[2024-12-04T16:40:48.805+0700][7,954s][info   ][gc,phases   ] GC(642)   Pre Evacuate Collection Set: 0,2ms
[2024-12-04T16:40:48.805+0700][7,954s][info   ][gc,phases   ] GC(642)   Merge Heap Roots: 0,1ms
[2024-12-04T16:40:48.805+0700][7,954s][info   ][gc,phases   ] GC(642)   Evacuate Collection Set: 0,3ms
[2024-12-04T16:40:48.805+0700][7,954s][info   ][gc,phases   ] GC(642)   Post Evacuate Collection Set: 0,2ms
[2024-12-04T16:40:48.805+0700][7,954s][info   ][gc,phases   ] GC(642)   Other: 0,2ms
[2024-12-04T16:40:48.805+0700][7,954s][info   ][gc,heap     ] GC(642) Eden regions: 1->0(584)
[2024-12-04T16:40:48.805+0700][7,954s][info   ][gc,heap     ] GC(642) Survivor regions: 1->1(74)
[2024-12-04T16:40:48.805+0700][7,954s][info   ][gc,heap     ] GC(642) Old regions: 3->3
[2024-12-04T16:40:48.805+0700][7,954s][info   ][gc,heap     ] GC(642) Archive regions: 2->2
[2024-12-04T16:40:48.805+0700][7,954s][info   ][gc,heap     ] GC(642) Humongous regions: 1251->1251
[2024-12-04T16:40:48.805+0700][7,954s][info   ][gc,metaspace] GC(642) Metaspace: 5826K(6080K)->5826K(6080K) NonClass: 5161K(5312K)->5161K(5312K) Class: 664K(768K)->664K(768K)
[2024-12-04T16:40:48.805+0700][7,954s][info   ][gc          ] GC(642) Pause Young (Concurrent Start) (G1 Humongous Allocation) 1254M->1254M(2048M) 1,069ms
[2024-12-04T16:40:48.805+0700][7,954s][info   ][gc,cpu      ] GC(642) User=0,00s Sys=0,00s Real=0,00s
[2024-12-04T16:40:48.805+0700][7,954s][info   ][gc          ] GC(643) Concurrent Mark Cycle
[2024-12-04T16:40:48.805+0700][7,954s][info   ][gc,marking  ] GC(643) Concurrent Clear Claimed Marks
[2024-12-04T16:40:48.805+0700][7,954s][info   ][gc,marking  ] GC(643) Concurrent Clear Claimed Marks 0,009ms
[2024-12-04T16:40:48.805+0700][7,954s][info   ][gc,marking  ] GC(643) Concurrent Scan Root Regions
[2024-12-04T16:40:48.806+0700][7,955s][info   ][gc,marking  ] GC(643) Concurrent Scan Root Regions 0,387ms
[2024-12-04T16:40:48.806+0700][7,955s][info   ][gc,marking  ] GC(643) Concurrent Mark
[2024-12-04T16:40:48.806+0700][7,955s][info   ][gc,marking  ] GC(643) Concurrent Mark From Roots
[2024-12-04T16:40:48.806+0700][7,955s][info   ][gc,task     ] GC(643) Using 2 workers of 2 for marking
[2024-12-04T16:40:48.809+0700][7,958s][info   ][gc,marking  ] GC(643) Concurrent Mark From Roots 3,384ms
[2024-12-04T16:40:48.809+0700][7,958s][info   ][gc,marking  ] GC(643) Concurrent Preclean
[2024-12-04T16:40:48.809+0700][7,958s][info   ][gc,marking  ] GC(643) Concurrent Preclean 0,043ms
[2024-12-04T16:40:48.809+0700][7,958s][info   ][gc,start    ] GC(643) Pause Remark
[2024-12-04T16:40:48.810+0700][7,959s][info   ][gc          ] GC(643) Pause Remark 1255M->1255M(2048M) 0,696ms
[2024-12-04T16:40:48.810+0700][7,959s][info   ][gc,cpu      ] GC(643) User=0,00s Sys=0,00s Real=0,00s
[2024-12-04T16:40:48.810+0700][7,959s][info   ][gc,marking  ] GC(643) Concurrent Mark 4,225ms
[2024-12-04T16:40:48.810+0700][7,959s][info   ][gc,marking  ] GC(643) Concurrent Rebuild Remembered Sets
[2024-12-04T16:40:48.811+0700][7,960s][info   ][gc,marking  ] GC(643) Concurrent Rebuild Remembered Sets 1,371ms
[2024-12-04T16:40:48.812+0700][7,961s][info   ][gc,start    ] GC(643) Pause Cleanup
[2024-12-04T16:40:48.812+0700][7,961s][info   ][gc          ] GC(643) Pause Cleanup 1256M->1256M(2048M) 0,360ms
[2024-12-04T16:40:48.812+0700][7,961s][info   ][gc,cpu      ] GC(643) User=0,00s Sys=0,00s Real=0,00s
[2024-12-04T16:40:48.812+0700][7,961s][info   ][gc,marking  ] GC(643) Concurrent Cleanup for Next Mark
[2024-12-04T16:40:48.815+0700][7,964s][info   ][gc,marking  ] GC(643) Concurrent Cleanup for Next Mark 3,075ms
[2024-12-04T16:40:48.815+0700][7,964s][info   ][gc          ] GC(643) Concurrent Mark Cycle 9,832ms
[2024-12-04T16:40:48.817+0700][7,966s][info   ][gc,start    ] GC(644) Pause Young (Concurrent Start) (G1 Humongous Allocation)
[2024-12-04T16:40:48.817+0700][7,966s][info   ][gc,task     ] GC(644) Using 8 workers of 8 for evacuation
[2024-12-04T16:40:48.818+0700][7,967s][info   ][gc,phases   ] GC(644)   Pre Evacuate Collection Set: 0,2ms
[2024-12-04T16:40:48.818+0700][7,967s][info   ][gc,phases   ] GC(644)   Merge Heap Roots: 0,1ms
[2024-12-04T16:40:48.818+0700][7,967s][info   ][gc,phases   ] GC(644)   Evacuate Collection Set: 0,4ms
[2024-12-04T16:40:48.818+0700][7,967s][info   ][gc,phases   ] GC(644)   Post Evacuate Collection Set: 0,1ms
[2024-12-04T16:40:48.818+0700][7,967s][info   ][gc,phases   ] GC(644)   Other: 0,2ms
[2024-12-04T16:40:48.818+0700][7,967s][info   ][gc,heap     ] GC(644) Eden regions: 1->0(582)
[2024-12-04T16:40:48.818+0700][7,967s][info   ][gc,heap     ] GC(644) Survivor regions: 1->1(74)
[2024-12-04T16:40:48.818+0700][7,967s][info   ][gc,heap     ] GC(644) Old regions: 3->3
[2024-12-04T16:40:48.818+0700][7,967s][info   ][gc,heap     ] GC(644) Archive regions: 2->2
[2024-12-04T16:40:48.818+0700][7,967s][info   ][gc,heap     ] GC(644) Humongous regions: 1253->1253
[2024-12-04T16:40:48.818+0700][7,967s][info   ][gc,metaspace] GC(644) Metaspace: 5826K(6080K)->5826K(6080K) NonClass: 5161K(5312K)->5161K(5312K) Class: 664K(768K)->664K(768K)
[2024-12-04T16:40:48.818+0700][7,967s][info   ][gc          ] GC(644) Pause Young (Concurrent Start) (G1 Humongous Allocation) 1256M->1256M(2048M) 0,997ms
[2024-12-04T16:40:48.818+0700][7,967s][info   ][gc,cpu      ] GC(644) User=0,00s Sys=0,00s Real=0,00s
[2024-12-04T16:40:48.818+0700][7,967s][info   ][gc          ] GC(645) Concurrent Mark Cycle
[2024-12-04T16:40:48.818+0700][7,967s][info   ][gc,marking  ] GC(645) Concurrent Clear Claimed Marks
[2024-12-04T16:40:48.818+0700][7,967s][info   ][gc,marking  ] GC(645) Concurrent Clear Claimed Marks 0,012ms
[2024-12-04T16:40:48.818+0700][7,967s][info   ][gc,marking  ] GC(645) Concurrent Scan Root Regions
[2024-12-04T16:40:48.819+0700][7,968s][info   ][gc,marking  ] GC(645) Concurrent Scan Root Regions 0,315ms
[2024-12-04T16:40:48.819+0700][7,968s][info   ][gc,marking  ] GC(645) Concurrent Mark
[2024-12-04T16:40:48.819+0700][7,968s][info   ][gc,marking  ] GC(645) Concurrent Mark From Roots
[2024-12-04T16:40:48.819+0700][7,968s][info   ][gc,task     ] GC(645) Using 2 workers of 2 for marking
[2024-12-04T16:40:48.822+0700][7,971s][info   ][gc,marking  ] GC(645) Concurrent Mark From Roots 3,020ms
[2024-12-04T16:40:48.822+0700][7,971s][info   ][gc,marking  ] GC(645) Concurrent Preclean
[2024-12-04T16:40:48.822+0700][7,971s][info   ][gc,marking  ] GC(645) Concurrent Preclean 0,039ms
[2024-12-04T16:40:48.822+0700][7,971s][info   ][gc,start    ] GC(645) Pause Remark
[2024-12-04T16:40:48.822+0700][7,971s][info   ][gc          ] GC(645) Pause Remark 1257M->1257M(2048M) 0,701ms
[2024-12-04T16:40:48.823+0700][7,971s][info   ][gc,cpu      ] GC(645) User=0,00s Sys=0,00s Real=0,00s
[2024-12-04T16:40:48.823+0700][7,971s][info   ][gc,marking  ] GC(645) Concurrent Mark 3,902ms
[2024-12-04T16:40:48.823+0700][7,971s][info   ][gc,marking  ] GC(645) Concurrent Rebuild Remembered Sets
[2024-12-04T16:40:48.824+0700][7,973s][info   ][gc,marking  ] GC(645) Concurrent Rebuild Remembered Sets 1,717ms
[2024-12-04T16:40:48.825+0700][7,973s][info   ][gc,start    ] GC(645) Pause Cleanup
[2024-12-04T16:40:48.825+0700][7,974s][info   ][gc          ] GC(645) Pause Cleanup 1258M->1258M(2048M) 0,272ms
[2024-12-04T16:40:48.825+0700][7,974s][info   ][gc,cpu      ] GC(645) User=0,00s Sys=0,00s Real=0,00s
[2024-12-04T16:40:48.825+0700][7,974s][info   ][gc,marking  ] GC(645) Concurrent Cleanup for Next Mark
[2024-12-04T16:40:48.828+0700][7,977s][info   ][gc,marking  ] GC(645) Concurrent Cleanup for Next Mark 3,132ms
[2024-12-04T16:40:48.828+0700][7,977s][info   ][gc          ] GC(645) Concurrent Mark Cycle 9,832ms
[2024-12-04T16:40:48.830+0700][7,979s][info   ][gc,start    ] GC(646) Pause Young (Concurrent Start) (G1 Humongous Allocation)
[2024-12-04T16:40:48.830+0700][7,979s][info   ][gc,task     ] GC(646) Using 8 workers of 8 for evacuation
[2024-12-04T16:40:48.831+0700][7,980s][info   ][gc,phases   ] GC(646)   Pre Evacuate Collection Set: 0,3ms
[2024-12-04T16:40:48.831+0700][7,980s][info   ][gc,phases   ] GC(646)   Merge Heap Roots: 0,1ms
[2024-12-04T16:40:48.831+0700][7,980s][info   ][gc,phases   ] GC(646)   Evacuate Collection Set: 0,6ms
[2024-12-04T16:40:48.831+0700][7,980s][info   ][gc,phases   ] GC(646)   Post Evacuate Collection Set: 0,1ms
[2024-12-04T16:40:48.832+0700][7,980s][info   ][gc,phases   ] GC(646)   Other: 0,3ms
[2024-12-04T16:40:48.832+0700][7,980s][info   ][gc,heap     ] GC(646) Eden regions: 1->0(581)
[2024-12-04T16:40:48.832+0700][7,980s][info   ][gc,heap     ] GC(646) Survivor regions: 1->1(73)
[2024-12-04T16:40:48.832+0700][7,980s][info   ][gc,heap     ] GC(646) Old regions: 3->3
[2024-12-04T16:40:48.832+0700][7,980s][info   ][gc,heap     ] GC(646) Archive regions: 2->2
[2024-12-04T16:40:48.832+0700][7,980s][info   ][gc,heap     ] GC(646) Humongous regions: 1255->1255
[2024-12-04T16:40:48.832+0700][7,980s][info   ][gc,metaspace] GC(646) Metaspace: 5826K(6080K)->5826K(6080K) NonClass: 5161K(5312K)->5161K(5312K) Class: 664K(768K)->664K(768K)
[2024-12-04T16:40:48.832+0700][7,980s][info   ][gc          ] GC(646) Pause Young (Concurrent Start) (G1 Humongous Allocation) 1258M->1258M(2048M) 1,495ms
[2024-12-04T16:40:48.832+0700][7,980s][info   ][gc,cpu      ] GC(646) User=0,00s Sys=0,00s Real=0,00s
[2024-12-04T16:40:48.832+0700][7,980s][info   ][gc          ] GC(647) Concurrent Mark Cycle
[2024-12-04T16:40:48.832+0700][7,980s][info   ][gc,marking  ] GC(647) Concurrent Clear Claimed Marks
[2024-12-04T16:40:48.832+0700][7,981s][info   ][gc,marking  ] GC(647) Concurrent Clear Claimed Marks 0,019ms
[2024-12-04T16:40:48.832+0700][7,981s][info   ][gc,marking  ] GC(647) Concurrent Scan Root Regions
[2024-12-04T16:40:48.832+0700][7,981s][info   ][gc,marking  ] GC(647) Concurrent Scan Root Regions 0,298ms
[2024-12-04T16:40:48.832+0700][7,981s][info   ][gc,marking  ] GC(647) Concurrent Mark
[2024-12-04T16:40:48.832+0700][7,981s][info   ][gc,marking  ] GC(647) Concurrent Mark From Roots
[2024-12-04T16:40:48.832+0700][7,981s][info   ][gc,task     ] GC(647) Using 2 workers of 2 for marking
[2024-12-04T16:40:48.836+0700][7,985s][info   ][gc,marking  ] GC(647) Concurrent Mark From Roots 4,506ms
[2024-12-04T16:40:48.837+0700][7,985s][info   ][gc,marking  ] GC(647) Concurrent Preclean
[2024-12-04T16:40:48.837+0700][7,985s][info   ][gc,marking  ] GC(647) Concurrent Preclean 0,065ms
[2024-12-04T16:40:48.837+0700][7,986s][info   ][gc,start    ] GC(647) Pause Remark
[2024-12-04T16:40:48.838+0700][7,987s][info   ][gc          ] GC(647) Pause Remark 1259M->1259M(2048M) 1,556ms
[2024-12-04T16:40:48.838+0700][7,987s][info   ][gc,cpu      ] GC(647) User=0,01s Sys=0,00s Real=0,00s
[2024-12-04T16:40:48.838+0700][7,987s][info   ][gc,marking  ] GC(647) Concurrent Mark 6,331ms
[2024-12-04T16:40:48.838+0700][7,987s][info   ][gc,marking  ] GC(647) Concurrent Rebuild Remembered Sets
[2024-12-04T16:40:48.840+0700][7,989s][info   ][gc,marking  ] GC(647) Concurrent Rebuild Remembered Sets 1,332ms
[2024-12-04T16:40:48.840+0700][7,989s][info   ][gc,start    ] GC(647) Pause Cleanup
[2024-12-04T16:40:48.840+0700][7,989s][info   ][gc          ] GC(647) Pause Cleanup 1260M->1260M(2048M) 0,239ms
[2024-12-04T16:40:48.840+0700][7,989s][info   ][gc,cpu      ] GC(647) User=0,00s Sys=0,00s Real=0,00s
[2024-12-04T16:40:48.840+0700][7,989s][info   ][gc,marking  ] GC(647) Concurrent Cleanup for Next Mark
[2024-12-04T16:40:48.843+0700][7,992s][info   ][gc,marking  ] GC(647) Concurrent Cleanup for Next Mark 3,026ms
[2024-12-04T16:40:48.843+0700][7,992s][info   ][gc          ] GC(647) Concurrent Mark Cycle 11,443ms
[2024-12-04T16:40:48.844+0700][7,993s][info   ][gc,start    ] GC(648) Pause Young (Concurrent Start) (G1 Humongous Allocation)
[2024-12-04T16:40:48.844+0700][7,993s][info   ][gc,task     ] GC(648) Using 8 workers of 8 for evacuation
[2024-12-04T16:40:48.845+0700][7,994s][info   ][gc,phases   ] GC(648)   Pre Evacuate Collection Set: 0,2ms
[2024-12-04T16:40:48.845+0700][7,994s][info   ][gc,phases   ] GC(648)   Merge Heap Roots: 0,1ms
[2024-12-04T16:40:48.845+0700][7,994s][info   ][gc,phases   ] GC(648)   Evacuate Collection Set: 0,3ms
[2024-12-04T16:40:48.845+0700][7,994s][info   ][gc,phases   ] GC(648)   Post Evacuate Collection Set: 0,1ms
[2024-12-04T16:40:48.845+0700][7,994s][info   ][gc,phases   ] GC(648)   Other: 0,2ms
[2024-12-04T16:40:48.845+0700][7,994s][info   ][gc,heap     ] GC(648) Eden regions: 1->0(579)
[2024-12-04T16:40:48.845+0700][7,994s][info   ][gc,heap     ] GC(648) Survivor regions: 1->1(73)
[2024-12-04T16:40:48.845+0700][7,994s][info   ][gc,heap     ] GC(648) Old regions: 3->3
[2024-12-04T16:40:48.845+0700][7,994s][info   ][gc,heap     ] GC(648) Archive regions: 2->2
[2024-12-04T16:40:48.845+0700][7,994s][info   ][gc,heap     ] GC(648) Humongous regions: 1257->1257
[2024-12-04T16:40:48.845+0700][7,994s][info   ][gc,metaspace] GC(648) Metaspace: 5826K(6080K)->5826K(6080K) NonClass: 5161K(5312K)->5161K(5312K) Class: 664K(768K)->664K(768K)
[2024-12-04T16:40:48.845+0700][7,994s][info   ][gc          ] GC(648) Pause Young (Concurrent Start) (G1 Humongous Allocation) 1260M->1260M(2048M) 1,001ms
[2024-12-04T16:40:48.845+0700][7,994s][info   ][gc,cpu      ] GC(648) User=0,00s Sys=0,00s Real=0,00s
[2024-12-04T16:40:48.845+0700][7,994s][info   ][gc          ] GC(649) Concurrent Mark Cycle
[2024-12-04T16:40:48.845+0700][7,994s][info   ][gc,marking  ] GC(649) Concurrent Clear Claimed Marks
[2024-12-04T16:40:48.845+0700][7,994s][info   ][gc,marking  ] GC(649) Concurrent Clear Claimed Marks 0,022ms
[2024-12-04T16:40:48.845+0700][7,994s][info   ][gc,marking  ] GC(649) Concurrent Scan Root Regions
[2024-12-04T16:40:48.845+0700][7,994s][info   ][gc,marking  ] GC(649) Concurrent Scan Root Regions 0,372ms
[2024-12-04T16:40:48.845+0700][7,994s][info   ][gc,marking  ] GC(649) Concurrent Mark
[2024-12-04T16:40:48.845+0700][7,994s][info   ][gc,marking  ] GC(649) Concurrent Mark From Roots
[2024-12-04T16:40:48.845+0700][7,994s][info   ][gc,task     ] GC(649) Using 2 workers of 2 for marking
[2024-12-04T16:40:48.849+0700][7,997s][info   ][gc,marking  ] GC(649) Concurrent Mark From Roots 3,068ms
[2024-12-04T16:40:48.849+0700][7,997s][info   ][gc,marking  ] GC(649) Concurrent Preclean
[2024-12-04T16:40:48.849+0700][7,998s][info   ][gc,marking  ] GC(649) Concurrent Preclean 0,054ms
[2024-12-04T16:40:48.849+0700][7,998s][info   ][gc,start    ] GC(649) Pause Remark
[2024-12-04T16:40:48.849+0700][7,998s][info   ][gc          ] GC(649) Pause Remark 1261M->1261M(2048M) 0,714ms
[2024-12-04T16:40:48.849+0700][7,998s][info   ][gc,cpu      ] GC(649) User=0,00s Sys=0,00s Real=0,00s
[2024-12-04T16:40:48.849+0700][7,998s][info   ][gc,marking  ] GC(649) Concurrent Mark 3,965ms
[2024-12-04T16:40:48.849+0700][7,998s][info   ][gc,marking  ] GC(649) Concurrent Rebuild Remembered Sets
[2024-12-04T16:40:48.851+0700][8,000s][info   ][gc,marking  ] GC(649) Concurrent Rebuild Remembered Sets 1,694ms
[2024-12-04T16:40:48.851+0700][8,000s][info   ][gc,start    ] GC(649) Pause Cleanup
[2024-12-04T16:40:48.851+0700][8,000s][info   ][gc          ] GC(649) Pause Cleanup 1262M->1262M(2048M) 0,219ms
[2024-12-04T16:40:48.851+0700][8,000s][info   ][gc,cpu      ] GC(649) User=0,00s Sys=0,00s Real=0,00s
[2024-12-04T16:40:48.851+0700][8,000s][info   ][gc,marking  ] GC(649) Concurrent Cleanup for Next Mark
[2024-12-04T16:40:48.855+0700][8,004s][info   ][gc,marking  ] GC(649) Concurrent Cleanup for Next Mark 3,204ms
[2024-12-04T16:40:48.855+0700][8,004s][info   ][gc          ] GC(649) Concurrent Mark Cycle 9,671ms
[2024-12-04T16:40:48.856+0700][8,005s][info   ][gc,start    ] GC(650) Pause Young (Concurrent Start) (G1 Humongous Allocation)
[2024-12-04T16:40:48.856+0700][8,005s][info   ][gc,task     ] GC(650) Using 8 workers of 8 for evacuation
[2024-12-04T16:40:48.857+0700][8,006s][info   ][gc,phases   ] GC(650)   Pre Evacuate Collection Set: 0,2ms
[2024-12-04T16:40:48.857+0700][8,006s][info   ][gc,phases   ] GC(650)   Merge Heap Roots: 0,1ms
[2024-12-04T16:40:48.857+0700][8,006s][info   ][gc,phases   ] GC(650)   Evacuate Collection Set: 0,3ms
[2024-12-04T16:40:48.857+0700][8,006s][info   ][gc,phases   ] GC(650)   Post Evacuate Collection Set: 0,1ms
[2024-12-04T16:40:48.857+0700][8,006s][info   ][gc,phases   ] GC(650)   Other: 0,2ms
[2024-12-04T16:40:48.857+0700][8,006s][info   ][gc,heap     ] GC(650) Eden regions: 1->0(577)
[2024-12-04T16:40:48.857+0700][8,006s][info   ][gc,heap     ] GC(650) Survivor regions: 1->1(73)
[2024-12-04T16:40:48.857+0700][8,006s][info   ][gc,heap     ] GC(650) Old regions: 3->3
[2024-12-04T16:40:48.857+0700][8,006s][info   ][gc,heap     ] GC(650) Archive regions: 2->2
[2024-12-04T16:40:48.857+0700][8,006s][info   ][gc,heap     ] GC(650) Humongous regions: 1259->1259
[2024-12-04T16:40:48.857+0700][8,006s][info   ][gc,metaspace] GC(650) Metaspace: 5826K(6080K)->5826K(6080K) NonClass: 5161K(5312K)->5161K(5312K) Class: 664K(768K)->664K(768K)
[2024-12-04T16:40:48.857+0700][8,006s][info   ][gc          ] GC(650) Pause Young (Concurrent Start) (G1 Humongous Allocation) 1262M->1262M(2048M) 1,034ms
[2024-12-04T16:40:48.857+0700][8,006s][info   ][gc,cpu      ] GC(650) User=0,01s Sys=0,00s Real=0,00s
[2024-12-04T16:40:48.857+0700][8,006s][info   ][gc          ] GC(651) Concurrent Mark Cycle
[2024-12-04T16:40:48.857+0700][8,006s][info   ][gc,marking  ] GC(651) Concurrent Clear Claimed Marks
[2024-12-04T16:40:48.857+0700][8,006s][info   ][gc,marking  ] GC(651) Concurrent Clear Claimed Marks 0,009ms
[2024-12-04T16:40:48.857+0700][8,006s][info   ][gc,marking  ] GC(651) Concurrent Scan Root Regions
[2024-12-04T16:40:48.858+0700][8,006s][info   ][gc,marking  ] GC(651) Concurrent Scan Root Regions 0,307ms
[2024-12-04T16:40:48.858+0700][8,006s][info   ][gc,marking  ] GC(651) Concurrent Mark
[2024-12-04T16:40:48.858+0700][8,006s][info   ][gc,marking  ] GC(651) Concurrent Mark From Roots
[2024-12-04T16:40:48.858+0700][8,006s][info   ][gc,task     ] GC(651) Using 2 workers of 2 for marking
[2024-12-04T16:40:48.861+0700][8,010s][info   ][gc,marking  ] GC(651) Concurrent Mark From Roots 3,294ms
[2024-12-04T16:40:48.861+0700][8,010s][info   ][gc,marking  ] GC(651) Concurrent Preclean
[2024-12-04T16:40:48.861+0700][8,010s][info   ][gc,marking  ] GC(651) Concurrent Preclean 0,064ms
[2024-12-04T16:40:48.861+0700][8,010s][info   ][gc,start    ] GC(651) Pause Remark
[2024-12-04T16:40:48.863+0700][8,012s][info   ][gc          ] GC(651) Pause Remark 1263M->1263M(2048M) 1,785ms
[2024-12-04T16:40:48.863+0700][8,012s][info   ][gc,cpu      ] GC(651) User=0,01s Sys=0,00s Real=0,00s
[2024-12-04T16:40:48.863+0700][8,012s][info   ][gc,marking  ] GC(651) Concurrent Mark 5,350ms
[2024-12-04T16:40:48.863+0700][8,012s][info   ][gc,marking  ] GC(651) Concurrent Rebuild Remembered Sets
[2024-12-04T16:40:48.865+0700][8,013s][info   ][gc,marking  ] GC(651) Concurrent Rebuild Remembered Sets 1,637ms
[2024-12-04T16:40:48.865+0700][8,014s][info   ][gc,start    ] GC(651) Pause Cleanup
[2024-12-04T16:40:48.865+0700][8,014s][info   ][gc          ] GC(651) Pause Cleanup 1264M->1264M(2048M) 0,220ms
[2024-12-04T16:40:48.865+0700][8,014s][info   ][gc,cpu      ] GC(651) User=0,00s Sys=0,00s Real=0,00s
[2024-12-04T16:40:48.865+0700][8,014s][info   ][gc,marking  ] GC(651) Concurrent Cleanup for Next Mark
[2024-12-04T16:40:48.868+0700][8,017s][info   ][gc,marking  ] GC(651) Concurrent Cleanup for Next Mark 3,449ms
[2024-12-04T16:40:48.868+0700][8,017s][info   ][gc          ] GC(651) Concurrent Mark Cycle 11,190ms
[2024-12-04T16:40:48.869+0700][8,018s][info   ][gc,start    ] GC(652) Pause Young (Concurrent Start) (G1 Humongous Allocation)
[2024-12-04T16:40:48.869+0700][8,018s][info   ][gc,task     ] GC(652) Using 8 workers of 8 for evacuation
[2024-12-04T16:40:48.871+0700][8,020s][info   ][gc,phases   ] GC(652)   Pre Evacuate Collection Set: 0,6ms
[2024-12-04T16:40:48.871+0700][8,020s][info   ][gc,phases   ] GC(652)   Merge Heap Roots: 0,1ms
[2024-12-04T16:40:48.871+0700][8,020s][info   ][gc,phases   ] GC(652)   Evacuate Collection Set: 1,3ms
[2024-12-04T16:40:48.871+0700][8,020s][info   ][gc,phases   ] GC(652)   Post Evacuate Collection Set: 0,2ms
[2024-12-04T16:40:48.871+0700][8,020s][info   ][gc,phases   ] GC(652)   Other: 0,3ms
[2024-12-04T16:40:48.871+0700][8,020s][info   ][gc,heap     ] GC(652) Eden regions: 1->0(575)
[2024-12-04T16:40:48.871+0700][8,020s][info   ][gc,heap     ] GC(652) Survivor regions: 1->1(73)
[2024-12-04T16:40:48.871+0700][8,020s][info   ][gc,heap     ] GC(652) Old regions: 3->3
[2024-12-04T16:40:48.871+0700][8,020s][info   ][gc,heap     ] GC(652) Archive regions: 2->2
[2024-12-04T16:40:48.871+0700][8,020s][info   ][gc,heap     ] GC(652) Humongous regions: 1261->1261
[2024-12-04T16:40:48.871+0700][8,020s][info   ][gc,metaspace] GC(652) Metaspace: 5826K(6080K)->5826K(6080K) NonClass: 5161K(5312K)->5161K(5312K) Class: 664K(768K)->664K(768K)
[2024-12-04T16:40:48.871+0700][8,020s][info   ][gc          ] GC(652) Pause Young (Concurrent Start) (G1 Humongous Allocation) 1264M->1264M(2048M) 2,628ms
[2024-12-04T16:40:48.871+0700][8,020s][info   ][gc,cpu      ] GC(652) User=0,00s Sys=0,00s Real=0,00s
[2024-12-04T16:40:48.871+0700][8,020s][info   ][gc          ] GC(653) Concurrent Mark Cycle
[2024-12-04T16:40:48.871+0700][8,020s][info   ][gc,marking  ] GC(653) Concurrent Clear Claimed Marks
[2024-12-04T16:40:48.871+0700][8,020s][info   ][gc,marking  ] GC(653) Concurrent Clear Claimed Marks 0,021ms
[2024-12-04T16:40:48.871+0700][8,020s][info   ][gc,marking  ] GC(653) Concurrent Scan Root Regions
[2024-12-04T16:40:48.872+0700][8,021s][info   ][gc,marking  ] GC(653) Concurrent Scan Root Regions 0,670ms
[2024-12-04T16:40:48.872+0700][8,021s][info   ][gc,marking  ] GC(653) Concurrent Mark
[2024-12-04T16:40:48.872+0700][8,021s][info   ][gc,marking  ] GC(653) Concurrent Mark From Roots
[2024-12-04T16:40:48.872+0700][8,021s][info   ][gc,task     ] GC(653) Using 2 workers of 2 for marking
[2024-12-04T16:40:48.876+0700][8,025s][info   ][gc,marking  ] GC(653) Concurrent Mark From Roots 3,570ms
[2024-12-04T16:40:48.876+0700][8,025s][info   ][gc,marking  ] GC(653) Concurrent Preclean
[2024-12-04T16:40:48.876+0700][8,025s][info   ][gc,marking  ] GC(653) Concurrent Preclean 0,043ms
[2024-12-04T16:40:48.876+0700][8,025s][info   ][gc,start    ] GC(653) Pause Remark
[2024-12-04T16:40:48.877+0700][8,026s][info   ][gc          ] GC(653) Pause Remark 1265M->1265M(2048M) 0,861ms
[2024-12-04T16:40:48.877+0700][8,026s][info   ][gc,cpu      ] GC(653) User=0,00s Sys=0,00s Real=0,00s
[2024-12-04T16:40:48.877+0700][8,026s][info   ][gc,marking  ] GC(653) Concurrent Mark 4,609ms
[2024-12-04T16:40:48.877+0700][8,026s][info   ][gc,marking  ] GC(653) Concurrent Rebuild Remembered Sets
[2024-12-04T16:40:48.878+0700][8,027s][info   ][gc,marking  ] GC(653) Concurrent Rebuild Remembered Sets 1,487ms
[2024-12-04T16:40:48.878+0700][8,027s][info   ][gc,start    ] GC(653) Pause Cleanup
[2024-12-04T16:40:48.879+0700][8,027s][info   ][gc          ] GC(653) Pause Cleanup 1266M->1266M(2048M) 0,251ms
[2024-12-04T16:40:48.879+0700][8,027s][info   ][gc,cpu      ] GC(653) User=0,00s Sys=0,00s Real=0,00s
[2024-12-04T16:40:48.879+0700][8,027s][info   ][gc,marking  ] GC(653) Concurrent Cleanup for Next Mark
[2024-12-04T16:40:48.883+0700][8,032s][info   ][gc,marking  ] GC(653) Concurrent Cleanup for Next Mark 4,734ms
[2024-12-04T16:40:48.883+0700][8,032s][info   ][gc          ] GC(653) Concurrent Mark Cycle 12,036ms
[2024-12-04T16:40:48.889+0700][8,038s][info   ][gc,start    ] GC(654) Pause Young (Concurrent Start) (G1 Humongous Allocation)
[2024-12-04T16:40:48.889+0700][8,038s][info   ][gc,task     ] GC(654) Using 8 workers of 8 for evacuation
[2024-12-04T16:40:48.890+0700][8,039s][info   ][gc,phases   ] GC(654)   Pre Evacuate Collection Set: 0,3ms
[2024-12-04T16:40:48.890+0700][8,039s][info   ][gc,phases   ] GC(654)   Merge Heap Roots: 0,1ms
[2024-12-04T16:40:48.890+0700][8,039s][info   ][gc,phases   ] GC(654)   Evacuate Collection Set: 0,4ms
[2024-12-04T16:40:48.890+0700][8,039s][info   ][gc,phases   ] GC(654)   Post Evacuate Collection Set: 0,2ms
[2024-12-04T16:40:48.890+0700][8,039s][info   ][gc,phases   ] GC(654)   Other: 0,2ms
[2024-12-04T16:40:48.890+0700][8,039s][info   ][gc,heap     ] GC(654) Eden regions: 1->0(572)
[2024-12-04T16:40:48.890+0700][8,039s][info   ][gc,heap     ] GC(654) Survivor regions: 1->1(72)
[2024-12-04T16:40:48.890+0700][8,039s][info   ][gc,heap     ] GC(654) Old regions: 3->3
[2024-12-04T16:40:48.890+0700][8,039s][info   ][gc,heap     ] GC(654) Archive regions: 2->2
[2024-12-04T16:40:48.890+0700][8,039s][info   ][gc,heap     ] GC(654) Humongous regions: 1264->1264
[2024-12-04T16:40:48.890+0700][8,039s][info   ][gc,metaspace] GC(654) Metaspace: 5826K(6080K)->5826K(6080K) NonClass: 5161K(5312K)->5161K(5312K) Class: 664K(768K)->664K(768K)
[2024-12-04T16:40:48.890+0700][8,039s][info   ][gc          ] GC(654) Pause Young (Concurrent Start) (G1 Humongous Allocation) 1267M->1267M(2048M) 1,257ms
[2024-12-04T16:40:48.890+0700][8,039s][info   ][gc,cpu      ] GC(654) User=0,00s Sys=0,00s Real=0,00s
[2024-12-04T16:40:48.890+0700][8,039s][info   ][gc          ] GC(655) Concurrent Mark Cycle
[2024-12-04T16:40:48.890+0700][8,039s][info   ][gc,marking  ] GC(655) Concurrent Clear Claimed Marks
[2024-12-04T16:40:48.890+0700][8,039s][info   ][gc,marking  ] GC(655) Concurrent Clear Claimed Marks 0,010ms
[2024-12-04T16:40:48.890+0700][8,039s][info   ][gc,marking  ] GC(655) Concurrent Scan Root Regions
[2024-12-04T16:40:48.890+0700][8,039s][info   ][gc,marking  ] GC(655) Concurrent Scan Root Regions 0,246ms
[2024-12-04T16:40:48.890+0700][8,039s][info   ][gc,marking  ] GC(655) Concurrent Mark
[2024-12-04T16:40:48.890+0700][8,039s][info   ][gc,marking  ] GC(655) Concurrent Mark From Roots
[2024-12-04T16:40:48.890+0700][8,039s][info   ][gc,task     ] GC(655) Using 2 workers of 2 for marking
[2024-12-04T16:40:48.894+0700][8,043s][info   ][gc,marking  ] GC(655) Concurrent Mark From Roots 3,903ms
[2024-12-04T16:40:48.894+0700][8,043s][info   ][gc,marking  ] GC(655) Concurrent Preclean
[2024-12-04T16:40:48.894+0700][8,043s][info   ][gc,marking  ] GC(655) Concurrent Preclean 0,046ms
[2024-12-04T16:40:48.894+0700][8,043s][info   ][gc,start    ] GC(655) Pause Remark
[2024-12-04T16:40:48.895+0700][8,044s][info   ][gc          ] GC(655) Pause Remark 1268M->1268M(2048M) 1,034ms
[2024-12-04T16:40:48.895+0700][8,044s][info   ][gc,cpu      ] GC(655) User=0,00s Sys=0,00s Real=0,00s
[2024-12-04T16:40:48.895+0700][8,044s][info   ][gc,marking  ] GC(655) Concurrent Mark 5,141ms
[2024-12-04T16:40:48.895+0700][8,044s][info   ][gc,marking  ] GC(655) Concurrent Rebuild Remembered Sets
[2024-12-04T16:40:48.897+0700][8,046s][info   ][gc,marking  ] GC(655) Concurrent Rebuild Remembered Sets 1,748ms
[2024-12-04T16:40:48.897+0700][8,046s][info   ][gc,start    ] GC(655) Pause Cleanup
[2024-12-04T16:40:48.898+0700][8,047s][info   ][gc          ] GC(655) Pause Cleanup 1269M->1269M(2048M) 0,332ms
[2024-12-04T16:40:48.898+0700][8,047s][info   ][gc,cpu      ] GC(655) User=0,00s Sys=0,00s Real=0,00s
[2024-12-04T16:40:48.898+0700][8,047s][info   ][gc,marking  ] GC(655) Concurrent Cleanup for Next Mark
[2024-12-04T16:40:48.901+0700][8,050s][info   ][gc,marking  ] GC(655) Concurrent Cleanup for Next Mark 3,680ms
[2024-12-04T16:40:48.901+0700][8,050s][info   ][gc          ] GC(655) Concurrent Mark Cycle 11,467ms
[2024-12-04T16:40:48.902+0700][8,051s][info   ][gc,start    ] GC(656) Pause Young (Concurrent Start) (G1 Humongous Allocation)
[2024-12-04T16:40:48.902+0700][8,051s][info   ][gc,task     ] GC(656) Using 8 workers of 8 for evacuation
[2024-12-04T16:40:48.903+0700][8,052s][info   ][gc,phases   ] GC(656)   Pre Evacuate Collection Set: 0,5ms
[2024-12-04T16:40:48.904+0700][8,052s][info   ][gc,phases   ] GC(656)   Merge Heap Roots: 0,1ms
[2024-12-04T16:40:48.904+0700][8,052s][info   ][gc,phases   ] GC(656)   Evacuate Collection Set: 0,8ms
[2024-12-04T16:40:48.904+0700][8,052s][info   ][gc,phases   ] GC(656)   Post Evacuate Collection Set: 0,2ms
[2024-12-04T16:40:48.904+0700][8,052s][info   ][gc,phases   ] GC(656)   Other: 0,2ms
[2024-12-04T16:40:48.904+0700][8,052s][info   ][gc,heap     ] GC(656) Eden regions: 1->0(570)
[2024-12-04T16:40:48.904+0700][8,052s][info   ][gc,heap     ] GC(656) Survivor regions: 1->1(72)
[2024-12-04T16:40:48.904+0700][8,052s][info   ][gc,heap     ] GC(656) Old regions: 3->3
[2024-12-04T16:40:48.904+0700][8,052s][info   ][gc,heap     ] GC(656) Archive regions: 2->2
[2024-12-04T16:40:48.904+0700][8,052s][info   ][gc,heap     ] GC(656) Humongous regions: 1266->1266
[2024-12-04T16:40:48.904+0700][8,052s][info   ][gc,metaspace] GC(656) Metaspace: 5826K(6080K)->5826K(6080K) NonClass: 5161K(5312K)->5161K(5312K) Class: 664K(768K)->664K(768K)
[2024-12-04T16:40:48.904+0700][8,053s][info   ][gc          ] GC(656) Pause Young (Concurrent Start) (G1 Humongous Allocation) 1269M->1269M(2048M) 1,984ms
[2024-12-04T16:40:48.904+0700][8,053s][info   ][gc,cpu      ] GC(656) User=0,01s Sys=0,00s Real=0,01s
[2024-12-04T16:40:48.904+0700][8,053s][info   ][gc          ] GC(657) Concurrent Mark Cycle
[2024-12-04T16:40:48.904+0700][8,053s][info   ][gc,marking  ] GC(657) Concurrent Clear Claimed Marks
[2024-12-04T16:40:48.904+0700][8,053s][info   ][gc,marking  ] GC(657) Concurrent Clear Claimed Marks 0,020ms
[2024-12-04T16:40:48.904+0700][8,053s][info   ][gc,marking  ] GC(657) Concurrent Scan Root Regions
[2024-12-04T16:40:48.904+0700][8,053s][info   ][gc,marking  ] GC(657) Concurrent Scan Root Regions 0,603ms
[2024-12-04T16:40:48.904+0700][8,053s][info   ][gc,marking  ] GC(657) Concurrent Mark
[2024-12-04T16:40:48.904+0700][8,053s][info   ][gc,marking  ] GC(657) Concurrent Mark From Roots
[2024-12-04T16:40:48.904+0700][8,053s][info   ][gc,task     ] GC(657) Using 2 workers of 2 for marking
[2024-12-04T16:40:48.909+0700][8,058s][info   ][gc,marking  ] GC(657) Concurrent Mark From Roots 4,678ms
[2024-12-04T16:40:48.909+0700][8,058s][info   ][gc,marking  ] GC(657) Concurrent Preclean
[2024-12-04T16:40:48.909+0700][8,058s][info   ][gc,marking  ] GC(657) Concurrent Preclean 0,110ms
[2024-12-04T16:40:48.909+0700][8,058s][info   ][gc,start    ] GC(657) Pause Remark
[2024-12-04T16:40:48.914+0700][8,063s][info   ][gc          ] GC(657) Pause Remark 1270M->1270M(2048M) 4,691ms
[2024-12-04T16:40:48.914+0700][8,063s][info   ][gc,cpu      ] GC(657) User=0,00s Sys=0,00s Real=0,01s
[2024-12-04T16:40:48.914+0700][8,063s][info   ][gc,marking  ] GC(657) Concurrent Mark 10,014ms
[2024-12-04T16:40:48.914+0700][8,063s][info   ][gc,marking  ] GC(657) Concurrent Rebuild Remembered Sets
[2024-12-04T16:40:48.918+0700][8,067s][info   ][gc,marking  ] GC(657) Concurrent Rebuild Remembered Sets 3,455ms
[2024-12-04T16:40:48.918+0700][8,067s][info   ][gc,start    ] GC(657) Pause Cleanup
[2024-12-04T16:40:48.918+0700][8,067s][info   ][gc          ] GC(657) Pause Cleanup 1271M->1271M(2048M) 0,407ms
[2024-12-04T16:40:48.918+0700][8,067s][info   ][gc,cpu      ] GC(657) User=0,00s Sys=0,00s Real=0,00s
[2024-12-04T16:40:48.918+0700][8,067s][info   ][gc,marking  ] GC(657) Concurrent Cleanup for Next Mark
[2024-12-04T16:40:48.922+0700][8,071s][info   ][gc,marking  ] GC(657) Concurrent Cleanup for Next Mark 3,645ms
[2024-12-04T16:40:48.922+0700][8,071s][info   ][gc          ] GC(657) Concurrent Mark Cycle 18,468ms
[2024-12-04T16:40:48.927+0700][8,076s][info   ][gc,start    ] GC(658) Pause Young (Concurrent Start) (G1 Humongous Allocation)
[2024-12-04T16:40:48.927+0700][8,076s][info   ][gc,task     ] GC(658) Using 8 workers of 8 for evacuation
[2024-12-04T16:40:48.928+0700][8,077s][info   ][gc,phases   ] GC(658)   Pre Evacuate Collection Set: 0,2ms
[2024-12-04T16:40:48.928+0700][8,077s][info   ][gc,phases   ] GC(658)   Merge Heap Roots: 0,1ms
[2024-12-04T16:40:48.928+0700][8,077s][info   ][gc,phases   ] GC(658)   Evacuate Collection Set: 0,4ms
[2024-12-04T16:40:48.928+0700][8,077s][info   ][gc,phases   ] GC(658)   Post Evacuate Collection Set: 0,2ms
[2024-12-04T16:40:48.928+0700][8,077s][info   ][gc,phases   ] GC(658)   Other: 0,3ms
[2024-12-04T16:40:48.928+0700][8,077s][info   ][gc,heap     ] GC(658) Eden regions: 1->0(567)
[2024-12-04T16:40:48.928+0700][8,077s][info   ][gc,heap     ] GC(658) Survivor regions: 1->1(72)
[2024-12-04T16:40:48.928+0700][8,077s][info   ][gc,heap     ] GC(658) Old regions: 3->3
[2024-12-04T16:40:48.928+0700][8,077s][info   ][gc,heap     ] GC(658) Archive regions: 2->2
[2024-12-04T16:40:48.928+0700][8,077s][info   ][gc,heap     ] GC(658) Humongous regions: 1269->1269
[2024-12-04T16:40:48.928+0700][8,077s][info   ][gc,metaspace] GC(658) Metaspace: 5826K(6080K)->5826K(6080K) NonClass: 5161K(5312K)->5161K(5312K) Class: 664K(768K)->664K(768K)
[2024-12-04T16:40:48.928+0700][8,077s][info   ][gc          ] GC(658) Pause Young (Concurrent Start) (G1 Humongous Allocation) 1272M->1272M(2048M) 1,233ms
[2024-12-04T16:40:48.928+0700][8,077s][info   ][gc,cpu      ] GC(658) User=0,01s Sys=0,00s Real=0,00s
[2024-12-04T16:40:48.929+0700][8,077s][info   ][gc          ] GC(659) Concurrent Mark Cycle
[2024-12-04T16:40:48.929+0700][8,077s][info   ][gc,marking  ] GC(659) Concurrent Clear Claimed Marks
[2024-12-04T16:40:48.929+0700][8,077s][info   ][gc,marking  ] GC(659) Concurrent Clear Claimed Marks 0,015ms
[2024-12-04T16:40:48.929+0700][8,077s][info   ][gc,marking  ] GC(659) Concurrent Scan Root Regions
[2024-12-04T16:40:48.929+0700][8,078s][info   ][gc,marking  ] GC(659) Concurrent Scan Root Regions 0,513ms
[2024-12-04T16:40:48.929+0700][8,078s][info   ][gc,marking  ] GC(659) Concurrent Mark
[2024-12-04T16:40:48.929+0700][8,078s][info   ][gc,marking  ] GC(659) Concurrent Mark From Roots
[2024-12-04T16:40:48.929+0700][8,078s][info   ][gc,task     ] GC(659) Using 2 workers of 2 for marking
[2024-12-04T16:40:48.933+0700][8,082s][info   ][gc,marking  ] GC(659) Concurrent Mark From Roots 3,678ms
[2024-12-04T16:40:48.933+0700][8,082s][info   ][gc,marking  ] GC(659) Concurrent Preclean
[2024-12-04T16:40:48.933+0700][8,082s][info   ][gc,marking  ] GC(659) Concurrent Preclean 0,076ms
[2024-12-04T16:40:48.933+0700][8,082s][info   ][gc,start    ] GC(659) Pause Remark
[2024-12-04T16:40:48.934+0700][8,083s][info   ][gc          ] GC(659) Pause Remark 1273M->1273M(2048M) 0,886ms
[2024-12-04T16:40:48.934+0700][8,083s][info   ][gc,cpu      ] GC(659) User=0,01s Sys=0,00s Real=0,01s
[2024-12-04T16:40:48.934+0700][8,083s][info   ][gc,marking  ] GC(659) Concurrent Mark 4,816ms
[2024-12-04T16:40:48.934+0700][8,083s][info   ][gc,marking  ] GC(659) Concurrent Rebuild Remembered Sets
[2024-12-04T16:40:48.936+0700][8,085s][info   ][gc,marking  ] GC(659) Concurrent Rebuild Remembered Sets 2,179ms
[2024-12-04T16:40:48.936+0700][8,085s][info   ][gc,start    ] GC(659) Pause Cleanup
[2024-12-04T16:40:48.937+0700][8,086s][info   ][gc          ] GC(659) Pause Cleanup 1274M->1274M(2048M) 0,543ms
[2024-12-04T16:40:48.937+0700][8,086s][info   ][gc,cpu      ] GC(659) User=0,00s Sys=0,00s Real=0,00s
[2024-12-04T16:40:48.937+0700][8,086s][info   ][gc,marking  ] GC(659) Concurrent Cleanup for Next Mark
[2024-12-04T16:40:48.941+0700][8,090s][info   ][gc,marking  ] GC(659) Concurrent Cleanup for Next Mark 3,773ms
[2024-12-04T16:40:48.941+0700][8,090s][info   ][gc          ] GC(659) Concurrent Mark Cycle 12,296ms
[2024-12-04T16:40:48.946+0700][8,095s][info   ][gc,start    ] GC(660) Pause Young (Concurrent Start) (G1 Humongous Allocation)
[2024-12-04T16:40:48.946+0700][8,095s][info   ][gc,task     ] GC(660) Using 8 workers of 8 for evacuation
[2024-12-04T16:40:48.947+0700][8,096s][info   ][gc,phases   ] GC(660)   Pre Evacuate Collection Set: 0,2ms
[2024-12-04T16:40:48.947+0700][8,096s][info   ][gc,phases   ] GC(660)   Merge Heap Roots: 0,1ms
[2024-12-04T16:40:48.947+0700][8,096s][info   ][gc,phases   ] GC(660)   Evacuate Collection Set: 0,6ms
[2024-12-04T16:40:48.947+0700][8,096s][info   ][gc,phases   ] GC(660)   Post Evacuate Collection Set: 0,1ms
[2024-12-04T16:40:48.947+0700][8,096s][info   ][gc,phases   ] GC(660)   Other: 0,2ms
[2024-12-04T16:40:48.947+0700][8,096s][info   ][gc,heap     ] GC(660) Eden regions: 1->0(564)
[2024-12-04T16:40:48.947+0700][8,096s][info   ][gc,heap     ] GC(660) Survivor regions: 1->1(71)
[2024-12-04T16:40:48.947+0700][8,096s][info   ][gc,heap     ] GC(660) Old regions: 3->3
[2024-12-04T16:40:48.947+0700][8,096s][info   ][gc,heap     ] GC(660) Archive regions: 2->2
[2024-12-04T16:40:48.947+0700][8,096s][info   ][gc,heap     ] GC(660) Humongous regions: 1272->1272
[2024-12-04T16:40:48.947+0700][8,096s][info   ][gc,metaspace] GC(660) Metaspace: 5826K(6080K)->5826K(6080K) NonClass: 5161K(5312K)->5161K(5312K) Class: 664K(768K)->664K(768K)
[2024-12-04T16:40:48.947+0700][8,096s][info   ][gc          ] GC(660) Pause Young (Concurrent Start) (G1 Humongous Allocation) 1275M->1275M(2048M) 1,385ms
[2024-12-04T16:40:48.947+0700][8,096s][info   ][gc,cpu      ] GC(660) User=0,00s Sys=0,00s Real=0,00s
[2024-12-04T16:40:48.947+0700][8,096s][info   ][gc          ] GC(661) Concurrent Mark Cycle
[2024-12-04T16:40:48.947+0700][8,096s][info   ][gc,marking  ] GC(661) Concurrent Clear Claimed Marks
[2024-12-04T16:40:48.947+0700][8,096s][info   ][gc,marking  ] GC(661) Concurrent Clear Claimed Marks 0,019ms
[2024-12-04T16:40:48.947+0700][8,096s][info   ][gc,marking  ] GC(661) Concurrent Scan Root Regions
[2024-12-04T16:40:48.948+0700][8,097s][info   ][gc,marking  ] GC(661) Concurrent Scan Root Regions 0,346ms
[2024-12-04T16:40:48.948+0700][8,097s][info   ][gc,marking  ] GC(661) Concurrent Mark
[2024-12-04T16:40:48.948+0700][8,097s][info   ][gc,marking  ] GC(661) Concurrent Mark From Roots
[2024-12-04T16:40:48.948+0700][8,097s][info   ][gc,task     ] GC(661) Using 2 workers of 2 for marking
[2024-12-04T16:40:48.951+0700][8,100s][info   ][gc,marking  ] GC(661) Concurrent Mark From Roots 3,583ms
[2024-12-04T16:40:48.951+0700][8,100s][info   ][gc,marking  ] GC(661) Concurrent Preclean
[2024-12-04T16:40:48.952+0700][8,100s][info   ][gc,marking  ] GC(661) Concurrent Preclean 0,051ms
[2024-12-04T16:40:48.952+0700][8,100s][info   ][gc,start    ] GC(661) Pause Remark
[2024-12-04T16:40:48.952+0700][8,101s][info   ][gc          ] GC(661) Pause Remark 1276M->1276M(2048M) 0,849ms
[2024-12-04T16:40:48.952+0700][8,101s][info   ][gc,cpu      ] GC(661) User=0,01s Sys=0,00s Real=0,00s
[2024-12-04T16:40:48.952+0700][8,101s][info   ][gc,marking  ] GC(661) Concurrent Mark 4,660ms
[2024-12-04T16:40:48.953+0700][8,101s][info   ][gc,marking  ] GC(661) Concurrent Rebuild Remembered Sets
[2024-12-04T16:40:48.954+0700][8,103s][info   ][gc,marking  ] GC(661) Concurrent Rebuild Remembered Sets 1,574ms
[2024-12-04T16:40:48.954+0700][8,103s][info   ][gc,start    ] GC(661) Pause Cleanup
[2024-12-04T16:40:48.955+0700][8,103s][info   ][gc          ] GC(661) Pause Cleanup 1277M->1277M(2048M) 0,397ms
[2024-12-04T16:40:48.955+0700][8,103s][info   ][gc,cpu      ] GC(661) User=0,00s Sys=0,00s Real=0,00s
[2024-12-04T16:40:48.955+0700][8,104s][info   ][gc,marking  ] GC(661) Concurrent Cleanup for Next Mark
[2024-12-04T16:40:48.958+0700][8,107s][info   ][gc,marking  ] GC(661) Concurrent Cleanup for Next Mark 3,748ms
[2024-12-04T16:40:48.958+0700][8,107s][info   ][gc          ] GC(661) Concurrent Mark Cycle 11,071ms
[2024-12-04T16:40:48.959+0700][8,108s][info   ][gc,start    ] GC(662) Pause Young (Concurrent Start) (G1 Humongous Allocation)
[2024-12-04T16:40:48.959+0700][8,108s][info   ][gc,task     ] GC(662) Using 8 workers of 8 for evacuation
[2024-12-04T16:40:48.964+0700][8,112s][info   ][gc,phases   ] GC(662)   Pre Evacuate Collection Set: 0,5ms
[2024-12-04T16:40:48.964+0700][8,113s][info   ][gc,phases   ] GC(662)   Merge Heap Roots: 0,1ms
[2024-12-04T16:40:48.964+0700][8,113s][info   ][gc,phases   ] GC(662)   Evacuate Collection Set: 3,7ms
[2024-12-04T16:40:48.964+0700][8,113s][info   ][gc,phases   ] GC(662)   Post Evacuate Collection Set: 0,3ms
[2024-12-04T16:40:48.964+0700][8,113s][info   ][gc,phases   ] GC(662)   Other: 0,2ms
[2024-12-04T16:40:48.964+0700][8,113s][info   ][gc,heap     ] GC(662) Eden regions: 1->0(563)
[2024-12-04T16:40:48.964+0700][8,113s][info   ][gc,heap     ] GC(662) Survivor regions: 1->0(71)
[2024-12-04T16:40:48.964+0700][8,113s][info   ][gc,heap     ] GC(662) Old regions: 3->3
[2024-12-04T16:40:48.964+0700][8,113s][info   ][gc,heap     ] GC(662) Archive regions: 2->2
[2024-12-04T16:40:48.964+0700][8,113s][info   ][gc,heap     ] GC(662) Humongous regions: 1274->1274
[2024-12-04T16:40:48.964+0700][8,113s][info   ][gc,metaspace] GC(662) Metaspace: 5826K(6080K)->5826K(6080K) NonClass: 5161K(5312K)->5161K(5312K) Class: 664K(768K)->664K(768K)
[2024-12-04T16:40:48.964+0700][8,113s][info   ][gc          ] GC(662) Pause Young (Concurrent Start) (G1 Humongous Allocation) 1277M->1277M(2048M) 4,979ms
[2024-12-04T16:40:48.964+0700][8,113s][info   ][gc,cpu      ] GC(662) User=0,01s Sys=0,00s Real=0,01s
[2024-12-04T16:40:48.964+0700][8,113s][info   ][gc          ] GC(663) Concurrent Mark Cycle
[2024-12-04T16:40:48.964+0700][8,113s][info   ][gc,marking  ] GC(663) Concurrent Clear Claimed Marks
[2024-12-04T16:40:48.964+0700][8,113s][info   ][gc,marking  ] GC(663) Concurrent Clear Claimed Marks 0,032ms
[2024-12-04T16:40:48.964+0700][8,113s][info   ][gc,marking  ] GC(663) Concurrent Scan Root Regions
[2024-12-04T16:40:48.964+0700][8,113s][info   ][gc,marking  ] GC(663) Concurrent Scan Root Regions 0,540ms
[2024-12-04T16:40:48.965+0700][8,113s][info   ][gc,marking  ] GC(663) Concurrent Mark
[2024-12-04T16:40:48.965+0700][8,113s][info   ][gc,marking  ] GC(663) Concurrent Mark From Roots
[2024-12-04T16:40:48.965+0700][8,113s][info   ][gc,task     ] GC(663) Using 2 workers of 2 for marking
[2024-12-04T16:40:48.970+0700][8,119s][info   ][gc,marking  ] GC(663) Concurrent Mark From Roots 5,427ms
[2024-12-04T16:40:48.970+0700][8,119s][info   ][gc,marking  ] GC(663) Concurrent Preclean
[2024-12-04T16:40:48.970+0700][8,119s][info   ][gc,marking  ] GC(663) Concurrent Preclean 0,101ms
[2024-12-04T16:40:48.970+0700][8,119s][info   ][gc,start    ] GC(663) Pause Remark
[2024-12-04T16:40:48.973+0700][8,122s][info   ][gc          ] GC(663) Pause Remark 1278M->1278M(2048M) 2,632ms
[2024-12-04T16:40:48.973+0700][8,122s][info   ][gc,cpu      ] GC(663) User=0,00s Sys=0,00s Real=0,00s
[2024-12-04T16:40:48.973+0700][8,122s][info   ][gc,marking  ] GC(663) Concurrent Mark 8,516ms
[2024-12-04T16:40:48.973+0700][8,122s][info   ][gc,marking  ] GC(663) Concurrent Rebuild Remembered Sets
[2024-12-04T16:40:48.975+0700][8,124s][info   ][gc,marking  ] GC(663) Concurrent Rebuild Remembered Sets 2,205ms
[2024-12-04T16:40:48.975+0700][8,124s][info   ][gc,start    ] GC(663) Pause Cleanup
[2024-12-04T16:40:48.976+0700][8,125s][info   ][gc          ] GC(663) Pause Cleanup 1279M->1279M(2048M) 0,314ms
[2024-12-04T16:40:48.976+0700][8,125s][info   ][gc,cpu      ] GC(663) User=0,00s Sys=0,00s Real=0,00s
[2024-12-04T16:40:48.976+0700][8,125s][info   ][gc,marking  ] GC(663) Concurrent Cleanup for Next Mark
[2024-12-04T16:40:48.980+0700][8,129s][info   ][gc,marking  ] GC(663) Concurrent Cleanup for Next Mark 4,110ms
[2024-12-04T16:40:48.980+0700][8,129s][info   ][gc          ] GC(663) Concurrent Mark Cycle 16,161ms
[2024-12-04T16:40:48.985+0700][8,134s][info   ][gc,start    ] GC(664) Pause Young (Concurrent Start) (G1 Humongous Allocation)
[2024-12-04T16:40:48.985+0700][8,134s][info   ][gc,task     ] GC(664) Using 8 workers of 8 for evacuation
[2024-12-04T16:40:48.986+0700][8,135s][info   ][gc,phases   ] GC(664)   Pre Evacuate Collection Set: 0,4ms
[2024-12-04T16:40:48.987+0700][8,135s][info   ][gc,phases   ] GC(664)   Merge Heap Roots: 0,2ms
[2024-12-04T16:40:48.987+0700][8,135s][info   ][gc,phases   ] GC(664)   Evacuate Collection Set: 0,4ms
[2024-12-04T16:40:48.987+0700][8,135s][info   ][gc,phases   ] GC(664)   Post Evacuate Collection Set: 0,1ms
[2024-12-04T16:40:48.987+0700][8,135s][info   ][gc,phases   ] GC(664)   Other: 0,2ms
[2024-12-04T16:40:48.987+0700][8,135s][info   ][gc,heap     ] GC(664) Eden regions: 1->0(560)
[2024-12-04T16:40:48.987+0700][8,135s][info   ][gc,heap     ] GC(664) Survivor regions: 0->0(71)
[2024-12-04T16:40:48.987+0700][8,135s][info   ][gc,heap     ] GC(664) Old regions: 3->3
[2024-12-04T16:40:48.987+0700][8,135s][info   ][gc,heap     ] GC(664) Archive regions: 2->2
[2024-12-04T16:40:48.987+0700][8,135s][info   ][gc,heap     ] GC(664) Humongous regions: 1277->1277
[2024-12-04T16:40:48.987+0700][8,135s][info   ][gc,metaspace] GC(664) Metaspace: 5826K(6080K)->5826K(6080K) NonClass: 5161K(5312K)->5161K(5312K) Class: 664K(768K)->664K(768K)
[2024-12-04T16:40:48.987+0700][8,136s][info   ][gc          ] GC(664) Pause Young (Concurrent Start) (G1 Humongous Allocation) 1280M->1280M(2048M) 1,488ms
[2024-12-04T16:40:48.987+0700][8,136s][info   ][gc,cpu      ] GC(664) User=0,00s Sys=0,00s Real=0,00s
[2024-12-04T16:40:48.987+0700][8,136s][info   ][gc          ] GC(665) Concurrent Mark Cycle
[2024-12-04T16:40:48.987+0700][8,136s][info   ][gc,marking  ] GC(665) Concurrent Clear Claimed Marks
[2024-12-04T16:40:48.987+0700][8,136s][info   ][gc,marking  ] GC(665) Concurrent Clear Claimed Marks 0,020ms
[2024-12-04T16:40:48.987+0700][8,136s][info   ][gc,marking  ] GC(665) Concurrent Scan Root Regions
[2024-12-04T16:40:48.987+0700][8,136s][info   ][gc,marking  ] GC(665) Concurrent Scan Root Regions 0,006ms
[2024-12-04T16:40:48.987+0700][8,136s][info   ][gc,marking  ] GC(665) Concurrent Mark
[2024-12-04T16:40:48.987+0700][8,136s][info   ][gc,marking  ] GC(665) Concurrent Mark From Roots
[2024-12-04T16:40:48.987+0700][8,136s][info   ][gc,task     ] GC(665) Using 2 workers of 2 for marking
[2024-12-04T16:40:48.990+0700][8,139s][info   ][gc,marking  ] GC(665) Concurrent Mark From Roots 3,673ms
[2024-12-04T16:40:48.991+0700][8,139s][info   ][gc,marking  ] GC(665) Concurrent Preclean
[2024-12-04T16:40:48.991+0700][8,139s][info   ][gc,marking  ] GC(665) Concurrent Preclean 0,055ms
[2024-12-04T16:40:48.991+0700][8,139s][info   ][gc,start    ] GC(665) Pause Remark
[2024-12-04T16:40:48.991+0700][8,140s][info   ][gc          ] GC(665) Pause Remark 1281M->1281M(2048M) 0,729ms
[2024-12-04T16:40:48.991+0700][8,140s][info   ][gc,cpu      ] GC(665) User=0,00s Sys=0,00s Real=0,00s
[2024-12-04T16:40:48.991+0700][8,140s][info   ][gc,marking  ] GC(665) Concurrent Mark 4,573ms
[2024-12-04T16:40:48.991+0700][8,140s][info   ][gc,marking  ] GC(665) Concurrent Rebuild Remembered Sets
[2024-12-04T16:40:48.993+0700][8,142s][info   ][gc,marking  ] GC(665) Concurrent Rebuild Remembered Sets 1,562ms
[2024-12-04T16:40:48.993+0700][8,142s][info   ][gc,start    ] GC(665) Pause Cleanup
[2024-12-04T16:40:48.993+0700][8,142s][info   ][gc          ] GC(665) Pause Cleanup 1282M->1282M(2048M) 0,246ms
[2024-12-04T16:40:48.993+0700][8,142s][info   ][gc,cpu      ] GC(665) User=0,00s Sys=0,00s Real=0,01s
[2024-12-04T16:40:48.993+0700][8,142s][info   ][gc,marking  ] GC(665) Concurrent Cleanup for Next Mark
[2024-12-04T16:40:48.997+0700][8,145s][info   ][gc,marking  ] GC(665) Concurrent Cleanup for Next Mark 3,143ms
[2024-12-04T16:40:48.997+0700][8,145s][info   ][gc          ] GC(665) Concurrent Mark Cycle 9,886ms
[2024-12-04T16:40:48.998+0700][8,147s][info   ][gc,start    ] GC(666) Pause Young (Concurrent Start) (G1 Humongous Allocation)
[2024-12-04T16:40:48.998+0700][8,147s][info   ][gc,task     ] GC(666) Using 8 workers of 8 for evacuation
[2024-12-04T16:40:48.999+0700][8,148s][info   ][gc,phases   ] GC(666)   Pre Evacuate Collection Set: 0,2ms
[2024-12-04T16:40:48.999+0700][8,148s][info   ][gc,phases   ] GC(666)   Merge Heap Roots: 0,2ms
[2024-12-04T16:40:48.999+0700][8,148s][info   ][gc,phases   ] GC(666)   Evacuate Collection Set: 0,4ms
[2024-12-04T16:40:48.999+0700][8,148s][info   ][gc,phases   ] GC(666)   Post Evacuate Collection Set: 0,1ms
[2024-12-04T16:40:48.999+0700][8,148s][info   ][gc,phases   ] GC(666)   Other: 0,2ms
[2024-12-04T16:40:48.999+0700][8,148s][info   ][gc,heap     ] GC(666) Eden regions: 1->0(558)
[2024-12-04T16:40:48.999+0700][8,148s][info   ][gc,heap     ] GC(666) Survivor regions: 0->0(70)
[2024-12-04T16:40:48.999+0700][8,148s][info   ][gc,heap     ] GC(666) Old regions: 3->3
[2024-12-04T16:40:48.999+0700][8,148s][info   ][gc,heap     ] GC(666) Archive regions: 2->2
[2024-12-04T16:40:48.999+0700][8,148s][info   ][gc,heap     ] GC(666) Humongous regions: 1279->1279
[2024-12-04T16:40:48.999+0700][8,148s][info   ][gc,metaspace] GC(666) Metaspace: 5826K(6080K)->5826K(6080K) NonClass: 5161K(5312K)->5161K(5312K) Class: 664K(768K)->664K(768K)
[2024-12-04T16:40:48.999+0700][8,148s][info   ][gc          ] GC(666) Pause Young (Concurrent Start) (G1 Humongous Allocation) 1282M->1282M(2048M) 1,057ms
[2024-12-04T16:40:48.999+0700][8,148s][info   ][gc,cpu      ] GC(666) User=0,00s Sys=0,00s Real=0,00s
[2024-12-04T16:40:48.999+0700][8,148s][info   ][gc          ] GC(667) Concurrent Mark Cycle
[2024-12-04T16:40:48.999+0700][8,148s][info   ][gc,marking  ] GC(667) Concurrent Clear Claimed Marks
[2024-12-04T16:40:48.999+0700][8,148s][info   ][gc,marking  ] GC(667) Concurrent Clear Claimed Marks 0,010ms
[2024-12-04T16:40:48.999+0700][8,148s][info   ][gc,marking  ] GC(667) Concurrent Scan Root Regions
[2024-12-04T16:40:48.999+0700][8,148s][info   ][gc,marking  ] GC(667) Concurrent Scan Root Regions 0,018ms
[2024-12-04T16:40:48.999+0700][8,148s][info   ][gc,marking  ] GC(667) Concurrent Mark
[2024-12-04T16:40:48.999+0700][8,148s][info   ][gc,marking  ] GC(667) Concurrent Mark From Roots
[2024-12-04T16:40:48.999+0700][8,148s][info   ][gc,task     ] GC(667) Using 2 workers of 2 for marking
[2024-12-04T16:40:49.003+0700][8,151s][info   ][gc,marking  ] GC(667) Concurrent Mark From Roots 3,220ms
[2024-12-04T16:40:49.003+0700][8,151s][info   ][gc,marking  ] GC(667) Concurrent Preclean
[2024-12-04T16:40:49.003+0700][8,152s][info   ][gc,marking  ] GC(667) Concurrent Preclean 0,053ms
[2024-12-04T16:40:49.003+0700][8,152s][info   ][gc,start    ] GC(667) Pause Remark
[2024-12-04T16:40:49.004+0700][8,152s][info   ][gc          ] GC(667) Pause Remark 1283M->1283M(2048M) 0,866ms
[2024-12-04T16:40:49.004+0700][8,152s][info   ][gc,cpu      ] GC(667) User=0,00s Sys=0,00s Real=0,01s
[2024-12-04T16:40:49.004+0700][8,152s][info   ][gc,marking  ] GC(667) Concurrent Mark 4,271ms
[2024-12-04T16:40:49.004+0700][8,152s][info   ][gc,marking  ] GC(667) Concurrent Rebuild Remembered Sets
[2024-12-04T16:40:49.005+0700][8,154s][info   ][gc,marking  ] GC(667) Concurrent Rebuild Remembered Sets 1,713ms
[2024-12-04T16:40:49.005+0700][8,154s][info   ][gc,start    ] GC(667) Pause Cleanup
[2024-12-04T16:40:49.006+0700][8,155s][info   ][gc          ] GC(667) Pause Cleanup 1284M->1284M(2048M) 0,221ms
[2024-12-04T16:40:49.006+0700][8,155s][info   ][gc,cpu      ] GC(667) User=0,00s Sys=0,00s Real=0,00s
[2024-12-04T16:40:49.006+0700][8,155s][info   ][gc,marking  ] GC(667) Concurrent Cleanup for Next Mark
[2024-12-04T16:40:49.011+0700][8,159s][info   ][gc,marking  ] GC(667) Concurrent Cleanup for Next Mark 4,878ms
[2024-12-04T16:40:49.011+0700][8,160s][info   ][gc          ] GC(667) Concurrent Mark Cycle 11,370ms
[2024-12-04T16:40:49.011+0700][8,160s][info   ][gc,start    ] GC(668) Pause Young (Concurrent Start) (G1 Humongous Allocation)
[2024-12-04T16:40:49.011+0700][8,160s][info   ][gc,task     ] GC(668) Using 8 workers of 8 for evacuation
[2024-12-04T16:40:49.012+0700][8,161s][info   ][gc,phases   ] GC(668)   Pre Evacuate Collection Set: 0,4ms
[2024-12-04T16:40:49.012+0700][8,161s][info   ][gc,phases   ] GC(668)   Merge Heap Roots: 0,2ms
[2024-12-04T16:40:49.012+0700][8,161s][info   ][gc,phases   ] GC(668)   Evacuate Collection Set: 0,4ms
[2024-12-04T16:40:49.012+0700][8,161s][info   ][gc,phases   ] GC(668)   Post Evacuate Collection Set: 0,1ms
[2024-12-04T16:40:49.012+0700][8,161s][info   ][gc,phases   ] GC(668)   Other: 0,2ms
[2024-12-04T16:40:49.012+0700][8,161s][info   ][gc,heap     ] GC(668) Eden regions: 1->0(556)
[2024-12-04T16:40:49.012+0700][8,161s][info   ][gc,heap     ] GC(668) Survivor regions: 0->0(70)
[2024-12-04T16:40:49.012+0700][8,161s][info   ][gc,heap     ] GC(668) Old regions: 3->3
[2024-12-04T16:40:49.012+0700][8,161s][info   ][gc,heap     ] GC(668) Archive regions: 2->2
[2024-12-04T16:40:49.012+0700][8,161s][info   ][gc,heap     ] GC(668) Humongous regions: 1281->1281
[2024-12-04T16:40:49.012+0700][8,161s][info   ][gc,metaspace] GC(668) Metaspace: 5826K(6080K)->5826K(6080K) NonClass: 5161K(5312K)->5161K(5312K) Class: 664K(768K)->664K(768K)
[2024-12-04T16:40:49.012+0700][8,161s][info   ][gc          ] GC(668) Pause Young (Concurrent Start) (G1 Humongous Allocation) 1284M->1284M(2048M) 1,367ms
[2024-12-04T16:40:49.012+0700][8,161s][info   ][gc,cpu      ] GC(668) User=0,00s Sys=0,00s Real=0,00s
[2024-12-04T16:40:49.012+0700][8,161s][info   ][gc          ] GC(669) Concurrent Mark Cycle
[2024-12-04T16:40:49.012+0700][8,161s][info   ][gc,marking  ] GC(669) Concurrent Clear Claimed Marks
[2024-12-04T16:40:49.012+0700][8,161s][info   ][gc,marking  ] GC(669) Concurrent Clear Claimed Marks 0,011ms
[2024-12-04T16:40:49.012+0700][8,161s][info   ][gc,marking  ] GC(669) Concurrent Scan Root Regions
[2024-12-04T16:40:49.012+0700][8,161s][info   ][gc,marking  ] GC(669) Concurrent Scan Root Regions 0,007ms
[2024-12-04T16:40:49.012+0700][8,161s][info   ][gc,marking  ] GC(669) Concurrent Mark
[2024-12-04T16:40:49.012+0700][8,161s][info   ][gc,marking  ] GC(669) Concurrent Mark From Roots
[2024-12-04T16:40:49.012+0700][8,161s][info   ][gc,task     ] GC(669) Using 2 workers of 2 for marking
[2024-12-04T16:40:49.016+0700][8,165s][info   ][gc,marking  ] GC(669) Concurrent Mark From Roots 3,873ms
[2024-12-04T16:40:49.016+0700][8,165s][info   ][gc,marking  ] GC(669) Concurrent Preclean
[2024-12-04T16:40:49.016+0700][8,165s][info   ][gc,marking  ] GC(669) Concurrent Preclean 0,069ms
[2024-12-04T16:40:49.016+0700][8,165s][info   ][gc,start    ] GC(669) Pause Remark
[2024-12-04T16:40:49.018+0700][8,167s][info   ][gc          ] GC(669) Pause Remark 1285M->1285M(2048M) 1,489ms
[2024-12-04T16:40:49.018+0700][8,167s][info   ][gc,cpu      ] GC(669) User=0,00s Sys=0,00s Real=0,00s
[2024-12-04T16:40:49.018+0700][8,167s][info   ][gc,marking  ] GC(669) Concurrent Mark 5,679ms
[2024-12-04T16:40:49.018+0700][8,167s][info   ][gc,marking  ] GC(669) Concurrent Rebuild Remembered Sets
[2024-12-04T16:40:49.020+0700][8,169s][info   ][gc,marking  ] GC(669) Concurrent Rebuild Remembered Sets 1,990ms
[2024-12-04T16:40:49.020+0700][8,169s][info   ][gc,start    ] GC(669) Pause Cleanup
[2024-12-04T16:40:49.020+0700][8,169s][info   ][gc          ] GC(669) Pause Cleanup 1286M->1286M(2048M) 0,291ms
[2024-12-04T16:40:49.020+0700][8,169s][info   ][gc,cpu      ] GC(669) User=0,00s Sys=0,00s Real=0,00s
[2024-12-04T16:40:49.020+0700][8,169s][info   ][gc,marking  ] GC(669) Concurrent Cleanup for Next Mark
[2024-12-04T16:40:49.024+0700][8,172s][info   ][gc,marking  ] GC(669) Concurrent Cleanup for Next Mark 3,125ms
[2024-12-04T16:40:49.024+0700][8,172s][info   ][gc          ] GC(669) Concurrent Mark Cycle 11,306ms
[2024-12-04T16:40:49.024+0700][8,173s][info   ][gc,start    ] GC(670) Pause Young (Concurrent Start) (G1 Humongous Allocation)
[2024-12-04T16:40:49.024+0700][8,173s][info   ][gc,task     ] GC(670) Using 8 workers of 8 for evacuation
[2024-12-04T16:40:49.025+0700][8,174s][info   ][gc,phases   ] GC(670)   Pre Evacuate Collection Set: 0,4ms
[2024-12-04T16:40:49.025+0700][8,174s][info   ][gc,phases   ] GC(670)   Merge Heap Roots: 0,2ms
[2024-12-04T16:40:49.025+0700][8,174s][info   ][gc,phases   ] GC(670)   Evacuate Collection Set: 0,3ms
[2024-12-04T16:40:49.025+0700][8,174s][info   ][gc,phases   ] GC(670)   Post Evacuate Collection Set: 0,1ms
[2024-12-04T16:40:49.025+0700][8,174s][info   ][gc,phases   ] GC(670)   Other: 0,2ms
[2024-12-04T16:40:49.025+0700][8,174s][info   ][gc,heap     ] GC(670) Eden regions: 1->0(554)
[2024-12-04T16:40:49.025+0700][8,174s][info   ][gc,heap     ] GC(670) Survivor regions: 0->0(70)
[2024-12-04T16:40:49.025+0700][8,174s][info   ][gc,heap     ] GC(670) Old regions: 3->3
[2024-12-04T16:40:49.025+0700][8,174s][info   ][gc,heap     ] GC(670) Archive regions: 2->2
[2024-12-04T16:40:49.025+0700][8,174s][info   ][gc,heap     ] GC(670) Humongous regions: 1283->1283
[2024-12-04T16:40:49.025+0700][8,174s][info   ][gc,metaspace] GC(670) Metaspace: 5826K(6080K)->5826K(6080K) NonClass: 5161K(5312K)->5161K(5312K) Class: 664K(768K)->664K(768K)
[2024-12-04T16:40:49.025+0700][8,174s][info   ][gc          ] GC(670) Pause Young (Concurrent Start) (G1 Humongous Allocation) 1286M->1286M(2048M) 1,258ms
[2024-12-04T16:40:49.025+0700][8,174s][info   ][gc,cpu      ] GC(670) User=0,01s Sys=0,00s Real=0,00s
[2024-12-04T16:40:49.025+0700][8,174s][info   ][gc          ] GC(671) Concurrent Mark Cycle
[2024-12-04T16:40:49.025+0700][8,174s][info   ][gc,marking  ] GC(671) Concurrent Clear Claimed Marks
[2024-12-04T16:40:49.025+0700][8,174s][info   ][gc,marking  ] GC(671) Concurrent Clear Claimed Marks 0,005ms
[2024-12-04T16:40:49.025+0700][8,174s][info   ][gc,marking  ] GC(671) Concurrent Scan Root Regions
[2024-12-04T16:40:49.025+0700][8,174s][info   ][gc,marking  ] GC(671) Concurrent Scan Root Regions 0,003ms
[2024-12-04T16:40:49.025+0700][8,174s][info   ][gc,marking  ] GC(671) Concurrent Mark
[2024-12-04T16:40:49.025+0700][8,174s][info   ][gc,marking  ] GC(671) Concurrent Mark From Roots
[2024-12-04T16:40:49.025+0700][8,174s][info   ][gc,task     ] GC(671) Using 2 workers of 2 for marking
[2024-12-04T16:40:49.028+0700][8,177s][info   ][gc,marking  ] GC(671) Concurrent Mark From Roots 3,145ms
[2024-12-04T16:40:49.028+0700][8,177s][info   ][gc,marking  ] GC(671) Concurrent Preclean
[2024-12-04T16:40:49.028+0700][8,177s][info   ][gc,marking  ] GC(671) Concurrent Preclean 0,038ms
[2024-12-04T16:40:49.028+0700][8,177s][info   ][gc,start    ] GC(671) Pause Remark
[2024-12-04T16:40:49.029+0700][8,178s][info   ][gc          ] GC(671) Pause Remark 1287M->1287M(2048M) 0,780ms
[2024-12-04T16:40:49.029+0700][8,178s][info   ][gc,cpu      ] GC(671) User=0,00s Sys=0,00s Real=0,00s
[2024-12-04T16:40:49.029+0700][8,178s][info   ][gc,marking  ] GC(671) Concurrent Mark 4,053ms
[2024-12-04T16:40:49.029+0700][8,178s][info   ][gc,marking  ] GC(671) Concurrent Rebuild Remembered Sets
[2024-12-04T16:40:49.030+0700][8,179s][info   ][gc,marking  ] GC(671) Concurrent Rebuild Remembered Sets 1,414ms
[2024-12-04T16:40:49.030+0700][8,179s][info   ][gc,start    ] GC(671) Pause Cleanup
[2024-12-04T16:40:49.031+0700][8,180s][info   ][gc          ] GC(671) Pause Cleanup 1287M->1287M(2048M) 0,223ms
[2024-12-04T16:40:49.031+0700][8,180s][info   ][gc,cpu      ] GC(671) User=0,00s Sys=0,00s Real=0,00s
[2024-12-04T16:40:49.031+0700][8,180s][info   ][gc,marking  ] GC(671) Concurrent Cleanup for Next Mark
[2024-12-04T16:40:49.034+0700][8,183s][info   ][gc,marking  ] GC(671) Concurrent Cleanup for Next Mark 3,390ms
[2024-12-04T16:40:49.034+0700][8,183s][info   ][gc          ] GC(671) Concurrent Mark Cycle 9,219ms
[2024-12-04T16:40:49.036+0700][8,185s][info   ][gc,start    ] GC(672) Pause Young (Concurrent Start) (G1 Humongous Allocation)
[2024-12-04T16:40:49.036+0700][8,185s][info   ][gc,task     ] GC(672) Using 8 workers of 8 for evacuation
[2024-12-04T16:40:49.037+0700][8,186s][info   ][gc,phases   ] GC(672)   Pre Evacuate Collection Set: 0,2ms
[2024-12-04T16:40:49.037+0700][8,186s][info   ][gc,phases   ] GC(672)   Merge Heap Roots: 0,2ms
[2024-12-04T16:40:49.037+0700][8,186s][info   ][gc,phases   ] GC(672)   Evacuate Collection Set: 0,3ms
[2024-12-04T16:40:49.037+0700][8,186s][info   ][gc,phases   ] GC(672)   Post Evacuate Collection Set: 0,1ms
[2024-12-04T16:40:49.037+0700][8,186s][info   ][gc,phases   ] GC(672)   Other: 0,2ms
[2024-12-04T16:40:49.037+0700][8,186s][info   ][gc,heap     ] GC(672) Eden regions: 1->0(552)
[2024-12-04T16:40:49.037+0700][8,186s][info   ][gc,heap     ] GC(672) Survivor regions: 0->0(70)
[2024-12-04T16:40:49.037+0700][8,186s][info   ][gc,heap     ] GC(672) Old regions: 3->3
[2024-12-04T16:40:49.037+0700][8,186s][info   ][gc,heap     ] GC(672) Archive regions: 2->2
[2024-12-04T16:40:49.037+0700][8,186s][info   ][gc,heap     ] GC(672) Humongous regions: 1285->1285
[2024-12-04T16:40:49.037+0700][8,186s][info   ][gc,metaspace] GC(672) Metaspace: 5826K(6080K)->5826K(6080K) NonClass: 5161K(5312K)->5161K(5312K) Class: 664K(768K)->664K(768K)
[2024-12-04T16:40:49.037+0700][8,186s][info   ][gc          ] GC(672) Pause Young (Concurrent Start) (G1 Humongous Allocation) 1288M->1288M(2048M) 1,045ms
[2024-12-04T16:40:49.037+0700][8,186s][info   ][gc,cpu      ] GC(672) User=0,01s Sys=0,00s Real=0,00s
[2024-12-04T16:40:49.037+0700][8,186s][info   ][gc          ] GC(673) Concurrent Mark Cycle
[2024-12-04T16:40:49.037+0700][8,186s][info   ][gc,marking  ] GC(673) Concurrent Clear Claimed Marks
[2024-12-04T16:40:49.038+0700][8,186s][info   ][gc,marking  ] GC(673) Concurrent Clear Claimed Marks 0,008ms
[2024-12-04T16:40:49.038+0700][8,186s][info   ][gc,marking  ] GC(673) Concurrent Scan Root Regions
[2024-12-04T16:40:49.038+0700][8,186s][info   ][gc,marking  ] GC(673) Concurrent Scan Root Regions 0,004ms
[2024-12-04T16:40:49.038+0700][8,186s][info   ][gc,marking  ] GC(673) Concurrent Mark
[2024-12-04T16:40:49.038+0700][8,186s][info   ][gc,marking  ] GC(673) Concurrent Mark From Roots
[2024-12-04T16:40:49.038+0700][8,186s][info   ][gc,task     ] GC(673) Using 2 workers of 2 for marking
[2024-12-04T16:40:49.041+0700][8,190s][info   ][gc,marking  ] GC(673) Concurrent Mark From Roots 3,630ms
[2024-12-04T16:40:49.041+0700][8,190s][info   ][gc,marking  ] GC(673) Concurrent Preclean
[2024-12-04T16:40:49.041+0700][8,190s][info   ][gc,marking  ] GC(673) Concurrent Preclean 0,042ms
[2024-12-04T16:40:49.041+0700][8,190s][info   ][gc,start    ] GC(673) Pause Remark
[2024-12-04T16:40:49.042+0700][8,191s][info   ][gc          ] GC(673) Pause Remark 1289M->1289M(2048M) 0,655ms
[2024-12-04T16:40:49.042+0700][8,191s][info   ][gc,cpu      ] GC(673) User=0,00s Sys=0,00s Real=0,00s
[2024-12-04T16:40:49.042+0700][8,191s][info   ][gc,marking  ] GC(673) Concurrent Mark 4,441ms
[2024-12-04T16:40:49.042+0700][8,191s][info   ][gc,marking  ] GC(673) Concurrent Rebuild Remembered Sets
[2024-12-04T16:40:49.044+0700][8,192s][info   ][gc,marking  ] GC(673) Concurrent Rebuild Remembered Sets 1,628ms
[2024-12-04T16:40:49.044+0700][8,193s][info   ][gc,start    ] GC(673) Pause Cleanup
[2024-12-04T16:40:49.044+0700][8,193s][info   ][gc          ] GC(673) Pause Cleanup 1290M->1290M(2048M) 0,173ms
[2024-12-04T16:40:49.044+0700][8,193s][info   ][gc,cpu      ] GC(673) User=0,00s Sys=0,00s Real=0,00s
[2024-12-04T16:40:49.044+0700][8,193s][info   ][gc,marking  ] GC(673) Concurrent Cleanup for Next Mark
[2024-12-04T16:40:49.049+0700][8,197s][info   ][gc,marking  ] GC(673) Concurrent Cleanup for Next Mark 4,739ms
[2024-12-04T16:40:49.049+0700][8,198s][info   ][gc          ] GC(673) Concurrent Mark Cycle 11,242ms
[2024-12-04T16:40:49.054+0700][8,203s][info   ][gc,start    ] GC(674) Pause Young (Concurrent Start) (G1 Humongous Allocation)
[2024-12-04T16:40:49.054+0700][8,203s][info   ][gc,task     ] GC(674) Using 8 workers of 8 for evacuation
[2024-12-04T16:40:49.056+0700][8,205s][info   ][gc,phases   ] GC(674)   Pre Evacuate Collection Set: 0,4ms
[2024-12-04T16:40:49.056+0700][8,205s][info   ][gc,phases   ] GC(674)   Merge Heap Roots: 0,3ms
[2024-12-04T16:40:49.056+0700][8,205s][info   ][gc,phases   ] GC(674)   Evacuate Collection Set: 0,3ms
[2024-12-04T16:40:49.056+0700][8,205s][info   ][gc,phases   ] GC(674)   Post Evacuate Collection Set: 0,1ms
[2024-12-04T16:40:49.056+0700][8,205s][info   ][gc,phases   ] GC(674)   Other: 0,3ms
[2024-12-04T16:40:49.056+0700][8,205s][info   ][gc,heap     ] GC(674) Eden regions: 1->0(549)
[2024-12-04T16:40:49.056+0700][8,205s][info   ][gc,heap     ] GC(674) Survivor regions: 0->0(69)
[2024-12-04T16:40:49.056+0700][8,205s][info   ][gc,heap     ] GC(674) Old regions: 3->3
[2024-12-04T16:40:49.056+0700][8,205s][info   ][gc,heap     ] GC(674) Archive regions: 2->2
[2024-12-04T16:40:49.056+0700][8,205s][info   ][gc,heap     ] GC(674) Humongous regions: 1288->1288
[2024-12-04T16:40:49.056+0700][8,205s][info   ][gc,metaspace] GC(674) Metaspace: 5826K(6080K)->5826K(6080K) NonClass: 5161K(5312K)->5161K(5312K) Class: 664K(768K)->664K(768K)
[2024-12-04T16:40:49.056+0700][8,205s][info   ][gc          ] GC(674) Pause Young (Concurrent Start) (G1 Humongous Allocation) 1291M->1291M(2048M) 1,560ms
[2024-12-04T16:40:49.056+0700][8,205s][info   ][gc,cpu      ] GC(674) User=0,00s Sys=0,00s Real=0,00s
[2024-12-04T16:40:49.056+0700][8,205s][info   ][gc          ] GC(675) Concurrent Mark Cycle
[2024-12-04T16:40:49.056+0700][8,205s][info   ][gc,marking  ] GC(675) Concurrent Clear Claimed Marks
[2024-12-04T16:40:49.056+0700][8,205s][info   ][gc,marking  ] GC(675) Concurrent Clear Claimed Marks 0,016ms
[2024-12-04T16:40:49.056+0700][8,205s][info   ][gc,marking  ] GC(675) Concurrent Scan Root Regions
[2024-12-04T16:40:49.056+0700][8,205s][info   ][gc,marking  ] GC(675) Concurrent Scan Root Regions 0,008ms
[2024-12-04T16:40:49.056+0700][8,205s][info   ][gc,marking  ] GC(675) Concurrent Mark
[2024-12-04T16:40:49.056+0700][8,205s][info   ][gc,marking  ] GC(675) Concurrent Mark From Roots
[2024-12-04T16:40:49.056+0700][8,205s][info   ][gc,task     ] GC(675) Using 2 workers of 2 for marking
[2024-12-04T16:40:49.060+0700][8,209s][info   ][gc,marking  ] GC(675) Concurrent Mark From Roots 4,086ms
[2024-12-04T16:40:49.060+0700][8,209s][info   ][gc,marking  ] GC(675) Concurrent Preclean
[2024-12-04T16:40:49.060+0700][8,209s][info   ][gc,marking  ] GC(675) Concurrent Preclean 0,050ms
[2024-12-04T16:40:49.060+0700][8,209s][info   ][gc,start    ] GC(675) Pause Remark
[2024-12-04T16:40:49.061+0700][8,210s][info   ][gc          ] GC(675) Pause Remark 1292M->1292M(2048M) 0,743ms
[2024-12-04T16:40:49.061+0700][8,210s][info   ][gc,cpu      ] GC(675) User=0,00s Sys=0,00s Real=0,00s
[2024-12-04T16:40:49.061+0700][8,210s][info   ][gc,marking  ] GC(675) Concurrent Mark 5,048ms
[2024-12-04T16:40:49.061+0700][8,210s][info   ][gc,marking  ] GC(675) Concurrent Rebuild Remembered Sets
[2024-12-04T16:40:49.062+0700][8,211s][info   ][gc,marking  ] GC(675) Concurrent Rebuild Remembered Sets 1,494ms
[2024-12-04T16:40:49.062+0700][8,211s][info   ][gc,start    ] GC(675) Pause Cleanup
[2024-12-04T16:40:49.063+0700][8,212s][info   ][gc          ] GC(675) Pause Cleanup 1293M->1293M(2048M) 0,265ms
[2024-12-04T16:40:49.063+0700][8,212s][info   ][gc,cpu      ] GC(675) User=0,00s Sys=0,00s Real=0,00s
[2024-12-04T16:40:49.063+0700][8,212s][info   ][gc,marking  ] GC(675) Concurrent Cleanup for Next Mark
[2024-12-04T16:40:49.066+0700][8,215s][info   ][gc,marking  ] GC(675) Concurrent Cleanup for Next Mark 3,058ms
[2024-12-04T16:40:49.066+0700][8,215s][info   ][gc          ] GC(675) Concurrent Mark Cycle 10,041ms
[2024-12-04T16:40:49.067+0700][8,216s][info   ][gc,start    ] GC(676) Pause Young (Concurrent Start) (G1 Humongous Allocation)
[2024-12-04T16:40:49.067+0700][8,216s][info   ][gc,task     ] GC(676) Using 8 workers of 8 for evacuation
[2024-12-04T16:40:49.068+0700][8,217s][info   ][gc,phases   ] GC(676)   Pre Evacuate Collection Set: 0,2ms
[2024-12-04T16:40:49.069+0700][8,217s][info   ][gc,phases   ] GC(676)   Merge Heap Roots: 0,2ms
[2024-12-04T16:40:49.069+0700][8,217s][info   ][gc,phases   ] GC(676)   Evacuate Collection Set: 0,4ms
[2024-12-04T16:40:49.069+0700][8,217s][info   ][gc,phases   ] GC(676)   Post Evacuate Collection Set: 0,1ms
[2024-12-04T16:40:49.069+0700][8,217s][info   ][gc,phases   ] GC(676)   Other: 0,2ms
[2024-12-04T16:40:49.069+0700][8,217s][info   ][gc,heap     ] GC(676) Eden regions: 1->0(547)
[2024-12-04T16:40:49.069+0700][8,217s][info   ][gc,heap     ] GC(676) Survivor regions: 0->0(69)
[2024-12-04T16:40:49.069+0700][8,217s][info   ][gc,heap     ] GC(676) Old regions: 3->3
[2024-12-04T16:40:49.069+0700][8,217s][info   ][gc,heap     ] GC(676) Archive regions: 2->2
[2024-12-04T16:40:49.069+0700][8,217s][info   ][gc,heap     ] GC(676) Humongous regions: 1290->1290
[2024-12-04T16:40:49.069+0700][8,217s][info   ][gc,metaspace] GC(676) Metaspace: 5826K(6080K)->5826K(6080K) NonClass: 5161K(5312K)->5161K(5312K) Class: 664K(768K)->664K(768K)
[2024-12-04T16:40:49.069+0700][8,217s][info   ][gc          ] GC(676) Pause Young (Concurrent Start) (G1 Humongous Allocation) 1293M->1293M(2048M) 1,195ms
[2024-12-04T16:40:49.069+0700][8,217s][info   ][gc,cpu      ] GC(676) User=0,01s Sys=0,00s Real=0,00s
[2024-12-04T16:40:49.069+0700][8,217s][info   ][gc          ] GC(677) Concurrent Mark Cycle
[2024-12-04T16:40:49.069+0700][8,217s][info   ][gc,marking  ] GC(677) Concurrent Clear Claimed Marks
[2024-12-04T16:40:49.069+0700][8,218s][info   ][gc,marking  ] GC(677) Concurrent Clear Claimed Marks 0,010ms
[2024-12-04T16:40:49.069+0700][8,218s][info   ][gc,marking  ] GC(677) Concurrent Scan Root Regions
[2024-12-04T16:40:49.069+0700][8,218s][info   ][gc,marking  ] GC(677) Concurrent Scan Root Regions 0,006ms
[2024-12-04T16:40:49.069+0700][8,218s][info   ][gc,marking  ] GC(677) Concurrent Mark
[2024-12-04T16:40:49.069+0700][8,218s][info   ][gc,marking  ] GC(677) Concurrent Mark From Roots
[2024-12-04T16:40:49.069+0700][8,218s][info   ][gc,task     ] GC(677) Using 2 workers of 2 for marking
[2024-12-04T16:40:49.072+0700][8,221s][info   ][gc,marking  ] GC(677) Concurrent Mark From Roots 3,605ms
[2024-12-04T16:40:49.072+0700][8,221s][info   ][gc,marking  ] GC(677) Concurrent Preclean
[2024-12-04T16:40:49.072+0700][8,221s][info   ][gc,marking  ] GC(677) Concurrent Preclean 0,064ms
[2024-12-04T16:40:49.072+0700][8,221s][info   ][gc,start    ] GC(677) Pause Remark
[2024-12-04T16:40:49.073+0700][8,222s][info   ][gc          ] GC(677) Pause Remark 1294M->1294M(2048M) 0,922ms
[2024-12-04T16:40:49.073+0700][8,222s][info   ][gc,cpu      ] GC(677) User=0,01s Sys=0,00s Real=0,01s
[2024-12-04T16:40:49.073+0700][8,222s][info   ][gc,marking  ] GC(677) Concurrent Mark 4,728ms
[2024-12-04T16:40:49.073+0700][8,222s][info   ][gc,marking  ] GC(677) Concurrent Rebuild Remembered Sets
[2024-12-04T16:40:49.075+0700][8,224s][info   ][gc,marking  ] GC(677) Concurrent Rebuild Remembered Sets 1,699ms
[2024-12-04T16:40:49.075+0700][8,224s][info   ][gc,start    ] GC(677) Pause Cleanup
[2024-12-04T16:40:49.075+0700][8,224s][info   ][gc          ] GC(677) Pause Cleanup 1295M->1295M(2048M) 0,252ms
[2024-12-04T16:40:49.075+0700][8,224s][info   ][gc,cpu      ] GC(677) User=0,00s Sys=0,00s Real=0,00s
[2024-12-04T16:40:49.075+0700][8,224s][info   ][gc,marking  ] GC(677) Concurrent Cleanup for Next Mark
[2024-12-04T16:40:49.078+0700][8,227s][info   ][gc,marking  ] GC(677) Concurrent Cleanup for Next Mark 2,988ms
[2024-12-04T16:40:49.078+0700][8,227s][info   ][gc          ] GC(677) Concurrent Mark Cycle 9,844ms
[2024-12-04T16:40:49.080+0700][8,229s][info   ][gc,start    ] GC(678) Pause Young (Concurrent Start) (G1 Humongous Allocation)
[2024-12-04T16:40:49.080+0700][8,229s][info   ][gc,task     ] GC(678) Using 8 workers of 8 for evacuation
[2024-12-04T16:40:49.082+0700][8,231s][info   ][gc,phases   ] GC(678)   Pre Evacuate Collection Set: 0,5ms
[2024-12-04T16:40:49.082+0700][8,231s][info   ][gc,phases   ] GC(678)   Merge Heap Roots: 0,6ms
[2024-12-04T16:40:49.082+0700][8,231s][info   ][gc,phases   ] GC(678)   Evacuate Collection Set: 0,9ms
[2024-12-04T16:40:49.083+0700][8,231s][info   ][gc,phases   ] GC(678)   Post Evacuate Collection Set: 0,2ms
[2024-12-04T16:40:49.083+0700][8,231s][info   ][gc,phases   ] GC(678)   Other: 0,2ms
[2024-12-04T16:40:49.083+0700][8,231s][info   ][gc,heap     ] GC(678) Eden regions: 1->0(545)
[2024-12-04T16:40:49.083+0700][8,231s][info   ][gc,heap     ] GC(678) Survivor regions: 0->0(69)
[2024-12-04T16:40:49.083+0700][8,231s][info   ][gc,heap     ] GC(678) Old regions: 3->3
[2024-12-04T16:40:49.083+0700][8,231s][info   ][gc,heap     ] GC(678) Archive regions: 2->2
[2024-12-04T16:40:49.083+0700][8,231s][info   ][gc,heap     ] GC(678) Humongous regions: 1292->1292
[2024-12-04T16:40:49.083+0700][8,231s][info   ][gc,metaspace] GC(678) Metaspace: 5826K(6080K)->5826K(6080K) NonClass: 5161K(5312K)->5161K(5312K) Class: 664K(768K)->664K(768K)
[2024-12-04T16:40:49.083+0700][8,231s][info   ][gc          ] GC(678) Pause Young (Concurrent Start) (G1 Humongous Allocation) 1295M->1295M(2048M) 2,589ms
[2024-12-04T16:40:49.083+0700][8,231s][info   ][gc,cpu      ] GC(678) User=0,00s Sys=0,00s Real=0,00s
[2024-12-04T16:40:49.083+0700][8,232s][info   ][gc          ] GC(679) Concurrent Mark Cycle
[2024-12-04T16:40:49.083+0700][8,232s][info   ][gc,marking  ] GC(679) Concurrent Clear Claimed Marks
[2024-12-04T16:40:49.083+0700][8,232s][info   ][gc,marking  ] GC(679) Concurrent Clear Claimed Marks 0,026ms
[2024-12-04T16:40:49.083+0700][8,232s][info   ][gc,marking  ] GC(679) Concurrent Scan Root Regions
[2024-12-04T16:40:49.083+0700][8,232s][info   ][gc,marking  ] GC(679) Concurrent Scan Root Regions 0,005ms
[2024-12-04T16:40:49.083+0700][8,232s][info   ][gc,marking  ] GC(679) Concurrent Mark
[2024-12-04T16:40:49.083+0700][8,232s][info   ][gc,marking  ] GC(679) Concurrent Mark From Roots
[2024-12-04T16:40:49.083+0700][8,232s][info   ][gc,task     ] GC(679) Using 2 workers of 2 for marking
[2024-12-04T16:40:49.089+0700][8,238s][info   ][gc,marking  ] GC(679) Concurrent Mark From Roots 6,086ms
[2024-12-04T16:40:49.089+0700][8,238s][info   ][gc,marking  ] GC(679) Concurrent Preclean
[2024-12-04T16:40:49.089+0700][8,238s][info   ][gc,marking  ] GC(679) Concurrent Preclean 0,101ms
[2024-12-04T16:40:49.089+0700][8,238s][info   ][gc,start    ] GC(679) Pause Remark
[2024-12-04T16:40:49.092+0700][8,241s][info   ][gc          ] GC(679) Pause Remark 1297M->1297M(2048M) 2,965ms
[2024-12-04T16:40:49.093+0700][8,241s][info   ][gc,cpu      ] GC(679) User=0,01s Sys=0,00s Real=0,00s
[2024-12-04T16:40:49.093+0700][8,241s][info   ][gc,marking  ] GC(679) Concurrent Mark 9,898ms
[2024-12-04T16:40:49.093+0700][8,242s][info   ][gc,marking  ] GC(679) Concurrent Rebuild Remembered Sets
[2024-12-04T16:40:49.095+0700][8,244s][info   ][gc,marking  ] GC(679) Concurrent Rebuild Remembered Sets 2,164ms
[2024-12-04T16:40:49.095+0700][8,244s][info   ][gc,start    ] GC(679) Pause Cleanup
[2024-12-04T16:40:49.095+0700][8,244s][info   ][gc          ] GC(679) Pause Cleanup 1297M->1297M(2048M) 0,269ms
[2024-12-04T16:40:49.095+0700][8,244s][info   ][gc,cpu      ] GC(679) User=0,00s Sys=0,00s Real=0,00s
[2024-12-04T16:40:49.095+0700][8,244s][info   ][gc,marking  ] GC(679) Concurrent Cleanup for Next Mark
[2024-12-04T16:40:49.099+0700][8,248s][info   ][gc,marking  ] GC(679) Concurrent Cleanup for Next Mark 3,998ms
[2024-12-04T16:40:49.099+0700][8,248s][info   ][gc          ] GC(679) Concurrent Mark Cycle 16,690ms
[2024-12-04T16:40:49.104+0700][8,253s][info   ][gc,start    ] GC(680) Pause Young (Concurrent Start) (G1 Humongous Allocation)
[2024-12-04T16:40:49.104+0700][8,253s][info   ][gc,task     ] GC(680) Using 8 workers of 8 for evacuation
[2024-12-04T16:40:49.106+0700][8,255s][info   ][gc,phases   ] GC(680)   Pre Evacuate Collection Set: 0,3ms
[2024-12-04T16:40:49.106+0700][8,255s][info   ][gc,phases   ] GC(680)   Merge Heap Roots: 0,3ms
[2024-12-04T16:40:49.106+0700][8,255s][info   ][gc,phases   ] GC(680)   Evacuate Collection Set: 0,6ms
[2024-12-04T16:40:49.106+0700][8,255s][info   ][gc,phases   ] GC(680)   Post Evacuate Collection Set: 0,1ms
[2024-12-04T16:40:49.106+0700][8,255s][info   ][gc,phases   ] GC(680)   Other: 0,3ms
[2024-12-04T16:40:49.106+0700][8,255s][info   ][gc,heap     ] GC(680) Eden regions: 1->0(542)
[2024-12-04T16:40:49.106+0700][8,255s][info   ][gc,heap     ] GC(680) Survivor regions: 0->0(69)
[2024-12-04T16:40:49.106+0700][8,255s][info   ][gc,heap     ] GC(680) Old regions: 3->3
[2024-12-04T16:40:49.106+0700][8,255s][info   ][gc,heap     ] GC(680) Archive regions: 2->2
[2024-12-04T16:40:49.106+0700][8,255s][info   ][gc,heap     ] GC(680) Humongous regions: 1295->1295
[2024-12-04T16:40:49.106+0700][8,255s][info   ][gc,metaspace] GC(680) Metaspace: 5826K(6080K)->5826K(6080K) NonClass: 5161K(5312K)->5161K(5312K) Class: 664K(768K)->664K(768K)
[2024-12-04T16:40:49.106+0700][8,255s][info   ][gc          ] GC(680) Pause Young (Concurrent Start) (G1 Humongous Allocation) 1298M->1298M(2048M) 1,753ms
[2024-12-04T16:40:49.106+0700][8,255s][info   ][gc,cpu      ] GC(680) User=0,00s Sys=0,00s Real=0,00s
[2024-12-04T16:40:49.106+0700][8,255s][info   ][gc          ] GC(681) Concurrent Mark Cycle
[2024-12-04T16:40:49.106+0700][8,255s][info   ][gc,marking  ] GC(681) Concurrent Clear Claimed Marks
[2024-12-04T16:40:49.106+0700][8,255s][info   ][gc,marking  ] GC(681) Concurrent Clear Claimed Marks 0,025ms
[2024-12-04T16:40:49.106+0700][8,255s][info   ][gc,marking  ] GC(681) Concurrent Scan Root Regions
[2024-12-04T16:40:49.106+0700][8,255s][info   ][gc,marking  ] GC(681) Concurrent Scan Root Regions 0,009ms
[2024-12-04T16:40:49.106+0700][8,255s][info   ][gc,marking  ] GC(681) Concurrent Mark
[2024-12-04T16:40:49.106+0700][8,255s][info   ][gc,marking  ] GC(681) Concurrent Mark From Roots
[2024-12-04T16:40:49.106+0700][8,255s][info   ][gc,task     ] GC(681) Using 2 workers of 2 for marking
[2024-12-04T16:40:49.110+0700][8,259s][info   ][gc,marking  ] GC(681) Concurrent Mark From Roots 3,480ms
[2024-12-04T16:40:49.110+0700][8,259s][info   ][gc,marking  ] GC(681) Concurrent Preclean
[2024-12-04T16:40:49.110+0700][8,259s][info   ][gc,marking  ] GC(681) Concurrent Preclean 0,062ms
[2024-12-04T16:40:49.110+0700][8,259s][info   ][gc,start    ] GC(681) Pause Remark
[2024-12-04T16:40:49.111+0700][8,260s][info   ][gc          ] GC(681) Pause Remark 1299M->1299M(2048M) 0,799ms
[2024-12-04T16:40:49.111+0700][8,260s][info   ][gc,cpu      ] GC(681) User=0,00s Sys=0,00s Real=0,00s
[2024-12-04T16:40:49.111+0700][8,260s][info   ][gc,marking  ] GC(681) Concurrent Mark 4,555ms
[2024-12-04T16:40:49.111+0700][8,260s][info   ][gc,marking  ] GC(681) Concurrent Rebuild Remembered Sets
[2024-12-04T16:40:49.113+0700][8,261s][info   ][gc,marking  ] GC(681) Concurrent Rebuild Remembered Sets 1,866ms
[2024-12-04T16:40:49.113+0700][8,262s][info   ][gc,start    ] GC(681) Pause Cleanup
[2024-12-04T16:40:49.113+0700][8,262s][info   ][gc          ] GC(681) Pause Cleanup 1300M->1300M(2048M) 0,255ms
[2024-12-04T16:40:49.113+0700][8,262s][info   ][gc,cpu      ] GC(681) User=0,00s Sys=0,00s Real=0,00s
[2024-12-04T16:40:49.113+0700][8,262s][info   ][gc,marking  ] GC(681) Concurrent Cleanup for Next Mark
[2024-12-04T16:40:49.118+0700][8,267s][info   ][gc,marking  ] GC(681) Concurrent Cleanup for Next Mark 5,025ms
[2024-12-04T16:40:49.118+0700][8,267s][info   ][gc          ] GC(681) Concurrent Mark Cycle 12,007ms
[2024-12-04T16:40:49.123+0700][8,272s][info   ][gc,start    ] GC(682) Pause Young (Concurrent Start) (G1 Humongous Allocation)
[2024-12-04T16:40:49.123+0700][8,272s][info   ][gc,task     ] GC(682) Using 8 workers of 8 for evacuation
[2024-12-04T16:40:49.124+0700][8,273s][info   ][gc,phases   ] GC(682)   Pre Evacuate Collection Set: 0,2ms
[2024-12-04T16:40:49.124+0700][8,273s][info   ][gc,phases   ] GC(682)   Merge Heap Roots: 0,3ms
[2024-12-04T16:40:49.124+0700][8,273s][info   ][gc,phases   ] GC(682)   Evacuate Collection Set: 0,4ms
[2024-12-04T16:40:49.124+0700][8,273s][info   ][gc,phases   ] GC(682)   Post Evacuate Collection Set: 0,1ms
[2024-12-04T16:40:49.124+0700][8,273s][info   ][gc,phases   ] GC(682)   Other: 0,2ms
[2024-12-04T16:40:49.124+0700][8,273s][info   ][gc,heap     ] GC(682) Eden regions: 1->0(539)
[2024-12-04T16:40:49.124+0700][8,273s][info   ][gc,heap     ] GC(682) Survivor regions: 0->0(68)
[2024-12-04T16:40:49.124+0700][8,273s][info   ][gc,heap     ] GC(682) Old regions: 3->3
[2024-12-04T16:40:49.124+0700][8,273s][info   ][gc,heap     ] GC(682) Archive regions: 2->2
[2024-12-04T16:40:49.124+0700][8,273s][info   ][gc,heap     ] GC(682) Humongous regions: 1298->1298
[2024-12-04T16:40:49.124+0700][8,273s][info   ][gc,metaspace] GC(682) Metaspace: 5826K(6080K)->5826K(6080K) NonClass: 5161K(5312K)->5161K(5312K) Class: 664K(768K)->664K(768K)
[2024-12-04T16:40:49.124+0700][8,273s][info   ][gc          ] GC(682) Pause Young (Concurrent Start) (G1 Humongous Allocation) 1301M->1301M(2048M) 1,200ms
[2024-12-04T16:40:49.124+0700][8,273s][info   ][gc,cpu      ] GC(682) User=0,00s Sys=0,00s Real=0,00s
[2024-12-04T16:40:49.124+0700][8,273s][info   ][gc          ] GC(683) Concurrent Mark Cycle
[2024-12-04T16:40:49.125+0700][8,273s][info   ][gc,marking  ] GC(683) Concurrent Clear Claimed Marks
[2024-12-04T16:40:49.125+0700][8,273s][info   ][gc,marking  ] GC(683) Concurrent Clear Claimed Marks 0,008ms
[2024-12-04T16:40:49.125+0700][8,273s][info   ][gc,marking  ] GC(683) Concurrent Scan Root Regions
[2024-12-04T16:40:49.125+0700][8,273s][info   ][gc,marking  ] GC(683) Concurrent Scan Root Regions 0,004ms
[2024-12-04T16:40:49.125+0700][8,273s][info   ][gc,marking  ] GC(683) Concurrent Mark
[2024-12-04T16:40:49.125+0700][8,273s][info   ][gc,marking  ] GC(683) Concurrent Mark From Roots
[2024-12-04T16:40:49.125+0700][8,273s][info   ][gc,task     ] GC(683) Using 2 workers of 2 for marking
[2024-12-04T16:40:49.128+0700][8,277s][info   ][gc,marking  ] GC(683) Concurrent Mark From Roots 3,652ms
[2024-12-04T16:40:49.128+0700][8,277s][info   ][gc,marking  ] GC(683) Concurrent Preclean
[2024-12-04T16:40:49.128+0700][8,277s][info   ][gc,marking  ] GC(683) Concurrent Preclean 0,069ms
[2024-12-04T16:40:49.128+0700][8,277s][info   ][gc,start    ] GC(683) Pause Remark
[2024-12-04T16:40:49.129+0700][8,278s][info   ][gc          ] GC(683) Pause Remark 1302M->1302M(2048M) 0,878ms
[2024-12-04T16:40:49.129+0700][8,278s][info   ][gc,cpu      ] GC(683) User=0,00s Sys=0,00s Real=0,00s
[2024-12-04T16:40:49.129+0700][8,278s][info   ][gc,marking  ] GC(683) Concurrent Mark 4,757ms
[2024-12-04T16:40:49.129+0700][8,278s][info   ][gc,marking  ] GC(683) Concurrent Rebuild Remembered Sets
[2024-12-04T16:40:49.131+0700][8,280s][info   ][gc,marking  ] GC(683) Concurrent Rebuild Remembered Sets 1,913ms
[2024-12-04T16:40:49.131+0700][8,280s][info   ][gc,start    ] GC(683) Pause Cleanup
[2024-12-04T16:40:49.132+0700][8,280s][info   ][gc          ] GC(683) Pause Cleanup 1303M->1303M(2048M) 0,270ms
[2024-12-04T16:40:49.132+0700][8,281s][info   ][gc,cpu      ] GC(683) User=0,00s Sys=0,00s Real=0,00s
[2024-12-04T16:40:49.132+0700][8,281s][info   ][gc,marking  ] GC(683) Concurrent Cleanup for Next Mark
[2024-12-04T16:40:49.135+0700][8,284s][info   ][gc,marking  ] GC(683) Concurrent Cleanup for Next Mark 3,776ms
[2024-12-04T16:40:49.136+0700][8,284s][info   ][gc          ] GC(683) Concurrent Mark Cycle 11,073ms
[2024-12-04T16:40:49.136+0700][8,285s][info   ][gc,start    ] GC(684) Pause Young (Concurrent Start) (G1 Humongous Allocation)
[2024-12-04T16:40:49.136+0700][8,285s][info   ][gc,task     ] GC(684) Using 8 workers of 8 for evacuation
[2024-12-04T16:40:49.138+0700][8,287s][info   ][gc,phases   ] GC(684)   Pre Evacuate Collection Set: 0,6ms
[2024-12-04T16:40:49.138+0700][8,287s][info   ][gc,phases   ] GC(684)   Merge Heap Roots: 0,5ms
[2024-12-04T16:40:49.138+0700][8,287s][info   ][gc,phases   ] GC(684)   Evacuate Collection Set: 0,7ms
[2024-12-04T16:40:49.138+0700][8,287s][info   ][gc,phases   ] GC(684)   Post Evacuate Collection Set: 0,2ms
[2024-12-04T16:40:49.138+0700][8,287s][info   ][gc,phases   ] GC(684)   Other: 0,2ms
[2024-12-04T16:40:49.138+0700][8,287s][info   ][gc,heap     ] GC(684) Eden regions: 1->0(537)
[2024-12-04T16:40:49.138+0700][8,287s][info   ][gc,heap     ] GC(684) Survivor regions: 0->0(68)
[2024-12-04T16:40:49.138+0700][8,287s][info   ][gc,heap     ] GC(684) Old regions: 3->3
[2024-12-04T16:40:49.138+0700][8,287s][info   ][gc,heap     ] GC(684) Archive regions: 2->2
[2024-12-04T16:40:49.138+0700][8,287s][info   ][gc,heap     ] GC(684) Humongous regions: 1300->1300
[2024-12-04T16:40:49.138+0700][8,287s][info   ][gc,metaspace] GC(684) Metaspace: 5826K(6080K)->5826K(6080K) NonClass: 5161K(5312K)->5161K(5312K) Class: 664K(768K)->664K(768K)
[2024-12-04T16:40:49.138+0700][8,287s][info   ][gc          ] GC(684) Pause Young (Concurrent Start) (G1 Humongous Allocation) 1303M->1303M(2048M) 2,338ms
[2024-12-04T16:40:49.138+0700][8,287s][info   ][gc,cpu      ] GC(684) User=0,00s Sys=0,00s Real=0,00s
[2024-12-04T16:40:49.139+0700][8,287s][info   ][gc          ] GC(685) Concurrent Mark Cycle
[2024-12-04T16:40:49.139+0700][8,287s][info   ][gc,marking  ] GC(685) Concurrent Clear Claimed Marks
[2024-12-04T16:40:49.139+0700][8,287s][info   ][gc,marking  ] GC(685) Concurrent Clear Claimed Marks 0,014ms
[2024-12-04T16:40:49.139+0700][8,287s][info   ][gc,marking  ] GC(685) Concurrent Scan Root Regions
[2024-12-04T16:40:49.139+0700][8,287s][info   ][gc,marking  ] GC(685) Concurrent Scan Root Regions 0,005ms
[2024-12-04T16:40:49.139+0700][8,287s][info   ][gc,marking  ] GC(685) Concurrent Mark
[2024-12-04T16:40:49.139+0700][8,287s][info   ][gc,marking  ] GC(685) Concurrent Mark From Roots
[2024-12-04T16:40:49.139+0700][8,287s][info   ][gc,task     ] GC(685) Using 2 workers of 2 for marking
[2024-12-04T16:40:49.144+0700][8,292s][info   ][gc,marking  ] GC(685) Concurrent Mark From Roots 4,969ms
[2024-12-04T16:40:49.144+0700][8,292s][info   ][gc,marking  ] GC(685) Concurrent Preclean
[2024-12-04T16:40:49.144+0700][8,293s][info   ][gc,marking  ] GC(685) Concurrent Preclean 0,071ms
[2024-12-04T16:40:49.144+0700][8,293s][info   ][gc,start    ] GC(685) Pause Remark
[2024-12-04T16:40:49.145+0700][8,294s][info   ][gc          ] GC(685) Pause Remark 1304M->1304M(2048M) 1,571ms
[2024-12-04T16:40:49.145+0700][8,294s][info   ][gc,cpu      ] GC(685) User=0,00s Sys=0,00s Real=0,00s
[2024-12-04T16:40:49.145+0700][8,294s][info   ][gc,marking  ] GC(685) Concurrent Mark 6,812ms
[2024-12-04T16:40:49.145+0700][8,294s][info   ][gc,marking  ] GC(685) Concurrent Rebuild Remembered Sets
[2024-12-04T16:40:49.148+0700][8,297s][info   ][gc,marking  ] GC(685) Concurrent Rebuild Remembered Sets 2,574ms
[2024-12-04T16:40:49.148+0700][8,297s][info   ][gc,start    ] GC(685) Pause Cleanup
[2024-12-04T16:40:49.148+0700][8,297s][info   ][gc          ] GC(685) Pause Cleanup 1305M->1305M(2048M) 0,436ms
[2024-12-04T16:40:49.149+0700][8,297s][info   ][gc,cpu      ] GC(685) User=0,00s Sys=0,00s Real=0,00s
[2024-12-04T16:40:49.149+0700][8,297s][info   ][gc,marking  ] GC(685) Concurrent Cleanup for Next Mark
[2024-12-04T16:40:49.152+0700][8,301s][info   ][gc,marking  ] GC(685) Concurrent Cleanup for Next Mark 3,866ms
[2024-12-04T16:40:49.152+0700][8,301s][info   ][gc          ] GC(685) Concurrent Mark Cycle 13,944ms
[2024-12-04T16:40:49.158+0700][8,306s][info   ][gc,start    ] GC(686) Pause Young (Concurrent Start) (G1 Humongous Allocation)
[2024-12-04T16:40:49.158+0700][8,306s][info   ][gc,task     ] GC(686) Using 8 workers of 8 for evacuation
[2024-12-04T16:40:49.159+0700][8,308s][info   ][gc,phases   ] GC(686)   Pre Evacuate Collection Set: 0,3ms
[2024-12-04T16:40:49.159+0700][8,308s][info   ][gc,phases   ] GC(686)   Merge Heap Roots: 0,3ms
[2024-12-04T16:40:49.159+0700][8,308s][info   ][gc,phases   ] GC(686)   Evacuate Collection Set: 0,6ms
[2024-12-04T16:40:49.159+0700][8,308s][info   ][gc,phases   ] GC(686)   Post Evacuate Collection Set: 0,1ms
[2024-12-04T16:40:49.159+0700][8,308s][info   ][gc,phases   ] GC(686)   Other: 0,3ms
[2024-12-04T16:40:49.159+0700][8,308s][info   ][gc,heap     ] GC(686) Eden regions: 1->0(534)
[2024-12-04T16:40:49.159+0700][8,308s][info   ][gc,heap     ] GC(686) Survivor regions: 0->0(68)
[2024-12-04T16:40:49.159+0700][8,308s][info   ][gc,heap     ] GC(686) Old regions: 3->3
[2024-12-04T16:40:49.159+0700][8,308s][info   ][gc,heap     ] GC(686) Archive regions: 2->2
[2024-12-04T16:40:49.159+0700][8,308s][info   ][gc,heap     ] GC(686) Humongous regions: 1303->1303
[2024-12-04T16:40:49.159+0700][8,308s][info   ][gc,metaspace] GC(686) Metaspace: 5826K(6080K)->5826K(6080K) NonClass: 5161K(5312K)->5161K(5312K) Class: 664K(768K)->664K(768K)
[2024-12-04T16:40:49.159+0700][8,308s][info   ][gc          ] GC(686) Pause Young (Concurrent Start) (G1 Humongous Allocation) 1306M->1306M(2048M) 1,542ms
[2024-12-04T16:40:49.159+0700][8,308s][info   ][gc,cpu      ] GC(686) User=0,01s Sys=0,00s Real=0,00s
[2024-12-04T16:40:49.159+0700][8,308s][info   ][gc          ] GC(687) Concurrent Mark Cycle
[2024-12-04T16:40:49.159+0700][8,308s][info   ][gc,marking  ] GC(687) Concurrent Clear Claimed Marks
[2024-12-04T16:40:49.159+0700][8,308s][info   ][gc,marking  ] GC(687) Concurrent Clear Claimed Marks 0,014ms
[2024-12-04T16:40:49.159+0700][8,308s][info   ][gc,marking  ] GC(687) Concurrent Scan Root Regions
[2024-12-04T16:40:49.159+0700][8,308s][info   ][gc,marking  ] GC(687) Concurrent Scan Root Regions 0,004ms
[2024-12-04T16:40:49.159+0700][8,308s][info   ][gc,marking  ] GC(687) Concurrent Mark
[2024-12-04T16:40:49.159+0700][8,308s][info   ][gc,marking  ] GC(687) Concurrent Mark From Roots
[2024-12-04T16:40:49.159+0700][8,308s][info   ][gc,task     ] GC(687) Using 2 workers of 2 for marking
[2024-12-04T16:40:49.163+0700][8,312s][info   ][gc,marking  ] GC(687) Concurrent Mark From Roots 3,831ms
[2024-12-04T16:40:49.163+0700][8,312s][info   ][gc,marking  ] GC(687) Concurrent Preclean
[2024-12-04T16:40:49.163+0700][8,312s][info   ][gc,marking  ] GC(687) Concurrent Preclean 0,056ms
[2024-12-04T16:40:49.163+0700][8,312s][info   ][gc,start    ] GC(687) Pause Remark
[2024-12-04T16:40:49.164+0700][8,313s][info   ][gc          ] GC(687) Pause Remark 1307M->1307M(2048M) 0,780ms
[2024-12-04T16:40:49.164+0700][8,313s][info   ][gc,cpu      ] GC(687) User=0,01s Sys=0,00s Real=0,00s
[2024-12-04T16:40:49.164+0700][8,313s][info   ][gc,marking  ] GC(687) Concurrent Mark 4,818ms
[2024-12-04T16:40:49.164+0700][8,313s][info   ][gc,marking  ] GC(687) Concurrent Rebuild Remembered Sets
[2024-12-04T16:40:49.166+0700][8,315s][info   ][gc,marking  ] GC(687) Concurrent Rebuild Remembered Sets 1,944ms
[2024-12-04T16:40:49.166+0700][8,315s][info   ][gc,start    ] GC(687) Pause Cleanup
[2024-12-04T16:40:49.166+0700][8,315s][info   ][gc          ] GC(687) Pause Cleanup 1308M->1308M(2048M) 0,259ms
[2024-12-04T16:40:49.166+0700][8,315s][info   ][gc,cpu      ] GC(687) User=0,00s Sys=0,00s Real=0,00s
[2024-12-04T16:40:49.166+0700][8,315s][info   ][gc,marking  ] GC(687) Concurrent Cleanup for Next Mark
[2024-12-04T16:40:49.171+0700][8,320s][info   ][gc,marking  ] GC(687) Concurrent Cleanup for Next Mark 5,134ms
[2024-12-04T16:40:49.172+0700][8,321s][info   ][gc          ] GC(687) Concurrent Mark Cycle 12,597ms
[2024-12-04T16:40:49.177+0700][8,326s][info   ][gc,start    ] GC(688) Pause Young (Concurrent Start) (G1 Humongous Allocation)
[2024-12-04T16:40:49.177+0700][8,326s][info   ][gc,task     ] GC(688) Using 8 workers of 8 for evacuation
[2024-12-04T16:40:49.178+0700][8,327s][info   ][gc,phases   ] GC(688)   Pre Evacuate Collection Set: 0,2ms
[2024-12-04T16:40:49.178+0700][8,327s][info   ][gc,phases   ] GC(688)   Merge Heap Roots: 0,3ms
[2024-12-04T16:40:49.178+0700][8,327s][info   ][gc,phases   ] GC(688)   Evacuate Collection Set: 0,4ms
[2024-12-04T16:40:49.178+0700][8,327s][info   ][gc,phases   ] GC(688)   Post Evacuate Collection Set: 0,1ms
[2024-12-04T16:40:49.178+0700][8,327s][info   ][gc,phases   ] GC(688)   Other: 0,2ms
[2024-12-04T16:40:49.178+0700][8,327s][info   ][gc,heap     ] GC(688) Eden regions: 1->0(531)
[2024-12-04T16:40:49.178+0700][8,327s][info   ][gc,heap     ] GC(688) Survivor regions: 0->0(67)
[2024-12-04T16:40:49.178+0700][8,327s][info   ][gc,heap     ] GC(688) Old regions: 3->3
[2024-12-04T16:40:49.178+0700][8,327s][info   ][gc,heap     ] GC(688) Archive regions: 2->2
[2024-12-04T16:40:49.178+0700][8,327s][info   ][gc,heap     ] GC(688) Humongous regions: 1306->1306
[2024-12-04T16:40:49.178+0700][8,327s][info   ][gc,metaspace] GC(688) Metaspace: 5826K(6080K)->5826K(6080K) NonClass: 5161K(5312K)->5161K(5312K) Class: 664K(768K)->664K(768K)
[2024-12-04T16:40:49.178+0700][8,327s][info   ][gc          ] GC(688) Pause Young (Concurrent Start) (G1 Humongous Allocation) 1309M->1309M(2048M) 1,410ms
[2024-12-04T16:40:49.178+0700][8,327s][info   ][gc,cpu      ] GC(688) User=0,00s Sys=0,00s Real=0,00s
[2024-12-04T16:40:49.178+0700][8,327s][info   ][gc          ] GC(689) Concurrent Mark Cycle
[2024-12-04T16:40:49.178+0700][8,327s][info   ][gc,marking  ] GC(689) Concurrent Clear Claimed Marks
[2024-12-04T16:40:49.178+0700][8,327s][info   ][gc,marking  ] GC(689) Concurrent Clear Claimed Marks 0,015ms
[2024-12-04T16:40:49.178+0700][8,327s][info   ][gc,marking  ] GC(689) Concurrent Scan Root Regions
[2024-12-04T16:40:49.178+0700][8,327s][info   ][gc,marking  ] GC(689) Concurrent Scan Root Regions 0,008ms
[2024-12-04T16:40:49.178+0700][8,327s][info   ][gc,marking  ] GC(689) Concurrent Mark
[2024-12-04T16:40:49.178+0700][8,327s][info   ][gc,marking  ] GC(689) Concurrent Mark From Roots
[2024-12-04T16:40:49.178+0700][8,327s][info   ][gc,task     ] GC(689) Using 2 workers of 2 for marking
[2024-12-04T16:40:49.183+0700][8,332s][info   ][gc,marking  ] GC(689) Concurrent Mark From Roots 4,747ms
[2024-12-04T16:40:49.183+0700][8,332s][info   ][gc,marking  ] GC(689) Concurrent Preclean
[2024-12-04T16:40:49.183+0700][8,332s][info   ][gc,marking  ] GC(689) Concurrent Preclean 0,065ms
[2024-12-04T16:40:49.183+0700][8,332s][info   ][gc,start    ] GC(689) Pause Remark
[2024-12-04T16:40:49.184+0700][8,333s][info   ][gc          ] GC(689) Pause Remark 1310M->1310M(2048M) 0,759ms
[2024-12-04T16:40:49.184+0700][8,333s][info   ][gc,cpu      ] GC(689) User=0,01s Sys=0,00s Real=0,00s
[2024-12-04T16:40:49.184+0700][8,333s][info   ][gc,marking  ] GC(689) Concurrent Mark 5,726ms
[2024-12-04T16:40:49.184+0700][8,333s][info   ][gc,marking  ] GC(689) Concurrent Rebuild Remembered Sets
[2024-12-04T16:40:49.187+0700][8,336s][info   ][gc,marking  ] GC(689) Concurrent Rebuild Remembered Sets 2,620ms
[2024-12-04T16:40:49.187+0700][8,336s][info   ][gc,start    ] GC(689) Pause Cleanup
[2024-12-04T16:40:49.187+0700][8,336s][info   ][gc          ] GC(689) Pause Cleanup 1311M->1311M(2048M) 0,293ms
[2024-12-04T16:40:49.187+0700][8,336s][info   ][gc,cpu      ] GC(689) User=0,00s Sys=0,00s Real=0,00s
[2024-12-04T16:40:49.187+0700][8,336s][info   ][gc,marking  ] GC(689) Concurrent Cleanup for Next Mark
[2024-12-04T16:40:49.192+0700][8,341s][info   ][gc,marking  ] GC(689) Concurrent Cleanup for Next Mark 5,227ms
[2024-12-04T16:40:49.192+0700][8,341s][info   ][gc          ] GC(689) Concurrent Mark Cycle 14,225ms
[2024-12-04T16:40:49.196+0700][8,345s][info   ][gc,start    ] GC(690) Pause Young (Concurrent Start) (G1 Humongous Allocation)
[2024-12-04T16:40:49.196+0700][8,345s][info   ][gc,task     ] GC(690) Using 8 workers of 8 for evacuation
[2024-12-04T16:40:49.197+0700][8,346s][info   ][gc,phases   ] GC(690)   Pre Evacuate Collection Set: 0,4ms
[2024-12-04T16:40:49.197+0700][8,346s][info   ][gc,phases   ] GC(690)   Merge Heap Roots: 0,3ms
[2024-12-04T16:40:49.197+0700][8,346s][info   ][gc,phases   ] GC(690)   Evacuate Collection Set: 0,5ms
[2024-12-04T16:40:49.197+0700][8,346s][info   ][gc,phases   ] GC(690)   Post Evacuate Collection Set: 0,2ms
[2024-12-04T16:40:49.197+0700][8,346s][info   ][gc,phases   ] GC(690)   Other: 0,2ms
[2024-12-04T16:40:49.197+0700][8,346s][info   ][gc,heap     ] GC(690) Eden regions: 1->0(528)
[2024-12-04T16:40:49.198+0700][8,346s][info   ][gc,heap     ] GC(690) Survivor regions: 0->0(67)
[2024-12-04T16:40:49.198+0700][8,346s][info   ][gc,heap     ] GC(690) Old regions: 3->3
[2024-12-04T16:40:49.198+0700][8,346s][info   ][gc,heap     ] GC(690) Archive regions: 2->2
[2024-12-04T16:40:49.198+0700][8,346s][info   ][gc,heap     ] GC(690) Humongous regions: 1309->1309
[2024-12-04T16:40:49.198+0700][8,346s][info   ][gc,metaspace] GC(690) Metaspace: 5826K(6080K)->5826K(6080K) NonClass: 5161K(5312K)->5161K(5312K) Class: 664K(768K)->664K(768K)
[2024-12-04T16:40:49.198+0700][8,346s][info   ][gc          ] GC(690) Pause Young (Concurrent Start) (G1 Humongous Allocation) 1312M->1312M(2048M) 1,667ms
[2024-12-04T16:40:49.198+0700][8,346s][info   ][gc,cpu      ] GC(690) User=0,01s Sys=0,00s Real=0,00s
[2024-12-04T16:40:49.198+0700][8,346s][info   ][gc          ] GC(691) Concurrent Mark Cycle
[2024-12-04T16:40:49.198+0700][8,347s][info   ][gc,marking  ] GC(691) Concurrent Clear Claimed Marks
[2024-12-04T16:40:49.198+0700][8,347s][info   ][gc,marking  ] GC(691) Concurrent Clear Claimed Marks 0,021ms
[2024-12-04T16:40:49.198+0700][8,347s][info   ][gc,marking  ] GC(691) Concurrent Scan Root Regions
[2024-12-04T16:40:49.198+0700][8,347s][info   ][gc,marking  ] GC(691) Concurrent Scan Root Regions 0,007ms
[2024-12-04T16:40:49.198+0700][8,347s][info   ][gc,marking  ] GC(691) Concurrent Mark
[2024-12-04T16:40:49.198+0700][8,347s][info   ][gc,marking  ] GC(691) Concurrent Mark From Roots
[2024-12-04T16:40:49.198+0700][8,347s][info   ][gc,task     ] GC(691) Using 2 workers of 2 for marking
[2024-12-04T16:40:49.203+0700][8,351s][info   ][gc,marking  ] GC(691) Concurrent Mark From Roots 4,817ms
[2024-12-04T16:40:49.203+0700][8,351s][info   ][gc,marking  ] GC(691) Concurrent Preclean
[2024-12-04T16:40:49.203+0700][8,351s][info   ][gc,marking  ] GC(691) Concurrent Preclean 0,055ms
[2024-12-04T16:40:49.203+0700][8,352s][info   ][gc,start    ] GC(691) Pause Remark
[2024-12-04T16:40:49.205+0700][8,354s][info   ][gc          ] GC(691) Pause Remark 1313M->1313M(2048M) 2,118ms
[2024-12-04T16:40:49.205+0700][8,354s][info   ][gc,cpu      ] GC(691) User=0,00s Sys=0,00s Real=0,01s
[2024-12-04T16:40:49.205+0700][8,354s][info   ][gc,marking  ] GC(691) Concurrent Mark 7,146ms
[2024-12-04T16:40:49.205+0700][8,354s][info   ][gc,marking  ] GC(691) Concurrent Rebuild Remembered Sets
[2024-12-04T16:40:49.207+0700][8,356s][info   ][gc,marking  ] GC(691) Concurrent Rebuild Remembered Sets 2,128ms
[2024-12-04T16:40:49.207+0700][8,356s][info   ][gc,start    ] GC(691) Pause Cleanup
[2024-12-04T16:40:49.207+0700][8,356s][info   ][gc          ] GC(691) Pause Cleanup 1314M->1314M(2048M) 0,335ms
[2024-12-04T16:40:49.207+0700][8,356s][info   ][gc,cpu      ] GC(691) User=0,00s Sys=0,00s Real=0,00s
[2024-12-04T16:40:49.207+0700][8,356s][info   ][gc,marking  ] GC(691) Concurrent Cleanup for Next Mark
[2024-12-04T16:40:49.210+0700][8,359s][info   ][gc,marking  ] GC(691) Concurrent Cleanup for Next Mark 3,058ms
[2024-12-04T16:40:49.211+0700][8,359s][info   ][gc          ] GC(691) Concurrent Mark Cycle 12,955ms
[2024-12-04T16:40:49.216+0700][8,365s][info   ][gc,start    ] GC(692) Pause Young (Concurrent Start) (G1 Humongous Allocation)
[2024-12-04T16:40:49.216+0700][8,365s][info   ][gc,task     ] GC(692) Using 8 workers of 8 for evacuation
[2024-12-04T16:40:49.217+0700][8,366s][info   ][gc,phases   ] GC(692)   Pre Evacuate Collection Set: 0,2ms
[2024-12-04T16:40:49.217+0700][8,366s][info   ][gc,phases   ] GC(692)   Merge Heap Roots: 0,3ms
[2024-12-04T16:40:49.217+0700][8,366s][info   ][gc,phases   ] GC(692)   Evacuate Collection Set: 0,4ms
[2024-12-04T16:40:49.217+0700][8,366s][info   ][gc,phases   ] GC(692)   Post Evacuate Collection Set: 0,1ms
[2024-12-04T16:40:49.217+0700][8,366s][info   ][gc,phases   ] GC(692)   Other: 0,2ms
[2024-12-04T16:40:49.217+0700][8,366s][info   ][gc,heap     ] GC(692) Eden regions: 1->0(525)
[2024-12-04T16:40:49.217+0700][8,366s][info   ][gc,heap     ] GC(692) Survivor regions: 0->0(66)
[2024-12-04T16:40:49.217+0700][8,366s][info   ][gc,heap     ] GC(692) Old regions: 3->3
[2024-12-04T16:40:49.218+0700][8,366s][info   ][gc,heap     ] GC(692) Archive regions: 2->2
[2024-12-04T16:40:49.218+0700][8,366s][info   ][gc,heap     ] GC(692) Humongous regions: 1312->1312
[2024-12-04T16:40:49.218+0700][8,366s][info   ][gc,metaspace] GC(692) Metaspace: 5826K(6080K)->5826K(6080K) NonClass: 5161K(5312K)->5161K(5312K) Class: 664K(768K)->664K(768K)
[2024-12-04T16:40:49.218+0700][8,366s][info   ][gc          ] GC(692) Pause Young (Concurrent Start) (G1 Humongous Allocation) 1315M->1315M(2048M) 1,269ms
[2024-12-04T16:40:49.218+0700][8,366s][info   ][gc,cpu      ] GC(692) User=0,00s Sys=0,00s Real=0,00s
[2024-12-04T16:40:49.218+0700][8,366s][info   ][gc          ] GC(693) Concurrent Mark Cycle
[2024-12-04T16:40:49.218+0700][8,366s][info   ][gc,marking  ] GC(693) Concurrent Clear Claimed Marks
[2024-12-04T16:40:49.218+0700][8,367s][info   ][gc,marking  ] GC(693) Concurrent Clear Claimed Marks 0,024ms
[2024-12-04T16:40:49.218+0700][8,367s][info   ][gc,marking  ] GC(693) Concurrent Scan Root Regions
[2024-12-04T16:40:49.218+0700][8,367s][info   ][gc,marking  ] GC(693) Concurrent Scan Root Regions 0,012ms
[2024-12-04T16:40:49.218+0700][8,367s][info   ][gc,marking  ] GC(693) Concurrent Mark
[2024-12-04T16:40:49.218+0700][8,367s][info   ][gc,marking  ] GC(693) Concurrent Mark From Roots
[2024-12-04T16:40:49.218+0700][8,367s][info   ][gc,task     ] GC(693) Using 2 workers of 2 for marking
[2024-12-04T16:40:49.222+0700][8,371s][info   ][gc,marking  ] GC(693) Concurrent Mark From Roots 3,989ms
[2024-12-04T16:40:49.222+0700][8,371s][info   ][gc,marking  ] GC(693) Concurrent Preclean
[2024-12-04T16:40:49.222+0700][8,371s][info   ][gc,marking  ] GC(693) Concurrent Preclean 0,045ms
[2024-12-04T16:40:49.222+0700][8,371s][info   ][gc,start    ] GC(693) Pause Remark
[2024-12-04T16:40:49.223+0700][8,371s][info   ][gc          ] GC(693) Pause Remark 1316M->1316M(2048M) 0,735ms
[2024-12-04T16:40:49.223+0700][8,371s][info   ][gc,cpu      ] GC(693) User=0,00s Sys=0,00s Real=0,00s
[2024-12-04T16:40:49.223+0700][8,372s][info   ][gc,marking  ] GC(693) Concurrent Mark 4,950ms
[2024-12-04T16:40:49.223+0700][8,372s][info   ][gc,marking  ] GC(693) Concurrent Rebuild Remembered Sets
[2024-12-04T16:40:49.225+0700][8,374s][info   ][gc,marking  ] GC(693) Concurrent Rebuild Remembered Sets 1,990ms
[2024-12-04T16:40:49.225+0700][8,374s][info   ][gc,start    ] GC(693) Pause Cleanup
[2024-12-04T16:40:49.225+0700][8,374s][info   ][gc          ] GC(693) Pause Cleanup 1317M->1317M(2048M) 0,211ms
[2024-12-04T16:40:49.225+0700][8,374s][info   ][gc,cpu      ] GC(693) User=0,00s Sys=0,00s Real=0,00s
[2024-12-04T16:40:49.225+0700][8,374s][info   ][gc,marking  ] GC(693) Concurrent Cleanup for Next Mark
[2024-12-04T16:40:49.230+0700][8,379s][info   ][gc,marking  ] GC(693) Concurrent Cleanup for Next Mark 4,736ms
[2024-12-04T16:40:49.230+0700][8,379s][info   ][gc          ] GC(693) Concurrent Mark Cycle 12,137ms
[2024-12-04T16:40:49.235+0700][8,384s][info   ][gc,start    ] GC(694) Pause Young (Concurrent Start) (G1 Humongous Allocation)
[2024-12-04T16:40:49.235+0700][8,384s][info   ][gc,task     ] GC(694) Using 8 workers of 8 for evacuation
[2024-12-04T16:40:49.236+0700][8,385s][info   ][gc,phases   ] GC(694)   Pre Evacuate Collection Set: 0,2ms
[2024-12-04T16:40:49.237+0700][8,385s][info   ][gc,phases   ] GC(694)   Merge Heap Roots: 0,4ms
[2024-12-04T16:40:49.237+0700][8,385s][info   ][gc,phases   ] GC(694)   Evacuate Collection Set: 0,4ms
[2024-12-04T16:40:49.237+0700][8,385s][info   ][gc,phases   ] GC(694)   Post Evacuate Collection Set: 0,2ms
[2024-12-04T16:40:49.237+0700][8,385s][info   ][gc,phases   ] GC(694)   Other: 0,3ms
[2024-12-04T16:40:49.237+0700][8,385s][info   ][gc,heap     ] GC(694) Eden regions: 1->0(522)
[2024-12-04T16:40:49.237+0700][8,386s][info   ][gc,heap     ] GC(694) Survivor regions: 0->0(66)
[2024-12-04T16:40:49.237+0700][8,386s][info   ][gc,heap     ] GC(694) Old regions: 3->3
[2024-12-04T16:40:49.237+0700][8,386s][info   ][gc,heap     ] GC(694) Archive regions: 2->2
[2024-12-04T16:40:49.237+0700][8,386s][info   ][gc,heap     ] GC(694) Humongous regions: 1315->1315
[2024-12-04T16:40:49.237+0700][8,386s][info   ][gc,metaspace] GC(694) Metaspace: 5826K(6080K)->5826K(6080K) NonClass: 5161K(5312K)->5161K(5312K) Class: 664K(768K)->664K(768K)
[2024-12-04T16:40:49.237+0700][8,386s][info   ][gc          ] GC(694) Pause Young (Concurrent Start) (G1 Humongous Allocation) 1318M->1318M(2048M) 1,744ms
[2024-12-04T16:40:49.237+0700][8,386s][info   ][gc,cpu      ] GC(694) User=0,00s Sys=0,00s Real=0,00s
[2024-12-04T16:40:49.237+0700][8,386s][info   ][gc          ] GC(695) Concurrent Mark Cycle
[2024-12-04T16:40:49.237+0700][8,386s][info   ][gc,marking  ] GC(695) Concurrent Clear Claimed Marks
[2024-12-04T16:40:49.237+0700][8,386s][info   ][gc,marking  ] GC(695) Concurrent Clear Claimed Marks 0,014ms
[2024-12-04T16:40:49.237+0700][8,386s][info   ][gc,marking  ] GC(695) Concurrent Scan Root Regions
[2024-12-04T16:40:49.237+0700][8,386s][info   ][gc,marking  ] GC(695) Concurrent Scan Root Regions 0,009ms
[2024-12-04T16:40:49.237+0700][8,386s][info   ][gc,marking  ] GC(695) Concurrent Mark
[2024-12-04T16:40:49.237+0700][8,386s][info   ][gc,marking  ] GC(695) Concurrent Mark From Roots
[2024-12-04T16:40:49.237+0700][8,386s][info   ][gc,task     ] GC(695) Using 2 workers of 2 for marking
[2024-12-04T16:40:49.244+0700][8,393s][info   ][gc,marking  ] GC(695) Concurrent Mark From Roots 7,144ms
[2024-12-04T16:40:49.244+0700][8,393s][info   ][gc,marking  ] GC(695) Concurrent Preclean
[2024-12-04T16:40:49.244+0700][8,393s][info   ][gc,marking  ] GC(695) Concurrent Preclean 0,151ms
[2024-12-04T16:40:49.244+0700][8,393s][info   ][gc,start    ] GC(695) Pause Remark
[2024-12-04T16:40:49.247+0700][8,396s][info   ][gc          ] GC(695) Pause Remark 1320M->1320M(2048M) 2,543ms
[2024-12-04T16:40:49.247+0700][8,396s][info   ][gc,cpu      ] GC(695) User=0,00s Sys=0,00s Real=0,00s
[2024-12-04T16:40:49.247+0700][8,396s][info   ][gc,marking  ] GC(695) Concurrent Mark 10,120ms
[2024-12-04T16:40:49.247+0700][8,396s][info   ][gc,marking  ] GC(695) Concurrent Rebuild Remembered Sets
[2024-12-04T16:40:49.250+0700][8,399s][info   ][gc,marking  ] GC(695) Concurrent Rebuild Remembered Sets 3,183ms
[2024-12-04T16:40:49.250+0700][8,399s][info   ][gc,start    ] GC(695) Pause Cleanup
[2024-12-04T16:40:49.251+0700][8,399s][info   ][gc          ] GC(695) Pause Cleanup 1321M->1321M(2048M) 0,351ms
[2024-12-04T16:40:49.251+0700][8,399s][info   ][gc,cpu      ] GC(695) User=0,00s Sys=0,00s Real=0,00s
[2024-12-04T16:40:49.251+0700][8,400s][info   ][gc,marking  ] GC(695) Concurrent Cleanup for Next Mark
[2024-12-04T16:40:49.255+0700][8,403s][info   ][gc,marking  ] GC(695) Concurrent Cleanup for Next Mark 3,938ms
[2024-12-04T16:40:49.255+0700][8,404s][info   ][gc          ] GC(695) Concurrent Mark Cycle 17,880ms
[2024-12-04T16:40:49.255+0700][8,404s][info   ][gc,start    ] GC(696) Pause Young (Concurrent Start) (G1 Humongous Allocation)
[2024-12-04T16:40:49.255+0700][8,404s][info   ][gc,task     ] GC(696) Using 8 workers of 8 for evacuation
[2024-12-04T16:40:49.258+0700][8,407s][info   ][gc,phases   ] GC(696)   Pre Evacuate Collection Set: 0,6ms
[2024-12-04T16:40:49.258+0700][8,407s][info   ][gc,phases   ] GC(696)   Merge Heap Roots: 0,7ms
[2024-12-04T16:40:49.258+0700][8,407s][info   ][gc,phases   ] GC(696)   Evacuate Collection Set: 1,3ms
[2024-12-04T16:40:49.258+0700][8,407s][info   ][gc,phases   ] GC(696)   Post Evacuate Collection Set: 0,2ms
[2024-12-04T16:40:49.258+0700][8,407s][info   ][gc,phases   ] GC(696)   Other: 0,3ms
[2024-12-04T16:40:49.258+0700][8,407s][info   ][gc,heap     ] GC(696) Eden regions: 1->0(519)
[2024-12-04T16:40:49.258+0700][8,407s][info   ][gc,heap     ] GC(696) Survivor regions: 0->0(66)
[2024-12-04T16:40:49.258+0700][8,407s][info   ][gc,heap     ] GC(696) Old regions: 3->3
[2024-12-04T16:40:49.258+0700][8,407s][info   ][gc,heap     ] GC(696) Archive regions: 2->2
[2024-12-04T16:40:49.258+0700][8,407s][info   ][gc,heap     ] GC(696) Humongous regions: 1318->1318
[2024-12-04T16:40:49.258+0700][8,407s][info   ][gc,metaspace] GC(696) Metaspace: 5826K(6080K)->5826K(6080K) NonClass: 5161K(5312K)->5161K(5312K) Class: 664K(768K)->664K(768K)
[2024-12-04T16:40:49.258+0700][8,407s][info   ][gc          ] GC(696) Pause Young (Concurrent Start) (G1 Humongous Allocation) 1321M->1321M(2048M) 3,276ms
[2024-12-04T16:40:49.258+0700][8,407s][info   ][gc,cpu      ] GC(696) User=0,00s Sys=0,00s Real=0,00s
[2024-12-04T16:40:49.259+0700][8,407s][info   ][gc          ] GC(697) Concurrent Mark Cycle
[2024-12-04T16:40:49.259+0700][8,407s][info   ][gc,marking  ] GC(697) Concurrent Clear Claimed Marks
[2024-12-04T16:40:49.259+0700][8,407s][info   ][gc,marking  ] GC(697) Concurrent Clear Claimed Marks 0,023ms
[2024-12-04T16:40:49.259+0700][8,407s][info   ][gc,marking  ] GC(697) Concurrent Scan Root Regions
[2024-12-04T16:40:49.259+0700][8,407s][info   ][gc,marking  ] GC(697) Concurrent Scan Root Regions 0,010ms
[2024-12-04T16:40:49.259+0700][8,407s][info   ][gc,marking  ] GC(697) Concurrent Mark
[2024-12-04T16:40:49.259+0700][8,407s][info   ][gc,marking  ] GC(697) Concurrent Mark From Roots
[2024-12-04T16:40:49.259+0700][8,407s][info   ][gc,task     ] GC(697) Using 2 workers of 2 for marking
[2024-12-04T16:40:49.264+0700][8,413s][info   ][gc,marking  ] GC(697) Concurrent Mark From Roots 5,671ms
[2024-12-04T16:40:49.264+0700][8,413s][info   ][gc,marking  ] GC(697) Concurrent Preclean
[2024-12-04T16:40:49.264+0700][8,413s][info   ][gc,marking  ] GC(697) Concurrent Preclean 0,090ms
[2024-12-04T16:40:49.264+0700][8,413s][info   ][gc,start    ] GC(697) Pause Remark
[2024-12-04T16:40:49.266+0700][8,415s][info   ][gc          ] GC(697) Pause Remark 1322M->1322M(2048M) 1,263ms
[2024-12-04T16:40:49.266+0700][8,415s][info   ][gc,cpu      ] GC(697) User=0,01s Sys=0,00s Real=0,00s
[2024-12-04T16:40:49.266+0700][8,415s][info   ][gc,marking  ] GC(697) Concurrent Mark 7,236ms
[2024-12-04T16:40:49.266+0700][8,415s][info   ][gc,marking  ] GC(697) Concurrent Rebuild Remembered Sets
[2024-12-04T16:40:49.268+0700][8,417s][info   ][gc,marking  ] GC(697) Concurrent Rebuild Remembered Sets 2,497ms
[2024-12-04T16:40:49.268+0700][8,417s][info   ][gc,start    ] GC(697) Pause Cleanup
[2024-12-04T16:40:49.269+0700][8,418s][info   ][gc          ] GC(697) Pause Cleanup 1323M->1323M(2048M) 0,210ms
[2024-12-04T16:40:49.269+0700][8,418s][info   ][gc,cpu      ] GC(697) User=0,01s Sys=0,00s Real=0,00s
[2024-12-04T16:40:49.269+0700][8,418s][info   ][gc,marking  ] GC(697) Concurrent Cleanup for Next Mark
[2024-12-04T16:40:49.272+0700][8,421s][info   ][gc,marking  ] GC(697) Concurrent Cleanup for Next Mark 3,413ms
[2024-12-04T16:40:49.272+0700][8,421s][info   ][gc          ] GC(697) Concurrent Mark Cycle 13,645ms
[2024-12-04T16:40:49.278+0700][8,427s][info   ][gc,start    ] GC(698) Pause Young (Concurrent Start) (G1 Humongous Allocation)
[2024-12-04T16:40:49.278+0700][8,427s][info   ][gc,task     ] GC(698) Using 8 workers of 8 for evacuation
[2024-12-04T16:40:49.279+0700][8,428s][info   ][gc,phases   ] GC(698)   Pre Evacuate Collection Set: 0,4ms
[2024-12-04T16:40:49.279+0700][8,428s][info   ][gc,phases   ] GC(698)   Merge Heap Roots: 0,4ms
[2024-12-04T16:40:49.279+0700][8,428s][info   ][gc,phases   ] GC(698)   Evacuate Collection Set: 0,3ms
[2024-12-04T16:40:49.279+0700][8,428s][info   ][gc,phases   ] GC(698)   Post Evacuate Collection Set: 0,1ms
[2024-12-04T16:40:49.279+0700][8,428s][info   ][gc,phases   ] GC(698)   Other: 0,3ms
[2024-12-04T16:40:49.279+0700][8,428s][info   ][gc,heap     ] GC(698) Eden regions: 1->0(516)
[2024-12-04T16:40:49.279+0700][8,428s][info   ][gc,heap     ] GC(698) Survivor regions: 0->0(65)
[2024-12-04T16:40:49.279+0700][8,428s][info   ][gc,heap     ] GC(698) Old regions: 3->3
[2024-12-04T16:40:49.279+0700][8,428s][info   ][gc,heap     ] GC(698) Archive regions: 2->2
[2024-12-04T16:40:49.279+0700][8,428s][info   ][gc,heap     ] GC(698) Humongous regions: 1321->1321
[2024-12-04T16:40:49.279+0700][8,428s][info   ][gc,metaspace] GC(698) Metaspace: 5826K(6080K)->5826K(6080K) NonClass: 5161K(5312K)->5161K(5312K) Class: 664K(768K)->664K(768K)
[2024-12-04T16:40:49.279+0700][8,428s][info   ][gc          ] GC(698) Pause Young (Concurrent Start) (G1 Humongous Allocation) 1324M->1324M(2048M) 1,709ms
[2024-12-04T16:40:49.279+0700][8,428s][info   ][gc,cpu      ] GC(698) User=0,01s Sys=0,00s Real=0,00s
[2024-12-04T16:40:49.280+0700][8,428s][info   ][gc          ] GC(699) Concurrent Mark Cycle
[2024-12-04T16:40:49.280+0700][8,428s][info   ][gc,marking  ] GC(699) Concurrent Clear Claimed Marks
[2024-12-04T16:40:49.280+0700][8,428s][info   ][gc,marking  ] GC(699) Concurrent Clear Claimed Marks 0,015ms
[2024-12-04T16:40:49.280+0700][8,428s][info   ][gc,marking  ] GC(699) Concurrent Scan Root Regions
[2024-12-04T16:40:49.280+0700][8,428s][info   ][gc,marking  ] GC(699) Concurrent Scan Root Regions 0,005ms
[2024-12-04T16:40:49.280+0700][8,428s][info   ][gc,marking  ] GC(699) Concurrent Mark
[2024-12-04T16:40:49.280+0700][8,428s][info   ][gc,marking  ] GC(699) Concurrent Mark From Roots
[2024-12-04T16:40:49.280+0700][8,428s][info   ][gc,task     ] GC(699) Using 2 workers of 2 for marking
[2024-12-04T16:40:49.284+0700][8,433s][info   ][gc,marking  ] GC(699) Concurrent Mark From Roots 4,217ms
[2024-12-04T16:40:49.284+0700][8,433s][info   ][gc,marking  ] GC(699) Concurrent Preclean
[2024-12-04T16:40:49.284+0700][8,433s][info   ][gc,marking  ] GC(699) Concurrent Preclean 0,061ms
[2024-12-04T16:40:49.284+0700][8,433s][info   ][gc,start    ] GC(699) Pause Remark
[2024-12-04T16:40:49.285+0700][8,434s][info   ][gc          ] GC(699) Pause Remark 1325M->1325M(2048M) 0,937ms
[2024-12-04T16:40:49.285+0700][8,434s][info   ][gc,cpu      ] GC(699) User=0,01s Sys=0,00s Real=0,00s
[2024-12-04T16:40:49.285+0700][8,434s][info   ][gc,marking  ] GC(699) Concurrent Mark 5,381ms
[2024-12-04T16:40:49.285+0700][8,434s][info   ][gc,marking  ] GC(699) Concurrent Rebuild Remembered Sets
[2024-12-04T16:40:49.287+0700][8,436s][info   ][gc,marking  ] GC(699) Concurrent Rebuild Remembered Sets 2,321ms
[2024-12-04T16:40:49.287+0700][8,436s][info   ][gc,start    ] GC(699) Pause Cleanup
[2024-12-04T16:40:49.288+0700][8,437s][info   ][gc          ] GC(699) Pause Cleanup 1326M->1326M(2048M) 0,375ms
[2024-12-04T16:40:49.288+0700][8,437s][info   ][gc,cpu      ] GC(699) User=0,00s Sys=0,00s Real=0,00s
[2024-12-04T16:40:49.288+0700][8,437s][info   ][gc,marking  ] GC(699) Concurrent Cleanup for Next Mark
[2024-12-04T16:40:49.292+0700][8,441s][info   ][gc,marking  ] GC(699) Concurrent Cleanup for Next Mark 4,517ms
[2024-12-04T16:40:49.292+0700][8,441s][info   ][gc          ] GC(699) Concurrent Mark Cycle 12,945ms
[2024-12-04T16:40:49.297+0700][8,446s][info   ][gc,start    ] GC(700) Pause Young (Concurrent Start) (G1 Humongous Allocation)
[2024-12-04T16:40:49.297+0700][8,446s][info   ][gc,task     ] GC(700) Using 8 workers of 8 for evacuation
[2024-12-04T16:40:49.299+0700][8,448s][info   ][gc,phases   ] GC(700)   Pre Evacuate Collection Set: 0,2ms
[2024-12-04T16:40:49.299+0700][8,448s][info   ][gc,phases   ] GC(700)   Merge Heap Roots: 0,3ms
[2024-12-04T16:40:49.299+0700][8,448s][info   ][gc,phases   ] GC(700)   Evacuate Collection Set: 0,6ms
[2024-12-04T16:40:49.299+0700][8,448s][info   ][gc,phases   ] GC(700)   Post Evacuate Collection Set: 0,1ms
[2024-12-04T16:40:49.299+0700][8,448s][info   ][gc,phases   ] GC(700)   Other: 0,2ms
[2024-12-04T16:40:49.299+0700][8,448s][info   ][gc,heap     ] GC(700) Eden regions: 1->0(513)
[2024-12-04T16:40:49.299+0700][8,448s][info   ][gc,heap     ] GC(700) Survivor regions: 0->0(65)
[2024-12-04T16:40:49.299+0700][8,448s][info   ][gc,heap     ] GC(700) Old regions: 3->3
[2024-12-04T16:40:49.299+0700][8,448s][info   ][gc,heap     ] GC(700) Archive regions: 2->2
[2024-12-04T16:40:49.299+0700][8,448s][info   ][gc,heap     ] GC(700) Humongous regions: 1324->1324
[2024-12-04T16:40:49.299+0700][8,448s][info   ][gc,metaspace] GC(700) Metaspace: 5826K(6080K)->5826K(6080K) NonClass: 5161K(5312K)->5161K(5312K) Class: 664K(768K)->664K(768K)
[2024-12-04T16:40:49.299+0700][8,448s][info   ][gc          ] GC(700) Pause Young (Concurrent Start) (G1 Humongous Allocation) 1327M->1327M(2048M) 1,573ms
[2024-12-04T16:40:49.299+0700][8,448s][info   ][gc,cpu      ] GC(700) User=0,01s Sys=0,00s Real=0,00s
[2024-12-04T16:40:49.299+0700][8,448s][info   ][gc          ] GC(701) Concurrent Mark Cycle
[2024-12-04T16:40:49.299+0700][8,448s][info   ][gc,marking  ] GC(701) Concurrent Clear Claimed Marks
[2024-12-04T16:40:49.299+0700][8,448s][info   ][gc,marking  ] GC(701) Concurrent Clear Claimed Marks 0,014ms
[2024-12-04T16:40:49.299+0700][8,448s][info   ][gc,marking  ] GC(701) Concurrent Scan Root Regions
[2024-12-04T16:40:49.299+0700][8,448s][info   ][gc,marking  ] GC(701) Concurrent Scan Root Regions 0,007ms
[2024-12-04T16:40:49.299+0700][8,448s][info   ][gc,marking  ] GC(701) Concurrent Mark
[2024-12-04T16:40:49.299+0700][8,448s][info   ][gc,marking  ] GC(701) Concurrent Mark From Roots
[2024-12-04T16:40:49.299+0700][8,448s][info   ][gc,task     ] GC(701) Using 2 workers of 2 for marking
[2024-12-04T16:40:49.304+0700][8,452s][info   ][gc,marking  ] GC(701) Concurrent Mark From Roots 4,728ms
[2024-12-04T16:40:49.304+0700][8,452s][info   ][gc,marking  ] GC(701) Concurrent Preclean
[2024-12-04T16:40:49.304+0700][8,453s][info   ][gc,marking  ] GC(701) Concurrent Preclean 0,079ms
[2024-12-04T16:40:49.304+0700][8,453s][info   ][gc,start    ] GC(701) Pause Remark
[2024-12-04T16:40:49.305+0700][8,454s][info   ][gc          ] GC(701) Pause Remark 1328M->1328M(2048M) 1,443ms
[2024-12-04T16:40:49.305+0700][8,454s][info   ][gc,cpu      ] GC(701) User=0,00s Sys=0,00s Real=0,00s
[2024-12-04T16:40:49.305+0700][8,454s][info   ][gc,marking  ] GC(701) Concurrent Mark 6,484ms
[2024-12-04T16:40:49.305+0700][8,454s][info   ][gc,marking  ] GC(701) Concurrent Rebuild Remembered Sets
[2024-12-04T16:40:49.307+0700][8,456s][info   ][gc,marking  ] GC(701) Concurrent Rebuild Remembered Sets 2,190ms
[2024-12-04T16:40:49.308+0700][8,457s][info   ][gc,start    ] GC(701) Pause Cleanup
[2024-12-04T16:40:49.308+0700][8,457s][info   ][gc          ] GC(701) Pause Cleanup 1329M->1329M(2048M) 0,401ms
[2024-12-04T16:40:49.308+0700][8,457s][info   ][gc,cpu      ] GC(701) User=0,00s Sys=0,00s Real=0,00s
[2024-12-04T16:40:49.308+0700][8,457s][info   ][gc,marking  ] GC(701) Concurrent Cleanup for Next Mark
[2024-12-04T16:40:49.312+0700][8,461s][info   ][gc,marking  ] GC(701) Concurrent Cleanup for Next Mark 3,760ms
[2024-12-04T16:40:49.312+0700][8,461s][info   ][gc          ] GC(701) Concurrent Mark Cycle 13,154ms
[2024-12-04T16:40:49.317+0700][8,466s][info   ][gc,start    ] GC(702) Pause Young (Concurrent Start) (G1 Humongous Allocation)
[2024-12-04T16:40:49.317+0700][8,466s][info   ][gc,task     ] GC(702) Using 8 workers of 8 for evacuation
[2024-12-04T16:40:49.319+0700][8,468s][info   ][gc,phases   ] GC(702)   Pre Evacuate Collection Set: 0,5ms
[2024-12-04T16:40:49.319+0700][8,468s][info   ][gc,phases   ] GC(702)   Merge Heap Roots: 0,6ms
[2024-12-04T16:40:49.319+0700][8,468s][info   ][gc,phases   ] GC(702)   Evacuate Collection Set: 0,6ms
[2024-12-04T16:40:49.319+0700][8,468s][info   ][gc,phases   ] GC(702)   Post Evacuate Collection Set: 0,2ms
[2024-12-04T16:40:49.319+0700][8,468s][info   ][gc,phases   ] GC(702)   Other: 0,3ms
[2024-12-04T16:40:49.319+0700][8,468s][info   ][gc,heap     ] GC(702) Eden regions: 1->0(510)
[2024-12-04T16:40:49.319+0700][8,468s][info   ][gc,heap     ] GC(702) Survivor regions: 0->0(65)
[2024-12-04T16:40:49.319+0700][8,468s][info   ][gc,heap     ] GC(702) Old regions: 3->3
[2024-12-04T16:40:49.319+0700][8,468s][info   ][gc,heap     ] GC(702) Archive regions: 2->2
[2024-12-04T16:40:49.319+0700][8,468s][info   ][gc,heap     ] GC(702) Humongous regions: 1327->1327
[2024-12-04T16:40:49.319+0700][8,468s][info   ][gc,metaspace] GC(702) Metaspace: 5826K(6080K)->5826K(6080K) NonClass: 5161K(5312K)->5161K(5312K) Class: 664K(768K)->664K(768K)
[2024-12-04T16:40:49.319+0700][8,468s][info   ][gc          ] GC(702) Pause Young (Concurrent Start) (G1 Humongous Allocation) 1330M->1330M(2048M) 2,259ms
[2024-12-04T16:40:49.319+0700][8,468s][info   ][gc,cpu      ] GC(702) User=0,01s Sys=0,00s Real=0,00s
[2024-12-04T16:40:49.319+0700][8,468s][info   ][gc          ] GC(703) Concurrent Mark Cycle
[2024-12-04T16:40:49.319+0700][8,468s][info   ][gc,marking  ] GC(703) Concurrent Clear Claimed Marks
[2024-12-04T16:40:49.319+0700][8,468s][info   ][gc,marking  ] GC(703) Concurrent Clear Claimed Marks 0,018ms
[2024-12-04T16:40:49.319+0700][8,468s][info   ][gc,marking  ] GC(703) Concurrent Scan Root Regions
[2024-12-04T16:40:49.319+0700][8,468s][info   ][gc,marking  ] GC(703) Concurrent Scan Root Regions 0,005ms
[2024-12-04T16:40:49.319+0700][8,468s][info   ][gc,marking  ] GC(703) Concurrent Mark
[2024-12-04T16:40:49.319+0700][8,468s][info   ][gc,marking  ] GC(703) Concurrent Mark From Roots
[2024-12-04T16:40:49.319+0700][8,468s][info   ][gc,task     ] GC(703) Using 2 workers of 2 for marking
[2024-12-04T16:40:49.324+0700][8,473s][info   ][gc,marking  ] GC(703) Concurrent Mark From Roots 4,588ms
[2024-12-04T16:40:49.324+0700][8,473s][info   ][gc,marking  ] GC(703) Concurrent Preclean
[2024-12-04T16:40:49.324+0700][8,473s][info   ][gc,marking  ] GC(703) Concurrent Preclean 0,051ms
[2024-12-04T16:40:49.324+0700][8,473s][info   ][gc,start    ] GC(703) Pause Remark
[2024-12-04T16:40:49.325+0700][8,474s][info   ][gc          ] GC(703) Pause Remark 1331M->1331M(2048M) 1,194ms
[2024-12-04T16:40:49.325+0700][8,474s][info   ][gc,cpu      ] GC(703) User=0,00s Sys=0,00s Real=0,00s
[2024-12-04T16:40:49.325+0700][8,474s][info   ][gc,marking  ] GC(703) Concurrent Mark 6,019ms
[2024-12-04T16:40:49.325+0700][8,474s][info   ][gc,marking  ] GC(703) Concurrent Rebuild Remembered Sets
[2024-12-04T16:40:49.327+0700][8,476s][info   ][gc,marking  ] GC(703) Concurrent Rebuild Remembered Sets 1,874ms
[2024-12-04T16:40:49.327+0700][8,476s][info   ][gc,start    ] GC(703) Pause Cleanup
[2024-12-04T16:40:49.328+0700][8,477s][info   ][gc          ] GC(703) Pause Cleanup 1332M->1332M(2048M) 0,301ms
[2024-12-04T16:40:49.328+0700][8,477s][info   ][gc,cpu      ] GC(703) User=0,00s Sys=0,00s Real=0,00s
[2024-12-04T16:40:49.328+0700][8,477s][info   ][gc,marking  ] GC(703) Concurrent Cleanup for Next Mark
[2024-12-04T16:40:49.331+0700][8,480s][info   ][gc,marking  ] GC(703) Concurrent Cleanup for Next Mark 3,466ms
[2024-12-04T16:40:49.331+0700][8,480s][info   ][gc          ] GC(703) Concurrent Mark Cycle 11,972ms
[2024-12-04T16:40:49.337+0700][8,486s][info   ][gc,start    ] GC(704) Pause Young (Concurrent Start) (G1 Humongous Allocation)
[2024-12-04T16:40:49.337+0700][8,486s][info   ][gc,task     ] GC(704) Using 8 workers of 8 for evacuation
[2024-12-04T16:40:49.338+0700][8,487s][info   ][gc,phases   ] GC(704)   Pre Evacuate Collection Set: 0,4ms
[2024-12-04T16:40:49.338+0700][8,487s][info   ][gc,phases   ] GC(704)   Merge Heap Roots: 0,3ms
[2024-12-04T16:40:49.338+0700][8,487s][info   ][gc,phases   ] GC(704)   Evacuate Collection Set: 0,5ms
[2024-12-04T16:40:49.338+0700][8,487s][info   ][gc,phases   ] GC(704)   Post Evacuate Collection Set: 0,2ms
[2024-12-04T16:40:49.339+0700][8,487s][info   ][gc,phases   ] GC(704)   Other: 0,3ms
[2024-12-04T16:40:49.339+0700][8,487s][info   ][gc,heap     ] GC(704) Eden regions: 1->0(507)
[2024-12-04T16:40:49.339+0700][8,487s][info   ][gc,heap     ] GC(704) Survivor regions: 0->0(64)
[2024-12-04T16:40:49.339+0700][8,487s][info   ][gc,heap     ] GC(704) Old regions: 3->3
[2024-12-04T16:40:49.339+0700][8,487s][info   ][gc,heap     ] GC(704) Archive regions: 2->2
[2024-12-04T16:40:49.339+0700][8,487s][info   ][gc,heap     ] GC(704) Humongous regions: 1330->1330
[2024-12-04T16:40:49.339+0700][8,487s][info   ][gc,metaspace] GC(704) Metaspace: 5826K(6080K)->5826K(6080K) NonClass: 5161K(5312K)->5161K(5312K) Class: 664K(768K)->664K(768K)
[2024-12-04T16:40:49.339+0700][8,488s][info   ][gc          ] GC(704) Pause Young (Concurrent Start) (G1 Humongous Allocation) 1333M->1333M(2048M) 1,759ms
[2024-12-04T16:40:49.339+0700][8,488s][info   ][gc,cpu      ] GC(704) User=0,01s Sys=0,00s Real=0,00s
[2024-12-04T16:40:49.339+0700][8,488s][info   ][gc          ] GC(705) Concurrent Mark Cycle
[2024-12-04T16:40:49.339+0700][8,488s][info   ][gc,marking  ] GC(705) Concurrent Clear Claimed Marks
[2024-12-04T16:40:49.339+0700][8,488s][info   ][gc,marking  ] GC(705) Concurrent Clear Claimed Marks 0,020ms
[2024-12-04T16:40:49.339+0700][8,488s][info   ][gc,marking  ] GC(705) Concurrent Scan Root Regions
[2024-12-04T16:40:49.339+0700][8,488s][info   ][gc,marking  ] GC(705) Concurrent Scan Root Regions 0,007ms
[2024-12-04T16:40:49.339+0700][8,488s][info   ][gc,marking  ] GC(705) Concurrent Mark
[2024-12-04T16:40:49.339+0700][8,488s][info   ][gc,marking  ] GC(705) Concurrent Mark From Roots
[2024-12-04T16:40:49.339+0700][8,488s][info   ][gc,task     ] GC(705) Using 2 workers of 2 for marking
[2024-12-04T16:40:49.343+0700][8,492s][info   ][gc,marking  ] GC(705) Concurrent Mark From Roots 4,100ms
[2024-12-04T16:40:49.343+0700][8,492s][info   ][gc,marking  ] GC(705) Concurrent Preclean
[2024-12-04T16:40:49.343+0700][8,492s][info   ][gc,marking  ] GC(705) Concurrent Preclean 0,052ms
[2024-12-04T16:40:49.343+0700][8,492s][info   ][gc,start    ] GC(705) Pause Remark
[2024-12-04T16:40:49.344+0700][8,493s][info   ][gc          ] GC(705) Pause Remark 1334M->1334M(2048M) 0,769ms
[2024-12-04T16:40:49.344+0700][8,493s][info   ][gc,cpu      ] GC(705) User=0,01s Sys=0,00s Real=0,01s
[2024-12-04T16:40:49.344+0700][8,493s][info   ][gc,marking  ] GC(705) Concurrent Mark 5,093ms
[2024-12-04T16:40:49.344+0700][8,493s][info   ][gc,marking  ] GC(705) Concurrent Rebuild Remembered Sets
[2024-12-04T16:40:49.345+0700][8,494s][info   ][gc,marking  ] GC(705) Concurrent Rebuild Remembered Sets 1,655ms
[2024-12-04T16:40:49.346+0700][8,494s][info   ][gc,start    ] GC(705) Pause Cleanup
[2024-12-04T16:40:49.346+0700][8,495s][info   ][gc          ] GC(705) Pause Cleanup 1335M->1335M(2048M) 0,315ms
[2024-12-04T16:40:49.346+0700][8,495s][info   ][gc,cpu      ] GC(705) User=0,00s Sys=0,00s Real=0,00s
[2024-12-04T16:40:49.346+0700][8,495s][info   ][gc,marking  ] GC(705) Concurrent Cleanup for Next Mark
[2024-12-04T16:40:49.350+0700][8,498s][info   ][gc,marking  ] GC(705) Concurrent Cleanup for Next Mark 3,636ms
[2024-12-04T16:40:49.350+0700][8,499s][info   ][gc          ] GC(705) Concurrent Mark Cycle 10,967ms
[2024-12-04T16:40:49.350+0700][8,499s][info   ][gc,start    ] GC(706) Pause Young (Concurrent Start) (G1 Humongous Allocation)
[2024-12-04T16:40:49.350+0700][8,499s][info   ][gc,task     ] GC(706) Using 8 workers of 8 for evacuation
[2024-12-04T16:40:49.354+0700][8,503s][info   ][gc,phases   ] GC(706)   Pre Evacuate Collection Set: 0,5ms
[2024-12-04T16:40:49.354+0700][8,503s][info   ][gc,phases   ] GC(706)   Merge Heap Roots: 0,4ms
[2024-12-04T16:40:49.354+0700][8,503s][info   ][gc,phases   ] GC(706)   Evacuate Collection Set: 2,0ms
[2024-12-04T16:40:49.354+0700][8,503s][info   ][gc,phases   ] GC(706)   Post Evacuate Collection Set: 0,4ms
[2024-12-04T16:40:49.354+0700][8,503s][info   ][gc,phases   ] GC(706)   Other: 0,3ms
[2024-12-04T16:40:49.354+0700][8,503s][info   ][gc,heap     ] GC(706) Eden regions: 1->0(505)
[2024-12-04T16:40:49.354+0700][8,503s][info   ][gc,heap     ] GC(706) Survivor regions: 0->0(64)
[2024-12-04T16:40:49.354+0700][8,503s][info   ][gc,heap     ] GC(706) Old regions: 3->3
[2024-12-04T16:40:49.354+0700][8,503s][info   ][gc,heap     ] GC(706) Archive regions: 2->2
[2024-12-04T16:40:49.354+0700][8,503s][info   ][gc,heap     ] GC(706) Humongous regions: 1332->1332
[2024-12-04T16:40:49.354+0700][8,503s][info   ][gc,metaspace] GC(706) Metaspace: 5826K(6080K)->5826K(6080K) NonClass: 5161K(5312K)->5161K(5312K) Class: 664K(768K)->664K(768K)
[2024-12-04T16:40:49.354+0700][8,503s][info   ][gc          ] GC(706) Pause Young (Concurrent Start) (G1 Humongous Allocation) 1335M->1335M(2048M) 3,844ms
[2024-12-04T16:40:49.354+0700][8,503s][info   ][gc,cpu      ] GC(706) User=0,00s Sys=0,00s Real=0,01s
[2024-12-04T16:40:49.354+0700][8,503s][info   ][gc          ] GC(707) Concurrent Mark Cycle
[2024-12-04T16:40:49.354+0700][8,503s][info   ][gc,marking  ] GC(707) Concurrent Clear Claimed Marks
[2024-12-04T16:40:49.354+0700][8,503s][info   ][gc,marking  ] GC(707) Concurrent Clear Claimed Marks 0,023ms
[2024-12-04T16:40:49.354+0700][8,503s][info   ][gc,marking  ] GC(707) Concurrent Scan Root Regions
[2024-12-04T16:40:49.354+0700][8,503s][info   ][gc,marking  ] GC(707) Concurrent Scan Root Regions 0,006ms
[2024-12-04T16:40:49.354+0700][8,503s][info   ][gc,marking  ] GC(707) Concurrent Mark
[2024-12-04T16:40:49.354+0700][8,503s][info   ][gc,marking  ] GC(707) Concurrent Mark From Roots
[2024-12-04T16:40:49.354+0700][8,503s][info   ][gc,task     ] GC(707) Using 2 workers of 2 for marking
[2024-12-04T16:40:49.361+0700][8,510s][info   ][gc,marking  ] GC(707) Concurrent Mark From Roots 7,051ms
[2024-12-04T16:40:49.361+0700][8,510s][info   ][gc,marking  ] GC(707) Concurrent Preclean
[2024-12-04T16:40:49.361+0700][8,510s][info   ][gc,marking  ] GC(707) Concurrent Preclean 0,098ms
[2024-12-04T16:40:49.361+0700][8,510s][info   ][gc,start    ] GC(707) Pause Remark
[2024-12-04T16:40:49.363+0700][8,512s][info   ][gc          ] GC(707) Pause Remark 1337M->1337M(2048M) 1,687ms
[2024-12-04T16:40:49.363+0700][8,512s][info   ][gc,cpu      ] GC(707) User=0,01s Sys=0,00s Real=0,01s
[2024-12-04T16:40:49.363+0700][8,512s][info   ][gc,marking  ] GC(707) Concurrent Mark 9,315ms
[2024-12-04T16:40:49.363+0700][8,512s][info   ][gc,marking  ] GC(707) Concurrent Rebuild Remembered Sets
[2024-12-04T16:40:49.366+0700][8,515s][info   ][gc,marking  ] GC(707) Concurrent Rebuild Remembered Sets 2,451ms
[2024-12-04T16:40:49.366+0700][8,515s][info   ][gc,start    ] GC(707) Pause Cleanup
[2024-12-04T16:40:49.367+0700][8,515s][info   ][gc          ] GC(707) Pause Cleanup 1338M->1338M(2048M) 0,445ms
[2024-12-04T16:40:49.367+0700][8,515s][info   ][gc,cpu      ] GC(707) User=0,00s Sys=0,00s Real=0,00s
[2024-12-04T16:40:49.367+0700][8,515s][info   ][gc,marking  ] GC(707) Concurrent Cleanup for Next Mark
[2024-12-04T16:40:49.371+0700][8,520s][info   ][gc,marking  ] GC(707) Concurrent Cleanup for Next Mark 4,292ms
[2024-12-04T16:40:49.371+0700][8,520s][info   ][gc          ] GC(707) Concurrent Mark Cycle 16,986ms
[2024-12-04T16:40:49.372+0700][8,521s][info   ][gc,start    ] GC(708) Pause Young (Concurrent Start) (G1 Humongous Allocation)
[2024-12-04T16:40:49.372+0700][8,521s][info   ][gc,task     ] GC(708) Using 8 workers of 8 for evacuation
[2024-12-04T16:40:49.374+0700][8,523s][info   ][gc,phases   ] GC(708)   Pre Evacuate Collection Set: 0,3ms
[2024-12-04T16:40:49.374+0700][8,523s][info   ][gc,phases   ] GC(708)   Merge Heap Roots: 0,5ms
[2024-12-04T16:40:49.374+0700][8,523s][info   ][gc,phases   ] GC(708)   Evacuate Collection Set: 0,6ms
[2024-12-04T16:40:49.374+0700][8,523s][info   ][gc,phases   ] GC(708)   Post Evacuate Collection Set: 0,3ms
[2024-12-04T16:40:49.374+0700][8,523s][info   ][gc,phases   ] GC(708)   Other: 0,4ms
[2024-12-04T16:40:49.374+0700][8,523s][info   ][gc,heap     ] GC(708) Eden regions: 1->0(502)
[2024-12-04T16:40:49.374+0700][8,523s][info   ][gc,heap     ] GC(708) Survivor regions: 0->0(64)
[2024-12-04T16:40:49.374+0700][8,523s][info   ][gc,heap     ] GC(708) Old regions: 3->3
[2024-12-04T16:40:49.374+0700][8,523s][info   ][gc,heap     ] GC(708) Archive regions: 2->2
[2024-12-04T16:40:49.374+0700][8,523s][info   ][gc,heap     ] GC(708) Humongous regions: 1335->1335
[2024-12-04T16:40:49.375+0700][8,523s][info   ][gc,metaspace] GC(708) Metaspace: 5826K(6080K)->5826K(6080K) NonClass: 5161K(5312K)->5161K(5312K) Class: 664K(768K)->664K(768K)
[2024-12-04T16:40:49.375+0700][8,523s][info   ][gc          ] GC(708) Pause Young (Concurrent Start) (G1 Humongous Allocation) 1338M->1338M(2048M) 2,197ms
[2024-12-04T16:40:49.375+0700][8,523s][info   ][gc,cpu      ] GC(708) User=0,00s Sys=0,00s Real=0,01s
[2024-12-04T16:40:49.375+0700][8,523s][info   ][gc          ] GC(709) Concurrent Mark Cycle
[2024-12-04T16:40:49.375+0700][8,524s][info   ][gc,marking  ] GC(709) Concurrent Clear Claimed Marks
[2024-12-04T16:40:49.375+0700][8,524s][info   ][gc,marking  ] GC(709) Concurrent Clear Claimed Marks 0,035ms
[2024-12-04T16:40:49.375+0700][8,524s][info   ][gc,marking  ] GC(709) Concurrent Scan Root Regions
[2024-12-04T16:40:49.375+0700][8,524s][info   ][gc,marking  ] GC(709) Concurrent Scan Root Regions 0,004ms
[2024-12-04T16:40:49.375+0700][8,524s][info   ][gc,marking  ] GC(709) Concurrent Mark
[2024-12-04T16:40:49.375+0700][8,524s][info   ][gc,marking  ] GC(709) Concurrent Mark From Roots
[2024-12-04T16:40:49.375+0700][8,524s][info   ][gc,task     ] GC(709) Using 2 workers of 2 for marking
[2024-12-04T16:40:49.379+0700][8,528s][info   ][gc,marking  ] GC(709) Concurrent Mark From Roots 4,167ms
[2024-12-04T16:40:49.379+0700][8,528s][info   ][gc,marking  ] GC(709) Concurrent Preclean
[2024-12-04T16:40:49.379+0700][8,528s][info   ][gc,marking  ] GC(709) Concurrent Preclean 0,061ms
[2024-12-04T16:40:49.379+0700][8,528s][info   ][gc,start    ] GC(709) Pause Remark
[2024-12-04T16:40:49.380+0700][8,529s][info   ][gc          ] GC(709) Pause Remark 1339M->1339M(2048M) 1,008ms
[2024-12-04T16:40:49.380+0700][8,529s][info   ][gc,cpu      ] GC(709) User=0,00s Sys=0,00s Real=0,00s
[2024-12-04T16:40:49.380+0700][8,529s][info   ][gc,marking  ] GC(709) Concurrent Mark 5,386ms
[2024-12-04T16:40:49.380+0700][8,529s][info   ][gc,marking  ] GC(709) Concurrent Rebuild Remembered Sets
[2024-12-04T16:40:49.382+0700][8,531s][info   ][gc,marking  ] GC(709) Concurrent Rebuild Remembered Sets 2,328ms
[2024-12-04T16:40:49.383+0700][8,531s][info   ][gc,start    ] GC(709) Pause Cleanup
[2024-12-04T16:40:49.383+0700][8,532s][info   ][gc          ] GC(709) Pause Cleanup 1340M->1340M(2048M) 0,322ms
[2024-12-04T16:40:49.383+0700][8,532s][info   ][gc,cpu      ] GC(709) User=0,00s Sys=0,00s Real=0,00s
[2024-12-04T16:40:49.383+0700][8,532s][info   ][gc,marking  ] GC(709) Concurrent Cleanup for Next Mark
[2024-12-04T16:40:49.387+0700][8,536s][info   ][gc,marking  ] GC(709) Concurrent Cleanup for Next Mark 4,062ms
[2024-12-04T16:40:49.387+0700][8,536s][info   ][gc          ] GC(709) Concurrent Mark Cycle 12,550ms
[2024-12-04T16:40:49.393+0700][8,541s][info   ][gc,start    ] GC(710) Pause Young (Concurrent Start) (G1 Humongous Allocation)
[2024-12-04T16:40:49.393+0700][8,541s][info   ][gc,task     ] GC(710) Using 8 workers of 8 for evacuation
[2024-12-04T16:40:49.394+0700][8,543s][info   ][gc,phases   ] GC(710)   Pre Evacuate Collection Set: 0,2ms
[2024-12-04T16:40:49.394+0700][8,543s][info   ][gc,phases   ] GC(710)   Merge Heap Roots: 0,3ms
[2024-12-04T16:40:49.394+0700][8,543s][info   ][gc,phases   ] GC(710)   Evacuate Collection Set: 0,4ms
[2024-12-04T16:40:49.394+0700][8,543s][info   ][gc,phases   ] GC(710)   Post Evacuate Collection Set: 0,1ms
[2024-12-04T16:40:49.394+0700][8,543s][info   ][gc,phases   ] GC(710)   Other: 0,2ms
[2024-12-04T16:40:49.394+0700][8,543s][info   ][gc,heap     ] GC(710) Eden regions: 1->0(499)
[2024-12-04T16:40:49.394+0700][8,543s][info   ][gc,heap     ] GC(710) Survivor regions: 0->0(63)
[2024-12-04T16:40:49.394+0700][8,543s][info   ][gc,heap     ] GC(710) Old regions: 3->3
[2024-12-04T16:40:49.394+0700][8,543s][info   ][gc,heap     ] GC(710) Archive regions: 2->2
[2024-12-04T16:40:49.394+0700][8,543s][info   ][gc,heap     ] GC(710) Humongous regions: 1338->1338
[2024-12-04T16:40:49.394+0700][8,543s][info   ][gc,metaspace] GC(710) Metaspace: 5826K(6080K)->5826K(6080K) NonClass: 5161K(5312K)->5161K(5312K) Class: 664K(768K)->664K(768K)
[2024-12-04T16:40:49.394+0700][8,543s][info   ][gc          ] GC(710) Pause Young (Concurrent Start) (G1 Humongous Allocation) 1341M->1341M(2048M) 1,417ms
[2024-12-04T16:40:49.394+0700][8,543s][info   ][gc,cpu      ] GC(710) User=0,00s Sys=0,00s Real=0,01s
[2024-12-04T16:40:49.394+0700][8,543s][info   ][gc          ] GC(711) Concurrent Mark Cycle
[2024-12-04T16:40:49.394+0700][8,543s][info   ][gc,marking  ] GC(711) Concurrent Clear Claimed Marks
[2024-12-04T16:40:49.394+0700][8,543s][info   ][gc,marking  ] GC(711) Concurrent Clear Claimed Marks 0,016ms
[2024-12-04T16:40:49.394+0700][8,543s][info   ][gc,marking  ] GC(711) Concurrent Scan Root Regions
[2024-12-04T16:40:49.394+0700][8,543s][info   ][gc,marking  ] GC(711) Concurrent Scan Root Regions 0,007ms
[2024-12-04T16:40:49.394+0700][8,543s][info   ][gc,marking  ] GC(711) Concurrent Mark
[2024-12-04T16:40:49.394+0700][8,543s][info   ][gc,marking  ] GC(711) Concurrent Mark From Roots
[2024-12-04T16:40:49.394+0700][8,543s][info   ][gc,task     ] GC(711) Using 2 workers of 2 for marking
[2024-12-04T16:40:49.399+0700][8,547s][info   ][gc,marking  ] GC(711) Concurrent Mark From Roots 4,442ms
[2024-12-04T16:40:49.399+0700][8,547s][info   ][gc,marking  ] GC(711) Concurrent Preclean
[2024-12-04T16:40:49.399+0700][8,548s][info   ][gc,marking  ] GC(711) Concurrent Preclean 0,073ms
[2024-12-04T16:40:49.399+0700][8,548s][info   ][gc,start    ] GC(711) Pause Remark
[2024-12-04T16:40:49.401+0700][8,550s][info   ][gc          ] GC(711) Pause Remark 1342M->1342M(2048M) 2,282ms
[2024-12-04T16:40:49.401+0700][8,550s][info   ][gc,cpu      ] GC(711) User=0,00s Sys=0,00s Real=0,00s
[2024-12-04T16:40:49.401+0700][8,550s][info   ][gc,marking  ] GC(711) Concurrent Mark 6,984ms
[2024-12-04T16:40:49.401+0700][8,550s][info   ][gc,marking  ] GC(711) Concurrent Rebuild Remembered Sets
[2024-12-04T16:40:49.403+0700][8,552s][info   ][gc,marking  ] GC(711) Concurrent Rebuild Remembered Sets 2,162ms
[2024-12-04T16:40:49.403+0700][8,552s][info   ][gc,start    ] GC(711) Pause Cleanup
[2024-12-04T16:40:49.404+0700][8,552s][info   ][gc          ] GC(711) Pause Cleanup 1343M->1343M(2048M) 0,293ms
[2024-12-04T16:40:49.404+0700][8,552s][info   ][gc,cpu      ] GC(711) User=0,00s Sys=0,00s Real=0,00s
[2024-12-04T16:40:49.404+0700][8,553s][info   ][gc,marking  ] GC(711) Concurrent Cleanup for Next Mark
[2024-12-04T16:40:49.408+0700][8,557s][info   ][gc,marking  ] GC(711) Concurrent Cleanup for Next Mark 4,372ms
[2024-12-04T16:40:49.408+0700][8,557s][info   ][gc          ] GC(711) Concurrent Mark Cycle 14,081ms
[2024-12-04T16:40:49.413+0700][8,562s][info   ][gc,start    ] GC(712) Pause Young (Concurrent Start) (G1 Humongous Allocation)
[2024-12-04T16:40:49.413+0700][8,562s][info   ][gc,task     ] GC(712) Using 8 workers of 8 for evacuation
[2024-12-04T16:40:49.415+0700][8,564s][info   ][gc,phases   ] GC(712)   Pre Evacuate Collection Set: 0,4ms
[2024-12-04T16:40:49.415+0700][8,564s][info   ][gc,phases   ] GC(712)   Merge Heap Roots: 0,4ms
[2024-12-04T16:40:49.415+0700][8,564s][info   ][gc,phases   ] GC(712)   Evacuate Collection Set: 0,4ms
[2024-12-04T16:40:49.415+0700][8,564s][info   ][gc,phases   ] GC(712)   Post Evacuate Collection Set: 0,1ms
[2024-12-04T16:40:49.415+0700][8,564s][info   ][gc,phases   ] GC(712)   Other: 0,3ms
[2024-12-04T16:40:49.415+0700][8,564s][info   ][gc,heap     ] GC(712) Eden regions: 2->0(495)
[2024-12-04T16:40:49.415+0700][8,564s][info   ][gc,heap     ] GC(712) Survivor regions: 0->1(63)
[2024-12-04T16:40:49.415+0700][8,564s][info   ][gc,heap     ] GC(712) Old regions: 3->3
[2024-12-04T16:40:49.415+0700][8,564s][info   ][gc,heap     ] GC(712) Archive regions: 2->2
[2024-12-04T16:40:49.415+0700][8,564s][info   ][gc,heap     ] GC(712) Humongous regions: 1341->1341
[2024-12-04T16:40:49.415+0700][8,564s][info   ][gc,metaspace] GC(712) Metaspace: 5830K(6080K)->5830K(6080K) NonClass: 5165K(5312K)->5165K(5312K) Class: 664K(768K)->664K(768K)
[2024-12-04T16:40:49.415+0700][8,564s][info   ][gc          ] GC(712) Pause Young (Concurrent Start) (G1 Humongous Allocation) 1345M->1344M(2048M) 1,714ms
[2024-12-04T16:40:49.415+0700][8,564s][info   ][gc,cpu      ] GC(712) User=0,00s Sys=0,00s Real=0,00s
[2024-12-04T16:40:49.415+0700][8,564s][info   ][gc          ] GC(713) Concurrent Mark Cycle
[2024-12-04T16:40:49.415+0700][8,564s][info   ][gc,marking  ] GC(713) Concurrent Clear Claimed Marks
[2024-12-04T16:40:49.415+0700][8,564s][info   ][gc,marking  ] GC(713) Concurrent Clear Claimed Marks 0,013ms
[2024-12-04T16:40:49.415+0700][8,564s][info   ][gc,marking  ] GC(713) Concurrent Scan Root Regions
[2024-12-04T16:40:49.415+0700][8,564s][info   ][gc,marking  ] GC(713) Concurrent Scan Root Regions 0,071ms
[2024-12-04T16:40:49.415+0700][8,564s][info   ][gc,marking  ] GC(713) Concurrent Mark
[2024-12-04T16:40:49.415+0700][8,564s][info   ][gc,marking  ] GC(713) Concurrent Mark From Roots
[2024-12-04T16:40:49.415+0700][8,564s][info   ][gc,task     ] GC(713) Using 2 workers of 2 for marking
[2024-12-04T16:40:49.419+0700][8,568s][info   ][gc,marking  ] GC(713) Concurrent Mark From Roots 3,728ms
[2024-12-04T16:40:49.419+0700][8,568s][info   ][gc,marking  ] GC(713) Concurrent Preclean
[2024-12-04T16:40:49.419+0700][8,568s][info   ][gc,marking  ] GC(713) Concurrent Preclean 0,059ms
[2024-12-04T16:40:49.419+0700][8,568s][info   ][gc,start    ] GC(713) Pause Remark
[2024-12-04T16:40:49.420+0700][8,569s][info   ][gc          ] GC(713) Pause Remark 1346M->1346M(2048M) 0,768ms
[2024-12-04T16:40:49.420+0700][8,569s][info   ][gc,cpu      ] GC(713) User=0,00s Sys=0,00s Real=0,00s
[2024-12-04T16:40:49.420+0700][8,569s][info   ][gc,marking  ] GC(713) Concurrent Mark 4,689ms
[2024-12-04T16:40:49.420+0700][8,569s][info   ][gc,marking  ] GC(713) Concurrent Rebuild Remembered Sets
[2024-12-04T16:40:49.422+0700][8,570s][info   ][gc,marking  ] GC(713) Concurrent Rebuild Remembered Sets 1,716ms
[2024-12-04T16:40:49.422+0700][8,571s][info   ][gc,start    ] GC(713) Pause Cleanup
[2024-12-04T16:40:49.422+0700][8,571s][info   ][gc          ] GC(713) Pause Cleanup 1347M->1347M(2048M) 0,199ms
[2024-12-04T16:40:49.422+0700][8,571s][info   ][gc,cpu      ] GC(713) User=0,01s Sys=0,00s Real=0,00s
[2024-12-04T16:40:49.422+0700][8,571s][info   ][gc,marking  ] GC(713) Concurrent Cleanup for Next Mark
[2024-12-04T16:40:49.425+0700][8,574s][info   ][gc,marking  ] GC(713) Concurrent Cleanup for Next Mark 3,323ms
[2024-12-04T16:40:49.425+0700][8,574s][info   ][gc          ] GC(713) Concurrent Mark Cycle 10,205ms
[2024-12-04T16:40:49.427+0700][8,575s][info   ][gc,start    ] GC(714) Pause Young (Concurrent Start) (G1 Humongous Allocation)
[2024-12-04T16:40:49.427+0700][8,576s][info   ][gc,task     ] GC(714) Using 8 workers of 8 for evacuation
[2024-12-04T16:40:49.428+0700][8,577s][info   ][gc,phases   ] GC(714)   Pre Evacuate Collection Set: 0,3ms
[2024-12-04T16:40:49.428+0700][8,577s][info   ][gc,phases   ] GC(714)   Merge Heap Roots: 0,3ms
[2024-12-04T16:40:49.428+0700][8,577s][info   ][gc,phases   ] GC(714)   Evacuate Collection Set: 0,4ms
[2024-12-04T16:40:49.428+0700][8,577s][info   ][gc,phases   ] GC(714)   Post Evacuate Collection Set: 0,1ms
[2024-12-04T16:40:49.428+0700][8,577s][info   ][gc,phases   ] GC(714)   Other: 0,3ms
[2024-12-04T16:40:49.428+0700][8,577s][info   ][gc,heap     ] GC(714) Eden regions: 2->0(493)
[2024-12-04T16:40:49.428+0700][8,577s][info   ][gc,heap     ] GC(714) Survivor regions: 1->1(62)
[2024-12-04T16:40:49.428+0700][8,577s][info   ][gc,heap     ] GC(714) Old regions: 3->3
[2024-12-04T16:40:49.428+0700][8,577s][info   ][gc,heap     ] GC(714) Archive regions: 2->2
[2024-12-04T16:40:49.428+0700][8,577s][info   ][gc,heap     ] GC(714) Humongous regions: 1343->1343
[2024-12-04T16:40:49.428+0700][8,577s][info   ][gc,metaspace] GC(714) Metaspace: 5832K(6080K)->5832K(6080K) NonClass: 5167K(5312K)->5167K(5312K) Class: 664K(768K)->664K(768K)
[2024-12-04T16:40:49.428+0700][8,577s][info   ][gc          ] GC(714) Pause Young (Concurrent Start) (G1 Humongous Allocation) 1347M->1346M(2048M) 1,392ms
[2024-12-04T16:40:49.428+0700][8,577s][info   ][gc,cpu      ] GC(714) User=0,01s Sys=0,00s Real=0,00s
[2024-12-04T16:40:49.428+0700][8,577s][info   ][gc          ] GC(715) Concurrent Mark Cycle
[2024-12-04T16:40:49.428+0700][8,577s][info   ][gc,marking  ] GC(715) Concurrent Clear Claimed Marks
[2024-12-04T16:40:49.428+0700][8,577s][info   ][gc,marking  ] GC(715) Concurrent Clear Claimed Marks 0,008ms
[2024-12-04T16:40:49.428+0700][8,577s][info   ][gc,marking  ] GC(715) Concurrent Scan Root Regions
[2024-12-04T16:40:49.428+0700][8,577s][info   ][gc,marking  ] GC(715) Concurrent Scan Root Regions 0,050ms
[2024-12-04T16:40:49.428+0700][8,577s][info   ][gc,marking  ] GC(715) Concurrent Mark
[2024-12-04T16:40:49.428+0700][8,577s][info   ][gc,marking  ] GC(715) Concurrent Mark From Roots
[2024-12-04T16:40:49.428+0700][8,577s][info   ][gc,task     ] GC(715) Using 2 workers of 2 for marking
[2024-12-04T16:40:49.431+0700][8,580s][info   ][gc,marking  ] GC(715) Concurrent Mark From Roots 3,321ms
[2024-12-04T16:40:49.431+0700][8,580s][info   ][gc,marking  ] GC(715) Concurrent Preclean
[2024-12-04T16:40:49.432+0700][8,580s][info   ][gc,marking  ] GC(715) Concurrent Preclean 0,044ms
[2024-12-04T16:40:49.432+0700][8,580s][info   ][gc,start    ] GC(715) Pause Remark
[2024-12-04T16:40:49.432+0700][8,581s][info   ][gc          ] GC(715) Pause Remark 1347M->1347M(2048M) 0,664ms
[2024-12-04T16:40:49.432+0700][8,581s][info   ][gc,cpu      ] GC(715) User=0,01s Sys=0,00s Real=0,00s
[2024-12-04T16:40:49.432+0700][8,581s][info   ][gc,marking  ] GC(715) Concurrent Mark 4,166ms
[2024-12-04T16:40:49.432+0700][8,581s][info   ][gc,marking  ] GC(715) Concurrent Rebuild Remembered Sets
[2024-12-04T16:40:49.434+0700][8,583s][info   ][gc,marking  ] GC(715) Concurrent Rebuild Remembered Sets 1,957ms
[2024-12-04T16:40:49.434+0700][8,583s][info   ][gc,start    ] GC(715) Pause Cleanup
[2024-12-04T16:40:49.435+0700][8,583s][info   ][gc          ] GC(715) Pause Cleanup 1348M->1348M(2048M) 0,228ms
[2024-12-04T16:40:49.435+0700][8,583s][info   ][gc,cpu      ] GC(715) User=0,00s Sys=0,00s Real=0,00s
[2024-12-04T16:40:49.435+0700][8,583s][info   ][gc,marking  ] GC(715) Concurrent Cleanup for Next Mark
[2024-12-04T16:40:49.438+0700][8,587s][info   ][gc,marking  ] GC(715) Concurrent Cleanup for Next Mark 3,109ms
[2024-12-04T16:40:49.438+0700][8,587s][info   ][gc          ] GC(715) Concurrent Mark Cycle 9,700ms
[2024-12-04T16:40:49.439+0700][8,588s][info   ][gc,start    ] GC(716) Pause Young (Concurrent Start) (G1 Humongous Allocation)
[2024-12-04T16:40:49.439+0700][8,588s][info   ][gc,task     ] GC(716) Using 8 workers of 8 for evacuation
[2024-12-04T16:40:49.441+0700][8,590s][info   ][gc,phases   ] GC(716)   Pre Evacuate Collection Set: 0,4ms
[2024-12-04T16:40:49.441+0700][8,590s][info   ][gc,phases   ] GC(716)   Merge Heap Roots: 0,3ms
[2024-12-04T16:40:49.441+0700][8,590s][info   ][gc,phases   ] GC(716)   Evacuate Collection Set: 0,4ms
[2024-12-04T16:40:49.441+0700][8,590s][info   ][gc,phases   ] GC(716)   Post Evacuate Collection Set: 0,2ms
[2024-12-04T16:40:49.441+0700][8,590s][info   ][gc,phases   ] GC(716)   Other: 0,2ms
[2024-12-04T16:40:49.441+0700][8,590s][info   ][gc,heap     ] GC(716) Eden regions: 1->0(491)
[2024-12-04T16:40:49.441+0700][8,590s][info   ][gc,heap     ] GC(716) Survivor regions: 1->1(62)
[2024-12-04T16:40:49.441+0700][8,590s][info   ][gc,heap     ] GC(716) Old regions: 3->3
[2024-12-04T16:40:49.441+0700][8,590s][info   ][gc,heap     ] GC(716) Archive regions: 2->2
[2024-12-04T16:40:49.441+0700][8,590s][info   ][gc,heap     ] GC(716) Humongous regions: 1345->1345
[2024-12-04T16:40:49.441+0700][8,590s][info   ][gc,metaspace] GC(716) Metaspace: 5832K(6080K)->5832K(6080K) NonClass: 5167K(5312K)->5167K(5312K) Class: 664K(768K)->664K(768K)
[2024-12-04T16:40:49.441+0700][8,590s][info   ][gc          ] GC(716) Pause Young (Concurrent Start) (G1 Humongous Allocation) 1348M->1348M(2048M) 1,577ms
[2024-12-04T16:40:49.441+0700][8,590s][info   ][gc,cpu      ] GC(716) User=0,00s Sys=0,00s Real=0,00s
[2024-12-04T16:40:49.441+0700][8,590s][info   ][gc          ] GC(717) Concurrent Mark Cycle
[2024-12-04T16:40:49.441+0700][8,590s][info   ][gc,marking  ] GC(717) Concurrent Clear Claimed Marks
[2024-12-04T16:40:49.441+0700][8,590s][info   ][gc,marking  ] GC(717) Concurrent Clear Claimed Marks 0,019ms
[2024-12-04T16:40:49.441+0700][8,590s][info   ][gc,marking  ] GC(717) Concurrent Scan Root Regions
[2024-12-04T16:40:49.441+0700][8,590s][info   ][gc,marking  ] GC(717) Concurrent Scan Root Regions 0,075ms
[2024-12-04T16:40:49.441+0700][8,590s][info   ][gc,marking  ] GC(717) Concurrent Mark
[2024-12-04T16:40:49.441+0700][8,590s][info   ][gc,marking  ] GC(717) Concurrent Mark From Roots
[2024-12-04T16:40:49.441+0700][8,590s][info   ][gc,task     ] GC(717) Using 2 workers of 2 for marking
[2024-12-04T16:40:49.445+0700][8,594s][info   ][gc,marking  ] GC(717) Concurrent Mark From Roots 3,862ms
[2024-12-04T16:40:49.445+0700][8,594s][info   ][gc,marking  ] GC(717) Concurrent Preclean
[2024-12-04T16:40:49.445+0700][8,594s][info   ][gc,marking  ] GC(717) Concurrent Preclean 0,056ms
[2024-12-04T16:40:49.445+0700][8,594s][info   ][gc,start    ] GC(717) Pause Remark
[2024-12-04T16:40:49.446+0700][8,595s][info   ][gc          ] GC(717) Pause Remark 1349M->1349M(2048M) 1,082ms
[2024-12-04T16:40:49.446+0700][8,595s][info   ][gc,cpu      ] GC(717) User=0,00s Sys=0,00s Real=0,00s
[2024-12-04T16:40:49.446+0700][8,595s][info   ][gc,marking  ] GC(717) Concurrent Mark 5,137ms
[2024-12-04T16:40:49.446+0700][8,595s][info   ][gc,marking  ] GC(717) Concurrent Rebuild Remembered Sets
[2024-12-04T16:40:49.448+0700][8,597s][info   ][gc,marking  ] GC(717) Concurrent Rebuild Remembered Sets 1,857ms
[2024-12-04T16:40:49.448+0700][8,597s][info   ][gc,start    ] GC(717) Pause Cleanup
[2024-12-04T16:40:49.448+0700][8,597s][info   ][gc          ] GC(717) Pause Cleanup 1350M->1350M(2048M) 0,254ms
[2024-12-04T16:40:49.448+0700][8,597s][info   ][gc,cpu      ] GC(717) User=0,00s Sys=0,00s Real=0,00s
[2024-12-04T16:40:49.448+0700][8,597s][info   ][gc,marking  ] GC(717) Concurrent Cleanup for Next Mark
[2024-12-04T16:40:49.452+0700][8,601s][info   ][gc,marking  ] GC(717) Concurrent Cleanup for Next Mark 3,127ms
[2024-12-04T16:40:49.452+0700][8,601s][info   ][gc          ] GC(717) Concurrent Mark Cycle 10,661ms
[2024-12-04T16:40:49.453+0700][8,601s][info   ][gc,start    ] GC(718) Pause Young (Concurrent Start) (G1 Humongous Allocation)
[2024-12-04T16:40:49.453+0700][8,601s][info   ][gc,task     ] GC(718) Using 8 workers of 8 for evacuation
[2024-12-04T16:40:49.454+0700][8,602s][info   ][gc,phases   ] GC(718)   Pre Evacuate Collection Set: 0,2ms
[2024-12-04T16:40:49.454+0700][8,603s][info   ][gc,phases   ] GC(718)   Merge Heap Roots: 0,2ms
[2024-12-04T16:40:49.454+0700][8,603s][info   ][gc,phases   ] GC(718)   Evacuate Collection Set: 0,3ms
[2024-12-04T16:40:49.454+0700][8,603s][info   ][gc,phases   ] GC(718)   Post Evacuate Collection Set: 0,1ms
[2024-12-04T16:40:49.454+0700][8,603s][info   ][gc,phases   ] GC(718)   Other: 0,2ms
[2024-12-04T16:40:49.454+0700][8,603s][info   ][gc,heap     ] GC(718) Eden regions: 1->0(489)
[2024-12-04T16:40:49.454+0700][8,603s][info   ][gc,heap     ] GC(718) Survivor regions: 1->1(62)
[2024-12-04T16:40:49.454+0700][8,603s][info   ][gc,heap     ] GC(718) Old regions: 3->3
[2024-12-04T16:40:49.454+0700][8,603s][info   ][gc,heap     ] GC(718) Archive regions: 2->2
[2024-12-04T16:40:49.454+0700][8,603s][info   ][gc,heap     ] GC(718) Humongous regions: 1347->1347
[2024-12-04T16:40:49.454+0700][8,603s][info   ][gc,metaspace] GC(718) Metaspace: 5832K(6080K)->5832K(6080K) NonClass: 5167K(5312K)->5167K(5312K) Class: 664K(768K)->664K(768K)
[2024-12-04T16:40:49.454+0700][8,603s][info   ][gc          ] GC(718) Pause Young (Concurrent Start) (G1 Humongous Allocation) 1350M->1350M(2048M) 1,258ms
[2024-12-04T16:40:49.454+0700][8,603s][info   ][gc,cpu      ] GC(718) User=0,00s Sys=0,00s Real=0,01s
[2024-12-04T16:40:49.454+0700][8,603s][info   ][gc          ] GC(719) Concurrent Mark Cycle
[2024-12-04T16:40:49.454+0700][8,603s][info   ][gc,marking  ] GC(719) Concurrent Clear Claimed Marks
[2024-12-04T16:40:49.454+0700][8,603s][info   ][gc,marking  ] GC(719) Concurrent Clear Claimed Marks 0,008ms
[2024-12-04T16:40:49.454+0700][8,603s][info   ][gc,marking  ] GC(719) Concurrent Scan Root Regions
[2024-12-04T16:40:49.454+0700][8,603s][info   ][gc,marking  ] GC(719) Concurrent Scan Root Regions 0,046ms
[2024-12-04T16:40:49.454+0700][8,603s][info   ][gc,marking  ] GC(719) Concurrent Mark
[2024-12-04T16:40:49.454+0700][8,603s][info   ][gc,marking  ] GC(719) Concurrent Mark From Roots
[2024-12-04T16:40:49.454+0700][8,603s][info   ][gc,task     ] GC(719) Using 2 workers of 2 for marking
[2024-12-04T16:40:49.457+0700][8,606s][info   ][gc,marking  ] GC(719) Concurrent Mark From Roots 3,064ms
[2024-12-04T16:40:49.457+0700][8,606s][info   ][gc,marking  ] GC(719) Concurrent Preclean
[2024-12-04T16:40:49.457+0700][8,606s][info   ][gc,marking  ] GC(719) Concurrent Preclean 0,044ms
[2024-12-04T16:40:49.457+0700][8,606s][info   ][gc,start    ] GC(719) Pause Remark
[2024-12-04T16:40:49.458+0700][8,607s][info   ][gc          ] GC(719) Pause Remark 1351M->1351M(2048M) 0,686ms
[2024-12-04T16:40:49.458+0700][8,607s][info   ][gc,cpu      ] GC(719) User=0,00s Sys=0,00s Real=0,00s
[2024-12-04T16:40:49.458+0700][8,607s][info   ][gc,marking  ] GC(719) Concurrent Mark 3,892ms
[2024-12-04T16:40:49.458+0700][8,607s][info   ][gc,marking  ] GC(719) Concurrent Rebuild Remembered Sets
[2024-12-04T16:40:49.459+0700][8,608s][info   ][gc,marking  ] GC(719) Concurrent Rebuild Remembered Sets 1,499ms
[2024-12-04T16:40:49.459+0700][8,608s][info   ][gc,start    ] GC(719) Pause Cleanup
[2024-12-04T16:40:49.459+0700][8,608s][info   ][gc          ] GC(719) Pause Cleanup 1351M->1351M(2048M) 0,148ms
[2024-12-04T16:40:49.460+0700][8,608s][info   ][gc,cpu      ] GC(719) User=0,00s Sys=0,00s Real=0,00s
[2024-12-04T16:40:49.460+0700][8,608s][info   ][gc,marking  ] GC(719) Concurrent Cleanup for Next Mark
[2024-12-04T16:40:49.463+0700][8,612s][info   ][gc,marking  ] GC(719) Concurrent Cleanup for Next Mark 3,155ms
[2024-12-04T16:40:49.463+0700][8,612s][info   ][gc          ] GC(719) Concurrent Mark Cycle 8,915ms
[2024-12-04T16:40:49.465+0700][8,614s][info   ][gc,start    ] GC(720) Pause Young (Concurrent Start) (G1 Humongous Allocation)
[2024-12-04T16:40:49.465+0700][8,614s][info   ][gc,task     ] GC(720) Using 8 workers of 8 for evacuation
[2024-12-04T16:40:49.467+0700][8,615s][info   ][gc,phases   ] GC(720)   Pre Evacuate Collection Set: 0,2ms
[2024-12-04T16:40:49.467+0700][8,615s][info   ][gc,phases   ] GC(720)   Merge Heap Roots: 0,3ms
[2024-12-04T16:40:49.467+0700][8,615s][info   ][gc,phases   ] GC(720)   Evacuate Collection Set: 0,5ms
[2024-12-04T16:40:49.467+0700][8,615s][info   ][gc,phases   ] GC(720)   Post Evacuate Collection Set: 0,2ms
[2024-12-04T16:40:49.467+0700][8,615s][info   ][gc,phases   ] GC(720)   Other: 0,2ms
[2024-12-04T16:40:49.467+0700][8,615s][info   ][gc,heap     ] GC(720) Eden regions: 1->0(487)
[2024-12-04T16:40:49.467+0700][8,615s][info   ][gc,heap     ] GC(720) Survivor regions: 1->1(62)
[2024-12-04T16:40:49.467+0700][8,615s][info   ][gc,heap     ] GC(720) Old regions: 3->3
[2024-12-04T16:40:49.467+0700][8,615s][info   ][gc,heap     ] GC(720) Archive regions: 2->2
[2024-12-04T16:40:49.467+0700][8,615s][info   ][gc,heap     ] GC(720) Humongous regions: 1349->1349
[2024-12-04T16:40:49.467+0700][8,615s][info   ][gc,metaspace] GC(720) Metaspace: 5832K(6080K)->5832K(6080K) NonClass: 5167K(5312K)->5167K(5312K) Class: 664K(768K)->664K(768K)
[2024-12-04T16:40:49.467+0700][8,615s][info   ][gc          ] GC(720) Pause Young (Concurrent Start) (G1 Humongous Allocation) 1352M->1352M(2048M) 1,436ms
[2024-12-04T16:40:49.467+0700][8,616s][info   ][gc,cpu      ] GC(720) User=0,00s Sys=0,00s Real=0,00s
[2024-12-04T16:40:49.467+0700][8,616s][info   ][gc          ] GC(721) Concurrent Mark Cycle
[2024-12-04T16:40:49.467+0700][8,616s][info   ][gc,marking  ] GC(721) Concurrent Clear Claimed Marks
[2024-12-04T16:40:49.467+0700][8,616s][info   ][gc,marking  ] GC(721) Concurrent Clear Claimed Marks 0,012ms
[2024-12-04T16:40:49.467+0700][8,616s][info   ][gc,marking  ] GC(721) Concurrent Scan Root Regions
[2024-12-04T16:40:49.467+0700][8,616s][info   ][gc,marking  ] GC(721) Concurrent Scan Root Regions 0,070ms
[2024-12-04T16:40:49.467+0700][8,616s][info   ][gc,marking  ] GC(721) Concurrent Mark
[2024-12-04T16:40:49.467+0700][8,616s][info   ][gc,marking  ] GC(721) Concurrent Mark From Roots
[2024-12-04T16:40:49.467+0700][8,616s][info   ][gc,task     ] GC(721) Using 2 workers of 2 for marking
[2024-12-04T16:40:49.470+0700][8,619s][info   ][gc,marking  ] GC(721) Concurrent Mark From Roots 3,533ms
[2024-12-04T16:40:49.470+0700][8,619s][info   ][gc,marking  ] GC(721) Concurrent Preclean
[2024-12-04T16:40:49.470+0700][8,619s][info   ][gc,marking  ] GC(721) Concurrent Preclean 0,066ms
[2024-12-04T16:40:49.471+0700][8,619s][info   ][gc,start    ] GC(721) Pause Remark
[2024-12-04T16:40:49.472+0700][8,620s][info   ][gc          ] GC(721) Pause Remark 1353M->1353M(2048M) 1,061ms
[2024-12-04T16:40:49.472+0700][8,620s][info   ][gc,cpu      ] GC(721) User=0,00s Sys=0,00s Real=0,00s
[2024-12-04T16:40:49.472+0700][8,620s][info   ][gc,marking  ] GC(721) Concurrent Mark 4,853ms
[2024-12-04T16:40:49.472+0700][8,620s][info   ][gc,marking  ] GC(721) Concurrent Rebuild Remembered Sets
[2024-12-04T16:40:49.473+0700][8,622s][info   ][gc,marking  ] GC(721) Concurrent Rebuild Remembered Sets 1,768ms
[2024-12-04T16:40:49.473+0700][8,622s][info   ][gc,start    ] GC(721) Pause Cleanup
[2024-12-04T16:40:49.474+0700][8,623s][info   ][gc          ] GC(721) Pause Cleanup 1354M->1354M(2048M) 0,294ms
[2024-12-04T16:40:49.474+0700][8,623s][info   ][gc,cpu      ] GC(721) User=0,00s Sys=0,00s Real=0,00s
[2024-12-04T16:40:49.474+0700][8,623s][info   ][gc,marking  ] GC(721) Concurrent Cleanup for Next Mark
[2024-12-04T16:40:49.477+0700][8,626s][info   ][gc,marking  ] GC(721) Concurrent Cleanup for Next Mark 3,044ms
[2024-12-04T16:40:49.477+0700][8,626s][info   ][gc          ] GC(721) Concurrent Mark Cycle 10,213ms
[2024-12-04T16:40:49.478+0700][8,627s][info   ][gc,start    ] GC(722) Pause Young (Concurrent Start) (G1 Humongous Allocation)
[2024-12-04T16:40:49.478+0700][8,627s][info   ][gc,task     ] GC(722) Using 8 workers of 8 for evacuation
[2024-12-04T16:40:49.480+0700][8,629s][info   ][gc,phases   ] GC(722)   Pre Evacuate Collection Set: 0,3ms
[2024-12-04T16:40:49.480+0700][8,629s][info   ][gc,phases   ] GC(722)   Merge Heap Roots: 0,4ms
[2024-12-04T16:40:49.480+0700][8,629s][info   ][gc,phases   ] GC(722)   Evacuate Collection Set: 1,0ms
[2024-12-04T16:40:49.480+0700][8,629s][info   ][gc,phases   ] GC(722)   Post Evacuate Collection Set: 0,2ms
[2024-12-04T16:40:49.480+0700][8,629s][info   ][gc,phases   ] GC(722)   Other: 0,2ms
[2024-12-04T16:40:49.480+0700][8,629s][info   ][gc,heap     ] GC(722) Eden regions: 1->0(485)
[2024-12-04T16:40:49.480+0700][8,629s][info   ][gc,heap     ] GC(722) Survivor regions: 1->1(61)
[2024-12-04T16:40:49.480+0700][8,629s][info   ][gc,heap     ] GC(722) Old regions: 3->3
[2024-12-04T16:40:49.480+0700][8,629s][info   ][gc,heap     ] GC(722) Archive regions: 2->2
[2024-12-04T16:40:49.480+0700][8,629s][info   ][gc,heap     ] GC(722) Humongous regions: 1351->1351
[2024-12-04T16:40:49.480+0700][8,629s][info   ][gc,metaspace] GC(722) Metaspace: 5832K(6080K)->5832K(6080K) NonClass: 5167K(5312K)->5167K(5312K) Class: 664K(768K)->664K(768K)
[2024-12-04T16:40:49.480+0700][8,629s][info   ][gc          ] GC(722) Pause Young (Concurrent Start) (G1 Humongous Allocation) 1354M->1354M(2048M) 2,218ms
[2024-12-04T16:40:49.480+0700][8,629s][info   ][gc,cpu      ] GC(722) User=0,01s Sys=0,00s Real=0,00s
[2024-12-04T16:40:49.481+0700][8,630s][info   ][gc          ] GC(723) Concurrent Mark Cycle
[2024-12-04T16:40:49.481+0700][8,630s][info   ][gc,marking  ] GC(723) Concurrent Clear Claimed Marks
[2024-12-04T16:40:49.481+0700][8,630s][info   ][gc,marking  ] GC(723) Concurrent Clear Claimed Marks 0,022ms
[2024-12-04T16:40:49.481+0700][8,630s][info   ][gc,marking  ] GC(723) Concurrent Scan Root Regions
[2024-12-04T16:40:49.482+0700][8,630s][info   ][gc,marking  ] GC(723) Concurrent Scan Root Regions 0,077ms
[2024-12-04T16:40:49.482+0700][8,630s][info   ][gc,marking  ] GC(723) Concurrent Mark
[2024-12-04T16:40:49.482+0700][8,630s][info   ][gc,marking  ] GC(723) Concurrent Mark From Roots
[2024-12-04T16:40:49.482+0700][8,630s][info   ][gc,task     ] GC(723) Using 2 workers of 2 for marking
[2024-12-04T16:40:49.486+0700][8,635s][info   ][gc,marking  ] GC(723) Concurrent Mark From Roots 4,573ms
[2024-12-04T16:40:49.486+0700][8,635s][info   ][gc,marking  ] GC(723) Concurrent Preclean
[2024-12-04T16:40:49.486+0700][8,635s][info   ][gc,marking  ] GC(723) Concurrent Preclean 0,066ms
[2024-12-04T16:40:49.486+0700][8,635s][info   ][gc,start    ] GC(723) Pause Remark
[2024-12-04T16:40:49.487+0700][8,636s][info   ][gc          ] GC(723) Pause Remark 1355M->1355M(2048M) 0,982ms
[2024-12-04T16:40:49.487+0700][8,636s][info   ][gc,cpu      ] GC(723) User=0,00s Sys=0,00s Real=0,00s
[2024-12-04T16:40:49.487+0700][8,636s][info   ][gc,marking  ] GC(723) Concurrent Mark 5,785ms
[2024-12-04T16:40:49.487+0700][8,636s][info   ][gc,marking  ] GC(723) Concurrent Rebuild Remembered Sets
[2024-12-04T16:40:49.489+0700][8,638s][info   ][gc,marking  ] GC(723) Concurrent Rebuild Remembered Sets 1,823ms
[2024-12-04T16:40:49.489+0700][8,638s][info   ][gc,start    ] GC(723) Pause Cleanup
[2024-12-04T16:40:49.490+0700][8,638s][info   ][gc          ] GC(723) Pause Cleanup 1356M->1356M(2048M) 0,294ms
[2024-12-04T16:40:49.490+0700][8,638s][info   ][gc,cpu      ] GC(723) User=0,00s Sys=0,00s Real=0,00s
[2024-12-04T16:40:49.490+0700][8,638s][info   ][gc,marking  ] GC(723) Concurrent Cleanup for Next Mark
[2024-12-04T16:40:49.493+0700][8,642s][info   ][gc,marking  ] GC(723) Concurrent Cleanup for Next Mark 3,153ms
[2024-12-04T16:40:49.493+0700][8,642s][info   ][gc          ] GC(723) Concurrent Mark Cycle 11,412ms
[2024-12-04T16:40:49.493+0700][8,642s][info   ][gc,start    ] GC(724) Pause Young (Concurrent Start) (G1 Humongous Allocation)
[2024-12-04T16:40:49.493+0700][8,642s][info   ][gc,task     ] GC(724) Using 8 workers of 8 for evacuation
[2024-12-04T16:40:49.495+0700][8,644s][info   ][gc,phases   ] GC(724)   Pre Evacuate Collection Set: 0,4ms
[2024-12-04T16:40:49.495+0700][8,644s][info   ][gc,phases   ] GC(724)   Merge Heap Roots: 0,4ms
[2024-12-04T16:40:49.495+0700][8,644s][info   ][gc,phases   ] GC(724)   Evacuate Collection Set: 0,6ms
[2024-12-04T16:40:49.495+0700][8,644s][info   ][gc,phases   ] GC(724)   Post Evacuate Collection Set: 0,2ms
[2024-12-04T16:40:49.495+0700][8,644s][info   ][gc,phases   ] GC(724)   Other: 0,2ms
[2024-12-04T16:40:49.495+0700][8,644s][info   ][gc,heap     ] GC(724) Eden regions: 1->0(483)
[2024-12-04T16:40:49.495+0700][8,644s][info   ][gc,heap     ] GC(724) Survivor regions: 1->1(61)
[2024-12-04T16:40:49.495+0700][8,644s][info   ][gc,heap     ] GC(724) Old regions: 3->3
[2024-12-04T16:40:49.495+0700][8,644s][info   ][gc,heap     ] GC(724) Archive regions: 2->2
[2024-12-04T16:40:49.495+0700][8,644s][info   ][gc,heap     ] GC(724) Humongous regions: 1353->1353
[2024-12-04T16:40:49.495+0700][8,644s][info   ][gc,metaspace] GC(724) Metaspace: 5832K(6080K)->5832K(6080K) NonClass: 5167K(5312K)->5167K(5312K) Class: 664K(768K)->664K(768K)
[2024-12-04T16:40:49.495+0700][8,644s][info   ][gc          ] GC(724) Pause Young (Concurrent Start) (G1 Humongous Allocation) 1356M->1356M(2048M) 1,884ms
[2024-12-04T16:40:49.495+0700][8,644s][info   ][gc,cpu      ] GC(724) User=0,00s Sys=0,00s Real=0,01s
[2024-12-04T16:40:49.495+0700][8,644s][info   ][gc          ] GC(725) Concurrent Mark Cycle
[2024-12-04T16:40:49.495+0700][8,644s][info   ][gc,marking  ] GC(725) Concurrent Clear Claimed Marks
[2024-12-04T16:40:49.495+0700][8,644s][info   ][gc,marking  ] GC(725) Concurrent Clear Claimed Marks 0,012ms
[2024-12-04T16:40:49.495+0700][8,644s][info   ][gc,marking  ] GC(725) Concurrent Scan Root Regions
[2024-12-04T16:40:49.495+0700][8,644s][info   ][gc,marking  ] GC(725) Concurrent Scan Root Regions 0,051ms
[2024-12-04T16:40:49.495+0700][8,644s][info   ][gc,marking  ] GC(725) Concurrent Mark
[2024-12-04T16:40:49.495+0700][8,644s][info   ][gc,marking  ] GC(725) Concurrent Mark From Roots
[2024-12-04T16:40:49.495+0700][8,644s][info   ][gc,task     ] GC(725) Using 2 workers of 2 for marking
[2024-12-04T16:40:49.500+0700][8,649s][info   ][gc,marking  ] GC(725) Concurrent Mark From Roots 5,304ms
[2024-12-04T16:40:49.500+0700][8,649s][info   ][gc,marking  ] GC(725) Concurrent Preclean
[2024-12-04T16:40:49.501+0700][8,649s][info   ][gc,marking  ] GC(725) Concurrent Preclean 0,078ms
[2024-12-04T16:40:49.501+0700][8,649s][info   ][gc,start    ] GC(725) Pause Remark
[2024-12-04T16:40:49.503+0700][8,652s][info   ][gc          ] GC(725) Pause Remark 1357M->1357M(2048M) 2,804ms
[2024-12-04T16:40:49.503+0700][8,652s][info   ][gc,cpu      ] GC(725) User=0,01s Sys=0,00s Real=0,01s
[2024-12-04T16:40:49.504+0700][8,652s][info   ][gc,marking  ] GC(725) Concurrent Mark 8,539ms
[2024-12-04T16:40:49.504+0700][8,653s][info   ][gc,marking  ] GC(725) Concurrent Rebuild Remembered Sets
[2024-12-04T16:40:49.506+0700][8,655s][info   ][gc,marking  ] GC(725) Concurrent Rebuild Remembered Sets 2,288ms
[2024-12-04T16:40:49.506+0700][8,655s][info   ][gc,start    ] GC(725) Pause Cleanup
[2024-12-04T16:40:49.506+0700][8,655s][info   ][gc          ] GC(725) Pause Cleanup 1358M->1358M(2048M) 0,446ms
[2024-12-04T16:40:49.506+0700][8,655s][info   ][gc,cpu      ] GC(725) User=0,00s Sys=0,00s Real=0,00s
[2024-12-04T16:40:49.507+0700][8,655s][info   ][gc,marking  ] GC(725) Concurrent Cleanup for Next Mark
[2024-12-04T16:40:49.511+0700][8,660s][info   ][gc,marking  ] GC(725) Concurrent Cleanup for Next Mark 4,855ms
[2024-12-04T16:40:49.511+0700][8,660s][info   ][gc          ] GC(725) Concurrent Mark Cycle 16,451ms
[2024-12-04T16:40:49.516+0700][8,665s][info   ][gc,start    ] GC(726) Pause Young (Concurrent Start) (G1 Humongous Allocation)
[2024-12-04T16:40:49.516+0700][8,665s][info   ][gc,task     ] GC(726) Using 8 workers of 8 for evacuation
[2024-12-04T16:40:49.520+0700][8,668s][info   ][gc,phases   ] GC(726)   Pre Evacuate Collection Set: 0,9ms
[2024-12-04T16:40:49.520+0700][8,669s][info   ][gc,phases   ] GC(726)   Merge Heap Roots: 1,0ms
[2024-12-04T16:40:49.520+0700][8,669s][info   ][gc,phases   ] GC(726)   Evacuate Collection Set: 1,3ms
[2024-12-04T16:40:49.520+0700][8,669s][info   ][gc,phases   ] GC(726)   Post Evacuate Collection Set: 0,2ms
[2024-12-04T16:40:49.520+0700][8,669s][info   ][gc,phases   ] GC(726)   Other: 0,4ms
[2024-12-04T16:40:49.520+0700][8,669s][info   ][gc,heap     ] GC(726) Eden regions: 1->0(480)
[2024-12-04T16:40:49.520+0700][8,669s][info   ][gc,heap     ] GC(726) Survivor regions: 1->1(61)
[2024-12-04T16:40:49.520+0700][8,669s][info   ][gc,heap     ] GC(726) Old regions: 3->3
[2024-12-04T16:40:49.520+0700][8,669s][info   ][gc,heap     ] GC(726) Archive regions: 2->2
[2024-12-04T16:40:49.520+0700][8,669s][info   ][gc,heap     ] GC(726) Humongous regions: 1356->1356
[2024-12-04T16:40:49.520+0700][8,669s][info   ][gc,metaspace] GC(726) Metaspace: 5832K(6080K)->5832K(6080K) NonClass: 5167K(5312K)->5167K(5312K) Class: 664K(768K)->664K(768K)
[2024-12-04T16:40:49.520+0700][8,669s][info   ][gc          ] GC(726) Pause Young (Concurrent Start) (G1 Humongous Allocation) 1359M->1359M(2048M) 3,935ms
[2024-12-04T16:40:49.520+0700][8,669s][info   ][gc,cpu      ] GC(726) User=0,00s Sys=0,00s Real=0,00s
[2024-12-04T16:40:49.520+0700][8,669s][info   ][gc          ] GC(727) Concurrent Mark Cycle
[2024-12-04T16:40:49.520+0700][8,669s][info   ][gc,marking  ] GC(727) Concurrent Clear Claimed Marks
[2024-12-04T16:40:49.520+0700][8,669s][info   ][gc,marking  ] GC(727) Concurrent Clear Claimed Marks 0,032ms
[2024-12-04T16:40:49.520+0700][8,669s][info   ][gc,marking  ] GC(727) Concurrent Scan Root Regions
[2024-12-04T16:40:49.521+0700][8,669s][info   ][gc,marking  ] GC(727) Concurrent Scan Root Regions 0,137ms
[2024-12-04T16:40:49.521+0700][8,670s][info   ][gc,marking  ] GC(727) Concurrent Mark
[2024-12-04T16:40:49.521+0700][8,670s][info   ][gc,marking  ] GC(727) Concurrent Mark From Roots
[2024-12-04T16:40:49.521+0700][8,670s][info   ][gc,task     ] GC(727) Using 2 workers of 2 for marking
[2024-12-04T16:40:49.529+0700][8,678s][info   ][gc,marking  ] GC(727) Concurrent Mark From Roots 8,316ms
[2024-12-04T16:40:49.529+0700][8,678s][info   ][gc,marking  ] GC(727) Concurrent Preclean
[2024-12-04T16:40:49.529+0700][8,678s][info   ][gc,marking  ] GC(727) Concurrent Preclean 0,111ms
[2024-12-04T16:40:49.529+0700][8,678s][info   ][gc,start    ] GC(727) Pause Remark
[2024-12-04T16:40:49.534+0700][8,683s][info   ][gc          ] GC(727) Pause Remark 1361M->1361M(2048M) 4,900ms
[2024-12-04T16:40:49.534+0700][8,683s][info   ][gc,cpu      ] GC(727) User=0,01s Sys=0,00s Real=0,01s
[2024-12-04T16:40:49.534+0700][8,683s][info   ][gc,marking  ] GC(727) Concurrent Mark 13,733ms
[2024-12-04T16:40:49.534+0700][8,683s][info   ][gc,marking  ] GC(727) Concurrent Rebuild Remembered Sets
[2024-12-04T16:40:49.537+0700][8,686s][info   ][gc,marking  ] GC(727) Concurrent Rebuild Remembered Sets 2,747ms
[2024-12-04T16:40:49.537+0700][8,686s][info   ][gc,start    ] GC(727) Pause Cleanup
[2024-12-04T16:40:49.538+0700][8,687s][info   ][gc          ] GC(727) Pause Cleanup 1362M->1362M(2048M) 0,426ms
[2024-12-04T16:40:49.538+0700][8,687s][info   ][gc,cpu      ] GC(727) User=0,00s Sys=0,00s Real=0,00s
[2024-12-04T16:40:49.538+0700][8,687s][info   ][gc,marking  ] GC(727) Concurrent Cleanup for Next Mark
[2024-12-04T16:40:49.542+0700][8,691s][info   ][gc,marking  ] GC(727) Concurrent Cleanup for Next Mark 4,141ms
[2024-12-04T16:40:49.542+0700][8,691s][info   ][gc          ] GC(727) Concurrent Mark Cycle 21,621ms
[2024-12-04T16:40:49.542+0700][8,691s][info   ][gc,start    ] GC(728) Pause Young (Concurrent Start) (G1 Humongous Allocation)
[2024-12-04T16:40:49.542+0700][8,691s][info   ][gc,task     ] GC(728) Using 8 workers of 8 for evacuation
[2024-12-04T16:40:49.544+0700][8,693s][info   ][gc,phases   ] GC(728)   Pre Evacuate Collection Set: 0,4ms
[2024-12-04T16:40:49.544+0700][8,693s][info   ][gc,phases   ] GC(728)   Merge Heap Roots: 0,4ms
[2024-12-04T16:40:49.544+0700][8,693s][info   ][gc,phases   ] GC(728)   Evacuate Collection Set: 0,7ms
[2024-12-04T16:40:49.544+0700][8,693s][info   ][gc,phases   ] GC(728)   Post Evacuate Collection Set: 0,3ms
[2024-12-04T16:40:49.544+0700][8,693s][info   ][gc,phases   ] GC(728)   Other: 0,3ms
[2024-12-04T16:40:49.544+0700][8,693s][info   ][gc,heap     ] GC(728) Eden regions: 1->0(477)
[2024-12-04T16:40:49.544+0700][8,693s][info   ][gc,heap     ] GC(728) Survivor regions: 1->1(61)
[2024-12-04T16:40:49.544+0700][8,693s][info   ][gc,heap     ] GC(728) Old regions: 3->3
[2024-12-04T16:40:49.544+0700][8,693s][info   ][gc,heap     ] GC(728) Archive regions: 2->2
[2024-12-04T16:40:49.544+0700][8,693s][info   ][gc,heap     ] GC(728) Humongous regions: 1359->1359
[2024-12-04T16:40:49.544+0700][8,693s][info   ][gc,metaspace] GC(728) Metaspace: 5832K(6080K)->5832K(6080K) NonClass: 5167K(5312K)->5167K(5312K) Class: 664K(768K)->664K(768K)
[2024-12-04T16:40:49.544+0700][8,693s][info   ][gc          ] GC(728) Pause Young (Concurrent Start) (G1 Humongous Allocation) 1362M->1362M(2048M) 2,135ms
[2024-12-04T16:40:49.544+0700][8,693s][info   ][gc,cpu      ] GC(728) User=0,00s Sys=0,00s Real=0,01s
[2024-12-04T16:40:49.545+0700][8,693s][info   ][gc          ] GC(729) Concurrent Mark Cycle
[2024-12-04T16:40:49.545+0700][8,693s][info   ][gc,marking  ] GC(729) Concurrent Clear Claimed Marks
[2024-12-04T16:40:49.545+0700][8,693s][info   ][gc,marking  ] GC(729) Concurrent Clear Claimed Marks 0,026ms
[2024-12-04T16:40:49.545+0700][8,693s][info   ][gc,marking  ] GC(729) Concurrent Scan Root Regions
[2024-12-04T16:40:49.545+0700][8,694s][info   ][gc,marking  ] GC(729) Concurrent Scan Root Regions 0,093ms
[2024-12-04T16:40:49.545+0700][8,694s][info   ][gc,marking  ] GC(729) Concurrent Mark
[2024-12-04T16:40:49.545+0700][8,694s][info   ][gc,marking  ] GC(729) Concurrent Mark From Roots
[2024-12-04T16:40:49.545+0700][8,694s][info   ][gc,task     ] GC(729) Using 2 workers of 2 for marking
[2024-12-04T16:40:49.549+0700][8,698s][info   ][gc,marking  ] GC(729) Concurrent Mark From Roots 4,384ms
[2024-12-04T16:40:49.549+0700][8,698s][info   ][gc,marking  ] GC(729) Concurrent Preclean
[2024-12-04T16:40:49.549+0700][8,698s][info   ][gc,marking  ] GC(729) Concurrent Preclean 0,104ms
[2024-12-04T16:40:49.549+0700][8,698s][info   ][gc,start    ] GC(729) Pause Remark
[2024-12-04T16:40:49.550+0700][8,699s][info   ][gc          ] GC(729) Pause Remark 1363M->1363M(2048M) 0,983ms
[2024-12-04T16:40:49.550+0700][8,699s][info   ][gc,cpu      ] GC(729) User=0,00s Sys=0,00s Real=0,00s
[2024-12-04T16:40:49.550+0700][8,699s][info   ][gc,marking  ] GC(729) Concurrent Mark 5,802ms
[2024-12-04T16:40:49.550+0700][8,699s][info   ][gc,marking  ] GC(729) Concurrent Rebuild Remembered Sets
[2024-12-04T16:40:49.554+0700][8,703s][info   ][gc,marking  ] GC(729) Concurrent Rebuild Remembered Sets 3,742ms
[2024-12-04T16:40:49.554+0700][8,703s][info   ][gc,start    ] GC(729) Pause Cleanup
[2024-12-04T16:40:49.555+0700][8,704s][info   ][gc          ] GC(729) Pause Cleanup 1364M->1364M(2048M) 0,330ms
[2024-12-04T16:40:49.555+0700][8,704s][info   ][gc,cpu      ] GC(729) User=0,00s Sys=0,00s Real=0,00s
[2024-12-04T16:40:49.555+0700][8,704s][info   ][gc,marking  ] GC(729) Concurrent Cleanup for Next Mark
[2024-12-04T16:40:49.559+0700][8,707s][info   ][gc,marking  ] GC(729) Concurrent Cleanup for Next Mark 3,862ms
[2024-12-04T16:40:49.559+0700][8,708s][info   ][gc          ] GC(729) Concurrent Mark Cycle 14,158ms
[2024-12-04T16:40:49.563+0700][8,712s][info   ][gc,start    ] GC(730) Pause Young (Concurrent Start) (G1 Humongous Allocation)
[2024-12-04T16:40:49.563+0700][8,712s][info   ][gc,task     ] GC(730) Using 8 workers of 8 for evacuation
[2024-12-04T16:40:49.565+0700][8,714s][info   ][gc,phases   ] GC(730)   Pre Evacuate Collection Set: 0,5ms
[2024-12-04T16:40:49.565+0700][8,714s][info   ][gc,phases   ] GC(730)   Merge Heap Roots: 0,4ms
[2024-12-04T16:40:49.565+0700][8,714s][info   ][gc,phases   ] GC(730)   Evacuate Collection Set: 0,5ms
[2024-12-04T16:40:49.565+0700][8,714s][info   ][gc,phases   ] GC(730)   Post Evacuate Collection Set: 0,2ms
[2024-12-04T16:40:49.565+0700][8,714s][info   ][gc,phases   ] GC(730)   Other: 0,3ms
[2024-12-04T16:40:49.565+0700][8,714s][info   ][gc,heap     ] GC(730) Eden regions: 1->0(474)
[2024-12-04T16:40:49.565+0700][8,714s][info   ][gc,heap     ] GC(730) Survivor regions: 1->1(60)
[2024-12-04T16:40:49.565+0700][8,714s][info   ][gc,heap     ] GC(730) Old regions: 3->3
[2024-12-04T16:40:49.565+0700][8,714s][info   ][gc,heap     ] GC(730) Archive regions: 2->2
[2024-12-04T16:40:49.565+0700][8,714s][info   ][gc,heap     ] GC(730) Humongous regions: 1362->1362
[2024-12-04T16:40:49.565+0700][8,714s][info   ][gc,metaspace] GC(730) Metaspace: 5832K(6080K)->5832K(6080K) NonClass: 5167K(5312K)->5167K(5312K) Class: 664K(768K)->664K(768K)
[2024-12-04T16:40:49.565+0700][8,714s][info   ][gc          ] GC(730) Pause Young (Concurrent Start) (G1 Humongous Allocation) 1365M->1365M(2048M) 2,153ms
[2024-12-04T16:40:49.565+0700][8,714s][info   ][gc,cpu      ] GC(730) User=0,00s Sys=0,00s Real=0,00s
[2024-12-04T16:40:49.565+0700][8,714s][info   ][gc          ] GC(731) Concurrent Mark Cycle
[2024-12-04T16:40:49.565+0700][8,714s][info   ][gc,marking  ] GC(731) Concurrent Clear Claimed Marks
[2024-12-04T16:40:49.565+0700][8,714s][info   ][gc,marking  ] GC(731) Concurrent Clear Claimed Marks 0,018ms
[2024-12-04T16:40:49.565+0700][8,714s][info   ][gc,marking  ] GC(731) Concurrent Scan Root Regions
[2024-12-04T16:40:49.566+0700][8,714s][info   ][gc,marking  ] GC(731) Concurrent Scan Root Regions 0,072ms
[2024-12-04T16:40:49.566+0700][8,714s][info   ][gc,marking  ] GC(731) Concurrent Mark
[2024-12-04T16:40:49.566+0700][8,714s][info   ][gc,marking  ] GC(731) Concurrent Mark From Roots
[2024-12-04T16:40:49.566+0700][8,714s][info   ][gc,task     ] GC(731) Using 2 workers of 2 for marking
[2024-12-04T16:40:49.570+0700][8,719s][info   ][gc,marking  ] GC(731) Concurrent Mark From Roots 4,566ms
[2024-12-04T16:40:49.570+0700][8,719s][info   ][gc,marking  ] GC(731) Concurrent Preclean
[2024-12-04T16:40:49.570+0700][8,719s][info   ][gc,marking  ] GC(731) Concurrent Preclean 0,065ms
[2024-12-04T16:40:49.570+0700][8,719s][info   ][gc,start    ] GC(731) Pause Remark
[2024-12-04T16:40:49.574+0700][8,723s][info   ][gc          ] GC(731) Pause Remark 1366M->1366M(2048M) 4,001ms
[2024-12-04T16:40:49.574+0700][8,723s][info   ][gc,cpu      ] GC(731) User=0,00s Sys=0,00s Real=0,01s
[2024-12-04T16:40:49.574+0700][8,723s][info   ][gc,marking  ] GC(731) Concurrent Mark 8,924ms
[2024-12-04T16:40:49.574+0700][8,723s][info   ][gc,marking  ] GC(731) Concurrent Rebuild Remembered Sets
[2024-12-04T16:40:49.579+0700][8,728s][info   ][gc,marking  ] GC(731) Concurrent Rebuild Remembered Sets 4,695ms
[2024-12-04T16:40:49.579+0700][8,728s][info   ][gc,start    ] GC(731) Pause Cleanup
[2024-12-04T16:40:49.580+0700][8,729s][info   ][gc          ] GC(731) Pause Cleanup 1367M->1367M(2048M) 0,500ms
[2024-12-04T16:40:49.580+0700][8,729s][info   ][gc,cpu      ] GC(731) User=0,00s Sys=0,00s Real=0,00s
[2024-12-04T16:40:49.580+0700][8,729s][info   ][gc,marking  ] GC(731) Concurrent Cleanup for Next Mark
[2024-12-04T16:40:49.586+0700][8,735s][info   ][gc,marking  ] GC(731) Concurrent Cleanup for Next Mark 6,255ms
[2024-12-04T16:40:49.586+0700][8,735s][info   ][gc          ] GC(731) Concurrent Mark Cycle 20,887ms
[2024-12-04T16:40:49.590+0700][8,739s][info   ][gc,start    ] GC(732) Pause Young (Concurrent Start) (G1 Humongous Allocation)
[2024-12-04T16:40:49.590+0700][8,739s][info   ][gc,task     ] GC(732) Using 8 workers of 8 for evacuation
[2024-12-04T16:40:49.591+0700][8,740s][info   ][gc,phases   ] GC(732)   Pre Evacuate Collection Set: 0,7ms
[2024-12-04T16:40:49.592+0700][8,740s][info   ][gc,phases   ] GC(732)   Merge Heap Roots: 0,4ms
[2024-12-04T16:40:49.592+0700][8,740s][info   ][gc,phases   ] GC(732)   Evacuate Collection Set: 0,4ms
[2024-12-04T16:40:49.592+0700][8,740s][info   ][gc,phases   ] GC(732)   Post Evacuate Collection Set: 0,1ms
[2024-12-04T16:40:49.592+0700][8,740s][info   ][gc,phases   ] GC(732)   Other: 0,3ms
[2024-12-04T16:40:49.592+0700][8,740s][info   ][gc,heap     ] GC(732) Eden regions: 1->0(471)
[2024-12-04T16:40:49.592+0700][8,740s][info   ][gc,heap     ] GC(732) Survivor regions: 1->1(60)
[2024-12-04T16:40:49.592+0700][8,740s][info   ][gc,heap     ] GC(732) Old regions: 3->3
[2024-12-04T16:40:49.592+0700][8,740s][info   ][gc,heap     ] GC(732) Archive regions: 2->2
[2024-12-04T16:40:49.592+0700][8,740s][info   ][gc,heap     ] GC(732) Humongous regions: 1365->1365
[2024-12-04T16:40:49.592+0700][8,740s][info   ][gc,metaspace] GC(732) Metaspace: 5832K(6080K)->5832K(6080K) NonClass: 5167K(5312K)->5167K(5312K) Class: 664K(768K)->664K(768K)
[2024-12-04T16:40:49.592+0700][8,740s][info   ][gc          ] GC(732) Pause Young (Concurrent Start) (G1 Humongous Allocation) 1368M->1368M(2048M) 1,880ms
[2024-12-04T16:40:49.592+0700][8,741s][info   ][gc,cpu      ] GC(732) User=0,00s Sys=0,00s Real=0,00s
[2024-12-04T16:40:49.592+0700][8,741s][info   ][gc          ] GC(733) Concurrent Mark Cycle
[2024-12-04T16:40:49.592+0700][8,741s][info   ][gc,marking  ] GC(733) Concurrent Clear Claimed Marks
[2024-12-04T16:40:49.592+0700][8,741s][info   ][gc,marking  ] GC(733) Concurrent Clear Claimed Marks 0,017ms
[2024-12-04T16:40:49.592+0700][8,741s][info   ][gc,marking  ] GC(733) Concurrent Scan Root Regions
[2024-12-04T16:40:49.592+0700][8,741s][info   ][gc,marking  ] GC(733) Concurrent Scan Root Regions 0,093ms
[2024-12-04T16:40:49.592+0700][8,741s][info   ][gc,marking  ] GC(733) Concurrent Mark
[2024-12-04T16:40:49.592+0700][8,741s][info   ][gc,marking  ] GC(733) Concurrent Mark From Roots
[2024-12-04T16:40:49.592+0700][8,741s][info   ][gc,task     ] GC(733) Using 2 workers of 2 for marking
[2024-12-04T16:40:49.596+0700][8,745s][info   ][gc,marking  ] GC(733) Concurrent Mark From Roots 4,473ms
[2024-12-04T16:40:49.596+0700][8,745s][info   ][gc,marking  ] GC(733) Concurrent Preclean
[2024-12-04T16:40:49.596+0700][8,745s][info   ][gc,marking  ] GC(733) Concurrent Preclean 0,054ms
[2024-12-04T16:40:49.596+0700][8,745s][info   ][gc,start    ] GC(733) Pause Remark
[2024-12-04T16:40:49.598+0700][8,746s][info   ][gc          ] GC(733) Pause Remark 1369M->1369M(2048M) 1,084ms
[2024-12-04T16:40:49.598+0700][8,746s][info   ][gc,cpu      ] GC(733) User=0,00s Sys=0,00s Real=0,00s
[2024-12-04T16:40:49.598+0700][8,746s][info   ][gc,marking  ] GC(733) Concurrent Mark 5,772ms
[2024-12-04T16:40:49.598+0700][8,746s][info   ][gc,marking  ] GC(733) Concurrent Rebuild Remembered Sets
[2024-12-04T16:40:49.599+0700][8,748s][info   ][gc,marking  ] GC(733) Concurrent Rebuild Remembered Sets 1,890ms
[2024-12-04T16:40:49.600+0700][8,748s][info   ][gc,start    ] GC(733) Pause Cleanup
[2024-12-04T16:40:49.600+0700][8,749s][info   ][gc          ] GC(733) Pause Cleanup 1370M->1370M(2048M) 0,258ms
[2024-12-04T16:40:49.600+0700][8,749s][info   ][gc,cpu      ] GC(733) User=0,00s Sys=0,00s Real=0,00s
[2024-12-04T16:40:49.600+0700][8,749s][info   ][gc,marking  ] GC(733) Concurrent Cleanup for Next Mark
[2024-12-04T16:40:49.604+0700][8,753s][info   ][gc,marking  ] GC(733) Concurrent Cleanup for Next Mark 3,951ms
[2024-12-04T16:40:49.604+0700][8,753s][info   ][gc          ] GC(733) Concurrent Mark Cycle 12,241ms
[2024-12-04T16:40:49.609+0700][8,758s][info   ][gc,start    ] GC(734) Pause Young (Concurrent Start) (G1 Humongous Allocation)
[2024-12-04T16:40:49.609+0700][8,758s][info   ][gc,task     ] GC(734) Using 8 workers of 8 for evacuation
[2024-12-04T16:40:49.611+0700][8,760s][info   ][gc,phases   ] GC(734)   Pre Evacuate Collection Set: 0,4ms
[2024-12-04T16:40:49.611+0700][8,760s][info   ][gc,phases   ] GC(734)   Merge Heap Roots: 0,4ms
[2024-12-04T16:40:49.611+0700][8,760s][info   ][gc,phases   ] GC(734)   Evacuate Collection Set: 0,6ms
[2024-12-04T16:40:49.611+0700][8,760s][info   ][gc,phases   ] GC(734)   Post Evacuate Collection Set: 0,2ms
[2024-12-04T16:40:49.611+0700][8,760s][info   ][gc,phases   ] GC(734)   Other: 0,3ms
[2024-12-04T16:40:49.611+0700][8,760s][info   ][gc,heap     ] GC(734) Eden regions: 1->0(468)
[2024-12-04T16:40:49.611+0700][8,760s][info   ][gc,heap     ] GC(734) Survivor regions: 1->1(59)
[2024-12-04T16:40:49.611+0700][8,760s][info   ][gc,heap     ] GC(734) Old regions: 3->3
[2024-12-04T16:40:49.611+0700][8,760s][info   ][gc,heap     ] GC(734) Archive regions: 2->2
[2024-12-04T16:40:49.611+0700][8,760s][info   ][gc,heap     ] GC(734) Humongous regions: 1368->1368
[2024-12-04T16:40:49.611+0700][8,760s][info   ][gc,metaspace] GC(734) Metaspace: 5832K(6080K)->5832K(6080K) NonClass: 5167K(5312K)->5167K(5312K) Class: 664K(768K)->664K(768K)
[2024-12-04T16:40:49.611+0700][8,760s][info   ][gc          ] GC(734) Pause Young (Concurrent Start) (G1 Humongous Allocation) 1371M->1371M(2048M) 1,934ms
[2024-12-04T16:40:49.611+0700][8,760s][info   ][gc,cpu      ] GC(734) User=0,01s Sys=0,00s Real=0,00s
[2024-12-04T16:40:49.611+0700][8,760s][info   ][gc          ] GC(735) Concurrent Mark Cycle
[2024-12-04T16:40:49.611+0700][8,760s][info   ][gc,marking  ] GC(735) Concurrent Clear Claimed Marks
[2024-12-04T16:40:49.611+0700][8,760s][info   ][gc,marking  ] GC(735) Concurrent Clear Claimed Marks 0,014ms
[2024-12-04T16:40:49.611+0700][8,760s][info   ][gc,marking  ] GC(735) Concurrent Scan Root Regions
[2024-12-04T16:40:49.611+0700][8,760s][info   ][gc,marking  ] GC(735) Concurrent Scan Root Regions 0,063ms
[2024-12-04T16:40:49.611+0700][8,760s][info   ][gc,marking  ] GC(735) Concurrent Mark
[2024-12-04T16:40:49.611+0700][8,760s][info   ][gc,marking  ] GC(735) Concurrent Mark From Roots
[2024-12-04T16:40:49.611+0700][8,760s][info   ][gc,task     ] GC(735) Using 2 workers of 2 for marking
[2024-12-04T16:40:49.615+0700][8,764s][info   ][gc,marking  ] GC(735) Concurrent Mark From Roots 4,028ms
[2024-12-04T16:40:49.615+0700][8,764s][info   ][gc,marking  ] GC(735) Concurrent Preclean
[2024-12-04T16:40:49.615+0700][8,764s][info   ][gc,marking  ] GC(735) Concurrent Preclean 0,058ms
[2024-12-04T16:40:49.615+0700][8,764s][info   ][gc,start    ] GC(735) Pause Remark
[2024-12-04T16:40:49.616+0700][8,765s][info   ][gc          ] GC(735) Pause Remark 1372M->1372M(2048M) 1,006ms
[2024-12-04T16:40:49.616+0700][8,765s][info   ][gc,cpu      ] GC(735) User=0,00s Sys=0,00s Real=0,00s
[2024-12-04T16:40:49.616+0700][8,765s][info   ][gc,marking  ] GC(735) Concurrent Mark 5,232ms
[2024-12-04T16:40:49.617+0700][8,765s][info   ][gc,marking  ] GC(735) Concurrent Rebuild Remembered Sets
[2024-12-04T16:40:49.621+0700][8,770s][info   ][gc,marking  ] GC(735) Concurrent Rebuild Remembered Sets 4,587ms
[2024-12-04T16:40:49.621+0700][8,770s][info   ][gc,start    ] GC(735) Pause Cleanup
[2024-12-04T16:40:49.622+0700][8,771s][info   ][gc          ] GC(735) Pause Cleanup 1373M->1373M(2048M) 0,393ms
[2024-12-04T16:40:49.622+0700][8,771s][info   ][gc,cpu      ] GC(735) User=0,00s Sys=0,00s Real=0,00s
[2024-12-04T16:40:49.622+0700][8,771s][info   ][gc,marking  ] GC(735) Concurrent Cleanup for Next Mark
[2024-12-04T16:40:49.625+0700][8,774s][info   ][gc,marking  ] GC(735) Concurrent Cleanup for Next Mark 3,611ms
[2024-12-04T16:40:49.625+0700][8,774s][info   ][gc          ] GC(735) Concurrent Mark Cycle 14,213ms
[2024-12-04T16:40:49.631+0700][8,780s][info   ][gc,start    ] GC(736) Pause Young (Concurrent Start) (G1 Humongous Allocation)
[2024-12-04T16:40:49.631+0700][8,780s][info   ][gc,task     ] GC(736) Using 8 workers of 8 for evacuation
[2024-12-04T16:40:49.633+0700][8,782s][info   ][gc,phases   ] GC(736)   Pre Evacuate Collection Set: 0,6ms
[2024-12-04T16:40:49.633+0700][8,782s][info   ][gc,phases   ] GC(736)   Merge Heap Roots: 0,5ms
[2024-12-04T16:40:49.633+0700][8,782s][info   ][gc,phases   ] GC(736)   Evacuate Collection Set: 0,8ms
[2024-12-04T16:40:49.633+0700][8,782s][info   ][gc,phases   ] GC(736)   Post Evacuate Collection Set: 0,2ms
[2024-12-04T16:40:49.633+0700][8,782s][info   ][gc,phases   ] GC(736)   Other: 0,3ms
[2024-12-04T16:40:49.633+0700][8,782s][info   ][gc,heap     ] GC(736) Eden regions: 1->0(465)
[2024-12-04T16:40:49.633+0700][8,782s][info   ][gc,heap     ] GC(736) Survivor regions: 1->1(59)
[2024-12-04T16:40:49.633+0700][8,782s][info   ][gc,heap     ] GC(736) Old regions: 3->3
[2024-12-04T16:40:49.633+0700][8,782s][info   ][gc,heap     ] GC(736) Archive regions: 2->2
[2024-12-04T16:40:49.633+0700][8,782s][info   ][gc,heap     ] GC(736) Humongous regions: 1371->1371
[2024-12-04T16:40:49.633+0700][8,782s][info   ][gc,metaspace] GC(736) Metaspace: 5832K(6080K)->5832K(6080K) NonClass: 5167K(5312K)->5167K(5312K) Class: 664K(768K)->664K(768K)
[2024-12-04T16:40:49.633+0700][8,782s][info   ][gc          ] GC(736) Pause Young (Concurrent Start) (G1 Humongous Allocation) 1374M->1374M(2048M) 2,340ms
[2024-12-04T16:40:49.633+0700][8,782s][info   ][gc,cpu      ] GC(736) User=0,01s Sys=0,00s Real=0,01s
[2024-12-04T16:40:49.633+0700][8,782s][info   ][gc          ] GC(737) Concurrent Mark Cycle
[2024-12-04T16:40:49.633+0700][8,782s][info   ][gc,marking  ] GC(737) Concurrent Clear Claimed Marks
[2024-12-04T16:40:49.633+0700][8,782s][info   ][gc,marking  ] GC(737) Concurrent Clear Claimed Marks 0,017ms
[2024-12-04T16:40:49.633+0700][8,782s][info   ][gc,marking  ] GC(737) Concurrent Scan Root Regions
[2024-12-04T16:40:49.634+0700][8,783s][info   ][gc,marking  ] GC(737) Concurrent Scan Root Regions 0,704ms
[2024-12-04T16:40:49.634+0700][8,783s][info   ][gc,marking  ] GC(737) Concurrent Mark
[2024-12-04T16:40:49.634+0700][8,783s][info   ][gc,marking  ] GC(737) Concurrent Mark From Roots
[2024-12-04T16:40:49.634+0700][8,783s][info   ][gc,task     ] GC(737) Using 2 workers of 2 for marking
[2024-12-04T16:40:49.638+0700][8,787s][info   ][gc,marking  ] GC(737) Concurrent Mark From Roots 3,616ms
[2024-12-04T16:40:49.638+0700][8,787s][info   ][gc,marking  ] GC(737) Concurrent Preclean
[2024-12-04T16:40:49.638+0700][8,787s][info   ][gc,marking  ] GC(737) Concurrent Preclean 0,050ms
[2024-12-04T16:40:49.638+0700][8,787s][info   ][gc,start    ] GC(737) Pause Remark
[2024-12-04T16:40:49.639+0700][8,788s][info   ][gc          ] GC(737) Pause Remark 1375M->1375M(2048M) 0,834ms
[2024-12-04T16:40:49.639+0700][8,788s][info   ][gc,cpu      ] GC(737) User=0,01s Sys=0,00s Real=0,00s
[2024-12-04T16:40:49.639+0700][8,788s][info   ][gc,marking  ] GC(737) Concurrent Mark 4,627ms
[2024-12-04T16:40:49.639+0700][8,788s][info   ][gc,marking  ] GC(737) Concurrent Rebuild Remembered Sets
[2024-12-04T16:40:49.641+0700][8,790s][info   ][gc,marking  ] GC(737) Concurrent Rebuild Remembered Sets 1,988ms
[2024-12-04T16:40:49.641+0700][8,790s][info   ][gc,start    ] GC(737) Pause Cleanup
[2024-12-04T16:40:49.641+0700][8,790s][info   ][gc          ] GC(737) Pause Cleanup 1376M->1376M(2048M) 0,273ms
[2024-12-04T16:40:49.641+0700][8,790s][info   ][gc,cpu      ] GC(737) User=0,00s Sys=0,00s Real=0,00s
[2024-12-04T16:40:49.641+0700][8,790s][info   ][gc,marking  ] GC(737) Concurrent Cleanup for Next Mark
[2024-12-04T16:40:49.646+0700][8,795s][info   ][gc,marking  ] GC(737) Concurrent Cleanup for Next Mark 5,024ms
[2024-12-04T16:40:49.646+0700][8,795s][info   ][gc          ] GC(737) Concurrent Mark Cycle 12,911ms
[2024-12-04T16:40:49.651+0700][8,800s][info   ][gc,start    ] GC(738) Pause Young (Concurrent Start) (G1 Humongous Allocation)
[2024-12-04T16:40:49.651+0700][8,800s][info   ][gc,task     ] GC(738) Using 8 workers of 8 for evacuation
[2024-12-04T16:40:49.652+0700][8,801s][info   ][gc,phases   ] GC(738)   Pre Evacuate Collection Set: 0,4ms
[2024-12-04T16:40:49.653+0700][8,801s][info   ][gc,phases   ] GC(738)   Merge Heap Roots: 0,3ms
[2024-12-04T16:40:49.653+0700][8,801s][info   ][gc,phases   ] GC(738)   Evacuate Collection Set: 0,3ms
[2024-12-04T16:40:49.653+0700][8,801s][info   ][gc,phases   ] GC(738)   Post Evacuate Collection Set: 0,2ms
[2024-12-04T16:40:49.653+0700][8,801s][info   ][gc,phases   ] GC(738)   Other: 0,2ms
[2024-12-04T16:40:49.653+0700][8,801s][info   ][gc,heap     ] GC(738) Eden regions: 1->0(462)
[2024-12-04T16:40:49.653+0700][8,801s][info   ][gc,heap     ] GC(738) Survivor regions: 1->1(59)
[2024-12-04T16:40:49.653+0700][8,801s][info   ][gc,heap     ] GC(738) Old regions: 3->3
[2024-12-04T16:40:49.653+0700][8,801s][info   ][gc,heap     ] GC(738) Archive regions: 2->2
[2024-12-04T16:40:49.653+0700][8,801s][info   ][gc,heap     ] GC(738) Humongous regions: 1374->1374
[2024-12-04T16:40:49.653+0700][8,801s][info   ][gc,metaspace] GC(738) Metaspace: 5832K(6080K)->5832K(6080K) NonClass: 5167K(5312K)->5167K(5312K) Class: 664K(768K)->664K(768K)
[2024-12-04T16:40:49.653+0700][8,801s][info   ][gc          ] GC(738) Pause Young (Concurrent Start) (G1 Humongous Allocation) 1377M->1377M(2048M) 1,427ms
[2024-12-04T16:40:49.653+0700][8,801s][info   ][gc,cpu      ] GC(738) User=0,01s Sys=0,00s Real=0,00s
[2024-12-04T16:40:49.653+0700][8,801s][info   ][gc          ] GC(739) Concurrent Mark Cycle
[2024-12-04T16:40:49.653+0700][8,802s][info   ][gc,marking  ] GC(739) Concurrent Clear Claimed Marks
[2024-12-04T16:40:49.653+0700][8,802s][info   ][gc,marking  ] GC(739) Concurrent Clear Claimed Marks 0,011ms
[2024-12-04T16:40:49.653+0700][8,802s][info   ][gc,marking  ] GC(739) Concurrent Scan Root Regions
[2024-12-04T16:40:49.653+0700][8,802s][info   ][gc,marking  ] GC(739) Concurrent Scan Root Regions 0,094ms
[2024-12-04T16:40:49.653+0700][8,802s][info   ][gc,marking  ] GC(739) Concurrent Mark
[2024-12-04T16:40:49.653+0700][8,802s][info   ][gc,marking  ] GC(739) Concurrent Mark From Roots
[2024-12-04T16:40:49.653+0700][8,802s][info   ][gc,task     ] GC(739) Using 2 workers of 2 for marking
[2024-12-04T16:40:49.657+0700][8,806s][info   ][gc,marking  ] GC(739) Concurrent Mark From Roots 4,073ms
[2024-12-04T16:40:49.657+0700][8,806s][info   ][gc,marking  ] GC(739) Concurrent Preclean
[2024-12-04T16:40:49.657+0700][8,806s][info   ][gc,marking  ] GC(739) Concurrent Preclean 0,061ms
[2024-12-04T16:40:49.657+0700][8,806s][info   ][gc,start    ] GC(739) Pause Remark
[2024-12-04T16:40:49.658+0700][8,807s][info   ][gc          ] GC(739) Pause Remark 1378M->1378M(2048M) 1,501ms
[2024-12-04T16:40:49.658+0700][8,807s][info   ][gc,cpu      ] GC(739) User=0,01s Sys=0,00s Real=0,00s
[2024-12-04T16:40:49.659+0700][8,807s][info   ][gc,marking  ] GC(739) Concurrent Mark 5,761ms
[2024-12-04T16:40:49.659+0700][8,807s][info   ][gc,marking  ] GC(739) Concurrent Rebuild Remembered Sets
[2024-12-04T16:40:49.661+0700][8,810s][info   ][gc,marking  ] GC(739) Concurrent Rebuild Remembered Sets 2,408ms
[2024-12-04T16:40:49.661+0700][8,810s][info   ][gc,start    ] GC(739) Pause Cleanup
[2024-12-04T16:40:49.661+0700][8,810s][info   ][gc          ] GC(739) Pause Cleanup 1379M->1379M(2048M) 0,321ms
[2024-12-04T16:40:49.661+0700][8,810s][info   ][gc,cpu      ] GC(739) User=0,01s Sys=0,00s Real=0,00s
[2024-12-04T16:40:49.661+0700][8,810s][info   ][gc,marking  ] GC(739) Concurrent Cleanup for Next Mark
[2024-12-04T16:40:49.666+0700][8,815s][info   ][gc,marking  ] GC(739) Concurrent Cleanup for Next Mark 4,793ms
[2024-12-04T16:40:49.666+0700][8,815s][info   ][gc          ] GC(739) Concurrent Mark Cycle 13,633ms
[2024-12-04T16:40:49.667+0700][8,816s][info   ][gc,start    ] GC(740) Pause Young (Concurrent Start) (G1 Humongous Allocation)
[2024-12-04T16:40:49.667+0700][8,816s][info   ][gc,task     ] GC(740) Using 8 workers of 8 for evacuation
[2024-12-04T16:40:49.671+0700][8,820s][info   ][gc,phases   ] GC(740)   Pre Evacuate Collection Set: 0,5ms
[2024-12-04T16:40:49.672+0700][8,820s][info   ][gc,phases   ] GC(740)   Merge Heap Roots: 0,3ms
[2024-12-04T16:40:49.672+0700][8,820s][info   ][gc,phases   ] GC(740)   Evacuate Collection Set: 3,0ms
[2024-12-04T16:40:49.672+0700][8,820s][info   ][gc,phases   ] GC(740)   Post Evacuate Collection Set: 0,2ms
[2024-12-04T16:40:49.672+0700][8,820s][info   ][gc,phases   ] GC(740)   Other: 0,2ms
[2024-12-04T16:40:49.672+0700][8,820s][info   ][gc,heap     ] GC(740) Eden regions: 1->0(460)
[2024-12-04T16:40:49.672+0700][8,820s][info   ][gc,heap     ] GC(740) Survivor regions: 1->1(58)
[2024-12-04T16:40:49.672+0700][8,820s][info   ][gc,heap     ] GC(740) Old regions: 3->3
[2024-12-04T16:40:49.672+0700][8,820s][info   ][gc,heap     ] GC(740) Archive regions: 2->2
[2024-12-04T16:40:49.672+0700][8,820s][info   ][gc,heap     ] GC(740) Humongous regions: 1376->1376
[2024-12-04T16:40:49.672+0700][8,820s][info   ][gc,metaspace] GC(740) Metaspace: 5832K(6080K)->5832K(6080K) NonClass: 5167K(5312K)->5167K(5312K) Class: 664K(768K)->664K(768K)
[2024-12-04T16:40:49.672+0700][8,821s][info   ][gc          ] GC(740) Pause Young (Concurrent Start) (G1 Humongous Allocation) 1379M->1379M(2048M) 4,430ms
[2024-12-04T16:40:49.672+0700][8,821s][info   ][gc,cpu      ] GC(740) User=0,00s Sys=0,00s Real=0,00s
[2024-12-04T16:40:49.672+0700][8,821s][info   ][gc          ] GC(741) Concurrent Mark Cycle
[2024-12-04T16:40:49.672+0700][8,821s][info   ][gc,marking  ] GC(741) Concurrent Clear Claimed Marks
[2024-12-04T16:40:49.672+0700][8,821s][info   ][gc,marking  ] GC(741) Concurrent Clear Claimed Marks 0,033ms
[2024-12-04T16:40:49.672+0700][8,821s][info   ][gc,marking  ] GC(741) Concurrent Scan Root Regions
[2024-12-04T16:40:49.672+0700][8,821s][info   ][gc,marking  ] GC(741) Concurrent Scan Root Regions 0,098ms
[2024-12-04T16:40:49.672+0700][8,821s][info   ][gc,marking  ] GC(741) Concurrent Mark
[2024-12-04T16:40:49.672+0700][8,821s][info   ][gc,marking  ] GC(741) Concurrent Mark From Roots
[2024-12-04T16:40:49.672+0700][8,821s][info   ][gc,task     ] GC(741) Using 2 workers of 2 for marking
[2024-12-04T16:40:49.677+0700][8,826s][info   ][gc,marking  ] GC(741) Concurrent Mark From Roots 4,870ms
[2024-12-04T16:40:49.677+0700][8,826s][info   ][gc,marking  ] GC(741) Concurrent Preclean
[2024-12-04T16:40:49.677+0700][8,826s][info   ][gc,marking  ] GC(741) Concurrent Preclean 0,062ms
[2024-12-04T16:40:49.677+0700][8,826s][info   ][gc,start    ] GC(741) Pause Remark
[2024-12-04T16:40:49.678+0700][8,827s][info   ][gc          ] GC(741) Pause Remark 1380M->1380M(2048M) 1,465ms
[2024-12-04T16:40:49.678+0700][8,827s][info   ][gc,cpu      ] GC(741) User=0,00s Sys=0,00s Real=0,00s
[2024-12-04T16:40:49.678+0700][8,827s][info   ][gc,marking  ] GC(741) Concurrent Mark 6,547ms
[2024-12-04T16:40:49.678+0700][8,827s][info   ][gc,marking  ] GC(741) Concurrent Rebuild Remembered Sets
[2024-12-04T16:40:49.681+0700][8,829s][info   ][gc,marking  ] GC(741) Concurrent Rebuild Remembered Sets 2,095ms
[2024-12-04T16:40:49.681+0700][8,829s][info   ][gc,start    ] GC(741) Pause Cleanup
[2024-12-04T16:40:49.681+0700][8,830s][info   ][gc          ] GC(741) Pause Cleanup 1381M->1381M(2048M) 0,299ms
[2024-12-04T16:40:49.681+0700][8,830s][info   ][gc,cpu      ] GC(741) User=0,00s Sys=0,00s Real=0,00s
[2024-12-04T16:40:49.681+0700][8,830s][info   ][gc,marking  ] GC(741) Concurrent Cleanup for Next Mark
[2024-12-04T16:40:49.686+0700][8,834s][info   ][gc,marking  ] GC(741) Concurrent Cleanup for Next Mark 4,565ms
[2024-12-04T16:40:49.686+0700][8,834s][info   ][gc          ] GC(741) Concurrent Mark Cycle 13,907ms
[2024-12-04T16:40:49.690+0700][8,839s][info   ][gc,start    ] GC(742) Pause Young (Concurrent Start) (G1 Humongous Allocation)
[2024-12-04T16:40:49.690+0700][8,839s][info   ][gc,task     ] GC(742) Using 8 workers of 8 for evacuation
[2024-12-04T16:40:49.692+0700][8,841s][info   ][gc,phases   ] GC(742)   Pre Evacuate Collection Set: 0,4ms
[2024-12-04T16:40:49.692+0700][8,841s][info   ][gc,phases   ] GC(742)   Merge Heap Roots: 0,3ms
[2024-12-04T16:40:49.692+0700][8,841s][info   ][gc,phases   ] GC(742)   Evacuate Collection Set: 0,8ms
[2024-12-04T16:40:49.692+0700][8,841s][info   ][gc,phases   ] GC(742)   Post Evacuate Collection Set: 0,1ms
[2024-12-04T16:40:49.692+0700][8,841s][info   ][gc,phases   ] GC(742)   Other: 0,2ms
[2024-12-04T16:40:49.692+0700][8,841s][info   ][gc,heap     ] GC(742) Eden regions: 1->0(458)
[2024-12-04T16:40:49.692+0700][8,841s][info   ][gc,heap     ] GC(742) Survivor regions: 1->0(58)
[2024-12-04T16:40:49.692+0700][8,841s][info   ][gc,heap     ] GC(742) Old regions: 3->3
[2024-12-04T16:40:49.692+0700][8,841s][info   ][gc,heap     ] GC(742) Archive regions: 2->2
[2024-12-04T16:40:49.692+0700][8,841s][info   ][gc,heap     ] GC(742) Humongous regions: 1379->1379
[2024-12-04T16:40:49.692+0700][8,841s][info   ][gc,metaspace] GC(742) Metaspace: 5832K(6080K)->5832K(6080K) NonClass: 5167K(5312K)->5167K(5312K) Class: 664K(768K)->664K(768K)
[2024-12-04T16:40:49.692+0700][8,841s][info   ][gc          ] GC(742) Pause Young (Concurrent Start) (G1 Humongous Allocation) 1382M->1382M(2048M) 2,047ms
[2024-12-04T16:40:49.692+0700][8,841s][info   ][gc,cpu      ] GC(742) User=0,00s Sys=0,00s Real=0,00s
[2024-12-04T16:40:49.692+0700][8,841s][info   ][gc          ] GC(743) Concurrent Mark Cycle
[2024-12-04T16:40:49.692+0700][8,841s][info   ][gc,marking  ] GC(743) Concurrent Clear Claimed Marks
[2024-12-04T16:40:49.692+0700][8,841s][info   ][gc,marking  ] GC(743) Concurrent Clear Claimed Marks 0,015ms
[2024-12-04T16:40:49.692+0700][8,841s][info   ][gc,marking  ] GC(743) Concurrent Scan Root Regions
[2024-12-04T16:40:49.692+0700][8,841s][info   ][gc,marking  ] GC(743) Concurrent Scan Root Regions 0,090ms
[2024-12-04T16:40:49.692+0700][8,841s][info   ][gc,marking  ] GC(743) Concurrent Mark
[2024-12-04T16:40:49.692+0700][8,841s][info   ][gc,marking  ] GC(743) Concurrent Mark From Roots
[2024-12-04T16:40:49.692+0700][8,841s][info   ][gc,task     ] GC(743) Using 2 workers of 2 for marking
[2024-12-04T16:40:49.697+0700][8,846s][info   ][gc,marking  ] GC(743) Concurrent Mark From Roots 4,397ms
[2024-12-04T16:40:49.697+0700][8,846s][info   ][gc,marking  ] GC(743) Concurrent Preclean
[2024-12-04T16:40:49.697+0700][8,846s][info   ][gc,marking  ] GC(743) Concurrent Preclean 0,069ms
[2024-12-04T16:40:49.697+0700][8,846s][info   ][gc,start    ] GC(743) Pause Remark
[2024-12-04T16:40:49.699+0700][8,848s][info   ][gc          ] GC(743) Pause Remark 1383M->1383M(2048M) 1,779ms
[2024-12-04T16:40:49.699+0700][8,848s][info   ][gc,cpu      ] GC(743) User=0,00s Sys=0,00s Real=0,00s
[2024-12-04T16:40:49.699+0700][8,848s][info   ][gc,marking  ] GC(743) Concurrent Mark 6,508ms
[2024-12-04T16:40:49.699+0700][8,848s][info   ][gc,marking  ] GC(743) Concurrent Rebuild Remembered Sets
[2024-12-04T16:40:49.701+0700][8,850s][info   ][gc,marking  ] GC(743) Concurrent Rebuild Remembered Sets 2,269ms
[2024-12-04T16:40:49.701+0700][8,850s][info   ][gc,start    ] GC(743) Pause Cleanup
[2024-12-04T16:40:49.702+0700][8,851s][info   ][gc          ] GC(743) Pause Cleanup 1384M->1384M(2048M) 0,333ms
[2024-12-04T16:40:49.702+0700][8,851s][info   ][gc,cpu      ] GC(743) User=0,00s Sys=0,00s Real=0,00s
[2024-12-04T16:40:49.702+0700][8,851s][info   ][gc,marking  ] GC(743) Concurrent Cleanup for Next Mark
[2024-12-04T16:40:49.705+0700][8,854s][info   ][gc,marking  ] GC(743) Concurrent Cleanup for Next Mark 3,696ms
[2024-12-04T16:40:49.705+0700][8,854s][info   ][gc          ] GC(743) Concurrent Mark Cycle 13,235ms
[2024-12-04T16:40:49.713+0700][8,862s][info   ][gc,start    ] GC(744) Pause Young (Concurrent Start) (G1 Humongous Allocation)
[2024-12-04T16:40:49.713+0700][8,862s][info   ][gc,task     ] GC(744) Using 8 workers of 8 for evacuation
[2024-12-04T16:40:49.714+0700][8,863s][info   ][gc,phases   ] GC(744)   Pre Evacuate Collection Set: 0,4ms
[2024-12-04T16:40:49.714+0700][8,863s][info   ][gc,phases   ] GC(744)   Merge Heap Roots: 0,4ms
[2024-12-04T16:40:49.714+0700][8,863s][info   ][gc,phases   ] GC(744)   Evacuate Collection Set: 0,4ms
[2024-12-04T16:40:49.714+0700][8,863s][info   ][gc,phases   ] GC(744)   Post Evacuate Collection Set: 0,1ms
[2024-12-04T16:40:49.714+0700][8,863s][info   ][gc,phases   ] GC(744)   Other: 0,3ms
[2024-12-04T16:40:49.714+0700][8,863s][info   ][gc,heap     ] GC(744) Eden regions: 1->0(455)
[2024-12-04T16:40:49.714+0700][8,863s][info   ][gc,heap     ] GC(744) Survivor regions: 0->0(58)
[2024-12-04T16:40:49.714+0700][8,863s][info   ][gc,heap     ] GC(744) Old regions: 3->3
[2024-12-04T16:40:49.714+0700][8,863s][info   ][gc,heap     ] GC(744) Archive regions: 2->2
[2024-12-04T16:40:49.714+0700][8,863s][info   ][gc,heap     ] GC(744) Humongous regions: 1382->1382
[2024-12-04T16:40:49.714+0700][8,863s][info   ][gc,metaspace] GC(744) Metaspace: 5832K(6080K)->5832K(6080K) NonClass: 5167K(5312K)->5167K(5312K) Class: 664K(768K)->664K(768K)
[2024-12-04T16:40:49.714+0700][8,863s][info   ][gc          ] GC(744) Pause Young (Concurrent Start) (G1 Humongous Allocation) 1385M->1385M(2048M) 1,805ms
[2024-12-04T16:40:49.714+0700][8,863s][info   ][gc,cpu      ] GC(744) User=0,00s Sys=0,01s Real=0,01s
[2024-12-04T16:40:49.714+0700][8,863s][info   ][gc          ] GC(745) Concurrent Mark Cycle
[2024-12-04T16:40:49.714+0700][8,863s][info   ][gc,marking  ] GC(745) Concurrent Clear Claimed Marks
[2024-12-04T16:40:49.715+0700][8,863s][info   ][gc,marking  ] GC(745) Concurrent Clear Claimed Marks 0,019ms
[2024-12-04T16:40:49.715+0700][8,863s][info   ][gc,marking  ] GC(745) Concurrent Scan Root Regions
[2024-12-04T16:40:49.715+0700][8,863s][info   ][gc,marking  ] GC(745) Concurrent Scan Root Regions 0,007ms
[2024-12-04T16:40:49.715+0700][8,863s][info   ][gc,marking  ] GC(745) Concurrent Mark
[2024-12-04T16:40:49.715+0700][8,863s][info   ][gc,marking  ] GC(745) Concurrent Mark From Roots
[2024-12-04T16:40:49.715+0700][8,863s][info   ][gc,task     ] GC(745) Using 2 workers of 2 for marking
[2024-12-04T16:40:49.719+0700][8,868s][info   ][gc,marking  ] GC(745) Concurrent Mark From Roots 4,108ms
[2024-12-04T16:40:49.719+0700][8,868s][info   ][gc,marking  ] GC(745) Concurrent Preclean
[2024-12-04T16:40:49.719+0700][8,868s][info   ][gc,marking  ] GC(745) Concurrent Preclean 0,076ms
[2024-12-04T16:40:49.719+0700][8,868s][info   ][gc,start    ] GC(745) Pause Remark
[2024-12-04T16:40:49.721+0700][8,870s][info   ][gc          ] GC(745) Pause Remark 1386M->1386M(2048M) 1,817ms
[2024-12-04T16:40:49.721+0700][8,870s][info   ][gc,cpu      ] GC(745) User=0,00s Sys=0,00s Real=0,00s
[2024-12-04T16:40:49.723+0700][8,872s][info   ][gc,marking  ] GC(745) Concurrent Mark 8,792ms
[2024-12-04T16:40:49.723+0700][8,872s][info   ][gc,marking  ] GC(745) Concurrent Rebuild Remembered Sets
[2024-12-04T16:40:49.728+0700][8,877s][info   ][gc,marking  ] GC(745) Concurrent Rebuild Remembered Sets 4,663ms
[2024-12-04T16:40:49.728+0700][8,877s][info   ][gc,start    ] GC(745) Pause Cleanup
[2024-12-04T16:40:49.729+0700][8,878s][info   ][gc          ] GC(745) Pause Cleanup 1387M->1387M(2048M) 0,488ms
[2024-12-04T16:40:49.729+0700][8,878s][info   ][gc,cpu      ] GC(745) User=0,00s Sys=0,00s Real=0,00s
[2024-12-04T16:40:49.729+0700][8,878s][info   ][gc,marking  ] GC(745) Concurrent Cleanup for Next Mark
[2024-12-04T16:40:49.732+0700][8,881s][info   ][gc,marking  ] GC(745) Concurrent Cleanup for Next Mark 3,703ms
[2024-12-04T16:40:49.733+0700][8,881s][info   ][gc          ] GC(745) Concurrent Mark Cycle 18,085ms
[2024-12-04T16:40:49.735+0700][8,884s][info   ][gc,start    ] GC(746) Pause Young (Concurrent Start) (G1 Humongous Allocation)
[2024-12-04T16:40:49.735+0700][8,884s][info   ][gc,task     ] GC(746) Using 8 workers of 8 for evacuation
[2024-12-04T16:40:49.738+0700][8,887s][info   ][gc,phases   ] GC(746)   Pre Evacuate Collection Set: 0,5ms
[2024-12-04T16:40:49.738+0700][8,887s][info   ][gc,phases   ] GC(746)   Merge Heap Roots: 0,4ms
[2024-12-04T16:40:49.738+0700][8,887s][info   ][gc,phases   ] GC(746)   Evacuate Collection Set: 1,3ms
[2024-12-04T16:40:49.738+0700][8,887s][info   ][gc,phases   ] GC(746)   Post Evacuate Collection Set: 0,3ms
[2024-12-04T16:40:49.738+0700][8,887s][info   ][gc,phases   ] GC(746)   Other: 0,3ms
[2024-12-04T16:40:49.738+0700][8,887s][info   ][gc,heap     ] GC(746) Eden regions: 1->0(452)
[2024-12-04T16:40:49.738+0700][8,887s][info   ][gc,heap     ] GC(746) Survivor regions: 0->0(57)
[2024-12-04T16:40:49.738+0700][8,887s][info   ][gc,heap     ] GC(746) Old regions: 3->3
[2024-12-04T16:40:49.738+0700][8,887s][info   ][gc,heap     ] GC(746) Archive regions: 2->2
[2024-12-04T16:40:49.738+0700][8,887s][info   ][gc,heap     ] GC(746) Humongous regions: 1385->1385
[2024-12-04T16:40:49.738+0700][8,887s][info   ][gc,metaspace] GC(746) Metaspace: 5832K(6080K)->5832K(6080K) NonClass: 5167K(5312K)->5167K(5312K) Class: 664K(768K)->664K(768K)
[2024-12-04T16:40:49.738+0700][8,887s][info   ][gc          ] GC(746) Pause Young (Concurrent Start) (G1 Humongous Allocation) 1388M->1388M(2048M) 3,149ms
[2024-12-04T16:40:49.738+0700][8,887s][info   ][gc,cpu      ] GC(746) User=0,00s Sys=0,00s Real=0,00s
[2024-12-04T16:40:49.741+0700][8,890s][info   ][gc          ] GC(747) Concurrent Mark Cycle
[2024-12-04T16:40:49.741+0700][8,890s][info   ][gc,marking  ] GC(747) Concurrent Clear Claimed Marks
[2024-12-04T16:40:49.741+0700][8,890s][info   ][gc,marking  ] GC(747) Concurrent Clear Claimed Marks 0,048ms
[2024-12-04T16:40:49.741+0700][8,890s][info   ][gc,marking  ] GC(747) Concurrent Scan Root Regions
[2024-12-04T16:40:49.741+0700][8,890s][info   ][gc,marking  ] GC(747) Concurrent Scan Root Regions 0,006ms
[2024-12-04T16:40:49.741+0700][8,890s][info   ][gc,marking  ] GC(747) Concurrent Mark
[2024-12-04T16:40:49.741+0700][8,890s][info   ][gc,marking  ] GC(747) Concurrent Mark From Roots
[2024-12-04T16:40:49.741+0700][8,890s][info   ][gc,task     ] GC(747) Using 2 workers of 2 for marking
[2024-12-04T16:40:49.748+0700][8,897s][info   ][gc,marking  ] GC(747) Concurrent Mark From Roots 6,451ms
[2024-12-04T16:40:49.748+0700][8,897s][info   ][gc,marking  ] GC(747) Concurrent Preclean
[2024-12-04T16:40:49.748+0700][8,897s][info   ][gc,marking  ] GC(747) Concurrent Preclean 0,073ms
[2024-12-04T16:40:49.749+0700][8,898s][info   ][gc,start    ] GC(747) Pause Remark
[2024-12-04T16:40:49.751+0700][8,900s][info   ][gc          ] GC(747) Pause Remark 1390M->1390M(2048M) 1,975ms
[2024-12-04T16:40:49.751+0700][8,900s][info   ][gc,cpu      ] GC(747) User=0,00s Sys=0,00s Real=0,00s
[2024-12-04T16:40:49.751+0700][8,900s][info   ][gc,marking  ] GC(747) Concurrent Mark 9,593ms
[2024-12-04T16:40:49.751+0700][8,900s][info   ][gc,marking  ] GC(747) Concurrent Rebuild Remembered Sets
[2024-12-04T16:40:49.753+0700][8,902s][info   ][gc,marking  ] GC(747) Concurrent Rebuild Remembered Sets 2,214ms
[2024-12-04T16:40:49.754+0700][8,902s][info   ][gc,start    ] GC(747) Pause Cleanup
[2024-12-04T16:40:49.754+0700][8,903s][info   ][gc          ] GC(747) Pause Cleanup 1391M->1391M(2048M) 0,389ms
[2024-12-04T16:40:49.754+0700][8,903s][info   ][gc,cpu      ] GC(747) User=0,01s Sys=0,00s Real=0,00s
[2024-12-04T16:40:49.754+0700][8,903s][info   ][gc,marking  ] GC(747) Concurrent Cleanup for Next Mark
[2024-12-04T16:40:49.760+0700][8,909s][info   ][gc,marking  ] GC(747) Concurrent Cleanup for Next Mark 5,905ms
[2024-12-04T16:40:49.760+0700][8,909s][info   ][gc          ] GC(747) Concurrent Mark Cycle 18,915ms
[2024-12-04T16:40:49.765+0700][8,914s][info   ][gc,start    ] GC(748) Pause Young (Concurrent Start) (G1 Humongous Allocation)
[2024-12-04T16:40:49.765+0700][8,914s][info   ][gc,task     ] GC(748) Using 8 workers of 8 for evacuation
[2024-12-04T16:40:49.768+0700][8,916s][info   ][gc,phases   ] GC(748)   Pre Evacuate Collection Set: 0,6ms
[2024-12-04T16:40:49.768+0700][8,916s][info   ][gc,phases   ] GC(748)   Merge Heap Roots: 0,4ms
[2024-12-04T16:40:49.768+0700][8,916s][info   ][gc,phases   ] GC(748)   Evacuate Collection Set: 0,8ms
[2024-12-04T16:40:49.768+0700][8,916s][info   ][gc,phases   ] GC(748)   Post Evacuate Collection Set: 0,3ms
[2024-12-04T16:40:49.768+0700][8,916s][info   ][gc,phases   ] GC(748)   Other: 0,4ms
[2024-12-04T16:40:49.768+0700][8,916s][info   ][gc,heap     ] GC(748) Eden regions: 1->0(448)
[2024-12-04T16:40:49.768+0700][8,917s][info   ][gc,heap     ] GC(748) Survivor regions: 0->0(57)
[2024-12-04T16:40:49.768+0700][8,917s][info   ][gc,heap     ] GC(748) Old regions: 3->3
[2024-12-04T16:40:49.768+0700][8,917s][info   ][gc,heap     ] GC(748) Archive regions: 2->2
[2024-12-04T16:40:49.768+0700][8,917s][info   ][gc,heap     ] GC(748) Humongous regions: 1389->1389
[2024-12-04T16:40:49.768+0700][8,917s][info   ][gc,metaspace] GC(748) Metaspace: 5832K(6080K)->5832K(6080K) NonClass: 5167K(5312K)->5167K(5312K) Class: 664K(768K)->664K(768K)
[2024-12-04T16:40:49.768+0700][8,917s][info   ][gc          ] GC(748) Pause Young (Concurrent Start) (G1 Humongous Allocation) 1392M->1392M(2048M) 2,478ms
[2024-12-04T16:40:49.768+0700][8,917s][info   ][gc,cpu      ] GC(748) User=0,00s Sys=0,01s Real=0,00s
[2024-12-04T16:40:49.768+0700][8,917s][info   ][gc          ] GC(749) Concurrent Mark Cycle
[2024-12-04T16:40:49.768+0700][8,917s][info   ][gc,marking  ] GC(749) Concurrent Clear Claimed Marks
[2024-12-04T16:40:49.768+0700][8,917s][info   ][gc,marking  ] GC(749) Concurrent Clear Claimed Marks 0,015ms
[2024-12-04T16:40:49.768+0700][8,917s][info   ][gc,marking  ] GC(749) Concurrent Scan Root Regions
[2024-12-04T16:40:49.768+0700][8,917s][info   ][gc,marking  ] GC(749) Concurrent Scan Root Regions 0,004ms
[2024-12-04T16:40:49.768+0700][8,917s][info   ][gc,marking  ] GC(749) Concurrent Mark
[2024-12-04T16:40:49.768+0700][8,917s][info   ][gc,marking  ] GC(749) Concurrent Mark From Roots
[2024-12-04T16:40:49.768+0700][8,917s][info   ][gc,task     ] GC(749) Using 2 workers of 2 for marking
[2024-12-04T16:40:49.772+0700][8,921s][info   ][gc,marking  ] GC(749) Concurrent Mark From Roots 4,331ms
[2024-12-04T16:40:49.772+0700][8,921s][info   ][gc,marking  ] GC(749) Concurrent Preclean
[2024-12-04T16:40:49.772+0700][8,921s][info   ][gc,marking  ] GC(749) Concurrent Preclean 0,058ms
[2024-12-04T16:40:49.772+0700][8,921s][info   ][gc,start    ] GC(749) Pause Remark
[2024-12-04T16:40:49.774+0700][8,923s][info   ][gc          ] GC(749) Pause Remark 1393M->1393M(2048M) 1,527ms
[2024-12-04T16:40:49.774+0700][8,923s][info   ][gc,cpu      ] GC(749) User=0,00s Sys=0,00s Real=0,01s
[2024-12-04T16:40:49.774+0700][8,923s][info   ][gc,marking  ] GC(749) Concurrent Mark 6,119ms
[2024-12-04T16:40:49.774+0700][8,923s][info   ][gc,marking  ] GC(749) Concurrent Rebuild Remembered Sets
[2024-12-04T16:40:49.776+0700][8,925s][info   ][gc,marking  ] GC(749) Concurrent Rebuild Remembered Sets 2,435ms
[2024-12-04T16:40:49.776+0700][8,925s][info   ][gc,start    ] GC(749) Pause Cleanup
[2024-12-04T16:40:49.777+0700][8,926s][info   ][gc          ] GC(749) Pause Cleanup 1394M->1394M(2048M) 0,330ms
[2024-12-04T16:40:49.777+0700][8,926s][info   ][gc,cpu      ] GC(749) User=0,00s Sys=0,00s Real=0,00s
[2024-12-04T16:40:49.777+0700][8,926s][info   ][gc,marking  ] GC(749) Concurrent Cleanup for Next Mark
[2024-12-04T16:40:49.781+0700][8,929s][info   ][gc,marking  ] GC(749) Concurrent Cleanup for Next Mark 3,724ms
[2024-12-04T16:40:49.781+0700][8,930s][info   ][gc          ] GC(749) Concurrent Mark Cycle 12,949ms
[2024-12-04T16:40:49.786+0700][8,935s][info   ][gc,start    ] GC(750) Pause Young (Concurrent Start) (G1 Humongous Allocation)
[2024-12-04T16:40:49.786+0700][8,935s][info   ][gc,task     ] GC(750) Using 8 workers of 8 for evacuation
[2024-12-04T16:40:49.790+0700][8,939s][info   ][gc,phases   ] GC(750)   Pre Evacuate Collection Set: 0,8ms
[2024-12-04T16:40:49.790+0700][8,939s][info   ][gc,phases   ] GC(750)   Merge Heap Roots: 1,0ms
[2024-12-04T16:40:49.790+0700][8,939s][info   ][gc,phases   ] GC(750)   Evacuate Collection Set: 1,3ms
[2024-12-04T16:40:49.790+0700][8,939s][info   ][gc,phases   ] GC(750)   Post Evacuate Collection Set: 0,4ms
[2024-12-04T16:40:49.790+0700][8,939s][info   ][gc,phases   ] GC(750)   Other: 0,4ms
[2024-12-04T16:40:49.790+0700][8,939s][info   ][gc,heap     ] GC(750) Eden regions: 1->0(445)
[2024-12-04T16:40:49.790+0700][8,939s][info   ][gc,heap     ] GC(750) Survivor regions: 0->0(56)
[2024-12-04T16:40:49.790+0700][8,939s][info   ][gc,heap     ] GC(750) Old regions: 3->3
[2024-12-04T16:40:49.790+0700][8,939s][info   ][gc,heap     ] GC(750) Archive regions: 2->2
[2024-12-04T16:40:49.790+0700][8,939s][info   ][gc,heap     ] GC(750) Humongous regions: 1392->1392
[2024-12-04T16:40:49.790+0700][8,939s][info   ][gc,metaspace] GC(750) Metaspace: 5832K(6080K)->5832K(6080K) NonClass: 5167K(5312K)->5167K(5312K) Class: 664K(768K)->664K(768K)
[2024-12-04T16:40:49.790+0700][8,939s][info   ][gc          ] GC(750) Pause Young (Concurrent Start) (G1 Humongous Allocation) 1395M->1395M(2048M) 4,037ms
[2024-12-04T16:40:49.790+0700][8,939s][info   ][gc,cpu      ] GC(750) User=0,00s Sys=0,00s Real=0,00s
[2024-12-04T16:40:49.792+0700][8,940s][info   ][gc          ] GC(751) Concurrent Mark Cycle
[2024-12-04T16:40:49.792+0700][8,941s][info   ][gc,marking  ] GC(751) Concurrent Clear Claimed Marks
[2024-12-04T16:40:49.792+0700][8,941s][info   ][gc,marking  ] GC(751) Concurrent Clear Claimed Marks 0,026ms
[2024-12-04T16:40:49.792+0700][8,941s][info   ][gc,marking  ] GC(751) Concurrent Scan Root Regions
[2024-12-04T16:40:49.792+0700][8,941s][info   ][gc,marking  ] GC(751) Concurrent Scan Root Regions 0,005ms
[2024-12-04T16:40:49.792+0700][8,941s][info   ][gc,marking  ] GC(751) Concurrent Mark
[2024-12-04T16:40:49.792+0700][8,941s][info   ][gc,marking  ] GC(751) Concurrent Mark From Roots
[2024-12-04T16:40:49.792+0700][8,941s][info   ][gc,task     ] GC(751) Using 2 workers of 2 for marking
[2024-12-04T16:40:49.799+0700][8,948s][info   ][gc,marking  ] GC(751) Concurrent Mark From Roots 7,486ms
[2024-12-04T16:40:49.799+0700][8,948s][info   ][gc,marking  ] GC(751) Concurrent Preclean
[2024-12-04T16:40:49.799+0700][8,948s][info   ][gc,marking  ] GC(751) Concurrent Preclean 0,085ms
[2024-12-04T16:40:49.799+0700][8,948s][info   ][gc,start    ] GC(751) Pause Remark
[2024-12-04T16:40:49.801+0700][8,950s][info   ][gc          ] GC(751) Pause Remark 1396M->1396M(2048M) 1,754ms
[2024-12-04T16:40:49.801+0700][8,950s][info   ][gc,cpu      ] GC(751) User=0,00s Sys=0,00s Real=0,00s
[2024-12-04T16:40:49.801+0700][8,950s][info   ][gc,marking  ] GC(751) Concurrent Mark 9,553ms
[2024-12-04T16:40:49.801+0700][8,950s][info   ][gc,marking  ] GC(751) Concurrent Rebuild Remembered Sets
[2024-12-04T16:40:49.803+0700][8,952s][info   ][gc,marking  ] GC(751) Concurrent Rebuild Remembered Sets 2,199ms
[2024-12-04T16:40:49.804+0700][8,952s][info   ][gc,start    ] GC(751) Pause Cleanup
[2024-12-04T16:40:49.804+0700][8,953s][info   ][gc          ] GC(751) Pause Cleanup 1397M->1397M(2048M) 0,538ms
[2024-12-04T16:40:49.804+0700][8,953s][info   ][gc,cpu      ] GC(751) User=0,00s Sys=0,00s Real=0,00s
[2024-12-04T16:40:49.804+0700][8,953s][info   ][gc,marking  ] GC(751) Concurrent Cleanup for Next Mark
[2024-12-04T16:40:49.808+0700][8,957s][info   ][gc,marking  ] GC(751) Concurrent Cleanup for Next Mark 3,878ms
[2024-12-04T16:40:49.808+0700][8,957s][info   ][gc          ] GC(751) Concurrent Mark Cycle 16,558ms
[2024-12-04T16:40:49.813+0700][8,962s][info   ][gc,start    ] GC(752) Pause Young (Concurrent Start) (G1 Humongous Allocation)
[2024-12-04T16:40:49.813+0700][8,962s][info   ][gc,task     ] GC(752) Using 8 workers of 8 for evacuation
[2024-12-04T16:40:49.816+0700][8,965s][info   ][gc,phases   ] GC(752)   Pre Evacuate Collection Set: 0,6ms
[2024-12-04T16:40:49.816+0700][8,965s][info   ][gc,phases   ] GC(752)   Merge Heap Roots: 0,4ms
[2024-12-04T16:40:49.816+0700][8,965s][info   ][gc,phases   ] GC(752)   Evacuate Collection Set: 0,6ms
[2024-12-04T16:40:49.816+0700][8,965s][info   ][gc,phases   ] GC(752)   Post Evacuate Collection Set: 0,5ms
[2024-12-04T16:40:49.816+0700][8,965s][info   ][gc,phases   ] GC(752)   Other: 0,2ms
[2024-12-04T16:40:49.816+0700][8,965s][info   ][gc,heap     ] GC(752) Eden regions: 1->0(442)
[2024-12-04T16:40:49.816+0700][8,965s][info   ][gc,heap     ] GC(752) Survivor regions: 0->0(56)
[2024-12-04T16:40:49.816+0700][8,965s][info   ][gc,heap     ] GC(752) Old regions: 3->3
[2024-12-04T16:40:49.816+0700][8,965s][info   ][gc,heap     ] GC(752) Archive regions: 2->2
[2024-12-04T16:40:49.816+0700][8,965s][info   ][gc,heap     ] GC(752) Humongous regions: 1395->1395
[2024-12-04T16:40:49.816+0700][8,965s][info   ][gc,metaspace] GC(752) Metaspace: 5832K(6080K)->5832K(6080K) NonClass: 5167K(5312K)->5167K(5312K) Class: 664K(768K)->664K(768K)
[2024-12-04T16:40:49.816+0700][8,965s][info   ][gc          ] GC(752) Pause Young (Concurrent Start) (G1 Humongous Allocation) 1398M->1398M(2048M) 2,526ms
[2024-12-04T16:40:49.816+0700][8,965s][info   ][gc,cpu      ] GC(752) User=0,00s Sys=0,00s Real=0,00s
[2024-12-04T16:40:49.816+0700][8,965s][info   ][gc          ] GC(753) Concurrent Mark Cycle
[2024-12-04T16:40:49.816+0700][8,965s][info   ][gc,marking  ] GC(753) Concurrent Clear Claimed Marks
[2024-12-04T16:40:49.816+0700][8,965s][info   ][gc,marking  ] GC(753) Concurrent Clear Claimed Marks 0,018ms
[2024-12-04T16:40:49.816+0700][8,965s][info   ][gc,marking  ] GC(753) Concurrent Scan Root Regions
[2024-12-04T16:40:49.816+0700][8,965s][info   ][gc,marking  ] GC(753) Concurrent Scan Root Regions 0,005ms
[2024-12-04T16:40:49.816+0700][8,965s][info   ][gc,marking  ] GC(753) Concurrent Mark
[2024-12-04T16:40:49.816+0700][8,965s][info   ][gc,marking  ] GC(753) Concurrent Mark From Roots
[2024-12-04T16:40:49.816+0700][8,965s][info   ][gc,task     ] GC(753) Using 2 workers of 2 for marking
[2024-12-04T16:40:49.821+0700][8,970s][info   ][gc,marking  ] GC(753) Concurrent Mark From Roots 4,866ms
[2024-12-04T16:40:49.821+0700][8,970s][info   ][gc,marking  ] GC(753) Concurrent Preclean
[2024-12-04T16:40:49.821+0700][8,970s][info   ][gc,marking  ] GC(753) Concurrent Preclean 0,061ms
[2024-12-04T16:40:49.821+0700][8,970s][info   ][gc,start    ] GC(753) Pause Remark
[2024-12-04T16:40:49.823+0700][8,972s][info   ][gc          ] GC(753) Pause Remark 1399M->1399M(2048M) 1,656ms
[2024-12-04T16:40:49.823+0700][8,972s][info   ][gc,cpu      ] GC(753) User=0,00s Sys=0,00s Real=0,00s
[2024-12-04T16:40:49.823+0700][8,972s][info   ][gc,marking  ] GC(753) Concurrent Mark 6,835ms
[2024-12-04T16:40:49.823+0700][8,972s][info   ][gc,marking  ] GC(753) Concurrent Rebuild Remembered Sets
[2024-12-04T16:40:49.825+0700][8,974s][info   ][gc,marking  ] GC(753) Concurrent Rebuild Remembered Sets 2,181ms
[2024-12-04T16:40:49.825+0700][8,974s][info   ][gc,start    ] GC(753) Pause Cleanup
[2024-12-04T16:40:49.825+0700][8,974s][info   ][gc          ] GC(753) Pause Cleanup 1400M->1400M(2048M) 0,287ms
[2024-12-04T16:40:49.825+0700][8,974s][info   ][gc,cpu      ] GC(753) User=0,00s Sys=0,00s Real=0,00s
[2024-12-04T16:40:49.826+0700][8,974s][info   ][gc,marking  ] GC(753) Concurrent Cleanup for Next Mark
[2024-12-04T16:40:49.829+0700][8,978s][info   ][gc,marking  ] GC(753) Concurrent Cleanup for Next Mark 3,670ms
[2024-12-04T16:40:49.829+0700][8,978s][info   ][gc          ] GC(753) Concurrent Mark Cycle 13,304ms
[2024-12-04T16:40:49.835+0700][8,984s][info   ][gc,start    ] GC(754) Pause Young (Concurrent Start) (G1 Humongous Allocation)
[2024-12-04T16:40:49.835+0700][8,984s][info   ][gc,task     ] GC(754) Using 8 workers of 8 for evacuation
[2024-12-04T16:40:49.840+0700][8,989s][info   ][gc,phases   ] GC(754)   Pre Evacuate Collection Set: 0,4ms
[2024-12-04T16:40:49.840+0700][8,989s][info   ][gc,phases   ] GC(754)   Merge Heap Roots: 3,8ms
[2024-12-04T16:40:49.840+0700][8,989s][info   ][gc,phases   ] GC(754)   Evacuate Collection Set: 0,4ms
[2024-12-04T16:40:49.840+0700][8,989s][info   ][gc,phases   ] GC(754)   Post Evacuate Collection Set: 0,3ms
[2024-12-04T16:40:49.840+0700][8,989s][info   ][gc,phases   ] GC(754)   Other: 0,3ms
[2024-12-04T16:40:49.840+0700][8,989s][info   ][gc,heap     ] GC(754) Eden regions: 1->0(439)
[2024-12-04T16:40:49.840+0700][8,989s][info   ][gc,heap     ] GC(754) Survivor regions: 0->0(56)
[2024-12-04T16:40:49.840+0700][8,989s][info   ][gc,heap     ] GC(754) Old regions: 3->3
[2024-12-04T16:40:49.840+0700][8,989s][info   ][gc,heap     ] GC(754) Archive regions: 2->2
[2024-12-04T16:40:49.840+0700][8,989s][info   ][gc,heap     ] GC(754) Humongous regions: 1398->1398
[2024-12-04T16:40:49.840+0700][8,989s][info   ][gc,metaspace] GC(754) Metaspace: 5832K(6080K)->5832K(6080K) NonClass: 5167K(5312K)->5167K(5312K) Class: 664K(768K)->664K(768K)
[2024-12-04T16:40:49.840+0700][8,989s][info   ][gc          ] GC(754) Pause Young (Concurrent Start) (G1 Humongous Allocation) 1401M->1401M(2048M) 5,489ms
[2024-12-04T16:40:49.840+0700][8,989s][info   ][gc,cpu      ] GC(754) User=0,00s Sys=0,00s Real=0,00s
[2024-12-04T16:40:49.840+0700][8,989s][info   ][gc          ] GC(755) Concurrent Mark Cycle
[2024-12-04T16:40:49.840+0700][8,989s][info   ][gc,marking  ] GC(755) Concurrent Clear Claimed Marks
[2024-12-04T16:40:49.840+0700][8,989s][info   ][gc,marking  ] GC(755) Concurrent Clear Claimed Marks 0,031ms
[2024-12-04T16:40:49.840+0700][8,989s][info   ][gc,marking  ] GC(755) Concurrent Scan Root Regions
[2024-12-04T16:40:49.840+0700][8,989s][info   ][gc,marking  ] GC(755) Concurrent Scan Root Regions 0,007ms
[2024-12-04T16:40:49.840+0700][8,989s][info   ][gc,marking  ] GC(755) Concurrent Mark
[2024-12-04T16:40:49.840+0700][8,989s][info   ][gc,marking  ] GC(755) Concurrent Mark From Roots
[2024-12-04T16:40:49.840+0700][8,989s][info   ][gc,task     ] GC(755) Using 2 workers of 2 for marking
[2024-12-04T16:40:49.845+0700][8,994s][info   ][gc,marking  ] GC(755) Concurrent Mark From Roots 5,101ms
[2024-12-04T16:40:49.845+0700][8,994s][info   ][gc,marking  ] GC(755) Concurrent Preclean
[2024-12-04T16:40:49.845+0700][8,994s][info   ][gc,marking  ] GC(755) Concurrent Preclean 0,062ms
[2024-12-04T16:40:49.846+0700][8,994s][info   ][gc,start    ] GC(755) Pause Remark
[2024-12-04T16:40:49.847+0700][8,996s][info   ][gc          ] GC(755) Pause Remark 1402M->1402M(2048M) 1,190ms
[2024-12-04T16:40:49.847+0700][8,996s][info   ][gc,cpu      ] GC(755) User=0,00s Sys=0,00s Real=0,00s
[2024-12-04T16:40:49.847+0700][8,996s][info   ][gc,marking  ] GC(755) Concurrent Mark 6,561ms
[2024-12-04T16:40:49.847+0700][8,996s][info   ][gc,marking  ] GC(755) Concurrent Rebuild Remembered Sets
[2024-12-04T16:40:49.849+0700][8,998s][info   ][gc,marking  ] GC(755) Concurrent Rebuild Remembered Sets 1,972ms
[2024-12-04T16:40:49.849+0700][8,998s][info   ][gc,start    ] GC(755) Pause Cleanup
[2024-12-04T16:40:49.849+0700][8,998s][info   ][gc          ] GC(755) Pause Cleanup 1403M->1403M(2048M) 0,357ms
[2024-12-04T16:40:49.849+0700][8,998s][info   ][gc,cpu      ] GC(755) User=0,00s Sys=0,00s Real=0,00s
[2024-12-04T16:40:49.849+0700][8,998s][info   ][gc,marking  ] GC(755) Concurrent Cleanup for Next Mark
[2024-12-04T16:40:49.853+0700][9,002s][info   ][gc,marking  ] GC(755) Concurrent Cleanup for Next Mark 3,668ms
[2024-12-04T16:40:49.853+0700][9,002s][info   ][gc          ] GC(755) Concurrent Mark Cycle 12,841ms
[2024-12-04T16:40:49.858+0700][9,007s][info   ][gc,start    ] GC(756) Pause Young (Concurrent Start) (G1 Humongous Allocation)
[2024-12-04T16:40:49.858+0700][9,007s][info   ][gc,task     ] GC(756) Using 8 workers of 8 for evacuation
[2024-12-04T16:40:49.860+0700][9,009s][info   ][gc,phases   ] GC(756)   Pre Evacuate Collection Set: 0,5ms
[2024-12-04T16:40:49.860+0700][9,009s][info   ][gc,phases   ] GC(756)   Merge Heap Roots: 0,3ms
[2024-12-04T16:40:49.860+0700][9,009s][info   ][gc,phases   ] GC(756)   Evacuate Collection Set: 0,3ms
[2024-12-04T16:40:49.860+0700][9,009s][info   ][gc,phases   ] GC(756)   Post Evacuate Collection Set: 0,1ms
[2024-12-04T16:40:49.860+0700][9,009s][info   ][gc,phases   ] GC(756)   Other: 0,2ms
[2024-12-04T16:40:49.860+0700][9,009s][info   ][gc,heap     ] GC(756) Eden regions: 1->0(436)
[2024-12-04T16:40:49.860+0700][9,009s][info   ][gc,heap     ] GC(756) Survivor regions: 0->0(55)
[2024-12-04T16:40:49.860+0700][9,009s][info   ][gc,heap     ] GC(756) Old regions: 3->3
[2024-12-04T16:40:49.860+0700][9,009s][info   ][gc,heap     ] GC(756) Archive regions: 2->2
[2024-12-04T16:40:49.860+0700][9,009s][info   ][gc,heap     ] GC(756) Humongous regions: 1401->1401
[2024-12-04T16:40:49.860+0700][9,009s][info   ][gc,metaspace] GC(756) Metaspace: 5832K(6080K)->5832K(6080K) NonClass: 5167K(5312K)->5167K(5312K) Class: 664K(768K)->664K(768K)
[2024-12-04T16:40:49.860+0700][9,009s][info   ][gc          ] GC(756) Pause Young (Concurrent Start) (G1 Humongous Allocation) 1404M->1404M(2048M) 1,533ms
[2024-12-04T16:40:49.860+0700][9,009s][info   ][gc,cpu      ] GC(756) User=0,01s Sys=0,00s Real=0,00s
[2024-12-04T16:40:49.860+0700][9,009s][info   ][gc          ] GC(757) Concurrent Mark Cycle
[2024-12-04T16:40:49.860+0700][9,009s][info   ][gc,marking  ] GC(757) Concurrent Clear Claimed Marks
[2024-12-04T16:40:49.860+0700][9,009s][info   ][gc,marking  ] GC(757) Concurrent Clear Claimed Marks 0,010ms
[2024-12-04T16:40:49.860+0700][9,009s][info   ][gc,marking  ] GC(757) Concurrent Scan Root Regions
[2024-12-04T16:40:49.860+0700][9,009s][info   ][gc,marking  ] GC(757) Concurrent Scan Root Regions 0,006ms
[2024-12-04T16:40:49.860+0700][9,009s][info   ][gc,marking  ] GC(757) Concurrent Mark
[2024-12-04T16:40:49.860+0700][9,009s][info   ][gc,marking  ] GC(757) Concurrent Mark From Roots
[2024-12-04T16:40:49.860+0700][9,009s][info   ][gc,task     ] GC(757) Using 2 workers of 2 for marking
[2024-12-04T16:40:49.864+0700][9,012s][info   ][gc,marking  ] GC(757) Concurrent Mark From Roots 3,565ms
[2024-12-04T16:40:49.864+0700][9,012s][info   ][gc,marking  ] GC(757) Concurrent Preclean
[2024-12-04T16:40:49.864+0700][9,013s][info   ][gc,marking  ] GC(757) Concurrent Preclean 0,042ms
[2024-12-04T16:40:49.864+0700][9,013s][info   ][gc,start    ] GC(757) Pause Remark
[2024-12-04T16:40:49.865+0700][9,014s][info   ][gc          ] GC(757) Pause Remark 1405M->1405M(2048M) 0,978ms
[2024-12-04T16:40:49.865+0700][9,014s][info   ][gc,cpu      ] GC(757) User=0,01s Sys=0,00s Real=0,00s
[2024-12-04T16:40:49.865+0700][9,014s][info   ][gc,marking  ] GC(757) Concurrent Mark 4,730ms
[2024-12-04T16:40:49.865+0700][9,014s][info   ][gc,marking  ] GC(757) Concurrent Rebuild Remembered Sets
[2024-12-04T16:40:49.867+0700][9,015s][info   ][gc,marking  ] GC(757) Concurrent Rebuild Remembered Sets 1,792ms
[2024-12-04T16:40:49.867+0700][9,015s][info   ][gc,start    ] GC(757) Pause Cleanup
[2024-12-04T16:40:49.867+0700][9,016s][info   ][gc          ] GC(757) Pause Cleanup 1406M->1406M(2048M) 0,286ms
[2024-12-04T16:40:49.867+0700][9,016s][info   ][gc,cpu      ] GC(757) User=0,00s Sys=0,00s Real=0,00s
[2024-12-04T16:40:49.867+0700][9,016s][info   ][gc,marking  ] GC(757) Concurrent Cleanup for Next Mark
[2024-12-04T16:40:49.870+0700][9,019s][info   ][gc,marking  ] GC(757) Concurrent Cleanup for Next Mark 3,283ms
[2024-12-04T16:40:49.870+0700][9,019s][info   ][gc          ] GC(757) Concurrent Mark Cycle 10,289ms
[2024-12-04T16:40:49.872+0700][9,020s][info   ][gc,start    ] GC(758) Pause Young (Concurrent Start) (G1 Humongous Allocation)
[2024-12-04T16:40:49.872+0700][9,020s][info   ][gc,task     ] GC(758) Using 8 workers of 8 for evacuation
[2024-12-04T16:40:49.873+0700][9,022s][info   ][gc,phases   ] GC(758)   Pre Evacuate Collection Set: 0,4ms
[2024-12-04T16:40:49.873+0700][9,022s][info   ][gc,phases   ] GC(758)   Merge Heap Roots: 0,3ms
[2024-12-04T16:40:49.873+0700][9,022s][info   ][gc,phases   ] GC(758)   Evacuate Collection Set: 0,5ms
[2024-12-04T16:40:49.873+0700][9,022s][info   ][gc,phases   ] GC(758)   Post Evacuate Collection Set: 0,2ms
[2024-12-04T16:40:49.873+0700][9,022s][info   ][gc,phases   ] GC(758)   Other: 0,2ms
[2024-12-04T16:40:49.873+0700][9,022s][info   ][gc,heap     ] GC(758) Eden regions: 1->0(434)
[2024-12-04T16:40:49.873+0700][9,022s][info   ][gc,heap     ] GC(758) Survivor regions: 0->0(55)
[2024-12-04T16:40:49.873+0700][9,022s][info   ][gc,heap     ] GC(758) Old regions: 3->3
[2024-12-04T16:40:49.873+0700][9,022s][info   ][gc,heap     ] GC(758) Archive regions: 2->2
[2024-12-04T16:40:49.873+0700][9,022s][info   ][gc,heap     ] GC(758) Humongous regions: 1403->1403
[2024-12-04T16:40:49.873+0700][9,022s][info   ][gc,metaspace] GC(758) Metaspace: 5832K(6080K)->5832K(6080K) NonClass: 5167K(5312K)->5167K(5312K) Class: 664K(768K)->664K(768K)
[2024-12-04T16:40:49.873+0700][9,022s][info   ][gc          ] GC(758) Pause Young (Concurrent Start) (G1 Humongous Allocation) 1406M->1406M(2048M) 1,825ms
[2024-12-04T16:40:49.873+0700][9,022s][info   ][gc,cpu      ] GC(758) User=0,00s Sys=0,00s Real=0,01s
[2024-12-04T16:40:49.873+0700][9,022s][info   ][gc          ] GC(759) Concurrent Mark Cycle
[2024-12-04T16:40:49.873+0700][9,022s][info   ][gc,marking  ] GC(759) Concurrent Clear Claimed Marks
[2024-12-04T16:40:49.873+0700][9,022s][info   ][gc,marking  ] GC(759) Concurrent Clear Claimed Marks 0,010ms
[2024-12-04T16:40:49.873+0700][9,022s][info   ][gc,marking  ] GC(759) Concurrent Scan Root Regions
[2024-12-04T16:40:49.873+0700][9,022s][info   ][gc,marking  ] GC(759) Concurrent Scan Root Regions 0,005ms
[2024-12-04T16:40:49.873+0700][9,022s][info   ][gc,marking  ] GC(759) Concurrent Mark
[2024-12-04T16:40:49.873+0700][9,022s][info   ][gc,marking  ] GC(759) Concurrent Mark From Roots
[2024-12-04T16:40:49.873+0700][9,022s][info   ][gc,task     ] GC(759) Using 2 workers of 2 for marking
[2024-12-04T16:40:49.877+0700][9,026s][info   ][gc,marking  ] GC(759) Concurrent Mark From Roots 3,756ms
[2024-12-04T16:40:49.877+0700][9,026s][info   ][gc,marking  ] GC(759) Concurrent Preclean
[2024-12-04T16:40:49.877+0700][9,026s][info   ][gc,marking  ] GC(759) Concurrent Preclean 0,055ms
[2024-12-04T16:40:49.877+0700][9,026s][info   ][gc,start    ] GC(759) Pause Remark
[2024-12-04T16:40:49.879+0700][9,028s][info   ][gc          ] GC(759) Pause Remark 1407M->1407M(2048M) 1,573ms
[2024-12-04T16:40:49.879+0700][9,028s][info   ][gc,cpu      ] GC(759) User=0,00s Sys=0,00s Real=0,00s
[2024-12-04T16:40:49.879+0700][9,028s][info   ][gc,marking  ] GC(759) Concurrent Mark 5,503ms
[2024-12-04T16:40:49.879+0700][9,028s][info   ][gc,marking  ] GC(759) Concurrent Rebuild Remembered Sets
[2024-12-04T16:40:49.881+0700][9,030s][info   ][gc,marking  ] GC(759) Concurrent Rebuild Remembered Sets 2,346ms
[2024-12-04T16:40:49.884+0700][9,033s][info   ][gc,start    ] GC(759) Pause Cleanup
[2024-12-04T16:40:49.885+0700][9,034s][info   ][gc          ] GC(759) Pause Cleanup 1408M->1408M(2048M) 0,442ms
[2024-12-04T16:40:49.885+0700][9,034s][info   ][gc,cpu      ] GC(759) User=0,00s Sys=0,00s Real=0,00s
[2024-12-04T16:40:49.885+0700][9,034s][info   ][gc,marking  ] GC(759) Concurrent Cleanup for Next Mark
[2024-12-04T16:40:49.888+0700][9,037s][info   ][gc,marking  ] GC(759) Concurrent Cleanup for Next Mark 3,326ms
[2024-12-04T16:40:49.888+0700][9,037s][info   ][gc          ] GC(759) Concurrent Mark Cycle 14,630ms
[2024-12-04T16:40:49.891+0700][9,039s][info   ][gc,start    ] GC(760) Pause Young (Concurrent Start) (G1 Humongous Allocation)
[2024-12-04T16:40:49.891+0700][9,039s][info   ][gc,task     ] GC(760) Using 8 workers of 8 for evacuation
[2024-12-04T16:40:49.893+0700][9,042s][info   ][gc,phases   ] GC(760)   Pre Evacuate Collection Set: 0,8ms
[2024-12-04T16:40:49.893+0700][9,042s][info   ][gc,phases   ] GC(760)   Merge Heap Roots: 0,5ms
[2024-12-04T16:40:49.893+0700][9,042s][info   ][gc,phases   ] GC(760)   Evacuate Collection Set: 0,8ms
[2024-12-04T16:40:49.893+0700][9,042s][info   ][gc,phases   ] GC(760)   Post Evacuate Collection Set: 0,2ms
[2024-12-04T16:40:49.893+0700][9,042s][info   ][gc,phases   ] GC(760)   Other: 0,3ms
[2024-12-04T16:40:49.893+0700][9,042s][info   ][gc,heap     ] GC(760) Eden regions: 1->0(431)
[2024-12-04T16:40:49.893+0700][9,042s][info   ][gc,heap     ] GC(760) Survivor regions: 0->0(55)
[2024-12-04T16:40:49.893+0700][9,042s][info   ][gc,heap     ] GC(760) Old regions: 3->3
[2024-12-04T16:40:49.893+0700][9,042s][info   ][gc,heap     ] GC(760) Archive regions: 2->2
[2024-12-04T16:40:49.893+0700][9,042s][info   ][gc,heap     ] GC(760) Humongous regions: 1406->1406
[2024-12-04T16:40:49.893+0700][9,042s][info   ][gc,metaspace] GC(760) Metaspace: 5832K(6080K)->5832K(6080K) NonClass: 5167K(5312K)->5167K(5312K) Class: 664K(768K)->664K(768K)
[2024-12-04T16:40:49.893+0700][9,042s][info   ][gc          ] GC(760) Pause Young (Concurrent Start) (G1 Humongous Allocation) 1409M->1409M(2048M) 2,752ms
[2024-12-04T16:40:49.893+0700][9,042s][info   ][gc,cpu      ] GC(760) User=0,00s Sys=0,00s Real=0,01s
[2024-12-04T16:40:49.895+0700][9,044s][info   ][gc          ] GC(761) Concurrent Mark Cycle
[2024-12-04T16:40:49.895+0700][9,044s][info   ][gc,marking  ] GC(761) Concurrent Clear Claimed Marks
[2024-12-04T16:40:49.895+0700][9,044s][info   ][gc,marking  ] GC(761) Concurrent Clear Claimed Marks 0,039ms
[2024-12-04T16:40:49.895+0700][9,044s][info   ][gc,marking  ] GC(761) Concurrent Scan Root Regions
[2024-12-04T16:40:49.895+0700][9,044s][info   ][gc,marking  ] GC(761) Concurrent Scan Root Regions 0,006ms
[2024-12-04T16:40:49.895+0700][9,044s][info   ][gc,marking  ] GC(761) Concurrent Mark
[2024-12-04T16:40:49.895+0700][9,044s][info   ][gc,marking  ] GC(761) Concurrent Mark From Roots
[2024-12-04T16:40:49.895+0700][9,044s][info   ][gc,task     ] GC(761) Using 2 workers of 2 for marking
[2024-12-04T16:40:49.900+0700][9,049s][info   ][gc,marking  ] GC(761) Concurrent Mark From Roots 5,111ms
[2024-12-04T16:40:49.901+0700][9,049s][info   ][gc,marking  ] GC(761) Concurrent Preclean
[2024-12-04T16:40:49.901+0700][9,049s][info   ][gc,marking  ] GC(761) Concurrent Preclean 0,072ms
[2024-12-04T16:40:49.901+0700][9,050s][info   ][gc,start    ] GC(761) Pause Remark
[2024-12-04T16:40:49.902+0700][9,051s][info   ][gc          ] GC(761) Pause Remark 1411M->1411M(2048M) 1,203ms
[2024-12-04T16:40:49.902+0700][9,051s][info   ][gc,cpu      ] GC(761) User=0,00s Sys=0,00s Real=0,00s
[2024-12-04T16:40:49.902+0700][9,051s][info   ][gc,marking  ] GC(761) Concurrent Mark 6,591ms
[2024-12-04T16:40:49.902+0700][9,051s][info   ][gc,marking  ] GC(761) Concurrent Rebuild Remembered Sets
[2024-12-04T16:40:49.904+0700][9,053s][info   ][gc,marking  ] GC(761) Concurrent Rebuild Remembered Sets 2,360ms
[2024-12-04T16:40:49.904+0700][9,053s][info   ][gc,start    ] GC(761) Pause Cleanup
[2024-12-04T16:40:49.905+0700][9,054s][info   ][gc          ] GC(761) Pause Cleanup 1411M->1411M(2048M) 0,477ms
[2024-12-04T16:40:49.905+0700][9,054s][info   ][gc,cpu      ] GC(761) User=0,01s Sys=0,00s Real=0,00s
[2024-12-04T16:40:49.905+0700][9,054s][info   ][gc,marking  ] GC(761) Concurrent Cleanup for Next Mark
[2024-12-04T16:40:49.908+0700][9,057s][info   ][gc,marking  ] GC(761) Concurrent Cleanup for Next Mark 3,561ms
[2024-12-04T16:40:49.909+0700][9,057s][info   ][gc          ] GC(761) Concurrent Mark Cycle 13,331ms
[2024-12-04T16:40:49.911+0700][9,060s][info   ][gc,start    ] GC(762) Pause Young (Concurrent Start) (G1 Humongous Allocation)
[2024-12-04T16:40:49.911+0700][9,060s][info   ][gc,task     ] GC(762) Using 8 workers of 8 for evacuation
[2024-12-04T16:40:49.913+0700][9,062s][info   ][gc,phases   ] GC(762)   Pre Evacuate Collection Set: 0,4ms
[2024-12-04T16:40:49.913+0700][9,062s][info   ][gc,phases   ] GC(762)   Merge Heap Roots: 0,3ms
[2024-12-04T16:40:49.913+0700][9,062s][info   ][gc,phases   ] GC(762)   Evacuate Collection Set: 0,6ms
[2024-12-04T16:40:49.913+0700][9,062s][info   ][gc,phases   ] GC(762)   Post Evacuate Collection Set: 0,2ms
[2024-12-04T16:40:49.913+0700][9,062s][info   ][gc,phases   ] GC(762)   Other: 0,3ms
[2024-12-04T16:40:49.913+0700][9,062s][info   ][gc,heap     ] GC(762) Eden regions: 1->0(428)
[2024-12-04T16:40:49.913+0700][9,062s][info   ][gc,heap     ] GC(762) Survivor regions: 0->0(54)
[2024-12-04T16:40:49.913+0700][9,062s][info   ][gc,heap     ] GC(762) Old regions: 3->3
[2024-12-04T16:40:49.913+0700][9,062s][info   ][gc,heap     ] GC(762) Archive regions: 2->2
[2024-12-04T16:40:49.913+0700][9,062s][info   ][gc,heap     ] GC(762) Humongous regions: 1409->1409
[2024-12-04T16:40:49.913+0700][9,062s][info   ][gc,metaspace] GC(762) Metaspace: 5832K(6080K)->5832K(6080K) NonClass: 5167K(5312K)->5167K(5312K) Class: 664K(768K)->664K(768K)
[2024-12-04T16:40:49.913+0700][9,062s][info   ][gc          ] GC(762) Pause Young (Concurrent Start) (G1 Humongous Allocation) 1412M->1412M(2048M) 1,924ms
[2024-12-04T16:40:49.913+0700][9,062s][info   ][gc,cpu      ] GC(762) User=0,01s Sys=0,00s Real=0,01s
[2024-12-04T16:40:49.913+0700][9,062s][info   ][gc          ] GC(763) Concurrent Mark Cycle
[2024-12-04T16:40:49.913+0700][9,062s][info   ][gc,marking  ] GC(763) Concurrent Clear Claimed Marks
[2024-12-04T16:40:49.913+0700][9,062s][info   ][gc,marking  ] GC(763) Concurrent Clear Claimed Marks 0,031ms
[2024-12-04T16:40:49.913+0700][9,062s][info   ][gc,marking  ] GC(763) Concurrent Scan Root Regions
[2024-12-04T16:40:49.913+0700][9,062s][info   ][gc,marking  ] GC(763) Concurrent Scan Root Regions 0,007ms
[2024-12-04T16:40:49.913+0700][9,062s][info   ][gc,marking  ] GC(763) Concurrent Mark
[2024-12-04T16:40:49.913+0700][9,062s][info   ][gc,marking  ] GC(763) Concurrent Mark From Roots
[2024-12-04T16:40:49.913+0700][9,062s][info   ][gc,task     ] GC(763) Using 2 workers of 2 for marking
[2024-12-04T16:40:49.918+0700][9,066s][info   ][gc,marking  ] GC(763) Concurrent Mark From Roots 4,281ms
[2024-12-04T16:40:49.918+0700][9,066s][info   ][gc,marking  ] GC(763) Concurrent Preclean
[2024-12-04T16:40:49.918+0700][9,067s][info   ][gc,marking  ] GC(763) Concurrent Preclean 0,062ms
[2024-12-04T16:40:49.918+0700][9,067s][info   ][gc,start    ] GC(763) Pause Remark
[2024-12-04T16:40:49.919+0700][9,067s][info   ][gc          ] GC(763) Pause Remark 1413M->1413M(2048M) 0,887ms
[2024-12-04T16:40:49.919+0700][9,068s][info   ][gc,cpu      ] GC(763) User=0,00s Sys=0,00s Real=0,00s
[2024-12-04T16:40:49.919+0700][9,068s][info   ][gc,marking  ] GC(763) Concurrent Mark 5,450ms
[2024-12-04T16:40:49.919+0700][9,068s][info   ][gc,marking  ] GC(763) Concurrent Rebuild Remembered Sets
[2024-12-04T16:40:49.921+0700][9,070s][info   ][gc,marking  ] GC(763) Concurrent Rebuild Remembered Sets 2,070ms
[2024-12-04T16:40:49.921+0700][9,070s][info   ][gc,start    ] GC(763) Pause Cleanup
[2024-12-04T16:40:49.921+0700][9,070s][info   ][gc          ] GC(763) Pause Cleanup 1414M->1414M(2048M) 0,268ms
[2024-12-04T16:40:49.921+0700][9,070s][info   ][gc,cpu      ] GC(763) User=0,00s Sys=0,00s Real=0,00s
[2024-12-04T16:40:49.921+0700][9,070s][info   ][gc,marking  ] GC(763) Concurrent Cleanup for Next Mark
[2024-12-04T16:40:49.925+0700][9,074s][info   ][gc,marking  ] GC(763) Concurrent Cleanup for Next Mark 4,138ms
[2024-12-04T16:40:49.926+0700][9,074s][info   ][gc          ] GC(763) Concurrent Mark Cycle 12,342ms
[2024-12-04T16:40:49.931+0700][9,080s][info   ][gc,start    ] GC(764) Pause Young (Concurrent Start) (G1 Humongous Allocation)
[2024-12-04T16:40:49.931+0700][9,080s][info   ][gc,task     ] GC(764) Using 8 workers of 8 for evacuation
[2024-12-04T16:40:49.935+0700][9,084s][info   ][gc,phases   ] GC(764)   Pre Evacuate Collection Set: 0,5ms
[2024-12-04T16:40:49.935+0700][9,084s][info   ][gc,phases   ] GC(764)   Merge Heap Roots: 0,3ms
[2024-12-04T16:40:49.935+0700][9,084s][info   ][gc,phases   ] GC(764)   Evacuate Collection Set: 2,9ms
[2024-12-04T16:40:49.935+0700][9,084s][info   ][gc,phases   ] GC(764)   Post Evacuate Collection Set: 0,2ms
[2024-12-04T16:40:49.935+0700][9,084s][info   ][gc,phases   ] GC(764)   Other: 0,3ms
[2024-12-04T16:40:49.935+0700][9,084s][info   ][gc,heap     ] GC(764) Eden regions: 1->0(425)
[2024-12-04T16:40:49.935+0700][9,084s][info   ][gc,heap     ] GC(764) Survivor regions: 0->0(54)
[2024-12-04T16:40:49.935+0700][9,084s][info   ][gc,heap     ] GC(764) Old regions: 3->3
[2024-12-04T16:40:49.935+0700][9,084s][info   ][gc,heap     ] GC(764) Archive regions: 2->2
[2024-12-04T16:40:49.935+0700][9,084s][info   ][gc,heap     ] GC(764) Humongous regions: 1412->1412
[2024-12-04T16:40:49.935+0700][9,084s][info   ][gc,metaspace] GC(764) Metaspace: 5832K(6080K)->5832K(6080K) NonClass: 5167K(5312K)->5167K(5312K) Class: 664K(768K)->664K(768K)
[2024-12-04T16:40:49.935+0700][9,084s][info   ][gc          ] GC(764) Pause Young (Concurrent Start) (G1 Humongous Allocation) 1415M->1415M(2048M) 4,395ms
[2024-12-04T16:40:49.935+0700][9,084s][info   ][gc,cpu      ] GC(764) User=0,01s Sys=0,00s Real=0,01s
[2024-12-04T16:40:49.935+0700][9,084s][info   ][gc          ] GC(765) Concurrent Mark Cycle
[2024-12-04T16:40:49.935+0700][9,084s][info   ][gc,marking  ] GC(765) Concurrent Clear Claimed Marks
[2024-12-04T16:40:49.935+0700][9,084s][info   ][gc,marking  ] GC(765) Concurrent Clear Claimed Marks 0,020ms
[2024-12-04T16:40:49.935+0700][9,084s][info   ][gc,marking  ] GC(765) Concurrent Scan Root Regions
[2024-12-04T16:40:49.935+0700][9,084s][info   ][gc,marking  ] GC(765) Concurrent Scan Root Regions 0,005ms
[2024-12-04T16:40:49.935+0700][9,084s][info   ][gc,marking  ] GC(765) Concurrent Mark
[2024-12-04T16:40:49.935+0700][9,084s][info   ][gc,marking  ] GC(765) Concurrent Mark From Roots
[2024-12-04T16:40:49.935+0700][9,084s][info   ][gc,task     ] GC(765) Using 2 workers of 2 for marking
[2024-12-04T16:40:49.941+0700][9,090s][info   ][gc,marking  ] GC(765) Concurrent Mark From Roots 5,379ms
[2024-12-04T16:40:49.941+0700][9,090s][info   ][gc,marking  ] GC(765) Concurrent Preclean
[2024-12-04T16:40:49.941+0700][9,090s][info   ][gc,marking  ] GC(765) Concurrent Preclean 0,072ms
[2024-12-04T16:40:49.941+0700][9,090s][info   ][gc,start    ] GC(765) Pause Remark
[2024-12-04T16:40:49.942+0700][9,091s][info   ][gc          ] GC(765) Pause Remark 1416M->1416M(2048M) 1,420ms
[2024-12-04T16:40:49.942+0700][9,091s][info   ][gc,cpu      ] GC(765) User=0,00s Sys=0,00s Real=0,00s
[2024-12-04T16:40:49.942+0700][9,091s][info   ][gc,marking  ] GC(765) Concurrent Mark 7,065ms
[2024-12-04T16:40:49.942+0700][9,091s][info   ][gc,marking  ] GC(765) Concurrent Rebuild Remembered Sets
[2024-12-04T16:40:49.945+0700][9,094s][info   ][gc,marking  ] GC(765) Concurrent Rebuild Remembered Sets 2,422ms
[2024-12-04T16:40:49.945+0700][9,094s][info   ][gc,start    ] GC(765) Pause Cleanup
[2024-12-04T16:40:49.945+0700][9,094s][info   ][gc          ] GC(765) Pause Cleanup 1417M->1417M(2048M) 0,332ms
[2024-12-04T16:40:49.945+0700][9,094s][info   ][gc,cpu      ] GC(765) User=0,00s Sys=0,00s Real=0,00s
[2024-12-04T16:40:49.945+0700][9,094s][info   ][gc,marking  ] GC(765) Concurrent Cleanup for Next Mark
[2024-12-04T16:40:49.949+0700][9,098s][info   ][gc,marking  ] GC(765) Concurrent Cleanup for Next Mark 3,769ms
[2024-12-04T16:40:49.949+0700][9,098s][info   ][gc          ] GC(765) Concurrent Mark Cycle 13,889ms
[2024-12-04T16:40:49.954+0700][9,103s][info   ][gc,start    ] GC(766) Pause Young (Concurrent Start) (G1 Humongous Allocation)
[2024-12-04T16:40:49.954+0700][9,103s][info   ][gc,task     ] GC(766) Using 8 workers of 8 for evacuation
[2024-12-04T16:40:49.956+0700][9,105s][info   ][gc,phases   ] GC(766)   Pre Evacuate Collection Set: 0,2ms
[2024-12-04T16:40:49.956+0700][9,105s][info   ][gc,phases   ] GC(766)   Merge Heap Roots: 0,4ms
[2024-12-04T16:40:49.956+0700][9,105s][info   ][gc,phases   ] GC(766)   Evacuate Collection Set: 0,6ms
[2024-12-04T16:40:49.956+0700][9,105s][info   ][gc,phases   ] GC(766)   Post Evacuate Collection Set: 0,1ms
[2024-12-04T16:40:49.956+0700][9,105s][info   ][gc,phases   ] GC(766)   Other: 0,2ms
[2024-12-04T16:40:49.956+0700][9,105s][info   ][gc,heap     ] GC(766) Eden regions: 1->0(422)
[2024-12-04T16:40:49.956+0700][9,105s][info   ][gc,heap     ] GC(766) Survivor regions: 0->0(54)
[2024-12-04T16:40:49.956+0700][9,105s][info   ][gc,heap     ] GC(766) Old regions: 3->3
[2024-12-04T16:40:49.956+0700][9,105s][info   ][gc,heap     ] GC(766) Archive regions: 2->2
[2024-12-04T16:40:49.956+0700][9,105s][info   ][gc,heap     ] GC(766) Humongous regions: 1415->1415
[2024-12-04T16:40:49.956+0700][9,105s][info   ][gc,metaspace] GC(766) Metaspace: 5832K(6080K)->5832K(6080K) NonClass: 5167K(5312K)->5167K(5312K) Class: 664K(768K)->664K(768K)
[2024-12-04T16:40:49.956+0700][9,105s][info   ][gc          ] GC(766) Pause Young (Concurrent Start) (G1 Humongous Allocation) 1418M->1418M(2048M) 1,680ms
[2024-12-04T16:40:49.956+0700][9,105s][info   ][gc,cpu      ] GC(766) User=0,00s Sys=0,00s Real=0,00s
[2024-12-04T16:40:49.956+0700][9,105s][info   ][gc          ] GC(767) Concurrent Mark Cycle
[2024-12-04T16:40:49.956+0700][9,105s][info   ][gc,marking  ] GC(767) Concurrent Clear Claimed Marks
[2024-12-04T16:40:49.956+0700][9,105s][info   ][gc,marking  ] GC(767) Concurrent Clear Claimed Marks 0,019ms
[2024-12-04T16:40:49.956+0700][9,105s][info   ][gc,marking  ] GC(767) Concurrent Scan Root Regions
[2024-12-04T16:40:49.956+0700][9,105s][info   ][gc,marking  ] GC(767) Concurrent Scan Root Regions 0,004ms
[2024-12-04T16:40:49.956+0700][9,105s][info   ][gc,marking  ] GC(767) Concurrent Mark
[2024-12-04T16:40:49.956+0700][9,105s][info   ][gc,marking  ] GC(767) Concurrent Mark From Roots
[2024-12-04T16:40:49.956+0700][9,105s][info   ][gc,task     ] GC(767) Using 2 workers of 2 for marking
[2024-12-04T16:40:49.960+0700][9,109s][info   ][gc,marking  ] GC(767) Concurrent Mark From Roots 4,006ms
[2024-12-04T16:40:49.960+0700][9,109s][info   ][gc,marking  ] GC(767) Concurrent Preclean
[2024-12-04T16:40:49.960+0700][9,109s][info   ][gc,marking  ] GC(767) Concurrent Preclean 0,046ms
[2024-12-04T16:40:49.960+0700][9,109s][info   ][gc,start    ] GC(767) Pause Remark
[2024-12-04T16:40:49.961+0700][9,110s][info   ][gc          ] GC(767) Pause Remark 1419M->1419M(2048M) 1,361ms
[2024-12-04T16:40:49.962+0700][9,110s][info   ][gc,cpu      ] GC(767) User=0,00s Sys=0,01s Real=0,00s
[2024-12-04T16:40:49.962+0700][9,110s][info   ][gc,marking  ] GC(767) Concurrent Mark 5,578ms
[2024-12-04T16:40:49.962+0700][9,110s][info   ][gc,marking  ] GC(767) Concurrent Rebuild Remembered Sets
[2024-12-04T16:40:49.963+0700][9,112s][info   ][gc,marking  ] GC(767) Concurrent Rebuild Remembered Sets 1,773ms
[2024-12-04T16:40:49.963+0700][9,112s][info   ][gc,start    ] GC(767) Pause Cleanup
[2024-12-04T16:40:49.964+0700][9,113s][info   ][gc          ] GC(767) Pause Cleanup 1420M->1420M(2048M) 0,271ms
[2024-12-04T16:40:49.964+0700][9,113s][info   ][gc,cpu      ] GC(767) User=0,00s Sys=0,00s Real=0,00s
[2024-12-04T16:40:49.964+0700][9,113s][info   ][gc,marking  ] GC(767) Concurrent Cleanup for Next Mark
[2024-12-04T16:40:49.969+0700][9,118s][info   ][gc,marking  ] GC(767) Concurrent Cleanup for Next Mark 4,990ms
[2024-12-04T16:40:49.969+0700][9,118s][info   ][gc          ] GC(767) Concurrent Mark Cycle 12,968ms
[2024-12-04T16:40:49.975+0700][9,124s][info   ][gc,start    ] GC(768) Pause Young (Concurrent Start) (G1 Humongous Allocation)
[2024-12-04T16:40:49.975+0700][9,124s][info   ][gc,task     ] GC(768) Using 8 workers of 8 for evacuation
[2024-12-04T16:40:49.979+0700][9,128s][info   ][gc,phases   ] GC(768)   Pre Evacuate Collection Set: 0,6ms
[2024-12-04T16:40:49.979+0700][9,128s][info   ][gc,phases   ] GC(768)   Merge Heap Roots: 0,5ms
[2024-12-04T16:40:49.979+0700][9,128s][info   ][gc,phases   ] GC(768)   Evacuate Collection Set: 2,3ms
[2024-12-04T16:40:49.979+0700][9,128s][info   ][gc,phases   ] GC(768)   Post Evacuate Collection Set: 0,2ms
[2024-12-04T16:40:49.979+0700][9,128s][info   ][gc,phases   ] GC(768)   Other: 0,3ms
[2024-12-04T16:40:49.979+0700][9,128s][info   ][gc,heap     ] GC(768) Eden regions: 1->0(419)
[2024-12-04T16:40:49.979+0700][9,128s][info   ][gc,heap     ] GC(768) Survivor regions: 0->0(53)
[2024-12-04T16:40:49.979+0700][9,128s][info   ][gc,heap     ] GC(768) Old regions: 3->3
[2024-12-04T16:40:49.979+0700][9,128s][info   ][gc,heap     ] GC(768) Archive regions: 2->2
[2024-12-04T16:40:49.979+0700][9,128s][info   ][gc,heap     ] GC(768) Humongous regions: 1418->1418
[2024-12-04T16:40:49.979+0700][9,128s][info   ][gc,metaspace] GC(768) Metaspace: 5832K(6080K)->5832K(6080K) NonClass: 5167K(5312K)->5167K(5312K) Class: 664K(768K)->664K(768K)
[2024-12-04T16:40:49.979+0700][9,128s][info   ][gc          ] GC(768) Pause Young (Concurrent Start) (G1 Humongous Allocation) 1421M->1421M(2048M) 3,987ms
[2024-12-04T16:40:49.979+0700][9,128s][info   ][gc,cpu      ] GC(768) User=0,01s Sys=0,00s Real=0,00s
[2024-12-04T16:40:49.979+0700][9,128s][info   ][gc          ] GC(769) Concurrent Mark Cycle
[2024-12-04T16:40:49.979+0700][9,128s][info   ][gc,marking  ] GC(769) Concurrent Clear Claimed Marks
[2024-12-04T16:40:49.979+0700][9,128s][info   ][gc,marking  ] GC(769) Concurrent Clear Claimed Marks 0,019ms
[2024-12-04T16:40:49.979+0700][9,128s][info   ][gc,marking  ] GC(769) Concurrent Scan Root Regions
[2024-12-04T16:40:49.979+0700][9,128s][info   ][gc,marking  ] GC(769) Concurrent Scan Root Regions 0,007ms
[2024-12-04T16:40:49.979+0700][9,128s][info   ][gc,marking  ] GC(769) Concurrent Mark
[2024-12-04T16:40:49.979+0700][9,128s][info   ][gc,marking  ] GC(769) Concurrent Mark From Roots
[2024-12-04T16:40:49.979+0700][9,128s][info   ][gc,task     ] GC(769) Using 2 workers of 2 for marking
[2024-12-04T16:40:49.983+0700][9,132s][info   ][gc,marking  ] GC(769) Concurrent Mark From Roots 4,233ms
[2024-12-04T16:40:49.983+0700][9,132s][info   ][gc,marking  ] GC(769) Concurrent Preclean
[2024-12-04T16:40:49.983+0700][9,132s][info   ][gc,marking  ] GC(769) Concurrent Preclean 0,059ms
[2024-12-04T16:40:49.983+0700][9,132s][info   ][gc,start    ] GC(769) Pause Remark
[2024-12-04T16:40:49.985+0700][9,134s][info   ][gc          ] GC(769) Pause Remark 1422M->1422M(2048M) 1,168ms
[2024-12-04T16:40:49.985+0700][9,134s][info   ][gc,cpu      ] GC(769) User=0,01s Sys=0,00s Real=0,00s
[2024-12-04T16:40:49.985+0700][9,134s][info   ][gc,marking  ] GC(769) Concurrent Mark 5,650ms
[2024-12-04T16:40:49.985+0700][9,134s][info   ][gc,marking  ] GC(769) Concurrent Rebuild Remembered Sets
[2024-12-04T16:40:49.988+0700][9,137s][info   ][gc,marking  ] GC(769) Concurrent Rebuild Remembered Sets 2,861ms
[2024-12-04T16:40:49.988+0700][9,137s][info   ][gc,start    ] GC(769) Pause Cleanup
[2024-12-04T16:40:49.988+0700][9,137s][info   ][gc          ] GC(769) Pause Cleanup 1423M->1423M(2048M) 0,335ms
[2024-12-04T16:40:49.988+0700][9,137s][info   ][gc,cpu      ] GC(769) User=0,00s Sys=0,00s Real=0,00s
[2024-12-04T16:40:49.988+0700][9,137s][info   ][gc,marking  ] GC(769) Concurrent Cleanup for Next Mark
[2024-12-04T16:40:49.993+0700][9,142s][info   ][gc,marking  ] GC(769) Concurrent Cleanup for Next Mark 5,141ms
[2024-12-04T16:40:49.993+0700][9,142s][info   ][gc          ] GC(769) Concurrent Mark Cycle 14,344ms
[2024-12-04T16:40:49.997+0700][9,146s][info   ][gc,start    ] GC(770) Pause Young (Concurrent Start) (G1 Humongous Allocation)
[2024-12-04T16:40:49.997+0700][9,146s][info   ][gc,task     ] GC(770) Using 8 workers of 8 for evacuation
[2024-12-04T16:40:49.998+0700][9,147s][info   ][gc,phases   ] GC(770)   Pre Evacuate Collection Set: 0,4ms
[2024-12-04T16:40:49.998+0700][9,147s][info   ][gc,phases   ] GC(770)   Merge Heap Roots: 0,3ms
[2024-12-04T16:40:49.998+0700][9,147s][info   ][gc,phases   ] GC(770)   Evacuate Collection Set: 0,4ms
[2024-12-04T16:40:49.998+0700][9,147s][info   ][gc,phases   ] GC(770)   Post Evacuate Collection Set: 0,1ms
[2024-12-04T16:40:49.998+0700][9,147s][info   ][gc,phases   ] GC(770)   Other: 0,3ms
[2024-12-04T16:40:49.998+0700][9,147s][info   ][gc,heap     ] GC(770) Eden regions: 1->0(416)
[2024-12-04T16:40:49.998+0700][9,147s][info   ][gc,heap     ] GC(770) Survivor regions: 0->0(53)
[2024-12-04T16:40:49.998+0700][9,147s][info   ][gc,heap     ] GC(770) Old regions: 3->3
[2024-12-04T16:40:49.998+0700][9,147s][info   ][gc,heap     ] GC(770) Archive regions: 2->2
[2024-12-04T16:40:49.998+0700][9,147s][info   ][gc,heap     ] GC(770) Humongous regions: 1421->1421
[2024-12-04T16:40:49.998+0700][9,147s][info   ][gc,metaspace] GC(770) Metaspace: 5832K(6080K)->5832K(6080K) NonClass: 5167K(5312K)->5167K(5312K) Class: 664K(768K)->664K(768K)
[2024-12-04T16:40:49.998+0700][9,147s][info   ][gc          ] GC(770) Pause Young (Concurrent Start) (G1 Humongous Allocation) 1424M->1424M(2048M) 1,506ms
[2024-12-04T16:40:49.998+0700][9,147s][info   ][gc,cpu      ] GC(770) User=0,00s Sys=0,00s Real=0,00s
[2024-12-04T16:40:49.998+0700][9,147s][info   ][gc          ] GC(771) Concurrent Mark Cycle
[2024-12-04T16:40:49.998+0700][9,147s][info   ][gc,marking  ] GC(771) Concurrent Clear Claimed Marks
[2024-12-04T16:40:49.998+0700][9,147s][info   ][gc,marking  ] GC(771) Concurrent Clear Claimed Marks 0,020ms
[2024-12-04T16:40:49.998+0700][9,147s][info   ][gc,marking  ] GC(771) Concurrent Scan Root Regions
[2024-12-04T16:40:49.998+0700][9,147s][info   ][gc,marking  ] GC(771) Concurrent Scan Root Regions 0,004ms
[2024-12-04T16:40:49.998+0700][9,147s][info   ][gc,marking  ] GC(771) Concurrent Mark
[2024-12-04T16:40:49.998+0700][9,147s][info   ][gc,marking  ] GC(771) Concurrent Mark From Roots
[2024-12-04T16:40:49.998+0700][9,147s][info   ][gc,task     ] GC(771) Using 2 workers of 2 for marking
[2024-12-04T16:40:50.002+0700][9,151s][info   ][gc,marking  ] GC(771) Concurrent Mark From Roots 3,970ms
[2024-12-04T16:40:50.002+0700][9,151s][info   ][gc,marking  ] GC(771) Concurrent Preclean
[2024-12-04T16:40:50.002+0700][9,151s][info   ][gc,marking  ] GC(771) Concurrent Preclean 0,053ms
[2024-12-04T16:40:50.002+0700][9,151s][info   ][gc,start    ] GC(771) Pause Remark
[2024-12-04T16:40:50.003+0700][9,152s][info   ][gc          ] GC(771) Pause Remark 1425M->1425M(2048M) 0,858ms
[2024-12-04T16:40:50.003+0700][9,152s][info   ][gc,cpu      ] GC(771) User=0,00s Sys=0,00s Real=0,01s
[2024-12-04T16:40:50.003+0700][9,152s][info   ][gc,marking  ] GC(771) Concurrent Mark 5,039ms
[2024-12-04T16:40:50.003+0700][9,152s][info   ][gc,marking  ] GC(771) Concurrent Rebuild Remembered Sets
[2024-12-04T16:40:50.005+0700][9,154s][info   ][gc,marking  ] GC(771) Concurrent Rebuild Remembered Sets 1,868ms
[2024-12-04T16:40:50.005+0700][9,154s][info   ][gc,start    ] GC(771) Pause Cleanup
[2024-12-04T16:40:50.006+0700][9,154s][info   ][gc          ] GC(771) Pause Cleanup 1426M->1426M(2048M) 0,250ms
[2024-12-04T16:40:50.006+0700][9,154s][info   ][gc,cpu      ] GC(771) User=0,00s Sys=0,00s Real=0,00s
[2024-12-04T16:40:50.006+0700][9,155s][info   ][gc,marking  ] GC(771) Concurrent Cleanup for Next Mark
[2024-12-04T16:40:50.009+0700][9,158s][info   ][gc,marking  ] GC(771) Concurrent Cleanup for Next Mark 3,778ms
[2024-12-04T16:40:50.010+0700][9,158s][info   ][gc          ] GC(771) Concurrent Mark Cycle 11,196ms
[2024-12-04T16:40:50.010+0700][9,159s][info   ][gc,start    ] GC(772) Pause Young (Concurrent Start) (G1 Humongous Allocation)
[2024-12-04T16:40:50.010+0700][9,159s][info   ][gc,task     ] GC(772) Using 8 workers of 8 for evacuation
[2024-12-04T16:40:50.012+0700][9,161s][info   ][gc,phases   ] GC(772)   Pre Evacuate Collection Set: 0,5ms
[2024-12-04T16:40:50.012+0700][9,161s][info   ][gc,phases   ] GC(772)   Merge Heap Roots: 0,3ms
[2024-12-04T16:40:50.012+0700][9,161s][info   ][gc,phases   ] GC(772)   Evacuate Collection Set: 0,8ms
[2024-12-04T16:40:50.012+0700][9,161s][info   ][gc,phases   ] GC(772)   Post Evacuate Collection Set: 0,1ms
[2024-12-04T16:40:50.012+0700][9,161s][info   ][gc,phases   ] GC(772)   Other: 0,2ms
[2024-12-04T16:40:50.012+0700][9,161s][info   ][gc,heap     ] GC(772) Eden regions: 1->0(414)
[2024-12-04T16:40:50.012+0700][9,161s][info   ][gc,heap     ] GC(772) Survivor regions: 0->0(52)
[2024-12-04T16:40:50.012+0700][9,161s][info   ][gc,heap     ] GC(772) Old regions: 3->3
[2024-12-04T16:40:50.012+0700][9,161s][info   ][gc,heap     ] GC(772) Archive regions: 2->2
[2024-12-04T16:40:50.012+0700][9,161s][info   ][gc,heap     ] GC(772) Humongous regions: 1423->1423
[2024-12-04T16:40:50.012+0700][9,161s][info   ][gc,metaspace] GC(772) Metaspace: 5832K(6080K)->5832K(6080K) NonClass: 5167K(5312K)->5167K(5312K) Class: 664K(768K)->664K(768K)
[2024-12-04T16:40:50.012+0700][9,161s][info   ][gc          ] GC(772) Pause Young (Concurrent Start) (G1 Humongous Allocation) 1426M->1426M(2048M) 2,050ms
[2024-12-04T16:40:50.012+0700][9,161s][info   ][gc,cpu      ] GC(772) User=0,01s Sys=0,00s Real=0,00s
[2024-12-04T16:40:50.012+0700][9,161s][info   ][gc          ] GC(773) Concurrent Mark Cycle
[2024-12-04T16:40:50.012+0700][9,161s][info   ][gc,marking  ] GC(773) Concurrent Clear Claimed Marks
[2024-12-04T16:40:50.012+0700][9,161s][info   ][gc,marking  ] GC(773) Concurrent Clear Claimed Marks 0,024ms
[2024-12-04T16:40:50.012+0700][9,161s][info   ][gc,marking  ] GC(773) Concurrent Scan Root Regions
[2024-12-04T16:40:50.012+0700][9,161s][info   ][gc,marking  ] GC(773) Concurrent Scan Root Regions 0,006ms
[2024-12-04T16:40:50.012+0700][9,161s][info   ][gc,marking  ] GC(773) Concurrent Mark
[2024-12-04T16:40:50.012+0700][9,161s][info   ][gc,marking  ] GC(773) Concurrent Mark From Roots
[2024-12-04T16:40:50.012+0700][9,161s][info   ][gc,task     ] GC(773) Using 2 workers of 2 for marking
[2024-12-04T16:40:50.016+0700][9,165s][info   ][gc,marking  ] GC(773) Concurrent Mark From Roots 4,342ms
[2024-12-04T16:40:50.016+0700][9,165s][info   ][gc,marking  ] GC(773) Concurrent Preclean
[2024-12-04T16:40:50.016+0700][9,165s][info   ][gc,marking  ] GC(773) Concurrent Preclean 0,097ms
[2024-12-04T16:40:50.016+0700][9,165s][info   ][gc,start    ] GC(773) Pause Remark
[2024-12-04T16:40:50.017+0700][9,166s][info   ][gc          ] GC(773) Pause Remark 1427M->1427M(2048M) 1,027ms
[2024-12-04T16:40:50.018+0700][9,166s][info   ][gc,cpu      ] GC(773) User=0,01s Sys=0,00s Real=0,00s
[2024-12-04T16:40:50.018+0700][9,166s][info   ][gc,marking  ] GC(773) Concurrent Mark 5,629ms
[2024-12-04T16:40:50.018+0700][9,166s][info   ][gc,marking  ] GC(773) Concurrent Rebuild Remembered Sets
[2024-12-04T16:40:50.019+0700][9,168s][info   ][gc,marking  ] GC(773) Concurrent Rebuild Remembered Sets 1,930ms
[2024-12-04T16:40:50.020+0700][9,168s][info   ][gc,start    ] GC(773) Pause Cleanup
[2024-12-04T16:40:50.020+0700][9,169s][info   ][gc          ] GC(773) Pause Cleanup 1428M->1428M(2048M) 0,251ms
[2024-12-04T16:40:50.020+0700][9,169s][info   ][gc,cpu      ] GC(773) User=0,00s Sys=0,00s Real=0,00s
[2024-12-04T16:40:50.020+0700][9,169s][info   ][gc,marking  ] GC(773) Concurrent Cleanup for Next Mark
[2024-12-04T16:40:50.023+0700][9,172s][info   ][gc,marking  ] GC(773) Concurrent Cleanup for Next Mark 3,403ms
[2024-12-04T16:40:50.023+0700][9,172s][info   ][gc          ] GC(773) Concurrent Mark Cycle 11,466ms
[2024-12-04T16:40:50.029+0700][9,178s][info   ][gc,start    ] GC(774) Pause Young (Concurrent Start) (G1 Humongous Allocation)
[2024-12-04T16:40:50.029+0700][9,178s][info   ][gc,task     ] GC(774) Using 8 workers of 8 for evacuation
[2024-12-04T16:40:50.030+0700][9,179s][info   ][gc,phases   ] GC(774)   Pre Evacuate Collection Set: 0,2ms
[2024-12-04T16:40:50.030+0700][9,179s][info   ][gc,phases   ] GC(774)   Merge Heap Roots: 0,3ms
[2024-12-04T16:40:50.030+0700][9,179s][info   ][gc,phases   ] GC(774)   Evacuate Collection Set: 0,4ms
[2024-12-04T16:40:50.030+0700][9,179s][info   ][gc,phases   ] GC(774)   Post Evacuate Collection Set: 0,2ms
[2024-12-04T16:40:50.030+0700][9,179s][info   ][gc,phases   ] GC(774)   Other: 0,2ms
[2024-12-04T16:40:50.030+0700][9,179s][info   ][gc,heap     ] GC(774) Eden regions: 1->0(411)
[2024-12-04T16:40:50.030+0700][9,179s][info   ][gc,heap     ] GC(774) Survivor regions: 0->0(52)
[2024-12-04T16:40:50.030+0700][9,179s][info   ][gc,heap     ] GC(774) Old regions: 3->3
[2024-12-04T16:40:50.030+0700][9,179s][info   ][gc,heap     ] GC(774) Archive regions: 2->2
[2024-12-04T16:40:50.030+0700][9,179s][info   ][gc,heap     ] GC(774) Humongous regions: 1426->1426
[2024-12-04T16:40:50.031+0700][9,179s][info   ][gc,metaspace] GC(774) Metaspace: 5832K(6080K)->5832K(6080K) NonClass: 5167K(5312K)->5167K(5312K) Class: 664K(768K)->664K(768K)
[2024-12-04T16:40:50.031+0700][9,179s][info   ][gc          ] GC(774) Pause Young (Concurrent Start) (G1 Humongous Allocation) 1429M->1429M(2048M) 1,358ms
[2024-12-04T16:40:50.031+0700][9,179s][info   ][gc,cpu      ] GC(774) User=0,00s Sys=0,00s Real=0,00s
[2024-12-04T16:40:50.031+0700][9,179s][info   ][gc          ] GC(775) Concurrent Mark Cycle
[2024-12-04T16:40:50.031+0700][9,179s][info   ][gc,marking  ] GC(775) Concurrent Clear Claimed Marks
[2024-12-04T16:40:50.031+0700][9,179s][info   ][gc,marking  ] GC(775) Concurrent Clear Claimed Marks 0,012ms
[2024-12-04T16:40:50.031+0700][9,179s][info   ][gc,marking  ] GC(775) Concurrent Scan Root Regions
[2024-12-04T16:40:50.031+0700][9,179s][info   ][gc,marking  ] GC(775) Concurrent Scan Root Regions 0,007ms
[2024-12-04T16:40:50.031+0700][9,179s][info   ][gc,marking  ] GC(775) Concurrent Mark
[2024-12-04T16:40:50.031+0700][9,179s][info   ][gc,marking  ] GC(775) Concurrent Mark From Roots
[2024-12-04T16:40:50.031+0700][9,180s][info   ][gc,task     ] GC(775) Using 2 workers of 2 for marking
[2024-12-04T16:40:50.034+0700][9,183s][info   ][gc,marking  ] GC(775) Concurrent Mark From Roots 3,471ms
[2024-12-04T16:40:50.034+0700][9,183s][info   ][gc,marking  ] GC(775) Concurrent Preclean
[2024-12-04T16:40:50.034+0700][9,183s][info   ][gc,marking  ] GC(775) Concurrent Preclean 0,039ms
[2024-12-04T16:40:50.034+0700][9,183s][info   ][gc,start    ] GC(775) Pause Remark
[2024-12-04T16:40:50.035+0700][9,184s][info   ][gc          ] GC(775) Pause Remark 1430M->1430M(2048M) 0,694ms
[2024-12-04T16:40:50.035+0700][9,184s][info   ][gc,cpu      ] GC(775) User=0,00s Sys=0,00s Real=0,00s
[2024-12-04T16:40:50.035+0700][9,184s][info   ][gc,marking  ] GC(775) Concurrent Mark 4,306ms
[2024-12-04T16:40:50.035+0700][9,184s][info   ][gc,marking  ] GC(775) Concurrent Rebuild Remembered Sets
[2024-12-04T16:40:50.037+0700][9,186s][info   ][gc,marking  ] GC(775) Concurrent Rebuild Remembered Sets 1,941ms
[2024-12-04T16:40:50.037+0700][9,186s][info   ][gc,start    ] GC(775) Pause Cleanup
[2024-12-04T16:40:50.038+0700][9,186s][info   ][gc          ] GC(775) Pause Cleanup 1431M->1431M(2048M) 0,354ms
[2024-12-04T16:40:50.038+0700][9,186s][info   ][gc,cpu      ] GC(775) User=0,00s Sys=0,00s Real=0,00s
[2024-12-04T16:40:50.038+0700][9,186s][info   ][gc,marking  ] GC(775) Concurrent Cleanup for Next Mark
[2024-12-04T16:40:50.041+0700][9,190s][info   ][gc,marking  ] GC(775) Concurrent Cleanup for Next Mark 3,345ms
[2024-12-04T16:40:50.041+0700][9,190s][info   ][gc          ] GC(775) Concurrent Mark Cycle 10,418ms
[2024-12-04T16:40:50.043+0700][9,192s][info   ][gc,start    ] GC(776) Pause Young (Concurrent Start) (G1 Humongous Allocation)
[2024-12-04T16:40:50.043+0700][9,192s][info   ][gc,task     ] GC(776) Using 8 workers of 8 for evacuation
[2024-12-04T16:40:50.046+0700][9,195s][info   ][gc,phases   ] GC(776)   Pre Evacuate Collection Set: 0,4ms
[2024-12-04T16:40:50.046+0700][9,195s][info   ][gc,phases   ] GC(776)   Merge Heap Roots: 0,2ms
[2024-12-04T16:40:50.046+0700][9,195s][info   ][gc,phases   ] GC(776)   Evacuate Collection Set: 2,7ms
[2024-12-04T16:40:50.046+0700][9,195s][info   ][gc,phases   ] GC(776)   Post Evacuate Collection Set: 0,2ms
[2024-12-04T16:40:50.046+0700][9,195s][info   ][gc,phases   ] GC(776)   Other: 0,1ms
[2024-12-04T16:40:50.046+0700][9,195s][info   ][gc,heap     ] GC(776) Eden regions: 1->0(409)
[2024-12-04T16:40:50.046+0700][9,195s][info   ][gc,heap     ] GC(776) Survivor regions: 0->0(52)
[2024-12-04T16:40:50.046+0700][9,195s][info   ][gc,heap     ] GC(776) Old regions: 3->3
[2024-12-04T16:40:50.046+0700][9,195s][info   ][gc,heap     ] GC(776) Archive regions: 2->2
[2024-12-04T16:40:50.046+0700][9,195s][info   ][gc,heap     ] GC(776) Humongous regions: 1428->1428
[2024-12-04T16:40:50.046+0700][9,195s][info   ][gc,metaspace] GC(776) Metaspace: 5832K(6080K)->5832K(6080K) NonClass: 5167K(5312K)->5167K(5312K) Class: 664K(768K)->664K(768K)
[2024-12-04T16:40:50.046+0700][9,195s][info   ][gc          ] GC(776) Pause Young (Concurrent Start) (G1 Humongous Allocation) 1431M->1431M(2048M) 3,656ms
[2024-12-04T16:40:50.046+0700][9,195s][info   ][gc,cpu      ] GC(776) User=0,01s Sys=0,00s Real=0,01s
[2024-12-04T16:40:50.046+0700][9,195s][info   ][gc          ] GC(777) Concurrent Mark Cycle
[2024-12-04T16:40:50.046+0700][9,195s][info   ][gc,marking  ] GC(777) Concurrent Clear Claimed Marks
[2024-12-04T16:40:50.046+0700][9,195s][info   ][gc,marking  ] GC(777) Concurrent Clear Claimed Marks 0,010ms
[2024-12-04T16:40:50.047+0700][9,195s][info   ][gc,marking  ] GC(777) Concurrent Scan Root Regions
[2024-12-04T16:40:50.047+0700][9,195s][info   ][gc,marking  ] GC(777) Concurrent Scan Root Regions 0,004ms
[2024-12-04T16:40:50.047+0700][9,195s][info   ][gc,marking  ] GC(777) Concurrent Mark
[2024-12-04T16:40:50.047+0700][9,195s][info   ][gc,marking  ] GC(777) Concurrent Mark From Roots
[2024-12-04T16:40:50.047+0700][9,195s][info   ][gc,task     ] GC(777) Using 2 workers of 2 for marking
[2024-12-04T16:40:50.051+0700][9,200s][info   ][gc,marking  ] GC(777) Concurrent Mark From Roots 4,588ms
[2024-12-04T16:40:50.051+0700][9,200s][info   ][gc,marking  ] GC(777) Concurrent Preclean
[2024-12-04T16:40:50.051+0700][9,200s][info   ][gc,marking  ] GC(777) Concurrent Preclean 0,060ms
[2024-12-04T16:40:50.051+0700][9,200s][info   ][gc,start    ] GC(777) Pause Remark
[2024-12-04T16:40:50.052+0700][9,201s][info   ][gc          ] GC(777) Pause Remark 1432M->1432M(2048M) 0,997ms
[2024-12-04T16:40:50.052+0700][9,201s][info   ][gc,cpu      ] GC(777) User=0,00s Sys=0,00s Real=0,00s
[2024-12-04T16:40:50.052+0700][9,201s][info   ][gc,marking  ] GC(777) Concurrent Mark 5,826ms
[2024-12-04T16:40:50.052+0700][9,201s][info   ][gc,marking  ] GC(777) Concurrent Rebuild Remembered Sets
[2024-12-04T16:40:50.054+0700][9,203s][info   ][gc,marking  ] GC(777) Concurrent Rebuild Remembered Sets 1,820ms
[2024-12-04T16:40:50.054+0700][9,203s][info   ][gc,start    ] GC(777) Pause Cleanup
[2024-12-04T16:40:50.054+0700][9,203s][info   ][gc          ] GC(777) Pause Cleanup 1433M->1433M(2048M) 0,203ms
[2024-12-04T16:40:50.054+0700][9,203s][info   ][gc,cpu      ] GC(777) User=0,00s Sys=0,00s Real=0,00s
[2024-12-04T16:40:50.054+0700][9,203s][info   ][gc,marking  ] GC(777) Concurrent Cleanup for Next Mark
[2024-12-04T16:40:50.059+0700][9,208s][info   ][gc,marking  ] GC(777) Concurrent Cleanup for Next Mark 4,908ms
[2024-12-04T16:40:50.059+0700][9,208s][info   ][gc          ] GC(777) Concurrent Mark Cycle 12,950ms
[2024-12-04T16:40:50.064+0700][9,213s][info   ][gc,start    ] GC(778) Pause Young (Concurrent Start) (G1 Humongous Allocation)
[2024-12-04T16:40:50.064+0700][9,213s][info   ][gc,task     ] GC(778) Using 8 workers of 8 for evacuation
[2024-12-04T16:40:50.065+0700][9,214s][info   ][gc,phases   ] GC(778)   Pre Evacuate Collection Set: 0,2ms
[2024-12-04T16:40:50.065+0700][9,214s][info   ][gc,phases   ] GC(778)   Merge Heap Roots: 0,3ms
[2024-12-04T16:40:50.065+0700][9,214s][info   ][gc,phases   ] GC(778)   Evacuate Collection Set: 0,4ms
[2024-12-04T16:40:50.065+0700][9,214s][info   ][gc,phases   ] GC(778)   Post Evacuate Collection Set: 0,1ms
[2024-12-04T16:40:50.065+0700][9,214s][info   ][gc,phases   ] GC(778)   Other: 0,2ms
[2024-12-04T16:40:50.065+0700][9,214s][info   ][gc,heap     ] GC(778) Eden regions: 1->0(406)
[2024-12-04T16:40:50.065+0700][9,214s][info   ][gc,heap     ] GC(778) Survivor regions: 0->0(52)
[2024-12-04T16:40:50.065+0700][9,214s][info   ][gc,heap     ] GC(778) Old regions: 3->3
[2024-12-04T16:40:50.065+0700][9,214s][info   ][gc,heap     ] GC(778) Archive regions: 2->2
[2024-12-04T16:40:50.065+0700][9,214s][info   ][gc,heap     ] GC(778) Humongous regions: 1431->1431
[2024-12-04T16:40:50.065+0700][9,214s][info   ][gc,metaspace] GC(778) Metaspace: 5832K(6080K)->5832K(6080K) NonClass: 5167K(5312K)->5167K(5312K) Class: 664K(768K)->664K(768K)
[2024-12-04T16:40:50.065+0700][9,214s][info   ][gc          ] GC(778) Pause Young (Concurrent Start) (G1 Humongous Allocation) 1434M->1434M(2048M) 1,303ms
[2024-12-04T16:40:50.065+0700][9,214s][info   ][gc,cpu      ] GC(778) User=0,00s Sys=0,00s Real=0,00s
[2024-12-04T16:40:50.065+0700][9,214s][info   ][gc          ] GC(779) Concurrent Mark Cycle
[2024-12-04T16:40:50.065+0700][9,214s][info   ][gc,marking  ] GC(779) Concurrent Clear Claimed Marks
[2024-12-04T16:40:50.065+0700][9,214s][info   ][gc,marking  ] GC(779) Concurrent Clear Claimed Marks 0,014ms
[2024-12-04T16:40:50.065+0700][9,214s][info   ][gc,marking  ] GC(779) Concurrent Scan Root Regions
[2024-12-04T16:40:50.065+0700][9,214s][info   ][gc,marking  ] GC(779) Concurrent Scan Root Regions 0,010ms
[2024-12-04T16:40:50.065+0700][9,214s][info   ][gc,marking  ] GC(779) Concurrent Mark
[2024-12-04T16:40:50.065+0700][9,214s][info   ][gc,marking  ] GC(779) Concurrent Mark From Roots
[2024-12-04T16:40:50.065+0700][9,214s][info   ][gc,task     ] GC(779) Using 2 workers of 2 for marking
[2024-12-04T16:40:50.069+0700][9,218s][info   ][gc,marking  ] GC(779) Concurrent Mark From Roots 3,632ms
[2024-12-04T16:40:50.069+0700][9,218s][info   ][gc,marking  ] GC(779) Concurrent Preclean
[2024-12-04T16:40:50.069+0700][9,218s][info   ][gc,marking  ] GC(779) Concurrent Preclean 0,049ms
[2024-12-04T16:40:50.069+0700][9,218s][info   ][gc,start    ] GC(779) Pause Remark
[2024-12-04T16:40:50.070+0700][9,219s][info   ][gc          ] GC(779) Pause Remark 1435M->1435M(2048M) 0,775ms
[2024-12-04T16:40:50.070+0700][9,219s][info   ][gc,cpu      ] GC(779) User=0,00s Sys=0,00s Real=0,00s
[2024-12-04T16:40:50.070+0700][9,219s][info   ][gc,marking  ] GC(779) Concurrent Mark 4,579ms
[2024-12-04T16:40:50.070+0700][9,219s][info   ][gc,marking  ] GC(779) Concurrent Rebuild Remembered Sets
[2024-12-04T16:40:50.071+0700][9,220s][info   ][gc,marking  ] GC(779) Concurrent Rebuild Remembered Sets 1,690ms
[2024-12-04T16:40:50.072+0700][9,220s][info   ][gc,start    ] GC(779) Pause Cleanup
[2024-12-04T16:40:50.072+0700][9,221s][info   ][gc          ] GC(779) Pause Cleanup 1436M->1436M(2048M) 0,191ms
[2024-12-04T16:40:50.072+0700][9,221s][info   ][gc,cpu      ] GC(779) User=0,00s Sys=0,00s Real=0,00s
[2024-12-04T16:40:50.072+0700][9,221s][info   ][gc,marking  ] GC(779) Concurrent Cleanup for Next Mark
[2024-12-04T16:40:50.075+0700][9,224s][info   ][gc,marking  ] GC(779) Concurrent Cleanup for Next Mark 3,007ms
[2024-12-04T16:40:50.075+0700][9,224s][info   ][gc          ] GC(779) Concurrent Mark Cycle 9,681ms
[2024-12-04T16:40:50.076+0700][9,225s][info   ][gc,start    ] GC(780) Pause Young (Concurrent Start) (G1 Humongous Allocation)
[2024-12-04T16:40:50.076+0700][9,225s][info   ][gc,task     ] GC(780) Using 8 workers of 8 for evacuation
[2024-12-04T16:40:50.078+0700][9,226s][info   ][gc,phases   ] GC(780)   Pre Evacuate Collection Set: 0,2ms
[2024-12-04T16:40:50.078+0700][9,226s][info   ][gc,phases   ] GC(780)   Merge Heap Roots: 0,3ms
[2024-12-04T16:40:50.078+0700][9,226s][info   ][gc,phases   ] GC(780)   Evacuate Collection Set: 0,4ms
[2024-12-04T16:40:50.078+0700][9,226s][info   ][gc,phases   ] GC(780)   Post Evacuate Collection Set: 0,1ms
[2024-12-04T16:40:50.078+0700][9,226s][info   ][gc,phases   ] GC(780)   Other: 0,2ms
[2024-12-04T16:40:50.078+0700][9,227s][info   ][gc,heap     ] GC(780) Eden regions: 1->0(404)
[2024-12-04T16:40:50.078+0700][9,227s][info   ][gc,heap     ] GC(780) Survivor regions: 0->0(51)
[2024-12-04T16:40:50.078+0700][9,227s][info   ][gc,heap     ] GC(780) Old regions: 3->3
[2024-12-04T16:40:50.078+0700][9,227s][info   ][gc,heap     ] GC(780) Archive regions: 2->2
[2024-12-04T16:40:50.078+0700][9,227s][info   ][gc,heap     ] GC(780) Humongous regions: 1433->1433
[2024-12-04T16:40:50.078+0700][9,227s][info   ][gc,metaspace] GC(780) Metaspace: 5832K(6080K)->5832K(6080K) NonClass: 5167K(5312K)->5167K(5312K) Class: 664K(768K)->664K(768K)
[2024-12-04T16:40:50.078+0700][9,227s][info   ][gc          ] GC(780) Pause Young (Concurrent Start) (G1 Humongous Allocation) 1436M->1436M(2048M) 1,186ms
[2024-12-04T16:40:50.078+0700][9,227s][info   ][gc,cpu      ] GC(780) User=0,00s Sys=0,00s Real=0,00s
[2024-12-04T16:40:50.078+0700][9,227s][info   ][gc          ] GC(781) Concurrent Mark Cycle
[2024-12-04T16:40:50.078+0700][9,227s][info   ][gc,marking  ] GC(781) Concurrent Clear Claimed Marks
[2024-12-04T16:40:50.078+0700][9,227s][info   ][gc,marking  ] GC(781) Concurrent Clear Claimed Marks 0,006ms
[2024-12-04T16:40:50.078+0700][9,227s][info   ][gc,marking  ] GC(781) Concurrent Scan Root Regions
[2024-12-04T16:40:50.078+0700][9,227s][info   ][gc,marking  ] GC(781) Concurrent Scan Root Regions 0,003ms
[2024-12-04T16:40:50.078+0700][9,227s][info   ][gc,marking  ] GC(781) Concurrent Mark
[2024-12-04T16:40:50.078+0700][9,227s][info   ][gc,marking  ] GC(781) Concurrent Mark From Roots
[2024-12-04T16:40:50.078+0700][9,227s][info   ][gc,task     ] GC(781) Using 2 workers of 2 for marking
[2024-12-04T16:40:50.081+0700][9,230s][info   ][gc,marking  ] GC(781) Concurrent Mark From Roots 3,259ms
[2024-12-04T16:40:50.081+0700][9,230s][info   ][gc,marking  ] GC(781) Concurrent Preclean
[2024-12-04T16:40:50.081+0700][9,230s][info   ][gc,marking  ] GC(781) Concurrent Preclean 0,075ms
[2024-12-04T16:40:50.081+0700][9,230s][info   ][gc,start    ] GC(781) Pause Remark
[2024-12-04T16:40:50.082+0700][9,231s][info   ][gc          ] GC(781) Pause Remark 1437M->1437M(2048M) 1,071ms
[2024-12-04T16:40:50.082+0700][9,231s][info   ][gc,cpu      ] GC(781) User=0,00s Sys=0,00s Real=0,00s
[2024-12-04T16:40:50.082+0700][9,231s][info   ][gc,marking  ] GC(781) Concurrent Mark 4,576ms
[2024-12-04T16:40:50.082+0700][9,231s][info   ][gc,marking  ] GC(781) Concurrent Rebuild Remembered Sets
[2024-12-04T16:40:50.084+0700][9,233s][info   ][gc,marking  ] GC(781) Concurrent Rebuild Remembered Sets 1,840ms
[2024-12-04T16:40:50.084+0700][9,233s][info   ][gc,start    ] GC(781) Pause Cleanup
[2024-12-04T16:40:50.084+0700][9,233s][info   ][gc          ] GC(781) Pause Cleanup 1438M->1438M(2048M) 0,211ms
[2024-12-04T16:40:50.084+0700][9,233s][info   ][gc,cpu      ] GC(781) User=0,01s Sys=0,00s Real=0,00s
[2024-12-04T16:40:50.084+0700][9,233s][info   ][gc,marking  ] GC(781) Concurrent Cleanup for Next Mark
[2024-12-04T16:40:50.088+0700][9,236s][info   ][gc,marking  ] GC(781) Concurrent Cleanup for Next Mark 3,083ms
[2024-12-04T16:40:50.088+0700][9,236s][info   ][gc          ] GC(781) Concurrent Mark Cycle 9,864ms
[2024-12-04T16:40:50.089+0700][9,238s][info   ][gc,start    ] GC(782) Pause Young (Concurrent Start) (G1 Humongous Allocation)
[2024-12-04T16:40:50.089+0700][9,238s][info   ][gc,task     ] GC(782) Using 8 workers of 8 for evacuation
[2024-12-04T16:40:50.090+0700][9,239s][info   ][gc,phases   ] GC(782)   Pre Evacuate Collection Set: 0,2ms
[2024-12-04T16:40:50.090+0700][9,239s][info   ][gc,phases   ] GC(782)   Merge Heap Roots: 0,2ms
[2024-12-04T16:40:50.090+0700][9,239s][info   ][gc,phases   ] GC(782)   Evacuate Collection Set: 0,7ms
[2024-12-04T16:40:50.090+0700][9,239s][info   ][gc,phases   ] GC(782)   Post Evacuate Collection Set: 0,1ms
[2024-12-04T16:40:50.090+0700][9,239s][info   ][gc,phases   ] GC(782)   Other: 0,1ms
[2024-12-04T16:40:50.090+0700][9,239s][info   ][gc,heap     ] GC(782) Eden regions: 1->0(402)
[2024-12-04T16:40:50.090+0700][9,239s][info   ][gc,heap     ] GC(782) Survivor regions: 0->0(51)
[2024-12-04T16:40:50.090+0700][9,239s][info   ][gc,heap     ] GC(782) Old regions: 3->3
[2024-12-04T16:40:50.090+0700][9,239s][info   ][gc,heap     ] GC(782) Archive regions: 2->2
[2024-12-04T16:40:50.090+0700][9,239s][info   ][gc,heap     ] GC(782) Humongous regions: 1435->1435
[2024-12-04T16:40:50.090+0700][9,239s][info   ][gc,metaspace] GC(782) Metaspace: 5832K(6080K)->5832K(6080K) NonClass: 5167K(5312K)->5167K(5312K) Class: 664K(768K)->664K(768K)
[2024-12-04T16:40:50.090+0700][9,239s][info   ][gc          ] GC(782) Pause Young (Concurrent Start) (G1 Humongous Allocation) 1438M->1438M(2048M) 1,528ms
[2024-12-04T16:40:50.090+0700][9,239s][info   ][gc,cpu      ] GC(782) User=0,00s Sys=0,00s Real=0,00s
[2024-12-04T16:40:50.090+0700][9,239s][info   ][gc          ] GC(783) Concurrent Mark Cycle
[2024-12-04T16:40:50.090+0700][9,239s][info   ][gc,marking  ] GC(783) Concurrent Clear Claimed Marks
[2024-12-04T16:40:50.090+0700][9,239s][info   ][gc,marking  ] GC(783) Concurrent Clear Claimed Marks 0,012ms
[2024-12-04T16:40:50.090+0700][9,239s][info   ][gc,marking  ] GC(783) Concurrent Scan Root Regions
[2024-12-04T16:40:50.090+0700][9,239s][info   ][gc,marking  ] GC(783) Concurrent Scan Root Regions 0,007ms
[2024-12-04T16:40:50.090+0700][9,239s][info   ][gc,marking  ] GC(783) Concurrent Mark
[2024-12-04T16:40:50.090+0700][9,239s][info   ][gc,marking  ] GC(783) Concurrent Mark From Roots
[2024-12-04T16:40:50.090+0700][9,239s][info   ][gc,task     ] GC(783) Using 2 workers of 2 for marking
[2024-12-04T16:40:50.094+0700][9,243s][info   ][gc,marking  ] GC(783) Concurrent Mark From Roots 3,658ms
[2024-12-04T16:40:50.094+0700][9,243s][info   ][gc,marking  ] GC(783) Concurrent Preclean
[2024-12-04T16:40:50.094+0700][9,243s][info   ][gc,marking  ] GC(783) Concurrent Preclean 0,050ms
[2024-12-04T16:40:50.094+0700][9,243s][info   ][gc,start    ] GC(783) Pause Remark
[2024-12-04T16:40:50.096+0700][9,245s][info   ][gc          ] GC(783) Pause Remark 1439M->1439M(2048M) 1,947ms
[2024-12-04T16:40:50.096+0700][9,245s][info   ][gc,cpu      ] GC(783) User=0,00s Sys=0,00s Real=0,00s
[2024-12-04T16:40:50.096+0700][9,245s][info   ][gc,marking  ] GC(783) Concurrent Mark 5,881ms
[2024-12-04T16:40:50.096+0700][9,245s][info   ][gc,marking  ] GC(783) Concurrent Rebuild Remembered Sets
[2024-12-04T16:40:50.098+0700][9,247s][info   ][gc,marking  ] GC(783) Concurrent Rebuild Remembered Sets 1,979ms
[2024-12-04T16:40:50.098+0700][9,247s][info   ][gc,start    ] GC(783) Pause Cleanup
[2024-12-04T16:40:50.099+0700][9,248s][info   ][gc          ] GC(783) Pause Cleanup 1440M->1440M(2048M) 0,356ms
[2024-12-04T16:40:50.099+0700][9,248s][info   ][gc,cpu      ] GC(783) User=0,00s Sys=0,00s Real=0,00s
[2024-12-04T16:40:50.099+0700][9,248s][info   ][gc,marking  ] GC(783) Concurrent Cleanup for Next Mark
[2024-12-04T16:40:50.102+0700][9,251s][info   ][gc,marking  ] GC(783) Concurrent Cleanup for Next Mark 3,200ms
[2024-12-04T16:40:50.102+0700][9,251s][info   ][gc          ] GC(783) Concurrent Mark Cycle 11,702ms
[2024-12-04T16:40:50.108+0700][9,257s][info   ][gc,start    ] GC(784) Pause Young (Concurrent Start) (G1 Humongous Allocation)
[2024-12-04T16:40:50.108+0700][9,257s][info   ][gc,task     ] GC(784) Using 8 workers of 8 for evacuation
[2024-12-04T16:40:50.109+0700][9,258s][info   ][gc,phases   ] GC(784)   Pre Evacuate Collection Set: 0,4ms
[2024-12-04T16:40:50.109+0700][9,258s][info   ][gc,phases   ] GC(784)   Merge Heap Roots: 0,3ms
[2024-12-04T16:40:50.109+0700][9,258s][info   ][gc,phases   ] GC(784)   Evacuate Collection Set: 0,3ms
[2024-12-04T16:40:50.109+0700][9,258s][info   ][gc,phases   ] GC(784)   Post Evacuate Collection Set: 0,1ms
[2024-12-04T16:40:50.109+0700][9,258s][info   ][gc,phases   ] GC(784)   Other: 0,2ms
[2024-12-04T16:40:50.109+0700][9,258s][info   ][gc,heap     ] GC(784) Eden regions: 1->0(399)
[2024-12-04T16:40:50.109+0700][9,258s][info   ][gc,heap     ] GC(784) Survivor regions: 0->0(51)
[2024-12-04T16:40:50.109+0700][9,258s][info   ][gc,heap     ] GC(784) Old regions: 3->3
[2024-12-04T16:40:50.109+0700][9,258s][info   ][gc,heap     ] GC(784) Archive regions: 2->2
[2024-12-04T16:40:50.109+0700][9,258s][info   ][gc,heap     ] GC(784) Humongous regions: 1438->1438
[2024-12-04T16:40:50.109+0700][9,258s][info   ][gc,metaspace] GC(784) Metaspace: 5832K(6080K)->5832K(6080K) NonClass: 5167K(5312K)->5167K(5312K) Class: 664K(768K)->664K(768K)
[2024-12-04T16:40:50.109+0700][9,258s][info   ][gc          ] GC(784) Pause Young (Concurrent Start) (G1 Humongous Allocation) 1441M->1441M(2048M) 1,409ms
[2024-12-04T16:40:50.109+0700][9,258s][info   ][gc,cpu      ] GC(784) User=0,01s Sys=0,00s Real=0,00s
[2024-12-04T16:40:50.109+0700][9,258s][info   ][gc          ] GC(785) Concurrent Mark Cycle
[2024-12-04T16:40:50.109+0700][9,258s][info   ][gc,marking  ] GC(785) Concurrent Clear Claimed Marks
[2024-12-04T16:40:50.109+0700][9,258s][info   ][gc,marking  ] GC(785) Concurrent Clear Claimed Marks 0,010ms
[2024-12-04T16:40:50.109+0700][9,258s][info   ][gc,marking  ] GC(785) Concurrent Scan Root Regions
[2024-12-04T16:40:50.109+0700][9,258s][info   ][gc,marking  ] GC(785) Concurrent Scan Root Regions 0,004ms
[2024-12-04T16:40:50.109+0700][9,258s][info   ][gc,marking  ] GC(785) Concurrent Mark
[2024-12-04T16:40:50.109+0700][9,258s][info   ][gc,marking  ] GC(785) Concurrent Mark From Roots
[2024-12-04T16:40:50.109+0700][9,258s][info   ][gc,task     ] GC(785) Using 2 workers of 2 for marking
[2024-12-04T16:40:50.113+0700][9,262s][info   ][gc,marking  ] GC(785) Concurrent Mark From Roots 3,758ms
[2024-12-04T16:40:50.113+0700][9,262s][info   ][gc,marking  ] GC(785) Concurrent Preclean
[2024-12-04T16:40:50.113+0700][9,262s][info   ][gc,marking  ] GC(785) Concurrent Preclean 0,074ms
[2024-12-04T16:40:50.113+0700][9,262s][info   ][gc,start    ] GC(785) Pause Remark
[2024-12-04T16:40:50.114+0700][9,263s][info   ][gc          ] GC(785) Pause Remark 1442M->1442M(2048M) 1,107ms
[2024-12-04T16:40:50.114+0700][9,263s][info   ][gc,cpu      ] GC(785) User=0,00s Sys=0,00s Real=0,00s
[2024-12-04T16:40:50.114+0700][9,263s][info   ][gc,marking  ] GC(785) Concurrent Mark 5,126ms
[2024-12-04T16:40:50.114+0700][9,263s][info   ][gc,marking  ] GC(785) Concurrent Rebuild Remembered Sets
[2024-12-04T16:40:50.117+0700][9,266s][info   ][gc,marking  ] GC(785) Concurrent Rebuild Remembered Sets 2,768ms
[2024-12-04T16:40:50.117+0700][9,266s][info   ][gc,start    ] GC(785) Pause Cleanup
[2024-12-04T16:40:50.118+0700][9,267s][info   ][gc          ] GC(785) Pause Cleanup 1443M->1443M(2048M) 0,481ms
[2024-12-04T16:40:50.118+0700][9,267s][info   ][gc,cpu      ] GC(785) User=0,00s Sys=0,00s Real=0,00s
[2024-12-04T16:40:50.118+0700][9,267s][info   ][gc,marking  ] GC(785) Concurrent Cleanup for Next Mark
[2024-12-04T16:40:50.122+0700][9,271s][info   ][gc,marking  ] GC(785) Concurrent Cleanup for Next Mark 3,912ms
[2024-12-04T16:40:50.122+0700][9,271s][info   ][gc          ] GC(785) Concurrent Mark Cycle 12,721ms
[2024-12-04T16:40:50.127+0700][9,276s][info   ][gc,start    ] GC(786) Pause Young (Concurrent Start) (G1 Humongous Allocation)
[2024-12-04T16:40:50.127+0700][9,276s][info   ][gc,task     ] GC(786) Using 8 workers of 8 for evacuation
[2024-12-04T16:40:50.128+0700][9,277s][info   ][gc,phases   ] GC(786)   Pre Evacuate Collection Set: 0,2ms
[2024-12-04T16:40:50.128+0700][9,277s][info   ][gc,phases   ] GC(786)   Merge Heap Roots: 0,4ms
[2024-12-04T16:40:50.128+0700][9,277s][info   ][gc,phases   ] GC(786)   Evacuate Collection Set: 0,5ms
[2024-12-04T16:40:50.128+0700][9,277s][info   ][gc,phases   ] GC(786)   Post Evacuate Collection Set: 0,2ms
[2024-12-04T16:40:50.128+0700][9,277s][info   ][gc,phases   ] GC(786)   Other: 0,2ms
[2024-12-04T16:40:50.128+0700][9,277s][info   ][gc,heap     ] GC(786) Eden regions: 1->0(396)
[2024-12-04T16:40:50.128+0700][9,277s][info   ][gc,heap     ] GC(786) Survivor regions: 0->0(50)
[2024-12-04T16:40:50.128+0700][9,277s][info   ][gc,heap     ] GC(786) Old regions: 3->3
[2024-12-04T16:40:50.128+0700][9,277s][info   ][gc,heap     ] GC(786) Archive regions: 2->2
[2024-12-04T16:40:50.128+0700][9,277s][info   ][gc,heap     ] GC(786) Humongous regions: 1441->1441
[2024-12-04T16:40:50.128+0700][9,277s][info   ][gc,metaspace] GC(786) Metaspace: 5832K(6080K)->5832K(6080K) NonClass: 5167K(5312K)->5167K(5312K) Class: 664K(768K)->664K(768K)
[2024-12-04T16:40:50.128+0700][9,277s][info   ][gc          ] GC(786) Pause Young (Concurrent Start) (G1 Humongous Allocation) 1444M->1444M(2048M) 1,510ms
[2024-12-04T16:40:50.128+0700][9,277s][info   ][gc,cpu      ] GC(786) User=0,01s Sys=0,00s Real=0,00s
[2024-12-04T16:40:50.128+0700][9,277s][info   ][gc          ] GC(787) Concurrent Mark Cycle
[2024-12-04T16:40:50.128+0700][9,277s][info   ][gc,marking  ] GC(787) Concurrent Clear Claimed Marks
[2024-12-04T16:40:50.128+0700][9,277s][info   ][gc,marking  ] GC(787) Concurrent Clear Claimed Marks 0,009ms
[2024-12-04T16:40:50.128+0700][9,277s][info   ][gc,marking  ] GC(787) Concurrent Scan Root Regions
[2024-12-04T16:40:50.128+0700][9,277s][info   ][gc,marking  ] GC(787) Concurrent Scan Root Regions 0,004ms
[2024-12-04T16:40:50.128+0700][9,277s][info   ][gc,marking  ] GC(787) Concurrent Mark
[2024-12-04T16:40:50.128+0700][9,277s][info   ][gc,marking  ] GC(787) Concurrent Mark From Roots
[2024-12-04T16:40:50.128+0700][9,277s][info   ][gc,task     ] GC(787) Using 2 workers of 2 for marking
[2024-12-04T16:40:50.134+0700][9,283s][info   ][gc,marking  ] GC(787) Concurrent Mark From Roots 5,453ms
[2024-12-04T16:40:50.134+0700][9,283s][info   ][gc,marking  ] GC(787) Concurrent Preclean
[2024-12-04T16:40:50.134+0700][9,283s][info   ][gc,marking  ] GC(787) Concurrent Preclean 0,077ms
[2024-12-04T16:40:50.135+0700][9,284s][info   ][gc,start    ] GC(787) Pause Remark
[2024-12-04T16:40:50.139+0700][9,288s][info   ][gc          ] GC(787) Pause Remark 1446M->1446M(2048M) 4,601ms
[2024-12-04T16:40:50.139+0700][9,288s][info   ][gc,cpu      ] GC(787) User=0,00s Sys=0,00s Real=0,00s
[2024-12-04T16:40:50.139+0700][9,288s][info   ][gc,marking  ] GC(787) Concurrent Mark 11,092ms
[2024-12-04T16:40:50.140+0700][9,288s][info   ][gc,marking  ] GC(787) Concurrent Rebuild Remembered Sets
[2024-12-04T16:40:50.142+0700][9,290s][info   ][gc,marking  ] GC(787) Concurrent Rebuild Remembered Sets 2,051ms
[2024-12-04T16:40:50.142+0700][9,291s][info   ][gc,start    ] GC(787) Pause Cleanup
[2024-12-04T16:40:50.142+0700][9,291s][info   ][gc          ] GC(787) Pause Cleanup 1446M->1446M(2048M) 0,380ms
[2024-12-04T16:40:50.142+0700][9,291s][info   ][gc,cpu      ] GC(787) User=0,00s Sys=0,00s Real=0,00s
[2024-12-04T16:40:50.142+0700][9,291s][info   ][gc,marking  ] GC(787) Concurrent Cleanup for Next Mark
[2024-12-04T16:40:50.146+0700][9,295s][info   ][gc,marking  ] GC(787) Concurrent Cleanup for Next Mark 3,769ms
[2024-12-04T16:40:50.146+0700][9,295s][info   ][gc          ] GC(787) Concurrent Mark Cycle 17,597ms
[2024-12-04T16:40:50.151+0700][9,300s][info   ][gc,start    ] GC(788) Pause Young (Concurrent Start) (G1 Humongous Allocation)
[2024-12-04T16:40:50.151+0700][9,300s][info   ][gc,task     ] GC(788) Using 8 workers of 8 for evacuation
[2024-12-04T16:40:50.153+0700][9,302s][info   ][gc,phases   ] GC(788)   Pre Evacuate Collection Set: 0,3ms
[2024-12-04T16:40:50.153+0700][9,302s][info   ][gc,phases   ] GC(788)   Merge Heap Roots: 0,4ms
[2024-12-04T16:40:50.153+0700][9,302s][info   ][gc,phases   ] GC(788)   Evacuate Collection Set: 0,7ms
[2024-12-04T16:40:50.153+0700][9,302s][info   ][gc,phases   ] GC(788)   Post Evacuate Collection Set: 0,2ms
[2024-12-04T16:40:50.153+0700][9,302s][info   ][gc,phases   ] GC(788)   Other: 0,2ms
[2024-12-04T16:40:50.153+0700][9,302s][info   ][gc,heap     ] GC(788) Eden regions: 1->0(393)
[2024-12-04T16:40:50.153+0700][9,302s][info   ][gc,heap     ] GC(788) Survivor regions: 0->0(50)
[2024-12-04T16:40:50.153+0700][9,302s][info   ][gc,heap     ] GC(788) Old regions: 3->3
[2024-12-04T16:40:50.153+0700][9,302s][info   ][gc,heap     ] GC(788) Archive regions: 2->2
[2024-12-04T16:40:50.153+0700][9,302s][info   ][gc,heap     ] GC(788) Humongous regions: 1444->1444
[2024-12-04T16:40:50.153+0700][9,302s][info   ][gc,metaspace] GC(788) Metaspace: 5832K(6080K)->5832K(6080K) NonClass: 5167K(5312K)->5167K(5312K) Class: 664K(768K)->664K(768K)
[2024-12-04T16:40:50.153+0700][9,302s][info   ][gc          ] GC(788) Pause Young (Concurrent Start) (G1 Humongous Allocation) 1447M->1447M(2048M) 1,888ms
[2024-12-04T16:40:50.153+0700][9,302s][info   ][gc,cpu      ] GC(788) User=0,00s Sys=0,00s Real=0,01s
[2024-12-04T16:40:50.153+0700][9,302s][info   ][gc          ] GC(789) Concurrent Mark Cycle
[2024-12-04T16:40:50.153+0700][9,302s][info   ][gc,marking  ] GC(789) Concurrent Clear Claimed Marks
[2024-12-04T16:40:50.153+0700][9,302s][info   ][gc,marking  ] GC(789) Concurrent Clear Claimed Marks 0,023ms
[2024-12-04T16:40:50.153+0700][9,302s][info   ][gc,marking  ] GC(789) Concurrent Scan Root Regions
[2024-12-04T16:40:50.153+0700][9,302s][info   ][gc,marking  ] GC(789) Concurrent Scan Root Regions 0,007ms
[2024-12-04T16:40:50.153+0700][9,302s][info   ][gc,marking  ] GC(789) Concurrent Mark
[2024-12-04T16:40:50.153+0700][9,302s][info   ][gc,marking  ] GC(789) Concurrent Mark From Roots
[2024-12-04T16:40:50.153+0700][9,302s][info   ][gc,task     ] GC(789) Using 2 workers of 2 for marking
[2024-12-04T16:40:50.158+0700][9,307s][info   ][gc,marking  ] GC(789) Concurrent Mark From Roots 4,534ms
[2024-12-04T16:40:50.158+0700][9,307s][info   ][gc,marking  ] GC(789) Concurrent Preclean
[2024-12-04T16:40:50.158+0700][9,307s][info   ][gc,marking  ] GC(789) Concurrent Preclean 0,061ms
[2024-12-04T16:40:50.158+0700][9,307s][info   ][gc,start    ] GC(789) Pause Remark
[2024-12-04T16:40:50.159+0700][9,308s][info   ][gc          ] GC(789) Pause Remark 1448M->1448M(2048M) 0,860ms
[2024-12-04T16:40:50.159+0700][9,308s][info   ][gc,cpu      ] GC(789) User=0,00s Sys=0,00s Real=0,00s
[2024-12-04T16:40:50.159+0700][9,308s][info   ][gc,marking  ] GC(789) Concurrent Mark 5,644ms
[2024-12-04T16:40:50.159+0700][9,308s][info   ][gc,marking  ] GC(789) Concurrent Rebuild Remembered Sets
[2024-12-04T16:40:50.161+0700][9,310s][info   ][gc,marking  ] GC(789) Concurrent Rebuild Remembered Sets 1,898ms
[2024-12-04T16:40:50.161+0700][9,310s][info   ][gc,start    ] GC(789) Pause Cleanup
[2024-12-04T16:40:50.161+0700][9,310s][info   ][gc          ] GC(789) Pause Cleanup 1449M->1449M(2048M) 0,280ms
[2024-12-04T16:40:50.161+0700][9,310s][info   ][gc,cpu      ] GC(789) User=0,00s Sys=0,00s Real=0,00s
[2024-12-04T16:40:50.161+0700][9,310s][info   ][gc,marking  ] GC(789) Concurrent Cleanup for Next Mark
[2024-12-04T16:40:50.165+0700][9,314s][info   ][gc,marking  ] GC(789) Concurrent Cleanup for Next Mark 3,630ms
[2024-12-04T16:40:50.165+0700][9,314s][info   ][gc          ] GC(789) Concurrent Mark Cycle 11,680ms
[2024-12-04T16:40:50.170+0700][9,319s][info   ][gc,start    ] GC(790) Pause Young (Concurrent Start) (G1 Humongous Allocation)
[2024-12-04T16:40:50.170+0700][9,319s][info   ][gc,task     ] GC(790) Using 8 workers of 8 for evacuation
[2024-12-04T16:40:50.172+0700][9,321s][info   ][gc,phases   ] GC(790)   Pre Evacuate Collection Set: 0,4ms
[2024-12-04T16:40:50.172+0700][9,321s][info   ][gc,phases   ] GC(790)   Merge Heap Roots: 0,3ms
[2024-12-04T16:40:50.172+0700][9,321s][info   ][gc,phases   ] GC(790)   Evacuate Collection Set: 0,4ms
[2024-12-04T16:40:50.172+0700][9,321s][info   ][gc,phases   ] GC(790)   Post Evacuate Collection Set: 0,1ms
[2024-12-04T16:40:50.172+0700][9,321s][info   ][gc,phases   ] GC(790)   Other: 0,2ms
[2024-12-04T16:40:50.172+0700][9,321s][info   ][gc,heap     ] GC(790) Eden regions: 1->0(390)
[2024-12-04T16:40:50.172+0700][9,321s][info   ][gc,heap     ] GC(790) Survivor regions: 0->0(50)
[2024-12-04T16:40:50.172+0700][9,321s][info   ][gc,heap     ] GC(790) Old regions: 3->3
[2024-12-04T16:40:50.172+0700][9,321s][info   ][gc,heap     ] GC(790) Archive regions: 2->2
[2024-12-04T16:40:50.172+0700][9,321s][info   ][gc,heap     ] GC(790) Humongous regions: 1447->1447
[2024-12-04T16:40:50.172+0700][9,321s][info   ][gc,metaspace] GC(790) Metaspace: 5832K(6080K)->5832K(6080K) NonClass: 5167K(5312K)->5167K(5312K) Class: 664K(768K)->664K(768K)
[2024-12-04T16:40:50.172+0700][9,321s][info   ][gc          ] GC(790) Pause Young (Concurrent Start) (G1 Humongous Allocation) 1450M->1450M(2048M) 1,474ms
[2024-12-04T16:40:50.172+0700][9,321s][info   ][gc,cpu      ] GC(790) User=0,01s Sys=0,00s Real=0,00s
[2024-12-04T16:40:50.172+0700][9,321s][info   ][gc          ] GC(791) Concurrent Mark Cycle
[2024-12-04T16:40:50.172+0700][9,321s][info   ][gc,marking  ] GC(791) Concurrent Clear Claimed Marks
[2024-12-04T16:40:50.172+0700][9,321s][info   ][gc,marking  ] GC(791) Concurrent Clear Claimed Marks 0,032ms
[2024-12-04T16:40:50.172+0700][9,321s][info   ][gc,marking  ] GC(791) Concurrent Scan Root Regions
[2024-12-04T16:40:50.172+0700][9,321s][info   ][gc,marking  ] GC(791) Concurrent Scan Root Regions 0,017ms
[2024-12-04T16:40:50.172+0700][9,321s][info   ][gc,marking  ] GC(791) Concurrent Mark
[2024-12-04T16:40:50.172+0700][9,321s][info   ][gc,marking  ] GC(791) Concurrent Mark From Roots
[2024-12-04T16:40:50.172+0700][9,321s][info   ][gc,task     ] GC(791) Using 2 workers of 2 for marking
[2024-12-04T16:40:50.176+0700][9,325s][info   ][gc,marking  ] GC(791) Concurrent Mark From Roots 4,015ms
[2024-12-04T16:40:50.176+0700][9,325s][info   ][gc,marking  ] GC(791) Concurrent Preclean
[2024-12-04T16:40:50.176+0700][9,325s][info   ][gc,marking  ] GC(791) Concurrent Preclean 0,057ms
[2024-12-04T16:40:50.176+0700][9,325s][info   ][gc,start    ] GC(791) Pause Remark
[2024-12-04T16:40:50.177+0700][9,326s][info   ][gc          ] GC(791) Pause Remark 1451M->1451M(2048M) 0,759ms
[2024-12-04T16:40:50.177+0700][9,326s][info   ][gc,cpu      ] GC(791) User=0,01s Sys=0,00s Real=0,00s
[2024-12-04T16:40:50.177+0700][9,326s][info   ][gc,marking  ] GC(791) Concurrent Mark 4,996ms
[2024-12-04T16:40:50.177+0700][9,326s][info   ][gc,marking  ] GC(791) Concurrent Rebuild Remembered Sets
[2024-12-04T16:40:50.179+0700][9,328s][info   ][gc,marking  ] GC(791) Concurrent Rebuild Remembered Sets 1,892ms
[2024-12-04T16:40:50.179+0700][9,328s][info   ][gc,start    ] GC(791) Pause Cleanup
[2024-12-04T16:40:50.179+0700][9,328s][info   ][gc          ] GC(791) Pause Cleanup 1452M->1452M(2048M) 0,279ms
[2024-12-04T16:40:50.179+0700][9,328s][info   ][gc,cpu      ] GC(791) User=0,00s Sys=0,00s Real=0,00s
[2024-12-04T16:40:50.179+0700][9,328s][info   ][gc,marking  ] GC(791) Concurrent Cleanup for Next Mark
[2024-12-04T16:40:50.183+0700][9,332s][info   ][gc,marking  ] GC(791) Concurrent Cleanup for Next Mark 3,443ms
[2024-12-04T16:40:50.183+0700][9,332s][info   ][gc          ] GC(791) Concurrent Mark Cycle 10,967ms
[2024-12-04T16:40:50.184+0700][9,333s][info   ][gc,start    ] GC(792) Pause Young (Concurrent Start) (G1 Humongous Allocation)
[2024-12-04T16:40:50.184+0700][9,333s][info   ][gc,task     ] GC(792) Using 8 workers of 8 for evacuation
[2024-12-04T16:40:50.186+0700][9,335s][info   ][gc,phases   ] GC(792)   Pre Evacuate Collection Set: 0,6ms
[2024-12-04T16:40:50.186+0700][9,335s][info   ][gc,phases   ] GC(792)   Merge Heap Roots: 0,5ms
[2024-12-04T16:40:50.186+0700][9,335s][info   ][gc,phases   ] GC(792)   Evacuate Collection Set: 0,9ms
[2024-12-04T16:40:50.186+0700][9,335s][info   ][gc,phases   ] GC(792)   Post Evacuate Collection Set: 0,2ms
[2024-12-04T16:40:50.186+0700][9,335s][info   ][gc,phases   ] GC(792)   Other: 0,3ms
[2024-12-04T16:40:50.186+0700][9,335s][info   ][gc,heap     ] GC(792) Eden regions: 1->0(388)
[2024-12-04T16:40:50.186+0700][9,335s][info   ][gc,heap     ] GC(792) Survivor regions: 0->0(49)
[2024-12-04T16:40:50.186+0700][9,335s][info   ][gc,heap     ] GC(792) Old regions: 3->3
[2024-12-04T16:40:50.186+0700][9,335s][info   ][gc,heap     ] GC(792) Archive regions: 2->2
[2024-12-04T16:40:50.186+0700][9,335s][info   ][gc,heap     ] GC(792) Humongous regions: 1449->1449
[2024-12-04T16:40:50.186+0700][9,335s][info   ][gc,metaspace] GC(792) Metaspace: 5832K(6080K)->5832K(6080K) NonClass: 5167K(5312K)->5167K(5312K) Class: 664K(768K)->664K(768K)
[2024-12-04T16:40:50.186+0700][9,335s][info   ][gc          ] GC(792) Pause Young (Concurrent Start) (G1 Humongous Allocation) 1452M->1452M(2048M) 2,793ms
[2024-12-04T16:40:50.186+0700][9,335s][info   ][gc,cpu      ] GC(792) User=0,00s Sys=0,00s Real=0,00s
[2024-12-04T16:40:50.186+0700][9,335s][info   ][gc          ] GC(793) Concurrent Mark Cycle
[2024-12-04T16:40:50.187+0700][9,335s][info   ][gc,marking  ] GC(793) Concurrent Clear Claimed Marks
[2024-12-04T16:40:50.187+0700][9,335s][info   ][gc,marking  ] GC(793) Concurrent Clear Claimed Marks 0,027ms
[2024-12-04T16:40:50.187+0700][9,335s][info   ][gc,marking  ] GC(793) Concurrent Scan Root Regions
[2024-12-04T16:40:50.187+0700][9,335s][info   ][gc,marking  ] GC(793) Concurrent Scan Root Regions 0,004ms
[2024-12-04T16:40:50.187+0700][9,335s][info   ][gc,marking  ] GC(793) Concurrent Mark
[2024-12-04T16:40:50.187+0700][9,335s][info   ][gc,marking  ] GC(793) Concurrent Mark From Roots
[2024-12-04T16:40:50.187+0700][9,335s][info   ][gc,task     ] GC(793) Using 2 workers of 2 for marking
[2024-12-04T16:40:50.193+0700][9,342s][info   ][gc,marking  ] GC(793) Concurrent Mark From Roots 6,412ms
[2024-12-04T16:40:50.193+0700][9,342s][info   ][gc,marking  ] GC(793) Concurrent Preclean
[2024-12-04T16:40:50.193+0700][9,342s][info   ][gc,marking  ] GC(793) Concurrent Preclean 0,103ms
[2024-12-04T16:40:50.193+0700][9,342s][info   ][gc,start    ] GC(793) Pause Remark
[2024-12-04T16:40:50.196+0700][9,345s][info   ][gc          ] GC(793) Pause Remark 1454M->1454M(2048M) 2,763ms
[2024-12-04T16:40:50.196+0700][9,345s][info   ][gc,cpu      ] GC(793) User=0,01s Sys=0,00s Real=0,00s
[2024-12-04T16:40:50.196+0700][9,345s][info   ][gc,marking  ] GC(793) Concurrent Mark 9,514ms
[2024-12-04T16:40:50.196+0700][9,345s][info   ][gc,marking  ] GC(793) Concurrent Rebuild Remembered Sets
[2024-12-04T16:40:50.198+0700][9,347s][info   ][gc,marking  ] GC(793) Concurrent Rebuild Remembered Sets 2,210ms
[2024-12-04T16:40:50.199+0700][9,348s][info   ][gc,start    ] GC(793) Pause Cleanup
[2024-12-04T16:40:50.199+0700][9,348s][info   ][gc          ] GC(793) Pause Cleanup 1455M->1455M(2048M) 0,364ms
[2024-12-04T16:40:50.199+0700][9,348s][info   ][gc,cpu      ] GC(793) User=0,01s Sys=0,00s Real=0,00s
[2024-12-04T16:40:50.199+0700][9,348s][info   ][gc,marking  ] GC(793) Concurrent Cleanup for Next Mark
[2024-12-04T16:40:50.203+0700][9,352s][info   ][gc,marking  ] GC(793) Concurrent Cleanup for Next Mark 4,175ms
[2024-12-04T16:40:50.203+0700][9,352s][info   ][gc          ] GC(793) Concurrent Mark Cycle 16,942ms
[2024-12-04T16:40:50.204+0700][9,353s][info   ][gc,start    ] GC(794) Pause Young (Concurrent Start) (G1 Humongous Allocation)
[2024-12-04T16:40:50.204+0700][9,353s][info   ][gc,task     ] GC(794) Using 8 workers of 8 for evacuation
[2024-12-04T16:40:50.207+0700][9,356s][info   ][gc,phases   ] GC(794)   Pre Evacuate Collection Set: 0,4ms
[2024-12-04T16:40:50.207+0700][9,356s][info   ][gc,phases   ] GC(794)   Merge Heap Roots: 0,5ms
[2024-12-04T16:40:50.207+0700][9,356s][info   ][gc,phases   ] GC(794)   Evacuate Collection Set: 0,8ms
[2024-12-04T16:40:50.207+0700][9,356s][info   ][gc,phases   ] GC(794)   Post Evacuate Collection Set: 0,3ms
[2024-12-04T16:40:50.207+0700][9,356s][info   ][gc,phases   ] GC(794)   Other: 0,5ms
[2024-12-04T16:40:50.207+0700][9,356s][info   ][gc,heap     ] GC(794) Eden regions: 1->0(385)
[2024-12-04T16:40:50.207+0700][9,356s][info   ][gc,heap     ] GC(794) Survivor regions: 0->0(49)
[2024-12-04T16:40:50.207+0700][9,356s][info   ][gc,heap     ] GC(794) Old regions: 3->3
[2024-12-04T16:40:50.207+0700][9,356s][info   ][gc,heap     ] GC(794) Archive regions: 2->2
[2024-12-04T16:40:50.207+0700][9,356s][info   ][gc,heap     ] GC(794) Humongous regions: 1452->1452
[2024-12-04T16:40:50.207+0700][9,356s][info   ][gc,metaspace] GC(794) Metaspace: 5832K(6080K)->5832K(6080K) NonClass: 5167K(5312K)->5167K(5312K) Class: 664K(768K)->664K(768K)
[2024-12-04T16:40:50.207+0700][9,356s][info   ][gc          ] GC(794) Pause Young (Concurrent Start) (G1 Humongous Allocation) 1455M->1455M(2048M) 2,549ms
[2024-12-04T16:40:50.207+0700][9,356s][info   ][gc,cpu      ] GC(794) User=0,01s Sys=0,00s Real=0,00s
[2024-12-04T16:40:50.207+0700][9,356s][info   ][gc          ] GC(795) Concurrent Mark Cycle
[2024-12-04T16:40:50.207+0700][9,356s][info   ][gc,marking  ] GC(795) Concurrent Clear Claimed Marks
[2024-12-04T16:40:50.207+0700][9,356s][info   ][gc,marking  ] GC(795) Concurrent Clear Claimed Marks 0,023ms
[2024-12-04T16:40:50.207+0700][9,356s][info   ][gc,marking  ] GC(795) Concurrent Scan Root Regions
[2024-12-04T16:40:50.207+0700][9,356s][info   ][gc,marking  ] GC(795) Concurrent Scan Root Regions 0,013ms
[2024-12-04T16:40:50.207+0700][9,356s][info   ][gc,marking  ] GC(795) Concurrent Mark
[2024-12-04T16:40:50.207+0700][9,356s][info   ][gc,marking  ] GC(795) Concurrent Mark From Roots
[2024-12-04T16:40:50.207+0700][9,356s][info   ][gc,task     ] GC(795) Using 2 workers of 2 for marking
[2024-12-04T16:40:50.212+0700][9,361s][info   ][gc,marking  ] GC(795) Concurrent Mark From Roots 4,878ms
[2024-12-04T16:40:50.212+0700][9,361s][info   ][gc,marking  ] GC(795) Concurrent Preclean
[2024-12-04T16:40:50.212+0700][9,361s][info   ][gc,marking  ] GC(795) Concurrent Preclean 0,059ms
[2024-12-04T16:40:50.212+0700][9,361s][info   ][gc,start    ] GC(795) Pause Remark
[2024-12-04T16:40:50.214+0700][9,362s][info   ][gc          ] GC(795) Pause Remark 1456M->1456M(2048M) 1,370ms
[2024-12-04T16:40:50.214+0700][9,363s][info   ][gc,cpu      ] GC(795) User=0,01s Sys=0,00s Real=0,01s
[2024-12-04T16:40:50.214+0700][9,363s][info   ][gc,marking  ] GC(795) Concurrent Mark 6,573ms
[2024-12-04T16:40:50.214+0700][9,363s][info   ][gc,marking  ] GC(795) Concurrent Rebuild Remembered Sets
[2024-12-04T16:40:50.216+0700][9,365s][info   ][gc,marking  ] GC(795) Concurrent Rebuild Remembered Sets 2,196ms
[2024-12-04T16:40:50.216+0700][9,365s][info   ][gc,start    ] GC(795) Pause Cleanup
[2024-12-04T16:40:50.216+0700][9,365s][info   ][gc          ] GC(795) Pause Cleanup 1457M->1457M(2048M) 0,352ms
[2024-12-04T16:40:50.216+0700][9,365s][info   ][gc,cpu      ] GC(795) User=0,00s Sys=0,00s Real=0,00s
[2024-12-04T16:40:50.216+0700][9,365s][info   ][gc,marking  ] GC(795) Concurrent Cleanup for Next Mark
[2024-12-04T16:40:50.220+0700][9,369s][info   ][gc,marking  ] GC(795) Concurrent Cleanup for Next Mark 3,374ms
[2024-12-04T16:40:50.220+0700][9,369s][info   ][gc          ] GC(795) Concurrent Mark Cycle 12,900ms
[2024-12-04T16:40:50.226+0700][9,375s][info   ][gc,start    ] GC(796) Pause Young (Concurrent Start) (G1 Humongous Allocation)
[2024-12-04T16:40:50.226+0700][9,375s][info   ][gc,task     ] GC(796) Using 8 workers of 8 for evacuation
[2024-12-04T16:40:50.227+0700][9,376s][info   ][gc,phases   ] GC(796)   Pre Evacuate Collection Set: 0,3ms
[2024-12-04T16:40:50.227+0700][9,376s][info   ][gc,phases   ] GC(796)   Merge Heap Roots: 0,4ms
[2024-12-04T16:40:50.227+0700][9,376s][info   ][gc,phases   ] GC(796)   Evacuate Collection Set: 0,6ms
[2024-12-04T16:40:50.227+0700][9,376s][info   ][gc,phases   ] GC(796)   Post Evacuate Collection Set: 0,1ms
[2024-12-04T16:40:50.227+0700][9,376s][info   ][gc,phases   ] GC(796)   Other: 0,2ms
[2024-12-04T16:40:50.227+0700][9,376s][info   ][gc,heap     ] GC(796) Eden regions: 1->0(382)
[2024-12-04T16:40:50.227+0700][9,376s][info   ][gc,heap     ] GC(796) Survivor regions: 0->0(49)
[2024-12-04T16:40:50.227+0700][9,376s][info   ][gc,heap     ] GC(796) Old regions: 3->3
[2024-12-04T16:40:50.227+0700][9,376s][info   ][gc,heap     ] GC(796) Archive regions: 2->2
[2024-12-04T16:40:50.228+0700][9,376s][info   ][gc,heap     ] GC(796) Humongous regions: 1455->1455
[2024-12-04T16:40:50.228+0700][9,376s][info   ][gc,metaspace] GC(796) Metaspace: 5832K(6080K)->5832K(6080K) NonClass: 5167K(5312K)->5167K(5312K) Class: 664K(768K)->664K(768K)
[2024-12-04T16:40:50.228+0700][9,376s][info   ][gc          ] GC(796) Pause Young (Concurrent Start) (G1 Humongous Allocation) 1458M->1458M(2048M) 1,805ms
[2024-12-04T16:40:50.228+0700][9,376s][info   ][gc,cpu      ] GC(796) User=0,01s Sys=0,00s Real=0,00s
[2024-12-04T16:40:50.228+0700][9,376s][info   ][gc          ] GC(797) Concurrent Mark Cycle
[2024-12-04T16:40:50.228+0700][9,376s][info   ][gc,marking  ] GC(797) Concurrent Clear Claimed Marks
[2024-12-04T16:40:50.228+0700][9,376s][info   ][gc,marking  ] GC(797) Concurrent Clear Claimed Marks 0,017ms
[2024-12-04T16:40:50.228+0700][9,376s][info   ][gc,marking  ] GC(797) Concurrent Scan Root Regions
[2024-12-04T16:40:50.228+0700][9,377s][info   ][gc,marking  ] GC(797) Concurrent Scan Root Regions 0,006ms
[2024-12-04T16:40:50.228+0700][9,377s][info   ][gc,marking  ] GC(797) Concurrent Mark
[2024-12-04T16:40:50.228+0700][9,377s][info   ][gc,marking  ] GC(797) Concurrent Mark From Roots
[2024-12-04T16:40:50.228+0700][9,377s][info   ][gc,task     ] GC(797) Using 2 workers of 2 for marking
[2024-12-04T16:40:50.232+0700][9,381s][info   ][gc,marking  ] GC(797) Concurrent Mark From Roots 4,574ms
[2024-12-04T16:40:50.232+0700][9,381s][info   ][gc,marking  ] GC(797) Concurrent Preclean
[2024-12-04T16:40:50.232+0700][9,381s][info   ][gc,marking  ] GC(797) Concurrent Preclean 0,117ms
[2024-12-04T16:40:50.233+0700][9,381s][info   ][gc,start    ] GC(797) Pause Remark
[2024-12-04T16:40:50.234+0700][9,382s][info   ][gc          ] GC(797) Pause Remark 1459M->1459M(2048M) 1,060ms
[2024-12-04T16:40:50.234+0700][9,382s][info   ][gc,cpu      ] GC(797) User=0,01s Sys=0,00s Real=0,01s
[2024-12-04T16:40:50.234+0700][9,383s][info   ][gc,marking  ] GC(797) Concurrent Mark 6,109ms
[2024-12-04T16:40:50.234+0700][9,383s][info   ][gc,marking  ] GC(797) Concurrent Rebuild Remembered Sets
[2024-12-04T16:40:50.235+0700][9,384s][info   ][gc,marking  ] GC(797) Concurrent Rebuild Remembered Sets 1,727ms
[2024-12-04T16:40:50.236+0700][9,384s][info   ][gc,start    ] GC(797) Pause Cleanup
[2024-12-04T16:40:50.236+0700][9,385s][info   ][gc          ] GC(797) Pause Cleanup 1460M->1460M(2048M) 0,338ms
[2024-12-04T16:40:50.236+0700][9,385s][info   ][gc,cpu      ] GC(797) User=0,00s Sys=0,00s Real=0,00s
[2024-12-04T16:40:50.236+0700][9,385s][info   ][gc,marking  ] GC(797) Concurrent Cleanup for Next Mark
[2024-12-04T16:40:50.240+0700][9,389s][info   ][gc,marking  ] GC(797) Concurrent Cleanup for Next Mark 3,706ms
[2024-12-04T16:40:50.240+0700][9,389s][info   ][gc          ] GC(797) Concurrent Mark Cycle 12,158ms
[2024-12-04T16:40:50.245+0700][9,394s][info   ][gc,start    ] GC(798) Pause Young (Concurrent Start) (G1 Humongous Allocation)
[2024-12-04T16:40:50.245+0700][9,394s][info   ][gc,task     ] GC(798) Using 8 workers of 8 for evacuation
[2024-12-04T16:40:50.246+0700][9,395s][info   ][gc,phases   ] GC(798)   Pre Evacuate Collection Set: 0,2ms
[2024-12-04T16:40:50.246+0700][9,395s][info   ][gc,phases   ] GC(798)   Merge Heap Roots: 0,3ms
[2024-12-04T16:40:50.246+0700][9,395s][info   ][gc,phases   ] GC(798)   Evacuate Collection Set: 0,4ms
[2024-12-04T16:40:50.246+0700][9,395s][info   ][gc,phases   ] GC(798)   Post Evacuate Collection Set: 0,1ms
[2024-12-04T16:40:50.246+0700][9,395s][info   ][gc,phases   ] GC(798)   Other: 0,1ms
[2024-12-04T16:40:50.246+0700][9,395s][info   ][gc,heap     ] GC(798) Eden regions: 1->0(379)
[2024-12-04T16:40:50.246+0700][9,395s][info   ][gc,heap     ] GC(798) Survivor regions: 0->0(48)
[2024-12-04T16:40:50.246+0700][9,395s][info   ][gc,heap     ] GC(798) Old regions: 3->3
[2024-12-04T16:40:50.246+0700][9,395s][info   ][gc,heap     ] GC(798) Archive regions: 2->2
[2024-12-04T16:40:50.246+0700][9,395s][info   ][gc,heap     ] GC(798) Humongous regions: 1458->1458
[2024-12-04T16:40:50.246+0700][9,395s][info   ][gc,metaspace] GC(798) Metaspace: 5832K(6080K)->5832K(6080K) NonClass: 5167K(5312K)->5167K(5312K) Class: 664K(768K)->664K(768K)
[2024-12-04T16:40:50.246+0700][9,395s][info   ][gc          ] GC(798) Pause Young (Concurrent Start) (G1 Humongous Allocation) 1461M->1461M(2048M) 1,159ms
[2024-12-04T16:40:50.247+0700][9,395s][info   ][gc,cpu      ] GC(798) User=0,00s Sys=0,00s Real=0,00s
[2024-12-04T16:40:50.247+0700][9,395s][info   ][gc          ] GC(799) Concurrent Mark Cycle
[2024-12-04T16:40:50.247+0700][9,395s][info   ][gc,marking  ] GC(799) Concurrent Clear Claimed Marks
[2024-12-04T16:40:50.247+0700][9,395s][info   ][gc,marking  ] GC(799) Concurrent Clear Claimed Marks 0,006ms
[2024-12-04T16:40:50.247+0700][9,395s][info   ][gc,marking  ] GC(799) Concurrent Scan Root Regions
[2024-12-04T16:40:50.247+0700][9,395s][info   ][gc,marking  ] GC(799) Concurrent Scan Root Regions 0,003ms
[2024-12-04T16:40:50.247+0700][9,395s][info   ][gc,marking  ] GC(799) Concurrent Mark
[2024-12-04T16:40:50.247+0700][9,395s][info   ][gc,marking  ] GC(799) Concurrent Mark From Roots
[2024-12-04T16:40:50.247+0700][9,395s][info   ][gc,task     ] GC(799) Using 2 workers of 2 for marking
[2024-12-04T16:40:50.250+0700][9,399s][info   ][gc,marking  ] GC(799) Concurrent Mark From Roots 3,253ms
[2024-12-04T16:40:50.250+0700][9,399s][info   ][gc,marking  ] GC(799) Concurrent Preclean
[2024-12-04T16:40:50.250+0700][9,399s][info   ][gc,marking  ] GC(799) Concurrent Preclean 0,038ms
[2024-12-04T16:40:50.250+0700][9,399s][info   ][gc,start    ] GC(799) Pause Remark
[2024-12-04T16:40:50.251+0700][9,399s][info   ][gc          ] GC(799) Pause Remark 1462M->1462M(2048M) 0,697ms
[2024-12-04T16:40:50.251+0700][9,400s][info   ][gc,cpu      ] GC(799) User=0,01s Sys=0,00s Real=0,00s
[2024-12-04T16:40:50.251+0700][9,400s][info   ][gc,marking  ] GC(799) Concurrent Mark 4,119ms
[2024-12-04T16:40:50.251+0700][9,400s][info   ][gc,marking  ] GC(799) Concurrent Rebuild Remembered Sets
[2024-12-04T16:40:50.252+0700][9,401s][info   ][gc,marking  ] GC(799) Concurrent Rebuild Remembered Sets 1,499ms
[2024-12-04T16:40:50.252+0700][9,401s][info   ][gc,start    ] GC(799) Pause Cleanup
[2024-12-04T16:40:50.252+0700][9,401s][info   ][gc          ] GC(799) Pause Cleanup 1462M->1462M(2048M) 0,147ms
[2024-12-04T16:40:50.252+0700][9,401s][info   ][gc,cpu      ] GC(799) User=0,00s Sys=0,00s Real=0,00s
[2024-12-04T16:40:50.252+0700][9,401s][info   ][gc,marking  ] GC(799) Concurrent Cleanup for Next Mark
[2024-12-04T16:40:50.256+0700][9,404s][info   ][gc,marking  ] GC(799) Concurrent Cleanup for Next Mark 3,209ms
[2024-12-04T16:40:50.256+0700][9,405s][info   ][gc          ] GC(799) Concurrent Mark Cycle 9,119ms
[2024-12-04T16:40:50.259+0700][9,408s][info   ][gc,start    ] GC(800) Pause Young (Concurrent Start) (G1 Humongous Allocation)
[2024-12-04T16:40:50.259+0700][9,408s][info   ][gc,task     ] GC(800) Using 8 workers of 8 for evacuation
[2024-12-04T16:40:50.260+0700][9,409s][info   ][gc,phases   ] GC(800)   Pre Evacuate Collection Set: 0,2ms
[2024-12-04T16:40:50.260+0700][9,409s][info   ][gc,phases   ] GC(800)   Merge Heap Roots: 0,3ms
[2024-12-04T16:40:50.260+0700][9,409s][info   ][gc,phases   ] GC(800)   Evacuate Collection Set: 0,3ms
[2024-12-04T16:40:50.260+0700][9,409s][info   ][gc,phases   ] GC(800)   Post Evacuate Collection Set: 0,1ms
[2024-12-04T16:40:50.260+0700][9,409s][info   ][gc,phases   ] GC(800)   Other: 0,2ms
[2024-12-04T16:40:50.260+0700][9,409s][info   ][gc,heap     ] GC(800) Eden regions: 1->0(377)
[2024-12-04T16:40:50.260+0700][9,409s][info   ][gc,heap     ] GC(800) Survivor regions: 0->0(48)
[2024-12-04T16:40:50.260+0700][9,409s][info   ][gc,heap     ] GC(800) Old regions: 3->3
[2024-12-04T16:40:50.260+0700][9,409s][info   ][gc,heap     ] GC(800) Archive regions: 2->2
[2024-12-04T16:40:50.260+0700][9,409s][info   ][gc,heap     ] GC(800) Humongous regions: 1460->1460
[2024-12-04T16:40:50.260+0700][9,409s][info   ][gc,metaspace] GC(800) Metaspace: 5832K(6080K)->5832K(6080K) NonClass: 5167K(5312K)->5167K(5312K) Class: 664K(768K)->664K(768K)
[2024-12-04T16:40:50.260+0700][9,409s][info   ][gc          ] GC(800) Pause Young (Concurrent Start) (G1 Humongous Allocation) 1463M->1463M(2048M) 1,114ms
[2024-12-04T16:40:50.260+0700][9,409s][info   ][gc,cpu      ] GC(800) User=0,00s Sys=0,00s Real=0,00s
[2024-12-04T16:40:50.260+0700][9,409s][info   ][gc          ] GC(801) Concurrent Mark Cycle
[2024-12-04T16:40:50.260+0700][9,409s][info   ][gc,marking  ] GC(801) Concurrent Clear Claimed Marks
[2024-12-04T16:40:50.260+0700][9,409s][info   ][gc,marking  ] GC(801) Concurrent Clear Claimed Marks 0,009ms
[2024-12-04T16:40:50.260+0700][9,409s][info   ][gc,marking  ] GC(801) Concurrent Scan Root Regions
[2024-12-04T16:40:50.260+0700][9,409s][info   ][gc,marking  ] GC(801) Concurrent Scan Root Regions 0,003ms
[2024-12-04T16:40:50.260+0700][9,409s][info   ][gc,marking  ] GC(801) Concurrent Mark
[2024-12-04T16:40:50.260+0700][9,409s][info   ][gc,marking  ] GC(801) Concurrent Mark From Roots
[2024-12-04T16:40:50.260+0700][9,409s][info   ][gc,task     ] GC(801) Using 2 workers of 2 for marking
[2024-12-04T16:40:50.263+0700][9,412s][info   ][gc,marking  ] GC(801) Concurrent Mark From Roots 3,414ms
[2024-12-04T16:40:50.263+0700][9,412s][info   ][gc,marking  ] GC(801) Concurrent Preclean
[2024-12-04T16:40:50.263+0700][9,412s][info   ][gc,marking  ] GC(801) Concurrent Preclean 0,042ms
[2024-12-04T16:40:50.263+0700][9,412s][info   ][gc,start    ] GC(801) Pause Remark
[2024-12-04T16:40:50.264+0700][9,413s][info   ][gc          ] GC(801) Pause Remark 1464M->1464M(2048M) 0,871ms
[2024-12-04T16:40:50.264+0700][9,413s][info   ][gc,cpu      ] GC(801) User=0,00s Sys=0,00s Real=0,00s
[2024-12-04T16:40:50.264+0700][9,413s][info   ][gc,marking  ] GC(801) Concurrent Mark 4,429ms
[2024-12-04T16:40:50.264+0700][9,413s][info   ][gc,marking  ] GC(801) Concurrent Rebuild Remembered Sets
[2024-12-04T16:40:50.266+0700][9,415s][info   ][gc,marking  ] GC(801) Concurrent Rebuild Remembered Sets 1,590ms
[2024-12-04T16:40:50.266+0700][9,415s][info   ][gc,start    ] GC(801) Pause Cleanup
[2024-12-04T16:40:50.266+0700][9,415s][info   ][gc          ] GC(801) Pause Cleanup 1465M->1465M(2048M) 0,272ms
[2024-12-04T16:40:50.266+0700][9,415s][info   ][gc,cpu      ] GC(801) User=0,00s Sys=0,00s Real=0,00s
[2024-12-04T16:40:50.266+0700][9,415s][info   ][gc,marking  ] GC(801) Concurrent Cleanup for Next Mark
[2024-12-04T16:40:50.269+0700][9,418s][info   ][gc,marking  ] GC(801) Concurrent Cleanup for Next Mark 2,955ms
[2024-12-04T16:40:50.269+0700][9,418s][info   ][gc          ] GC(801) Concurrent Mark Cycle 9,525ms
[2024-12-04T16:40:50.272+0700][9,421s][info   ][gc,start    ] GC(802) Pause Young (Concurrent Start) (G1 Humongous Allocation)
[2024-12-04T16:40:50.272+0700][9,421s][info   ][gc,task     ] GC(802) Using 8 workers of 8 for evacuation
[2024-12-04T16:40:50.273+0700][9,422s][info   ][gc,phases   ] GC(802)   Pre Evacuate Collection Set: 0,4ms
[2024-12-04T16:40:50.273+0700][9,422s][info   ][gc,phases   ] GC(802)   Merge Heap Roots: 0,2ms
[2024-12-04T16:40:50.273+0700][9,422s][info   ][gc,phases   ] GC(802)   Evacuate Collection Set: 0,7ms
[2024-12-04T16:40:50.273+0700][9,422s][info   ][gc,phases   ] GC(802)   Post Evacuate Collection Set: 0,1ms
[2024-12-04T16:40:50.273+0700][9,422s][info   ][gc,phases   ] GC(802)   Other: 0,2ms
[2024-12-04T16:40:50.273+0700][9,422s][info   ][gc,heap     ] GC(802) Eden regions: 1->0(375)
[2024-12-04T16:40:50.273+0700][9,422s][info   ][gc,heap     ] GC(802) Survivor regions: 0->0(48)
[2024-12-04T16:40:50.273+0700][9,422s][info   ][gc,heap     ] GC(802) Old regions: 3->3
[2024-12-04T16:40:50.273+0700][9,422s][info   ][gc,heap     ] GC(802) Archive regions: 2->2
[2024-12-04T16:40:50.273+0700][9,422s][info   ][gc,heap     ] GC(802) Humongous regions: 1462->1462
[2024-12-04T16:40:50.273+0700][9,422s][info   ][gc,metaspace] GC(802) Metaspace: 5832K(6080K)->5832K(6080K) NonClass: 5167K(5312K)->5167K(5312K) Class: 664K(768K)->664K(768K)
[2024-12-04T16:40:50.273+0700][9,422s][info   ][gc          ] GC(802) Pause Young (Concurrent Start) (G1 Humongous Allocation) 1465M->1465M(2048M) 1,714ms
[2024-12-04T16:40:50.273+0700][9,422s][info   ][gc,cpu      ] GC(802) User=0,00s Sys=0,00s Real=0,01s
[2024-12-04T16:40:50.273+0700][9,422s][info   ][gc          ] GC(803) Concurrent Mark Cycle
[2024-12-04T16:40:50.273+0700][9,422s][info   ][gc,marking  ] GC(803) Concurrent Clear Claimed Marks
[2024-12-04T16:40:50.273+0700][9,422s][info   ][gc,marking  ] GC(803) Concurrent Clear Claimed Marks 0,009ms
[2024-12-04T16:40:50.273+0700][9,422s][info   ][gc,marking  ] GC(803) Concurrent Scan Root Regions
[2024-12-04T16:40:50.273+0700][9,422s][info   ][gc,marking  ] GC(803) Concurrent Scan Root Regions 0,006ms
[2024-12-04T16:40:50.273+0700][9,422s][info   ][gc,marking  ] GC(803) Concurrent Mark
[2024-12-04T16:40:50.273+0700][9,422s][info   ][gc,marking  ] GC(803) Concurrent Mark From Roots
[2024-12-04T16:40:50.273+0700][9,422s][info   ][gc,task     ] GC(803) Using 2 workers of 2 for marking
[2024-12-04T16:40:50.278+0700][9,426s][info   ][gc,marking  ] GC(803) Concurrent Mark From Roots 4,073ms
[2024-12-04T16:40:50.278+0700][9,426s][info   ][gc,marking  ] GC(803) Concurrent Preclean
[2024-12-04T16:40:50.278+0700][9,427s][info   ][gc,marking  ] GC(803) Concurrent Preclean 0,077ms
[2024-12-04T16:40:50.278+0700][9,427s][info   ][gc,start    ] GC(803) Pause Remark
[2024-12-04T16:40:50.279+0700][9,428s][info   ][gc          ] GC(803) Pause Remark 1466M->1466M(2048M) 1,139ms
[2024-12-04T16:40:50.279+0700][9,428s][info   ][gc,cpu      ] GC(803) User=0,00s Sys=0,00s Real=0,00s
[2024-12-04T16:40:50.279+0700][9,428s][info   ][gc,marking  ] GC(803) Concurrent Mark 5,486ms
[2024-12-04T16:40:50.279+0700][9,428s][info   ][gc,marking  ] GC(803) Concurrent Rebuild Remembered Sets
[2024-12-04T16:40:50.281+0700][9,430s][info   ][gc,marking  ] GC(803) Concurrent Rebuild Remembered Sets 1,980ms
[2024-12-04T16:40:50.281+0700][9,430s][info   ][gc,start    ] GC(803) Pause Cleanup
[2024-12-04T16:40:50.281+0700][9,430s][info   ][gc          ] GC(803) Pause Cleanup 1467M->1467M(2048M) 0,297ms
[2024-12-04T16:40:50.281+0700][9,430s][info   ][gc,cpu      ] GC(803) User=0,00s Sys=0,00s Real=0,00s
[2024-12-04T16:40:50.281+0700][9,430s][info   ][gc,marking  ] GC(803) Concurrent Cleanup for Next Mark
[2024-12-04T16:40:50.284+0700][9,433s][info   ][gc,marking  ] GC(803) Concurrent Cleanup for Next Mark 2,879ms
[2024-12-04T16:40:50.284+0700][9,433s][info   ][gc          ] GC(803) Concurrent Mark Cycle 10,869ms
[2024-12-04T16:40:50.285+0700][9,433s][info   ][gc,start    ] GC(804) Pause Young (Concurrent Start) (G1 Humongous Allocation)
[2024-12-04T16:40:50.285+0700][9,433s][info   ][gc,task     ] GC(804) Using 8 workers of 8 for evacuation
[2024-12-04T16:40:50.286+0700][9,434s][info   ][gc,phases   ] GC(804)   Pre Evacuate Collection Set: 0,2ms
[2024-12-04T16:40:50.286+0700][9,434s][info   ][gc,phases   ] GC(804)   Merge Heap Roots: 0,2ms
[2024-12-04T16:40:50.286+0700][9,434s][info   ][gc,phases   ] GC(804)   Evacuate Collection Set: 0,3ms
[2024-12-04T16:40:50.286+0700][9,435s][info   ][gc,phases   ] GC(804)   Post Evacuate Collection Set: 0,1ms
[2024-12-04T16:40:50.286+0700][9,435s][info   ][gc,phases   ] GC(804)   Other: 0,2ms
[2024-12-04T16:40:50.286+0700][9,435s][info   ][gc,heap     ] GC(804) Eden regions: 1->0(373)
[2024-12-04T16:40:50.286+0700][9,435s][info   ][gc,heap     ] GC(804) Survivor regions: 0->0(47)
[2024-12-04T16:40:50.286+0700][9,435s][info   ][gc,heap     ] GC(804) Old regions: 3->3
[2024-12-04T16:40:50.286+0700][9,435s][info   ][gc,heap     ] GC(804) Archive regions: 2->2
[2024-12-04T16:40:50.286+0700][9,435s][info   ][gc,heap     ] GC(804) Humongous regions: 1464->1464
[2024-12-04T16:40:50.286+0700][9,435s][info   ][gc,metaspace] GC(804) Metaspace: 5832K(6080K)->5832K(6080K) NonClass: 5167K(5312K)->5167K(5312K) Class: 664K(768K)->664K(768K)
[2024-12-04T16:40:50.286+0700][9,435s][info   ][gc          ] GC(804) Pause Young (Concurrent Start) (G1 Humongous Allocation) 1467M->1467M(2048M) 1,131ms
[2024-12-04T16:40:50.286+0700][9,435s][info   ][gc,cpu      ] GC(804) User=0,01s Sys=0,00s Real=0,00s
[2024-12-04T16:40:50.286+0700][9,435s][info   ][gc          ] GC(805) Concurrent Mark Cycle
[2024-12-04T16:40:50.286+0700][9,435s][info   ][gc,marking  ] GC(805) Concurrent Clear Claimed Marks
[2024-12-04T16:40:50.286+0700][9,435s][info   ][gc,marking  ] GC(805) Concurrent Clear Claimed Marks 0,010ms
[2024-12-04T16:40:50.286+0700][9,435s][info   ][gc,marking  ] GC(805) Concurrent Scan Root Regions
[2024-12-04T16:40:50.286+0700][9,435s][info   ][gc,marking  ] GC(805) Concurrent Scan Root Regions 0,003ms
[2024-12-04T16:40:50.286+0700][9,435s][info   ][gc,marking  ] GC(805) Concurrent Mark
[2024-12-04T16:40:50.286+0700][9,435s][info   ][gc,marking  ] GC(805) Concurrent Mark From Roots
[2024-12-04T16:40:50.286+0700][9,435s][info   ][gc,task     ] GC(805) Using 2 workers of 2 for marking
[2024-12-04T16:40:50.289+0700][9,438s][info   ][gc,marking  ] GC(805) Concurrent Mark From Roots 3,501ms
[2024-12-04T16:40:50.289+0700][9,438s][info   ][gc,marking  ] GC(805) Concurrent Preclean
[2024-12-04T16:40:50.289+0700][9,438s][info   ][gc,marking  ] GC(805) Concurrent Preclean 0,040ms
[2024-12-04T16:40:50.289+0700][9,438s][info   ][gc,start    ] GC(805) Pause Remark
[2024-12-04T16:40:50.290+0700][9,439s][info   ][gc          ] GC(805) Pause Remark 1468M->1468M(2048M) 0,744ms
[2024-12-04T16:40:50.290+0700][9,439s][info   ][gc,cpu      ] GC(805) User=0,01s Sys=0,00s Real=0,00s
[2024-12-04T16:40:50.290+0700][9,439s][info   ][gc,marking  ] GC(805) Concurrent Mark 4,378ms
[2024-12-04T16:40:50.290+0700][9,439s][info   ][gc,marking  ] GC(805) Concurrent Rebuild Remembered Sets
[2024-12-04T16:40:50.292+0700][9,441s][info   ][gc,marking  ] GC(805) Concurrent Rebuild Remembered Sets 1,489ms
[2024-12-04T16:40:50.292+0700][9,441s][info   ][gc,start    ] GC(805) Pause Cleanup
[2024-12-04T16:40:50.292+0700][9,441s][info   ][gc          ] GC(805) Pause Cleanup 1469M->1469M(2048M) 0,173ms
[2024-12-04T16:40:50.292+0700][9,441s][info   ][gc,cpu      ] GC(805) User=0,00s Sys=0,00s Real=0,00s
[2024-12-04T16:40:50.292+0700][9,441s][info   ][gc,marking  ] GC(805) Concurrent Cleanup for Next Mark
[2024-12-04T16:40:50.296+0700][9,444s][info   ][gc,marking  ] GC(805) Concurrent Cleanup for Next Mark 3,143ms
[2024-12-04T16:40:50.296+0700][9,445s][info   ][gc          ] GC(805) Concurrent Mark Cycle 9,911ms
[2024-12-04T16:40:50.298+0700][9,447s][info   ][gc,start    ] GC(806) Pause Young (Concurrent Start) (G1 Humongous Allocation)
[2024-12-04T16:40:50.298+0700][9,447s][info   ][gc,task     ] GC(806) Using 8 workers of 8 for evacuation
[2024-12-04T16:40:50.299+0700][9,448s][info   ][gc,phases   ] GC(806)   Pre Evacuate Collection Set: 0,4ms
[2024-12-04T16:40:50.299+0700][9,448s][info   ][gc,phases   ] GC(806)   Merge Heap Roots: 0,3ms
[2024-12-04T16:40:50.299+0700][9,448s][info   ][gc,phases   ] GC(806)   Evacuate Collection Set: 0,5ms
[2024-12-04T16:40:50.299+0700][9,448s][info   ][gc,phases   ] GC(806)   Post Evacuate Collection Set: 0,1ms
[2024-12-04T16:40:50.299+0700][9,448s][info   ][gc,phases   ] GC(806)   Other: 0,2ms
[2024-12-04T16:40:50.299+0700][9,448s][info   ][gc,heap     ] GC(806) Eden regions: 1->0(371)
[2024-12-04T16:40:50.299+0700][9,448s][info   ][gc,heap     ] GC(806) Survivor regions: 0->0(47)
[2024-12-04T16:40:50.299+0700][9,448s][info   ][gc,heap     ] GC(806) Old regions: 3->3
[2024-12-04T16:40:50.299+0700][9,448s][info   ][gc,heap     ] GC(806) Archive regions: 2->2
[2024-12-04T16:40:50.299+0700][9,448s][info   ][gc,heap     ] GC(806) Humongous regions: 1466->1466
[2024-12-04T16:40:50.299+0700][9,448s][info   ][gc,metaspace] GC(806) Metaspace: 5832K(6080K)->5832K(6080K) NonClass: 5167K(5312K)->5167K(5312K) Class: 664K(768K)->664K(768K)
[2024-12-04T16:40:50.299+0700][9,448s][info   ][gc          ] GC(806) Pause Young (Concurrent Start) (G1 Humongous Allocation) 1469M->1469M(2048M) 1,649ms
[2024-12-04T16:40:50.299+0700][9,448s][info   ][gc,cpu      ] GC(806) User=0,00s Sys=0,00s Real=0,00s
[2024-12-04T16:40:50.299+0700][9,448s][info   ][gc          ] GC(807) Concurrent Mark Cycle
[2024-12-04T16:40:50.299+0700][9,448s][info   ][gc,marking  ] GC(807) Concurrent Clear Claimed Marks
[2024-12-04T16:40:50.299+0700][9,448s][info   ][gc,marking  ] GC(807) Concurrent Clear Claimed Marks 0,010ms
[2024-12-04T16:40:50.299+0700][9,448s][info   ][gc,marking  ] GC(807) Concurrent Scan Root Regions
[2024-12-04T16:40:50.299+0700][9,448s][info   ][gc,marking  ] GC(807) Concurrent Scan Root Regions 0,003ms
[2024-12-04T16:40:50.299+0700][9,448s][info   ][gc,marking  ] GC(807) Concurrent Mark
[2024-12-04T16:40:50.299+0700][9,448s][info   ][gc,marking  ] GC(807) Concurrent Mark From Roots
[2024-12-04T16:40:50.299+0700][9,448s][info   ][gc,task     ] GC(807) Using 2 workers of 2 for marking
[2024-12-04T16:40:50.304+0700][9,452s][info   ][gc,marking  ] GC(807) Concurrent Mark From Roots 4,058ms
[2024-12-04T16:40:50.304+0700][9,452s][info   ][gc,marking  ] GC(807) Concurrent Preclean
[2024-12-04T16:40:50.304+0700][9,452s][info   ][gc,marking  ] GC(807) Concurrent Preclean 0,041ms
[2024-12-04T16:40:50.304+0700][9,453s][info   ][gc,start    ] GC(807) Pause Remark
[2024-12-04T16:40:50.305+0700][9,453s][info   ][gc          ] GC(807) Pause Remark 1470M->1470M(2048M) 0,966ms
[2024-12-04T16:40:50.305+0700][9,453s][info   ][gc,cpu      ] GC(807) User=0,00s Sys=0,00s Real=0,00s
[2024-12-04T16:40:50.305+0700][9,454s][info   ][gc,marking  ] GC(807) Concurrent Mark 5,200ms
[2024-12-04T16:40:50.305+0700][9,454s][info   ][gc,marking  ] GC(807) Concurrent Rebuild Remembered Sets
[2024-12-04T16:40:50.307+0700][9,455s][info   ][gc,marking  ] GC(807) Concurrent Rebuild Remembered Sets 1,905ms
[2024-12-04T16:40:50.307+0700][9,456s][info   ][gc,start    ] GC(807) Pause Cleanup
[2024-12-04T16:40:50.307+0700][9,456s][info   ][gc          ] GC(807) Pause Cleanup 1471M->1471M(2048M) 0,342ms
[2024-12-04T16:40:50.307+0700][9,456s][info   ][gc,cpu      ] GC(807) User=0,00s Sys=0,00s Real=0,00s
[2024-12-04T16:40:50.307+0700][9,456s][info   ][gc,marking  ] GC(807) Concurrent Cleanup for Next Mark
[2024-12-04T16:40:50.313+0700][9,462s][info   ][gc,marking  ] GC(807) Concurrent Cleanup for Next Mark 6,053ms
[2024-12-04T16:40:50.313+0700][9,462s][info   ][gc          ] GC(807) Concurrent Mark Cycle 13,760ms
[2024-12-04T16:40:50.317+0700][9,466s][info   ][gc,start    ] GC(808) Pause Young (Concurrent Start) (G1 Humongous Allocation)
[2024-12-04T16:40:50.317+0700][9,466s][info   ][gc,task     ] GC(808) Using 8 workers of 8 for evacuation
[2024-12-04T16:40:50.322+0700][9,470s][info   ][gc,phases   ] GC(808)   Pre Evacuate Collection Set: 1,0ms
[2024-12-04T16:40:50.322+0700][9,470s][info   ][gc,phases   ] GC(808)   Merge Heap Roots: 0,4ms
[2024-12-04T16:40:50.322+0700][9,470s][info   ][gc,phases   ] GC(808)   Evacuate Collection Set: 2,6ms
[2024-12-04T16:40:50.322+0700][9,470s][info   ][gc,phases   ] GC(808)   Post Evacuate Collection Set: 0,4ms
[2024-12-04T16:40:50.322+0700][9,471s][info   ][gc,phases   ] GC(808)   Other: 0,4ms
[2024-12-04T16:40:50.322+0700][9,471s][info   ][gc,heap     ] GC(808) Eden regions: 1->0(368)
[2024-12-04T16:40:50.322+0700][9,471s][info   ][gc,heap     ] GC(808) Survivor regions: 0->0(47)
[2024-12-04T16:40:50.322+0700][9,471s][info   ][gc,heap     ] GC(808) Old regions: 3->3
[2024-12-04T16:40:50.322+0700][9,471s][info   ][gc,heap     ] GC(808) Archive regions: 2->2
[2024-12-04T16:40:50.322+0700][9,471s][info   ][gc,heap     ] GC(808) Humongous regions: 1469->1469
[2024-12-04T16:40:50.322+0700][9,471s][info   ][gc,metaspace] GC(808) Metaspace: 5832K(6080K)->5832K(6080K) NonClass: 5167K(5312K)->5167K(5312K) Class: 664K(768K)->664K(768K)
[2024-12-04T16:40:50.322+0700][9,471s][info   ][gc          ] GC(808) Pause Young (Concurrent Start) (G1 Humongous Allocation) 1472M->1472M(2048M) 4,977ms
[2024-12-04T16:40:50.322+0700][9,471s][info   ][gc,cpu      ] GC(808) User=0,01s Sys=0,00s Real=0,00s
[2024-12-04T16:40:50.322+0700][9,471s][info   ][gc          ] GC(809) Concurrent Mark Cycle
[2024-12-04T16:40:50.322+0700][9,471s][info   ][gc,marking  ] GC(809) Concurrent Clear Claimed Marks
[2024-12-04T16:40:50.322+0700][9,471s][info   ][gc,marking  ] GC(809) Concurrent Clear Claimed Marks 0,027ms
[2024-12-04T16:40:50.322+0700][9,471s][info   ][gc,marking  ] GC(809) Concurrent Scan Root Regions
[2024-12-04T16:40:50.322+0700][9,471s][info   ][gc,marking  ] GC(809) Concurrent Scan Root Regions 0,008ms
[2024-12-04T16:40:50.322+0700][9,471s][info   ][gc,marking  ] GC(809) Concurrent Mark
[2024-12-04T16:40:50.322+0700][9,471s][info   ][gc,marking  ] GC(809) Concurrent Mark From Roots
[2024-12-04T16:40:50.322+0700][9,471s][info   ][gc,task     ] GC(809) Using 2 workers of 2 for marking
[2024-12-04T16:40:50.327+0700][9,476s][info   ][gc,marking  ] GC(809) Concurrent Mark From Roots 4,942ms
[2024-12-04T16:40:50.327+0700][9,476s][info   ][gc,marking  ] GC(809) Concurrent Preclean
[2024-12-04T16:40:50.327+0700][9,476s][info   ][gc,marking  ] GC(809) Concurrent Preclean 0,072ms
[2024-12-04T16:40:50.327+0700][9,476s][info   ][gc,start    ] GC(809) Pause Remark
[2024-12-04T16:40:50.329+0700][9,478s][info   ][gc          ] GC(809) Pause Remark 1473M->1473M(2048M) 1,661ms
[2024-12-04T16:40:50.329+0700][9,478s][info   ][gc,cpu      ] GC(809) User=0,00s Sys=0,00s Real=0,00s
[2024-12-04T16:40:50.329+0700][9,478s][info   ][gc,marking  ] GC(809) Concurrent Mark 6,958ms
[2024-12-04T16:40:50.329+0700][9,478s][info   ][gc,marking  ] GC(809) Concurrent Rebuild Remembered Sets
[2024-12-04T16:40:50.331+0700][9,480s][info   ][gc,marking  ] GC(809) Concurrent Rebuild Remembered Sets 2,332ms
[2024-12-04T16:40:50.331+0700][9,480s][info   ][gc,start    ] GC(809) Pause Cleanup
[2024-12-04T16:40:50.332+0700][9,481s][info   ][gc          ] GC(809) Pause Cleanup 1474M->1474M(2048M) 0,293ms
[2024-12-04T16:40:50.332+0700][9,481s][info   ][gc,cpu      ] GC(809) User=0,00s Sys=0,00s Real=0,00s
[2024-12-04T16:40:50.332+0700][9,481s][info   ][gc,marking  ] GC(809) Concurrent Cleanup for Next Mark
[2024-12-04T16:40:50.335+0700][9,484s][info   ][gc,marking  ] GC(809) Concurrent Cleanup for Next Mark 3,728ms
[2024-12-04T16:40:50.336+0700][9,484s][info   ][gc          ] GC(809) Concurrent Mark Cycle 13,792ms
[2024-12-04T16:40:50.341+0700][9,490s][info   ][gc,start    ] GC(810) Pause Young (Concurrent Start) (G1 Humongous Allocation)
[2024-12-04T16:40:50.341+0700][9,490s][info   ][gc,task     ] GC(810) Using 8 workers of 8 for evacuation
[2024-12-04T16:40:50.343+0700][9,492s][info   ][gc,phases   ] GC(810)   Pre Evacuate Collection Set: 0,2ms
[2024-12-04T16:40:50.343+0700][9,492s][info   ][gc,phases   ] GC(810)   Merge Heap Roots: 0,4ms
[2024-12-04T16:40:50.343+0700][9,492s][info   ][gc,phases   ] GC(810)   Evacuate Collection Set: 1,1ms
[2024-12-04T16:40:50.343+0700][9,492s][info   ][gc,phases   ] GC(810)   Post Evacuate Collection Set: 0,2ms
[2024-12-04T16:40:50.343+0700][9,492s][info   ][gc,phases   ] GC(810)   Other: 0,2ms
[2024-12-04T16:40:50.343+0700][9,492s][info   ][gc,heap     ] GC(810) Eden regions: 1->0(365)
[2024-12-04T16:40:50.343+0700][9,492s][info   ][gc,heap     ] GC(810) Survivor regions: 0->0(46)
[2024-12-04T16:40:50.343+0700][9,492s][info   ][gc,heap     ] GC(810) Old regions: 3->3
[2024-12-04T16:40:50.343+0700][9,492s][info   ][gc,heap     ] GC(810) Archive regions: 2->2
[2024-12-04T16:40:50.343+0700][9,492s][info   ][gc,heap     ] GC(810) Humongous regions: 1472->1472
[2024-12-04T16:40:50.343+0700][9,492s][info   ][gc,metaspace] GC(810) Metaspace: 5832K(6080K)->5832K(6080K) NonClass: 5167K(5312K)->5167K(5312K) Class: 664K(768K)->664K(768K)
[2024-12-04T16:40:50.343+0700][9,492s][info   ][gc          ] GC(810) Pause Young (Concurrent Start) (G1 Humongous Allocation) 1475M->1475M(2048M) 2,104ms
[2024-12-04T16:40:50.343+0700][9,492s][info   ][gc,cpu      ] GC(810) User=0,01s Sys=0,00s Real=0,00s
[2024-12-04T16:40:50.343+0700][9,492s][info   ][gc          ] GC(811) Concurrent Mark Cycle
[2024-12-04T16:40:50.343+0700][9,492s][info   ][gc,marking  ] GC(811) Concurrent Clear Claimed Marks
[2024-12-04T16:40:50.343+0700][9,492s][info   ][gc,marking  ] GC(811) Concurrent Clear Claimed Marks 0,014ms
[2024-12-04T16:40:50.343+0700][9,492s][info   ][gc,marking  ] GC(811) Concurrent Scan Root Regions
[2024-12-04T16:40:50.343+0700][9,492s][info   ][gc,marking  ] GC(811) Concurrent Scan Root Regions 0,006ms
[2024-12-04T16:40:50.343+0700][9,492s][info   ][gc,marking  ] GC(811) Concurrent Mark
[2024-12-04T16:40:50.343+0700][9,492s][info   ][gc,marking  ] GC(811) Concurrent Mark From Roots
[2024-12-04T16:40:50.343+0700][9,492s][info   ][gc,task     ] GC(811) Using 2 workers of 2 for marking
[2024-12-04T16:40:50.347+0700][9,496s][info   ][gc,marking  ] GC(811) Concurrent Mark From Roots 3,828ms
[2024-12-04T16:40:50.347+0700][9,496s][info   ][gc,marking  ] GC(811) Concurrent Preclean
[2024-12-04T16:40:50.347+0700][9,496s][info   ][gc,marking  ] GC(811) Concurrent Preclean 0,061ms
[2024-12-04T16:40:50.347+0700][9,496s][info   ][gc,start    ] GC(811) Pause Remark
[2024-12-04T16:40:50.348+0700][9,497s][info   ][gc          ] GC(811) Pause Remark 1476M->1476M(2048M) 0,829ms
[2024-12-04T16:40:50.348+0700][9,497s][info   ][gc,cpu      ] GC(811) User=0,01s Sys=0,00s Real=0,00s
[2024-12-04T16:40:50.348+0700][9,497s][info   ][gc,marking  ] GC(811) Concurrent Mark 4,883ms
[2024-12-04T16:40:50.348+0700][9,497s][info   ][gc,marking  ] GC(811) Concurrent Rebuild Remembered Sets
[2024-12-04T16:40:50.350+0700][9,499s][info   ][gc,marking  ] GC(811) Concurrent Rebuild Remembered Sets 2,244ms
[2024-12-04T16:40:50.350+0700][9,499s][info   ][gc,start    ] GC(811) Pause Cleanup
[2024-12-04T16:40:50.350+0700][9,499s][info   ][gc          ] GC(811) Pause Cleanup 1477M->1477M(2048M) 0,238ms
[2024-12-04T16:40:50.350+0700][9,499s][info   ][gc,cpu      ] GC(811) User=0,00s Sys=0,00s Real=0,00s
[2024-12-04T16:40:50.351+0700][9,499s][info   ][gc,marking  ] GC(811) Concurrent Cleanup for Next Mark
[2024-12-04T16:40:50.356+0700][9,505s][info   ][gc,marking  ] GC(811) Concurrent Cleanup for Next Mark 5,105ms
[2024-12-04T16:40:50.356+0700][9,505s][info   ][gc          ] GC(811) Concurrent Mark Cycle 12,760ms
[2024-12-04T16:40:50.360+0700][9,509s][info   ][gc,start    ] GC(812) Pause Young (Concurrent Start) (G1 Humongous Allocation)
[2024-12-04T16:40:50.360+0700][9,509s][info   ][gc,task     ] GC(812) Using 8 workers of 8 for evacuation
[2024-12-04T16:40:50.362+0700][9,511s][info   ][gc,phases   ] GC(812)   Pre Evacuate Collection Set: 0,5ms
[2024-12-04T16:40:50.362+0700][9,511s][info   ][gc,phases   ] GC(812)   Merge Heap Roots: 0,3ms
[2024-12-04T16:40:50.362+0700][9,511s][info   ][gc,phases   ] GC(812)   Evacuate Collection Set: 0,4ms
[2024-12-04T16:40:50.362+0700][9,511s][info   ][gc,phases   ] GC(812)   Post Evacuate Collection Set: 0,1ms
[2024-12-04T16:40:50.362+0700][9,511s][info   ][gc,phases   ] GC(812)   Other: 0,3ms
[2024-12-04T16:40:50.362+0700][9,511s][info   ][gc,heap     ] GC(812) Eden regions: 1->0(362)
[2024-12-04T16:40:50.362+0700][9,511s][info   ][gc,heap     ] GC(812) Survivor regions: 0->0(46)
[2024-12-04T16:40:50.362+0700][9,511s][info   ][gc,heap     ] GC(812) Old regions: 3->3
[2024-12-04T16:40:50.362+0700][9,511s][info   ][gc,heap     ] GC(812) Archive regions: 2->2
[2024-12-04T16:40:50.362+0700][9,511s][info   ][gc,heap     ] GC(812) Humongous regions: 1475->1475
[2024-12-04T16:40:50.362+0700][9,511s][info   ][gc,metaspace] GC(812) Metaspace: 5832K(6080K)->5832K(6080K) NonClass: 5167K(5312K)->5167K(5312K) Class: 664K(768K)->664K(768K)
[2024-12-04T16:40:50.362+0700][9,511s][info   ][gc          ] GC(812) Pause Young (Concurrent Start) (G1 Humongous Allocation) 1478M->1478M(2048M) 1,861ms
[2024-12-04T16:40:50.362+0700][9,511s][info   ][gc,cpu      ] GC(812) User=0,00s Sys=0,00s Real=0,00s
[2024-12-04T16:40:50.362+0700][9,511s][info   ][gc          ] GC(813) Concurrent Mark Cycle
[2024-12-04T16:40:50.362+0700][9,511s][info   ][gc,marking  ] GC(813) Concurrent Clear Claimed Marks
[2024-12-04T16:40:50.362+0700][9,511s][info   ][gc,marking  ] GC(813) Concurrent Clear Claimed Marks 0,020ms
[2024-12-04T16:40:50.362+0700][9,511s][info   ][gc,marking  ] GC(813) Concurrent Scan Root Regions
[2024-12-04T16:40:50.362+0700][9,511s][info   ][gc,marking  ] GC(813) Concurrent Scan Root Regions 0,007ms
[2024-12-04T16:40:50.362+0700][9,511s][info   ][gc,marking  ] GC(813) Concurrent Mark
[2024-12-04T16:40:50.362+0700][9,511s][info   ][gc,marking  ] GC(813) Concurrent Mark From Roots
[2024-12-04T16:40:50.362+0700][9,511s][info   ][gc,task     ] GC(813) Using 2 workers of 2 for marking
[2024-12-04T16:40:50.367+0700][9,516s][info   ][gc,marking  ] GC(813) Concurrent Mark From Roots 4,781ms
[2024-12-04T16:40:50.367+0700][9,516s][info   ][gc,marking  ] GC(813) Concurrent Preclean
[2024-12-04T16:40:50.367+0700][9,516s][info   ][gc,marking  ] GC(813) Concurrent Preclean 0,078ms
[2024-12-04T16:40:50.367+0700][9,516s][info   ][gc,start    ] GC(813) Pause Remark
[2024-12-04T16:40:50.371+0700][9,520s][info   ][gc          ] GC(813) Pause Remark 1479M->1479M(2048M) 3,729ms
[2024-12-04T16:40:50.371+0700][9,520s][info   ][gc,cpu      ] GC(813) User=0,01s Sys=0,00s Real=0,00s
[2024-12-04T16:40:50.371+0700][9,520s][info   ][gc,marking  ] GC(813) Concurrent Mark 8,978ms
[2024-12-04T16:40:50.371+0700][9,520s][info   ][gc,marking  ] GC(813) Concurrent Rebuild Remembered Sets
[2024-12-04T16:40:50.374+0700][9,523s][info   ][gc,marking  ] GC(813) Concurrent Rebuild Remembered Sets 2,388ms
[2024-12-04T16:40:50.374+0700][9,523s][info   ][gc,start    ] GC(813) Pause Cleanup
[2024-12-04T16:40:50.374+0700][9,523s][info   ][gc          ] GC(813) Pause Cleanup 1480M->1480M(2048M) 0,267ms
[2024-12-04T16:40:50.374+0700][9,523s][info   ][gc,cpu      ] GC(813) User=0,00s Sys=0,00s Real=0,00s
[2024-12-04T16:40:50.374+0700][9,523s][info   ][gc,marking  ] GC(813) Concurrent Cleanup for Next Mark
[2024-12-04T16:40:50.378+0700][9,527s][info   ][gc,marking  ] GC(813) Concurrent Cleanup for Next Mark 3,744ms
[2024-12-04T16:40:50.378+0700][9,527s][info   ][gc          ] GC(813) Concurrent Mark Cycle 15,794ms
[2024-12-04T16:40:50.384+0700][9,533s][info   ][gc,start    ] GC(814) Pause Young (Concurrent Start) (G1 Humongous Allocation)
[2024-12-04T16:40:50.384+0700][9,533s][info   ][gc,task     ] GC(814) Using 8 workers of 8 for evacuation
[2024-12-04T16:40:50.385+0700][9,534s][info   ][gc,phases   ] GC(814)   Pre Evacuate Collection Set: 0,4ms
[2024-12-04T16:40:50.385+0700][9,534s][info   ][gc,phases   ] GC(814)   Merge Heap Roots: 0,4ms
[2024-12-04T16:40:50.385+0700][9,534s][info   ][gc,phases   ] GC(814)   Evacuate Collection Set: 0,4ms
[2024-12-04T16:40:50.385+0700][9,534s][info   ][gc,phases   ] GC(814)   Post Evacuate Collection Set: 0,1ms
[2024-12-04T16:40:50.385+0700][9,534s][info   ][gc,phases   ] GC(814)   Other: 0,2ms
[2024-12-04T16:40:50.385+0700][9,534s][info   ][gc,heap     ] GC(814) Eden regions: 1->0(359)
[2024-12-04T16:40:50.385+0700][9,534s][info   ][gc,heap     ] GC(814) Survivor regions: 0->0(46)
[2024-12-04T16:40:50.385+0700][9,534s][info   ][gc,heap     ] GC(814) Old regions: 3->3
[2024-12-04T16:40:50.385+0700][9,534s][info   ][gc,heap     ] GC(814) Archive regions: 2->2
[2024-12-04T16:40:50.385+0700][9,534s][info   ][gc,heap     ] GC(814) Humongous regions: 1478->1478
[2024-12-04T16:40:50.385+0700][9,534s][info   ][gc,metaspace] GC(814) Metaspace: 5832K(6080K)->5832K(6080K) NonClass: 5167K(5312K)->5167K(5312K) Class: 664K(768K)->664K(768K)
[2024-12-04T16:40:50.385+0700][9,534s][info   ][gc          ] GC(814) Pause Young (Concurrent Start) (G1 Humongous Allocation) 1481M->1481M(2048M) 1,634ms
[2024-12-04T16:40:50.385+0700][9,534s][info   ][gc,cpu      ] GC(814) User=0,00s Sys=0,00s Real=0,00s
[2024-12-04T16:40:50.385+0700][9,534s][info   ][gc          ] GC(815) Concurrent Mark Cycle
[2024-12-04T16:40:50.385+0700][9,534s][info   ][gc,marking  ] GC(815) Concurrent Clear Claimed Marks
[2024-12-04T16:40:50.385+0700][9,534s][info   ][gc,marking  ] GC(815) Concurrent Clear Claimed Marks 0,018ms
[2024-12-04T16:40:50.385+0700][9,534s][info   ][gc,marking  ] GC(815) Concurrent Scan Root Regions
[2024-12-04T16:40:50.385+0700][9,534s][info   ][gc,marking  ] GC(815) Concurrent Scan Root Regions 0,007ms
[2024-12-04T16:40:50.385+0700][9,534s][info   ][gc,marking  ] GC(815) Concurrent Mark
[2024-12-04T16:40:50.385+0700][9,534s][info   ][gc,marking  ] GC(815) Concurrent Mark From Roots
[2024-12-04T16:40:50.385+0700][9,534s][info   ][gc,task     ] GC(815) Using 2 workers of 2 for marking
[2024-12-04T16:40:50.390+0700][9,539s][info   ][gc,marking  ] GC(815) Concurrent Mark From Roots 4,509ms
[2024-12-04T16:40:50.390+0700][9,539s][info   ][gc,marking  ] GC(815) Concurrent Preclean
[2024-12-04T16:40:50.390+0700][9,539s][info   ][gc,marking  ] GC(815) Concurrent Preclean 0,068ms
[2024-12-04T16:40:50.390+0700][9,539s][info   ][gc,start    ] GC(815) Pause Remark
[2024-12-04T16:40:50.391+0700][9,540s][info   ][gc          ] GC(815) Pause Remark 1482M->1482M(2048M) 0,975ms
[2024-12-04T16:40:50.391+0700][9,540s][info   ][gc,cpu      ] GC(815) User=0,00s Sys=0,00s Real=0,00s
[2024-12-04T16:40:50.391+0700][9,540s][info   ][gc,marking  ] GC(815) Concurrent Mark 5,741ms
[2024-12-04T16:40:50.391+0700][9,540s][info   ][gc,marking  ] GC(815) Concurrent Rebuild Remembered Sets
[2024-12-04T16:40:50.393+0700][9,542s][info   ][gc,marking  ] GC(815) Concurrent Rebuild Remembered Sets 1,985ms
[2024-12-04T16:40:50.393+0700][9,542s][info   ][gc,start    ] GC(815) Pause Cleanup
[2024-12-04T16:40:50.394+0700][9,542s][info   ][gc          ] GC(815) Pause Cleanup 1483M->1483M(2048M) 0,307ms
[2024-12-04T16:40:50.394+0700][9,542s][info   ][gc,cpu      ] GC(815) User=0,00s Sys=0,00s Real=0,00s
[2024-12-04T16:40:50.394+0700][9,542s][info   ][gc,marking  ] GC(815) Concurrent Cleanup for Next Mark
[2024-12-04T16:40:50.397+0700][9,546s][info   ][gc,marking  ] GC(815) Concurrent Cleanup for Next Mark 3,689ms
[2024-12-04T16:40:50.397+0700][9,546s][info   ][gc          ] GC(815) Concurrent Mark Cycle 12,059ms
[2024-12-04T16:40:50.403+0700][9,552s][info   ][gc,start    ] GC(816) Pause Young (Concurrent Start) (G1 Humongous Allocation)
[2024-12-04T16:40:50.403+0700][9,552s][info   ][gc,task     ] GC(816) Using 8 workers of 8 for evacuation
[2024-12-04T16:40:50.405+0700][9,553s][info   ][gc,phases   ] GC(816)   Pre Evacuate Collection Set: 0,3ms
[2024-12-04T16:40:50.405+0700][9,553s][info   ][gc,phases   ] GC(816)   Merge Heap Roots: 0,3ms
[2024-12-04T16:40:50.405+0700][9,553s][info   ][gc,phases   ] GC(816)   Evacuate Collection Set: 0,6ms
[2024-12-04T16:40:50.405+0700][9,553s][info   ][gc,phases   ] GC(816)   Post Evacuate Collection Set: 0,1ms
[2024-12-04T16:40:50.405+0700][9,553s][info   ][gc,phases   ] GC(816)   Other: 0,2ms
[2024-12-04T16:40:50.405+0700][9,553s][info   ][gc,heap     ] GC(816) Eden regions: 1->0(356)
[2024-12-04T16:40:50.405+0700][9,553s][info   ][gc,heap     ] GC(816) Survivor regions: 0->0(45)
[2024-12-04T16:40:50.405+0700][9,553s][info   ][gc,heap     ] GC(816) Old regions: 3->3
[2024-12-04T16:40:50.405+0700][9,553s][info   ][gc,heap     ] GC(816) Archive regions: 2->2
[2024-12-04T16:40:50.405+0700][9,554s][info   ][gc,heap     ] GC(816) Humongous regions: 1481->1481
[2024-12-04T16:40:50.405+0700][9,554s][info   ][gc,metaspace] GC(816) Metaspace: 5832K(6080K)->5832K(6080K) NonClass: 5167K(5312K)->5167K(5312K) Class: 664K(768K)->664K(768K)
[2024-12-04T16:40:50.405+0700][9,554s][info   ][gc          ] GC(816) Pause Young (Concurrent Start) (G1 Humongous Allocation) 1484M->1484M(2048M) 1,638ms
[2024-12-04T16:40:50.405+0700][9,554s][info   ][gc,cpu      ] GC(816) User=0,00s Sys=0,00s Real=0,01s
[2024-12-04T16:40:50.405+0700][9,554s][info   ][gc          ] GC(817) Concurrent Mark Cycle
[2024-12-04T16:40:50.405+0700][9,554s][info   ][gc,marking  ] GC(817) Concurrent Clear Claimed Marks
[2024-12-04T16:40:50.405+0700][9,554s][info   ][gc,marking  ] GC(817) Concurrent Clear Claimed Marks 0,009ms
[2024-12-04T16:40:50.405+0700][9,554s][info   ][gc,marking  ] GC(817) Concurrent Scan Root Regions
[2024-12-04T16:40:50.405+0700][9,554s][info   ][gc,marking  ] GC(817) Concurrent Scan Root Regions 0,004ms
[2024-12-04T16:40:50.405+0700][9,554s][info   ][gc,marking  ] GC(817) Concurrent Mark
[2024-12-04T16:40:50.405+0700][9,554s][info   ][gc,marking  ] GC(817) Concurrent Mark From Roots
[2024-12-04T16:40:50.405+0700][9,554s][info   ][gc,task     ] GC(817) Using 2 workers of 2 for marking
[2024-12-04T16:40:50.409+0700][9,558s][info   ][gc,marking  ] GC(817) Concurrent Mark From Roots 4,656ms
[2024-12-04T16:40:50.409+0700][9,558s][info   ][gc,marking  ] GC(817) Concurrent Preclean
[2024-12-04T16:40:50.410+0700][9,558s][info   ][gc,marking  ] GC(817) Concurrent Preclean 0,070ms
[2024-12-04T16:40:50.410+0700][9,558s][info   ][gc,start    ] GC(817) Pause Remark
[2024-12-04T16:40:50.412+0700][9,561s][info   ][gc          ] GC(817) Pause Remark 1485M->1485M(2048M) 2,502ms
[2024-12-04T16:40:50.412+0700][9,561s][info   ][gc,cpu      ] GC(817) User=0,01s Sys=0,00s Real=0,00s
[2024-12-04T16:40:50.412+0700][9,561s][info   ][gc,marking  ] GC(817) Concurrent Mark 7,438ms
[2024-12-04T16:40:50.412+0700][9,561s][info   ][gc,marking  ] GC(817) Concurrent Rebuild Remembered Sets
[2024-12-04T16:40:50.414+0700][9,563s][info   ][gc,marking  ] GC(817) Concurrent Rebuild Remembered Sets 2,228ms
[2024-12-04T16:40:50.415+0700][9,563s][info   ][gc,start    ] GC(817) Pause Cleanup
[2024-12-04T16:40:50.415+0700][9,564s][info   ][gc          ] GC(817) Pause Cleanup 1486M->1486M(2048M) 0,338ms
[2024-12-04T16:40:50.415+0700][9,564s][info   ][gc,cpu      ] GC(817) User=0,00s Sys=0,00s Real=0,00s
[2024-12-04T16:40:50.415+0700][9,564s][info   ][gc,marking  ] GC(817) Concurrent Cleanup for Next Mark
[2024-12-04T16:40:50.419+0700][9,568s][info   ][gc,marking  ] GC(817) Concurrent Cleanup for Next Mark 3,994ms
[2024-12-04T16:40:50.419+0700][9,568s][info   ][gc          ] GC(817) Concurrent Mark Cycle 14,342ms
[2024-12-04T16:40:50.424+0700][9,573s][info   ][gc,start    ] GC(818) Pause Young (Concurrent Start) (G1 Humongous Allocation)
[2024-12-04T16:40:50.424+0700][9,573s][info   ][gc,task     ] GC(818) Using 8 workers of 8 for evacuation
[2024-12-04T16:40:50.425+0700][9,574s][info   ][gc,phases   ] GC(818)   Pre Evacuate Collection Set: 0,3ms
[2024-12-04T16:40:50.425+0700][9,574s][info   ][gc,phases   ] GC(818)   Merge Heap Roots: 0,4ms
[2024-12-04T16:40:50.425+0700][9,574s][info   ][gc,phases   ] GC(818)   Evacuate Collection Set: 0,4ms
[2024-12-04T16:40:50.425+0700][9,574s][info   ][gc,phases   ] GC(818)   Post Evacuate Collection Set: 0,1ms
[2024-12-04T16:40:50.425+0700][9,574s][info   ][gc,phases   ] GC(818)   Other: 0,3ms
[2024-12-04T16:40:50.425+0700][9,574s][info   ][gc,heap     ] GC(818) Eden regions: 2->0(352)
[2024-12-04T16:40:50.425+0700][9,574s][info   ][gc,heap     ] GC(818) Survivor regions: 0->1(45)
[2024-12-04T16:40:50.425+0700][9,574s][info   ][gc,heap     ] GC(818) Old regions: 3->3
[2024-12-04T16:40:50.425+0700][9,574s][info   ][gc,heap     ] GC(818) Archive regions: 2->2
[2024-12-04T16:40:50.425+0700][9,574s][info   ][gc,heap     ] GC(818) Humongous regions: 1484->1484
[2024-12-04T16:40:50.425+0700][9,574s][info   ][gc,metaspace] GC(818) Metaspace: 5839K(6080K)->5839K(6080K) NonClass: 5174K(5312K)->5174K(5312K) Class: 664K(768K)->664K(768K)
[2024-12-04T16:40:50.425+0700][9,574s][info   ][gc          ] GC(818) Pause Young (Concurrent Start) (G1 Humongous Allocation) 1488M->1487M(2048M) 1,609ms
[2024-12-04T16:40:50.425+0700][9,574s][info   ][gc,cpu      ] GC(818) User=0,01s Sys=0,00s Real=0,00s
[2024-12-04T16:40:50.425+0700][9,574s][info   ][gc          ] GC(819) Concurrent Mark Cycle
[2024-12-04T16:40:50.425+0700][9,574s][info   ][gc,marking  ] GC(819) Concurrent Clear Claimed Marks
[2024-12-04T16:40:50.425+0700][9,574s][info   ][gc,marking  ] GC(819) Concurrent Clear Claimed Marks 0,028ms
[2024-12-04T16:40:50.425+0700][9,574s][info   ][gc,marking  ] GC(819) Concurrent Scan Root Regions
[2024-12-04T16:40:50.426+0700][9,575s][info   ][gc,marking  ] GC(819) Concurrent Scan Root Regions 0,153ms
[2024-12-04T16:40:50.426+0700][9,575s][info   ][gc,marking  ] GC(819) Concurrent Mark
[2024-12-04T16:40:50.426+0700][9,575s][info   ][gc,marking  ] GC(819) Concurrent Mark From Roots
[2024-12-04T16:40:50.426+0700][9,575s][info   ][gc,task     ] GC(819) Using 2 workers of 2 for marking
[2024-12-04T16:40:50.430+0700][9,579s][info   ][gc,marking  ] GC(819) Concurrent Mark From Roots 4,344ms
[2024-12-04T16:40:50.430+0700][9,579s][info   ][gc,marking  ] GC(819) Concurrent Preclean
[2024-12-04T16:40:50.430+0700][9,579s][info   ][gc,marking  ] GC(819) Concurrent Preclean 0,058ms
[2024-12-04T16:40:50.430+0700][9,579s][info   ][gc,start    ] GC(819) Pause Remark
[2024-12-04T16:40:50.431+0700][9,580s][info   ][gc          ] GC(819) Pause Remark 1489M->1489M(2048M) 0,770ms
[2024-12-04T16:40:50.431+0700][9,580s][info   ][gc,cpu      ] GC(819) User=0,00s Sys=0,00s Real=0,00s
[2024-12-04T16:40:50.431+0700][9,580s][info   ][gc,marking  ] GC(819) Concurrent Mark 5,316ms
[2024-12-04T16:40:50.431+0700][9,580s][info   ][gc,marking  ] GC(819) Concurrent Rebuild Remembered Sets
[2024-12-04T16:40:50.433+0700][9,582s][info   ][gc,marking  ] GC(819) Concurrent Rebuild Remembered Sets 1,708ms
[2024-12-04T16:40:50.433+0700][9,582s][info   ][gc,start    ] GC(819) Pause Cleanup
[2024-12-04T16:40:50.433+0700][9,582s][info   ][gc          ] GC(819) Pause Cleanup 1490M->1490M(2048M) 0,172ms
[2024-12-04T16:40:50.433+0700][9,582s][info   ][gc,cpu      ] GC(819) User=0,00s Sys=0,00s Real=0,00s
[2024-12-04T16:40:50.433+0700][9,582s][info   ][gc,marking  ] GC(819) Concurrent Cleanup for Next Mark
[2024-12-04T16:40:50.436+0700][9,585s][info   ][gc,marking  ] GC(819) Concurrent Cleanup for Next Mark 3,407ms
[2024-12-04T16:40:50.436+0700][9,585s][info   ][gc          ] GC(819) Concurrent Mark Cycle 10,985ms
[2024-12-04T16:40:50.437+0700][9,586s][info   ][gc,start    ] GC(820) Pause Young (Concurrent Start) (G1 Humongous Allocation)
[2024-12-04T16:40:50.437+0700][9,586s][info   ][gc,task     ] GC(820) Using 8 workers of 8 for evacuation
[2024-12-04T16:40:50.438+0700][9,587s][info   ][gc,phases   ] GC(820)   Pre Evacuate Collection Set: 0,3ms
[2024-12-04T16:40:50.438+0700][9,587s][info   ][gc,phases   ] GC(820)   Merge Heap Roots: 0,3ms
[2024-12-04T16:40:50.438+0700][9,587s][info   ][gc,phases   ] GC(820)   Evacuate Collection Set: 0,6ms
[2024-12-04T16:40:50.438+0700][9,587s][info   ][gc,phases   ] GC(820)   Post Evacuate Collection Set: 0,1ms
[2024-12-04T16:40:50.438+0700][9,587s][info   ][gc,phases   ] GC(820)   Other: 0,2ms
[2024-12-04T16:40:50.438+0700][9,587s][info   ][gc,heap     ] GC(820) Eden regions: 2->0(350)
[2024-12-04T16:40:50.438+0700][9,587s][info   ][gc,heap     ] GC(820) Survivor regions: 1->1(45)
[2024-12-04T16:40:50.438+0700][9,587s][info   ][gc,heap     ] GC(820) Old regions: 3->3
[2024-12-04T16:40:50.438+0700][9,587s][info   ][gc,heap     ] GC(820) Archive regions: 2->2
[2024-12-04T16:40:50.438+0700][9,587s][info   ][gc,heap     ] GC(820) Humongous regions: 1486->1486
[2024-12-04T16:40:50.438+0700][9,587s][info   ][gc,metaspace] GC(820) Metaspace: 5840K(6080K)->5840K(6080K) NonClass: 5175K(5312K)->5175K(5312K) Class: 664K(768K)->664K(768K)
[2024-12-04T16:40:50.438+0700][9,587s][info   ][gc          ] GC(820) Pause Young (Concurrent Start) (G1 Humongous Allocation) 1490M->1489M(2048M) 1,467ms
[2024-12-04T16:40:50.438+0700][9,587s][info   ][gc,cpu      ] GC(820) User=0,01s Sys=0,00s Real=0,00s
[2024-12-04T16:40:50.438+0700][9,587s][info   ][gc          ] GC(821) Concurrent Mark Cycle
[2024-12-04T16:40:50.438+0700][9,587s][info   ][gc,marking  ] GC(821) Concurrent Clear Claimed Marks
[2024-12-04T16:40:50.438+0700][9,587s][info   ][gc,marking  ] GC(821) Concurrent Clear Claimed Marks 0,006ms
[2024-12-04T16:40:50.438+0700][9,587s][info   ][gc,marking  ] GC(821) Concurrent Scan Root Regions
[2024-12-04T16:40:50.438+0700][9,587s][info   ][gc,marking  ] GC(821) Concurrent Scan Root Regions 0,039ms
[2024-12-04T16:40:50.438+0700][9,587s][info   ][gc,marking  ] GC(821) Concurrent Mark
[2024-12-04T16:40:50.438+0700][9,587s][info   ][gc,marking  ] GC(821) Concurrent Mark From Roots
[2024-12-04T16:40:50.438+0700][9,587s][info   ][gc,task     ] GC(821) Using 2 workers of 2 for marking
[2024-12-04T16:40:50.442+0700][9,591s][info   ][gc,marking  ] GC(821) Concurrent Mark From Roots 3,431ms
[2024-12-04T16:40:50.442+0700][9,591s][info   ][gc,marking  ] GC(821) Concurrent Preclean
[2024-12-04T16:40:50.442+0700][9,591s][info   ][gc,marking  ] GC(821) Concurrent Preclean 0,040ms
[2024-12-04T16:40:50.442+0700][9,591s][info   ][gc,start    ] GC(821) Pause Remark
[2024-12-04T16:40:50.443+0700][9,592s][info   ][gc          ] GC(821) Pause Remark 1490M->1490M(2048M) 0,765ms
[2024-12-04T16:40:50.443+0700][9,592s][info   ][gc,cpu      ] GC(821) User=0,00s Sys=0,00s Real=0,00s
[2024-12-04T16:40:50.443+0700][9,592s][info   ][gc,marking  ] GC(821) Concurrent Mark 4,357ms
[2024-12-04T16:40:50.443+0700][9,592s][info   ][gc,marking  ] GC(821) Concurrent Rebuild Remembered Sets
[2024-12-04T16:40:50.445+0700][9,593s][info   ][gc,marking  ] GC(821) Concurrent Rebuild Remembered Sets 1,668ms
[2024-12-04T16:40:50.445+0700][9,594s][info   ][gc,start    ] GC(821) Pause Cleanup
[2024-12-04T16:40:50.445+0700][9,594s][info   ][gc          ] GC(821) Pause Cleanup 1491M->1491M(2048M) 0,200ms
[2024-12-04T16:40:50.445+0700][9,594s][info   ][gc,cpu      ] GC(821) User=0,00s Sys=0,00s Real=0,00s
[2024-12-04T16:40:50.445+0700][9,594s][info   ][gc,marking  ] GC(821) Concurrent Cleanup for Next Mark
[2024-12-04T16:40:50.448+0700][9,597s][info   ][gc,marking  ] GC(821) Concurrent Cleanup for Next Mark 3,568ms
[2024-12-04T16:40:50.449+0700][9,597s][info   ][gc          ] GC(821) Concurrent Mark Cycle 10,117ms
[2024-12-04T16:40:50.450+0700][9,599s][info   ][gc,start    ] GC(822) Pause Young (Concurrent Start) (G1 Humongous Allocation)
[2024-12-04T16:40:50.450+0700][9,599s][info   ][gc,task     ] GC(822) Using 8 workers of 8 for evacuation
[2024-12-04T16:40:50.452+0700][9,600s][info   ][gc,phases   ] GC(822)   Pre Evacuate Collection Set: 0,3ms
[2024-12-04T16:40:50.452+0700][9,600s][info   ][gc,phases   ] GC(822)   Merge Heap Roots: 0,3ms
[2024-12-04T16:40:50.452+0700][9,600s][info   ][gc,phases   ] GC(822)   Evacuate Collection Set: 0,5ms
[2024-12-04T16:40:50.452+0700][9,600s][info   ][gc,phases   ] GC(822)   Post Evacuate Collection Set: 0,1ms
[2024-12-04T16:40:50.452+0700][9,601s][info   ][gc,phases   ] GC(822)   Other: 0,2ms
[2024-12-04T16:40:50.452+0700][9,601s][info   ][gc,heap     ] GC(822) Eden regions: 1->0(348)
[2024-12-04T16:40:50.452+0700][9,601s][info   ][gc,heap     ] GC(822) Survivor regions: 1->1(44)
[2024-12-04T16:40:50.452+0700][9,601s][info   ][gc,heap     ] GC(822) Old regions: 3->3
[2024-12-04T16:40:50.452+0700][9,601s][info   ][gc,heap     ] GC(822) Archive regions: 2->2
[2024-12-04T16:40:50.452+0700][9,601s][info   ][gc,heap     ] GC(822) Humongous regions: 1488->1488
[2024-12-04T16:40:50.452+0700][9,601s][info   ][gc,metaspace] GC(822) Metaspace: 5840K(6080K)->5840K(6080K) NonClass: 5175K(5312K)->5175K(5312K) Class: 664K(768K)->664K(768K)
[2024-12-04T16:40:50.452+0700][9,601s][info   ][gc          ] GC(822) Pause Young (Concurrent Start) (G1 Humongous Allocation) 1491M->1491M(2048M) 1,554ms
[2024-12-04T16:40:50.452+0700][9,601s][info   ][gc,cpu      ] GC(822) User=0,00s Sys=0,00s Real=0,00s
[2024-12-04T16:40:50.452+0700][9,601s][info   ][gc          ] GC(823) Concurrent Mark Cycle
[2024-12-04T16:40:50.452+0700][9,601s][info   ][gc,marking  ] GC(823) Concurrent Clear Claimed Marks
[2024-12-04T16:40:50.452+0700][9,601s][info   ][gc,marking  ] GC(823) Concurrent Clear Claimed Marks 0,013ms
[2024-12-04T16:40:50.452+0700][9,601s][info   ][gc,marking  ] GC(823) Concurrent Scan Root Regions
[2024-12-04T16:40:50.452+0700][9,601s][info   ][gc,marking  ] GC(823) Concurrent Scan Root Regions 0,059ms
[2024-12-04T16:40:50.452+0700][9,601s][info   ][gc,marking  ] GC(823) Concurrent Mark
[2024-12-04T16:40:50.452+0700][9,601s][info   ][gc,marking  ] GC(823) Concurrent Mark From Roots
[2024-12-04T16:40:50.452+0700][9,601s][info   ][gc,task     ] GC(823) Using 2 workers of 2 for marking
[2024-12-04T16:40:50.459+0700][9,608s][info   ][gc,marking  ] GC(823) Concurrent Mark From Roots 7,230ms
[2024-12-04T16:40:50.459+0700][9,608s][info   ][gc,marking  ] GC(823) Concurrent Preclean
[2024-12-04T16:40:50.459+0700][9,608s][info   ][gc,marking  ] GC(823) Concurrent Preclean 0,059ms
[2024-12-04T16:40:50.459+0700][9,608s][info   ][gc,start    ] GC(823) Pause Remark
[2024-12-04T16:40:50.460+0700][9,609s][info   ][gc          ] GC(823) Pause Remark 1493M->1493M(2048M) 0,943ms
[2024-12-04T16:40:50.460+0700][9,609s][info   ][gc,cpu      ] GC(823) User=0,00s Sys=0,00s Real=0,00s
[2024-12-04T16:40:50.460+0700][9,609s][info   ][gc,marking  ] GC(823) Concurrent Mark 8,366ms
[2024-12-04T16:40:50.460+0700][9,609s][info   ][gc,marking  ] GC(823) Concurrent Rebuild Remembered Sets
[2024-12-04T16:40:50.462+0700][9,611s][info   ][gc,marking  ] GC(823) Concurrent Rebuild Remembered Sets 1,889ms
[2024-12-04T16:40:50.462+0700][9,611s][info   ][gc,start    ] GC(823) Pause Cleanup
[2024-12-04T16:40:50.462+0700][9,611s][info   ][gc          ] GC(823) Pause Cleanup 1493M->1493M(2048M) 0,158ms
[2024-12-04T16:40:50.462+0700][9,611s][info   ][gc,cpu      ] GC(823) User=0,01s Sys=0,00s Real=0,00s
[2024-12-04T16:40:50.462+0700][9,611s][info   ][gc,marking  ] GC(823) Concurrent Cleanup for Next Mark
[2024-12-04T16:40:50.466+0700][9,615s][info   ][gc,marking  ] GC(823) Concurrent Cleanup for Next Mark 3,350ms
[2024-12-04T16:40:50.466+0700][9,615s][info   ][gc          ] GC(823) Concurrent Mark Cycle 14,106ms
[2024-12-04T16:40:50.469+0700][9,618s][info   ][gc,start    ] GC(824) Pause Young (Concurrent Start) (G1 Humongous Allocation)
[2024-12-04T16:40:50.469+0700][9,618s][info   ][gc,task     ] GC(824) Using 8 workers of 8 for evacuation
[2024-12-04T16:40:50.470+0700][9,619s][info   ][gc,phases   ] GC(824)   Pre Evacuate Collection Set: 0,3ms
[2024-12-04T16:40:50.470+0700][9,619s][info   ][gc,phases   ] GC(824)   Merge Heap Roots: 0,3ms
[2024-12-04T16:40:50.470+0700][9,619s][info   ][gc,phases   ] GC(824)   Evacuate Collection Set: 0,4ms
[2024-12-04T16:40:50.470+0700][9,619s][info   ][gc,phases   ] GC(824)   Post Evacuate Collection Set: 0,1ms
[2024-12-04T16:40:50.470+0700][9,619s][info   ][gc,phases   ] GC(824)   Other: 0,2ms
[2024-12-04T16:40:50.470+0700][9,619s][info   ][gc,heap     ] GC(824) Eden regions: 1->0(345)
[2024-12-04T16:40:50.470+0700][9,619s][info   ][gc,heap     ] GC(824) Survivor regions: 1->1(44)
[2024-12-04T16:40:50.470+0700][9,619s][info   ][gc,heap     ] GC(824) Old regions: 3->3
[2024-12-04T16:40:50.470+0700][9,619s][info   ][gc,heap     ] GC(824) Archive regions: 2->2
[2024-12-04T16:40:50.470+0700][9,619s][info   ][gc,heap     ] GC(824) Humongous regions: 1491->1491
[2024-12-04T16:40:50.470+0700][9,619s][info   ][gc,metaspace] GC(824) Metaspace: 5840K(6080K)->5840K(6080K) NonClass: 5175K(5312K)->5175K(5312K) Class: 664K(768K)->664K(768K)
[2024-12-04T16:40:50.470+0700][9,619s][info   ][gc          ] GC(824) Pause Young (Concurrent Start) (G1 Humongous Allocation) 1494M->1494M(2048M) 1,286ms
[2024-12-04T16:40:50.470+0700][9,619s][info   ][gc,cpu      ] GC(824) User=0,01s Sys=0,00s Real=0,00s
[2024-12-04T16:40:50.470+0700][9,619s][info   ][gc          ] GC(825) Concurrent Mark Cycle
[2024-12-04T16:40:50.470+0700][9,619s][info   ][gc,marking  ] GC(825) Concurrent Clear Claimed Marks
[2024-12-04T16:40:50.470+0700][9,619s][info   ][gc,marking  ] GC(825) Concurrent Clear Claimed Marks 0,020ms
[2024-12-04T16:40:50.470+0700][9,619s][info   ][gc,marking  ] GC(825) Concurrent Scan Root Regions
[2024-12-04T16:40:50.471+0700][9,619s][info   ][gc,marking  ] GC(825) Concurrent Scan Root Regions 0,135ms
[2024-12-04T16:40:50.471+0700][9,619s][info   ][gc,marking  ] GC(825) Concurrent Mark
[2024-12-04T16:40:50.471+0700][9,619s][info   ][gc,marking  ] GC(825) Concurrent Mark From Roots
[2024-12-04T16:40:50.471+0700][9,620s][info   ][gc,task     ] GC(825) Using 2 workers of 2 for marking
[2024-12-04T16:40:50.474+0700][9,623s][info   ][gc,marking  ] GC(825) Concurrent Mark From Roots 3,372ms
[2024-12-04T16:40:50.474+0700][9,623s][info   ][gc,marking  ] GC(825) Concurrent Preclean
[2024-12-04T16:40:50.474+0700][9,623s][info   ][gc,marking  ] GC(825) Concurrent Preclean 0,046ms
[2024-12-04T16:40:50.474+0700][9,623s][info   ][gc,start    ] GC(825) Pause Remark
[2024-12-04T16:40:50.475+0700][9,624s][info   ][gc          ] GC(825) Pause Remark 1495M->1495M(2048M) 0,687ms
[2024-12-04T16:40:50.475+0700][9,624s][info   ][gc,cpu      ] GC(825) User=0,01s Sys=0,00s Real=0,00s
[2024-12-04T16:40:50.475+0700][9,624s][info   ][gc,marking  ] GC(825) Concurrent Mark 4,252ms
[2024-12-04T16:40:50.475+0700][9,624s][info   ][gc,marking  ] GC(825) Concurrent Rebuild Remembered Sets
[2024-12-04T16:40:50.477+0700][9,625s][info   ][gc,marking  ] GC(825) Concurrent Rebuild Remembered Sets 1,744ms
[2024-12-04T16:40:50.477+0700][9,626s][info   ][gc,start    ] GC(825) Pause Cleanup
[2024-12-04T16:40:50.477+0700][9,626s][info   ][gc          ] GC(825) Pause Cleanup 1496M->1496M(2048M) 0,182ms
[2024-12-04T16:40:50.477+0700][9,626s][info   ][gc,cpu      ] GC(825) User=0,00s Sys=0,00s Real=0,00s
[2024-12-04T16:40:50.477+0700][9,626s][info   ][gc,marking  ] GC(825) Concurrent Cleanup for Next Mark
[2024-12-04T16:40:50.480+0700][9,629s][info   ][gc,marking  ] GC(825) Concurrent Cleanup for Next Mark 3,184ms
[2024-12-04T16:40:50.480+0700][9,629s][info   ][gc          ] GC(825) Concurrent Mark Cycle 9,749ms
[2024-12-04T16:40:50.482+0700][9,631s][info   ][gc,start    ] GC(826) Pause Young (Concurrent Start) (G1 Humongous Allocation)
[2024-12-04T16:40:50.482+0700][9,631s][info   ][gc,task     ] GC(826) Using 8 workers of 8 for evacuation
[2024-12-04T16:40:50.483+0700][9,632s][info   ][gc,phases   ] GC(826)   Pre Evacuate Collection Set: 0,2ms
[2024-12-04T16:40:50.483+0700][9,632s][info   ][gc,phases   ] GC(826)   Merge Heap Roots: 0,4ms
[2024-12-04T16:40:50.483+0700][9,632s][info   ][gc,phases   ] GC(826)   Evacuate Collection Set: 0,7ms
[2024-12-04T16:40:50.483+0700][9,632s][info   ][gc,phases   ] GC(826)   Post Evacuate Collection Set: 0,1ms
[2024-12-04T16:40:50.483+0700][9,632s][info   ][gc,phases   ] GC(826)   Other: 0,2ms
[2024-12-04T16:40:50.483+0700][9,632s][info   ][gc,heap     ] GC(826) Eden regions: 1->0(343)
[2024-12-04T16:40:50.483+0700][9,632s][info   ][gc,heap     ] GC(826) Survivor regions: 1->1(44)
[2024-12-04T16:40:50.483+0700][9,632s][info   ][gc,heap     ] GC(826) Old regions: 3->3
[2024-12-04T16:40:50.483+0700][9,632s][info   ][gc,heap     ] GC(826) Archive regions: 2->2
[2024-12-04T16:40:50.483+0700][9,632s][info   ][gc,heap     ] GC(826) Humongous regions: 1493->1493
[2024-12-04T16:40:50.483+0700][9,632s][info   ][gc,metaspace] GC(826) Metaspace: 5840K(6080K)->5840K(6080K) NonClass: 5175K(5312K)->5175K(5312K) Class: 664K(768K)->664K(768K)
[2024-12-04T16:40:50.483+0700][9,632s][info   ][gc          ] GC(826) Pause Young (Concurrent Start) (G1 Humongous Allocation) 1496M->1496M(2048M) 1,663ms
[2024-12-04T16:40:50.483+0700][9,632s][info   ][gc,cpu      ] GC(826) User=0,00s Sys=0,00s Real=0,01s
[2024-12-04T16:40:50.483+0700][9,632s][info   ][gc          ] GC(827) Concurrent Mark Cycle
[2024-12-04T16:40:50.483+0700][9,632s][info   ][gc,marking  ] GC(827) Concurrent Clear Claimed Marks
[2024-12-04T16:40:50.483+0700][9,632s][info   ][gc,marking  ] GC(827) Concurrent Clear Claimed Marks 0,010ms
[2024-12-04T16:40:50.483+0700][9,632s][info   ][gc,marking  ] GC(827) Concurrent Scan Root Regions
[2024-12-04T16:40:50.484+0700][9,632s][info   ][gc,marking  ] GC(827) Concurrent Scan Root Regions 0,078ms
[2024-12-04T16:40:50.484+0700][9,632s][info   ][gc,marking  ] GC(827) Concurrent Mark
[2024-12-04T16:40:50.484+0700][9,632s][info   ][gc,marking  ] GC(827) Concurrent Mark From Roots
[2024-12-04T16:40:50.484+0700][9,632s][info   ][gc,task     ] GC(827) Using 2 workers of 2 for marking
[2024-12-04T16:40:50.489+0700][9,638s][info   ][gc,marking  ] GC(827) Concurrent Mark From Roots 5,067ms
[2024-12-04T16:40:50.489+0700][9,638s][info   ][gc,marking  ] GC(827) Concurrent Preclean
[2024-12-04T16:40:50.489+0700][9,638s][info   ][gc,marking  ] GC(827) Concurrent Preclean 0,086ms
[2024-12-04T16:40:50.489+0700][9,638s][info   ][gc,start    ] GC(827) Pause Remark
[2024-12-04T16:40:50.490+0700][9,639s][info   ][gc          ] GC(827) Pause Remark 1497M->1497M(2048M) 1,384ms
[2024-12-04T16:40:50.490+0700][9,639s][info   ][gc,cpu      ] GC(827) User=0,00s Sys=0,00s Real=0,00s
[2024-12-04T16:40:50.490+0700][9,639s][info   ][gc,marking  ] GC(827) Concurrent Mark 6,798ms
[2024-12-04T16:40:50.490+0700][9,639s][info   ][gc,marking  ] GC(827) Concurrent Rebuild Remembered Sets
[2024-12-04T16:40:50.492+0700][9,641s][info   ][gc,marking  ] GC(827) Concurrent Rebuild Remembered Sets 1,921ms
[2024-12-04T16:40:50.492+0700][9,641s][info   ][gc,start    ] GC(827) Pause Cleanup
[2024-12-04T16:40:50.493+0700][9,642s][info   ][gc          ] GC(827) Pause Cleanup 1498M->1498M(2048M) 0,294ms
[2024-12-04T16:40:50.493+0700][9,642s][info   ][gc,cpu      ] GC(827) User=0,00s Sys=0,00s Real=0,00s
[2024-12-04T16:40:50.493+0700][9,642s][info   ][gc,marking  ] GC(827) Concurrent Cleanup for Next Mark
[2024-12-04T16:40:50.496+0700][9,645s][info   ][gc,marking  ] GC(827) Concurrent Cleanup for Next Mark 3,524ms
[2024-12-04T16:40:50.496+0700][9,645s][info   ][gc          ] GC(827) Concurrent Mark Cycle 12,878ms
[2024-12-04T16:40:50.502+0700][9,651s][info   ][gc,start    ] GC(828) Pause Young (Concurrent Start) (G1 Humongous Allocation)
[2024-12-04T16:40:50.502+0700][9,651s][info   ][gc,task     ] GC(828) Using 8 workers of 8 for evacuation
[2024-12-04T16:40:50.503+0700][9,652s][info   ][gc,phases   ] GC(828)   Pre Evacuate Collection Set: 0,3ms
[2024-12-04T16:40:50.503+0700][9,652s][info   ][gc,phases   ] GC(828)   Merge Heap Roots: 0,3ms
[2024-12-04T16:40:50.503+0700][9,652s][info   ][gc,phases   ] GC(828)   Evacuate Collection Set: 0,4ms
[2024-12-04T16:40:50.503+0700][9,652s][info   ][gc,phases   ] GC(828)   Post Evacuate Collection Set: 0,1ms
[2024-12-04T16:40:50.503+0700][9,652s][info   ][gc,phases   ] GC(828)   Other: 0,2ms
[2024-12-04T16:40:50.503+0700][9,652s][info   ][gc,heap     ] GC(828) Eden regions: 1->0(340)
[2024-12-04T16:40:50.503+0700][9,652s][info   ][gc,heap     ] GC(828) Survivor regions: 1->1(43)
[2024-12-04T16:40:50.503+0700][9,652s][info   ][gc,heap     ] GC(828) Old regions: 3->3
[2024-12-04T16:40:50.503+0700][9,652s][info   ][gc,heap     ] GC(828) Archive regions: 2->2
[2024-12-04T16:40:50.503+0700][9,652s][info   ][gc,heap     ] GC(828) Humongous regions: 1496->1496
[2024-12-04T16:40:50.503+0700][9,652s][info   ][gc,metaspace] GC(828) Metaspace: 5840K(6080K)->5840K(6080K) NonClass: 5175K(5312K)->5175K(5312K) Class: 664K(768K)->664K(768K)
[2024-12-04T16:40:50.503+0700][9,652s][info   ][gc          ] GC(828) Pause Young (Concurrent Start) (G1 Humongous Allocation) 1499M->1499M(2048M) 1,382ms
[2024-12-04T16:40:50.503+0700][9,652s][info   ][gc,cpu      ] GC(828) User=0,01s Sys=0,00s Real=0,01s
[2024-12-04T16:40:50.503+0700][9,652s][info   ][gc          ] GC(829) Concurrent Mark Cycle
[2024-12-04T16:40:50.503+0700][9,652s][info   ][gc,marking  ] GC(829) Concurrent Clear Claimed Marks
[2024-12-04T16:40:50.503+0700][9,652s][info   ][gc,marking  ] GC(829) Concurrent Clear Claimed Marks 0,013ms
[2024-12-04T16:40:50.503+0700][9,652s][info   ][gc,marking  ] GC(829) Concurrent Scan Root Regions
[2024-12-04T16:40:50.503+0700][9,652s][info   ][gc,marking  ] GC(829) Concurrent Scan Root Regions 0,057ms
[2024-12-04T16:40:50.503+0700][9,652s][info   ][gc,marking  ] GC(829) Concurrent Mark
[2024-12-04T16:40:50.503+0700][9,652s][info   ][gc,marking  ] GC(829) Concurrent Mark From Roots
[2024-12-04T16:40:50.503+0700][9,652s][info   ][gc,task     ] GC(829) Using 2 workers of 2 for marking
[2024-12-04T16:40:50.507+0700][9,656s][info   ][gc,marking  ] GC(829) Concurrent Mark From Roots 4,091ms
[2024-12-04T16:40:50.508+0700][9,656s][info   ][gc,marking  ] GC(829) Concurrent Preclean
[2024-12-04T16:40:50.508+0700][9,656s][info   ][gc,marking  ] GC(829) Concurrent Preclean 0,063ms
[2024-12-04T16:40:50.508+0700][9,657s][info   ][gc,start    ] GC(829) Pause Remark
[2024-12-04T16:40:50.509+0700][9,657s][info   ][gc          ] GC(829) Pause Remark 1500M->1500M(2048M) 0,895ms
[2024-12-04T16:40:50.509+0700][9,657s][info   ][gc,cpu      ] GC(829) User=0,00s Sys=0,00s Real=0,00s
[2024-12-04T16:40:50.509+0700][9,657s][info   ][gc,marking  ] GC(829) Concurrent Mark 5,163ms
[2024-12-04T16:40:50.509+0700][9,657s][info   ][gc,marking  ] GC(829) Concurrent Rebuild Remembered Sets
[2024-12-04T16:40:50.511+0700][9,659s][info   ][gc,marking  ] GC(829) Concurrent Rebuild Remembered Sets 2,023ms
[2024-12-04T16:40:50.511+0700][9,660s][info   ][gc,start    ] GC(829) Pause Cleanup
[2024-12-04T16:40:50.511+0700][9,660s][info   ][gc          ] GC(829) Pause Cleanup 1501M->1501M(2048M) 0,249ms
[2024-12-04T16:40:50.511+0700][9,660s][info   ][gc,cpu      ] GC(829) User=0,01s Sys=0,00s Real=0,00s
[2024-12-04T16:40:50.511+0700][9,660s][info   ][gc,marking  ] GC(829) Concurrent Cleanup for Next Mark
[2024-12-04T16:40:50.516+0700][9,665s][info   ][gc,marking  ] GC(829) Concurrent Cleanup for Next Mark 4,773ms
[2024-12-04T16:40:50.516+0700][9,665s][info   ][gc          ] GC(829) Concurrent Mark Cycle 12,600ms
[2024-12-04T16:40:50.521+0700][9,670s][info   ][gc,start    ] GC(830) Pause Young (Concurrent Start) (G1 Humongous Allocation)
[2024-12-04T16:40:50.521+0700][9,670s][info   ][gc,task     ] GC(830) Using 8 workers of 8 for evacuation
[2024-12-04T16:40:50.522+0700][9,671s][info   ][gc,phases   ] GC(830)   Pre Evacuate Collection Set: 0,4ms
[2024-12-04T16:40:50.522+0700][9,671s][info   ][gc,phases   ] GC(830)   Merge Heap Roots: 0,3ms
[2024-12-04T16:40:50.522+0700][9,671s][info   ][gc,phases   ] GC(830)   Evacuate Collection Set: 0,6ms
[2024-12-04T16:40:50.522+0700][9,671s][info   ][gc,phases   ] GC(830)   Post Evacuate Collection Set: 0,1ms
[2024-12-04T16:40:50.522+0700][9,671s][info   ][gc,phases   ] GC(830)   Other: 0,2ms
[2024-12-04T16:40:50.522+0700][9,671s][info   ][gc,heap     ] GC(830) Eden regions: 1->0(337)
[2024-12-04T16:40:50.522+0700][9,671s][info   ][gc,heap     ] GC(830) Survivor regions: 1->1(43)
[2024-12-04T16:40:50.522+0700][9,671s][info   ][gc,heap     ] GC(830) Old regions: 3->3
[2024-12-04T16:40:50.522+0700][9,671s][info   ][gc,heap     ] GC(830) Archive regions: 2->2
[2024-12-04T16:40:50.522+0700][9,671s][info   ][gc,heap     ] GC(830) Humongous regions: 1499->1499
[2024-12-04T16:40:50.522+0700][9,671s][info   ][gc,metaspace] GC(830) Metaspace: 5840K(6080K)->5840K(6080K) NonClass: 5175K(5312K)->5175K(5312K) Class: 664K(768K)->664K(768K)
[2024-12-04T16:40:50.522+0700][9,671s][info   ][gc          ] GC(830) Pause Young (Concurrent Start) (G1 Humongous Allocation) 1502M->1502M(2048M) 1,760ms
[2024-12-04T16:40:50.522+0700][9,671s][info   ][gc,cpu      ] GC(830) User=0,00s Sys=0,00s Real=0,00s
[2024-12-04T16:40:50.523+0700][9,671s][info   ][gc          ] GC(831) Concurrent Mark Cycle
[2024-12-04T16:40:50.523+0700][9,671s][info   ][gc,marking  ] GC(831) Concurrent Clear Claimed Marks
[2024-12-04T16:40:50.523+0700][9,671s][info   ][gc,marking  ] GC(831) Concurrent Clear Claimed Marks 0,013ms
[2024-12-04T16:40:50.523+0700][9,671s][info   ][gc,marking  ] GC(831) Concurrent Scan Root Regions
[2024-12-04T16:40:50.523+0700][9,672s][info   ][gc,marking  ] GC(831) Concurrent Scan Root Regions 0,063ms
[2024-12-04T16:40:50.523+0700][9,672s][info   ][gc,marking  ] GC(831) Concurrent Mark
[2024-12-04T16:40:50.523+0700][9,672s][info   ][gc,marking  ] GC(831) Concurrent Mark From Roots
[2024-12-04T16:40:50.523+0700][9,672s][info   ][gc,task     ] GC(831) Using 2 workers of 2 for marking
[2024-12-04T16:40:50.527+0700][9,676s][info   ][gc,marking  ] GC(831) Concurrent Mark From Roots 4,378ms
[2024-12-04T16:40:50.527+0700][9,676s][info   ][gc,marking  ] GC(831) Concurrent Preclean
[2024-12-04T16:40:50.527+0700][9,676s][info   ][gc,marking  ] GC(831) Concurrent Preclean 0,081ms
[2024-12-04T16:40:50.527+0700][9,676s][info   ][gc,start    ] GC(831) Pause Remark
[2024-12-04T16:40:50.528+0700][9,677s][info   ][gc          ] GC(831) Pause Remark 1503M->1503M(2048M) 1,207ms
[2024-12-04T16:40:50.528+0700][9,677s][info   ][gc,cpu      ] GC(831) User=0,00s Sys=0,00s Real=0,00s
[2024-12-04T16:40:50.528+0700][9,677s][info   ][gc,marking  ] GC(831) Concurrent Mark 5,851ms
[2024-12-04T16:40:50.529+0700][9,677s][info   ][gc,marking  ] GC(831) Concurrent Rebuild Remembered Sets
[2024-12-04T16:40:50.531+0700][9,680s][info   ][gc,marking  ] GC(831) Concurrent Rebuild Remembered Sets 2,295ms
[2024-12-04T16:40:50.531+0700][9,680s][info   ][gc,start    ] GC(831) Pause Cleanup
[2024-12-04T16:40:50.531+0700][9,680s][info   ][gc          ] GC(831) Pause Cleanup 1504M->1504M(2048M) 0,411ms
[2024-12-04T16:40:50.531+0700][9,680s][info   ][gc,cpu      ] GC(831) User=0,00s Sys=0,00s Real=0,00s
[2024-12-04T16:40:50.531+0700][9,680s][info   ][gc,marking  ] GC(831) Concurrent Cleanup for Next Mark
[2024-12-04T16:40:50.535+0700][9,684s][info   ][gc,marking  ] GC(831) Concurrent Cleanup for Next Mark 3,685ms
[2024-12-04T16:40:50.535+0700][9,684s][info   ][gc          ] GC(831) Concurrent Mark Cycle 12,654ms
[2024-12-04T16:40:50.537+0700][9,686s][info   ][gc,start    ] GC(832) Pause Young (Concurrent Start) (G1 Humongous Allocation)
[2024-12-04T16:40:50.537+0700][9,686s][info   ][gc,task     ] GC(832) Using 8 workers of 8 for evacuation
[2024-12-04T16:40:50.543+0700][9,692s][info   ][gc,phases   ] GC(832)   Pre Evacuate Collection Set: 0,7ms
[2024-12-04T16:40:50.543+0700][9,692s][info   ][gc,phases   ] GC(832)   Merge Heap Roots: 1,0ms
[2024-12-04T16:40:50.543+0700][9,692s][info   ][gc,phases   ] GC(832)   Evacuate Collection Set: 3,3ms
[2024-12-04T16:40:50.543+0700][9,692s][info   ][gc,phases   ] GC(832)   Post Evacuate Collection Set: 0,4ms
[2024-12-04T16:40:50.543+0700][9,692s][info   ][gc,phases   ] GC(832)   Other: 0,4ms
[2024-12-04T16:40:50.543+0700][9,692s][info   ][gc,heap     ] GC(832) Eden regions: 1->0(335)
[2024-12-04T16:40:50.543+0700][9,692s][info   ][gc,heap     ] GC(832) Survivor regions: 1->1(43)
[2024-12-04T16:40:50.543+0700][9,692s][info   ][gc,heap     ] GC(832) Old regions: 3->3
[2024-12-04T16:40:50.543+0700][9,692s][info   ][gc,heap     ] GC(832) Archive regions: 2->2
[2024-12-04T16:40:50.543+0700][9,692s][info   ][gc,heap     ] GC(832) Humongous regions: 1501->1501
[2024-12-04T16:40:50.543+0700][9,692s][info   ][gc,metaspace] GC(832) Metaspace: 5840K(6080K)->5840K(6080K) NonClass: 5175K(5312K)->5175K(5312K) Class: 664K(768K)->664K(768K)
[2024-12-04T16:40:50.543+0700][9,692s][info   ][gc          ] GC(832) Pause Young (Concurrent Start) (G1 Humongous Allocation) 1504M->1504M(2048M) 6,061ms
[2024-12-04T16:40:50.543+0700][9,692s][info   ][gc,cpu      ] GC(832) User=0,00s Sys=0,00s Real=0,01s
[2024-12-04T16:40:50.543+0700][9,692s][info   ][gc          ] GC(833) Concurrent Mark Cycle
[2024-12-04T16:40:50.543+0700][9,692s][info   ][gc,marking  ] GC(833) Concurrent Clear Claimed Marks
[2024-12-04T16:40:50.543+0700][9,692s][info   ][gc,marking  ] GC(833) Concurrent Clear Claimed Marks 0,027ms
[2024-12-04T16:40:50.543+0700][9,692s][info   ][gc,marking  ] GC(833) Concurrent Scan Root Regions
[2024-12-04T16:40:50.546+0700][9,695s][info   ][gc,marking  ] GC(833) Concurrent Scan Root Regions 2,284ms
[2024-12-04T16:40:50.546+0700][9,695s][info   ][gc,marking  ] GC(833) Concurrent Mark
[2024-12-04T16:40:50.546+0700][9,695s][info   ][gc,marking  ] GC(833) Concurrent Mark From Roots
[2024-12-04T16:40:50.546+0700][9,695s][info   ][gc,task     ] GC(833) Using 2 workers of 2 for marking
[2024-12-04T16:40:50.551+0700][9,700s][info   ][gc,marking  ] GC(833) Concurrent Mark From Roots 4,858ms
[2024-12-04T16:40:50.551+0700][9,700s][info   ][gc,marking  ] GC(833) Concurrent Preclean
[2024-12-04T16:40:50.551+0700][9,700s][info   ][gc,marking  ] GC(833) Concurrent Preclean 0,067ms
[2024-12-04T16:40:50.551+0700][9,700s][info   ][gc,start    ] GC(833) Pause Remark
[2024-12-04T16:40:50.552+0700][9,701s][info   ][gc          ] GC(833) Pause Remark 1506M->1506M(2048M) 1,347ms
[2024-12-04T16:40:50.552+0700][9,701s][info   ][gc,cpu      ] GC(833) User=0,00s Sys=0,00s Real=0,00s
[2024-12-04T16:40:50.552+0700][9,701s][info   ][gc,marking  ] GC(833) Concurrent Mark 6,463ms
[2024-12-04T16:40:50.552+0700][9,701s][info   ][gc,marking  ] GC(833) Concurrent Rebuild Remembered Sets
[2024-12-04T16:40:50.555+0700][9,703s][info   ][gc,marking  ] GC(833) Concurrent Rebuild Remembered Sets 2,342ms
[2024-12-04T16:40:50.555+0700][9,704s][info   ][gc,start    ] GC(833) Pause Cleanup
[2024-12-04T16:40:50.555+0700][9,704s][info   ][gc          ] GC(833) Pause Cleanup 1506M->1506M(2048M) 0,450ms
[2024-12-04T16:40:50.555+0700][9,704s][info   ][gc,cpu      ] GC(833) User=0,00s Sys=0,00s Real=0,00s
[2024-12-04T16:40:50.555+0700][9,704s][info   ][gc,marking  ] GC(833) Concurrent Cleanup for Next Mark
[2024-12-04T16:40:50.560+0700][9,709s][info   ][gc,marking  ] GC(833) Concurrent Cleanup for Next Mark 5,100ms
[2024-12-04T16:40:50.561+0700][9,709s][info   ][gc          ] GC(833) Concurrent Mark Cycle 17,236ms
[2024-12-04T16:40:50.561+0700][9,710s][info   ][gc,start    ] GC(834) Pause Young (Concurrent Start) (G1 Humongous Allocation)
[2024-12-04T16:40:50.561+0700][9,710s][info   ][gc,task     ] GC(834) Using 8 workers of 8 for evacuation
[2024-12-04T16:40:50.563+0700][9,712s][info   ][gc,phases   ] GC(834)   Pre Evacuate Collection Set: 0,5ms
[2024-12-04T16:40:50.563+0700][9,712s][info   ][gc,phases   ] GC(834)   Merge Heap Roots: 0,4ms
[2024-12-04T16:40:50.563+0700][9,712s][info   ][gc,phases   ] GC(834)   Evacuate Collection Set: 0,4ms
[2024-12-04T16:40:50.563+0700][9,712s][info   ][gc,phases   ] GC(834)   Post Evacuate Collection Set: 0,2ms
[2024-12-04T16:40:50.563+0700][9,712s][info   ][gc,phases   ] GC(834)   Other: 0,3ms
[2024-12-04T16:40:50.563+0700][9,712s][info   ][gc,heap     ] GC(834) Eden regions: 1->0(332)
[2024-12-04T16:40:50.563+0700][9,712s][info   ][gc,heap     ] GC(834) Survivor regions: 1->1(42)
[2024-12-04T16:40:50.563+0700][9,712s][info   ][gc,heap     ] GC(834) Old regions: 3->3
[2024-12-04T16:40:50.563+0700][9,712s][info   ][gc,heap     ] GC(834) Archive regions: 2->2
[2024-12-04T16:40:50.563+0700][9,712s][info   ][gc,heap     ] GC(834) Humongous regions: 1504->1504
[2024-12-04T16:40:50.563+0700][9,712s][info   ][gc,metaspace] GC(834) Metaspace: 5840K(6080K)->5840K(6080K) NonClass: 5175K(5312K)->5175K(5312K) Class: 664K(768K)->664K(768K)
[2024-12-04T16:40:50.563+0700][9,712s][info   ][gc          ] GC(834) Pause Young (Concurrent Start) (G1 Humongous Allocation) 1507M->1507M(2048M) 1,931ms
[2024-12-04T16:40:50.563+0700][9,712s][info   ][gc,cpu      ] GC(834) User=0,01s Sys=0,00s Real=0,01s
[2024-12-04T16:40:50.563+0700][9,712s][info   ][gc          ] GC(835) Concurrent Mark Cycle
[2024-12-04T16:40:50.563+0700][9,712s][info   ][gc,marking  ] GC(835) Concurrent Clear Claimed Marks
[2024-12-04T16:40:50.563+0700][9,712s][info   ][gc,marking  ] GC(835) Concurrent Clear Claimed Marks 0,026ms
[2024-12-04T16:40:50.563+0700][9,712s][info   ][gc,marking  ] GC(835) Concurrent Scan Root Regions
[2024-12-04T16:40:50.563+0700][9,712s][info   ][gc,marking  ] GC(835) Concurrent Scan Root Regions 0,100ms
[2024-12-04T16:40:50.563+0700][9,712s][info   ][gc,marking  ] GC(835) Concurrent Mark
[2024-12-04T16:40:50.563+0700][9,712s][info   ][gc,marking  ] GC(835) Concurrent Mark From Roots
[2024-12-04T16:40:50.563+0700][9,712s][info   ][gc,task     ] GC(835) Using 2 workers of 2 for marking
[2024-12-04T16:40:50.568+0700][9,717s][info   ][gc,marking  ] GC(835) Concurrent Mark From Roots 4,815ms
[2024-12-04T16:40:50.568+0700][9,717s][info   ][gc,marking  ] GC(835) Concurrent Preclean
[2024-12-04T16:40:50.568+0700][9,717s][info   ][gc,marking  ] GC(835) Concurrent Preclean 0,094ms
[2024-12-04T16:40:50.568+0700][9,717s][info   ][gc,start    ] GC(835) Pause Remark
[2024-12-04T16:40:50.570+0700][9,719s][info   ][gc          ] GC(835) Pause Remark 1508M->1508M(2048M) 1,411ms
[2024-12-04T16:40:50.570+0700][9,719s][info   ][gc,cpu      ] GC(835) User=0,00s Sys=0,00s Real=0,00s
[2024-12-04T16:40:50.570+0700][9,719s][info   ][gc,marking  ] GC(835) Concurrent Mark 6,521ms
[2024-12-04T16:40:50.570+0700][9,719s][info   ][gc,marking  ] GC(835) Concurrent Rebuild Remembered Sets
[2024-12-04T16:40:50.572+0700][9,721s][info   ][gc,marking  ] GC(835) Concurrent Rebuild Remembered Sets 2,230ms
[2024-12-04T16:40:50.572+0700][9,721s][info   ][gc,start    ] GC(835) Pause Cleanup
[2024-12-04T16:40:50.573+0700][9,721s][info   ][gc          ] GC(835) Pause Cleanup 1509M->1509M(2048M) 0,320ms
[2024-12-04T16:40:50.573+0700][9,721s][info   ][gc,cpu      ] GC(835) User=0,00s Sys=0,00s Real=0,00s
[2024-12-04T16:40:50.573+0700][9,721s][info   ][gc,marking  ] GC(835) Concurrent Cleanup for Next Mark
[2024-12-04T16:40:50.576+0700][9,725s][info   ][gc,marking  ] GC(835) Concurrent Cleanup for Next Mark 3,894ms
[2024-12-04T16:40:50.577+0700][9,725s][info   ][gc          ] GC(835) Concurrent Mark Cycle 13,329ms
[2024-12-04T16:40:50.582+0700][9,731s][info   ][gc,start    ] GC(836) Pause Young (Concurrent Start) (G1 Humongous Allocation)
[2024-12-04T16:40:50.582+0700][9,731s][info   ][gc,task     ] GC(836) Using 8 workers of 8 for evacuation
[2024-12-04T16:40:50.584+0700][9,732s][info   ][gc,phases   ] GC(836)   Pre Evacuate Collection Set: 0,4ms
[2024-12-04T16:40:50.584+0700][9,732s][info   ][gc,phases   ] GC(836)   Merge Heap Roots: 0,3ms
[2024-12-04T16:40:50.584+0700][9,732s][info   ][gc,phases   ] GC(836)   Evacuate Collection Set: 0,6ms
[2024-12-04T16:40:50.584+0700][9,732s][info   ][gc,phases   ] GC(836)   Post Evacuate Collection Set: 0,2ms
[2024-12-04T16:40:50.584+0700][9,732s][info   ][gc,phases   ] GC(836)   Other: 0,2ms
[2024-12-04T16:40:50.584+0700][9,733s][info   ][gc,heap     ] GC(836) Eden regions: 1->0(329)
[2024-12-04T16:40:50.584+0700][9,733s][info   ][gc,heap     ] GC(836) Survivor regions: 1->1(42)
[2024-12-04T16:40:50.584+0700][9,733s][info   ][gc,heap     ] GC(836) Old regions: 3->3
[2024-12-04T16:40:50.584+0700][9,733s][info   ][gc,heap     ] GC(836) Archive regions: 2->2
[2024-12-04T16:40:50.584+0700][9,733s][info   ][gc,heap     ] GC(836) Humongous regions: 1507->1507
[2024-12-04T16:40:50.584+0700][9,733s][info   ][gc,metaspace] GC(836) Metaspace: 5840K(6080K)->5840K(6080K) NonClass: 5175K(5312K)->5175K(5312K) Class: 664K(768K)->664K(768K)
[2024-12-04T16:40:50.584+0700][9,733s][info   ][gc          ] GC(836) Pause Young (Concurrent Start) (G1 Humongous Allocation) 1510M->1510M(2048M) 1,756ms
[2024-12-04T16:40:50.584+0700][9,733s][info   ][gc,cpu      ] GC(836) User=0,00s Sys=0,00s Real=0,01s
[2024-12-04T16:40:50.584+0700][9,733s][info   ][gc          ] GC(837) Concurrent Mark Cycle
[2024-12-04T16:40:50.584+0700][9,733s][info   ][gc,marking  ] GC(837) Concurrent Clear Claimed Marks
[2024-12-04T16:40:50.584+0700][9,733s][info   ][gc,marking  ] GC(837) Concurrent Clear Claimed Marks 0,011ms
[2024-12-04T16:40:50.584+0700][9,733s][info   ][gc,marking  ] GC(837) Concurrent Scan Root Regions
[2024-12-04T16:40:50.584+0700][9,733s][info   ][gc,marking  ] GC(837) Concurrent Scan Root Regions 0,069ms
[2024-12-04T16:40:50.584+0700][9,733s][info   ][gc,marking  ] GC(837) Concurrent Mark
[2024-12-04T16:40:50.584+0700][9,733s][info   ][gc,marking  ] GC(837) Concurrent Mark From Roots
[2024-12-04T16:40:50.584+0700][9,733s][info   ][gc,task     ] GC(837) Using 2 workers of 2 for marking
[2024-12-04T16:40:50.588+0700][9,737s][info   ][gc,marking  ] GC(837) Concurrent Mark From Roots 4,622ms
[2024-12-04T16:40:50.589+0700][9,737s][info   ][gc,marking  ] GC(837) Concurrent Preclean
[2024-12-04T16:40:50.589+0700][9,737s][info   ][gc,marking  ] GC(837) Concurrent Preclean 0,065ms
[2024-12-04T16:40:50.589+0700][9,738s][info   ][gc,start    ] GC(837) Pause Remark
[2024-12-04T16:40:50.590+0700][9,739s][info   ][gc          ] GC(837) Pause Remark 1511M->1511M(2048M) 1,833ms
[2024-12-04T16:40:50.591+0700][9,739s][info   ][gc,cpu      ] GC(837) User=0,00s Sys=0,00s Real=0,00s
[2024-12-04T16:40:50.591+0700][9,739s][info   ][gc,marking  ] GC(837) Concurrent Mark 6,742ms
[2024-12-04T16:40:50.591+0700][9,739s][info   ][gc,marking  ] GC(837) Concurrent Rebuild Remembered Sets
[2024-12-04T16:40:50.593+0700][9,742s][info   ][gc,marking  ] GC(837) Concurrent Rebuild Remembered Sets 2,183ms
[2024-12-04T16:40:50.593+0700][9,742s][info   ][gc,start    ] GC(837) Pause Cleanup
[2024-12-04T16:40:50.593+0700][9,742s][info   ][gc          ] GC(837) Pause Cleanup 1512M->1512M(2048M) 0,269ms
[2024-12-04T16:40:50.593+0700][9,742s][info   ][gc,cpu      ] GC(837) User=0,00s Sys=0,00s Real=0,01s
[2024-12-04T16:40:50.593+0700][9,742s][info   ][gc,marking  ] GC(837) Concurrent Cleanup for Next Mark
[2024-12-04T16:40:50.596+0700][9,745s][info   ][gc,marking  ] GC(837) Concurrent Cleanup for Next Mark 3,298ms
[2024-12-04T16:40:50.597+0700][9,745s][info   ][gc          ] GC(837) Concurrent Mark Cycle 12,814ms
[2024-12-04T16:40:50.602+0700][9,751s][info   ][gc,start    ] GC(838) Pause Young (Concurrent Start) (G1 Humongous Allocation)
[2024-12-04T16:40:50.602+0700][9,751s][info   ][gc,task     ] GC(838) Using 8 workers of 8 for evacuation
[2024-12-04T16:40:50.604+0700][9,753s][info   ][gc,phases   ] GC(838)   Pre Evacuate Collection Set: 0,3ms
[2024-12-04T16:40:50.604+0700][9,753s][info   ][gc,phases   ] GC(838)   Merge Heap Roots: 0,5ms
[2024-12-04T16:40:50.604+0700][9,753s][info   ][gc,phases   ] GC(838)   Evacuate Collection Set: 0,6ms
[2024-12-04T16:40:50.604+0700][9,753s][info   ][gc,phases   ] GC(838)   Post Evacuate Collection Set: 0,2ms
[2024-12-04T16:40:50.604+0700][9,753s][info   ][gc,phases   ] GC(838)   Other: 0,3ms
[2024-12-04T16:40:50.604+0700][9,753s][info   ][gc,heap     ] GC(838) Eden regions: 1->0(326)
[2024-12-04T16:40:50.604+0700][9,753s][info   ][gc,heap     ] GC(838) Survivor regions: 1->1(42)
[2024-12-04T16:40:50.604+0700][9,753s][info   ][gc,heap     ] GC(838) Old regions: 3->3
[2024-12-04T16:40:50.604+0700][9,753s][info   ][gc,heap     ] GC(838) Archive regions: 2->2
[2024-12-04T16:40:50.604+0700][9,753s][info   ][gc,heap     ] GC(838) Humongous regions: 1510->1510
[2024-12-04T16:40:50.604+0700][9,753s][info   ][gc,metaspace] GC(838) Metaspace: 5840K(6080K)->5840K(6080K) NonClass: 5175K(5312K)->5175K(5312K) Class: 664K(768K)->664K(768K)
[2024-12-04T16:40:50.604+0700][9,753s][info   ][gc          ] GC(838) Pause Young (Concurrent Start) (G1 Humongous Allocation) 1513M->1513M(2048M) 1,948ms
[2024-12-04T16:40:50.604+0700][9,753s][info   ][gc,cpu      ] GC(838) User=0,00s Sys=0,00s Real=0,01s
[2024-12-04T16:40:50.604+0700][9,753s][info   ][gc          ] GC(839) Concurrent Mark Cycle
[2024-12-04T16:40:50.604+0700][9,753s][info   ][gc,marking  ] GC(839) Concurrent Clear Claimed Marks
[2024-12-04T16:40:50.604+0700][9,753s][info   ][gc,marking  ] GC(839) Concurrent Clear Claimed Marks 0,019ms
[2024-12-04T16:40:50.604+0700][9,753s][info   ][gc,marking  ] GC(839) Concurrent Scan Root Regions
[2024-12-04T16:40:50.604+0700][9,753s][info   ][gc,marking  ] GC(839) Concurrent Scan Root Regions 0,090ms
[2024-12-04T16:40:50.604+0700][9,753s][info   ][gc,marking  ] GC(839) Concurrent Mark
[2024-12-04T16:40:50.604+0700][9,753s][info   ][gc,marking  ] GC(839) Concurrent Mark From Roots
[2024-12-04T16:40:50.604+0700][9,753s][info   ][gc,task     ] GC(839) Using 2 workers of 2 for marking
[2024-12-04T16:40:50.608+0700][9,757s][info   ][gc,marking  ] GC(839) Concurrent Mark From Roots 4,297ms
[2024-12-04T16:40:50.608+0700][9,757s][info   ][gc,marking  ] GC(839) Concurrent Preclean
[2024-12-04T16:40:50.609+0700][9,757s][info   ][gc,marking  ] GC(839) Concurrent Preclean 0,050ms
[2024-12-04T16:40:50.609+0700][9,757s][info   ][gc,start    ] GC(839) Pause Remark
[2024-12-04T16:40:50.610+0700][9,758s][info   ][gc          ] GC(839) Pause Remark 1514M->1514M(2048M) 1,053ms
[2024-12-04T16:40:50.610+0700][9,759s][info   ][gc,cpu      ] GC(839) User=0,00s Sys=0,00s Real=0,00s
[2024-12-04T16:40:50.610+0700][9,759s][info   ][gc,marking  ] GC(839) Concurrent Mark 5,556ms
[2024-12-04T16:40:50.610+0700][9,759s][info   ][gc,marking  ] GC(839) Concurrent Rebuild Remembered Sets
[2024-12-04T16:40:50.614+0700][9,763s][info   ][gc,marking  ] GC(839) Concurrent Rebuild Remembered Sets 4,524ms
[2024-12-04T16:40:50.614+0700][9,763s][info   ][gc,start    ] GC(839) Pause Cleanup
[2024-12-04T16:40:50.615+0700][9,764s][info   ][gc          ] GC(839) Pause Cleanup 1515M->1515M(2048M) 0,373ms
[2024-12-04T16:40:50.615+0700][9,764s][info   ][gc,cpu      ] GC(839) User=0,00s Sys=0,00s Real=0,00s
[2024-12-04T16:40:50.615+0700][9,764s][info   ][gc,marking  ] GC(839) Concurrent Cleanup for Next Mark
[2024-12-04T16:40:50.618+0700][9,767s][info   ][gc,marking  ] GC(839) Concurrent Cleanup for Next Mark 3,591ms
[2024-12-04T16:40:50.618+0700][9,767s][info   ][gc          ] GC(839) Concurrent Mark Cycle 14,424ms
[2024-12-04T16:40:50.622+0700][9,771s][info   ][gc,start    ] GC(840) Pause Young (Concurrent Start) (G1 Humongous Allocation)
[2024-12-04T16:40:50.622+0700][9,771s][info   ][gc,task     ] GC(840) Using 8 workers of 8 for evacuation
[2024-12-04T16:40:50.623+0700][9,772s][info   ][gc,phases   ] GC(840)   Pre Evacuate Collection Set: 0,3ms
[2024-12-04T16:40:50.623+0700][9,772s][info   ][gc,phases   ] GC(840)   Merge Heap Roots: 0,3ms
[2024-12-04T16:40:50.623+0700][9,772s][info   ][gc,phases   ] GC(840)   Evacuate Collection Set: 0,6ms
[2024-12-04T16:40:50.623+0700][9,772s][info   ][gc,phases   ] GC(840)   Post Evacuate Collection Set: 0,1ms
[2024-12-04T16:40:50.623+0700][9,772s][info   ][gc,phases   ] GC(840)   Other: 0,2ms
[2024-12-04T16:40:50.623+0700][9,772s][info   ][gc,heap     ] GC(840) Eden regions: 1->0(323)
[2024-12-04T16:40:50.623+0700][9,772s][info   ][gc,heap     ] GC(840) Survivor regions: 1->1(41)
[2024-12-04T16:40:50.623+0700][9,772s][info   ][gc,heap     ] GC(840) Old regions: 3->3
[2024-12-04T16:40:50.623+0700][9,772s][info   ][gc,heap     ] GC(840) Archive regions: 2->2
[2024-12-04T16:40:50.623+0700][9,772s][info   ][gc,heap     ] GC(840) Humongous regions: 1513->1513
[2024-12-04T16:40:50.623+0700][9,772s][info   ][gc,metaspace] GC(840) Metaspace: 5840K(6080K)->5840K(6080K) NonClass: 5175K(5312K)->5175K(5312K) Class: 664K(768K)->664K(768K)
[2024-12-04T16:40:50.623+0700][9,772s][info   ][gc          ] GC(840) Pause Young (Concurrent Start) (G1 Humongous Allocation) 1516M->1516M(2048M) 1,595ms
[2024-12-04T16:40:50.624+0700][9,772s][info   ][gc,cpu      ] GC(840) User=0,00s Sys=0,00s Real=0,01s
[2024-12-04T16:40:50.624+0700][9,772s][info   ][gc          ] GC(841) Concurrent Mark Cycle
[2024-12-04T16:40:50.624+0700][9,772s][info   ][gc,marking  ] GC(841) Concurrent Clear Claimed Marks
[2024-12-04T16:40:50.624+0700][9,772s][info   ][gc,marking  ] GC(841) Concurrent Clear Claimed Marks 0,012ms
[2024-12-04T16:40:50.624+0700][9,772s][info   ][gc,marking  ] GC(841) Concurrent Scan Root Regions
[2024-12-04T16:40:50.624+0700][9,773s][info   ][gc,marking  ] GC(841) Concurrent Scan Root Regions 0,076ms
[2024-12-04T16:40:50.624+0700][9,773s][info   ][gc,marking  ] GC(841) Concurrent Mark
[2024-12-04T16:40:50.624+0700][9,773s][info   ][gc,marking  ] GC(841) Concurrent Mark From Roots
[2024-12-04T16:40:50.624+0700][9,773s][info   ][gc,task     ] GC(841) Using 2 workers of 2 for marking
[2024-12-04T16:40:50.628+0700][9,776s][info   ][gc,marking  ] GC(841) Concurrent Mark From Roots 3,835ms
[2024-12-04T16:40:50.628+0700][9,776s][info   ][gc,marking  ] GC(841) Concurrent Preclean
[2024-12-04T16:40:50.628+0700][9,776s][info   ][gc,marking  ] GC(841) Concurrent Preclean 0,048ms
[2024-12-04T16:40:50.628+0700][9,777s][info   ][gc,start    ] GC(841) Pause Remark
[2024-12-04T16:40:50.629+0700][9,778s][info   ][gc          ] GC(841) Pause Remark 1517M->1517M(2048M) 1,000ms
[2024-12-04T16:40:50.629+0700][9,778s][info   ][gc,cpu      ] GC(841) User=0,00s Sys=0,00s Real=0,00s
[2024-12-04T16:40:50.629+0700][9,778s][info   ][gc,marking  ] GC(841) Concurrent Mark 5,004ms
[2024-12-04T16:40:50.629+0700][9,778s][info   ][gc,marking  ] GC(841) Concurrent Rebuild Remembered Sets
[2024-12-04T16:40:50.631+0700][9,779s][info   ][gc,marking  ] GC(841) Concurrent Rebuild Remembered Sets 1,849ms
[2024-12-04T16:40:50.631+0700][9,779s][info   ][gc,start    ] GC(841) Pause Cleanup
[2024-12-04T16:40:50.631+0700][9,780s][info   ][gc          ] GC(841) Pause Cleanup 1518M->1518M(2048M) 0,303ms
[2024-12-04T16:40:50.631+0700][9,780s][info   ][gc,cpu      ] GC(841) User=0,00s Sys=0,00s Real=0,00s
[2024-12-04T16:40:50.631+0700][9,780s][info   ][gc,marking  ] GC(841) Concurrent Cleanup for Next Mark
[2024-12-04T16:40:50.634+0700][9,783s][info   ][gc,marking  ] GC(841) Concurrent Cleanup for Next Mark 3,201ms
[2024-12-04T16:40:50.634+0700][9,783s][info   ][gc          ] GC(841) Concurrent Mark Cycle 10,642ms
[2024-12-04T16:40:50.635+0700][9,784s][info   ][gc,start    ] GC(842) Pause Young (Concurrent Start) (G1 Humongous Allocation)
[2024-12-04T16:40:50.635+0700][9,784s][info   ][gc,task     ] GC(842) Using 8 workers of 8 for evacuation
[2024-12-04T16:40:50.637+0700][9,786s][info   ][gc,phases   ] GC(842)   Pre Evacuate Collection Set: 0,4ms
[2024-12-04T16:40:50.637+0700][9,786s][info   ][gc,phases   ] GC(842)   Merge Heap Roots: 0,6ms
[2024-12-04T16:40:50.637+0700][9,786s][info   ][gc,phases   ] GC(842)   Evacuate Collection Set: 0,4ms
[2024-12-04T16:40:50.637+0700][9,786s][info   ][gc,phases   ] GC(842)   Post Evacuate Collection Set: 0,1ms
[2024-12-04T16:40:50.637+0700][9,786s][info   ][gc,phases   ] GC(842)   Other: 0,2ms
[2024-12-04T16:40:50.637+0700][9,786s][info   ][gc,heap     ] GC(842) Eden regions: 1->0(321)
[2024-12-04T16:40:50.637+0700][9,786s][info   ][gc,heap     ] GC(842) Survivor regions: 1->1(41)
[2024-12-04T16:40:50.637+0700][9,786s][info   ][gc,heap     ] GC(842) Old regions: 3->3
[2024-12-04T16:40:50.637+0700][9,786s][info   ][gc,heap     ] GC(842) Archive regions: 2->2
[2024-12-04T16:40:50.637+0700][9,786s][info   ][gc,heap     ] GC(842) Humongous regions: 1515->1515
[2024-12-04T16:40:50.637+0700][9,786s][info   ][gc,metaspace] GC(842) Metaspace: 5840K(6080K)->5840K(6080K) NonClass: 5175K(5312K)->5175K(5312K) Class: 664K(768K)->664K(768K)
[2024-12-04T16:40:50.637+0700][9,786s][info   ][gc          ] GC(842) Pause Young (Concurrent Start) (G1 Humongous Allocation) 1518M->1518M(2048M) 1,753ms
[2024-12-04T16:40:50.637+0700][9,786s][info   ][gc,cpu      ] GC(842) User=0,01s Sys=0,00s Real=0,00s
[2024-12-04T16:40:50.637+0700][9,786s][info   ][gc          ] GC(843) Concurrent Mark Cycle
[2024-12-04T16:40:50.637+0700][9,786s][info   ][gc,marking  ] GC(843) Concurrent Clear Claimed Marks
[2024-12-04T16:40:50.637+0700][9,786s][info   ][gc,marking  ] GC(843) Concurrent Clear Claimed Marks 0,008ms
[2024-12-04T16:40:50.637+0700][9,786s][info   ][gc,marking  ] GC(843) Concurrent Scan Root Regions
[2024-12-04T16:40:50.637+0700][9,786s][info   ][gc,marking  ] GC(843) Concurrent Scan Root Regions 0,039ms
[2024-12-04T16:40:50.637+0700][9,786s][info   ][gc,marking  ] GC(843) Concurrent Mark
[2024-12-04T16:40:50.637+0700][9,786s][info   ][gc,marking  ] GC(843) Concurrent Mark From Roots
[2024-12-04T16:40:50.637+0700][9,786s][info   ][gc,task     ] GC(843) Using 2 workers of 2 for marking
[2024-12-04T16:40:50.641+0700][9,789s][info   ][gc,marking  ] GC(843) Concurrent Mark From Roots 3,340ms
[2024-12-04T16:40:50.641+0700][9,789s][info   ][gc,marking  ] GC(843) Concurrent Preclean
[2024-12-04T16:40:50.641+0700][9,789s][info   ][gc,marking  ] GC(843) Concurrent Preclean 0,042ms
[2024-12-04T16:40:50.641+0700][9,789s][info   ][gc,start    ] GC(843) Pause Remark
[2024-12-04T16:40:50.641+0700][9,790s][info   ][gc          ] GC(843) Pause Remark 1519M->1519M(2048M) 0,765ms
[2024-12-04T16:40:50.641+0700][9,790s][info   ][gc,cpu      ] GC(843) User=0,01s Sys=0,00s Real=0,00s
[2024-12-04T16:40:50.641+0700][9,790s][info   ][gc,marking  ] GC(843) Concurrent Mark 4,281ms
[2024-12-04T16:40:50.641+0700][9,790s][info   ][gc,marking  ] GC(843) Concurrent Rebuild Remembered Sets
[2024-12-04T16:40:50.643+0700][9,792s][info   ][gc,marking  ] GC(843) Concurrent Rebuild Remembered Sets 1,616ms
[2024-12-04T16:40:50.644+0700][9,792s][info   ][gc,start    ] GC(843) Pause Cleanup
[2024-12-04T16:40:50.644+0700][9,793s][info   ][gc          ] GC(843) Pause Cleanup 1520M->1520M(2048M) 0,194ms
[2024-12-04T16:40:50.644+0700][9,793s][info   ][gc,cpu      ] GC(843) User=0,00s Sys=0,00s Real=0,00s
[2024-12-04T16:40:50.644+0700][9,793s][info   ][gc,marking  ] GC(843) Concurrent Cleanup for Next Mark
[2024-12-04T16:40:50.647+0700][9,796s][info   ][gc,marking  ] GC(843) Concurrent Cleanup for Next Mark 2,822ms
[2024-12-04T16:40:50.647+0700][9,796s][info   ][gc          ] GC(843) Concurrent Mark Cycle 9,615ms
[2024-12-04T16:40:50.649+0700][9,798s][info   ][gc,start    ] GC(844) Pause Young (Concurrent Start) (G1 Humongous Allocation)
[2024-12-04T16:40:50.649+0700][9,798s][info   ][gc,task     ] GC(844) Using 8 workers of 8 for evacuation
[2024-12-04T16:40:50.651+0700][9,800s][info   ][gc,phases   ] GC(844)   Pre Evacuate Collection Set: 0,4ms
[2024-12-04T16:40:50.651+0700][9,800s][info   ][gc,phases   ] GC(844)   Merge Heap Roots: 0,4ms
[2024-12-04T16:40:50.651+0700][9,800s][info   ][gc,phases   ] GC(844)   Evacuate Collection Set: 0,4ms
[2024-12-04T16:40:50.651+0700][9,800s][info   ][gc,phases   ] GC(844)   Post Evacuate Collection Set: 0,1ms
[2024-12-04T16:40:50.651+0700][9,800s][info   ][gc,phases   ] GC(844)   Other: 0,2ms
[2024-12-04T16:40:50.651+0700][9,800s][info   ][gc,heap     ] GC(844) Eden regions: 1->0(319)
[2024-12-04T16:40:50.651+0700][9,800s][info   ][gc,heap     ] GC(844) Survivor regions: 1->1(41)
[2024-12-04T16:40:50.651+0700][9,800s][info   ][gc,heap     ] GC(844) Old regions: 3->3
[2024-12-04T16:40:50.651+0700][9,800s][info   ][gc,heap     ] GC(844) Archive regions: 2->2
[2024-12-04T16:40:50.651+0700][9,800s][info   ][gc,heap     ] GC(844) Humongous regions: 1517->1517
[2024-12-04T16:40:50.651+0700][9,800s][info   ][gc,metaspace] GC(844) Metaspace: 5840K(6080K)->5840K(6080K) NonClass: 5175K(5312K)->5175K(5312K) Class: 664K(768K)->664K(768K)
[2024-12-04T16:40:50.651+0700][9,800s][info   ][gc          ] GC(844) Pause Young (Concurrent Start) (G1 Humongous Allocation) 1520M->1520M(2048M) 1,627ms
[2024-12-04T16:40:50.651+0700][9,800s][info   ][gc,cpu      ] GC(844) User=0,00s Sys=0,00s Real=0,00s
[2024-12-04T16:40:50.651+0700][9,800s][info   ][gc          ] GC(845) Concurrent Mark Cycle
[2024-12-04T16:40:50.651+0700][9,800s][info   ][gc,marking  ] GC(845) Concurrent Clear Claimed Marks
[2024-12-04T16:40:50.651+0700][9,800s][info   ][gc,marking  ] GC(845) Concurrent Clear Claimed Marks 0,015ms
[2024-12-04T16:40:50.651+0700][9,800s][info   ][gc,marking  ] GC(845) Concurrent Scan Root Regions
[2024-12-04T16:40:50.651+0700][9,800s][info   ][gc,marking  ] GC(845) Concurrent Scan Root Regions 0,059ms
[2024-12-04T16:40:50.651+0700][9,800s][info   ][gc,marking  ] GC(845) Concurrent Mark
[2024-12-04T16:40:50.651+0700][9,800s][info   ][gc,marking  ] GC(845) Concurrent Mark From Roots
[2024-12-04T16:40:50.651+0700][9,800s][info   ][gc,task     ] GC(845) Using 2 workers of 2 for marking
[2024-12-04T16:40:50.654+0700][9,803s][info   ][gc,marking  ] GC(845) Concurrent Mark From Roots 3,484ms
[2024-12-04T16:40:50.654+0700][9,803s][info   ][gc,marking  ] GC(845) Concurrent Preclean
[2024-12-04T16:40:50.654+0700][9,803s][info   ][gc,marking  ] GC(845) Concurrent Preclean 0,049ms
[2024-12-04T16:40:50.654+0700][9,803s][info   ][gc,start    ] GC(845) Pause Remark
[2024-12-04T16:40:50.655+0700][9,804s][info   ][gc          ] GC(845) Pause Remark 1521M->1521M(2048M) 0,955ms
[2024-12-04T16:40:50.655+0700][9,804s][info   ][gc,cpu      ] GC(845) User=0,00s Sys=0,00s Real=0,00s
[2024-12-04T16:40:50.655+0700][9,804s][info   ][gc,marking  ] GC(845) Concurrent Mark 4,619ms
[2024-12-04T16:40:50.655+0700][9,804s][info   ][gc,marking  ] GC(845) Concurrent Rebuild Remembered Sets
[2024-12-04T16:40:50.657+0700][9,806s][info   ][gc,marking  ] GC(845) Concurrent Rebuild Remembered Sets 1,850ms
[2024-12-04T16:40:50.657+0700][9,806s][info   ][gc,start    ] GC(845) Pause Cleanup
[2024-12-04T16:40:50.658+0700][9,807s][info   ][gc          ] GC(845) Pause Cleanup 1522M->1522M(2048M) 0,338ms
[2024-12-04T16:40:50.658+0700][9,807s][info   ][gc,cpu      ] GC(845) User=0,01s Sys=0,00s Real=0,00s
[2024-12-04T16:40:50.658+0700][9,807s][info   ][gc,marking  ] GC(845) Concurrent Cleanup for Next Mark
[2024-12-04T16:40:50.661+0700][9,810s][info   ][gc,marking  ] GC(845) Concurrent Cleanup for Next Mark 3,329ms
[2024-12-04T16:40:50.661+0700][9,810s][info   ][gc          ] GC(845) Concurrent Mark Cycle 10,390ms
[2024-12-04T16:40:50.662+0700][9,811s][info   ][gc,start    ] GC(846) Pause Young (Concurrent Start) (G1 Humongous Allocation)
[2024-12-04T16:40:50.662+0700][9,811s][info   ][gc,task     ] GC(846) Using 8 workers of 8 for evacuation
[2024-12-04T16:40:50.664+0700][9,813s][info   ][gc,phases   ] GC(846)   Pre Evacuate Collection Set: 0,4ms
[2024-12-04T16:40:50.664+0700][9,813s][info   ][gc,phases   ] GC(846)   Merge Heap Roots: 0,3ms
[2024-12-04T16:40:50.664+0700][9,813s][info   ][gc,phases   ] GC(846)   Evacuate Collection Set: 0,5ms
[2024-12-04T16:40:50.664+0700][9,813s][info   ][gc,phases   ] GC(846)   Post Evacuate Collection Set: 0,2ms
[2024-12-04T16:40:50.664+0700][9,813s][info   ][gc,phases   ] GC(846)   Other: 0,2ms
[2024-12-04T16:40:50.664+0700][9,813s][info   ][gc,heap     ] GC(846) Eden regions: 1->0(317)
[2024-12-04T16:40:50.664+0700][9,813s][info   ][gc,heap     ] GC(846) Survivor regions: 1->1(40)
[2024-12-04T16:40:50.664+0700][9,813s][info   ][gc,heap     ] GC(846) Old regions: 3->3
[2024-12-04T16:40:50.664+0700][9,813s][info   ][gc,heap     ] GC(846) Archive regions: 2->2
[2024-12-04T16:40:50.664+0700][9,813s][info   ][gc,heap     ] GC(846) Humongous regions: 1519->1519
[2024-12-04T16:40:50.664+0700][9,813s][info   ][gc,metaspace] GC(846) Metaspace: 5840K(6080K)->5840K(6080K) NonClass: 5175K(5312K)->5175K(5312K) Class: 664K(768K)->664K(768K)
[2024-12-04T16:40:50.664+0700][9,813s][info   ][gc          ] GC(846) Pause Young (Concurrent Start) (G1 Humongous Allocation) 1522M->1522M(2048M) 1,622ms
[2024-12-04T16:40:50.664+0700][9,813s][info   ][gc,cpu      ] GC(846) User=0,01s Sys=0,00s Real=0,01s
[2024-12-04T16:40:50.664+0700][9,813s][info   ][gc          ] GC(847) Concurrent Mark Cycle
[2024-12-04T16:40:50.664+0700][9,813s][info   ][gc,marking  ] GC(847) Concurrent Clear Claimed Marks
[2024-12-04T16:40:50.664+0700][9,813s][info   ][gc,marking  ] GC(847) Concurrent Clear Claimed Marks 0,012ms
[2024-12-04T16:40:50.664+0700][9,813s][info   ][gc,marking  ] GC(847) Concurrent Scan Root Regions
[2024-12-04T16:40:50.664+0700][9,813s][info   ][gc,marking  ] GC(847) Concurrent Scan Root Regions 0,085ms
[2024-12-04T16:40:50.664+0700][9,813s][info   ][gc,marking  ] GC(847) Concurrent Mark
[2024-12-04T16:40:50.664+0700][9,813s][info   ][gc,marking  ] GC(847) Concurrent Mark From Roots
[2024-12-04T16:40:50.664+0700][9,813s][info   ][gc,task     ] GC(847) Using 2 workers of 2 for marking
[2024-12-04T16:40:50.668+0700][9,817s][info   ][gc,marking  ] GC(847) Concurrent Mark From Roots 4,336ms
[2024-12-04T16:40:50.668+0700][9,817s][info   ][gc,marking  ] GC(847) Concurrent Preclean
[2024-12-04T16:40:50.668+0700][9,817s][info   ][gc,marking  ] GC(847) Concurrent Preclean 0,045ms
[2024-12-04T16:40:50.669+0700][9,817s][info   ][gc,start    ] GC(847) Pause Remark
[2024-12-04T16:40:50.669+0700][9,818s][info   ][gc          ] GC(847) Pause Remark 1523M->1523M(2048M) 0,825ms
[2024-12-04T16:40:50.669+0700][9,818s][info   ][gc,cpu      ] GC(847) User=0,01s Sys=0,00s Real=0,00s
[2024-12-04T16:40:50.669+0700][9,818s][info   ][gc,marking  ] GC(847) Concurrent Mark 5,374ms
[2024-12-04T16:40:50.669+0700][9,818s][info   ][gc,marking  ] GC(847) Concurrent Rebuild Remembered Sets
[2024-12-04T16:40:50.671+0700][9,820s][info   ][gc,marking  ] GC(847) Concurrent Rebuild Remembered Sets 1,897ms
[2024-12-04T16:40:50.671+0700][9,820s][info   ][gc,start    ] GC(847) Pause Cleanup
[2024-12-04T16:40:50.672+0700][9,820s][info   ][gc          ] GC(847) Pause Cleanup 1524M->1524M(2048M) 0,185ms
[2024-12-04T16:40:50.672+0700][9,820s][info   ][gc,cpu      ] GC(847) User=0,00s Sys=0,00s Real=0,00s
[2024-12-04T16:40:50.672+0700][9,820s][info   ][gc,marking  ] GC(847) Concurrent Cleanup for Next Mark
[2024-12-04T16:40:50.675+0700][9,824s][info   ][gc,marking  ] GC(847) Concurrent Cleanup for Next Mark 3,152ms
[2024-12-04T16:40:50.675+0700][9,824s][info   ][gc          ] GC(847) Concurrent Mark Cycle 10,876ms
[2024-12-04T16:40:50.675+0700][9,824s][info   ][gc,start    ] GC(848) Pause Young (Concurrent Start) (G1 Humongous Allocation)
[2024-12-04T16:40:50.675+0700][9,824s][info   ][gc,task     ] GC(848) Using 8 workers of 8 for evacuation
[2024-12-04T16:40:50.677+0700][9,825s][info   ][gc,phases   ] GC(848)   Pre Evacuate Collection Set: 0,2ms
[2024-12-04T16:40:50.677+0700][9,826s][info   ][gc,phases   ] GC(848)   Merge Heap Roots: 0,3ms
[2024-12-04T16:40:50.677+0700][9,826s][info   ][gc,phases   ] GC(848)   Evacuate Collection Set: 0,4ms
[2024-12-04T16:40:50.677+0700][9,826s][info   ][gc,phases   ] GC(848)   Post Evacuate Collection Set: 0,1ms
[2024-12-04T16:40:50.677+0700][9,826s][info   ][gc,phases   ] GC(848)   Other: 0,2ms
[2024-12-04T16:40:50.677+0700][9,826s][info   ][gc,heap     ] GC(848) Eden regions: 1->0(316)
[2024-12-04T16:40:50.677+0700][9,826s][info   ][gc,heap     ] GC(848) Survivor regions: 1->0(40)
[2024-12-04T16:40:50.677+0700][9,826s][info   ][gc,heap     ] GC(848) Old regions: 3->3
[2024-12-04T16:40:50.677+0700][9,826s][info   ][gc,heap     ] GC(848) Archive regions: 2->2
[2024-12-04T16:40:50.677+0700][9,826s][info   ][gc,heap     ] GC(848) Humongous regions: 1521->1521
[2024-12-04T16:40:50.677+0700][9,826s][info   ][gc,metaspace] GC(848) Metaspace: 5840K(6080K)->5840K(6080K) NonClass: 5175K(5312K)->5175K(5312K) Class: 664K(768K)->664K(768K)
[2024-12-04T16:40:50.677+0700][9,826s][info   ][gc          ] GC(848) Pause Young (Concurrent Start) (G1 Humongous Allocation) 1524M->1524M(2048M) 1,223ms
[2024-12-04T16:40:50.677+0700][9,826s][info   ][gc,cpu      ] GC(848) User=0,00s Sys=0,01s Real=0,00s
[2024-12-04T16:40:50.677+0700][9,826s][info   ][gc          ] GC(849) Concurrent Mark Cycle
[2024-12-04T16:40:50.677+0700][9,826s][info   ][gc,marking  ] GC(849) Concurrent Clear Claimed Marks
[2024-12-04T16:40:50.677+0700][9,826s][info   ][gc,marking  ] GC(849) Concurrent Clear Claimed Marks 0,010ms
[2024-12-04T16:40:50.677+0700][9,826s][info   ][gc,marking  ] GC(849) Concurrent Scan Root Regions
[2024-12-04T16:40:50.677+0700][9,826s][info   ][gc,marking  ] GC(849) Concurrent Scan Root Regions 0,081ms
[2024-12-04T16:40:50.677+0700][9,826s][info   ][gc,marking  ] GC(849) Concurrent Mark
[2024-12-04T16:40:50.677+0700][9,826s][info   ][gc,marking  ] GC(849) Concurrent Mark From Roots
[2024-12-04T16:40:50.677+0700][9,826s][info   ][gc,task     ] GC(849) Using 2 workers of 2 for marking
[2024-12-04T16:40:50.680+0700][9,829s][info   ][gc,marking  ] GC(849) Concurrent Mark From Roots 3,240ms
[2024-12-04T16:40:50.680+0700][9,829s][info   ][gc,marking  ] GC(849) Concurrent Preclean
[2024-12-04T16:40:50.680+0700][9,829s][info   ][gc,marking  ] GC(849) Concurrent Preclean 0,041ms
[2024-12-04T16:40:50.680+0700][9,829s][info   ][gc,start    ] GC(849) Pause Remark
[2024-12-04T16:40:50.681+0700][9,830s][info   ][gc          ] GC(849) Pause Remark 1525M->1525M(2048M) 0,674ms
[2024-12-04T16:40:50.681+0700][9,830s][info   ][gc,cpu      ] GC(849) User=0,00s Sys=0,00s Real=0,00s
[2024-12-04T16:40:50.681+0700][9,830s][info   ][gc,marking  ] GC(849) Concurrent Mark 4,040ms
[2024-12-04T16:40:50.681+0700][9,830s][info   ][gc,marking  ] GC(849) Concurrent Rebuild Remembered Sets
[2024-12-04T16:40:50.683+0700][9,832s][info   ][gc,marking  ] GC(849) Concurrent Rebuild Remembered Sets 1,986ms
[2024-12-04T16:40:50.683+0700][9,832s][info   ][gc,start    ] GC(849) Pause Cleanup
[2024-12-04T16:40:50.683+0700][9,832s][info   ][gc          ] GC(849) Pause Cleanup 1526M->1526M(2048M) 0,240ms
[2024-12-04T16:40:50.683+0700][9,832s][info   ][gc,cpu      ] GC(849) User=0,01s Sys=0,00s Real=0,01s
[2024-12-04T16:40:50.683+0700][9,832s][info   ][gc,marking  ] GC(849) Concurrent Cleanup for Next Mark
[2024-12-04T16:40:50.688+0700][9,837s][info   ][gc,marking  ] GC(849) Concurrent Cleanup for Next Mark 4,954ms
[2024-12-04T16:40:50.688+0700][9,837s][info   ][gc          ] GC(849) Concurrent Mark Cycle 11,526ms
[2024-12-04T16:40:50.694+0700][9,843s][info   ][gc,start    ] GC(850) Pause Young (Concurrent Start) (G1 Humongous Allocation)
[2024-12-04T16:40:50.694+0700][9,843s][info   ][gc,task     ] GC(850) Using 8 workers of 8 for evacuation
[2024-12-04T16:40:50.695+0700][9,844s][info   ][gc,phases   ] GC(850)   Pre Evacuate Collection Set: 0,4ms
[2024-12-04T16:40:50.696+0700][9,844s][info   ][gc,phases   ] GC(850)   Merge Heap Roots: 0,4ms
[2024-12-04T16:40:50.696+0700][9,844s][info   ][gc,phases   ] GC(850)   Evacuate Collection Set: 0,5ms
[2024-12-04T16:40:50.696+0700][9,844s][info   ][gc,phases   ] GC(850)   Post Evacuate Collection Set: 0,1ms
[2024-12-04T16:40:50.696+0700][9,844s][info   ][gc,phases   ] GC(850)   Other: 0,2ms
[2024-12-04T16:40:50.696+0700][9,844s][info   ][gc,heap     ] GC(850) Eden regions: 1->0(313)
[2024-12-04T16:40:50.696+0700][9,844s][info   ][gc,heap     ] GC(850) Survivor regions: 0->0(40)
[2024-12-04T16:40:50.696+0700][9,844s][info   ][gc,heap     ] GC(850) Old regions: 3->3
[2024-12-04T16:40:50.696+0700][9,844s][info   ][gc,heap     ] GC(850) Archive regions: 2->2
[2024-12-04T16:40:50.696+0700][9,844s][info   ][gc,heap     ] GC(850) Humongous regions: 1524->1524
[2024-12-04T16:40:50.696+0700][9,844s][info   ][gc,metaspace] GC(850) Metaspace: 5840K(6080K)->5840K(6080K) NonClass: 5175K(5312K)->5175K(5312K) Class: 664K(768K)->664K(768K)
[2024-12-04T16:40:50.696+0700][9,844s][info   ][gc          ] GC(850) Pause Young (Concurrent Start) (G1 Humongous Allocation) 1527M->1527M(2048M) 1,697ms
[2024-12-04T16:40:50.696+0700][9,844s][info   ][gc,cpu      ] GC(850) User=0,00s Sys=0,00s Real=0,00s
[2024-12-04T16:40:50.696+0700][9,844s][info   ][gc          ] GC(851) Concurrent Mark Cycle
[2024-12-04T16:40:50.696+0700][9,844s][info   ][gc,marking  ] GC(851) Concurrent Clear Claimed Marks
[2024-12-04T16:40:50.696+0700][9,845s][info   ][gc,marking  ] GC(851) Concurrent Clear Claimed Marks 0,016ms
[2024-12-04T16:40:50.696+0700][9,845s][info   ][gc,marking  ] GC(851) Concurrent Scan Root Regions
[2024-12-04T16:40:50.696+0700][9,845s][info   ][gc,marking  ] GC(851) Concurrent Scan Root Regions 0,004ms
[2024-12-04T16:40:50.696+0700][9,845s][info   ][gc,marking  ] GC(851) Concurrent Mark
[2024-12-04T16:40:50.696+0700][9,845s][info   ][gc,marking  ] GC(851) Concurrent Mark From Roots
[2024-12-04T16:40:50.696+0700][9,845s][info   ][gc,task     ] GC(851) Using 2 workers of 2 for marking
[2024-12-04T16:40:50.700+0700][9,849s][info   ][gc,marking  ] GC(851) Concurrent Mark From Roots 4,806ms
[2024-12-04T16:40:50.701+0700][9,849s][info   ][gc,marking  ] GC(851) Concurrent Preclean
[2024-12-04T16:40:50.701+0700][9,849s][info   ][gc,marking  ] GC(851) Concurrent Preclean 0,084ms
[2024-12-04T16:40:50.701+0700][9,850s][info   ][gc,start    ] GC(851) Pause Remark
[2024-12-04T16:40:50.702+0700][9,851s][info   ][gc          ] GC(851) Pause Remark 1528M->1528M(2048M) 1,074ms
[2024-12-04T16:40:50.702+0700][9,851s][info   ][gc,cpu      ] GC(851) User=0,00s Sys=0,00s Real=0,00s
[2024-12-04T16:40:50.702+0700][9,851s][info   ][gc,marking  ] GC(851) Concurrent Mark 6,164ms
[2024-12-04T16:40:50.702+0700][9,851s][info   ][gc,marking  ] GC(851) Concurrent Rebuild Remembered Sets
[2024-12-04T16:40:50.704+0700][9,853s][info   ][gc,marking  ] GC(851) Concurrent Rebuild Remembered Sets 2,524ms
[2024-12-04T16:40:50.704+0700][9,853s][info   ][gc,start    ] GC(851) Pause Cleanup
[2024-12-04T16:40:50.705+0700][9,854s][info   ][gc          ] GC(851) Pause Cleanup 1529M->1529M(2048M) 0,347ms
[2024-12-04T16:40:50.705+0700][9,854s][info   ][gc,cpu      ] GC(851) User=0,00s Sys=0,00s Real=0,00s
[2024-12-04T16:40:50.705+0700][9,854s][info   ][gc,marking  ] GC(851) Concurrent Cleanup for Next Mark
[2024-12-04T16:40:50.708+0700][9,857s][info   ][gc,marking  ] GC(851) Concurrent Cleanup for Next Mark 3,608ms
[2024-12-04T16:40:50.709+0700][9,857s][info   ][gc          ] GC(851) Concurrent Mark Cycle 12,965ms
[2024-12-04T16:40:50.714+0700][9,863s][info   ][gc,start    ] GC(852) Pause Young (Concurrent Start) (G1 Humongous Allocation)
[2024-12-04T16:40:50.714+0700][9,863s][info   ][gc,task     ] GC(852) Using 8 workers of 8 for evacuation
[2024-12-04T16:40:50.716+0700][9,865s][info   ][gc,phases   ] GC(852)   Pre Evacuate Collection Set: 0,5ms
[2024-12-04T16:40:50.716+0700][9,865s][info   ][gc,phases   ] GC(852)   Merge Heap Roots: 0,3ms
[2024-12-04T16:40:50.716+0700][9,865s][info   ][gc,phases   ] GC(852)   Evacuate Collection Set: 0,6ms
[2024-12-04T16:40:50.716+0700][9,865s][info   ][gc,phases   ] GC(852)   Post Evacuate Collection Set: 0,1ms
[2024-12-04T16:40:50.716+0700][9,865s][info   ][gc,phases   ] GC(852)   Other: 0,3ms
[2024-12-04T16:40:50.716+0700][9,865s][info   ][gc,heap     ] GC(852) Eden regions: 1->0(310)
[2024-12-04T16:40:50.716+0700][9,865s][info   ][gc,heap     ] GC(852) Survivor regions: 0->0(40)
[2024-12-04T16:40:50.716+0700][9,865s][info   ][gc,heap     ] GC(852) Old regions: 3->3
[2024-12-04T16:40:50.716+0700][9,865s][info   ][gc,heap     ] GC(852) Archive regions: 2->2
[2024-12-04T16:40:50.716+0700][9,865s][info   ][gc,heap     ] GC(852) Humongous regions: 1527->1527
[2024-12-04T16:40:50.716+0700][9,865s][info   ][gc,metaspace] GC(852) Metaspace: 5840K(6080K)->5840K(6080K) NonClass: 5175K(5312K)->5175K(5312K) Class: 664K(768K)->664K(768K)
[2024-12-04T16:40:50.716+0700][9,865s][info   ][gc          ] GC(852) Pause Young (Concurrent Start) (G1 Humongous Allocation) 1530M->1530M(2048M) 1,969ms
[2024-12-04T16:40:50.716+0700][9,865s][info   ][gc,cpu      ] GC(852) User=0,00s Sys=0,00s Real=0,00s
[2024-12-04T16:40:50.716+0700][9,865s][info   ][gc          ] GC(853) Concurrent Mark Cycle
[2024-12-04T16:40:50.716+0700][9,865s][info   ][gc,marking  ] GC(853) Concurrent Clear Claimed Marks
[2024-12-04T16:40:50.716+0700][9,865s][info   ][gc,marking  ] GC(853) Concurrent Clear Claimed Marks 0,013ms
[2024-12-04T16:40:50.716+0700][9,865s][info   ][gc,marking  ] GC(853) Concurrent Scan Root Regions
[2024-12-04T16:40:50.716+0700][9,865s][info   ][gc,marking  ] GC(853) Concurrent Scan Root Regions 0,004ms
[2024-12-04T16:40:50.716+0700][9,865s][info   ][gc,marking  ] GC(853) Concurrent Mark
[2024-12-04T16:40:50.716+0700][9,865s][info   ][gc,marking  ] GC(853) Concurrent Mark From Roots
[2024-12-04T16:40:50.716+0700][9,865s][info   ][gc,task     ] GC(853) Using 2 workers of 2 for marking
[2024-12-04T16:40:50.721+0700][9,870s][info   ][gc,marking  ] GC(853) Concurrent Mark From Roots 4,915ms
[2024-12-04T16:40:50.721+0700][9,870s][info   ][gc,marking  ] GC(853) Concurrent Preclean
[2024-12-04T16:40:50.721+0700][9,870s][info   ][gc,marking  ] GC(853) Concurrent Preclean 0,055ms
[2024-12-04T16:40:50.721+0700][9,870s][info   ][gc,start    ] GC(853) Pause Remark
[2024-12-04T16:40:50.722+0700][9,871s][info   ][gc          ] GC(853) Pause Remark 1531M->1531M(2048M) 1,075ms
[2024-12-04T16:40:50.722+0700][9,871s][info   ][gc,cpu      ] GC(853) User=0,00s Sys=0,00s Real=0,00s
[2024-12-04T16:40:50.722+0700][9,871s][info   ][gc,marking  ] GC(853) Concurrent Mark 6,206ms
[2024-12-04T16:40:50.722+0700][9,871s][info   ][gc,marking  ] GC(853) Concurrent Rebuild Remembered Sets
[2024-12-04T16:40:50.725+0700][9,874s][info   ][gc,marking  ] GC(853) Concurrent Rebuild Remembered Sets 2,549ms
[2024-12-04T16:40:50.725+0700][9,874s][info   ][gc,start    ] GC(853) Pause Cleanup
[2024-12-04T16:40:50.725+0700][9,874s][info   ][gc          ] GC(853) Pause Cleanup 1532M->1532M(2048M) 0,301ms
[2024-12-04T16:40:50.725+0700][9,874s][info   ][gc,cpu      ] GC(853) User=0,00s Sys=0,01s Real=0,00s
[2024-12-04T16:40:50.725+0700][9,874s][info   ][gc,marking  ] GC(853) Concurrent Cleanup for Next Mark
[2024-12-04T16:40:50.730+0700][9,879s][info   ][gc,marking  ] GC(853) Concurrent Cleanup for Next Mark 4,674ms
[2024-12-04T16:40:50.730+0700][9,879s][info   ][gc          ] GC(853) Concurrent Mark Cycle 14,004ms
[2024-12-04T16:40:50.736+0700][9,885s][info   ][gc,start    ] GC(854) Pause Young (Concurrent Start) (G1 Humongous Allocation)
[2024-12-04T16:40:50.736+0700][9,885s][info   ][gc,task     ] GC(854) Using 8 workers of 8 for evacuation
[2024-12-04T16:40:50.739+0700][9,888s][info   ][gc,phases   ] GC(854)   Pre Evacuate Collection Set: 1,1ms
[2024-12-04T16:40:50.739+0700][9,888s][info   ][gc,phases   ] GC(854)   Merge Heap Roots: 0,5ms
[2024-12-04T16:40:50.739+0700][9,888s][info   ][gc,phases   ] GC(854)   Evacuate Collection Set: 0,9ms
[2024-12-04T16:40:50.739+0700][9,888s][info   ][gc,phases   ] GC(854)   Post Evacuate Collection Set: 0,2ms
[2024-12-04T16:40:50.739+0700][9,888s][info   ][gc,phases   ] GC(854)   Other: 0,4ms
[2024-12-04T16:40:50.739+0700][9,888s][info   ][gc,heap     ] GC(854) Eden regions: 1->0(307)
[2024-12-04T16:40:50.739+0700][9,888s][info   ][gc,heap     ] GC(854) Survivor regions: 0->0(39)
[2024-12-04T16:40:50.739+0700][9,888s][info   ][gc,heap     ] GC(854) Old regions: 3->3
[2024-12-04T16:40:50.739+0700][9,888s][info   ][gc,heap     ] GC(854) Archive regions: 2->2
[2024-12-04T16:40:50.739+0700][9,888s][info   ][gc,heap     ] GC(854) Humongous regions: 1530->1530
[2024-12-04T16:40:50.739+0700][9,888s][info   ][gc,metaspace] GC(854) Metaspace: 5840K(6080K)->5840K(6080K) NonClass: 5175K(5312K)->5175K(5312K) Class: 664K(768K)->664K(768K)
[2024-12-04T16:40:50.739+0700][9,888s][info   ][gc          ] GC(854) Pause Young (Concurrent Start) (G1 Humongous Allocation) 1533M->1533M(2048M) 3,281ms
[2024-12-04T16:40:50.739+0700][9,888s][info   ][gc,cpu      ] GC(854) User=0,01s Sys=0,00s Real=0,00s
[2024-12-04T16:40:50.739+0700][9,888s][info   ][gc          ] GC(855) Concurrent Mark Cycle
[2024-12-04T16:40:50.739+0700][9,888s][info   ][gc,marking  ] GC(855) Concurrent Clear Claimed Marks
[2024-12-04T16:40:50.739+0700][9,888s][info   ][gc,marking  ] GC(855) Concurrent Clear Claimed Marks 0,019ms
[2024-12-04T16:40:50.739+0700][9,888s][info   ][gc,marking  ] GC(855) Concurrent Scan Root Regions
[2024-12-04T16:40:50.739+0700][9,888s][info   ][gc,marking  ] GC(855) Concurrent Scan Root Regions 0,007ms
[2024-12-04T16:40:50.739+0700][9,888s][info   ][gc,marking  ] GC(855) Concurrent Mark
[2024-12-04T16:40:50.739+0700][9,888s][info   ][gc,marking  ] GC(855) Concurrent Mark From Roots
[2024-12-04T16:40:50.739+0700][9,888s][info   ][gc,task     ] GC(855) Using 2 workers of 2 for marking
[2024-12-04T16:40:50.745+0700][9,894s][info   ][gc,marking  ] GC(855) Concurrent Mark From Roots 5,750ms
[2024-12-04T16:40:50.745+0700][9,894s][info   ][gc,marking  ] GC(855) Concurrent Preclean
[2024-12-04T16:40:50.745+0700][9,894s][info   ][gc,marking  ] GC(855) Concurrent Preclean 0,071ms
[2024-12-04T16:40:50.746+0700][9,895s][info   ][gc,start    ] GC(855) Pause Remark
[2024-12-04T16:40:50.747+0700][9,896s][info   ][gc          ] GC(855) Pause Remark 1535M->1535M(2048M) 1,741ms
[2024-12-04T16:40:50.747+0700][9,896s][info   ][gc,cpu      ] GC(855) User=0,00s Sys=0,00s Real=0,00s
[2024-12-04T16:40:50.747+0700][9,896s][info   ][gc,marking  ] GC(855) Concurrent Mark 8,188ms
[2024-12-04T16:40:50.748+0700][9,896s][info   ][gc,marking  ] GC(855) Concurrent Rebuild Remembered Sets
[2024-12-04T16:40:50.750+0700][9,899s][info   ][gc,marking  ] GC(855) Concurrent Rebuild Remembered Sets 2,444ms
[2024-12-04T16:40:50.750+0700][9,899s][info   ][gc,start    ] GC(855) Pause Cleanup
[2024-12-04T16:40:50.750+0700][9,899s][info   ][gc          ] GC(855) Pause Cleanup 1535M->1535M(2048M) 0,367ms
[2024-12-04T16:40:50.750+0700][9,899s][info   ][gc,cpu      ] GC(855) User=0,00s Sys=0,00s Real=0,00s
[2024-12-04T16:40:50.750+0700][9,899s][info   ][gc,marking  ] GC(855) Concurrent Cleanup for Next Mark
[2024-12-04T16:40:50.755+0700][9,904s][info   ][gc,marking  ] GC(855) Concurrent Cleanup for Next Mark 4,574ms
[2024-12-04T16:40:50.755+0700][9,904s][info   ][gc          ] GC(855) Concurrent Mark Cycle 15,891ms
[2024-12-04T16:40:50.759+0700][9,908s][info   ][gc,start    ] GC(856) Pause Young (Concurrent Start) (G1 Humongous Allocation)
[2024-12-04T16:40:50.759+0700][9,908s][info   ][gc,task     ] GC(856) Using 8 workers of 8 for evacuation
[2024-12-04T16:40:50.761+0700][9,910s][info   ][gc,phases   ] GC(856)   Pre Evacuate Collection Set: 0,4ms
[2024-12-04T16:40:50.761+0700][9,910s][info   ][gc,phases   ] GC(856)   Merge Heap Roots: 0,3ms
[2024-12-04T16:40:50.761+0700][9,910s][info   ][gc,phases   ] GC(856)   Evacuate Collection Set: 0,6ms
[2024-12-04T16:40:50.761+0700][9,910s][info   ][gc,phases   ] GC(856)   Post Evacuate Collection Set: 0,3ms
[2024-12-04T16:40:50.761+0700][9,910s][info   ][gc,phases   ] GC(856)   Other: 0,3ms
[2024-12-04T16:40:50.761+0700][9,910s][info   ][gc,heap     ] GC(856) Eden regions: 1->0(304)
[2024-12-04T16:40:50.761+0700][9,910s][info   ][gc,heap     ] GC(856) Survivor regions: 0->0(39)
[2024-12-04T16:40:50.761+0700][9,910s][info   ][gc,heap     ] GC(856) Old regions: 3->3
[2024-12-04T16:40:50.761+0700][9,910s][info   ][gc,heap     ] GC(856) Archive regions: 2->2
[2024-12-04T16:40:50.761+0700][9,910s][info   ][gc,heap     ] GC(856) Humongous regions: 1533->1533
[2024-12-04T16:40:50.761+0700][9,910s][info   ][gc,metaspace] GC(856) Metaspace: 5840K(6080K)->5840K(6080K) NonClass: 5175K(5312K)->5175K(5312K) Class: 664K(768K)->664K(768K)
[2024-12-04T16:40:50.761+0700][9,910s][info   ][gc          ] GC(856) Pause Young (Concurrent Start) (G1 Humongous Allocation) 1536M->1536M(2048M) 1,928ms
[2024-12-04T16:40:50.761+0700][9,910s][info   ][gc,cpu      ] GC(856) User=0,00s Sys=0,00s Real=0,00s
[2024-12-04T16:40:50.761+0700][9,910s][info   ][gc          ] GC(857) Concurrent Mark Cycle
[2024-12-04T16:40:50.761+0700][9,910s][info   ][gc,marking  ] GC(857) Concurrent Clear Claimed Marks
[2024-12-04T16:40:50.761+0700][9,910s][info   ][gc,marking  ] GC(857) Concurrent Clear Claimed Marks 0,033ms
[2024-12-04T16:40:50.761+0700][9,910s][info   ][gc,marking  ] GC(857) Concurrent Scan Root Regions
[2024-12-04T16:40:50.761+0700][9,910s][info   ][gc,marking  ] GC(857) Concurrent Scan Root Regions 0,004ms
[2024-12-04T16:40:50.761+0700][9,910s][info   ][gc,marking  ] GC(857) Concurrent Mark
[2024-12-04T16:40:50.761+0700][9,910s][info   ][gc,marking  ] GC(857) Concurrent Mark From Roots
[2024-12-04T16:40:50.761+0700][9,910s][info   ][gc,task     ] GC(857) Using 2 workers of 2 for marking
[2024-12-04T16:40:50.766+0700][9,915s][info   ][gc,marking  ] GC(857) Concurrent Mark From Roots 5,240ms
[2024-12-04T16:40:50.766+0700][9,915s][info   ][gc,marking  ] GC(857) Concurrent Preclean
[2024-12-04T16:40:50.766+0700][9,915s][info   ][gc,marking  ] GC(857) Concurrent Preclean 0,061ms
[2024-12-04T16:40:50.766+0700][9,915s][info   ][gc,start    ] GC(857) Pause Remark
[2024-12-04T16:40:50.767+0700][9,916s][info   ][gc          ] GC(857) Pause Remark 1537M->1537M(2048M) 1,143ms
[2024-12-04T16:40:50.767+0700][9,916s][info   ][gc,cpu      ] GC(857) User=0,00s Sys=0,00s Real=0,00s
[2024-12-04T16:40:50.768+0700][9,916s][info   ][gc,marking  ] GC(857) Concurrent Mark 6,649ms
[2024-12-04T16:40:50.768+0700][9,916s][info   ][gc,marking  ] GC(857) Concurrent Rebuild Remembered Sets
[2024-12-04T16:40:50.770+0700][9,919s][info   ][gc,marking  ] GC(857) Concurrent Rebuild Remembered Sets 2,442ms
[2024-12-04T16:40:50.770+0700][9,919s][info   ][gc,start    ] GC(857) Pause Cleanup
[2024-12-04T16:40:50.771+0700][9,919s][info   ][gc          ] GC(857) Pause Cleanup 1538M->1538M(2048M) 0,339ms
[2024-12-04T16:40:50.771+0700][9,920s][info   ][gc,cpu      ] GC(857) User=0,00s Sys=0,00s Real=0,00s
[2024-12-04T16:40:50.771+0700][9,920s][info   ][gc,marking  ] GC(857) Concurrent Cleanup for Next Mark
[2024-12-04T16:40:50.775+0700][9,924s][info   ][gc,marking  ] GC(857) Concurrent Cleanup for Next Mark 4,515ms
[2024-12-04T16:40:50.775+0700][9,924s][info   ][gc          ] GC(857) Concurrent Mark Cycle 14,488ms
[2024-12-04T16:40:50.780+0700][9,929s][info   ][gc,start    ] GC(858) Pause Young (Concurrent Start) (G1 Humongous Allocation)
[2024-12-04T16:40:50.780+0700][9,929s][info   ][gc,task     ] GC(858) Using 8 workers of 8 for evacuation
[2024-12-04T16:40:50.782+0700][9,931s][info   ][gc,phases   ] GC(858)   Pre Evacuate Collection Set: 0,5ms
[2024-12-04T16:40:50.783+0700][9,931s][info   ][gc,phases   ] GC(858)   Merge Heap Roots: 0,5ms
[2024-12-04T16:40:50.783+0700][9,931s][info   ][gc,phases   ] GC(858)   Evacuate Collection Set: 0,7ms
[2024-12-04T16:40:50.783+0700][9,931s][info   ][gc,phases   ] GC(858)   Post Evacuate Collection Set: 0,2ms
[2024-12-04T16:40:50.783+0700][9,931s][info   ][gc,phases   ] GC(858)   Other: 0,3ms
[2024-12-04T16:40:50.783+0700][9,931s][info   ][gc,heap     ] GC(858) Eden regions: 1->0(301)
[2024-12-04T16:40:50.783+0700][9,931s][info   ][gc,heap     ] GC(858) Survivor regions: 0->0(38)
[2024-12-04T16:40:50.783+0700][9,931s][info   ][gc,heap     ] GC(858) Old regions: 3->3
[2024-12-04T16:40:50.783+0700][9,932s][info   ][gc,heap     ] GC(858) Archive regions: 2->2
[2024-12-04T16:40:50.783+0700][9,932s][info   ][gc,heap     ] GC(858) Humongous regions: 1536->1536
[2024-12-04T16:40:50.783+0700][9,932s][info   ][gc,metaspace] GC(858) Metaspace: 5840K(6080K)->5840K(6080K) NonClass: 5175K(5312K)->5175K(5312K) Class: 664K(768K)->664K(768K)
[2024-12-04T16:40:50.783+0700][9,932s][info   ][gc          ] GC(858) Pause Young (Concurrent Start) (G1 Humongous Allocation) 1539M->1539M(2048M) 2,400ms
[2024-12-04T16:40:50.783+0700][9,932s][info   ][gc,cpu      ] GC(858) User=0,01s Sys=0,00s Real=0,00s
[2024-12-04T16:40:50.783+0700][9,932s][info   ][gc          ] GC(859) Concurrent Mark Cycle
[2024-12-04T16:40:50.783+0700][9,932s][info   ][gc,marking  ] GC(859) Concurrent Clear Claimed Marks
[2024-12-04T16:40:50.783+0700][9,932s][info   ][gc,marking  ] GC(859) Concurrent Clear Claimed Marks 0,028ms
[2024-12-04T16:40:50.783+0700][9,932s][info   ][gc,marking  ] GC(859) Concurrent Scan Root Regions
[2024-12-04T16:40:50.783+0700][9,932s][info   ][gc,marking  ] GC(859) Concurrent Scan Root Regions 0,006ms
[2024-12-04T16:40:50.783+0700][9,932s][info   ][gc,marking  ] GC(859) Concurrent Mark
[2024-12-04T16:40:50.783+0700][9,932s][info   ][gc,marking  ] GC(859) Concurrent Mark From Roots
[2024-12-04T16:40:50.783+0700][9,932s][info   ][gc,task     ] GC(859) Using 2 workers of 2 for marking
[2024-12-04T16:40:50.788+0700][9,937s][info   ][gc,marking  ] GC(859) Concurrent Mark From Roots 5,426ms
[2024-12-04T16:40:50.788+0700][9,937s][info   ][gc,marking  ] GC(859) Concurrent Preclean
[2024-12-04T16:40:50.788+0700][9,937s][info   ][gc,marking  ] GC(859) Concurrent Preclean 0,088ms
[2024-12-04T16:40:50.789+0700][9,937s][info   ][gc,start    ] GC(859) Pause Remark
[2024-12-04T16:40:50.790+0700][9,939s][info   ][gc          ] GC(859) Pause Remark 1540M->1540M(2048M) 1,761ms
[2024-12-04T16:40:50.790+0700][9,939s][info   ][gc,cpu      ] GC(859) User=0,00s Sys=0,00s Real=0,00s
[2024-12-04T16:40:50.790+0700][9,939s][info   ][gc,marking  ] GC(859) Concurrent Mark 7,539ms
[2024-12-04T16:40:50.790+0700][9,939s][info   ][gc,marking  ] GC(859) Concurrent Rebuild Remembered Sets
[2024-12-04T16:40:50.793+0700][9,942s][info   ][gc,marking  ] GC(859) Concurrent Rebuild Remembered Sets 2,267ms
[2024-12-04T16:40:50.793+0700][9,942s][info   ][gc,start    ] GC(859) Pause Cleanup
[2024-12-04T16:40:50.793+0700][9,942s][info   ][gc          ] GC(859) Pause Cleanup 1541M->1541M(2048M) 0,355ms
[2024-12-04T16:40:50.793+0700][9,942s][info   ][gc,cpu      ] GC(859) User=0,00s Sys=0,00s Real=0,01s
[2024-12-04T16:40:50.793+0700][9,942s][info   ][gc,marking  ] GC(859) Concurrent Cleanup for Next Mark
[2024-12-04T16:40:50.797+0700][9,946s][info   ][gc,marking  ] GC(859) Concurrent Cleanup for Next Mark 3,544ms
[2024-12-04T16:40:50.797+0700][9,946s][info   ][gc          ] GC(859) Concurrent Mark Cycle 14,117ms
[2024-12-04T16:40:50.802+0700][9,951s][info   ][gc,start    ] GC(860) Pause Young (Concurrent Start) (G1 Humongous Allocation)
[2024-12-04T16:40:50.802+0700][9,951s][info   ][gc,task     ] GC(860) Using 8 workers of 8 for evacuation
[2024-12-04T16:40:50.804+0700][9,953s][info   ][gc,phases   ] GC(860)   Pre Evacuate Collection Set: 0,4ms
[2024-12-04T16:40:50.804+0700][9,953s][info   ][gc,phases   ] GC(860)   Merge Heap Roots: 0,5ms
[2024-12-04T16:40:50.804+0700][9,953s][info   ][gc,phases   ] GC(860)   Evacuate Collection Set: 0,4ms
[2024-12-04T16:40:50.804+0700][9,953s][info   ][gc,phases   ] GC(860)   Post Evacuate Collection Set: 0,1ms
[2024-12-04T16:40:50.804+0700][9,953s][info   ][gc,phases   ] GC(860)   Other: 0,3ms
[2024-12-04T16:40:50.804+0700][9,953s][info   ][gc,heap     ] GC(860) Eden regions: 1->0(298)
[2024-12-04T16:40:50.804+0700][9,953s][info   ][gc,heap     ] GC(860) Survivor regions: 0->0(38)
[2024-12-04T16:40:50.804+0700][9,953s][info   ][gc,heap     ] GC(860) Old regions: 3->3
[2024-12-04T16:40:50.804+0700][9,953s][info   ][gc,heap     ] GC(860) Archive regions: 2->2
[2024-12-04T16:40:50.804+0700][9,953s][info   ][gc,heap     ] GC(860) Humongous regions: 1539->1539
[2024-12-04T16:40:50.804+0700][9,953s][info   ][gc,metaspace] GC(860) Metaspace: 5840K(6080K)->5840K(6080K) NonClass: 5175K(5312K)->5175K(5312K) Class: 664K(768K)->664K(768K)
[2024-12-04T16:40:50.804+0700][9,953s][info   ][gc          ] GC(860) Pause Young (Concurrent Start) (G1 Humongous Allocation) 1542M->1542M(2048M) 1,808ms
[2024-12-04T16:40:50.804+0700][9,953s][info   ][gc,cpu      ] GC(860) User=0,00s Sys=0,00s Real=0,01s
[2024-12-04T16:40:50.804+0700][9,953s][info   ][gc          ] GC(861) Concurrent Mark Cycle
[2024-12-04T16:40:50.804+0700][9,953s][info   ][gc,marking  ] GC(861) Concurrent Clear Claimed Marks
[2024-12-04T16:40:50.804+0700][9,953s][info   ][gc,marking  ] GC(861) Concurrent Clear Claimed Marks 0,012ms
[2024-12-04T16:40:50.804+0700][9,953s][info   ][gc,marking  ] GC(861) Concurrent Scan Root Regions
[2024-12-04T16:40:50.804+0700][9,953s][info   ][gc,marking  ] GC(861) Concurrent Scan Root Regions 0,004ms
[2024-12-04T16:40:50.804+0700][9,953s][info   ][gc,marking  ] GC(861) Concurrent Mark
[2024-12-04T16:40:50.804+0700][9,953s][info   ][gc,marking  ] GC(861) Concurrent Mark From Roots
[2024-12-04T16:40:50.804+0700][9,953s][info   ][gc,task     ] GC(861) Using 2 workers of 2 for marking
[2024-12-04T16:40:50.809+0700][9,957s][info   ][gc,marking  ] GC(861) Concurrent Mark From Roots 4,632ms
[2024-12-04T16:40:50.809+0700][9,957s][info   ][gc,marking  ] GC(861) Concurrent Preclean
[2024-12-04T16:40:50.809+0700][9,957s][info   ][gc,marking  ] GC(861) Concurrent Preclean 0,058ms
[2024-12-04T16:40:50.809+0700][9,958s][info   ][gc,start    ] GC(861) Pause Remark
[2024-12-04T16:40:50.810+0700][9,959s][info   ][gc          ] GC(861) Pause Remark 1543M->1543M(2048M) 1,061ms
[2024-12-04T16:40:50.810+0700][9,959s][info   ][gc,cpu      ] GC(861) User=0,00s Sys=0,00s Real=0,00s
[2024-12-04T16:40:50.810+0700][9,959s][info   ][gc,marking  ] GC(861) Concurrent Mark 5,918ms
[2024-12-04T16:40:50.810+0700][9,959s][info   ][gc,marking  ] GC(861) Concurrent Rebuild Remembered Sets
[2024-12-04T16:40:50.812+0700][9,961s][info   ][gc,marking  ] GC(861) Concurrent Rebuild Remembered Sets 2,090ms
[2024-12-04T16:40:50.812+0700][9,961s][info   ][gc,start    ] GC(861) Pause Cleanup
[2024-12-04T16:40:50.812+0700][9,961s][info   ][gc          ] GC(861) Pause Cleanup 1544M->1544M(2048M) 0,395ms
[2024-12-04T16:40:50.812+0700][9,961s][info   ][gc,cpu      ] GC(861) User=0,00s Sys=0,00s Real=0,00s
[2024-12-04T16:40:50.812+0700][9,961s][info   ][gc,marking  ] GC(861) Concurrent Cleanup for Next Mark
[2024-12-04T16:40:50.816+0700][9,965s][info   ][gc,marking  ] GC(861) Concurrent Cleanup for Next Mark 3,701ms
[2024-12-04T16:40:50.816+0700][9,965s][info   ][gc          ] GC(861) Concurrent Mark Cycle 12,371ms
[2024-12-04T16:40:50.821+0700][9,970s][info   ][gc,start    ] GC(862) Pause Young (Concurrent Start) (G1 Humongous Allocation)
[2024-12-04T16:40:50.821+0700][9,970s][info   ][gc,task     ] GC(862) Using 8 workers of 8 for evacuation
[2024-12-04T16:40:50.823+0700][9,972s][info   ][gc,phases   ] GC(862)   Pre Evacuate Collection Set: 0,4ms
[2024-12-04T16:40:50.823+0700][9,972s][info   ][gc,phases   ] GC(862)   Merge Heap Roots: 0,4ms
[2024-12-04T16:40:50.823+0700][9,972s][info   ][gc,phases   ] GC(862)   Evacuate Collection Set: 0,7ms
[2024-12-04T16:40:50.823+0700][9,972s][info   ][gc,phases   ] GC(862)   Post Evacuate Collection Set: 0,1ms
[2024-12-04T16:40:50.823+0700][9,972s][info   ][gc,phases   ] GC(862)   Other: 0,3ms
[2024-12-04T16:40:50.823+0700][9,972s][info   ][gc,heap     ] GC(862) Eden regions: 1->0(295)
[2024-12-04T16:40:50.823+0700][9,972s][info   ][gc,heap     ] GC(862) Survivor regions: 0->0(38)
[2024-12-04T16:40:50.823+0700][9,972s][info   ][gc,heap     ] GC(862) Old regions: 3->3
[2024-12-04T16:40:50.823+0700][9,972s][info   ][gc,heap     ] GC(862) Archive regions: 2->2
[2024-12-04T16:40:50.823+0700][9,972s][info   ][gc,heap     ] GC(862) Humongous regions: 1542->1542
[2024-12-04T16:40:50.823+0700][9,972s][info   ][gc,metaspace] GC(862) Metaspace: 5840K(6080K)->5840K(6080K) NonClass: 5175K(5312K)->5175K(5312K) Class: 664K(768K)->664K(768K)
[2024-12-04T16:40:50.823+0700][9,972s][info   ][gc          ] GC(862) Pause Young (Concurrent Start) (G1 Humongous Allocation) 1545M->1545M(2048M) 2,035ms
[2024-12-04T16:40:50.823+0700][9,972s][info   ][gc,cpu      ] GC(862) User=0,00s Sys=0,00s Real=0,01s
[2024-12-04T16:40:50.823+0700][9,972s][info   ][gc          ] GC(863) Concurrent Mark Cycle
[2024-12-04T16:40:50.824+0700][9,972s][info   ][gc,marking  ] GC(863) Concurrent Clear Claimed Marks
[2024-12-04T16:40:50.824+0700][9,972s][info   ][gc,marking  ] GC(863) Concurrent Clear Claimed Marks 0,015ms
[2024-12-04T16:40:50.824+0700][9,972s][info   ][gc,marking  ] GC(863) Concurrent Scan Root Regions
[2024-12-04T16:40:50.824+0700][9,972s][info   ][gc,marking  ] GC(863) Concurrent Scan Root Regions 0,006ms
[2024-12-04T16:40:50.824+0700][9,972s][info   ][gc,marking  ] GC(863) Concurrent Mark
[2024-12-04T16:40:50.824+0700][9,972s][info   ][gc,marking  ] GC(863) Concurrent Mark From Roots
[2024-12-04T16:40:50.824+0700][9,972s][info   ][gc,task     ] GC(863) Using 2 workers of 2 for marking
[2024-12-04T16:40:50.828+0700][9,977s][info   ][gc,marking  ] GC(863) Concurrent Mark From Roots 4,525ms
[2024-12-04T16:40:50.828+0700][9,977s][info   ][gc,marking  ] GC(863) Concurrent Preclean
[2024-12-04T16:40:50.828+0700][9,977s][info   ][gc,marking  ] GC(863) Concurrent Preclean 0,068ms
[2024-12-04T16:40:50.828+0700][9,977s][info   ][gc,start    ] GC(863) Pause Remark
[2024-12-04T16:40:50.830+0700][9,979s][info   ][gc          ] GC(863) Pause Remark 1546M->1546M(2048M) 1,562ms
[2024-12-04T16:40:50.830+0700][9,979s][info   ][gc,cpu      ] GC(863) User=0,00s Sys=0,00s Real=0,00s
[2024-12-04T16:40:50.830+0700][9,979s][info   ][gc,marking  ] GC(863) Concurrent Mark 6,362ms
[2024-12-04T16:40:50.830+0700][9,979s][info   ][gc,marking  ] GC(863) Concurrent Rebuild Remembered Sets
[2024-12-04T16:40:50.832+0700][9,981s][info   ][gc,marking  ] GC(863) Concurrent Rebuild Remembered Sets 1,894ms
[2024-12-04T16:40:50.832+0700][9,981s][info   ][gc,start    ] GC(863) Pause Cleanup
[2024-12-04T16:40:50.832+0700][9,981s][info   ][gc          ] GC(863) Pause Cleanup 1547M->1547M(2048M) 0,220ms
[2024-12-04T16:40:50.832+0700][9,981s][info   ][gc,cpu      ] GC(863) User=0,00s Sys=0,00s Real=0,00s
[2024-12-04T16:40:50.832+0700][9,981s][info   ][gc,marking  ] GC(863) Concurrent Cleanup for Next Mark
[2024-12-04T16:40:50.835+0700][9,984s][info   ][gc,marking  ] GC(863) Concurrent Cleanup for Next Mark 3,331ms
[2024-12-04T16:40:50.836+0700][9,984s][info   ][gc          ] GC(863) Concurrent Mark Cycle 12,049ms
[2024-12-04T16:40:50.836+0700][9,985s][info   ][gc,start    ] GC(864) Pause Young (Concurrent Start) (G1 Humongous Allocation)
[2024-12-04T16:40:50.836+0700][9,985s][info   ][gc,task     ] GC(864) Using 8 workers of 8 for evacuation
[2024-12-04T16:40:50.837+0700][9,986s][info   ][gc,phases   ] GC(864)   Pre Evacuate Collection Set: 0,5ms
[2024-12-04T16:40:50.837+0700][9,986s][info   ][gc,phases   ] GC(864)   Merge Heap Roots: 0,3ms
[2024-12-04T16:40:50.837+0700][9,986s][info   ][gc,phases   ] GC(864)   Evacuate Collection Set: 0,3ms
[2024-12-04T16:40:50.837+0700][9,986s][info   ][gc,phases   ] GC(864)   Post Evacuate Collection Set: 0,1ms
[2024-12-04T16:40:50.837+0700][9,986s][info   ][gc,phases   ] GC(864)   Other: 0,2ms
[2024-12-04T16:40:50.837+0700][9,986s][info   ][gc,heap     ] GC(864) Eden regions: 1->0(293)
[2024-12-04T16:40:50.837+0700][9,986s][info   ][gc,heap     ] GC(864) Survivor regions: 0->0(37)
[2024-12-04T16:40:50.837+0700][9,986s][info   ][gc,heap     ] GC(864) Old regions: 3->3
[2024-12-04T16:40:50.837+0700][9,986s][info   ][gc,heap     ] GC(864) Archive regions: 2->2
[2024-12-04T16:40:50.837+0700][9,986s][info   ][gc,heap     ] GC(864) Humongous regions: 1544->1544
[2024-12-04T16:40:50.837+0700][9,986s][info   ][gc,metaspace] GC(864) Metaspace: 5840K(6080K)->5840K(6080K) NonClass: 5175K(5312K)->5175K(5312K) Class: 664K(768K)->664K(768K)
[2024-12-04T16:40:50.837+0700][9,986s][info   ][gc          ] GC(864) Pause Young (Concurrent Start) (G1 Humongous Allocation) 1547M->1547M(2048M) 1,656ms
[2024-12-04T16:40:50.837+0700][9,986s][info   ][gc,cpu      ] GC(864) User=0,00s Sys=0,00s Real=0,00s
[2024-12-04T16:40:50.837+0700][9,986s][info   ][gc          ] GC(865) Concurrent Mark Cycle
[2024-12-04T16:40:50.837+0700][9,986s][info   ][gc,marking  ] GC(865) Concurrent Clear Claimed Marks
[2024-12-04T16:40:50.837+0700][9,986s][info   ][gc,marking  ] GC(865) Concurrent Clear Claimed Marks 0,024ms
[2024-12-04T16:40:50.837+0700][9,986s][info   ][gc,marking  ] GC(865) Concurrent Scan Root Regions
[2024-12-04T16:40:50.837+0700][9,986s][info   ][gc,marking  ] GC(865) Concurrent Scan Root Regions 0,011ms
[2024-12-04T16:40:50.837+0700][9,986s][info   ][gc,marking  ] GC(865) Concurrent Mark
[2024-12-04T16:40:50.837+0700][9,986s][info   ][gc,marking  ] GC(865) Concurrent Mark From Roots
[2024-12-04T16:40:50.837+0700][9,986s][info   ][gc,task     ] GC(865) Using 2 workers of 2 for marking
[2024-12-04T16:40:50.842+0700][9,991s][info   ][gc,marking  ] GC(865) Concurrent Mark From Roots 4,357ms
[2024-12-04T16:40:50.842+0700][9,991s][info   ][gc,marking  ] GC(865) Concurrent Preclean
[2024-12-04T16:40:50.842+0700][9,991s][info   ][gc,marking  ] GC(865) Concurrent Preclean 0,068ms
[2024-12-04T16:40:50.842+0700][9,991s][info   ][gc,start    ] GC(865) Pause Remark
[2024-12-04T16:40:50.843+0700][9,992s][info   ][gc          ] GC(865) Pause Remark 1548M->1548M(2048M) 0,758ms
[2024-12-04T16:40:50.843+0700][9,992s][info   ][gc,cpu      ] GC(865) User=0,00s Sys=0,01s Real=0,00s
[2024-12-04T16:40:50.843+0700][9,992s][info   ][gc,marking  ] GC(865) Concurrent Mark 5,388ms
[2024-12-04T16:40:50.843+0700][9,992s][info   ][gc,marking  ] GC(865) Concurrent Rebuild Remembered Sets
[2024-12-04T16:40:50.845+0700][9,994s][info   ][gc,marking  ] GC(865) Concurrent Rebuild Remembered Sets 2,260ms
[2024-12-04T16:40:50.845+0700][9,994s][info   ][gc,start    ] GC(865) Pause Cleanup
[2024-12-04T16:40:50.846+0700][9,994s][info   ][gc          ] GC(865) Pause Cleanup 1549M->1549M(2048M) 0,320ms
[2024-12-04T16:40:50.846+0700][9,994s][info   ][gc,cpu      ] GC(865) User=0,00s Sys=0,00s Real=0,00s
[2024-12-04T16:40:50.846+0700][9,994s][info   ][gc,marking  ] GC(865) Concurrent Cleanup for Next Mark
[2024-12-04T16:40:50.849+0700][9,998s][info   ][gc,marking  ] GC(865) Concurrent Cleanup for Next Mark 3,477ms
[2024-12-04T16:40:50.849+0700][9,998s][info   ][gc          ] GC(865) Concurrent Mark Cycle 11,763ms
[2024-12-04T16:40:50.854+0700][10,003s][info   ][gc,start    ] GC(866) Pause Young (Concurrent Start) (G1 Humongous Allocation)
[2024-12-04T16:40:50.854+0700][10,003s][info   ][gc,task     ] GC(866) Using 8 workers of 8 for evacuation
[2024-12-04T16:40:50.856+0700][10,005s][info   ][gc,phases   ] GC(866)   Pre Evacuate Collection Set: 0,2ms
[2024-12-04T16:40:50.856+0700][10,005s][info   ][gc,phases   ] GC(866)   Merge Heap Roots: 0,4ms
[2024-12-04T16:40:50.856+0700][10,005s][info   ][gc,phases   ] GC(866)   Evacuate Collection Set: 0,3ms
[2024-12-04T16:40:50.856+0700][10,005s][info   ][gc,phases   ] GC(866)   Post Evacuate Collection Set: 0,2ms
[2024-12-04T16:40:50.856+0700][10,005s][info   ][gc,phases   ] GC(866)   Other: 0,2ms
[2024-12-04T16:40:50.856+0700][10,005s][info   ][gc,heap     ] GC(866) Eden regions: 1->0(290)
[2024-12-04T16:40:50.856+0700][10,005s][info   ][gc,heap     ] GC(866) Survivor regions: 0->0(37)
[2024-12-04T16:40:50.856+0700][10,005s][info   ][gc,heap     ] GC(866) Old regions: 3->3
[2024-12-04T16:40:50.856+0700][10,005s][info   ][gc,heap     ] GC(866) Archive regions: 2->2
[2024-12-04T16:40:50.856+0700][10,005s][info   ][gc,heap     ] GC(866) Humongous regions: 1547->1547
[2024-12-04T16:40:50.856+0700][10,005s][info   ][gc,metaspace] GC(866) Metaspace: 5840K(6080K)->5840K(6080K) NonClass: 5175K(5312K)->5175K(5312K) Class: 664K(768K)->664K(768K)
[2024-12-04T16:40:50.856+0700][10,005s][info   ][gc          ] GC(866) Pause Young (Concurrent Start) (G1 Humongous Allocation) 1550M->1550M(2048M) 1,360ms
[2024-12-04T16:40:50.856+0700][10,005s][info   ][gc,cpu      ] GC(866) User=0,00s Sys=0,00s Real=0,00s
[2024-12-04T16:40:50.856+0700][10,005s][info   ][gc          ] GC(867) Concurrent Mark Cycle
[2024-12-04T16:40:50.856+0700][10,005s][info   ][gc,marking  ] GC(867) Concurrent Clear Claimed Marks
[2024-12-04T16:40:50.856+0700][10,005s][info   ][gc,marking  ] GC(867) Concurrent Clear Claimed Marks 0,014ms
[2024-12-04T16:40:50.856+0700][10,005s][info   ][gc,marking  ] GC(867) Concurrent Scan Root Regions
[2024-12-04T16:40:50.856+0700][10,005s][info   ][gc,marking  ] GC(867) Concurrent Scan Root Regions 0,005ms
[2024-12-04T16:40:50.856+0700][10,005s][info   ][gc,marking  ] GC(867) Concurrent Mark
[2024-12-04T16:40:50.856+0700][10,005s][info   ][gc,marking  ] GC(867) Concurrent Mark From Roots
[2024-12-04T16:40:50.856+0700][10,005s][info   ][gc,task     ] GC(867) Using 2 workers of 2 for marking
[2024-12-04T16:40:50.860+0700][10,009s][info   ][gc,marking  ] GC(867) Concurrent Mark From Roots 3,796ms
[2024-12-04T16:40:50.860+0700][10,009s][info   ][gc,marking  ] GC(867) Concurrent Preclean
[2024-12-04T16:40:50.860+0700][10,009s][info   ][gc,marking  ] GC(867) Concurrent Preclean 0,065ms
[2024-12-04T16:40:50.860+0700][10,009s][info   ][gc,start    ] GC(867) Pause Remark
[2024-12-04T16:40:50.861+0700][10,010s][info   ][gc          ] GC(867) Pause Remark 1551M->1551M(2048M) 1,050ms
[2024-12-04T16:40:50.861+0700][10,010s][info   ][gc,cpu      ] GC(867) User=0,00s Sys=0,00s Real=0,00s
[2024-12-04T16:40:50.861+0700][10,010s][info   ][gc,marking  ] GC(867) Concurrent Mark 5,054ms
[2024-12-04T16:40:50.861+0700][10,010s][info   ][gc,marking  ] GC(867) Concurrent Rebuild Remembered Sets
[2024-12-04T16:40:50.863+0700][10,012s][info   ][gc,marking  ] GC(867) Concurrent Rebuild Remembered Sets 1,836ms
[2024-12-04T16:40:50.863+0700][10,012s][info   ][gc,start    ] GC(867) Pause Cleanup
[2024-12-04T16:40:50.863+0700][10,012s][info   ][gc          ] GC(867) Pause Cleanup 1552M->1552M(2048M) 0,234ms
[2024-12-04T16:40:50.863+0700][10,012s][info   ][gc,cpu      ] GC(867) User=0,01s Sys=0,00s Real=0,00s
[2024-12-04T16:40:50.863+0700][10,012s][info   ][gc,marking  ] GC(867) Concurrent Cleanup for Next Mark
[2024-12-04T16:40:50.866+0700][10,015s][info   ][gc,marking  ] GC(867) Concurrent Cleanup for Next Mark 3,285ms
[2024-12-04T16:40:50.866+0700][10,015s][info   ][gc          ] GC(867) Concurrent Mark Cycle 10,640ms
[2024-12-04T16:40:50.867+0700][10,016s][info   ][gc,start    ] GC(868) Pause Young (Concurrent Start) (G1 Humongous Allocation)
[2024-12-04T16:40:50.867+0700][10,016s][info   ][gc,task     ] GC(868) Using 8 workers of 8 for evacuation
[2024-12-04T16:40:50.869+0700][10,018s][info   ][gc,phases   ] GC(868)   Pre Evacuate Collection Set: 0,3ms
[2024-12-04T16:40:50.869+0700][10,018s][info   ][gc,phases   ] GC(868)   Merge Heap Roots: 0,5ms
[2024-12-04T16:40:50.869+0700][10,018s][info   ][gc,phases   ] GC(868)   Evacuate Collection Set: 0,6ms
[2024-12-04T16:40:50.869+0700][10,018s][info   ][gc,phases   ] GC(868)   Post Evacuate Collection Set: 0,1ms
[2024-12-04T16:40:50.869+0700][10,018s][info   ][gc,phases   ] GC(868)   Other: 0,2ms
[2024-12-04T16:40:50.869+0700][10,018s][info   ][gc,heap     ] GC(868) Eden regions: 1->0(288)
[2024-12-04T16:40:50.869+0700][10,018s][info   ][gc,heap     ] GC(868) Survivor regions: 0->0(37)
[2024-12-04T16:40:50.869+0700][10,018s][info   ][gc,heap     ] GC(868) Old regions: 3->3
[2024-12-04T16:40:50.869+0700][10,018s][info   ][gc,heap     ] GC(868) Archive regions: 2->2
[2024-12-04T16:40:50.869+0700][10,018s][info   ][gc,heap     ] GC(868) Humongous regions: 1549->1549
[2024-12-04T16:40:50.869+0700][10,018s][info   ][gc,metaspace] GC(868) Metaspace: 5840K(6080K)->5840K(6080K) NonClass: 5175K(5312K)->5175K(5312K) Class: 664K(768K)->664K(768K)
[2024-12-04T16:40:50.869+0700][10,018s][info   ][gc          ] GC(868) Pause Young (Concurrent Start) (G1 Humongous Allocation) 1552M->1552M(2048M) 1,837ms
[2024-12-04T16:40:50.869+0700][10,018s][info   ][gc,cpu      ] GC(868) User=0,01s Sys=0,00s Real=0,00s
[2024-12-04T16:40:50.869+0700][10,018s][info   ][gc          ] GC(869) Concurrent Mark Cycle
[2024-12-04T16:40:50.869+0700][10,018s][info   ][gc,marking  ] GC(869) Concurrent Clear Claimed Marks
[2024-12-04T16:40:50.869+0700][10,018s][info   ][gc,marking  ] GC(869) Concurrent Clear Claimed Marks 0,015ms
[2024-12-04T16:40:50.869+0700][10,018s][info   ][gc,marking  ] GC(869) Concurrent Scan Root Regions
[2024-12-04T16:40:50.869+0700][10,018s][info   ][gc,marking  ] GC(869) Concurrent Scan Root Regions 0,007ms
[2024-12-04T16:40:50.869+0700][10,018s][info   ][gc,marking  ] GC(869) Concurrent Mark
[2024-12-04T16:40:50.869+0700][10,018s][info   ][gc,marking  ] GC(869) Concurrent Mark From Roots
[2024-12-04T16:40:50.869+0700][10,018s][info   ][gc,task     ] GC(869) Using 2 workers of 2 for marking
[2024-12-04T16:40:50.873+0700][10,022s][info   ][gc,marking  ] GC(869) Concurrent Mark From Roots 4,324ms
[2024-12-04T16:40:50.873+0700][10,022s][info   ][gc,marking  ] GC(869) Concurrent Preclean
[2024-12-04T16:40:50.873+0700][10,022s][info   ][gc,marking  ] GC(869) Concurrent Preclean 0,065ms
[2024-12-04T16:40:50.873+0700][10,022s][info   ][gc,start    ] GC(869) Pause Remark
[2024-12-04T16:40:50.875+0700][10,024s][info   ][gc          ] GC(869) Pause Remark 1553M->1553M(2048M) 1,235ms
[2024-12-04T16:40:50.875+0700][10,024s][info   ][gc,cpu      ] GC(869) User=0,01s Sys=0,00s Real=0,00s
[2024-12-04T16:40:50.875+0700][10,024s][info   ][gc,marking  ] GC(869) Concurrent Mark 5,781ms
[2024-12-04T16:40:50.875+0700][10,024s][info   ][gc,marking  ] GC(869) Concurrent Rebuild Remembered Sets
[2024-12-04T16:40:50.877+0700][10,026s][info   ][gc,marking  ] GC(869) Concurrent Rebuild Remembered Sets 2,045ms
[2024-12-04T16:40:50.877+0700][10,026s][info   ][gc,start    ] GC(869) Pause Cleanup
[2024-12-04T16:40:50.877+0700][10,026s][info   ][gc          ] GC(869) Pause Cleanup 1554M->1554M(2048M) 0,177ms
[2024-12-04T16:40:50.877+0700][10,026s][info   ][gc,cpu      ] GC(869) User=0,00s Sys=0,00s Real=0,00s
[2024-12-04T16:40:50.877+0700][10,026s][info   ][gc,marking  ] GC(869) Concurrent Cleanup for Next Mark
[2024-12-04T16:40:50.880+0700][10,029s][info   ][gc,marking  ] GC(869) Concurrent Cleanup for Next Mark 3,146ms
[2024-12-04T16:40:50.880+0700][10,029s][info   ][gc          ] GC(869) Concurrent Mark Cycle 11,350ms
[2024-12-04T16:40:50.881+0700][10,030s][info   ][gc,start    ] GC(870) Pause Young (Concurrent Start) (G1 Humongous Allocation)
[2024-12-04T16:40:50.881+0700][10,030s][info   ][gc,task     ] GC(870) Using 8 workers of 8 for evacuation
[2024-12-04T16:40:50.882+0700][10,031s][info   ][gc,phases   ] GC(870)   Pre Evacuate Collection Set: 0,2ms
[2024-12-04T16:40:50.882+0700][10,031s][info   ][gc,phases   ] GC(870)   Merge Heap Roots: 0,4ms
[2024-12-04T16:40:50.882+0700][10,031s][info   ][gc,phases   ] GC(870)   Evacuate Collection Set: 0,5ms
[2024-12-04T16:40:50.882+0700][10,031s][info   ][gc,phases   ] GC(870)   Post Evacuate Collection Set: 0,2ms
[2024-12-04T16:40:50.882+0700][10,031s][info   ][gc,phases   ] GC(870)   Other: 0,3ms
[2024-12-04T16:40:50.882+0700][10,031s][info   ][gc,heap     ] GC(870) Eden regions: 1->0(286)
[2024-12-04T16:40:50.882+0700][10,031s][info   ][gc,heap     ] GC(870) Survivor regions: 0->0(36)
[2024-12-04T16:40:50.882+0700][10,031s][info   ][gc,heap     ] GC(870) Old regions: 3->3
[2024-12-04T16:40:50.882+0700][10,031s][info   ][gc,heap     ] GC(870) Archive regions: 2->2
[2024-12-04T16:40:50.882+0700][10,031s][info   ][gc,heap     ] GC(870) Humongous regions: 1551->1551
[2024-12-04T16:40:50.883+0700][10,031s][info   ][gc,metaspace] GC(870) Metaspace: 5840K(6080K)->5840K(6080K) NonClass: 5175K(5312K)->5175K(5312K) Class: 664K(768K)->664K(768K)
[2024-12-04T16:40:50.883+0700][10,031s][info   ][gc          ] GC(870) Pause Young (Concurrent Start) (G1 Humongous Allocation) 1554M->1554M(2048M) 1,758ms
[2024-12-04T16:40:50.883+0700][10,031s][info   ][gc,cpu      ] GC(870) User=0,00s Sys=0,00s Real=0,00s
[2024-12-04T16:40:50.883+0700][10,031s][info   ][gc          ] GC(871) Concurrent Mark Cycle
[2024-12-04T16:40:50.883+0700][10,031s][info   ][gc,marking  ] GC(871) Concurrent Clear Claimed Marks
[2024-12-04T16:40:50.883+0700][10,031s][info   ][gc,marking  ] GC(871) Concurrent Clear Claimed Marks 0,015ms
[2024-12-04T16:40:50.883+0700][10,031s][info   ][gc,marking  ] GC(871) Concurrent Scan Root Regions
[2024-12-04T16:40:50.883+0700][10,032s][info   ][gc,marking  ] GC(871) Concurrent Scan Root Regions 0,007ms
[2024-12-04T16:40:50.883+0700][10,032s][info   ][gc,marking  ] GC(871) Concurrent Mark
[2024-12-04T16:40:50.883+0700][10,032s][info   ][gc,marking  ] GC(871) Concurrent Mark From Roots
[2024-12-04T16:40:50.883+0700][10,032s][info   ][gc,task     ] GC(871) Using 2 workers of 2 for marking
[2024-12-04T16:40:50.886+0700][10,035s][info   ][gc,marking  ] GC(871) Concurrent Mark From Roots 3,656ms
[2024-12-04T16:40:50.886+0700][10,035s][info   ][gc,marking  ] GC(871) Concurrent Preclean
[2024-12-04T16:40:50.886+0700][10,035s][info   ][gc,marking  ] GC(871) Concurrent Preclean 0,047ms
[2024-12-04T16:40:50.886+0700][10,035s][info   ][gc,start    ] GC(871) Pause Remark
[2024-12-04T16:40:50.887+0700][10,036s][info   ][gc          ] GC(871) Pause Remark 1555M->1555M(2048M) 0,719ms
[2024-12-04T16:40:50.887+0700][10,036s][info   ][gc,cpu      ] GC(871) User=0,00s Sys=0,00s Real=0,00s
[2024-12-04T16:40:50.887+0700][10,036s][info   ][gc,marking  ] GC(871) Concurrent Mark 4,534ms
[2024-12-04T16:40:50.887+0700][10,036s][info   ][gc,marking  ] GC(871) Concurrent Rebuild Remembered Sets
[2024-12-04T16:40:50.889+0700][10,038s][info   ][gc,marking  ] GC(871) Concurrent Rebuild Remembered Sets 1,833ms
[2024-12-04T16:40:50.889+0700][10,038s][info   ][gc,start    ] GC(871) Pause Cleanup
[2024-12-04T16:40:50.889+0700][10,038s][info   ][gc          ] GC(871) Pause Cleanup 1556M->1556M(2048M) 0,141ms
[2024-12-04T16:40:50.889+0700][10,038s][info   ][gc,cpu      ] GC(871) User=0,00s Sys=0,00s Real=0,00s
[2024-12-04T16:40:50.889+0700][10,038s][info   ][gc,marking  ] GC(871) Concurrent Cleanup for Next Mark
[2024-12-04T16:40:50.892+0700][10,041s][info   ][gc,marking  ] GC(871) Concurrent Cleanup for Next Mark 3,222ms
[2024-12-04T16:40:50.893+0700][10,041s][info   ][gc          ] GC(871) Concurrent Mark Cycle 9,945ms
[2024-12-04T16:40:50.894+0700][10,043s][info   ][gc,start    ] GC(872) Pause Young (Concurrent Start) (G1 Humongous Allocation)
[2024-12-04T16:40:50.894+0700][10,043s][info   ][gc,task     ] GC(872) Using 8 workers of 8 for evacuation
[2024-12-04T16:40:50.895+0700][10,044s][info   ][gc,phases   ] GC(872)   Pre Evacuate Collection Set: 0,3ms
[2024-12-04T16:40:50.895+0700][10,044s][info   ][gc,phases   ] GC(872)   Merge Heap Roots: 0,3ms
[2024-12-04T16:40:50.895+0700][10,044s][info   ][gc,phases   ] GC(872)   Evacuate Collection Set: 0,3ms
[2024-12-04T16:40:50.895+0700][10,044s][info   ][gc,phases   ] GC(872)   Post Evacuate Collection Set: 0,1ms
[2024-12-04T16:40:50.895+0700][10,044s][info   ][gc,phases   ] GC(872)   Other: 0,3ms
[2024-12-04T16:40:50.895+0700][10,044s][info   ][gc,heap     ] GC(872) Eden regions: 1->0(284)
[2024-12-04T16:40:50.895+0700][10,044s][info   ][gc,heap     ] GC(872) Survivor regions: 0->0(36)
[2024-12-04T16:40:50.895+0700][10,044s][info   ][gc,heap     ] GC(872) Old regions: 3->3
[2024-12-04T16:40:50.895+0700][10,044s][info   ][gc,heap     ] GC(872) Archive regions: 2->2
[2024-12-04T16:40:50.895+0700][10,044s][info   ][gc,heap     ] GC(872) Humongous regions: 1553->1553
[2024-12-04T16:40:50.895+0700][10,044s][info   ][gc,metaspace] GC(872) Metaspace: 5840K(6080K)->5840K(6080K) NonClass: 5175K(5312K)->5175K(5312K) Class: 664K(768K)->664K(768K)
[2024-12-04T16:40:50.895+0700][10,044s][info   ][gc          ] GC(872) Pause Young (Concurrent Start) (G1 Humongous Allocation) 1556M->1556M(2048M) 1,356ms
[2024-12-04T16:40:50.895+0700][10,044s][info   ][gc,cpu      ] GC(872) User=0,00s Sys=0,00s Real=0,00s
[2024-12-04T16:40:50.895+0700][10,044s][info   ][gc          ] GC(873) Concurrent Mark Cycle
[2024-12-04T16:40:50.895+0700][10,044s][info   ][gc,marking  ] GC(873) Concurrent Clear Claimed Marks
[2024-12-04T16:40:50.895+0700][10,044s][info   ][gc,marking  ] GC(873) Concurrent Clear Claimed Marks 0,008ms
[2024-12-04T16:40:50.895+0700][10,044s][info   ][gc,marking  ] GC(873) Concurrent Scan Root Regions
[2024-12-04T16:40:50.895+0700][10,044s][info   ][gc,marking  ] GC(873) Concurrent Scan Root Regions 0,004ms
[2024-12-04T16:40:50.895+0700][10,044s][info   ][gc,marking  ] GC(873) Concurrent Mark
[2024-12-04T16:40:50.895+0700][10,044s][info   ][gc,marking  ] GC(873) Concurrent Mark From Roots
[2024-12-04T16:40:50.895+0700][10,044s][info   ][gc,task     ] GC(873) Using 2 workers of 2 for marking
[2024-12-04T16:40:50.899+0700][10,048s][info   ][gc,marking  ] GC(873) Concurrent Mark From Roots 3,620ms
[2024-12-04T16:40:50.899+0700][10,048s][info   ][gc,marking  ] GC(873) Concurrent Preclean
[2024-12-04T16:40:50.899+0700][10,048s][info   ][gc,marking  ] GC(873) Concurrent Preclean 0,048ms
[2024-12-04T16:40:50.899+0700][10,048s][info   ][gc,start    ] GC(873) Pause Remark
[2024-12-04T16:40:50.900+0700][10,049s][info   ][gc          ] GC(873) Pause Remark 1557M->1557M(2048M) 0,790ms
[2024-12-04T16:40:50.900+0700][10,049s][info   ][gc,cpu      ] GC(873) User=0,00s Sys=0,00s Real=0,00s
[2024-12-04T16:40:50.900+0700][10,049s][info   ][gc,marking  ] GC(873) Concurrent Mark 4,589ms
[2024-12-04T16:40:50.900+0700][10,049s][info   ][gc,marking  ] GC(873) Concurrent Rebuild Remembered Sets
[2024-12-04T16:40:50.902+0700][10,050s][info   ][gc,marking  ] GC(873) Concurrent Rebuild Remembered Sets 1,822ms
[2024-12-04T16:40:50.902+0700][10,051s][info   ][gc,start    ] GC(873) Pause Cleanup
[2024-12-04T16:40:50.902+0700][10,051s][info   ][gc          ] GC(873) Pause Cleanup 1558M->1558M(2048M) 0,294ms
[2024-12-04T16:40:50.902+0700][10,051s][info   ][gc,cpu      ] GC(873) User=0,00s Sys=0,00s Real=0,00s
[2024-12-04T16:40:50.902+0700][10,051s][info   ][gc,marking  ] GC(873) Concurrent Cleanup for Next Mark
[2024-12-04T16:40:50.905+0700][10,054s][info   ][gc,marking  ] GC(873) Concurrent Cleanup for Next Mark 3,385ms
[2024-12-04T16:40:50.905+0700][10,054s][info   ][gc          ] GC(873) Concurrent Mark Cycle 10,355ms
[2024-12-04T16:40:50.906+0700][10,055s][info   ][gc,start    ] GC(874) Pause Young (Concurrent Start) (G1 Humongous Allocation)
[2024-12-04T16:40:50.907+0700][10,055s][info   ][gc,task     ] GC(874) Using 8 workers of 8 for evacuation
[2024-12-04T16:40:50.908+0700][10,057s][info   ][gc,phases   ] GC(874)   Pre Evacuate Collection Set: 0,5ms
[2024-12-04T16:40:50.908+0700][10,057s][info   ][gc,phases   ] GC(874)   Merge Heap Roots: 0,3ms
[2024-12-04T16:40:50.908+0700][10,057s][info   ][gc,phases   ] GC(874)   Evacuate Collection Set: 0,7ms
[2024-12-04T16:40:50.908+0700][10,057s][info   ][gc,phases   ] GC(874)   Post Evacuate Collection Set: 0,2ms
[2024-12-04T16:40:50.908+0700][10,057s][info   ][gc,phases   ] GC(874)   Other: 0,2ms
[2024-12-04T16:40:50.908+0700][10,057s][info   ][gc,heap     ] GC(874) Eden regions: 1->0(282)
[2024-12-04T16:40:50.908+0700][10,057s][info   ][gc,heap     ] GC(874) Survivor regions: 0->0(36)
[2024-12-04T16:40:50.908+0700][10,057s][info   ][gc,heap     ] GC(874) Old regions: 3->3
[2024-12-04T16:40:50.908+0700][10,057s][info   ][gc,heap     ] GC(874) Archive regions: 2->2
[2024-12-04T16:40:50.908+0700][10,057s][info   ][gc,heap     ] GC(874) Humongous regions: 1555->1555
[2024-12-04T16:40:50.908+0700][10,057s][info   ][gc,metaspace] GC(874) Metaspace: 5840K(6080K)->5840K(6080K) NonClass: 5175K(5312K)->5175K(5312K) Class: 664K(768K)->664K(768K)
[2024-12-04T16:40:50.908+0700][10,057s][info   ][gc          ] GC(874) Pause Young (Concurrent Start) (G1 Humongous Allocation) 1558M->1558M(2048M) 1,981ms
[2024-12-04T16:40:50.908+0700][10,057s][info   ][gc,cpu      ] GC(874) User=0,00s Sys=0,00s Real=0,00s
[2024-12-04T16:40:50.909+0700][10,057s][info   ][gc          ] GC(875) Concurrent Mark Cycle
[2024-12-04T16:40:50.909+0700][10,057s][info   ][gc,marking  ] GC(875) Concurrent Clear Claimed Marks
[2024-12-04T16:40:50.909+0700][10,057s][info   ][gc,marking  ] GC(875) Concurrent Clear Claimed Marks 0,021ms
[2024-12-04T16:40:50.909+0700][10,057s][info   ][gc,marking  ] GC(875) Concurrent Scan Root Regions
[2024-12-04T16:40:50.909+0700][10,057s][info   ][gc,marking  ] GC(875) Concurrent Scan Root Regions 0,004ms
[2024-12-04T16:40:50.909+0700][10,057s][info   ][gc,marking  ] GC(875) Concurrent Mark
[2024-12-04T16:40:50.909+0700][10,057s][info   ][gc,marking  ] GC(875) Concurrent Mark From Roots
[2024-12-04T16:40:50.909+0700][10,057s][info   ][gc,task     ] GC(875) Using 2 workers of 2 for marking
[2024-12-04T16:40:50.913+0700][10,062s][info   ][gc,marking  ] GC(875) Concurrent Mark From Roots 4,423ms
[2024-12-04T16:40:50.913+0700][10,062s][info   ][gc,marking  ] GC(875) Concurrent Preclean
[2024-12-04T16:40:50.913+0700][10,062s][info   ][gc,marking  ] GC(875) Concurrent Preclean 0,057ms
[2024-12-04T16:40:50.913+0700][10,062s][info   ][gc,start    ] GC(875) Pause Remark
[2024-12-04T16:40:50.918+0700][10,067s][info   ][gc          ] GC(875) Pause Remark 1559M->1559M(2048M) 4,819ms
[2024-12-04T16:40:50.918+0700][10,067s][info   ][gc,cpu      ] GC(875) User=0,00s Sys=0,00s Real=0,00s
[2024-12-04T16:40:50.918+0700][10,067s][info   ][gc,marking  ] GC(875) Concurrent Mark 9,491ms
[2024-12-04T16:40:50.918+0700][10,067s][info   ][gc,marking  ] GC(875) Concurrent Rebuild Remembered Sets
[2024-12-04T16:40:50.920+0700][10,069s][info   ][gc,marking  ] GC(875) Concurrent Rebuild Remembered Sets 2,084ms
[2024-12-04T16:40:50.920+0700][10,069s][info   ][gc,start    ] GC(875) Pause Cleanup
[2024-12-04T16:40:50.921+0700][10,069s][info   ][gc          ] GC(875) Pause Cleanup 1560M->1560M(2048M) 0,310ms
[2024-12-04T16:40:50.921+0700][10,069s][info   ][gc,cpu      ] GC(875) User=0,00s Sys=0,00s Real=0,00s
[2024-12-04T16:40:50.921+0700][10,069s][info   ][gc,marking  ] GC(875) Concurrent Cleanup for Next Mark
[2024-12-04T16:40:50.925+0700][10,074s][info   ][gc,marking  ] GC(875) Concurrent Cleanup for Next Mark 4,709ms
[2024-12-04T16:40:50.925+0700][10,074s][info   ][gc          ] GC(875) Concurrent Mark Cycle 16,863ms
[2024-12-04T16:40:50.930+0700][10,079s][info   ][gc,start    ] GC(876) Pause Young (Concurrent Start) (G1 Humongous Allocation)
[2024-12-04T16:40:50.930+0700][10,079s][info   ][gc,task     ] GC(876) Using 8 workers of 8 for evacuation
[2024-12-04T16:40:50.932+0700][10,081s][info   ][gc,phases   ] GC(876)   Pre Evacuate Collection Set: 0,3ms
[2024-12-04T16:40:50.932+0700][10,081s][info   ][gc,phases   ] GC(876)   Merge Heap Roots: 0,4ms
[2024-12-04T16:40:50.932+0700][10,081s][info   ][gc,phases   ] GC(876)   Evacuate Collection Set: 0,6ms
[2024-12-04T16:40:50.932+0700][10,081s][info   ][gc,phases   ] GC(876)   Post Evacuate Collection Set: 0,1ms
[2024-12-04T16:40:50.932+0700][10,081s][info   ][gc,phases   ] GC(876)   Other: 0,2ms
[2024-12-04T16:40:50.932+0700][10,081s][info   ][gc,heap     ] GC(876) Eden regions: 1->0(279)
[2024-12-04T16:40:50.932+0700][10,081s][info   ][gc,heap     ] GC(876) Survivor regions: 0->0(36)
[2024-12-04T16:40:50.932+0700][10,081s][info   ][gc,heap     ] GC(876) Old regions: 3->3
[2024-12-04T16:40:50.932+0700][10,081s][info   ][gc,heap     ] GC(876) Archive regions: 2->2
[2024-12-04T16:40:50.932+0700][10,081s][info   ][gc,heap     ] GC(876) Humongous regions: 1558->1558
[2024-12-04T16:40:50.932+0700][10,081s][info   ][gc,metaspace] GC(876) Metaspace: 5840K(6080K)->5840K(6080K) NonClass: 5175K(5312K)->5175K(5312K) Class: 664K(768K)->664K(768K)
[2024-12-04T16:40:50.932+0700][10,081s][info   ][gc          ] GC(876) Pause Young (Concurrent Start) (G1 Humongous Allocation) 1561M->1561M(2048M) 1,751ms
[2024-12-04T16:40:50.932+0700][10,081s][info   ][gc,cpu      ] GC(876) User=0,00s Sys=0,00s Real=0,00s
[2024-12-04T16:40:50.932+0700][10,081s][info   ][gc          ] GC(877) Concurrent Mark Cycle
[2024-12-04T16:40:50.932+0700][10,081s][info   ][gc,marking  ] GC(877) Concurrent Clear Claimed Marks
[2024-12-04T16:40:50.932+0700][10,081s][info   ][gc,marking  ] GC(877) Concurrent Clear Claimed Marks 0,015ms
[2024-12-04T16:40:50.932+0700][10,081s][info   ][gc,marking  ] GC(877) Concurrent Scan Root Regions
[2024-12-04T16:40:50.932+0700][10,081s][info   ][gc,marking  ] GC(877) Concurrent Scan Root Regions 0,006ms
[2024-12-04T16:40:50.932+0700][10,081s][info   ][gc,marking  ] GC(877) Concurrent Mark
[2024-12-04T16:40:50.932+0700][10,081s][info   ][gc,marking  ] GC(877) Concurrent Mark From Roots
[2024-12-04T16:40:50.932+0700][10,081s][info   ][gc,task     ] GC(877) Using 2 workers of 2 for marking
[2024-12-04T16:40:50.937+0700][10,086s][info   ][gc,marking  ] GC(877) Concurrent Mark From Roots 4,838ms
[2024-12-04T16:40:50.937+0700][10,086s][info   ][gc,marking  ] GC(877) Concurrent Preclean
[2024-12-04T16:40:50.937+0700][10,086s][info   ][gc,marking  ] GC(877) Concurrent Preclean 0,060ms
[2024-12-04T16:40:50.937+0700][10,086s][info   ][gc,start    ] GC(877) Pause Remark
[2024-12-04T16:40:50.938+0700][10,087s][info   ][gc          ] GC(877) Pause Remark 1562M->1562M(2048M) 1,256ms
[2024-12-04T16:40:50.938+0700][10,087s][info   ][gc,cpu      ] GC(877) User=0,00s Sys=0,00s Real=0,00s
[2024-12-04T16:40:50.938+0700][10,087s][info   ][gc,marking  ] GC(877) Concurrent Mark 6,345ms
[2024-12-04T16:40:50.938+0700][10,087s][info   ][gc,marking  ] GC(877) Concurrent Rebuild Remembered Sets
[2024-12-04T16:40:50.941+0700][10,090s][info   ][gc,marking  ] GC(877) Concurrent Rebuild Remembered Sets 2,425ms
[2024-12-04T16:40:50.941+0700][10,090s][info   ][gc,start    ] GC(877) Pause Cleanup
[2024-12-04T16:40:50.941+0700][10,090s][info   ][gc          ] GC(877) Pause Cleanup 1563M->1563M(2048M) 0,339ms
[2024-12-04T16:40:50.941+0700][10,090s][info   ][gc,cpu      ] GC(877) User=0,00s Sys=0,00s Real=0,00s
[2024-12-04T16:40:50.941+0700][10,090s][info   ][gc,marking  ] GC(877) Concurrent Cleanup for Next Mark
[2024-12-04T16:40:50.945+0700][10,094s][info   ][gc,marking  ] GC(877) Concurrent Cleanup for Next Mark 4,091ms
[2024-12-04T16:40:50.945+0700][10,094s][info   ][gc          ] GC(877) Concurrent Mark Cycle 13,562ms
[2024-12-04T16:40:50.951+0700][10,100s][info   ][gc,start    ] GC(878) Pause Young (Concurrent Start) (G1 Humongous Allocation)
[2024-12-04T16:40:50.951+0700][10,100s][info   ][gc,task     ] GC(878) Using 8 workers of 8 for evacuation
[2024-12-04T16:40:50.956+0700][10,105s][info   ][gc,phases   ] GC(878)   Pre Evacuate Collection Set: 0,7ms
[2024-12-04T16:40:50.956+0700][10,105s][info   ][gc,phases   ] GC(878)   Merge Heap Roots: 0,6ms
[2024-12-04T16:40:50.956+0700][10,105s][info   ][gc,phases   ] GC(878)   Evacuate Collection Set: 3,3ms
[2024-12-04T16:40:50.956+0700][10,105s][info   ][gc,phases   ] GC(878)   Post Evacuate Collection Set: 0,3ms
[2024-12-04T16:40:50.956+0700][10,105s][info   ][gc,phases   ] GC(878)   Other: 0,4ms
[2024-12-04T16:40:50.956+0700][10,105s][info   ][gc,heap     ] GC(878) Eden regions: 1->0(276)
[2024-12-04T16:40:50.956+0700][10,105s][info   ][gc,heap     ] GC(878) Survivor regions: 0->0(35)
[2024-12-04T16:40:50.956+0700][10,105s][info   ][gc,heap     ] GC(878) Old regions: 3->3
[2024-12-04T16:40:50.956+0700][10,105s][info   ][gc,heap     ] GC(878) Archive regions: 2->2
[2024-12-04T16:40:50.956+0700][10,105s][info   ][gc,heap     ] GC(878) Humongous regions: 1561->1561
[2024-12-04T16:40:50.956+0700][10,105s][info   ][gc,metaspace] GC(878) Metaspace: 5840K(6080K)->5840K(6080K) NonClass: 5175K(5312K)->5175K(5312K) Class: 664K(768K)->664K(768K)
[2024-12-04T16:40:50.956+0700][10,105s][info   ][gc          ] GC(878) Pause Young (Concurrent Start) (G1 Humongous Allocation) 1564M->1564M(2048M) 5,426ms
[2024-12-04T16:40:50.956+0700][10,105s][info   ][gc,cpu      ] GC(878) User=0,01s Sys=0,00s Real=0,01s
[2024-12-04T16:40:50.956+0700][10,105s][info   ][gc          ] GC(879) Concurrent Mark Cycle
[2024-12-04T16:40:50.956+0700][10,105s][info   ][gc,marking  ] GC(879) Concurrent Clear Claimed Marks
[2024-12-04T16:40:50.956+0700][10,105s][info   ][gc,marking  ] GC(879) Concurrent Clear Claimed Marks 0,027ms
[2024-12-04T16:40:50.956+0700][10,105s][info   ][gc,marking  ] GC(879) Concurrent Scan Root Regions
[2024-12-04T16:40:50.956+0700][10,105s][info   ][gc,marking  ] GC(879) Concurrent Scan Root Regions 0,005ms
[2024-12-04T16:40:50.956+0700][10,105s][info   ][gc,marking  ] GC(879) Concurrent Mark
[2024-12-04T16:40:50.956+0700][10,105s][info   ][gc,marking  ] GC(879) Concurrent Mark From Roots
[2024-12-04T16:40:50.956+0700][10,105s][info   ][gc,task     ] GC(879) Using 2 workers of 2 for marking
[2024-12-04T16:40:50.962+0700][10,111s][info   ][gc,marking  ] GC(879) Concurrent Mark From Roots 5,971ms
[2024-12-04T16:40:50.962+0700][10,111s][info   ][gc,marking  ] GC(879) Concurrent Preclean
[2024-12-04T16:40:50.963+0700][10,111s][info   ][gc,marking  ] GC(879) Concurrent Preclean 0,088ms
[2024-12-04T16:40:50.963+0700][10,112s][info   ][gc,start    ] GC(879) Pause Remark
[2024-12-04T16:40:50.964+0700][10,113s][info   ][gc          ] GC(879) Pause Remark 1566M->1566M(2048M) 1,413ms
[2024-12-04T16:40:50.964+0700][10,113s][info   ][gc,cpu      ] GC(879) User=0,00s Sys=0,00s Real=0,01s
[2024-12-04T16:40:50.964+0700][10,113s][info   ][gc,marking  ] GC(879) Concurrent Mark 7,761ms
[2024-12-04T16:40:50.964+0700][10,113s][info   ][gc,marking  ] GC(879) Concurrent Rebuild Remembered Sets
[2024-12-04T16:40:50.968+0700][10,116s][info   ][gc,marking  ] GC(879) Concurrent Rebuild Remembered Sets 3,384ms
[2024-12-04T16:40:50.968+0700][10,117s][info   ][gc,start    ] GC(879) Pause Cleanup
[2024-12-04T16:40:50.968+0700][10,117s][info   ][gc          ] GC(879) Pause Cleanup 1566M->1566M(2048M) 0,796ms
[2024-12-04T16:40:50.969+0700][10,117s][info   ][gc,cpu      ] GC(879) User=0,01s Sys=0,00s Real=0,00s
[2024-12-04T16:40:50.969+0700][10,117s][info   ][gc,marking  ] GC(879) Concurrent Cleanup for Next Mark
[2024-12-04T16:40:50.973+0700][10,122s][info   ][gc,marking  ] GC(879) Concurrent Cleanup for Next Mark 4,379ms
[2024-12-04T16:40:50.973+0700][10,122s][info   ][gc          ] GC(879) Concurrent Mark Cycle 16,685ms
[2024-12-04T16:40:50.975+0700][10,124s][info   ][gc,start    ] GC(880) Pause Young (Concurrent Start) (G1 Humongous Allocation)
[2024-12-04T16:40:50.975+0700][10,124s][info   ][gc,task     ] GC(880) Using 8 workers of 8 for evacuation
[2024-12-04T16:40:50.978+0700][10,127s][info   ][gc,phases   ] GC(880)   Pre Evacuate Collection Set: 0,5ms
[2024-12-04T16:40:50.978+0700][10,127s][info   ][gc,phases   ] GC(880)   Merge Heap Roots: 0,5ms
[2024-12-04T16:40:50.978+0700][10,127s][info   ][gc,phases   ] GC(880)   Evacuate Collection Set: 0,6ms
[2024-12-04T16:40:50.978+0700][10,127s][info   ][gc,phases   ] GC(880)   Post Evacuate Collection Set: 0,3ms
[2024-12-04T16:40:50.978+0700][10,127s][info   ][gc,phases   ] GC(880)   Other: 0,4ms
[2024-12-04T16:40:50.978+0700][10,127s][info   ][gc,heap     ] GC(880) Eden regions: 1->0(273)
[2024-12-04T16:40:50.978+0700][10,127s][info   ][gc,heap     ] GC(880) Survivor regions: 0->0(35)
[2024-12-04T16:40:50.978+0700][10,127s][info   ][gc,heap     ] GC(880) Old regions: 3->3
[2024-12-04T16:40:50.978+0700][10,127s][info   ][gc,heap     ] GC(880) Archive regions: 2->2
[2024-12-04T16:40:50.978+0700][10,127s][info   ][gc,heap     ] GC(880) Humongous regions: 1564->1564
[2024-12-04T16:40:50.978+0700][10,127s][info   ][gc,metaspace] GC(880) Metaspace: 5840K(6080K)->5840K(6080K) NonClass: 5175K(5312K)->5175K(5312K) Class: 664K(768K)->664K(768K)
[2024-12-04T16:40:50.978+0700][10,127s][info   ][gc          ] GC(880) Pause Young (Concurrent Start) (G1 Humongous Allocation) 1567M->1567M(2048M) 2,450ms
[2024-12-04T16:40:50.978+0700][10,127s][info   ][gc,cpu      ] GC(880) User=0,00s Sys=0,00s Real=0,00s
[2024-12-04T16:40:50.978+0700][10,127s][info   ][gc          ] GC(881) Concurrent Mark Cycle
[2024-12-04T16:40:50.978+0700][10,127s][info   ][gc,marking  ] GC(881) Concurrent Clear Claimed Marks
[2024-12-04T16:40:50.978+0700][10,127s][info   ][gc,marking  ] GC(881) Concurrent Clear Claimed Marks 0,016ms
[2024-12-04T16:40:50.978+0700][10,127s][info   ][gc,marking  ] GC(881) Concurrent Scan Root Regions
[2024-12-04T16:40:50.978+0700][10,127s][info   ][gc,marking  ] GC(881) Concurrent Scan Root Regions 0,007ms
[2024-12-04T16:40:50.978+0700][10,127s][info   ][gc,marking  ] GC(881) Concurrent Mark
[2024-12-04T16:40:50.978+0700][10,127s][info   ][gc,marking  ] GC(881) Concurrent Mark From Roots
[2024-12-04T16:40:50.978+0700][10,127s][info   ][gc,task     ] GC(881) Using 2 workers of 2 for marking
[2024-12-04T16:40:50.982+0700][10,131s][info   ][gc,marking  ] GC(881) Concurrent Mark From Roots 4,493ms
[2024-12-04T16:40:50.982+0700][10,131s][info   ][gc,marking  ] GC(881) Concurrent Preclean
[2024-12-04T16:40:50.983+0700][10,131s][info   ][gc,marking  ] GC(881) Concurrent Preclean 0,051ms
[2024-12-04T16:40:50.983+0700][10,131s][info   ][gc,start    ] GC(881) Pause Remark
[2024-12-04T16:40:50.984+0700][10,133s][info   ][gc          ] GC(881) Pause Remark 1568M->1568M(2048M) 1,055ms
[2024-12-04T16:40:50.984+0700][10,133s][info   ][gc,cpu      ] GC(881) User=0,00s Sys=0,00s Real=0,01s
[2024-12-04T16:40:50.984+0700][10,133s][info   ][gc,marking  ] GC(881) Concurrent Mark 5,789ms
[2024-12-04T16:40:50.984+0700][10,133s][info   ][gc,marking  ] GC(881) Concurrent Rebuild Remembered Sets
[2024-12-04T16:40:50.986+0700][10,135s][info   ][gc,marking  ] GC(881) Concurrent Rebuild Remembered Sets 2,589ms
[2024-12-04T16:40:50.986+0700][10,135s][info   ][gc,start    ] GC(881) Pause Cleanup
[2024-12-04T16:40:50.987+0700][10,136s][info   ][gc          ] GC(881) Pause Cleanup 1569M->1569M(2048M) 0,303ms
[2024-12-04T16:40:50.987+0700][10,136s][info   ][gc,cpu      ] GC(881) User=0,00s Sys=0,00s Real=0,00s
[2024-12-04T16:40:50.987+0700][10,136s][info   ][gc,marking  ] GC(881) Concurrent Cleanup for Next Mark
[2024-12-04T16:40:50.992+0700][10,141s][info   ][gc,marking  ] GC(881) Concurrent Cleanup for Next Mark 4,913ms
[2024-12-04T16:40:50.992+0700][10,141s][info   ][gc          ] GC(881) Concurrent Mark Cycle 13,930ms
[2024-12-04T16:40:50.996+0700][10,144s][info   ][gc,start    ] GC(882) Pause Young (Concurrent Start) (G1 Humongous Allocation)
[2024-12-04T16:40:50.996+0700][10,145s][info   ][gc,task     ] GC(882) Using 8 workers of 8 for evacuation
[2024-12-04T16:40:50.998+0700][10,146s][info   ][gc,phases   ] GC(882)   Pre Evacuate Collection Set: 0,7ms
[2024-12-04T16:40:50.998+0700][10,147s][info   ][gc,phases   ] GC(882)   Merge Heap Roots: 0,4ms
[2024-12-04T16:40:50.998+0700][10,147s][info   ][gc,phases   ] GC(882)   Evacuate Collection Set: 0,5ms
[2024-12-04T16:40:50.998+0700][10,147s][info   ][gc,phases   ] GC(882)   Post Evacuate Collection Set: 0,2ms
[2024-12-04T16:40:50.998+0700][10,147s][info   ][gc,phases   ] GC(882)   Other: 0,3ms
[2024-12-04T16:40:50.998+0700][10,147s][info   ][gc,heap     ] GC(882) Eden regions: 1->0(270)
[2024-12-04T16:40:50.998+0700][10,147s][info   ][gc,heap     ] GC(882) Survivor regions: 0->0(35)
[2024-12-04T16:40:50.998+0700][10,147s][info   ][gc,heap     ] GC(882) Old regions: 3->3
[2024-12-04T16:40:50.998+0700][10,147s][info   ][gc,heap     ] GC(882) Archive regions: 2->2
[2024-12-04T16:40:50.998+0700][10,147s][info   ][gc,heap     ] GC(882) Humongous regions: 1567->1567
[2024-12-04T16:40:50.998+0700][10,147s][info   ][gc,metaspace] GC(882) Metaspace: 5840K(6080K)->5840K(6080K) NonClass: 5175K(5312K)->5175K(5312K) Class: 664K(768K)->664K(768K)
[2024-12-04T16:40:50.998+0700][10,147s][info   ][gc          ] GC(882) Pause Young (Concurrent Start) (G1 Humongous Allocation) 1570M->1570M(2048M) 2,175ms
[2024-12-04T16:40:50.998+0700][10,147s][info   ][gc,cpu      ] GC(882) User=0,00s Sys=0,00s Real=0,00s
[2024-12-04T16:40:50.998+0700][10,147s][info   ][gc          ] GC(883) Concurrent Mark Cycle
[2024-12-04T16:40:50.998+0700][10,147s][info   ][gc,marking  ] GC(883) Concurrent Clear Claimed Marks
[2024-12-04T16:40:50.998+0700][10,147s][info   ][gc,marking  ] GC(883) Concurrent Clear Claimed Marks 0,033ms
[2024-12-04T16:40:50.998+0700][10,147s][info   ][gc,marking  ] GC(883) Concurrent Scan Root Regions
[2024-12-04T16:40:50.998+0700][10,147s][info   ][gc,marking  ] GC(883) Concurrent Scan Root Regions 0,006ms
[2024-12-04T16:40:50.998+0700][10,147s][info   ][gc,marking  ] GC(883) Concurrent Mark
[2024-12-04T16:40:50.998+0700][10,147s][info   ][gc,marking  ] GC(883) Concurrent Mark From Roots
[2024-12-04T16:40:50.998+0700][10,147s][info   ][gc,task     ] GC(883) Using 2 workers of 2 for marking
[2024-12-04T16:40:51.004+0700][10,153s][info   ][gc,marking  ] GC(883) Concurrent Mark From Roots 6,220ms
[2024-12-04T16:40:51.004+0700][10,153s][info   ][gc,marking  ] GC(883) Concurrent Preclean
[2024-12-04T16:40:51.004+0700][10,153s][info   ][gc,marking  ] GC(883) Concurrent Preclean 0,084ms
[2024-12-04T16:40:51.004+0700][10,153s][info   ][gc,start    ] GC(883) Pause Remark
[2024-12-04T16:40:51.007+0700][10,156s][info   ][gc          ] GC(883) Pause Remark 1572M->1572M(2048M) 2,610ms
[2024-12-04T16:40:51.007+0700][10,156s][info   ][gc,cpu      ] GC(883) User=0,01s Sys=0,00s Real=0,00s
[2024-12-04T16:40:51.007+0700][10,156s][info   ][gc,marking  ] GC(883) Concurrent Mark 9,246ms
[2024-12-04T16:40:51.007+0700][10,156s][info   ][gc,marking  ] GC(883) Concurrent Rebuild Remembered Sets
[2024-12-04T16:40:51.010+0700][10,159s][info   ][gc,marking  ] GC(883) Concurrent Rebuild Remembered Sets 2,565ms
[2024-12-04T16:40:51.010+0700][10,159s][info   ][gc,start    ] GC(883) Pause Cleanup
[2024-12-04T16:40:51.010+0700][10,159s][info   ][gc          ] GC(883) Pause Cleanup 1573M->1573M(2048M) 0,345ms
[2024-12-04T16:40:51.010+0700][10,159s][info   ][gc,cpu      ] GC(883) User=0,00s Sys=0,00s Real=0,00s
[2024-12-04T16:40:51.010+0700][10,159s][info   ][gc,marking  ] GC(883) Concurrent Cleanup for Next Mark
[2024-12-04T16:40:51.015+0700][10,164s][info   ][gc,marking  ] GC(883) Concurrent Cleanup for Next Mark 5,085ms
[2024-12-04T16:40:51.016+0700][10,164s][info   ][gc          ] GC(883) Concurrent Mark Cycle 17,723ms
[2024-12-04T16:40:51.016+0700][10,165s][info   ][gc,start    ] GC(884) Pause Young (Concurrent Start) (G1 Humongous Allocation)
[2024-12-04T16:40:51.016+0700][10,165s][info   ][gc,task     ] GC(884) Using 8 workers of 8 for evacuation
[2024-12-04T16:40:51.018+0700][10,166s][info   ][gc,phases   ] GC(884)   Pre Evacuate Collection Set: 0,6ms
[2024-12-04T16:40:51.018+0700][10,166s][info   ][gc,phases   ] GC(884)   Merge Heap Roots: 0,5ms
[2024-12-04T16:40:51.018+0700][10,166s][info   ][gc,phases   ] GC(884)   Evacuate Collection Set: 0,4ms
[2024-12-04T16:40:51.018+0700][10,167s][info   ][gc,phases   ] GC(884)   Post Evacuate Collection Set: 0,2ms
[2024-12-04T16:40:51.018+0700][10,167s][info   ][gc,phases   ] GC(884)   Other: 0,3ms
[2024-12-04T16:40:51.018+0700][10,167s][info   ][gc,heap     ] GC(884) Eden regions: 1->0(267)
[2024-12-04T16:40:51.018+0700][10,167s][info   ][gc,heap     ] GC(884) Survivor regions: 0->0(34)
[2024-12-04T16:40:51.018+0700][10,167s][info   ][gc,heap     ] GC(884) Old regions: 3->3
[2024-12-04T16:40:51.018+0700][10,167s][info   ][gc,heap     ] GC(884) Archive regions: 2->2
[2024-12-04T16:40:51.018+0700][10,167s][info   ][gc,heap     ] GC(884) Humongous regions: 1570->1570
[2024-12-04T16:40:51.018+0700][10,167s][info   ][gc,metaspace] GC(884) Metaspace: 5840K(6080K)->5840K(6080K) NonClass: 5175K(5312K)->5175K(5312K) Class: 664K(768K)->664K(768K)
[2024-12-04T16:40:51.018+0700][10,167s][info   ][gc          ] GC(884) Pause Young (Concurrent Start) (G1 Humongous Allocation) 1573M->1573M(2048M) 2,058ms
[2024-12-04T16:40:51.018+0700][10,167s][info   ][gc,cpu      ] GC(884) User=0,01s Sys=0,00s Real=0,00s
[2024-12-04T16:40:51.018+0700][10,167s][info   ][gc          ] GC(885) Concurrent Mark Cycle
[2024-12-04T16:40:51.018+0700][10,167s][info   ][gc,marking  ] GC(885) Concurrent Clear Claimed Marks
[2024-12-04T16:40:51.018+0700][10,167s][info   ][gc,marking  ] GC(885) Concurrent Clear Claimed Marks 0,022ms
[2024-12-04T16:40:51.018+0700][10,167s][info   ][gc,marking  ] GC(885) Concurrent Scan Root Regions
[2024-12-04T16:40:51.018+0700][10,167s][info   ][gc,marking  ] GC(885) Concurrent Scan Root Regions 0,006ms
[2024-12-04T16:40:51.018+0700][10,167s][info   ][gc,marking  ] GC(885) Concurrent Mark
[2024-12-04T16:40:51.018+0700][10,167s][info   ][gc,marking  ] GC(885) Concurrent Mark From Roots
[2024-12-04T16:40:51.018+0700][10,167s][info   ][gc,task     ] GC(885) Using 2 workers of 2 for marking
[2024-12-04T16:40:51.023+0700][10,172s][info   ][gc,marking  ] GC(885) Concurrent Mark From Roots 5,391ms
[2024-12-04T16:40:51.023+0700][10,172s][info   ][gc,marking  ] GC(885) Concurrent Preclean
[2024-12-04T16:40:51.023+0700][10,172s][info   ][gc,marking  ] GC(885) Concurrent Preclean 0,073ms
[2024-12-04T16:40:51.023+0700][10,172s][info   ][gc,start    ] GC(885) Pause Remark
[2024-12-04T16:40:51.024+0700][10,173s][info   ][gc          ] GC(885) Pause Remark 1574M->1574M(2048M) 1,007ms
[2024-12-04T16:40:51.025+0700][10,173s][info   ][gc,cpu      ] GC(885) User=0,00s Sys=0,00s Real=0,00s
[2024-12-04T16:40:51.025+0700][10,173s][info   ][gc,marking  ] GC(885) Concurrent Mark 6,674ms
[2024-12-04T16:40:51.025+0700][10,173s][info   ][gc,marking  ] GC(885) Concurrent Rebuild Remembered Sets
[2024-12-04T16:40:51.027+0700][10,176s][info   ][gc,marking  ] GC(885) Concurrent Rebuild Remembered Sets 2,129ms
[2024-12-04T16:40:51.027+0700][10,176s][info   ][gc,start    ] GC(885) Pause Cleanup
[2024-12-04T16:40:51.027+0700][10,176s][info   ][gc          ] GC(885) Pause Cleanup 1575M->1575M(2048M) 0,198ms
[2024-12-04T16:40:51.027+0700][10,176s][info   ][gc,cpu      ] GC(885) User=0,00s Sys=0,00s Real=0,00s
[2024-12-04T16:40:51.027+0700][10,176s][info   ][gc,marking  ] GC(885) Concurrent Cleanup for Next Mark
[2024-12-04T16:40:51.030+0700][10,179s][info   ][gc,marking  ] GC(885) Concurrent Cleanup for Next Mark 3,279ms
[2024-12-04T16:40:51.030+0700][10,179s][info   ][gc          ] GC(885) Concurrent Mark Cycle 12,541ms
[2024-12-04T16:40:51.030+0700][10,179s][info   ][gc,start    ] GC(886) Pause Young (Concurrent Start) (G1 Humongous Allocation)
[2024-12-04T16:40:51.030+0700][10,179s][info   ][gc,task     ] GC(886) Using 8 workers of 8 for evacuation
[2024-12-04T16:40:51.032+0700][10,180s][info   ][gc,phases   ] GC(886)   Pre Evacuate Collection Set: 0,3ms
[2024-12-04T16:40:51.032+0700][10,180s][info   ][gc,phases   ] GC(886)   Merge Heap Roots: 0,3ms
[2024-12-04T16:40:51.032+0700][10,180s][info   ][gc,phases   ] GC(886)   Evacuate Collection Set: 0,3ms
[2024-12-04T16:40:51.032+0700][10,180s][info   ][gc,phases   ] GC(886)   Post Evacuate Collection Set: 0,1ms
[2024-12-04T16:40:51.032+0700][10,180s][info   ][gc,phases   ] GC(886)   Other: 0,2ms
[2024-12-04T16:40:51.032+0700][10,180s][info   ][gc,heap     ] GC(886) Eden regions: 1->0(265)
[2024-12-04T16:40:51.032+0700][10,180s][info   ][gc,heap     ] GC(886) Survivor regions: 0->0(34)
[2024-12-04T16:40:51.032+0700][10,181s][info   ][gc,heap     ] GC(886) Old regions: 3->3
[2024-12-04T16:40:51.032+0700][10,181s][info   ][gc,heap     ] GC(886) Archive regions: 2->2
[2024-12-04T16:40:51.032+0700][10,181s][info   ][gc,heap     ] GC(886) Humongous regions: 1572->1572
[2024-12-04T16:40:51.032+0700][10,181s][info   ][gc,metaspace] GC(886) Metaspace: 5840K(6080K)->5840K(6080K) NonClass: 5175K(5312K)->5175K(5312K) Class: 664K(768K)->664K(768K)
[2024-12-04T16:40:51.032+0700][10,181s][info   ][gc          ] GC(886) Pause Young (Concurrent Start) (G1 Humongous Allocation) 1575M->1575M(2048M) 1,320ms
[2024-12-04T16:40:51.032+0700][10,181s][info   ][gc,cpu      ] GC(886) User=0,00s Sys=0,00s Real=0,00s
[2024-12-04T16:40:51.032+0700][10,181s][info   ][gc          ] GC(887) Concurrent Mark Cycle
[2024-12-04T16:40:51.032+0700][10,181s][info   ][gc,marking  ] GC(887) Concurrent Clear Claimed Marks
[2024-12-04T16:40:51.032+0700][10,181s][info   ][gc,marking  ] GC(887) Concurrent Clear Claimed Marks 0,017ms
[2024-12-04T16:40:51.032+0700][10,181s][info   ][gc,marking  ] GC(887) Concurrent Scan Root Regions
[2024-12-04T16:40:51.032+0700][10,181s][info   ][gc,marking  ] GC(887) Concurrent Scan Root Regions 0,004ms
[2024-12-04T16:40:51.032+0700][10,181s][info   ][gc,marking  ] GC(887) Concurrent Mark
[2024-12-04T16:40:51.032+0700][10,181s][info   ][gc,marking  ] GC(887) Concurrent Mark From Roots
[2024-12-04T16:40:51.032+0700][10,181s][info   ][gc,task     ] GC(887) Using 2 workers of 2 for marking
[2024-12-04T16:40:51.036+0700][10,185s][info   ][gc,marking  ] GC(887) Concurrent Mark From Roots 4,308ms
[2024-12-04T16:40:51.036+0700][10,185s][info   ][gc,marking  ] GC(887) Concurrent Preclean
[2024-12-04T16:40:51.036+0700][10,185s][info   ][gc,marking  ] GC(887) Concurrent Preclean 0,078ms
[2024-12-04T16:40:51.036+0700][10,185s][info   ][gc,start    ] GC(887) Pause Remark
[2024-12-04T16:40:51.038+0700][10,187s][info   ][gc          ] GC(887) Pause Remark 1576M->1576M(2048M) 1,565ms
[2024-12-04T16:40:51.038+0700][10,187s][info   ][gc,cpu      ] GC(887) User=0,00s Sys=0,00s Real=0,00s
[2024-12-04T16:40:51.038+0700][10,187s][info   ][gc,marking  ] GC(887) Concurrent Mark 6,157ms
[2024-12-04T16:40:51.038+0700][10,187s][info   ][gc,marking  ] GC(887) Concurrent Rebuild Remembered Sets
[2024-12-04T16:40:51.040+0700][10,189s][info   ][gc,marking  ] GC(887) Concurrent Rebuild Remembered Sets 2,212ms
[2024-12-04T16:40:51.040+0700][10,189s][info   ][gc,start    ] GC(887) Pause Cleanup
[2024-12-04T16:40:51.041+0700][10,189s][info   ][gc          ] GC(887) Pause Cleanup 1577M->1577M(2048M) 0,330ms
[2024-12-04T16:40:51.041+0700][10,189s][info   ][gc,cpu      ] GC(887) User=0,00s Sys=0,00s Real=0,00s
[2024-12-04T16:40:51.041+0700][10,189s][info   ][gc,marking  ] GC(887) Concurrent Cleanup for Next Mark
[2024-12-04T16:40:51.044+0700][10,193s][info   ][gc,marking  ] GC(887) Concurrent Cleanup for Next Mark 3,364ms
[2024-12-04T16:40:51.044+0700][10,193s][info   ][gc          ] GC(887) Concurrent Mark Cycle 12,303ms
[2024-12-04T16:40:51.050+0700][10,198s][info   ][gc,start    ] GC(888) Pause Young (Concurrent Start) (G1 Humongous Allocation)
[2024-12-04T16:40:51.050+0700][10,198s][info   ][gc,task     ] GC(888) Using 8 workers of 8 for evacuation
[2024-12-04T16:40:51.051+0700][10,200s][info   ][gc,phases   ] GC(888)   Pre Evacuate Collection Set: 0,3ms
[2024-12-04T16:40:51.051+0700][10,200s][info   ][gc,phases   ] GC(888)   Merge Heap Roots: 0,3ms
[2024-12-04T16:40:51.051+0700][10,200s][info   ][gc,phases   ] GC(888)   Evacuate Collection Set: 0,4ms
[2024-12-04T16:40:51.051+0700][10,200s][info   ][gc,phases   ] GC(888)   Post Evacuate Collection Set: 0,1ms
[2024-12-04T16:40:51.051+0700][10,200s][info   ][gc,phases   ] GC(888)   Other: 0,2ms
[2024-12-04T16:40:51.051+0700][10,200s][info   ][gc,heap     ] GC(888) Eden regions: 1->0(262)
[2024-12-04T16:40:51.051+0700][10,200s][info   ][gc,heap     ] GC(888) Survivor regions: 0->0(34)
[2024-12-04T16:40:51.051+0700][10,200s][info   ][gc,heap     ] GC(888) Old regions: 3->3
[2024-12-04T16:40:51.051+0700][10,200s][info   ][gc,heap     ] GC(888) Archive regions: 2->2
[2024-12-04T16:40:51.051+0700][10,200s][info   ][gc,heap     ] GC(888) Humongous regions: 1575->1575
[2024-12-04T16:40:51.051+0700][10,200s][info   ][gc,metaspace] GC(888) Metaspace: 5840K(6080K)->5840K(6080K) NonClass: 5175K(5312K)->5175K(5312K) Class: 664K(768K)->664K(768K)
[2024-12-04T16:40:51.051+0700][10,200s][info   ][gc          ] GC(888) Pause Young (Concurrent Start) (G1 Humongous Allocation) 1578M->1578M(2048M) 1,348ms
[2024-12-04T16:40:51.051+0700][10,200s][info   ][gc,cpu      ] GC(888) User=0,01s Sys=0,00s Real=0,00s
[2024-12-04T16:40:51.051+0700][10,200s][info   ][gc          ] GC(889) Concurrent Mark Cycle
[2024-12-04T16:40:51.051+0700][10,200s][info   ][gc,marking  ] GC(889) Concurrent Clear Claimed Marks
[2024-12-04T16:40:51.051+0700][10,200s][info   ][gc,marking  ] GC(889) Concurrent Clear Claimed Marks 0,008ms
[2024-12-04T16:40:51.051+0700][10,200s][info   ][gc,marking  ] GC(889) Concurrent Scan Root Regions
[2024-12-04T16:40:51.051+0700][10,200s][info   ][gc,marking  ] GC(889) Concurrent Scan Root Regions 0,004ms
[2024-12-04T16:40:51.051+0700][10,200s][info   ][gc,marking  ] GC(889) Concurrent Mark
[2024-12-04T16:40:51.051+0700][10,200s][info   ][gc,marking  ] GC(889) Concurrent Mark From Roots
[2024-12-04T16:40:51.051+0700][10,200s][info   ][gc,task     ] GC(889) Using 2 workers of 2 for marking
[2024-12-04T16:40:51.055+0700][10,204s][info   ][gc,marking  ] GC(889) Concurrent Mark From Roots 4,114ms
[2024-12-04T16:40:51.055+0700][10,204s][info   ][gc,marking  ] GC(889) Concurrent Preclean
[2024-12-04T16:40:51.055+0700][10,204s][info   ][gc,marking  ] GC(889) Concurrent Preclean 0,059ms
[2024-12-04T16:40:51.055+0700][10,204s][info   ][gc,start    ] GC(889) Pause Remark
[2024-12-04T16:40:51.056+0700][10,205s][info   ][gc          ] GC(889) Pause Remark 1579M->1579M(2048M) 0,797ms
[2024-12-04T16:40:51.056+0700][10,205s][info   ][gc,cpu      ] GC(889) User=0,01s Sys=0,00s Real=0,00s
[2024-12-04T16:40:51.056+0700][10,205s][info   ][gc,marking  ] GC(889) Concurrent Mark 5,102ms
[2024-12-04T16:40:51.056+0700][10,205s][info   ][gc,marking  ] GC(889) Concurrent Rebuild Remembered Sets
[2024-12-04T16:40:51.058+0700][10,207s][info   ][gc,marking  ] GC(889) Concurrent Rebuild Remembered Sets 1,985ms
[2024-12-04T16:40:51.058+0700][10,207s][info   ][gc,start    ] GC(889) Pause Cleanup
[2024-12-04T16:40:51.058+0700][10,207s][info   ][gc          ] GC(889) Pause Cleanup 1580M->1580M(2048M) 0,229ms
[2024-12-04T16:40:51.058+0700][10,207s][info   ][gc,cpu      ] GC(889) User=0,00s Sys=0,00s Real=0,00s
[2024-12-04T16:40:51.058+0700][10,207s][info   ][gc,marking  ] GC(889) Concurrent Cleanup for Next Mark
[2024-12-04T16:40:51.062+0700][10,211s][info   ][gc,marking  ] GC(889) Concurrent Cleanup for Next Mark 3,873ms
[2024-12-04T16:40:51.062+0700][10,211s][info   ][gc          ] GC(889) Concurrent Mark Cycle 11,431ms
[2024-12-04T16:40:51.068+0700][10,217s][info   ][gc,start    ] GC(890) Pause Young (Concurrent Start) (G1 Humongous Allocation)
[2024-12-04T16:40:51.068+0700][10,217s][info   ][gc,task     ] GC(890) Using 8 workers of 8 for evacuation
[2024-12-04T16:40:51.069+0700][10,218s][info   ][gc,phases   ] GC(890)   Pre Evacuate Collection Set: 0,2ms
[2024-12-04T16:40:51.069+0700][10,218s][info   ][gc,phases   ] GC(890)   Merge Heap Roots: 0,3ms
[2024-12-04T16:40:51.069+0700][10,218s][info   ][gc,phases   ] GC(890)   Evacuate Collection Set: 0,4ms
[2024-12-04T16:40:51.069+0700][10,218s][info   ][gc,phases   ] GC(890)   Post Evacuate Collection Set: 0,2ms
[2024-12-04T16:40:51.069+0700][10,218s][info   ][gc,phases   ] GC(890)   Other: 0,3ms
[2024-12-04T16:40:51.069+0700][10,218s][info   ][gc,heap     ] GC(890) Eden regions: 1->0(259)
[2024-12-04T16:40:51.069+0700][10,218s][info   ][gc,heap     ] GC(890) Survivor regions: 0->0(33)
[2024-12-04T16:40:51.069+0700][10,218s][info   ][gc,heap     ] GC(890) Old regions: 3->3
[2024-12-04T16:40:51.069+0700][10,218s][info   ][gc,heap     ] GC(890) Archive regions: 2->2
[2024-12-04T16:40:51.069+0700][10,218s][info   ][gc,heap     ] GC(890) Humongous regions: 1578->1578
[2024-12-04T16:40:51.069+0700][10,218s][info   ][gc,metaspace] GC(890) Metaspace: 5840K(6080K)->5840K(6080K) NonClass: 5175K(5312K)->5175K(5312K) Class: 664K(768K)->664K(768K)
[2024-12-04T16:40:51.069+0700][10,218s][info   ][gc          ] GC(890) Pause Young (Concurrent Start) (G1 Humongous Allocation) 1581M->1581M(2048M) 1,509ms
[2024-12-04T16:40:51.069+0700][10,218s][info   ][gc,cpu      ] GC(890) User=0,00s Sys=0,00s Real=0,00s
[2024-12-04T16:40:51.069+0700][10,218s][info   ][gc          ] GC(891) Concurrent Mark Cycle
[2024-12-04T16:40:51.069+0700][10,218s][info   ][gc,marking  ] GC(891) Concurrent Clear Claimed Marks
[2024-12-04T16:40:51.069+0700][10,218s][info   ][gc,marking  ] GC(891) Concurrent Clear Claimed Marks 0,012ms
[2024-12-04T16:40:51.069+0700][10,218s][info   ][gc,marking  ] GC(891) Concurrent Scan Root Regions
[2024-12-04T16:40:51.069+0700][10,218s][info   ][gc,marking  ] GC(891) Concurrent Scan Root Regions 0,004ms
[2024-12-04T16:40:51.069+0700][10,218s][info   ][gc,marking  ] GC(891) Concurrent Mark
[2024-12-04T16:40:51.069+0700][10,218s][info   ][gc,marking  ] GC(891) Concurrent Mark From Roots
[2024-12-04T16:40:51.070+0700][10,218s][info   ][gc,task     ] GC(891) Using 2 workers of 2 for marking
[2024-12-04T16:40:51.074+0700][10,223s][info   ][gc,marking  ] GC(891) Concurrent Mark From Roots 4,694ms
[2024-12-04T16:40:51.074+0700][10,223s][info   ][gc,marking  ] GC(891) Concurrent Preclean
[2024-12-04T16:40:51.074+0700][10,223s][info   ][gc,marking  ] GC(891) Concurrent Preclean 0,066ms
[2024-12-04T16:40:51.074+0700][10,223s][info   ][gc,start    ] GC(891) Pause Remark
[2024-12-04T16:40:51.076+0700][10,225s][info   ][gc          ] GC(891) Pause Remark 1582M->1582M(2048M) 1,760ms
[2024-12-04T16:40:51.076+0700][10,225s][info   ][gc,cpu      ] GC(891) User=0,01s Sys=0,00s Real=0,00s
[2024-12-04T16:40:51.076+0700][10,225s][info   ][gc,marking  ] GC(891) Concurrent Mark 6,696ms
[2024-12-04T16:40:51.076+0700][10,225s][info   ][gc,marking  ] GC(891) Concurrent Rebuild Remembered Sets
[2024-12-04T16:40:51.078+0700][10,227s][info   ][gc,marking  ] GC(891) Concurrent Rebuild Remembered Sets 1,986ms
[2024-12-04T16:40:51.078+0700][10,227s][info   ][gc,start    ] GC(891) Pause Cleanup
[2024-12-04T16:40:51.078+0700][10,227s][info   ][gc          ] GC(891) Pause Cleanup 1583M->1583M(2048M) 0,261ms
[2024-12-04T16:40:51.078+0700][10,227s][info   ][gc,cpu      ] GC(891) User=0,00s Sys=0,00s Real=0,00s
[2024-12-04T16:40:51.078+0700][10,227s][info   ][gc,marking  ] GC(891) Concurrent Cleanup for Next Mark
[2024-12-04T16:40:51.083+0700][10,232s][info   ][gc,marking  ] GC(891) Concurrent Cleanup for Next Mark 4,709ms
[2024-12-04T16:40:51.083+0700][10,232s][info   ][gc          ] GC(891) Concurrent Mark Cycle 13,839ms
[2024-12-04T16:40:51.088+0700][10,237s][info   ][gc,start    ] GC(892) Pause Young (Concurrent Start) (G1 Humongous Allocation)
[2024-12-04T16:40:51.088+0700][10,237s][info   ][gc,task     ] GC(892) Using 8 workers of 8 for evacuation
[2024-12-04T16:40:51.089+0700][10,238s][info   ][gc,phases   ] GC(892)   Pre Evacuate Collection Set: 0,3ms
[2024-12-04T16:40:51.089+0700][10,238s][info   ][gc,phases   ] GC(892)   Merge Heap Roots: 0,4ms
[2024-12-04T16:40:51.089+0700][10,238s][info   ][gc,phases   ] GC(892)   Evacuate Collection Set: 0,6ms
[2024-12-04T16:40:51.089+0700][10,238s][info   ][gc,phases   ] GC(892)   Post Evacuate Collection Set: 0,1ms
[2024-12-04T16:40:51.089+0700][10,238s][info   ][gc,phases   ] GC(892)   Other: 0,2ms
[2024-12-04T16:40:51.089+0700][10,238s][info   ][gc,heap     ] GC(892) Eden regions: 1->0(256)
[2024-12-04T16:40:51.089+0700][10,238s][info   ][gc,heap     ] GC(892) Survivor regions: 0->0(33)
[2024-12-04T16:40:51.089+0700][10,238s][info   ][gc,heap     ] GC(892) Old regions: 3->3
[2024-12-04T16:40:51.089+0700][10,238s][info   ][gc,heap     ] GC(892) Archive regions: 2->2
[2024-12-04T16:40:51.089+0700][10,238s][info   ][gc,heap     ] GC(892) Humongous regions: 1581->1581
[2024-12-04T16:40:51.089+0700][10,238s][info   ][gc,metaspace] GC(892) Metaspace: 5840K(6080K)->5840K(6080K) NonClass: 5175K(5312K)->5175K(5312K) Class: 664K(768K)->664K(768K)
[2024-12-04T16:40:51.089+0700][10,238s][info   ][gc          ] GC(892) Pause Young (Concurrent Start) (G1 Humongous Allocation) 1584M->1584M(2048M) 1,673ms
[2024-12-04T16:40:51.089+0700][10,238s][info   ][gc,cpu      ] GC(892) User=0,00s Sys=0,00s Real=0,00s
[2024-12-04T16:40:51.089+0700][10,238s][info   ][gc          ] GC(893) Concurrent Mark Cycle
[2024-12-04T16:40:51.089+0700][10,238s][info   ][gc,marking  ] GC(893) Concurrent Clear Claimed Marks
[2024-12-04T16:40:51.090+0700][10,238s][info   ][gc,marking  ] GC(893) Concurrent Clear Claimed Marks 0,018ms
[2024-12-04T16:40:51.090+0700][10,238s][info   ][gc,marking  ] GC(893) Concurrent Scan Root Regions
[2024-12-04T16:40:51.090+0700][10,238s][info   ][gc,marking  ] GC(893) Concurrent Scan Root Regions 0,004ms
[2024-12-04T16:40:51.090+0700][10,238s][info   ][gc,marking  ] GC(893) Concurrent Mark
[2024-12-04T16:40:51.090+0700][10,238s][info   ][gc,marking  ] GC(893) Concurrent Mark From Roots
[2024-12-04T16:40:51.090+0700][10,238s][info   ][gc,task     ] GC(893) Using 2 workers of 2 for marking
[2024-12-04T16:40:51.093+0700][10,242s][info   ][gc,marking  ] GC(893) Concurrent Mark From Roots 3,765ms
[2024-12-04T16:40:51.093+0700][10,242s][info   ][gc,marking  ] GC(893) Concurrent Preclean
[2024-12-04T16:40:51.093+0700][10,242s][info   ][gc,marking  ] GC(893) Concurrent Preclean 0,043ms
[2024-12-04T16:40:51.093+0700][10,242s][info   ][gc,start    ] GC(893) Pause Remark
[2024-12-04T16:40:51.094+0700][10,243s][info   ][gc          ] GC(893) Pause Remark 1585M->1585M(2048M) 0,806ms
[2024-12-04T16:40:51.094+0700][10,243s][info   ][gc,cpu      ] GC(893) User=0,00s Sys=0,00s Real=0,00s
[2024-12-04T16:40:51.094+0700][10,243s][info   ][gc,marking  ] GC(893) Concurrent Mark 4,728ms
[2024-12-04T16:40:51.094+0700][10,243s][info   ][gc,marking  ] GC(893) Concurrent Rebuild Remembered Sets
[2024-12-04T16:40:51.096+0700][10,245s][info   ][gc,marking  ] GC(893) Concurrent Rebuild Remembered Sets 1,898ms
[2024-12-04T16:40:51.096+0700][10,245s][info   ][gc,start    ] GC(893) Pause Cleanup
[2024-12-04T16:40:51.096+0700][10,245s][info   ][gc          ] GC(893) Pause Cleanup 1586M->1586M(2048M) 0,254ms
[2024-12-04T16:40:51.096+0700][10,245s][info   ][gc,cpu      ] GC(893) User=0,00s Sys=0,00s Real=0,00s
[2024-12-04T16:40:51.097+0700][10,245s][info   ][gc,marking  ] GC(893) Concurrent Cleanup for Next Mark
[2024-12-04T16:40:51.100+0700][10,249s][info   ][gc,marking  ] GC(893) Concurrent Cleanup for Next Mark 3,193ms
[2024-12-04T16:40:51.100+0700][10,249s][info   ][gc          ] GC(893) Concurrent Mark Cycle 10,286ms
[2024-12-04T16:40:51.101+0700][10,250s][info   ][gc,start    ] GC(894) Pause Young (Concurrent Start) (G1 Humongous Allocation)
[2024-12-04T16:40:51.101+0700][10,250s][info   ][gc,task     ] GC(894) Using 8 workers of 8 for evacuation
[2024-12-04T16:40:51.102+0700][10,251s][info   ][gc,phases   ] GC(894)   Pre Evacuate Collection Set: 0,3ms
[2024-12-04T16:40:51.102+0700][10,251s][info   ][gc,phases   ] GC(894)   Merge Heap Roots: 0,4ms
[2024-12-04T16:40:51.102+0700][10,251s][info   ][gc,phases   ] GC(894)   Evacuate Collection Set: 0,3ms
[2024-12-04T16:40:51.102+0700][10,251s][info   ][gc,phases   ] GC(894)   Post Evacuate Collection Set: 0,1ms
[2024-12-04T16:40:51.102+0700][10,251s][info   ][gc,phases   ] GC(894)   Other: 0,3ms
[2024-12-04T16:40:51.102+0700][10,251s][info   ][gc,heap     ] GC(894) Eden regions: 1->0(254)
[2024-12-04T16:40:51.102+0700][10,251s][info   ][gc,heap     ] GC(894) Survivor regions: 0->0(32)
[2024-12-04T16:40:51.102+0700][10,251s][info   ][gc,heap     ] GC(894) Old regions: 3->3
[2024-12-04T16:40:51.102+0700][10,251s][info   ][gc,heap     ] GC(894) Archive regions: 2->2
[2024-12-04T16:40:51.102+0700][10,251s][info   ][gc,heap     ] GC(894) Humongous regions: 1583->1583
[2024-12-04T16:40:51.102+0700][10,251s][info   ][gc,metaspace] GC(894) Metaspace: 5840K(6080K)->5840K(6080K) NonClass: 5175K(5312K)->5175K(5312K) Class: 664K(768K)->664K(768K)
[2024-12-04T16:40:51.102+0700][10,251s][info   ][gc          ] GC(894) Pause Young (Concurrent Start) (G1 Humongous Allocation) 1586M->1586M(2048M) 1,534ms
[2024-12-04T16:40:51.102+0700][10,251s][info   ][gc,cpu      ] GC(894) User=0,00s Sys=0,00s Real=0,00s
[2024-12-04T16:40:51.102+0700][10,251s][info   ][gc          ] GC(895) Concurrent Mark Cycle
[2024-12-04T16:40:51.102+0700][10,251s][info   ][gc,marking  ] GC(895) Concurrent Clear Claimed Marks
[2024-12-04T16:40:51.102+0700][10,251s][info   ][gc,marking  ] GC(895) Concurrent Clear Claimed Marks 0,019ms
[2024-12-04T16:40:51.102+0700][10,251s][info   ][gc,marking  ] GC(895) Concurrent Scan Root Regions
[2024-12-04T16:40:51.102+0700][10,251s][info   ][gc,marking  ] GC(895) Concurrent Scan Root Regions 0,003ms
[2024-12-04T16:40:51.102+0700][10,251s][info   ][gc,marking  ] GC(895) Concurrent Mark
[2024-12-04T16:40:51.102+0700][10,251s][info   ][gc,marking  ] GC(895) Concurrent Mark From Roots
[2024-12-04T16:40:51.102+0700][10,251s][info   ][gc,task     ] GC(895) Using 2 workers of 2 for marking
[2024-12-04T16:40:51.107+0700][10,255s][info   ][gc,marking  ] GC(895) Concurrent Mark From Roots 4,218ms
[2024-12-04T16:40:51.107+0700][10,255s][info   ][gc,marking  ] GC(895) Concurrent Preclean
[2024-12-04T16:40:51.107+0700][10,256s][info   ][gc,marking  ] GC(895) Concurrent Preclean 0,059ms
[2024-12-04T16:40:51.107+0700][10,256s][info   ][gc,start    ] GC(895) Pause Remark
[2024-12-04T16:40:51.108+0700][10,257s][info   ][gc          ] GC(895) Pause Remark 1587M->1587M(2048M) 1,300ms
[2024-12-04T16:40:51.108+0700][10,257s][info   ][gc,cpu      ] GC(895) User=0,00s Sys=0,00s Real=0,00s
[2024-12-04T16:40:51.108+0700][10,257s][info   ][gc,marking  ] GC(895) Concurrent Mark 5,796ms
[2024-12-04T16:40:51.108+0700][10,257s][info   ][gc,marking  ] GC(895) Concurrent Rebuild Remembered Sets
[2024-12-04T16:40:51.110+0700][10,259s][info   ][gc,marking  ] GC(895) Concurrent Rebuild Remembered Sets 1,980ms
[2024-12-04T16:40:51.110+0700][10,259s][info   ][gc,start    ] GC(895) Pause Cleanup
[2024-12-04T16:40:51.110+0700][10,259s][info   ][gc          ] GC(895) Pause Cleanup 1588M->1588M(2048M) 0,258ms
[2024-12-04T16:40:51.111+0700][10,259s][info   ][gc,cpu      ] GC(895) User=0,00s Sys=0,00s Real=0,00s
[2024-12-04T16:40:51.111+0700][10,259s][info   ][gc,marking  ] GC(895) Concurrent Cleanup for Next Mark
[2024-12-04T16:40:51.113+0700][10,262s][info   ][gc,marking  ] GC(895) Concurrent Cleanup for Next Mark 2,971ms
[2024-12-04T16:40:51.114+0700][10,262s][info   ][gc          ] GC(895) Concurrent Mark Cycle 11,254ms
[2024-12-04T16:40:51.114+0700][10,263s][info   ][gc,start    ] GC(896) Pause Young (Concurrent Start) (G1 Humongous Allocation)
[2024-12-04T16:40:51.114+0700][10,263s][info   ][gc,task     ] GC(896) Using 8 workers of 8 for evacuation
[2024-12-04T16:40:51.117+0700][10,265s][info   ][gc,phases   ] GC(896)   Pre Evacuate Collection Set: 0,5ms
[2024-12-04T16:40:51.117+0700][10,266s][info   ][gc,phases   ] GC(896)   Merge Heap Roots: 0,4ms
[2024-12-04T16:40:51.117+0700][10,266s][info   ][gc,phases   ] GC(896)   Evacuate Collection Set: 1,2ms
[2024-12-04T16:40:51.117+0700][10,266s][info   ][gc,phases   ] GC(896)   Post Evacuate Collection Set: 0,4ms
[2024-12-04T16:40:51.117+0700][10,266s][info   ][gc,phases   ] GC(896)   Other: 0,2ms
[2024-12-04T16:40:51.117+0700][10,266s][info   ][gc,heap     ] GC(896) Eden regions: 1->0(252)
[2024-12-04T16:40:51.117+0700][10,266s][info   ][gc,heap     ] GC(896) Survivor regions: 0->0(32)
[2024-12-04T16:40:51.117+0700][10,266s][info   ][gc,heap     ] GC(896) Old regions: 3->3
[2024-12-04T16:40:51.117+0700][10,266s][info   ][gc,heap     ] GC(896) Archive regions: 2->2
[2024-12-04T16:40:51.117+0700][10,266s][info   ][gc,heap     ] GC(896) Humongous regions: 1585->1585
[2024-12-04T16:40:51.117+0700][10,266s][info   ][gc,metaspace] GC(896) Metaspace: 5840K(6080K)->5840K(6080K) NonClass: 5175K(5312K)->5175K(5312K) Class: 664K(768K)->664K(768K)
[2024-12-04T16:40:51.117+0700][10,266s][info   ][gc          ] GC(896) Pause Young (Concurrent Start) (G1 Humongous Allocation) 1588M->1588M(2048M) 2,853ms
[2024-12-04T16:40:51.117+0700][10,266s][info   ][gc,cpu      ] GC(896) User=0,01s Sys=0,00s Real=0,00s
[2024-12-04T16:40:51.117+0700][10,266s][info   ][gc          ] GC(897) Concurrent Mark Cycle
[2024-12-04T16:40:51.117+0700][10,266s][info   ][gc,marking  ] GC(897) Concurrent Clear Claimed Marks
[2024-12-04T16:40:51.117+0700][10,266s][info   ][gc,marking  ] GC(897) Concurrent Clear Claimed Marks 0,019ms
[2024-12-04T16:40:51.117+0700][10,266s][info   ][gc,marking  ] GC(897) Concurrent Scan Root Regions
[2024-12-04T16:40:51.117+0700][10,266s][info   ][gc,marking  ] GC(897) Concurrent Scan Root Regions 0,006ms
[2024-12-04T16:40:51.117+0700][10,266s][info   ][gc,marking  ] GC(897) Concurrent Mark
[2024-12-04T16:40:51.117+0700][10,266s][info   ][gc,marking  ] GC(897) Concurrent Mark From Roots
[2024-12-04T16:40:51.117+0700][10,266s][info   ][gc,task     ] GC(897) Using 2 workers of 2 for marking
[2024-12-04T16:40:51.122+0700][10,271s][info   ][gc,marking  ] GC(897) Concurrent Mark From Roots 5,491ms
[2024-12-04T16:40:51.122+0700][10,271s][info   ][gc,marking  ] GC(897) Concurrent Preclean
[2024-12-04T16:40:51.123+0700][10,271s][info   ][gc,marking  ] GC(897) Concurrent Preclean 0,086ms
[2024-12-04T16:40:51.123+0700][10,271s][info   ][gc,start    ] GC(897) Pause Remark
[2024-12-04T16:40:51.125+0700][10,273s][info   ][gc          ] GC(897) Pause Remark 1589M->1589M(2048M) 1,978ms
[2024-12-04T16:40:51.125+0700][10,274s][info   ][gc,cpu      ] GC(897) User=0,00s Sys=0,00s Real=0,01s
[2024-12-04T16:40:51.125+0700][10,274s][info   ][gc,marking  ] GC(897) Concurrent Mark 7,847ms
[2024-12-04T16:40:51.125+0700][10,274s][info   ][gc,marking  ] GC(897) Concurrent Rebuild Remembered Sets
[2024-12-04T16:40:51.127+0700][10,276s][info   ][gc,marking  ] GC(897) Concurrent Rebuild Remembered Sets 2,182ms
[2024-12-04T16:40:51.127+0700][10,276s][info   ][gc,start    ] GC(897) Pause Cleanup
[2024-12-04T16:40:51.127+0700][10,276s][info   ][gc          ] GC(897) Pause Cleanup 1590M->1590M(2048M) 0,328ms
[2024-12-04T16:40:51.127+0700][10,276s][info   ][gc,cpu      ] GC(897) User=0,00s Sys=0,00s Real=0,00s
[2024-12-04T16:40:51.127+0700][10,276s][info   ][gc,marking  ] GC(897) Concurrent Cleanup for Next Mark
[2024-12-04T16:40:51.131+0700][10,280s][info   ][gc,marking  ] GC(897) Concurrent Cleanup for Next Mark 3,432ms
[2024-12-04T16:40:51.131+0700][10,280s][info   ][gc          ] GC(897) Concurrent Mark Cycle 14,133ms
[2024-12-04T16:40:51.131+0700][10,280s][info   ][gc,start    ] GC(898) Pause Young (Concurrent Start) (G1 Humongous Allocation)
[2024-12-04T16:40:51.131+0700][10,280s][info   ][gc,task     ] GC(898) Using 8 workers of 8 for evacuation
[2024-12-04T16:40:51.133+0700][10,282s][info   ][gc,phases   ] GC(898)   Pre Evacuate Collection Set: 0,9ms
[2024-12-04T16:40:51.133+0700][10,282s][info   ][gc,phases   ] GC(898)   Merge Heap Roots: 0,4ms
[2024-12-04T16:40:51.133+0700][10,282s][info   ][gc,phases   ] GC(898)   Evacuate Collection Set: 0,5ms
[2024-12-04T16:40:51.133+0700][10,282s][info   ][gc,phases   ] GC(898)   Post Evacuate Collection Set: 0,2ms
[2024-12-04T16:40:51.133+0700][10,282s][info   ][gc,phases   ] GC(898)   Other: 0,3ms
[2024-12-04T16:40:51.133+0700][10,282s][info   ][gc,heap     ] GC(898) Eden regions: 1->0(250)
[2024-12-04T16:40:51.133+0700][10,282s][info   ][gc,heap     ] GC(898) Survivor regions: 0->0(32)
[2024-12-04T16:40:51.133+0700][10,282s][info   ][gc,heap     ] GC(898) Old regions: 3->3
[2024-12-04T16:40:51.133+0700][10,282s][info   ][gc,heap     ] GC(898) Archive regions: 2->2
[2024-12-04T16:40:51.133+0700][10,282s][info   ][gc,heap     ] GC(898) Humongous regions: 1587->1587
[2024-12-04T16:40:51.133+0700][10,282s][info   ][gc,metaspace] GC(898) Metaspace: 5840K(6080K)->5840K(6080K) NonClass: 5175K(5312K)->5175K(5312K) Class: 664K(768K)->664K(768K)
[2024-12-04T16:40:51.133+0700][10,282s][info   ][gc          ] GC(898) Pause Young (Concurrent Start) (G1 Humongous Allocation) 1590M->1590M(2048M) 2,263ms
[2024-12-04T16:40:51.133+0700][10,282s][info   ][gc,cpu      ] GC(898) User=0,00s Sys=0,00s Real=0,01s
[2024-12-04T16:40:51.133+0700][10,282s][info   ][gc          ] GC(899) Concurrent Mark Cycle
[2024-12-04T16:40:51.133+0700][10,282s][info   ][gc,marking  ] GC(899) Concurrent Clear Claimed Marks
[2024-12-04T16:40:51.133+0700][10,282s][info   ][gc,marking  ] GC(899) Concurrent Clear Claimed Marks 0,023ms
[2024-12-04T16:40:51.133+0700][10,282s][info   ][gc,marking  ] GC(899) Concurrent Scan Root Regions
[2024-12-04T16:40:51.133+0700][10,282s][info   ][gc,marking  ] GC(899) Concurrent Scan Root Regions 0,005ms
[2024-12-04T16:40:51.133+0700][10,282s][info   ][gc,marking  ] GC(899) Concurrent Mark
[2024-12-04T16:40:51.133+0700][10,282s][info   ][gc,marking  ] GC(899) Concurrent Mark From Roots
[2024-12-04T16:40:51.133+0700][10,282s][info   ][gc,task     ] GC(899) Using 2 workers of 2 for marking
[2024-12-04T16:40:51.139+0700][10,288s][info   ][gc,marking  ] GC(899) Concurrent Mark From Roots 5,186ms
[2024-12-04T16:40:51.139+0700][10,288s][info   ][gc,marking  ] GC(899) Concurrent Preclean
[2024-12-04T16:40:51.139+0700][10,288s][info   ][gc,marking  ] GC(899) Concurrent Preclean 0,054ms
[2024-12-04T16:40:51.139+0700][10,288s][info   ][gc,start    ] GC(899) Pause Remark
[2024-12-04T16:40:51.140+0700][10,289s][info   ][gc          ] GC(899) Pause Remark 1591M->1591M(2048M) 1,239ms
[2024-12-04T16:40:51.140+0700][10,289s][info   ][gc,cpu      ] GC(899) User=0,01s Sys=0,00s Real=0,00s
[2024-12-04T16:40:51.140+0700][10,289s][info   ][gc,marking  ] GC(899) Concurrent Mark 6,731ms
[2024-12-04T16:40:51.140+0700][10,289s][info   ][gc,marking  ] GC(899) Concurrent Rebuild Remembered Sets
[2024-12-04T16:40:51.143+0700][10,291s][info   ][gc,marking  ] GC(899) Concurrent Rebuild Remembered Sets 2,401ms
[2024-12-04T16:40:51.143+0700][10,292s][info   ][gc,start    ] GC(899) Pause Cleanup
[2024-12-04T16:40:51.143+0700][10,292s][info   ][gc          ] GC(899) Pause Cleanup 1592M->1592M(2048M) 0,454ms
[2024-12-04T16:40:51.143+0700][10,292s][info   ][gc,cpu      ] GC(899) User=0,00s Sys=0,00s Real=0,01s
[2024-12-04T16:40:51.143+0700][10,292s][info   ][gc,marking  ] GC(899) Concurrent Cleanup for Next Mark
[2024-12-04T16:40:51.147+0700][10,296s][info   ][gc,marking  ] GC(899) Concurrent Cleanup for Next Mark 3,981ms
[2024-12-04T16:40:51.147+0700][10,296s][info   ][gc          ] GC(899) Concurrent Mark Cycle 13,960ms
[2024-12-04T16:40:51.152+0700][10,301s][info   ][gc,start    ] GC(900) Pause Young (Concurrent Start) (G1 Humongous Allocation)
[2024-12-04T16:40:51.152+0700][10,301s][info   ][gc,task     ] GC(900) Using 8 workers of 8 for evacuation
[2024-12-04T16:40:51.154+0700][10,303s][info   ][gc,phases   ] GC(900)   Pre Evacuate Collection Set: 0,4ms
[2024-12-04T16:40:51.154+0700][10,303s][info   ][gc,phases   ] GC(900)   Merge Heap Roots: 0,4ms
[2024-12-04T16:40:51.154+0700][10,303s][info   ][gc,phases   ] GC(900)   Evacuate Collection Set: 0,4ms
[2024-12-04T16:40:51.154+0700][10,303s][info   ][gc,phases   ] GC(900)   Post Evacuate Collection Set: 0,1ms
[2024-12-04T16:40:51.154+0700][10,303s][info   ][gc,phases   ] GC(900)   Other: 0,3ms
[2024-12-04T16:40:51.154+0700][10,303s][info   ][gc,heap     ] GC(900) Eden regions: 1->0(247)
[2024-12-04T16:40:51.154+0700][10,303s][info   ][gc,heap     ] GC(900) Survivor regions: 0->0(32)
[2024-12-04T16:40:51.154+0700][10,303s][info   ][gc,heap     ] GC(900) Old regions: 3->3
[2024-12-04T16:40:51.154+0700][10,303s][info   ][gc,heap     ] GC(900) Archive regions: 2->2
[2024-12-04T16:40:51.154+0700][10,303s][info   ][gc,heap     ] GC(900) Humongous regions: 1590->1590
[2024-12-04T16:40:51.154+0700][10,303s][info   ][gc,metaspace] GC(900) Metaspace: 5840K(6080K)->5840K(6080K) NonClass: 5175K(5312K)->5175K(5312K) Class: 664K(768K)->664K(768K)
[2024-12-04T16:40:51.154+0700][10,303s][info   ][gc          ] GC(900) Pause Young (Concurrent Start) (G1 Humongous Allocation) 1593M->1593M(2048M) 1,876ms
[2024-12-04T16:40:51.154+0700][10,303s][info   ][gc,cpu      ] GC(900) User=0,01s Sys=0,00s Real=0,01s
[2024-12-04T16:40:51.154+0700][10,303s][info   ][gc          ] GC(901) Concurrent Mark Cycle
[2024-12-04T16:40:51.154+0700][10,303s][info   ][gc,marking  ] GC(901) Concurrent Clear Claimed Marks
[2024-12-04T16:40:51.154+0700][10,303s][info   ][gc,marking  ] GC(901) Concurrent Clear Claimed Marks 0,028ms
[2024-12-04T16:40:51.154+0700][10,303s][info   ][gc,marking  ] GC(901) Concurrent Scan Root Regions
[2024-12-04T16:40:51.154+0700][10,303s][info   ][gc,marking  ] GC(901) Concurrent Scan Root Regions 0,007ms
[2024-12-04T16:40:51.154+0700][10,303s][info   ][gc,marking  ] GC(901) Concurrent Mark
[2024-12-04T16:40:51.154+0700][10,303s][info   ][gc,marking  ] GC(901) Concurrent Mark From Roots
[2024-12-04T16:40:51.154+0700][10,303s][info   ][gc,task     ] GC(901) Using 2 workers of 2 for marking
[2024-12-04T16:40:51.159+0700][10,308s][info   ][gc,marking  ] GC(901) Concurrent Mark From Roots 4,960ms
[2024-12-04T16:40:51.159+0700][10,308s][info   ][gc,marking  ] GC(901) Concurrent Preclean
[2024-12-04T16:40:51.159+0700][10,308s][info   ][gc,marking  ] GC(901) Concurrent Preclean 0,068ms
[2024-12-04T16:40:51.160+0700][10,308s][info   ][gc,start    ] GC(901) Pause Remark
[2024-12-04T16:40:51.160+0700][10,309s][info   ][gc          ] GC(901) Pause Remark 1594M->1594M(2048M) 0,912ms
[2024-12-04T16:40:51.160+0700][10,309s][info   ][gc,cpu      ] GC(901) User=0,01s Sys=0,00s Real=0,00s
[2024-12-04T16:40:51.160+0700][10,309s][info   ][gc,marking  ] GC(901) Concurrent Mark 6,113ms
[2024-12-04T16:40:51.160+0700][10,309s][info   ][gc,marking  ] GC(901) Concurrent Rebuild Remembered Sets
[2024-12-04T16:40:51.163+0700][10,312s][info   ][gc,marking  ] GC(901) Concurrent Rebuild Remembered Sets 2,146ms
[2024-12-04T16:40:51.163+0700][10,312s][info   ][gc,start    ] GC(901) Pause Cleanup
[2024-12-04T16:40:51.163+0700][10,312s][info   ][gc          ] GC(901) Pause Cleanup 1595M->1595M(2048M) 0,296ms
[2024-12-04T16:40:51.163+0700][10,312s][info   ][gc,cpu      ] GC(901) User=0,00s Sys=0,00s Real=0,00s
[2024-12-04T16:40:51.163+0700][10,312s][info   ][gc,marking  ] GC(901) Concurrent Cleanup for Next Mark
[2024-12-04T16:40:51.167+0700][10,316s][info   ][gc,marking  ] GC(901) Concurrent Cleanup for Next Mark 3,855ms
[2024-12-04T16:40:51.167+0700][10,316s][info   ][gc          ] GC(901) Concurrent Mark Cycle 12,718ms
[2024-12-04T16:40:51.172+0700][10,321s][info   ][gc,start    ] GC(902) Pause Young (Concurrent Start) (G1 Humongous Allocation)
[2024-12-04T16:40:51.172+0700][10,321s][info   ][gc,task     ] GC(902) Using 8 workers of 8 for evacuation
[2024-12-04T16:40:51.174+0700][10,323s][info   ][gc,phases   ] GC(902)   Pre Evacuate Collection Set: 0,7ms
[2024-12-04T16:40:51.174+0700][10,323s][info   ][gc,phases   ] GC(902)   Merge Heap Roots: 0,3ms
[2024-12-04T16:40:51.174+0700][10,323s][info   ][gc,phases   ] GC(902)   Evacuate Collection Set: 0,3ms
[2024-12-04T16:40:51.174+0700][10,323s][info   ][gc,phases   ] GC(902)   Post Evacuate Collection Set: 0,1ms
[2024-12-04T16:40:51.174+0700][10,323s][info   ][gc,phases   ] GC(902)   Other: 0,4ms
[2024-12-04T16:40:51.174+0700][10,323s][info   ][gc,heap     ] GC(902) Eden regions: 1->0(244)
[2024-12-04T16:40:51.174+0700][10,323s][info   ][gc,heap     ] GC(902) Survivor regions: 0->0(31)
[2024-12-04T16:40:51.174+0700][10,323s][info   ][gc,heap     ] GC(902) Old regions: 3->3
[2024-12-04T16:40:51.174+0700][10,323s][info   ][gc,heap     ] GC(902) Archive regions: 2->2
[2024-12-04T16:40:51.174+0700][10,323s][info   ][gc,heap     ] GC(902) Humongous regions: 1593->1593
[2024-12-04T16:40:51.174+0700][10,323s][info   ][gc,metaspace] GC(902) Metaspace: 5840K(6080K)->5840K(6080K) NonClass: 5175K(5312K)->5175K(5312K) Class: 664K(768K)->664K(768K)
[2024-12-04T16:40:51.174+0700][10,323s][info   ][gc          ] GC(902) Pause Young (Concurrent Start) (G1 Humongous Allocation) 1596M->1596M(2048M) 2,020ms
[2024-12-04T16:40:51.174+0700][10,323s][info   ][gc,cpu      ] GC(902) User=0,01s Sys=0,00s Real=0,01s
[2024-12-04T16:40:51.174+0700][10,323s][info   ][gc          ] GC(903) Concurrent Mark Cycle
[2024-12-04T16:40:51.174+0700][10,323s][info   ][gc,marking  ] GC(903) Concurrent Clear Claimed Marks
[2024-12-04T16:40:51.174+0700][10,323s][info   ][gc,marking  ] GC(903) Concurrent Clear Claimed Marks 0,023ms
[2024-12-04T16:40:51.174+0700][10,323s][info   ][gc,marking  ] GC(903) Concurrent Scan Root Regions
[2024-12-04T16:40:51.174+0700][10,323s][info   ][gc,marking  ] GC(903) Concurrent Scan Root Regions 0,006ms
[2024-12-04T16:40:51.174+0700][10,323s][info   ][gc,marking  ] GC(903) Concurrent Mark
[2024-12-04T16:40:51.174+0700][10,323s][info   ][gc,marking  ] GC(903) Concurrent Mark From Roots
[2024-12-04T16:40:51.174+0700][10,323s][info   ][gc,task     ] GC(903) Using 2 workers of 2 for marking
[2024-12-04T16:40:51.180+0700][10,329s][info   ][gc,marking  ] GC(903) Concurrent Mark From Roots 5,732ms
[2024-12-04T16:40:51.180+0700][10,329s][info   ][gc,marking  ] GC(903) Concurrent Preclean
[2024-12-04T16:40:51.180+0700][10,329s][info   ][gc,marking  ] GC(903) Concurrent Preclean 0,081ms
[2024-12-04T16:40:51.181+0700][10,329s][info   ][gc,start    ] GC(903) Pause Remark
[2024-12-04T16:40:51.182+0700][10,331s][info   ][gc          ] GC(903) Pause Remark 1598M->1598M(2048M) 1,542ms
[2024-12-04T16:40:51.182+0700][10,331s][info   ][gc,cpu      ] GC(903) User=0,00s Sys=0,00s Real=0,00s
[2024-12-04T16:40:51.182+0700][10,331s][info   ][gc,marking  ] GC(903) Concurrent Mark 7,792ms
[2024-12-04T16:40:51.182+0700][10,331s][info   ][gc,marking  ] GC(903) Concurrent Rebuild Remembered Sets
[2024-12-04T16:40:51.184+0700][10,333s][info   ][gc,marking  ] GC(903) Concurrent Rebuild Remembered Sets 1,883ms
[2024-12-04T16:40:51.184+0700][10,333s][info   ][gc,start    ] GC(903) Pause Cleanup
[2024-12-04T16:40:51.185+0700][10,334s][info   ][gc          ] GC(903) Pause Cleanup 1598M->1598M(2048M) 0,529ms
[2024-12-04T16:40:51.185+0700][10,334s][info   ][gc,cpu      ] GC(903) User=0,01s Sys=0,00s Real=0,00s
[2024-12-04T16:40:51.185+0700][10,334s][info   ][gc,marking  ] GC(903) Concurrent Cleanup for Next Mark
[2024-12-04T16:40:51.189+0700][10,338s][info   ][gc,marking  ] GC(903) Concurrent Cleanup for Next Mark 4,392ms
[2024-12-04T16:40:51.189+0700][10,338s][info   ][gc          ] GC(903) Concurrent Mark Cycle 14,941ms
[2024-12-04T16:40:51.194+0700][10,343s][info   ][gc,start    ] GC(904) Pause Young (Concurrent Start) (G1 Humongous Allocation)
[2024-12-04T16:40:51.194+0700][10,343s][info   ][gc,task     ] GC(904) Using 8 workers of 8 for evacuation
[2024-12-04T16:40:51.195+0700][10,344s][info   ][gc,phases   ] GC(904)   Pre Evacuate Collection Set: 0,3ms
[2024-12-04T16:40:51.195+0700][10,344s][info   ][gc,phases   ] GC(904)   Merge Heap Roots: 0,5ms
[2024-12-04T16:40:51.195+0700][10,344s][info   ][gc,phases   ] GC(904)   Evacuate Collection Set: 0,6ms
[2024-12-04T16:40:51.195+0700][10,344s][info   ][gc,phases   ] GC(904)   Post Evacuate Collection Set: 0,1ms
[2024-12-04T16:40:51.195+0700][10,344s][info   ][gc,phases   ] GC(904)   Other: 0,2ms
[2024-12-04T16:40:51.195+0700][10,344s][info   ][gc,heap     ] GC(904) Eden regions: 1->0(241)
[2024-12-04T16:40:51.195+0700][10,344s][info   ][gc,heap     ] GC(904) Survivor regions: 0->0(31)
[2024-12-04T16:40:51.195+0700][10,344s][info   ][gc,heap     ] GC(904) Old regions: 3->3
[2024-12-04T16:40:51.195+0700][10,344s][info   ][gc,heap     ] GC(904) Archive regions: 2->2
[2024-12-04T16:40:51.195+0700][10,344s][info   ][gc,heap     ] GC(904) Humongous regions: 1596->1596
[2024-12-04T16:40:51.195+0700][10,344s][info   ][gc,metaspace] GC(904) Metaspace: 5840K(6080K)->5840K(6080K) NonClass: 5175K(5312K)->5175K(5312K) Class: 664K(768K)->664K(768K)
[2024-12-04T16:40:51.195+0700][10,344s][info   ][gc          ] GC(904) Pause Young (Concurrent Start) (G1 Humongous Allocation) 1599M->1599M(2048M) 1,750ms
[2024-12-04T16:40:51.195+0700][10,344s][info   ][gc,cpu      ] GC(904) User=0,00s Sys=0,00s Real=0,00s
[2024-12-04T16:40:51.195+0700][10,344s][info   ][gc          ] GC(905) Concurrent Mark Cycle
[2024-12-04T16:40:51.195+0700][10,344s][info   ][gc,marking  ] GC(905) Concurrent Clear Claimed Marks
[2024-12-04T16:40:51.195+0700][10,344s][info   ][gc,marking  ] GC(905) Concurrent Clear Claimed Marks 0,017ms
[2024-12-04T16:40:51.196+0700][10,344s][info   ][gc,marking  ] GC(905) Concurrent Scan Root Regions
[2024-12-04T16:40:51.196+0700][10,344s][info   ][gc,marking  ] GC(905) Concurrent Scan Root Regions 0,008ms
[2024-12-04T16:40:51.196+0700][10,344s][info   ][gc,marking  ] GC(905) Concurrent Mark
[2024-12-04T16:40:51.196+0700][10,344s][info   ][gc,marking  ] GC(905) Concurrent Mark From Roots
[2024-12-04T16:40:51.196+0700][10,344s][info   ][gc,task     ] GC(905) Using 2 workers of 2 for marking
[2024-12-04T16:40:51.200+0700][10,349s][info   ][gc,marking  ] GC(905) Concurrent Mark From Roots 4,126ms
[2024-12-04T16:40:51.200+0700][10,349s][info   ][gc,marking  ] GC(905) Concurrent Preclean
[2024-12-04T16:40:51.200+0700][10,349s][info   ][gc,marking  ] GC(905) Concurrent Preclean 0,055ms
[2024-12-04T16:40:51.200+0700][10,349s][info   ][gc,start    ] GC(905) Pause Remark
[2024-12-04T16:40:51.201+0700][10,350s][info   ][gc          ] GC(905) Pause Remark 1600M->1600M(2048M) 0,946ms
[2024-12-04T16:40:51.201+0700][10,350s][info   ][gc,cpu      ] GC(905) User=0,00s Sys=0,00s Real=0,00s
[2024-12-04T16:40:51.201+0700][10,350s][info   ][gc,marking  ] GC(905) Concurrent Mark 5,328ms
[2024-12-04T16:40:51.201+0700][10,350s][info   ][gc,marking  ] GC(905) Concurrent Rebuild Remembered Sets
[2024-12-04T16:40:51.204+0700][10,352s][info   ][gc,marking  ] GC(905) Concurrent Rebuild Remembered Sets 2,605ms
[2024-12-04T16:40:51.204+0700][10,353s][info   ][gc,start    ] GC(905) Pause Cleanup
[2024-12-04T16:40:51.204+0700][10,353s][info   ][gc          ] GC(905) Pause Cleanup 1601M->1601M(2048M) 0,310ms
[2024-12-04T16:40:51.204+0700][10,353s][info   ][gc,cpu      ] GC(905) User=0,00s Sys=0,00s Real=0,00s
[2024-12-04T16:40:51.204+0700][10,353s][info   ][gc,marking  ] GC(905) Concurrent Cleanup for Next Mark
[2024-12-04T16:40:51.208+0700][10,357s][info   ][gc,marking  ] GC(905) Concurrent Cleanup for Next Mark 3,817ms
[2024-12-04T16:40:51.208+0700][10,357s][info   ][gc          ] GC(905) Concurrent Mark Cycle 12,498ms
[2024-12-04T16:40:51.213+0700][10,362s][info   ][gc,start    ] GC(906) Pause Young (Concurrent Start) (G1 Humongous Allocation)
[2024-12-04T16:40:51.213+0700][10,362s][info   ][gc,task     ] GC(906) Using 8 workers of 8 for evacuation
[2024-12-04T16:40:51.215+0700][10,364s][info   ][gc,phases   ] GC(906)   Pre Evacuate Collection Set: 0,2ms
[2024-12-04T16:40:51.215+0700][10,364s][info   ][gc,phases   ] GC(906)   Merge Heap Roots: 0,4ms
[2024-12-04T16:40:51.215+0700][10,364s][info   ][gc,phases   ] GC(906)   Evacuate Collection Set: 0,7ms
[2024-12-04T16:40:51.215+0700][10,364s][info   ][gc,phases   ] GC(906)   Post Evacuate Collection Set: 0,2ms
[2024-12-04T16:40:51.215+0700][10,364s][info   ][gc,phases   ] GC(906)   Other: 0,3ms
[2024-12-04T16:40:51.215+0700][10,364s][info   ][gc,heap     ] GC(906) Eden regions: 1->0(238)
[2024-12-04T16:40:51.215+0700][10,364s][info   ][gc,heap     ] GC(906) Survivor regions: 0->0(31)
[2024-12-04T16:40:51.215+0700][10,364s][info   ][gc,heap     ] GC(906) Old regions: 3->3
[2024-12-04T16:40:51.215+0700][10,364s][info   ][gc,heap     ] GC(906) Archive regions: 2->2
[2024-12-04T16:40:51.215+0700][10,364s][info   ][gc,heap     ] GC(906) Humongous regions: 1599->1599
[2024-12-04T16:40:51.215+0700][10,364s][info   ][gc,metaspace] GC(906) Metaspace: 5840K(6080K)->5840K(6080K) NonClass: 5175K(5312K)->5175K(5312K) Class: 664K(768K)->664K(768K)
[2024-12-04T16:40:51.215+0700][10,364s][info   ][gc          ] GC(906) Pause Young (Concurrent Start) (G1 Humongous Allocation) 1602M->1602M(2048M) 1,920ms
[2024-12-04T16:40:51.215+0700][10,364s][info   ][gc,cpu      ] GC(906) User=0,00s Sys=0,00s Real=0,00s
[2024-12-04T16:40:51.215+0700][10,364s][info   ][gc          ] GC(907) Concurrent Mark Cycle
[2024-12-04T16:40:51.215+0700][10,364s][info   ][gc,marking  ] GC(907) Concurrent Clear Claimed Marks
[2024-12-04T16:40:51.215+0700][10,364s][info   ][gc,marking  ] GC(907) Concurrent Clear Claimed Marks 0,024ms
[2024-12-04T16:40:51.215+0700][10,364s][info   ][gc,marking  ] GC(907) Concurrent Scan Root Regions
[2024-12-04T16:40:51.215+0700][10,364s][info   ][gc,marking  ] GC(907) Concurrent Scan Root Regions 0,006ms
[2024-12-04T16:40:51.215+0700][10,364s][info   ][gc,marking  ] GC(907) Concurrent Mark
[2024-12-04T16:40:51.215+0700][10,364s][info   ][gc,marking  ] GC(907) Concurrent Mark From Roots
[2024-12-04T16:40:51.215+0700][10,364s][info   ][gc,task     ] GC(907) Using 2 workers of 2 for marking
[2024-12-04T16:40:51.225+0700][10,374s][info   ][gc,marking  ] GC(907) Concurrent Mark From Roots 9,880ms
[2024-12-04T16:40:51.225+0700][10,374s][info   ][gc,marking  ] GC(907) Concurrent Preclean
[2024-12-04T16:40:51.225+0700][10,374s][info   ][gc,marking  ] GC(907) Concurrent Preclean 0,068ms
[2024-12-04T16:40:51.225+0700][10,374s][info   ][gc,start    ] GC(907) Pause Remark
[2024-12-04T16:40:51.226+0700][10,375s][info   ][gc          ] GC(907) Pause Remark 1604M->1604M(2048M) 1,071ms
[2024-12-04T16:40:51.226+0700][10,375s][info   ][gc,cpu      ] GC(907) User=0,00s Sys=0,00s Real=0,00s
[2024-12-04T16:40:51.226+0700][10,375s][info   ][gc,marking  ] GC(907) Concurrent Mark 11,196ms
[2024-12-04T16:40:51.226+0700][10,375s][info   ][gc,marking  ] GC(907) Concurrent Rebuild Remembered Sets
[2024-12-04T16:40:51.228+0700][10,377s][info   ][gc,marking  ] GC(907) Concurrent Rebuild Remembered Sets 1,680ms
[2024-12-04T16:40:51.228+0700][10,377s][info   ][gc,start    ] GC(907) Pause Cleanup
[2024-12-04T16:40:51.228+0700][10,377s][info   ][gc          ] GC(907) Pause Cleanup 1605M->1605M(2048M) 0,233ms
[2024-12-04T16:40:51.228+0700][10,377s][info   ][gc,cpu      ] GC(907) User=0,00s Sys=0,00s Real=0,00s
[2024-12-04T16:40:51.228+0700][10,377s][info   ][gc,marking  ] GC(907) Concurrent Cleanup for Next Mark
[2024-12-04T16:40:51.232+0700][10,381s][info   ][gc,marking  ] GC(907) Concurrent Cleanup for Next Mark 3,242ms
[2024-12-04T16:40:51.232+0700][10,381s][info   ][gc          ] GC(907) Concurrent Mark Cycle 16,572ms
[2024-12-04T16:40:51.232+0700][10,381s][info   ][gc,start    ] GC(908) Pause Young (Concurrent Start) (G1 Humongous Allocation)
[2024-12-04T16:40:51.232+0700][10,381s][info   ][gc,task     ] GC(908) Using 8 workers of 8 for evacuation
[2024-12-04T16:40:51.234+0700][10,382s][info   ][gc,phases   ] GC(908)   Pre Evacuate Collection Set: 0,3ms
[2024-12-04T16:40:51.234+0700][10,382s][info   ][gc,phases   ] GC(908)   Merge Heap Roots: 0,3ms
[2024-12-04T16:40:51.234+0700][10,382s][info   ][gc,phases   ] GC(908)   Evacuate Collection Set: 0,6ms
[2024-12-04T16:40:51.234+0700][10,382s][info   ][gc,phases   ] GC(908)   Post Evacuate Collection Set: 0,2ms
[2024-12-04T16:40:51.234+0700][10,382s][info   ][gc,phases   ] GC(908)   Other: 0,2ms
[2024-12-04T16:40:51.234+0700][10,382s][info   ][gc,heap     ] GC(908) Eden regions: 1->0(235)
[2024-12-04T16:40:51.234+0700][10,382s][info   ][gc,heap     ] GC(908) Survivor regions: 0->0(30)
[2024-12-04T16:40:51.234+0700][10,382s][info   ][gc,heap     ] GC(908) Old regions: 3->3
[2024-12-04T16:40:51.234+0700][10,382s][info   ][gc,heap     ] GC(908) Archive regions: 2->2
[2024-12-04T16:40:51.234+0700][10,383s][info   ][gc,heap     ] GC(908) Humongous regions: 1602->1602
[2024-12-04T16:40:51.234+0700][10,383s][info   ][gc,metaspace] GC(908) Metaspace: 5840K(6080K)->5840K(6080K) NonClass: 5175K(5312K)->5175K(5312K) Class: 664K(768K)->664K(768K)
[2024-12-04T16:40:51.234+0700][10,383s][info   ][gc          ] GC(908) Pause Young (Concurrent Start) (G1 Humongous Allocation) 1605M->1605M(2048M) 1,715ms
[2024-12-04T16:40:51.234+0700][10,383s][info   ][gc,cpu      ] GC(908) User=0,00s Sys=0,00s Real=0,01s
[2024-12-04T16:40:51.234+0700][10,383s][info   ][gc          ] GC(909) Concurrent Mark Cycle
[2024-12-04T16:40:51.234+0700][10,383s][info   ][gc,marking  ] GC(909) Concurrent Clear Claimed Marks
[2024-12-04T16:40:51.234+0700][10,383s][info   ][gc,marking  ] GC(909) Concurrent Clear Claimed Marks 0,014ms
[2024-12-04T16:40:51.234+0700][10,383s][info   ][gc,marking  ] GC(909) Concurrent Scan Root Regions
[2024-12-04T16:40:51.234+0700][10,383s][info   ][gc,marking  ] GC(909) Concurrent Scan Root Regions 0,006ms
[2024-12-04T16:40:51.234+0700][10,383s][info   ][gc,marking  ] GC(909) Concurrent Mark
[2024-12-04T16:40:51.234+0700][10,383s][info   ][gc,marking  ] GC(909) Concurrent Mark From Roots
[2024-12-04T16:40:51.234+0700][10,383s][info   ][gc,task     ] GC(909) Using 2 workers of 2 for marking
[2024-12-04T16:40:51.238+0700][10,387s][info   ][gc,marking  ] GC(909) Concurrent Mark From Roots 3,923ms
[2024-12-04T16:40:51.238+0700][10,387s][info   ][gc,marking  ] GC(909) Concurrent Preclean
[2024-12-04T16:40:51.238+0700][10,387s][info   ][gc,marking  ] GC(909) Concurrent Preclean 0,049ms
[2024-12-04T16:40:51.238+0700][10,387s][info   ][gc,start    ] GC(909) Pause Remark
[2024-12-04T16:40:51.239+0700][10,387s][info   ][gc          ] GC(909) Pause Remark 1606M->1606M(2048M) 0,736ms
[2024-12-04T16:40:51.239+0700][10,387s][info   ][gc,cpu      ] GC(909) User=0,01s Sys=0,00s Real=0,00s
[2024-12-04T16:40:51.239+0700][10,387s][info   ][gc,marking  ] GC(909) Concurrent Mark 4,832ms
[2024-12-04T16:40:51.239+0700][10,387s][info   ][gc,marking  ] GC(909) Concurrent Rebuild Remembered Sets
[2024-12-04T16:40:51.240+0700][10,389s][info   ][gc,marking  ] GC(909) Concurrent Rebuild Remembered Sets 1,735ms
[2024-12-04T16:40:51.240+0700][10,389s][info   ][gc,start    ] GC(909) Pause Cleanup
[2024-12-04T16:40:51.241+0700][10,390s][info   ][gc          ] GC(909) Pause Cleanup 1607M->1607M(2048M) 0,234ms
[2024-12-04T16:40:51.241+0700][10,390s][info   ][gc,cpu      ] GC(909) User=0,00s Sys=0,00s Real=0,00s
[2024-12-04T16:40:51.241+0700][10,390s][info   ][gc,marking  ] GC(909) Concurrent Cleanup for Next Mark
[2024-12-04T16:40:51.244+0700][10,393s][info   ][gc,marking  ] GC(909) Concurrent Cleanup for Next Mark 3,140ms
[2024-12-04T16:40:51.244+0700][10,393s][info   ][gc          ] GC(909) Concurrent Mark Cycle 10,189ms
[2024-12-04T16:40:51.245+0700][10,394s][info   ][gc,start    ] GC(910) Pause Young (Concurrent Start) (G1 Humongous Allocation)
[2024-12-04T16:40:51.245+0700][10,394s][info   ][gc,task     ] GC(910) Using 8 workers of 8 for evacuation
[2024-12-04T16:40:51.246+0700][10,395s][info   ][gc,phases   ] GC(910)   Pre Evacuate Collection Set: 0,3ms
[2024-12-04T16:40:51.246+0700][10,395s][info   ][gc,phases   ] GC(910)   Merge Heap Roots: 0,3ms
[2024-12-04T16:40:51.246+0700][10,395s][info   ][gc,phases   ] GC(910)   Evacuate Collection Set: 0,3ms
[2024-12-04T16:40:51.246+0700][10,395s][info   ][gc,phases   ] GC(910)   Post Evacuate Collection Set: 0,1ms
[2024-12-04T16:40:51.246+0700][10,395s][info   ][gc,phases   ] GC(910)   Other: 0,2ms
[2024-12-04T16:40:51.246+0700][10,395s][info   ][gc,heap     ] GC(910) Eden regions: 1->0(233)
[2024-12-04T16:40:51.246+0700][10,395s][info   ][gc,heap     ] GC(910) Survivor regions: 0->0(30)
[2024-12-04T16:40:51.246+0700][10,395s][info   ][gc,heap     ] GC(910) Old regions: 3->3
[2024-12-04T16:40:51.246+0700][10,395s][info   ][gc,heap     ] GC(910) Archive regions: 2->2
[2024-12-04T16:40:51.246+0700][10,395s][info   ][gc,heap     ] GC(910) Humongous regions: 1604->1604
[2024-12-04T16:40:51.246+0700][10,395s][info   ][gc,metaspace] GC(910) Metaspace: 5840K(6080K)->5840K(6080K) NonClass: 5175K(5312K)->5175K(5312K) Class: 664K(768K)->664K(768K)
[2024-12-04T16:40:51.247+0700][10,395s][info   ][gc          ] GC(910) Pause Young (Concurrent Start) (G1 Humongous Allocation) 1607M->1607M(2048M) 1,433ms
[2024-12-04T16:40:51.247+0700][10,395s][info   ][gc,cpu      ] GC(910) User=0,00s Sys=0,00s Real=0,00s
[2024-12-04T16:40:51.247+0700][10,395s][info   ][gc          ] GC(911) Concurrent Mark Cycle
[2024-12-04T16:40:51.247+0700][10,395s][info   ][gc,marking  ] GC(911) Concurrent Clear Claimed Marks
[2024-12-04T16:40:51.247+0700][10,395s][info   ][gc,marking  ] GC(911) Concurrent Clear Claimed Marks 0,010ms
[2024-12-04T16:40:51.247+0700][10,395s][info   ][gc,marking  ] GC(911) Concurrent Scan Root Regions
[2024-12-04T16:40:51.247+0700][10,395s][info   ][gc,marking  ] GC(911) Concurrent Scan Root Regions 0,003ms
[2024-12-04T16:40:51.247+0700][10,395s][info   ][gc,marking  ] GC(911) Concurrent Mark
[2024-12-04T16:40:51.247+0700][10,395s][info   ][gc,marking  ] GC(911) Concurrent Mark From Roots
[2024-12-04T16:40:51.247+0700][10,395s][info   ][gc,task     ] GC(911) Using 2 workers of 2 for marking
[2024-12-04T16:40:51.251+0700][10,399s][info   ][gc,marking  ] GC(911) Concurrent Mark From Roots 3,909ms
[2024-12-04T16:40:51.251+0700][10,399s][info   ][gc,marking  ] GC(911) Concurrent Preclean
[2024-12-04T16:40:51.251+0700][10,400s][info   ][gc,marking  ] GC(911) Concurrent Preclean 0,106ms
[2024-12-04T16:40:51.251+0700][10,400s][info   ][gc,start    ] GC(911) Pause Remark
[2024-12-04T16:40:51.252+0700][10,401s][info   ][gc          ] GC(911) Pause Remark 1608M->1608M(2048M) 0,875ms
[2024-12-04T16:40:51.252+0700][10,401s][info   ][gc,cpu      ] GC(911) User=0,00s Sys=0,00s Real=0,00s
[2024-12-04T16:40:51.252+0700][10,401s][info   ][gc,marking  ] GC(911) Concurrent Mark 5,111ms
[2024-12-04T16:40:51.252+0700][10,401s][info   ][gc,marking  ] GC(911) Concurrent Rebuild Remembered Sets
[2024-12-04T16:40:51.253+0700][10,402s][info   ][gc,marking  ] GC(911) Concurrent Rebuild Remembered Sets 1,751ms
[2024-12-04T16:40:51.254+0700][10,402s][info   ][gc,start    ] GC(911) Pause Cleanup
[2024-12-04T16:40:51.254+0700][10,403s][info   ][gc          ] GC(911) Pause Cleanup 1609M->1609M(2048M) 0,292ms
[2024-12-04T16:40:51.254+0700][10,403s][info   ][gc,cpu      ] GC(911) User=0,00s Sys=0,00s Real=0,00s
[2024-12-04T16:40:51.254+0700][10,403s][info   ][gc,marking  ] GC(911) Concurrent Cleanup for Next Mark
[2024-12-04T16:40:51.257+0700][10,406s][info   ][gc,marking  ] GC(911) Concurrent Cleanup for Next Mark 3,141ms
[2024-12-04T16:40:51.257+0700][10,406s][info   ][gc          ] GC(911) Concurrent Mark Cycle 10,497ms
[2024-12-04T16:40:51.258+0700][10,407s][info   ][gc,start    ] GC(912) Pause Young (Concurrent Start) (G1 Humongous Allocation)
[2024-12-04T16:40:51.258+0700][10,407s][info   ][gc,task     ] GC(912) Using 8 workers of 8 for evacuation
[2024-12-04T16:40:51.260+0700][10,408s][info   ][gc,phases   ] GC(912)   Pre Evacuate Collection Set: 0,5ms
[2024-12-04T16:40:51.260+0700][10,408s][info   ][gc,phases   ] GC(912)   Merge Heap Roots: 0,4ms
[2024-12-04T16:40:51.260+0700][10,408s][info   ][gc,phases   ] GC(912)   Evacuate Collection Set: 0,5ms
[2024-12-04T16:40:51.260+0700][10,408s][info   ][gc,phases   ] GC(912)   Post Evacuate Collection Set: 0,2ms
[2024-12-04T16:40:51.260+0700][10,408s][info   ][gc,phases   ] GC(912)   Other: 0,2ms
[2024-12-04T16:40:51.260+0700][10,408s][info   ][gc,heap     ] GC(912) Eden regions: 1->0(231)
[2024-12-04T16:40:51.260+0700][10,409s][info   ][gc,heap     ] GC(912) Survivor regions: 0->0(30)
[2024-12-04T16:40:51.260+0700][10,409s][info   ][gc,heap     ] GC(912) Old regions: 3->3
[2024-12-04T16:40:51.260+0700][10,409s][info   ][gc,heap     ] GC(912) Archive regions: 2->2
[2024-12-04T16:40:51.260+0700][10,409s][info   ][gc,heap     ] GC(912) Humongous regions: 1606->1606
[2024-12-04T16:40:51.260+0700][10,409s][info   ][gc,metaspace] GC(912) Metaspace: 5840K(6080K)->5840K(6080K) NonClass: 5175K(5312K)->5175K(5312K) Class: 664K(768K)->664K(768K)
[2024-12-04T16:40:51.260+0700][10,409s][info   ][gc          ] GC(912) Pause Young (Concurrent Start) (G1 Humongous Allocation) 1609M->1609M(2048M) 1,898ms
[2024-12-04T16:40:51.260+0700][10,409s][info   ][gc,cpu      ] GC(912) User=0,01s Sys=0,00s Real=0,00s
[2024-12-04T16:40:51.260+0700][10,409s][info   ][gc          ] GC(913) Concurrent Mark Cycle
[2024-12-04T16:40:51.260+0700][10,409s][info   ][gc,marking  ] GC(913) Concurrent Clear Claimed Marks
[2024-12-04T16:40:51.260+0700][10,409s][info   ][gc,marking  ] GC(913) Concurrent Clear Claimed Marks 0,013ms
[2024-12-04T16:40:51.260+0700][10,409s][info   ][gc,marking  ] GC(913) Concurrent Scan Root Regions
[2024-12-04T16:40:51.260+0700][10,409s][info   ][gc,marking  ] GC(913) Concurrent Scan Root Regions 0,005ms
[2024-12-04T16:40:51.260+0700][10,409s][info   ][gc,marking  ] GC(913) Concurrent Mark
[2024-12-04T16:40:51.260+0700][10,409s][info   ][gc,marking  ] GC(913) Concurrent Mark From Roots
[2024-12-04T16:40:51.260+0700][10,409s][info   ][gc,task     ] GC(913) Using 2 workers of 2 for marking
[2024-12-04T16:40:51.264+0700][10,413s][info   ][gc,marking  ] GC(913) Concurrent Mark From Roots 4,723ms
[2024-12-04T16:40:51.265+0700][10,413s][info   ][gc,marking  ] GC(913) Concurrent Preclean
[2024-12-04T16:40:51.265+0700][10,413s][info   ][gc,marking  ] GC(913) Concurrent Preclean 0,068ms
[2024-12-04T16:40:51.265+0700][10,414s][info   ][gc,start    ] GC(913) Pause Remark
[2024-12-04T16:40:51.266+0700][10,415s][info   ][gc          ] GC(913) Pause Remark 1610M->1610M(2048M) 1,069ms
[2024-12-04T16:40:51.266+0700][10,415s][info   ][gc,cpu      ] GC(913) User=0,00s Sys=0,00s Real=0,00s
[2024-12-04T16:40:51.266+0700][10,415s][info   ][gc,marking  ] GC(913) Concurrent Mark 6,066ms
[2024-12-04T16:40:51.266+0700][10,415s][info   ][gc,marking  ] GC(913) Concurrent Rebuild Remembered Sets
[2024-12-04T16:40:51.268+0700][10,417s][info   ][gc,marking  ] GC(913) Concurrent Rebuild Remembered Sets 2,333ms
[2024-12-04T16:40:51.268+0700][10,417s][info   ][gc,start    ] GC(913) Pause Cleanup
[2024-12-04T16:40:51.269+0700][10,417s][info   ][gc          ] GC(913) Pause Cleanup 1611M->1611M(2048M) 0,291ms
[2024-12-04T16:40:51.269+0700][10,418s][info   ][gc,cpu      ] GC(913) User=0,00s Sys=0,00s Real=0,00s
[2024-12-04T16:40:51.269+0700][10,418s][info   ][gc,marking  ] GC(913) Concurrent Cleanup for Next Mark
[2024-12-04T16:40:51.272+0700][10,421s][info   ][gc,marking  ] GC(913) Concurrent Cleanup for Next Mark 3,182ms
[2024-12-04T16:40:51.272+0700][10,421s][info   ][gc          ] GC(913) Concurrent Mark Cycle 12,304ms
[2024-12-04T16:40:51.277+0700][10,426s][info   ][gc,start    ] GC(914) Pause Young (Concurrent Start) (G1 Humongous Allocation)
[2024-12-04T16:40:51.277+0700][10,426s][info   ][gc,task     ] GC(914) Using 8 workers of 8 for evacuation
[2024-12-04T16:40:51.279+0700][10,427s][info   ][gc,phases   ] GC(914)   Pre Evacuate Collection Set: 0,2ms
[2024-12-04T16:40:51.279+0700][10,428s][info   ][gc,phases   ] GC(914)   Merge Heap Roots: 0,4ms
[2024-12-04T16:40:51.279+0700][10,428s][info   ][gc,phases   ] GC(914)   Evacuate Collection Set: 0,4ms
[2024-12-04T16:40:51.279+0700][10,428s][info   ][gc,phases   ] GC(914)   Post Evacuate Collection Set: 0,1ms
[2024-12-04T16:40:51.279+0700][10,428s][info   ][gc,phases   ] GC(914)   Other: 0,2ms
[2024-12-04T16:40:51.279+0700][10,428s][info   ][gc,heap     ] GC(914) Eden regions: 1->0(228)
[2024-12-04T16:40:51.279+0700][10,428s][info   ][gc,heap     ] GC(914) Survivor regions: 0->0(29)
[2024-12-04T16:40:51.279+0700][10,428s][info   ][gc,heap     ] GC(914) Old regions: 3->3
[2024-12-04T16:40:51.279+0700][10,428s][info   ][gc,heap     ] GC(914) Archive regions: 2->2
[2024-12-04T16:40:51.279+0700][10,428s][info   ][gc,heap     ] GC(914) Humongous regions: 1609->1609
[2024-12-04T16:40:51.279+0700][10,428s][info   ][gc,metaspace] GC(914) Metaspace: 5840K(6080K)->5840K(6080K) NonClass: 5175K(5312K)->5175K(5312K) Class: 664K(768K)->664K(768K)
[2024-12-04T16:40:51.279+0700][10,428s][info   ][gc          ] GC(914) Pause Young (Concurrent Start) (G1 Humongous Allocation) 1612M->1612M(2048M) 1,468ms
[2024-12-04T16:40:51.279+0700][10,428s][info   ][gc,cpu      ] GC(914) User=0,01s Sys=0,00s Real=0,00s
[2024-12-04T16:40:51.279+0700][10,428s][info   ][gc          ] GC(915) Concurrent Mark Cycle
[2024-12-04T16:40:51.279+0700][10,428s][info   ][gc,marking  ] GC(915) Concurrent Clear Claimed Marks
[2024-12-04T16:40:51.279+0700][10,428s][info   ][gc,marking  ] GC(915) Concurrent Clear Claimed Marks 0,014ms
[2024-12-04T16:40:51.279+0700][10,428s][info   ][gc,marking  ] GC(915) Concurrent Scan Root Regions
[2024-12-04T16:40:51.279+0700][10,428s][info   ][gc,marking  ] GC(915) Concurrent Scan Root Regions 0,009ms
[2024-12-04T16:40:51.279+0700][10,428s][info   ][gc,marking  ] GC(915) Concurrent Mark
[2024-12-04T16:40:51.279+0700][10,428s][info   ][gc,marking  ] GC(915) Concurrent Mark From Roots
[2024-12-04T16:40:51.279+0700][10,428s][info   ][gc,task     ] GC(915) Using 2 workers of 2 for marking
[2024-12-04T16:40:51.282+0700][10,431s][info   ][gc,marking  ] GC(915) Concurrent Mark From Roots 3,639ms
[2024-12-04T16:40:51.282+0700][10,431s][info   ][gc,marking  ] GC(915) Concurrent Preclean
[2024-12-04T16:40:51.283+0700][10,431s][info   ][gc,marking  ] GC(915) Concurrent Preclean 0,050ms
[2024-12-04T16:40:51.283+0700][10,431s][info   ][gc,start    ] GC(915) Pause Remark
[2024-12-04T16:40:51.283+0700][10,432s][info   ][gc          ] GC(915) Pause Remark 1613M->1613M(2048M) 0,738ms
[2024-12-04T16:40:51.283+0700][10,432s][info   ][gc,cpu      ] GC(915) User=0,01s Sys=0,00s Real=0,01s
[2024-12-04T16:40:51.283+0700][10,432s][info   ][gc,marking  ] GC(915) Concurrent Mark 4,593ms
[2024-12-04T16:40:51.283+0700][10,432s][info   ][gc,marking  ] GC(915) Concurrent Rebuild Remembered Sets
[2024-12-04T16:40:51.285+0700][10,434s][info   ][gc,marking  ] GC(915) Concurrent Rebuild Remembered Sets 1,686ms
[2024-12-04T16:40:51.285+0700][10,434s][info   ][gc,start    ] GC(915) Pause Cleanup
[2024-12-04T16:40:51.285+0700][10,434s][info   ][gc          ] GC(915) Pause Cleanup 1614M->1614M(2048M) 0,185ms
[2024-12-04T16:40:51.285+0700][10,434s][info   ][gc,cpu      ] GC(915) User=0,00s Sys=0,00s Real=0,00s
[2024-12-04T16:40:51.285+0700][10,434s][info   ][gc,marking  ] GC(915) Concurrent Cleanup for Next Mark
[2024-12-04T16:40:51.288+0700][10,437s][info   ][gc,marking  ] GC(915) Concurrent Cleanup for Next Mark 3,139ms
[2024-12-04T16:40:51.289+0700][10,437s][info   ][gc          ] GC(915) Concurrent Mark Cycle 9,802ms
[2024-12-04T16:40:51.290+0700][10,439s][info   ][gc,start    ] GC(916) Pause Young (Concurrent Start) (G1 Humongous Allocation)
[2024-12-04T16:40:51.290+0700][10,439s][info   ][gc,task     ] GC(916) Using 8 workers of 8 for evacuation
[2024-12-04T16:40:51.292+0700][10,441s][info   ][gc,phases   ] GC(916)   Pre Evacuate Collection Set: 0,8ms
[2024-12-04T16:40:51.292+0700][10,441s][info   ][gc,phases   ] GC(916)   Merge Heap Roots: 0,5ms
[2024-12-04T16:40:51.292+0700][10,441s][info   ][gc,phases   ] GC(916)   Evacuate Collection Set: 0,4ms
[2024-12-04T16:40:51.292+0700][10,441s][info   ][gc,phases   ] GC(916)   Post Evacuate Collection Set: 0,1ms
[2024-12-04T16:40:51.292+0700][10,441s][info   ][gc,phases   ] GC(916)   Other: 0,2ms
[2024-12-04T16:40:51.292+0700][10,441s][info   ][gc,heap     ] GC(916) Eden regions: 1->0(226)
[2024-12-04T16:40:51.292+0700][10,441s][info   ][gc,heap     ] GC(916) Survivor regions: 0->0(29)
[2024-12-04T16:40:51.292+0700][10,441s][info   ][gc,heap     ] GC(916) Old regions: 3->3
[2024-12-04T16:40:51.292+0700][10,441s][info   ][gc,heap     ] GC(916) Archive regions: 2->2
[2024-12-04T16:40:51.292+0700][10,441s][info   ][gc,heap     ] GC(916) Humongous regions: 1611->1611
[2024-12-04T16:40:51.292+0700][10,441s][info   ][gc,metaspace] GC(916) Metaspace: 5840K(6080K)->5840K(6080K) NonClass: 5175K(5312K)->5175K(5312K) Class: 664K(768K)->664K(768K)
[2024-12-04T16:40:51.292+0700][10,441s][info   ][gc          ] GC(916) Pause Young (Concurrent Start) (G1 Humongous Allocation) 1614M->1614M(2048M) 2,125ms
[2024-12-04T16:40:51.292+0700][10,441s][info   ][gc,cpu      ] GC(916) User=0,00s Sys=0,00s Real=0,00s
[2024-12-04T16:40:51.292+0700][10,441s][info   ][gc          ] GC(917) Concurrent Mark Cycle
[2024-12-04T16:40:51.292+0700][10,441s][info   ][gc,marking  ] GC(917) Concurrent Clear Claimed Marks
[2024-12-04T16:40:51.292+0700][10,441s][info   ][gc,marking  ] GC(917) Concurrent Clear Claimed Marks 0,030ms
[2024-12-04T16:40:51.292+0700][10,441s][info   ][gc,marking  ] GC(917) Concurrent Scan Root Regions
[2024-12-04T16:40:51.292+0700][10,441s][info   ][gc,marking  ] GC(917) Concurrent Scan Root Regions 0,005ms
[2024-12-04T16:40:51.292+0700][10,441s][info   ][gc,marking  ] GC(917) Concurrent Mark
[2024-12-04T16:40:51.292+0700][10,441s][info   ][gc,marking  ] GC(917) Concurrent Mark From Roots
[2024-12-04T16:40:51.292+0700][10,441s][info   ][gc,task     ] GC(917) Using 2 workers of 2 for marking
[2024-12-04T16:40:51.297+0700][10,446s][info   ][gc,marking  ] GC(917) Concurrent Mark From Roots 4,601ms
[2024-12-04T16:40:51.297+0700][10,446s][info   ][gc,marking  ] GC(917) Concurrent Preclean
[2024-12-04T16:40:51.297+0700][10,446s][info   ][gc,marking  ] GC(917) Concurrent Preclean 0,063ms
[2024-12-04T16:40:51.297+0700][10,446s][info   ][gc,start    ] GC(917) Pause Remark
[2024-12-04T16:40:51.298+0700][10,447s][info   ][gc          ] GC(917) Pause Remark 1615M->1615M(2048M) 1,242ms
[2024-12-04T16:40:51.298+0700][10,447s][info   ][gc,cpu      ] GC(917) User=0,00s Sys=0,00s Real=0,00s
[2024-12-04T16:40:51.299+0700][10,447s][info   ][gc,marking  ] GC(917) Concurrent Mark 6,084ms
[2024-12-04T16:40:51.299+0700][10,447s][info   ][gc,marking  ] GC(917) Concurrent Rebuild Remembered Sets
[2024-12-04T16:40:51.301+0700][10,450s][info   ][gc,marking  ] GC(917) Concurrent Rebuild Remembered Sets 2,096ms
[2024-12-04T16:40:51.301+0700][10,450s][info   ][gc,start    ] GC(917) Pause Cleanup
[2024-12-04T16:40:51.301+0700][10,450s][info   ][gc          ] GC(917) Pause Cleanup 1616M->1616M(2048M) 0,223ms
[2024-12-04T16:40:51.301+0700][10,450s][info   ][gc,cpu      ] GC(917) User=0,00s Sys=0,00s Real=0,00s
[2024-12-04T16:40:51.301+0700][10,450s][info   ][gc,marking  ] GC(917) Concurrent Cleanup for Next Mark
[2024-12-04T16:40:51.304+0700][10,453s][info   ][gc,marking  ] GC(917) Concurrent Cleanup for Next Mark 3,010ms
[2024-12-04T16:40:51.304+0700][10,453s][info   ][gc          ] GC(917) Concurrent Mark Cycle 11,696ms
[2024-12-04T16:40:51.304+0700][10,453s][info   ][gc,start    ] GC(918) Pause Young (Concurrent Start) (G1 Humongous Allocation)
[2024-12-04T16:40:51.305+0700][10,453s][info   ][gc,task     ] GC(918) Using 8 workers of 8 for evacuation
[2024-12-04T16:40:51.306+0700][10,455s][info   ][gc,phases   ] GC(918)   Pre Evacuate Collection Set: 0,3ms
[2024-12-04T16:40:51.306+0700][10,455s][info   ][gc,phases   ] GC(918)   Merge Heap Roots: 0,3ms
[2024-12-04T16:40:51.306+0700][10,455s][info   ][gc,phases   ] GC(918)   Evacuate Collection Set: 0,5ms
[2024-12-04T16:40:51.306+0700][10,455s][info   ][gc,phases   ] GC(918)   Post Evacuate Collection Set: 0,1ms
[2024-12-04T16:40:51.306+0700][10,455s][info   ][gc,phases   ] GC(918)   Other: 0,2ms
[2024-12-04T16:40:51.306+0700][10,455s][info   ][gc,heap     ] GC(918) Eden regions: 1->0(224)
[2024-12-04T16:40:51.306+0700][10,455s][info   ][gc,heap     ] GC(918) Survivor regions: 0->0(29)
[2024-12-04T16:40:51.306+0700][10,455s][info   ][gc,heap     ] GC(918) Old regions: 3->3
[2024-12-04T16:40:51.306+0700][10,455s][info   ][gc,heap     ] GC(918) Archive regions: 2->2
[2024-12-04T16:40:51.306+0700][10,455s][info   ][gc,heap     ] GC(918) Humongous regions: 1613->1613
[2024-12-04T16:40:51.306+0700][10,455s][info   ][gc,metaspace] GC(918) Metaspace: 5840K(6080K)->5840K(6080K) NonClass: 5175K(5312K)->5175K(5312K) Class: 664K(768K)->664K(768K)
[2024-12-04T16:40:51.306+0700][10,455s][info   ][gc          ] GC(918) Pause Young (Concurrent Start) (G1 Humongous Allocation) 1616M->1616M(2048M) 1,572ms
[2024-12-04T16:40:51.306+0700][10,455s][info   ][gc,cpu      ] GC(918) User=0,01s Sys=0,00s Real=0,00s
[2024-12-04T16:40:51.306+0700][10,455s][info   ][gc          ] GC(919) Concurrent Mark Cycle
[2024-12-04T16:40:51.306+0700][10,455s][info   ][gc,marking  ] GC(919) Concurrent Clear Claimed Marks
[2024-12-04T16:40:51.306+0700][10,455s][info   ][gc,marking  ] GC(919) Concurrent Clear Claimed Marks 0,020ms
[2024-12-04T16:40:51.306+0700][10,455s][info   ][gc,marking  ] GC(919) Concurrent Scan Root Regions
[2024-12-04T16:40:51.306+0700][10,455s][info   ][gc,marking  ] GC(919) Concurrent Scan Root Regions 0,003ms
[2024-12-04T16:40:51.306+0700][10,455s][info   ][gc,marking  ] GC(919) Concurrent Mark
[2024-12-04T16:40:51.306+0700][10,455s][info   ][gc,marking  ] GC(919) Concurrent Mark From Roots
[2024-12-04T16:40:51.306+0700][10,455s][info   ][gc,task     ] GC(919) Using 2 workers of 2 for marking
[2024-12-04T16:40:51.311+0700][10,460s][info   ][gc,marking  ] GC(919) Concurrent Mark From Roots 4,616ms
[2024-12-04T16:40:51.311+0700][10,460s][info   ][gc,marking  ] GC(919) Concurrent Preclean
[2024-12-04T16:40:51.311+0700][10,460s][info   ][gc,marking  ] GC(919) Concurrent Preclean 0,063ms
[2024-12-04T16:40:51.311+0700][10,460s][info   ][gc,start    ] GC(919) Pause Remark
[2024-12-04T16:40:51.312+0700][10,461s][info   ][gc          ] GC(919) Pause Remark 1617M->1617M(2048M) 1,475ms
[2024-12-04T16:40:51.312+0700][10,461s][info   ][gc,cpu      ] GC(919) User=0,00s Sys=0,00s Real=0,00s
[2024-12-04T16:40:51.312+0700][10,461s][info   ][gc,marking  ] GC(919) Concurrent Mark 6,341ms
[2024-12-04T16:40:51.312+0700][10,461s][info   ][gc,marking  ] GC(919) Concurrent Rebuild Remembered Sets
[2024-12-04T16:40:51.315+0700][10,463s][info   ][gc,marking  ] GC(919) Concurrent Rebuild Remembered Sets 2,054ms
[2024-12-04T16:40:51.315+0700][10,463s][info   ][gc,start    ] GC(919) Pause Cleanup
[2024-12-04T16:40:51.315+0700][10,464s][info   ][gc          ] GC(919) Pause Cleanup 1618M->1618M(2048M) 0,373ms
[2024-12-04T16:40:51.315+0700][10,464s][info   ][gc,cpu      ] GC(919) User=0,01s Sys=0,00s Real=0,00s
[2024-12-04T16:40:51.315+0700][10,464s][info   ][gc,marking  ] GC(919) Concurrent Cleanup for Next Mark
[2024-12-04T16:40:51.319+0700][10,467s][info   ][gc,marking  ] GC(919) Concurrent Cleanup for Next Mark 3,590ms
[2024-12-04T16:40:51.319+0700][10,468s][info   ][gc          ] GC(919) Concurrent Mark Cycle 12,622ms
[2024-12-04T16:40:51.324+0700][10,473s][info   ][gc,start    ] GC(920) Pause Young (Concurrent Start) (G1 Humongous Allocation)
[2024-12-04T16:40:51.324+0700][10,473s][info   ][gc,task     ] GC(920) Using 8 workers of 8 for evacuation
[2024-12-04T16:40:51.326+0700][10,475s][info   ][gc,phases   ] GC(920)   Pre Evacuate Collection Set: 0,4ms
[2024-12-04T16:40:51.326+0700][10,475s][info   ][gc,phases   ] GC(920)   Merge Heap Roots: 0,4ms
[2024-12-04T16:40:51.326+0700][10,475s][info   ][gc,phases   ] GC(920)   Evacuate Collection Set: 0,6ms
[2024-12-04T16:40:51.326+0700][10,475s][info   ][gc,phases   ] GC(920)   Post Evacuate Collection Set: 0,2ms
[2024-12-04T16:40:51.326+0700][10,475s][info   ][gc,phases   ] GC(920)   Other: 0,3ms
[2024-12-04T16:40:51.326+0700][10,475s][info   ][gc,heap     ] GC(920) Eden regions: 1->0(221)
[2024-12-04T16:40:51.326+0700][10,475s][info   ][gc,heap     ] GC(920) Survivor regions: 0->0(28)
[2024-12-04T16:40:51.326+0700][10,475s][info   ][gc,heap     ] GC(920) Old regions: 3->3
[2024-12-04T16:40:51.326+0700][10,475s][info   ][gc,heap     ] GC(920) Archive regions: 2->2
[2024-12-04T16:40:51.326+0700][10,475s][info   ][gc,heap     ] GC(920) Humongous regions: 1616->1616
[2024-12-04T16:40:51.326+0700][10,475s][info   ][gc,metaspace] GC(920) Metaspace: 5840K(6080K)->5840K(6080K) NonClass: 5175K(5312K)->5175K(5312K) Class: 664K(768K)->664K(768K)
[2024-12-04T16:40:51.326+0700][10,475s][info   ][gc          ] GC(920) Pause Young (Concurrent Start) (G1 Humongous Allocation) 1619M->1619M(2048M) 1,952ms
[2024-12-04T16:40:51.326+0700][10,475s][info   ][gc,cpu      ] GC(920) User=0,01s Sys=0,00s Real=0,00s
[2024-12-04T16:40:51.326+0700][10,475s][info   ][gc          ] GC(921) Concurrent Mark Cycle
[2024-12-04T16:40:51.326+0700][10,475s][info   ][gc,marking  ] GC(921) Concurrent Clear Claimed Marks
[2024-12-04T16:40:51.326+0700][10,475s][info   ][gc,marking  ] GC(921) Concurrent Clear Claimed Marks 0,018ms
[2024-12-04T16:40:51.326+0700][10,475s][info   ][gc,marking  ] GC(921) Concurrent Scan Root Regions
[2024-12-04T16:40:51.326+0700][10,475s][info   ][gc,marking  ] GC(921) Concurrent Scan Root Regions 0,006ms
[2024-12-04T16:40:51.326+0700][10,475s][info   ][gc,marking  ] GC(921) Concurrent Mark
[2024-12-04T16:40:51.326+0700][10,475s][info   ][gc,marking  ] GC(921) Concurrent Mark From Roots
[2024-12-04T16:40:51.326+0700][10,475s][info   ][gc,task     ] GC(921) Using 2 workers of 2 for marking
[2024-12-04T16:40:51.331+0700][10,480s][info   ][gc,marking  ] GC(921) Concurrent Mark From Roots 4,746ms
[2024-12-04T16:40:51.331+0700][10,480s][info   ][gc,marking  ] GC(921) Concurrent Preclean
[2024-12-04T16:40:51.331+0700][10,480s][info   ][gc,marking  ] GC(921) Concurrent Preclean 0,089ms
[2024-12-04T16:40:51.331+0700][10,480s][info   ][gc,start    ] GC(921) Pause Remark
[2024-12-04T16:40:51.338+0700][10,487s][info   ][gc          ] GC(921) Pause Remark 1620M->1620M(2048M) 6,484ms
[2024-12-04T16:40:51.338+0700][10,487s][info   ][gc,cpu      ] GC(921) User=0,00s Sys=0,00s Real=0,01s
[2024-12-04T16:40:51.339+0700][10,488s][info   ][gc,marking  ] GC(921) Concurrent Mark 12,774ms
[2024-12-04T16:40:51.339+0700][10,488s][info   ][gc,marking  ] GC(921) Concurrent Rebuild Remembered Sets
[2024-12-04T16:40:51.343+0700][10,492s][info   ][gc,marking  ] GC(921) Concurrent Rebuild Remembered Sets 3,636ms
[2024-12-04T16:40:51.343+0700][10,492s][info   ][gc,start    ] GC(921) Pause Cleanup
[2024-12-04T16:40:51.344+0700][10,493s][info   ][gc          ] GC(921) Pause Cleanup 1621M->1621M(2048M) 1,060ms
[2024-12-04T16:40:51.344+0700][10,493s][info   ][gc,cpu      ] GC(921) User=0,00s Sys=0,00s Real=0,01s
[2024-12-04T16:40:51.344+0700][10,493s][info   ][gc,marking  ] GC(921) Concurrent Cleanup for Next Mark
[2024-12-04T16:40:51.348+0700][10,497s][info   ][gc,marking  ] GC(921) Concurrent Cleanup for Next Mark 3,725ms
[2024-12-04T16:40:51.348+0700][10,497s][info   ][gc          ] GC(921) Concurrent Mark Cycle 21,680ms
[2024-12-04T16:40:51.351+0700][10,500s][info   ][gc,start    ] GC(922) Pause Young (Concurrent Start) (G1 Humongous Allocation)
[2024-12-04T16:40:51.351+0700][10,500s][info   ][gc,task     ] GC(922) Using 8 workers of 8 for evacuation
[2024-12-04T16:40:51.353+0700][10,502s][info   ][gc,phases   ] GC(922)   Pre Evacuate Collection Set: 0,4ms
[2024-12-04T16:40:51.353+0700][10,502s][info   ][gc,phases   ] GC(922)   Merge Heap Roots: 0,4ms
[2024-12-04T16:40:51.353+0700][10,502s][info   ][gc,phases   ] GC(922)   Evacuate Collection Set: 0,6ms
[2024-12-04T16:40:51.353+0700][10,502s][info   ][gc,phases   ] GC(922)   Post Evacuate Collection Set: 0,2ms
[2024-12-04T16:40:51.353+0700][10,502s][info   ][gc,phases   ] GC(922)   Other: 0,3ms
[2024-12-04T16:40:51.353+0700][10,502s][info   ][gc,heap     ] GC(922) Eden regions: 1->0(218)
[2024-12-04T16:40:51.353+0700][10,502s][info   ][gc,heap     ] GC(922) Survivor regions: 0->0(28)
[2024-12-04T16:40:51.353+0700][10,502s][info   ][gc,heap     ] GC(922) Old regions: 3->3
[2024-12-04T16:40:51.353+0700][10,502s][info   ][gc,heap     ] GC(922) Archive regions: 2->2
[2024-12-04T16:40:51.353+0700][10,502s][info   ][gc,heap     ] GC(922) Humongous regions: 1619->1619
[2024-12-04T16:40:51.353+0700][10,502s][info   ][gc,metaspace] GC(922) Metaspace: 5840K(6080K)->5840K(6080K) NonClass: 5175K(5312K)->5175K(5312K) Class: 664K(768K)->664K(768K)
[2024-12-04T16:40:51.353+0700][10,502s][info   ][gc          ] GC(922) Pause Young (Concurrent Start) (G1 Humongous Allocation) 1622M->1622M(2048M) 1,950ms
[2024-12-04T16:40:51.353+0700][10,502s][info   ][gc,cpu      ] GC(922) User=0,00s Sys=0,00s Real=0,00s
[2024-12-04T16:40:51.353+0700][10,502s][info   ][gc          ] GC(923) Concurrent Mark Cycle
[2024-12-04T16:40:51.353+0700][10,502s][info   ][gc,marking  ] GC(923) Concurrent Clear Claimed Marks
[2024-12-04T16:40:51.353+0700][10,502s][info   ][gc,marking  ] GC(923) Concurrent Clear Claimed Marks 0,026ms
[2024-12-04T16:40:51.353+0700][10,502s][info   ][gc,marking  ] GC(923) Concurrent Scan Root Regions
[2024-12-04T16:40:51.353+0700][10,502s][info   ][gc,marking  ] GC(923) Concurrent Scan Root Regions 0,006ms
[2024-12-04T16:40:51.353+0700][10,502s][info   ][gc,marking  ] GC(923) Concurrent Mark
[2024-12-04T16:40:51.353+0700][10,502s][info   ][gc,marking  ] GC(923) Concurrent Mark From Roots
[2024-12-04T16:40:51.353+0700][10,502s][info   ][gc,task     ] GC(923) Using 2 workers of 2 for marking
[2024-12-04T16:40:51.358+0700][10,507s][info   ][gc,marking  ] GC(923) Concurrent Mark From Roots 4,755ms
[2024-12-04T16:40:51.358+0700][10,507s][info   ][gc,marking  ] GC(923) Concurrent Preclean
[2024-12-04T16:40:51.358+0700][10,507s][info   ][gc,marking  ] GC(923) Concurrent Preclean 0,061ms
[2024-12-04T16:40:51.358+0700][10,507s][info   ][gc,start    ] GC(923) Pause Remark
[2024-12-04T16:40:51.359+0700][10,508s][info   ][gc          ] GC(923) Pause Remark 1623M->1623M(2048M) 0,876ms
[2024-12-04T16:40:51.359+0700][10,508s][info   ][gc,cpu      ] GC(923) User=0,00s Sys=0,01s Real=0,00s
[2024-12-04T16:40:51.359+0700][10,508s][info   ][gc,marking  ] GC(923) Concurrent Mark 5,927ms
[2024-12-04T16:40:51.359+0700][10,508s][info   ][gc,marking  ] GC(923) Concurrent Rebuild Remembered Sets
[2024-12-04T16:40:51.361+0700][10,510s][info   ][gc,marking  ] GC(923) Concurrent Rebuild Remembered Sets 2,165ms
[2024-12-04T16:40:51.361+0700][10,510s][info   ][gc,start    ] GC(923) Pause Cleanup
[2024-12-04T16:40:51.362+0700][10,511s][info   ][gc          ] GC(923) Pause Cleanup 1624M->1624M(2048M) 0,260ms
[2024-12-04T16:40:51.362+0700][10,511s][info   ][gc,cpu      ] GC(923) User=0,00s Sys=0,00s Real=0,00s
[2024-12-04T16:40:51.362+0700][10,511s][info   ][gc,marking  ] GC(923) Concurrent Cleanup for Next Mark
[2024-12-04T16:40:51.366+0700][10,514s][info   ][gc,marking  ] GC(923) Concurrent Cleanup for Next Mark 3,847ms
[2024-12-04T16:40:51.366+0700][10,514s][info   ][gc          ] GC(923) Concurrent Mark Cycle 12,498ms
[2024-12-04T16:40:51.371+0700][10,520s][info   ][gc,start    ] GC(924) Pause Young (Concurrent Start) (G1 Humongous Allocation)
[2024-12-04T16:40:51.371+0700][10,520s][info   ][gc,task     ] GC(924) Using 8 workers of 8 for evacuation
[2024-12-04T16:40:51.373+0700][10,522s][info   ][gc,phases   ] GC(924)   Pre Evacuate Collection Set: 0,4ms
[2024-12-04T16:40:51.373+0700][10,522s][info   ][gc,phases   ] GC(924)   Merge Heap Roots: 0,3ms
[2024-12-04T16:40:51.373+0700][10,522s][info   ][gc,phases   ] GC(924)   Evacuate Collection Set: 0,7ms
[2024-12-04T16:40:51.373+0700][10,522s][info   ][gc,phases   ] GC(924)   Post Evacuate Collection Set: 0,1ms
[2024-12-04T16:40:51.373+0700][10,522s][info   ][gc,phases   ] GC(924)   Other: 0,2ms
[2024-12-04T16:40:51.373+0700][10,522s][info   ][gc,heap     ] GC(924) Eden regions: 1->0(215)
[2024-12-04T16:40:51.373+0700][10,522s][info   ][gc,heap     ] GC(924) Survivor regions: 0->0(28)
[2024-12-04T16:40:51.373+0700][10,522s][info   ][gc,heap     ] GC(924) Old regions: 3->3
[2024-12-04T16:40:51.373+0700][10,522s][info   ][gc,heap     ] GC(924) Archive regions: 2->2
[2024-12-04T16:40:51.373+0700][10,522s][info   ][gc,heap     ] GC(924) Humongous regions: 1622->1622
[2024-12-04T16:40:51.373+0700][10,522s][info   ][gc,metaspace] GC(924) Metaspace: 5840K(6080K)->5840K(6080K) NonClass: 5175K(5312K)->5175K(5312K) Class: 664K(768K)->664K(768K)
[2024-12-04T16:40:51.373+0700][10,522s][info   ][gc          ] GC(924) Pause Young (Concurrent Start) (G1 Humongous Allocation) 1625M->1625M(2048M) 1,865ms
[2024-12-04T16:40:51.373+0700][10,522s][info   ][gc,cpu      ] GC(924) User=0,00s Sys=0,00s Real=0,00s
[2024-12-04T16:40:51.373+0700][10,522s][info   ][gc          ] GC(925) Concurrent Mark Cycle
[2024-12-04T16:40:51.373+0700][10,522s][info   ][gc,marking  ] GC(925) Concurrent Clear Claimed Marks
[2024-12-04T16:40:51.373+0700][10,522s][info   ][gc,marking  ] GC(925) Concurrent Clear Claimed Marks 0,012ms
[2024-12-04T16:40:51.373+0700][10,522s][info   ][gc,marking  ] GC(925) Concurrent Scan Root Regions
[2024-12-04T16:40:51.373+0700][10,522s][info   ][gc,marking  ] GC(925) Concurrent Scan Root Regions 0,006ms
[2024-12-04T16:40:51.373+0700][10,522s][info   ][gc,marking  ] GC(925) Concurrent Mark
[2024-12-04T16:40:51.373+0700][10,522s][info   ][gc,marking  ] GC(925) Concurrent Mark From Roots
[2024-12-04T16:40:51.373+0700][10,522s][info   ][gc,task     ] GC(925) Using 2 workers of 2 for marking
[2024-12-04T16:40:51.378+0700][10,527s][info   ][gc,marking  ] GC(925) Concurrent Mark From Roots 5,061ms
[2024-12-04T16:40:51.378+0700][10,527s][info   ][gc,marking  ] GC(925) Concurrent Preclean
[2024-12-04T16:40:51.378+0700][10,527s][info   ][gc,marking  ] GC(925) Concurrent Preclean 0,071ms
[2024-12-04T16:40:51.378+0700][10,527s][info   ][gc,start    ] GC(925) Pause Remark
[2024-12-04T16:40:51.379+0700][10,528s][info   ][gc          ] GC(925) Pause Remark 1626M->1626M(2048M) 1,079ms
[2024-12-04T16:40:51.379+0700][10,528s][info   ][gc,cpu      ] GC(925) User=0,00s Sys=0,00s Real=0,00s
[2024-12-04T16:40:51.379+0700][10,528s][info   ][gc,marking  ] GC(925) Concurrent Mark 6,445ms
[2024-12-04T16:40:51.379+0700][10,528s][info   ][gc,marking  ] GC(925) Concurrent Rebuild Remembered Sets
[2024-12-04T16:40:51.382+0700][10,531s][info   ][gc,marking  ] GC(925) Concurrent Rebuild Remembered Sets 2,294ms
[2024-12-04T16:40:51.382+0700][10,531s][info   ][gc,start    ] GC(925) Pause Cleanup
[2024-12-04T16:40:51.382+0700][10,531s][info   ][gc          ] GC(925) Pause Cleanup 1627M->1627M(2048M) 0,333ms
[2024-12-04T16:40:51.382+0700][10,531s][info   ][gc,cpu      ] GC(925) User=0,00s Sys=0,00s Real=0,00s
[2024-12-04T16:40:51.382+0700][10,531s][info   ][gc,marking  ] GC(925) Concurrent Cleanup for Next Mark
[2024-12-04T16:40:51.386+0700][10,534s][info   ][gc,marking  ] GC(925) Concurrent Cleanup for Next Mark 3,415ms
[2024-12-04T16:40:51.386+0700][10,535s][info   ][gc          ] GC(925) Concurrent Mark Cycle 12,786ms
[2024-12-04T16:40:51.391+0700][10,540s][info   ][gc,start    ] GC(926) Pause Young (Concurrent Start) (G1 Humongous Allocation)
[2024-12-04T16:40:51.391+0700][10,540s][info   ][gc,task     ] GC(926) Using 8 workers of 8 for evacuation
[2024-12-04T16:40:51.393+0700][10,542s][info   ][gc,phases   ] GC(926)   Pre Evacuate Collection Set: 0,5ms
[2024-12-04T16:40:51.394+0700][10,542s][info   ][gc,phases   ] GC(926)   Merge Heap Roots: 0,5ms
[2024-12-04T16:40:51.394+0700][10,542s][info   ][gc,phases   ] GC(926)   Evacuate Collection Set: 0,7ms
[2024-12-04T16:40:51.394+0700][10,542s][info   ][gc,phases   ] GC(926)   Post Evacuate Collection Set: 0,2ms
[2024-12-04T16:40:51.394+0700][10,542s][info   ][gc,phases   ] GC(926)   Other: 0,4ms
[2024-12-04T16:40:51.394+0700][10,542s][info   ][gc,heap     ] GC(926) Eden regions: 1->0(212)
[2024-12-04T16:40:51.394+0700][10,542s][info   ][gc,heap     ] GC(926) Survivor regions: 0->0(27)
[2024-12-04T16:40:51.394+0700][10,543s][info   ][gc,heap     ] GC(926) Old regions: 3->3
[2024-12-04T16:40:51.394+0700][10,543s][info   ][gc,heap     ] GC(926) Archive regions: 2->2
[2024-12-04T16:40:51.394+0700][10,543s][info   ][gc,heap     ] GC(926) Humongous regions: 1625->1625
[2024-12-04T16:40:51.394+0700][10,543s][info   ][gc,metaspace] GC(926) Metaspace: 5840K(6080K)->5840K(6080K) NonClass: 5175K(5312K)->5175K(5312K) Class: 664K(768K)->664K(768K)
[2024-12-04T16:40:51.394+0700][10,543s][info   ][gc          ] GC(926) Pause Young (Concurrent Start) (G1 Humongous Allocation) 1628M->1628M(2048M) 2,461ms
[2024-12-04T16:40:51.394+0700][10,543s][info   ][gc,cpu      ] GC(926) User=0,00s Sys=0,00s Real=0,01s
[2024-12-04T16:40:51.394+0700][10,543s][info   ][gc          ] GC(927) Concurrent Mark Cycle
[2024-12-04T16:40:51.394+0700][10,543s][info   ][gc,marking  ] GC(927) Concurrent Clear Claimed Marks
[2024-12-04T16:40:51.394+0700][10,543s][info   ][gc,marking  ] GC(927) Concurrent Clear Claimed Marks 0,012ms
[2024-12-04T16:40:51.394+0700][10,543s][info   ][gc,marking  ] GC(927) Concurrent Scan Root Regions
[2024-12-04T16:40:51.394+0700][10,543s][info   ][gc,marking  ] GC(927) Concurrent Scan Root Regions 0,006ms
[2024-12-04T16:40:51.394+0700][10,543s][info   ][gc,marking  ] GC(927) Concurrent Mark
[2024-12-04T16:40:51.394+0700][10,543s][info   ][gc,marking  ] GC(927) Concurrent Mark From Roots
[2024-12-04T16:40:51.394+0700][10,543s][info   ][gc,task     ] GC(927) Using 2 workers of 2 for marking
[2024-12-04T16:40:51.399+0700][10,548s][info   ][gc,marking  ] GC(927) Concurrent Mark From Roots 5,058ms
[2024-12-04T16:40:51.399+0700][10,548s][info   ][gc,marking  ] GC(927) Concurrent Preclean
[2024-12-04T16:40:51.399+0700][10,548s][info   ][gc,marking  ] GC(927) Concurrent Preclean 0,069ms
[2024-12-04T16:40:51.399+0700][10,548s][info   ][gc,start    ] GC(927) Pause Remark
[2024-12-04T16:40:51.400+0700][10,549s][info   ][gc          ] GC(927) Pause Remark 1629M->1629M(2048M) 1,363ms
[2024-12-04T16:40:51.400+0700][10,549s][info   ][gc,cpu      ] GC(927) User=0,01s Sys=0,00s Real=0,00s
[2024-12-04T16:40:51.400+0700][10,549s][info   ][gc,marking  ] GC(927) Concurrent Mark 6,694ms
[2024-12-04T16:40:51.400+0700][10,549s][info   ][gc,marking  ] GC(927) Concurrent Rebuild Remembered Sets
[2024-12-04T16:40:51.403+0700][10,552s][info   ][gc,marking  ] GC(927) Concurrent Rebuild Remembered Sets 2,373ms
[2024-12-04T16:40:51.403+0700][10,552s][info   ][gc,start    ] GC(927) Pause Cleanup
[2024-12-04T16:40:51.403+0700][10,552s][info   ][gc          ] GC(927) Pause Cleanup 1630M->1630M(2048M) 0,413ms
[2024-12-04T16:40:51.403+0700][10,552s][info   ][gc,cpu      ] GC(927) User=0,00s Sys=0,00s Real=0,01s
[2024-12-04T16:40:51.403+0700][10,552s][info   ][gc,marking  ] GC(927) Concurrent Cleanup for Next Mark
[2024-12-04T16:40:51.407+0700][10,556s][info   ][gc,marking  ] GC(927) Concurrent Cleanup for Next Mark 3,995ms
[2024-12-04T16:40:51.408+0700][10,556s][info   ][gc          ] GC(927) Concurrent Mark Cycle 13,904ms
[2024-12-04T16:40:51.412+0700][10,561s][info   ][gc,start    ] GC(928) Pause Young (Concurrent Start) (G1 Humongous Allocation)
[2024-12-04T16:40:51.412+0700][10,561s][info   ][gc,task     ] GC(928) Using 8 workers of 8 for evacuation
[2024-12-04T16:40:51.414+0700][10,563s][info   ][gc,phases   ] GC(928)   Pre Evacuate Collection Set: 0,3ms
[2024-12-04T16:40:51.414+0700][10,563s][info   ][gc,phases   ] GC(928)   Merge Heap Roots: 0,4ms
[2024-12-04T16:40:51.414+0700][10,563s][info   ][gc,phases   ] GC(928)   Evacuate Collection Set: 0,4ms
[2024-12-04T16:40:51.414+0700][10,563s][info   ][gc,phases   ] GC(928)   Post Evacuate Collection Set: 0,3ms
[2024-12-04T16:40:51.414+0700][10,563s][info   ][gc,phases   ] GC(928)   Other: 0,3ms
[2024-12-04T16:40:51.414+0700][10,563s][info   ][gc,heap     ] GC(928) Eden regions: 1->0(209)
[2024-12-04T16:40:51.414+0700][10,563s][info   ][gc,heap     ] GC(928) Survivor regions: 0->0(27)
[2024-12-04T16:40:51.414+0700][10,563s][info   ][gc,heap     ] GC(928) Old regions: 3->3
[2024-12-04T16:40:51.414+0700][10,563s][info   ][gc,heap     ] GC(928) Archive regions: 2->2
[2024-12-04T16:40:51.414+0700][10,563s][info   ][gc,heap     ] GC(928) Humongous regions: 1628->1628
[2024-12-04T16:40:51.414+0700][10,563s][info   ][gc,metaspace] GC(928) Metaspace: 5840K(6080K)->5840K(6080K) NonClass: 5175K(5312K)->5175K(5312K) Class: 664K(768K)->664K(768K)
[2024-12-04T16:40:51.414+0700][10,563s][info   ][gc          ] GC(928) Pause Young (Concurrent Start) (G1 Humongous Allocation) 1631M->1631M(2048M) 1,944ms
[2024-12-04T16:40:51.414+0700][10,563s][info   ][gc,cpu      ] GC(928) User=0,00s Sys=0,00s Real=0,01s
[2024-12-04T16:40:51.414+0700][10,563s][info   ][gc          ] GC(929) Concurrent Mark Cycle
[2024-12-04T16:40:51.414+0700][10,563s][info   ][gc,marking  ] GC(929) Concurrent Clear Claimed Marks
[2024-12-04T16:40:51.414+0700][10,563s][info   ][gc,marking  ] GC(929) Concurrent Clear Claimed Marks 0,029ms
[2024-12-04T16:40:51.414+0700][10,563s][info   ][gc,marking  ] GC(929) Concurrent Scan Root Regions
[2024-12-04T16:40:51.414+0700][10,563s][info   ][gc,marking  ] GC(929) Concurrent Scan Root Regions 0,004ms
[2024-12-04T16:40:51.414+0700][10,563s][info   ][gc,marking  ] GC(929) Concurrent Mark
[2024-12-04T16:40:51.414+0700][10,563s][info   ][gc,marking  ] GC(929) Concurrent Mark From Roots
[2024-12-04T16:40:51.414+0700][10,563s][info   ][gc,task     ] GC(929) Using 2 workers of 2 for marking
[2024-12-04T16:40:51.419+0700][10,568s][info   ][gc,marking  ] GC(929) Concurrent Mark From Roots 4,463ms
[2024-12-04T16:40:51.419+0700][10,568s][info   ][gc,marking  ] GC(929) Concurrent Preclean
[2024-12-04T16:40:51.419+0700][10,568s][info   ][gc,marking  ] GC(929) Concurrent Preclean 0,059ms
[2024-12-04T16:40:51.419+0700][10,568s][info   ][gc,start    ] GC(929) Pause Remark
[2024-12-04T16:40:51.420+0700][10,569s][info   ][gc          ] GC(929) Pause Remark 1632M->1632M(2048M) 1,063ms
[2024-12-04T16:40:51.420+0700][10,569s][info   ][gc,cpu      ] GC(929) User=0,01s Sys=0,00s Real=0,00s
[2024-12-04T16:40:51.420+0700][10,569s][info   ][gc,marking  ] GC(929) Concurrent Mark 5,747ms
[2024-12-04T16:40:51.420+0700][10,569s][info   ][gc,marking  ] GC(929) Concurrent Rebuild Remembered Sets
[2024-12-04T16:40:51.423+0700][10,571s][info   ][gc,marking  ] GC(929) Concurrent Rebuild Remembered Sets 2,641ms
[2024-12-04T16:40:51.423+0700][10,572s][info   ][gc,start    ] GC(929) Pause Cleanup
[2024-12-04T16:40:51.423+0700][10,572s][info   ][gc          ] GC(929) Pause Cleanup 1633M->1633M(2048M) 0,305ms
[2024-12-04T16:40:51.423+0700][10,572s][info   ][gc,cpu      ] GC(929) User=0,00s Sys=0,00s Real=0,00s
[2024-12-04T16:40:51.423+0700][10,572s][info   ][gc,marking  ] GC(929) Concurrent Cleanup for Next Mark
[2024-12-04T16:40:51.426+0700][10,575s][info   ][gc,marking  ] GC(929) Concurrent Cleanup for Next Mark 3,205ms
[2024-12-04T16:40:51.426+0700][10,575s][info   ][gc          ] GC(929) Concurrent Mark Cycle 12,200ms
[2024-12-04T16:40:51.432+0700][10,580s][info   ][gc,start    ] GC(930) Pause Young (Concurrent Start) (G1 Humongous Allocation)
[2024-12-04T16:40:51.432+0700][10,580s][info   ][gc,task     ] GC(930) Using 8 workers of 8 for evacuation
[2024-12-04T16:40:51.433+0700][10,582s][info   ][gc,phases   ] GC(930)   Pre Evacuate Collection Set: 0,6ms
[2024-12-04T16:40:51.433+0700][10,582s][info   ][gc,phases   ] GC(930)   Merge Heap Roots: 0,3ms
[2024-12-04T16:40:51.433+0700][10,582s][info   ][gc,phases   ] GC(930)   Evacuate Collection Set: 0,6ms
[2024-12-04T16:40:51.433+0700][10,582s][info   ][gc,phases   ] GC(930)   Post Evacuate Collection Set: 0,1ms
[2024-12-04T16:40:51.433+0700][10,582s][info   ][gc,phases   ] GC(930)   Other: 0,3ms
[2024-12-04T16:40:51.433+0700][10,582s][info   ][gc,heap     ] GC(930) Eden regions: 2->0(205)
[2024-12-04T16:40:51.433+0700][10,582s][info   ][gc,heap     ] GC(930) Survivor regions: 0->1(27)
[2024-12-04T16:40:51.433+0700][10,582s][info   ][gc,heap     ] GC(930) Old regions: 3->3
[2024-12-04T16:40:51.433+0700][10,582s][info   ][gc,heap     ] GC(930) Archive regions: 2->2
[2024-12-04T16:40:51.433+0700][10,582s][info   ][gc,heap     ] GC(930) Humongous regions: 1631->1631
[2024-12-04T16:40:51.433+0700][10,582s][info   ][gc,metaspace] GC(930) Metaspace: 5840K(6080K)->5840K(6080K) NonClass: 5176K(5312K)->5176K(5312K) Class: 664K(768K)->664K(768K)
[2024-12-04T16:40:51.433+0700][10,582s][info   ][gc          ] GC(930) Pause Young (Concurrent Start) (G1 Humongous Allocation) 1635M->1634M(2048M) 1,967ms
[2024-12-04T16:40:51.433+0700][10,582s][info   ][gc,cpu      ] GC(930) User=0,01s Sys=0,00s Real=0,01s
[2024-12-04T16:40:51.434+0700][10,582s][info   ][gc          ] GC(931) Concurrent Mark Cycle
[2024-12-04T16:40:51.434+0700][10,582s][info   ][gc,marking  ] GC(931) Concurrent Clear Claimed Marks
[2024-12-04T16:40:51.434+0700][10,582s][info   ][gc,marking  ] GC(931) Concurrent Clear Claimed Marks 0,027ms
[2024-12-04T16:40:51.434+0700][10,582s][info   ][gc,marking  ] GC(931) Concurrent Scan Root Regions
[2024-12-04T16:40:51.434+0700][10,583s][info   ][gc,marking  ] GC(931) Concurrent Scan Root Regions 0,082ms
[2024-12-04T16:40:51.434+0700][10,583s][info   ][gc,marking  ] GC(931) Concurrent Mark
[2024-12-04T16:40:51.434+0700][10,583s][info   ][gc,marking  ] GC(931) Concurrent Mark From Roots
[2024-12-04T16:40:51.434+0700][10,583s][info   ][gc,task     ] GC(931) Using 2 workers of 2 for marking
[2024-12-04T16:40:51.438+0700][10,587s][info   ][gc,marking  ] GC(931) Concurrent Mark From Roots 4,698ms
[2024-12-04T16:40:51.438+0700][10,587s][info   ][gc,marking  ] GC(931) Concurrent Preclean
[2024-12-04T16:40:51.438+0700][10,587s][info   ][gc,marking  ] GC(931) Concurrent Preclean 0,055ms
[2024-12-04T16:40:51.439+0700][10,587s][info   ][gc,start    ] GC(931) Pause Remark
[2024-12-04T16:40:51.440+0700][10,589s][info   ][gc          ] GC(931) Pause Remark 1636M->1636M(2048M) 1,178ms
[2024-12-04T16:40:51.440+0700][10,589s][info   ][gc,cpu      ] GC(931) User=0,00s Sys=0,00s Real=0,00s
[2024-12-04T16:40:51.440+0700][10,589s][info   ][gc,marking  ] GC(931) Concurrent Mark 6,088ms
[2024-12-04T16:40:51.440+0700][10,589s][info   ][gc,marking  ] GC(931) Concurrent Rebuild Remembered Sets
[2024-12-04T16:40:51.442+0700][10,591s][info   ][gc,marking  ] GC(931) Concurrent Rebuild Remembered Sets 1,918ms
[2024-12-04T16:40:51.442+0700][10,591s][info   ][gc,start    ] GC(931) Pause Cleanup
[2024-12-04T16:40:51.442+0700][10,591s][info   ][gc          ] GC(931) Pause Cleanup 1637M->1637M(2048M) 0,359ms
[2024-12-04T16:40:51.442+0700][10,591s][info   ][gc,cpu      ] GC(931) User=0,00s Sys=0,00s Real=0,00s
[2024-12-04T16:40:51.442+0700][10,591s][info   ][gc,marking  ] GC(931) Concurrent Cleanup for Next Mark
[2024-12-04T16:40:51.445+0700][10,594s][info   ][gc,marking  ] GC(931) Concurrent Cleanup for Next Mark 3,236ms
[2024-12-04T16:40:51.445+0700][10,594s][info   ][gc          ] GC(931) Concurrent Mark Cycle 11,944ms
[2024-12-04T16:40:51.446+0700][10,594s][info   ][gc,start    ] GC(932) Pause Young (Concurrent Start) (G1 Humongous Allocation)
[2024-12-04T16:40:51.446+0700][10,594s][info   ][gc,task     ] GC(932) Using 8 workers of 8 for evacuation
[2024-12-04T16:40:51.447+0700][10,596s][info   ][gc,phases   ] GC(932)   Pre Evacuate Collection Set: 0,6ms
[2024-12-04T16:40:51.447+0700][10,596s][info   ][gc,phases   ] GC(932)   Merge Heap Roots: 0,3ms
[2024-12-04T16:40:51.447+0700][10,596s][info   ][gc,phases   ] GC(932)   Evacuate Collection Set: 0,4ms
[2024-12-04T16:40:51.447+0700][10,596s][info   ][gc,phases   ] GC(932)   Post Evacuate Collection Set: 0,1ms
[2024-12-04T16:40:51.447+0700][10,596s][info   ][gc,phases   ] GC(932)   Other: 0,2ms
[2024-12-04T16:40:51.447+0700][10,596s][info   ][gc,heap     ] GC(932) Eden regions: 2->0(203)
[2024-12-04T16:40:51.447+0700][10,596s][info   ][gc,heap     ] GC(932) Survivor regions: 1->1(26)
[2024-12-04T16:40:51.447+0700][10,596s][info   ][gc,heap     ] GC(932) Old regions: 3->3
[2024-12-04T16:40:51.447+0700][10,596s][info   ][gc,heap     ] GC(932) Archive regions: 2->2
[2024-12-04T16:40:51.447+0700][10,596s][info   ][gc,heap     ] GC(932) Humongous regions: 1633->1633
[2024-12-04T16:40:51.447+0700][10,596s][info   ][gc,metaspace] GC(932) Metaspace: 5851K(6080K)->5851K(6080K) NonClass: 5186K(5312K)->5186K(5312K) Class: 664K(768K)->664K(768K)
[2024-12-04T16:40:51.447+0700][10,596s][info   ][gc          ] GC(932) Pause Young (Concurrent Start) (G1 Humongous Allocation) 1637M->1636M(2048M) 1,641ms
[2024-12-04T16:40:51.447+0700][10,596s][info   ][gc,cpu      ] GC(932) User=0,01s Sys=0,00s Real=0,00s
[2024-12-04T16:40:51.447+0700][10,596s][info   ][gc          ] GC(933) Concurrent Mark Cycle
[2024-12-04T16:40:51.447+0700][10,596s][info   ][gc,marking  ] GC(933) Concurrent Clear Claimed Marks
[2024-12-04T16:40:51.447+0700][10,596s][info   ][gc,marking  ] GC(933) Concurrent Clear Claimed Marks 0,013ms
[2024-12-04T16:40:51.447+0700][10,596s][info   ][gc,marking  ] GC(933) Concurrent Scan Root Regions
[2024-12-04T16:40:51.447+0700][10,596s][info   ][gc,marking  ] GC(933) Concurrent Scan Root Regions 0,105ms
[2024-12-04T16:40:51.447+0700][10,596s][info   ][gc,marking  ] GC(933) Concurrent Mark
[2024-12-04T16:40:51.447+0700][10,596s][info   ][gc,marking  ] GC(933) Concurrent Mark From Roots
[2024-12-04T16:40:51.447+0700][10,596s][info   ][gc,task     ] GC(933) Using 2 workers of 2 for marking
[2024-12-04T16:40:51.451+0700][10,600s][info   ][gc,marking  ] GC(933) Concurrent Mark From Roots 3,824ms
[2024-12-04T16:40:51.451+0700][10,600s][info   ][gc,marking  ] GC(933) Concurrent Preclean
[2024-12-04T16:40:51.451+0700][10,600s][info   ][gc,marking  ] GC(933) Concurrent Preclean 0,041ms
[2024-12-04T16:40:51.451+0700][10,600s][info   ][gc,start    ] GC(933) Pause Remark
[2024-12-04T16:40:51.452+0700][10,601s][info   ][gc          ] GC(933) Pause Remark 1637M->1637M(2048M) 0,741ms
[2024-12-04T16:40:51.452+0700][10,601s][info   ][gc,cpu      ] GC(933) User=0,00s Sys=0,00s Real=0,00s
[2024-12-04T16:40:51.452+0700][10,601s][info   ][gc,marking  ] GC(933) Concurrent Mark 4,708ms
[2024-12-04T16:40:51.452+0700][10,601s][info   ][gc,marking  ] GC(933) Concurrent Rebuild Remembered Sets
[2024-12-04T16:40:51.454+0700][10,603s][info   ][gc,marking  ] GC(933) Concurrent Rebuild Remembered Sets 1,767ms
[2024-12-04T16:40:51.454+0700][10,603s][info   ][gc,start    ] GC(933) Pause Cleanup
[2024-12-04T16:40:51.454+0700][10,603s][info   ][gc          ] GC(933) Pause Cleanup 1638M->1638M(2048M) 0,206ms
[2024-12-04T16:40:51.454+0700][10,603s][info   ][gc,cpu      ] GC(933) User=0,00s Sys=0,00s Real=0,00s
[2024-12-04T16:40:51.454+0700][10,603s][info   ][gc,marking  ] GC(933) Concurrent Cleanup for Next Mark
[2024-12-04T16:40:51.457+0700][10,606s][info   ][gc,marking  ] GC(933) Concurrent Cleanup for Next Mark 3,189ms
[2024-12-04T16:40:51.457+0700][10,606s][info   ][gc          ] GC(933) Concurrent Mark Cycle 10,171ms
[2024-12-04T16:40:51.458+0700][10,607s][info   ][gc,start    ] GC(934) Pause Young (Concurrent Start) (G1 Humongous Allocation)
[2024-12-04T16:40:51.458+0700][10,607s][info   ][gc,task     ] GC(934) Using 8 workers of 8 for evacuation
[2024-12-04T16:40:51.460+0700][10,609s][info   ][gc,phases   ] GC(934)   Pre Evacuate Collection Set: 0,2ms
[2024-12-04T16:40:51.460+0700][10,609s][info   ][gc,phases   ] GC(934)   Merge Heap Roots: 0,4ms
[2024-12-04T16:40:51.460+0700][10,609s][info   ][gc,phases   ] GC(934)   Evacuate Collection Set: 0,3ms
[2024-12-04T16:40:51.460+0700][10,609s][info   ][gc,phases   ] GC(934)   Post Evacuate Collection Set: 0,1ms
[2024-12-04T16:40:51.460+0700][10,609s][info   ][gc,phases   ] GC(934)   Other: 0,2ms
[2024-12-04T16:40:51.460+0700][10,609s][info   ][gc,heap     ] GC(934) Eden regions: 1->0(201)
[2024-12-04T16:40:51.460+0700][10,609s][info   ][gc,heap     ] GC(934) Survivor regions: 1->1(26)
[2024-12-04T16:40:51.460+0700][10,609s][info   ][gc,heap     ] GC(934) Old regions: 3->3
[2024-12-04T16:40:51.460+0700][10,609s][info   ][gc,heap     ] GC(934) Archive regions: 2->2
[2024-12-04T16:40:51.460+0700][10,609s][info   ][gc,heap     ] GC(934) Humongous regions: 1635->1635
[2024-12-04T16:40:51.460+0700][10,609s][info   ][gc,metaspace] GC(934) Metaspace: 5851K(6080K)->5851K(6080K) NonClass: 5186K(5312K)->5186K(5312K) Class: 664K(768K)->664K(768K)
[2024-12-04T16:40:51.460+0700][10,609s][info   ][gc          ] GC(934) Pause Young (Concurrent Start) (G1 Humongous Allocation) 1638M->1638M(2048M) 1,430ms
[2024-12-04T16:40:51.460+0700][10,609s][info   ][gc,cpu      ] GC(934) User=0,01s Sys=0,00s Real=0,00s
[2024-12-04T16:40:51.460+0700][10,609s][info   ][gc          ] GC(935) Concurrent Mark Cycle
[2024-12-04T16:40:51.460+0700][10,609s][info   ][gc,marking  ] GC(935) Concurrent Clear Claimed Marks
[2024-12-04T16:40:51.460+0700][10,609s][info   ][gc,marking  ] GC(935) Concurrent Clear Claimed Marks 0,010ms
[2024-12-04T16:40:51.460+0700][10,609s][info   ][gc,marking  ] GC(935) Concurrent Scan Root Regions
[2024-12-04T16:40:51.460+0700][10,609s][info   ][gc,marking  ] GC(935) Concurrent Scan Root Regions 0,057ms
[2024-12-04T16:40:51.460+0700][10,609s][info   ][gc,marking  ] GC(935) Concurrent Mark
[2024-12-04T16:40:51.460+0700][10,609s][info   ][gc,marking  ] GC(935) Concurrent Mark From Roots
[2024-12-04T16:40:51.460+0700][10,609s][info   ][gc,task     ] GC(935) Using 2 workers of 2 for marking
[2024-12-04T16:40:51.463+0700][10,612s][info   ][gc,marking  ] GC(935) Concurrent Mark From Roots 3,529ms
[2024-12-04T16:40:51.464+0700][10,612s][info   ][gc,marking  ] GC(935) Concurrent Preclean
[2024-12-04T16:40:51.464+0700][10,612s][info   ][gc,marking  ] GC(935) Concurrent Preclean 0,044ms
[2024-12-04T16:40:51.464+0700][10,612s][info   ][gc,start    ] GC(935) Pause Remark
[2024-12-04T16:40:51.464+0700][10,613s][info   ][gc          ] GC(935) Pause Remark 1639M->1639M(2048M) 0,845ms
[2024-12-04T16:40:51.464+0700][10,613s][info   ][gc,cpu      ] GC(935) User=0,00s Sys=0,00s Real=0,00s
[2024-12-04T16:40:51.464+0700][10,613s][info   ][gc,marking  ] GC(935) Concurrent Mark 4,538ms
[2024-12-04T16:40:51.465+0700][10,613s][info   ][gc,marking  ] GC(935) Concurrent Rebuild Remembered Sets
[2024-12-04T16:40:51.466+0700][10,615s][info   ][gc,marking  ] GC(935) Concurrent Rebuild Remembered Sets 1,890ms
[2024-12-04T16:40:51.466+0700][10,615s][info   ][gc,start    ] GC(935) Pause Cleanup
[2024-12-04T16:40:51.467+0700][10,616s][info   ][gc          ] GC(935) Pause Cleanup 1640M->1640M(2048M) 0,253ms
[2024-12-04T16:40:51.467+0700][10,616s][info   ][gc,cpu      ] GC(935) User=0,00s Sys=0,00s Real=0,00s
[2024-12-04T16:40:51.467+0700][10,616s][info   ][gc,marking  ] GC(935) Concurrent Cleanup for Next Mark
[2024-12-04T16:40:51.470+0700][10,619s][info   ][gc,marking  ] GC(935) Concurrent Cleanup for Next Mark 3,274ms
[2024-12-04T16:40:51.470+0700][10,619s][info   ][gc          ] GC(935) Concurrent Mark Cycle 10,224ms
[2024-12-04T16:40:51.471+0700][10,620s][info   ][gc,start    ] GC(936) Pause Young (Concurrent Start) (G1 Humongous Allocation)
[2024-12-04T16:40:51.471+0700][10,620s][info   ][gc,task     ] GC(936) Using 8 workers of 8 for evacuation
[2024-12-04T16:40:51.473+0700][10,622s][info   ][gc,phases   ] GC(936)   Pre Evacuate Collection Set: 0,3ms
[2024-12-04T16:40:51.473+0700][10,622s][info   ][gc,phases   ] GC(936)   Merge Heap Roots: 0,3ms
[2024-12-04T16:40:51.473+0700][10,622s][info   ][gc,phases   ] GC(936)   Evacuate Collection Set: 0,8ms
[2024-12-04T16:40:51.473+0700][10,622s][info   ][gc,phases   ] GC(936)   Post Evacuate Collection Set: 0,2ms
[2024-12-04T16:40:51.473+0700][10,622s][info   ][gc,phases   ] GC(936)   Other: 0,2ms
[2024-12-04T16:40:51.473+0700][10,622s][info   ][gc,heap     ] GC(936) Eden regions: 1->0(199)
[2024-12-04T16:40:51.473+0700][10,622s][info   ][gc,heap     ] GC(936) Survivor regions: 1->1(26)
[2024-12-04T16:40:51.473+0700][10,622s][info   ][gc,heap     ] GC(936) Old regions: 3->3
[2024-12-04T16:40:51.473+0700][10,622s][info   ][gc,heap     ] GC(936) Archive regions: 2->2
[2024-12-04T16:40:51.473+0700][10,622s][info   ][gc,heap     ] GC(936) Humongous regions: 1637->1637
[2024-12-04T16:40:51.473+0700][10,622s][info   ][gc,metaspace] GC(936) Metaspace: 5851K(6080K)->5851K(6080K) NonClass: 5186K(5312K)->5186K(5312K) Class: 664K(768K)->664K(768K)
[2024-12-04T16:40:51.473+0700][10,622s][info   ][gc          ] GC(936) Pause Young (Concurrent Start) (G1 Humongous Allocation) 1640M->1640M(2048M) 1,932ms
[2024-12-04T16:40:51.473+0700][10,622s][info   ][gc,cpu      ] GC(936) User=0,00s Sys=0,00s Real=0,01s
[2024-12-04T16:40:51.473+0700][10,622s][info   ][gc          ] GC(937) Concurrent Mark Cycle
[2024-12-04T16:40:51.473+0700][10,622s][info   ][gc,marking  ] GC(937) Concurrent Clear Claimed Marks
[2024-12-04T16:40:51.473+0700][10,622s][info   ][gc,marking  ] GC(937) Concurrent Clear Claimed Marks 0,021ms
[2024-12-04T16:40:51.473+0700][10,622s][info   ][gc,marking  ] GC(937) Concurrent Scan Root Regions
[2024-12-04T16:40:51.473+0700][10,622s][info   ][gc,marking  ] GC(937) Concurrent Scan Root Regions 0,067ms
[2024-12-04T16:40:51.473+0700][10,622s][info   ][gc,marking  ] GC(937) Concurrent Mark
[2024-12-04T16:40:51.473+0700][10,622s][info   ][gc,marking  ] GC(937) Concurrent Mark From Roots
[2024-12-04T16:40:51.473+0700][10,622s][info   ][gc,task     ] GC(937) Using 2 workers of 2 for marking
[2024-12-04T16:40:51.478+0700][10,627s][info   ][gc,marking  ] GC(937) Concurrent Mark From Roots 4,475ms
[2024-12-04T16:40:51.478+0700][10,627s][info   ][gc,marking  ] GC(937) Concurrent Preclean
[2024-12-04T16:40:51.478+0700][10,627s][info   ][gc,marking  ] GC(937) Concurrent Preclean 0,055ms
[2024-12-04T16:40:51.478+0700][10,627s][info   ][gc,start    ] GC(937) Pause Remark
[2024-12-04T16:40:51.479+0700][10,628s][info   ][gc          ] GC(937) Pause Remark 1641M->1641M(2048M) 1,546ms
[2024-12-04T16:40:51.480+0700][10,628s][info   ][gc,cpu      ] GC(937) User=0,00s Sys=0,00s Real=0,00s
[2024-12-04T16:40:51.480+0700][10,628s][info   ][gc,marking  ] GC(937) Concurrent Mark 6,223ms
[2024-12-04T16:40:51.480+0700][10,628s][info   ][gc,marking  ] GC(937) Concurrent Rebuild Remembered Sets
[2024-12-04T16:40:51.481+0700][10,630s][info   ][gc,marking  ] GC(937) Concurrent Rebuild Remembered Sets 1,868ms
[2024-12-04T16:40:51.481+0700][10,630s][info   ][gc,start    ] GC(937) Pause Cleanup
[2024-12-04T16:40:51.482+0700][10,631s][info   ][gc          ] GC(937) Pause Cleanup 1642M->1642M(2048M) 0,223ms
[2024-12-04T16:40:51.482+0700][10,631s][info   ][gc,cpu      ] GC(937) User=0,00s Sys=0,00s Real=0,00s
[2024-12-04T16:40:51.482+0700][10,631s][info   ][gc,marking  ] GC(937) Concurrent Cleanup for Next Mark
[2024-12-04T16:40:51.485+0700][10,634s][info   ][gc,marking  ] GC(937) Concurrent Cleanup for Next Mark 3,027ms
[2024-12-04T16:40:51.485+0700][10,634s][info   ][gc          ] GC(937) Concurrent Mark Cycle 11,615ms
[2024-12-04T16:40:51.485+0700][10,634s][info   ][gc,start    ] GC(938) Pause Young (Concurrent Start) (G1 Humongous Allocation)
[2024-12-04T16:40:51.485+0700][10,634s][info   ][gc,task     ] GC(938) Using 8 workers of 8 for evacuation
[2024-12-04T16:40:51.487+0700][10,635s][info   ][gc,phases   ] GC(938)   Pre Evacuate Collection Set: 0,4ms
[2024-12-04T16:40:51.487+0700][10,636s][info   ][gc,phases   ] GC(938)   Merge Heap Roots: 0,3ms
[2024-12-04T16:40:51.487+0700][10,636s][info   ][gc,phases   ] GC(938)   Evacuate Collection Set: 0,3ms
[2024-12-04T16:40:51.487+0700][10,636s][info   ][gc,phases   ] GC(938)   Post Evacuate Collection Set: 0,1ms
[2024-12-04T16:40:51.487+0700][10,636s][info   ][gc,phases   ] GC(938)   Other: 0,2ms
[2024-12-04T16:40:51.487+0700][10,636s][info   ][gc,heap     ] GC(938) Eden regions: 1->0(197)
[2024-12-04T16:40:51.487+0700][10,636s][info   ][gc,heap     ] GC(938) Survivor regions: 1->1(25)
[2024-12-04T16:40:51.487+0700][10,636s][info   ][gc,heap     ] GC(938) Old regions: 3->3
[2024-12-04T16:40:51.487+0700][10,636s][info   ][gc,heap     ] GC(938) Archive regions: 2->2
[2024-12-04T16:40:51.487+0700][10,636s][info   ][gc,heap     ] GC(938) Humongous regions: 1639->1639
[2024-12-04T16:40:51.487+0700][10,636s][info   ][gc,metaspace] GC(938) Metaspace: 5851K(6080K)->5851K(6080K) NonClass: 5186K(5312K)->5186K(5312K) Class: 664K(768K)->664K(768K)
[2024-12-04T16:40:51.487+0700][10,636s][info   ][gc          ] GC(938) Pause Young (Concurrent Start) (G1 Humongous Allocation) 1642M->1642M(2048M) 1,403ms
[2024-12-04T16:40:51.487+0700][10,636s][info   ][gc,cpu      ] GC(938) User=0,01s Sys=0,00s Real=0,00s
[2024-12-04T16:40:51.487+0700][10,636s][info   ][gc          ] GC(939) Concurrent Mark Cycle
[2024-12-04T16:40:51.487+0700][10,636s][info   ][gc,marking  ] GC(939) Concurrent Clear Claimed Marks
[2024-12-04T16:40:51.487+0700][10,636s][info   ][gc,marking  ] GC(939) Concurrent Clear Claimed Marks 0,006ms
[2024-12-04T16:40:51.487+0700][10,636s][info   ][gc,marking  ] GC(939) Concurrent Scan Root Regions
[2024-12-04T16:40:51.487+0700][10,636s][info   ][gc,marking  ] GC(939) Concurrent Scan Root Regions 0,065ms
[2024-12-04T16:40:51.487+0700][10,636s][info   ][gc,marking  ] GC(939) Concurrent Mark
[2024-12-04T16:40:51.487+0700][10,636s][info   ][gc,marking  ] GC(939) Concurrent Mark From Roots
[2024-12-04T16:40:51.487+0700][10,636s][info   ][gc,task     ] GC(939) Using 2 workers of 2 for marking
[2024-12-04T16:40:51.491+0700][10,639s][info   ][gc,marking  ] GC(939) Concurrent Mark From Roots 3,707ms
[2024-12-04T16:40:51.491+0700][10,639s][info   ][gc,marking  ] GC(939) Concurrent Preclean
[2024-12-04T16:40:51.491+0700][10,640s][info   ][gc,marking  ] GC(939) Concurrent Preclean 0,047ms
[2024-12-04T16:40:51.491+0700][10,640s][info   ][gc,start    ] GC(939) Pause Remark
[2024-12-04T16:40:51.491+0700][10,640s][info   ][gc          ] GC(939) Pause Remark 1643M->1643M(2048M) 0,751ms
[2024-12-04T16:40:51.491+0700][10,640s][info   ][gc,cpu      ] GC(939) User=0,01s Sys=0,00s Real=0,00s
[2024-12-04T16:40:51.491+0700][10,640s][info   ][gc,marking  ] GC(939) Concurrent Mark 4,620ms
[2024-12-04T16:40:51.491+0700][10,640s][info   ][gc,marking  ] GC(939) Concurrent Rebuild Remembered Sets
[2024-12-04T16:40:51.493+0700][10,642s][info   ][gc,marking  ] GC(939) Concurrent Rebuild Remembered Sets 1,846ms
[2024-12-04T16:40:51.493+0700][10,642s][info   ][gc,start    ] GC(939) Pause Cleanup
[2024-12-04T16:40:51.494+0700][10,642s][info   ][gc          ] GC(939) Pause Cleanup 1644M->1644M(2048M) 0,157ms
[2024-12-04T16:40:51.494+0700][10,642s][info   ][gc,cpu      ] GC(939) User=0,00s Sys=0,00s Real=0,00s
[2024-12-04T16:40:51.494+0700][10,642s][info   ][gc,marking  ] GC(939) Concurrent Cleanup for Next Mark
[2024-12-04T16:40:51.497+0700][10,646s][info   ][gc,marking  ] GC(939) Concurrent Cleanup for Next Mark 3,240ms
[2024-12-04T16:40:51.497+0700][10,646s][info   ][gc          ] GC(939) Concurrent Mark Cycle 10,087ms
[2024-12-04T16:40:51.498+0700][10,647s][info   ][gc,start    ] GC(940) Pause Young (Concurrent Start) (G1 Humongous Allocation)
[2024-12-04T16:40:51.498+0700][10,647s][info   ][gc,task     ] GC(940) Using 8 workers of 8 for evacuation
[2024-12-04T16:40:51.500+0700][10,648s][info   ][gc,phases   ] GC(940)   Pre Evacuate Collection Set: 0,4ms
[2024-12-04T16:40:51.500+0700][10,648s][info   ][gc,phases   ] GC(940)   Merge Heap Roots: 0,3ms
[2024-12-04T16:40:51.500+0700][10,648s][info   ][gc,phases   ] GC(940)   Evacuate Collection Set: 0,4ms
[2024-12-04T16:40:51.500+0700][10,648s][info   ][gc,phases   ] GC(940)   Post Evacuate Collection Set: 0,1ms
[2024-12-04T16:40:51.500+0700][10,649s][info   ][gc,phases   ] GC(940)   Other: 0,2ms
[2024-12-04T16:40:51.500+0700][10,649s][info   ][gc,heap     ] GC(940) Eden regions: 1->0(195)
[2024-12-04T16:40:51.500+0700][10,649s][info   ][gc,heap     ] GC(940) Survivor regions: 1->1(25)
[2024-12-04T16:40:51.500+0700][10,649s][info   ][gc,heap     ] GC(940) Old regions: 3->3
[2024-12-04T16:40:51.500+0700][10,649s][info   ][gc,heap     ] GC(940) Archive regions: 2->2
[2024-12-04T16:40:51.500+0700][10,649s][info   ][gc,heap     ] GC(940) Humongous regions: 1641->1641
[2024-12-04T16:40:51.500+0700][10,649s][info   ][gc,metaspace] GC(940) Metaspace: 5851K(6080K)->5851K(6080K) NonClass: 5186K(5312K)->5186K(5312K) Class: 664K(768K)->664K(768K)
[2024-12-04T16:40:51.500+0700][10,649s][info   ][gc          ] GC(940) Pause Young (Concurrent Start) (G1 Humongous Allocation) 1644M->1644M(2048M) 1,413ms
[2024-12-04T16:40:51.500+0700][10,649s][info   ][gc,cpu      ] GC(940) User=0,00s Sys=0,00s Real=0,00s
[2024-12-04T16:40:51.500+0700][10,649s][info   ][gc          ] GC(941) Concurrent Mark Cycle
[2024-12-04T16:40:51.500+0700][10,649s][info   ][gc,marking  ] GC(941) Concurrent Clear Claimed Marks
[2024-12-04T16:40:51.500+0700][10,649s][info   ][gc,marking  ] GC(941) Concurrent Clear Claimed Marks 0,015ms
[2024-12-04T16:40:51.500+0700][10,649s][info   ][gc,marking  ] GC(941) Concurrent Scan Root Regions
[2024-12-04T16:40:51.500+0700][10,649s][info   ][gc,marking  ] GC(941) Concurrent Scan Root Regions 0,064ms
[2024-12-04T16:40:51.500+0700][10,649s][info   ][gc,marking  ] GC(941) Concurrent Mark
[2024-12-04T16:40:51.500+0700][10,649s][info   ][gc,marking  ] GC(941) Concurrent Mark From Roots
[2024-12-04T16:40:51.500+0700][10,649s][info   ][gc,task     ] GC(941) Using 2 workers of 2 for marking
[2024-12-04T16:40:51.503+0700][10,652s][info   ][gc,marking  ] GC(941) Concurrent Mark From Roots 3,326ms
[2024-12-04T16:40:51.503+0700][10,652s][info   ][gc,marking  ] GC(941) Concurrent Preclean
[2024-12-04T16:40:51.503+0700][10,652s][info   ][gc,marking  ] GC(941) Concurrent Preclean 0,044ms
[2024-12-04T16:40:51.503+0700][10,652s][info   ][gc,start    ] GC(941) Pause Remark
[2024-12-04T16:40:51.504+0700][10,653s][info   ][gc          ] GC(941) Pause Remark 1645M->1645M(2048M) 1,175ms
[2024-12-04T16:40:51.504+0700][10,653s][info   ][gc,cpu      ] GC(941) User=0,00s Sys=0,00s Real=0,00s
[2024-12-04T16:40:51.505+0700][10,653s][info   ][gc,marking  ] GC(941) Concurrent Mark 4,661ms
[2024-12-04T16:40:51.505+0700][10,653s][info   ][gc,marking  ] GC(941) Concurrent Rebuild Remembered Sets
[2024-12-04T16:40:51.506+0700][10,655s][info   ][gc,marking  ] GC(941) Concurrent Rebuild Remembered Sets 1,952ms
[2024-12-04T16:40:51.507+0700][10,655s][info   ][gc,start    ] GC(941) Pause Cleanup
[2024-12-04T16:40:51.507+0700][10,656s][info   ][gc          ] GC(941) Pause Cleanup 1646M->1646M(2048M) 0,261ms
[2024-12-04T16:40:51.507+0700][10,656s][info   ][gc,cpu      ] GC(941) User=0,00s Sys=0,00s Real=0,00s
[2024-12-04T16:40:51.507+0700][10,656s][info   ][gc,marking  ] GC(941) Concurrent Cleanup for Next Mark
[2024-12-04T16:40:51.510+0700][10,659s][info   ][gc,marking  ] GC(941) Concurrent Cleanup for Next Mark 3,450ms
[2024-12-04T16:40:51.510+0700][10,659s][info   ][gc          ] GC(941) Concurrent Mark Cycle 10,602ms
[2024-12-04T16:40:51.511+0700][10,660s][info   ][gc,start    ] GC(942) Pause Young (Concurrent Start) (G1 Humongous Allocation)
[2024-12-04T16:40:51.511+0700][10,660s][info   ][gc,task     ] GC(942) Using 8 workers of 8 for evacuation
[2024-12-04T16:40:51.515+0700][10,663s][info   ][gc,phases   ] GC(942)   Pre Evacuate Collection Set: 0,5ms
[2024-12-04T16:40:51.515+0700][10,663s][info   ][gc,phases   ] GC(942)   Merge Heap Roots: 0,4ms
[2024-12-04T16:40:51.515+0700][10,664s][info   ][gc,phases   ] GC(942)   Evacuate Collection Set: 2,1ms
[2024-12-04T16:40:51.515+0700][10,664s][info   ][gc,phases   ] GC(942)   Post Evacuate Collection Set: 0,2ms
[2024-12-04T16:40:51.515+0700][10,664s][info   ][gc,phases   ] GC(942)   Other: 0,2ms
[2024-12-04T16:40:51.515+0700][10,664s][info   ][gc,heap     ] GC(942) Eden regions: 1->0(193)
[2024-12-04T16:40:51.515+0700][10,664s][info   ][gc,heap     ] GC(942) Survivor regions: 1->1(25)
[2024-12-04T16:40:51.515+0700][10,664s][info   ][gc,heap     ] GC(942) Old regions: 3->3
[2024-12-04T16:40:51.515+0700][10,664s][info   ][gc,heap     ] GC(942) Archive regions: 2->2
[2024-12-04T16:40:51.515+0700][10,664s][info   ][gc,heap     ] GC(942) Humongous regions: 1643->1643
[2024-12-04T16:40:51.515+0700][10,664s][info   ][gc,metaspace] GC(942) Metaspace: 5851K(6080K)->5851K(6080K) NonClass: 5186K(5312K)->5186K(5312K) Class: 664K(768K)->664K(768K)
[2024-12-04T16:40:51.515+0700][10,664s][info   ][gc          ] GC(942) Pause Young (Concurrent Start) (G1 Humongous Allocation) 1646M->1646M(2048M) 3,607ms
[2024-12-04T16:40:51.515+0700][10,664s][info   ][gc,cpu      ] GC(942) User=0,00s Sys=0,00s Real=0,01s
[2024-12-04T16:40:51.515+0700][10,664s][info   ][gc          ] GC(943) Concurrent Mark Cycle
[2024-12-04T16:40:51.515+0700][10,664s][info   ][gc,marking  ] GC(943) Concurrent Clear Claimed Marks
[2024-12-04T16:40:51.515+0700][10,664s][info   ][gc,marking  ] GC(943) Concurrent Clear Claimed Marks 0,030ms
[2024-12-04T16:40:51.515+0700][10,664s][info   ][gc,marking  ] GC(943) Concurrent Scan Root Regions
[2024-12-04T16:40:51.515+0700][10,664s][info   ][gc,marking  ] GC(943) Concurrent Scan Root Regions 0,133ms
[2024-12-04T16:40:51.515+0700][10,664s][info   ][gc,marking  ] GC(943) Concurrent Mark
[2024-12-04T16:40:51.515+0700][10,664s][info   ][gc,marking  ] GC(943) Concurrent Mark From Roots
[2024-12-04T16:40:51.515+0700][10,664s][info   ][gc,task     ] GC(943) Using 2 workers of 2 for marking
[2024-12-04T16:40:51.520+0700][10,668s][info   ][gc,marking  ] GC(943) Concurrent Mark From Roots 4,539ms
[2024-12-04T16:40:51.520+0700][10,668s][info   ][gc,marking  ] GC(943) Concurrent Preclean
[2024-12-04T16:40:51.520+0700][10,669s][info   ][gc,marking  ] GC(943) Concurrent Preclean 0,064ms
[2024-12-04T16:40:51.520+0700][10,669s][info   ][gc,start    ] GC(943) Pause Remark
[2024-12-04T16:40:51.521+0700][10,670s][info   ][gc          ] GC(943) Pause Remark 1647M->1647M(2048M) 0,971ms
[2024-12-04T16:40:51.521+0700][10,670s][info   ][gc,cpu      ] GC(943) User=0,00s Sys=0,00s Real=0,00s
[2024-12-04T16:40:51.521+0700][10,670s][info   ][gc,marking  ] GC(943) Concurrent Mark 5,746ms
[2024-12-04T16:40:51.521+0700][10,670s][info   ][gc,marking  ] GC(943) Concurrent Rebuild Remembered Sets
[2024-12-04T16:40:51.523+0700][10,672s][info   ][gc,marking  ] GC(943) Concurrent Rebuild Remembered Sets 2,039ms
[2024-12-04T16:40:51.523+0700][10,672s][info   ][gc,start    ] GC(943) Pause Cleanup
[2024-12-04T16:40:51.523+0700][10,672s][info   ][gc          ] GC(943) Pause Cleanup 1648M->1648M(2048M) 0,345ms
[2024-12-04T16:40:51.523+0700][10,672s][info   ][gc,cpu      ] GC(943) User=0,00s Sys=0,00s Real=0,01s
[2024-12-04T16:40:51.523+0700][10,672s][info   ][gc,marking  ] GC(943) Concurrent Cleanup for Next Mark
[2024-12-04T16:40:51.528+0700][10,677s][info   ][gc,marking  ] GC(943) Concurrent Cleanup for Next Mark 4,306ms
[2024-12-04T16:40:51.528+0700][10,677s][info   ][gc          ] GC(943) Concurrent Mark Cycle 13,040ms
[2024-12-04T16:40:51.533+0700][10,682s][info   ][gc,start    ] GC(944) Pause Young (Concurrent Start) (G1 Humongous Allocation)
[2024-12-04T16:40:51.533+0700][10,682s][info   ][gc,task     ] GC(944) Using 8 workers of 8 for evacuation
[2024-12-04T16:40:51.535+0700][10,684s][info   ][gc,phases   ] GC(944)   Pre Evacuate Collection Set: 0,4ms
[2024-12-04T16:40:51.535+0700][10,684s][info   ][gc,phases   ] GC(944)   Merge Heap Roots: 0,4ms
[2024-12-04T16:40:51.535+0700][10,684s][info   ][gc,phases   ] GC(944)   Evacuate Collection Set: 0,6ms
[2024-12-04T16:40:51.535+0700][10,684s][info   ][gc,phases   ] GC(944)   Post Evacuate Collection Set: 0,2ms
[2024-12-04T16:40:51.535+0700][10,684s][info   ][gc,phases   ] GC(944)   Other: 0,2ms
[2024-12-04T16:40:51.535+0700][10,684s][info   ][gc,heap     ] GC(944) Eden regions: 1->0(190)
[2024-12-04T16:40:51.535+0700][10,684s][info   ][gc,heap     ] GC(944) Survivor regions: 1->1(25)
[2024-12-04T16:40:51.535+0700][10,684s][info   ][gc,heap     ] GC(944) Old regions: 3->3
[2024-12-04T16:40:51.535+0700][10,684s][info   ][gc,heap     ] GC(944) Archive regions: 2->2
[2024-12-04T16:40:51.535+0700][10,684s][info   ][gc,heap     ] GC(944) Humongous regions: 1646->1646
[2024-12-04T16:40:51.535+0700][10,684s][info   ][gc,metaspace] GC(944) Metaspace: 5851K(6080K)->5851K(6080K) NonClass: 5186K(5312K)->5186K(5312K) Class: 664K(768K)->664K(768K)
[2024-12-04T16:40:51.535+0700][10,684s][info   ][gc          ] GC(944) Pause Young (Concurrent Start) (G1 Humongous Allocation) 1649M->1649M(2048M) 1,985ms
[2024-12-04T16:40:51.535+0700][10,684s][info   ][gc,cpu      ] GC(944) User=0,00s Sys=0,00s Real=0,01s
[2024-12-04T16:40:51.535+0700][10,684s][info   ][gc          ] GC(945) Concurrent Mark Cycle
[2024-12-04T16:40:51.535+0700][10,684s][info   ][gc,marking  ] GC(945) Concurrent Clear Claimed Marks
[2024-12-04T16:40:51.535+0700][10,684s][info   ][gc,marking  ] GC(945) Concurrent Clear Claimed Marks 0,007ms
[2024-12-04T16:40:51.535+0700][10,684s][info   ][gc,marking  ] GC(945) Concurrent Scan Root Regions
[2024-12-04T16:40:51.535+0700][10,684s][info   ][gc,marking  ] GC(945) Concurrent Scan Root Regions 0,042ms
[2024-12-04T16:40:51.535+0700][10,684s][info   ][gc,marking  ] GC(945) Concurrent Mark
[2024-12-04T16:40:51.535+0700][10,684s][info   ][gc,marking  ] GC(945) Concurrent Mark From Roots
[2024-12-04T16:40:51.535+0700][10,684s][info   ][gc,task     ] GC(945) Using 2 workers of 2 for marking
[2024-12-04T16:40:51.540+0700][10,689s][info   ][gc,marking  ] GC(945) Concurrent Mark From Roots 5,188ms
[2024-12-04T16:40:51.540+0700][10,689s][info   ][gc,marking  ] GC(945) Concurrent Preclean
[2024-12-04T16:40:51.540+0700][10,689s][info   ][gc,marking  ] GC(945) Concurrent Preclean 0,082ms
[2024-12-04T16:40:51.540+0700][10,689s][info   ][gc,start    ] GC(945) Pause Remark
[2024-12-04T16:40:51.542+0700][10,691s][info   ][gc          ] GC(945) Pause Remark 1650M->1650M(2048M) 1,247ms
[2024-12-04T16:40:51.542+0700][10,691s][info   ][gc,cpu      ] GC(945) User=0,00s Sys=0,00s Real=0,00s
[2024-12-04T16:40:51.542+0700][10,691s][info   ][gc,marking  ] GC(945) Concurrent Mark 6,717ms
[2024-12-04T16:40:51.542+0700][10,691s][info   ][gc,marking  ] GC(945) Concurrent Rebuild Remembered Sets
[2024-12-04T16:40:51.544+0700][10,693s][info   ][gc,marking  ] GC(945) Concurrent Rebuild Remembered Sets 2,407ms
[2024-12-04T16:40:51.544+0700][10,693s][info   ][gc,start    ] GC(945) Pause Cleanup
[2024-12-04T16:40:51.545+0700][10,694s][info   ][gc          ] GC(945) Pause Cleanup 1651M->1651M(2048M) 0,555ms
[2024-12-04T16:40:51.545+0700][10,694s][info   ][gc,cpu      ] GC(945) User=0,00s Sys=0,00s Real=0,00s
[2024-12-04T16:40:51.545+0700][10,694s][info   ][gc,marking  ] GC(945) Concurrent Cleanup for Next Mark
[2024-12-04T16:40:51.548+0700][10,697s][info   ][gc,marking  ] GC(945) Concurrent Cleanup for Next Mark 3,411ms
[2024-12-04T16:40:51.548+0700][10,697s][info   ][gc          ] GC(945) Concurrent Mark Cycle 13,453ms
[2024-12-04T16:40:51.554+0700][10,703s][info   ][gc,start    ] GC(946) Pause Young (Concurrent Start) (G1 Humongous Allocation)
[2024-12-04T16:40:51.554+0700][10,703s][info   ][gc,task     ] GC(946) Using 8 workers of 8 for evacuation
[2024-12-04T16:40:51.557+0700][10,706s][info   ][gc,phases   ] GC(946)   Pre Evacuate Collection Set: 0,6ms
[2024-12-04T16:40:51.557+0700][10,706s][info   ][gc,phases   ] GC(946)   Merge Heap Roots: 0,4ms
[2024-12-04T16:40:51.557+0700][10,706s][info   ][gc,phases   ] GC(946)   Evacuate Collection Set: 0,7ms
[2024-12-04T16:40:51.557+0700][10,706s][info   ][gc,phases   ] GC(946)   Post Evacuate Collection Set: 0,7ms
[2024-12-04T16:40:51.557+0700][10,706s][info   ][gc,phases   ] GC(946)   Other: 0,4ms
[2024-12-04T16:40:51.557+0700][10,706s][info   ][gc,heap     ] GC(946) Eden regions: 1->0(187)
[2024-12-04T16:40:51.557+0700][10,706s][info   ][gc,heap     ] GC(946) Survivor regions: 1->1(24)
[2024-12-04T16:40:51.557+0700][10,706s][info   ][gc,heap     ] GC(946) Old regions: 3->3
[2024-12-04T16:40:51.557+0700][10,706s][info   ][gc,heap     ] GC(946) Archive regions: 2->2
[2024-12-04T16:40:51.557+0700][10,706s][info   ][gc,heap     ] GC(946) Humongous regions: 1649->1649
[2024-12-04T16:40:51.557+0700][10,706s][info   ][gc,metaspace] GC(946) Metaspace: 5851K(6080K)->5851K(6080K) NonClass: 5186K(5312K)->5186K(5312K) Class: 664K(768K)->664K(768K)
[2024-12-04T16:40:51.557+0700][10,706s][info   ][gc          ] GC(946) Pause Young (Concurrent Start) (G1 Humongous Allocation) 1652M->1652M(2048M) 2,944ms
[2024-12-04T16:40:51.557+0700][10,706s][info   ][gc,cpu      ] GC(946) User=0,00s Sys=0,00s Real=0,00s
[2024-12-04T16:40:51.557+0700][10,706s][info   ][gc          ] GC(947) Concurrent Mark Cycle
[2024-12-04T16:40:51.557+0700][10,706s][info   ][gc,marking  ] GC(947) Concurrent Clear Claimed Marks
[2024-12-04T16:40:51.557+0700][10,706s][info   ][gc,marking  ] GC(947) Concurrent Clear Claimed Marks 0,039ms
[2024-12-04T16:40:51.557+0700][10,706s][info   ][gc,marking  ] GC(947) Concurrent Scan Root Regions
[2024-12-04T16:40:51.557+0700][10,706s][info   ][gc,marking  ] GC(947) Concurrent Scan Root Regions 0,141ms
[2024-12-04T16:40:51.557+0700][10,706s][info   ][gc,marking  ] GC(947) Concurrent Mark
[2024-12-04T16:40:51.557+0700][10,706s][info   ][gc,marking  ] GC(947) Concurrent Mark From Roots
[2024-12-04T16:40:51.557+0700][10,706s][info   ][gc,task     ] GC(947) Using 2 workers of 2 for marking
[2024-12-04T16:40:51.563+0700][10,711s][info   ][gc,marking  ] GC(947) Concurrent Mark From Roots 5,221ms
[2024-12-04T16:40:51.563+0700][10,711s][info   ][gc,marking  ] GC(947) Concurrent Preclean
[2024-12-04T16:40:51.563+0700][10,712s][info   ][gc,marking  ] GC(947) Concurrent Preclean 0,076ms
[2024-12-04T16:40:51.563+0700][10,712s][info   ][gc,start    ] GC(947) Pause Remark
[2024-12-04T16:40:51.564+0700][10,713s][info   ][gc          ] GC(947) Pause Remark 1653M->1653M(2048M) 1,033ms
[2024-12-04T16:40:51.564+0700][10,713s][info   ][gc,cpu      ] GC(947) User=0,01s Sys=0,00s Real=0,01s
[2024-12-04T16:40:51.564+0700][10,713s][info   ][gc,marking  ] GC(947) Concurrent Mark 6,581ms
[2024-12-04T16:40:51.564+0700][10,713s][info   ][gc,marking  ] GC(947) Concurrent Rebuild Remembered Sets
[2024-12-04T16:40:51.566+0700][10,715s][info   ][gc,marking  ] GC(947) Concurrent Rebuild Remembered Sets 2,126ms
[2024-12-04T16:40:51.566+0700][10,715s][info   ][gc,start    ] GC(947) Pause Cleanup
[2024-12-04T16:40:51.566+0700][10,715s][info   ][gc          ] GC(947) Pause Cleanup 1654M->1654M(2048M) 0,369ms
[2024-12-04T16:40:51.566+0700][10,715s][info   ][gc,cpu      ] GC(947) User=0,00s Sys=0,00s Real=0,00s
[2024-12-04T16:40:51.567+0700][10,715s][info   ][gc,marking  ] GC(947) Concurrent Cleanup for Next Mark
[2024-12-04T16:40:51.572+0700][10,721s][info   ][gc,marking  ] GC(947) Concurrent Cleanup for Next Mark 5,404ms
[2024-12-04T16:40:51.572+0700][10,721s][info   ][gc          ] GC(947) Concurrent Mark Cycle 15,085ms
[2024-12-04T16:40:51.576+0700][10,725s][info   ][gc,start    ] GC(948) Pause Young (Concurrent Start) (G1 Humongous Allocation)
[2024-12-04T16:40:51.576+0700][10,725s][info   ][gc,task     ] GC(948) Using 8 workers of 8 for evacuation
[2024-12-04T16:40:51.578+0700][10,727s][info   ][gc,phases   ] GC(948)   Pre Evacuate Collection Set: 0,3ms
[2024-12-04T16:40:51.578+0700][10,727s][info   ][gc,phases   ] GC(948)   Merge Heap Roots: 0,4ms
[2024-12-04T16:40:51.578+0700][10,727s][info   ][gc,phases   ] GC(948)   Evacuate Collection Set: 0,5ms
[2024-12-04T16:40:51.578+0700][10,727s][info   ][gc,phases   ] GC(948)   Post Evacuate Collection Set: 0,2ms
[2024-12-04T16:40:51.578+0700][10,727s][info   ][gc,phases   ] GC(948)   Other: 0,2ms
[2024-12-04T16:40:51.578+0700][10,727s][info   ][gc,heap     ] GC(948) Eden regions: 1->0(184)
[2024-12-04T16:40:51.578+0700][10,727s][info   ][gc,heap     ] GC(948) Survivor regions: 1->1(24)
[2024-12-04T16:40:51.578+0700][10,727s][info   ][gc,heap     ] GC(948) Old regions: 3->3
[2024-12-04T16:40:51.578+0700][10,727s][info   ][gc,heap     ] GC(948) Archive regions: 2->2
[2024-12-04T16:40:51.578+0700][10,727s][info   ][gc,heap     ] GC(948) Humongous regions: 1652->1652
[2024-12-04T16:40:51.578+0700][10,727s][info   ][gc,metaspace] GC(948) Metaspace: 5851K(6080K)->5851K(6080K) NonClass: 5186K(5312K)->5186K(5312K) Class: 664K(768K)->664K(768K)
[2024-12-04T16:40:51.578+0700][10,727s][info   ][gc          ] GC(948) Pause Young (Concurrent Start) (G1 Humongous Allocation) 1655M->1655M(2048M) 1,796ms
[2024-12-04T16:40:51.578+0700][10,727s][info   ][gc,cpu      ] GC(948) User=0,01s Sys=0,00s Real=0,00s
[2024-12-04T16:40:51.578+0700][10,727s][info   ][gc          ] GC(949) Concurrent Mark Cycle
[2024-12-04T16:40:51.578+0700][10,727s][info   ][gc,marking  ] GC(949) Concurrent Clear Claimed Marks
[2024-12-04T16:40:51.578+0700][10,727s][info   ][gc,marking  ] GC(949) Concurrent Clear Claimed Marks 0,012ms
[2024-12-04T16:40:51.578+0700][10,727s][info   ][gc,marking  ] GC(949) Concurrent Scan Root Regions
[2024-12-04T16:40:51.578+0700][10,727s][info   ][gc,marking  ] GC(949) Concurrent Scan Root Regions 0,055ms
[2024-12-04T16:40:51.578+0700][10,727s][info   ][gc,marking  ] GC(949) Concurrent Mark
[2024-12-04T16:40:51.578+0700][10,727s][info   ][gc,marking  ] GC(949) Concurrent Mark From Roots
[2024-12-04T16:40:51.578+0700][10,727s][info   ][gc,task     ] GC(949) Using 2 workers of 2 for marking
[2024-12-04T16:40:51.582+0700][10,731s][info   ][gc,marking  ] GC(949) Concurrent Mark From Roots 4,210ms
[2024-12-04T16:40:51.583+0700][10,731s][info   ][gc,marking  ] GC(949) Concurrent Preclean
[2024-12-04T16:40:51.583+0700][10,731s][info   ][gc,marking  ] GC(949) Concurrent Preclean 0,061ms
[2024-12-04T16:40:51.583+0700][10,731s][info   ][gc,start    ] GC(949) Pause Remark
[2024-12-04T16:40:51.584+0700][10,733s][info   ][gc          ] GC(949) Pause Remark 1656M->1656M(2048M) 1,042ms
[2024-12-04T16:40:51.584+0700][10,733s][info   ][gc,cpu      ] GC(949) User=0,00s Sys=0,00s Real=0,01s
[2024-12-04T16:40:51.584+0700][10,733s][info   ][gc,marking  ] GC(949) Concurrent Mark 5,468ms
[2024-12-04T16:40:51.584+0700][10,733s][info   ][gc,marking  ] GC(949) Concurrent Rebuild Remembered Sets
[2024-12-04T16:40:51.586+0700][10,734s][info   ][gc,marking  ] GC(949) Concurrent Rebuild Remembered Sets 1,773ms
[2024-12-04T16:40:51.586+0700][10,734s][info   ][gc,start    ] GC(949) Pause Cleanup
[2024-12-04T16:40:51.586+0700][10,735s][info   ][gc          ] GC(949) Pause Cleanup 1657M->1657M(2048M) 0,269ms
[2024-12-04T16:40:51.586+0700][10,735s][info   ][gc,cpu      ] GC(949) User=0,00s Sys=0,00s Real=0,00s
[2024-12-04T16:40:51.586+0700][10,735s][info   ][gc,marking  ] GC(949) Concurrent Cleanup for Next Mark
[2024-12-04T16:40:51.590+0700][10,739s][info   ][gc,marking  ] GC(949) Concurrent Cleanup for Next Mark 4,081ms
[2024-12-04T16:40:51.590+0700][10,739s][info   ][gc          ] GC(949) Concurrent Mark Cycle 11,998ms
[2024-12-04T16:40:51.596+0700][10,745s][info   ][gc,start    ] GC(950) Pause Young (Concurrent Start) (G1 Humongous Allocation)
[2024-12-04T16:40:51.596+0700][10,745s][info   ][gc,task     ] GC(950) Using 8 workers of 8 for evacuation
[2024-12-04T16:40:51.598+0700][10,747s][info   ][gc,phases   ] GC(950)   Pre Evacuate Collection Set: 0,5ms
[2024-12-04T16:40:51.598+0700][10,747s][info   ][gc,phases   ] GC(950)   Merge Heap Roots: 0,6ms
[2024-12-04T16:40:51.598+0700][10,747s][info   ][gc,phases   ] GC(950)   Evacuate Collection Set: 0,9ms
[2024-12-04T16:40:51.598+0700][10,747s][info   ][gc,phases   ] GC(950)   Post Evacuate Collection Set: 0,3ms
[2024-12-04T16:40:51.598+0700][10,747s][info   ][gc,phases   ] GC(950)   Other: 0,3ms
[2024-12-04T16:40:51.598+0700][10,747s][info   ][gc,heap     ] GC(950) Eden regions: 1->0(181)
[2024-12-04T16:40:51.598+0700][10,747s][info   ][gc,heap     ] GC(950) Survivor regions: 1->1(24)
[2024-12-04T16:40:51.598+0700][10,747s][info   ][gc,heap     ] GC(950) Old regions: 3->3
[2024-12-04T16:40:51.598+0700][10,747s][info   ][gc,heap     ] GC(950) Archive regions: 2->2
[2024-12-04T16:40:51.599+0700][10,747s][info   ][gc,heap     ] GC(950) Humongous regions: 1655->1655
[2024-12-04T16:40:51.599+0700][10,747s][info   ][gc,metaspace] GC(950) Metaspace: 5851K(6080K)->5851K(6080K) NonClass: 5186K(5312K)->5186K(5312K) Class: 664K(768K)->664K(768K)
[2024-12-04T16:40:51.599+0700][10,747s][info   ][gc          ] GC(950) Pause Young (Concurrent Start) (G1 Humongous Allocation) 1658M->1658M(2048M) 2,742ms
[2024-12-04T16:40:51.599+0700][10,747s][info   ][gc,cpu      ] GC(950) User=0,01s Sys=0,00s Real=0,00s
[2024-12-04T16:40:51.599+0700][10,747s][info   ][gc          ] GC(951) Concurrent Mark Cycle
[2024-12-04T16:40:51.599+0700][10,748s][info   ][gc,marking  ] GC(951) Concurrent Clear Claimed Marks
[2024-12-04T16:40:51.599+0700][10,748s][info   ][gc,marking  ] GC(951) Concurrent Clear Claimed Marks 0,026ms
[2024-12-04T16:40:51.599+0700][10,748s][info   ][gc,marking  ] GC(951) Concurrent Scan Root Regions
[2024-12-04T16:40:51.599+0700][10,748s][info   ][gc,marking  ] GC(951) Concurrent Scan Root Regions 0,095ms
[2024-12-04T16:40:51.599+0700][10,748s][info   ][gc,marking  ] GC(951) Concurrent Mark
[2024-12-04T16:40:51.599+0700][10,748s][info   ][gc,marking  ] GC(951) Concurrent Mark From Roots
[2024-12-04T16:40:51.599+0700][10,748s][info   ][gc,task     ] GC(951) Using 2 workers of 2 for marking
[2024-12-04T16:40:51.605+0700][10,754s][info   ][gc,marking  ] GC(951) Concurrent Mark From Roots 6,307ms
[2024-12-04T16:40:51.605+0700][10,754s][info   ][gc,marking  ] GC(951) Concurrent Preclean
[2024-12-04T16:40:51.605+0700][10,754s][info   ][gc,marking  ] GC(951) Concurrent Preclean 0,070ms
[2024-12-04T16:40:51.605+0700][10,754s][info   ][gc,start    ] GC(951) Pause Remark
[2024-12-04T16:40:51.607+0700][10,756s][info   ][gc          ] GC(951) Pause Remark 1660M->1660M(2048M) 1,332ms
[2024-12-04T16:40:51.607+0700][10,756s][info   ][gc,cpu      ] GC(951) User=0,00s Sys=0,00s Real=0,00s
[2024-12-04T16:40:51.607+0700][10,756s][info   ][gc,marking  ] GC(951) Concurrent Mark 7,958ms
[2024-12-04T16:40:51.607+0700][10,756s][info   ][gc,marking  ] GC(951) Concurrent Rebuild Remembered Sets
[2024-12-04T16:40:51.609+0700][10,758s][info   ][gc,marking  ] GC(951) Concurrent Rebuild Remembered Sets 1,908ms
[2024-12-04T16:40:51.609+0700][10,758s][info   ][gc,start    ] GC(951) Pause Cleanup
[2024-12-04T16:40:51.609+0700][10,758s][info   ][gc          ] GC(951) Pause Cleanup 1660M->1660M(2048M) 0,231ms
[2024-12-04T16:40:51.609+0700][10,758s][info   ][gc,cpu      ] GC(951) User=0,00s Sys=0,00s Real=0,00s
[2024-12-04T16:40:51.609+0700][10,758s][info   ][gc,marking  ] GC(951) Concurrent Cleanup for Next Mark
[2024-12-04T16:40:51.613+0700][10,762s][info   ][gc,marking  ] GC(951) Concurrent Cleanup for Next Mark 4,061ms
[2024-12-04T16:40:51.613+0700][10,762s][info   ][gc          ] GC(951) Concurrent Mark Cycle 14,609ms
[2024-12-04T16:40:51.616+0700][10,765s][info   ][gc,start    ] GC(952) Pause Young (Concurrent Start) (G1 Humongous Allocation)
[2024-12-04T16:40:51.616+0700][10,765s][info   ][gc,task     ] GC(952) Using 8 workers of 8 for evacuation
[2024-12-04T16:40:51.618+0700][10,766s][info   ][gc,phases   ] GC(952)   Pre Evacuate Collection Set: 0,3ms
[2024-12-04T16:40:51.618+0700][10,766s][info   ][gc,phases   ] GC(952)   Merge Heap Roots: 0,4ms
[2024-12-04T16:40:51.618+0700][10,766s][info   ][gc,phases   ] GC(952)   Evacuate Collection Set: 0,5ms
[2024-12-04T16:40:51.618+0700][10,766s][info   ][gc,phases   ] GC(952)   Post Evacuate Collection Set: 0,2ms
[2024-12-04T16:40:51.618+0700][10,766s][info   ][gc,phases   ] GC(952)   Other: 0,2ms
[2024-12-04T16:40:51.618+0700][10,766s][info   ][gc,heap     ] GC(952) Eden regions: 1->0(178)
[2024-12-04T16:40:51.618+0700][10,766s][info   ][gc,heap     ] GC(952) Survivor regions: 1->1(23)
[2024-12-04T16:40:51.618+0700][10,766s][info   ][gc,heap     ] GC(952) Old regions: 3->3
[2024-12-04T16:40:51.618+0700][10,766s][info   ][gc,heap     ] GC(952) Archive regions: 2->2
[2024-12-04T16:40:51.618+0700][10,766s][info   ][gc,heap     ] GC(952) Humongous regions: 1658->1658
[2024-12-04T16:40:51.618+0700][10,766s][info   ][gc,metaspace] GC(952) Metaspace: 5851K(6080K)->5851K(6080K) NonClass: 5186K(5312K)->5186K(5312K) Class: 664K(768K)->664K(768K)
[2024-12-04T16:40:51.618+0700][10,766s][info   ][gc          ] GC(952) Pause Young (Concurrent Start) (G1 Humongous Allocation) 1661M->1661M(2048M) 1,628ms
[2024-12-04T16:40:51.618+0700][10,766s][info   ][gc,cpu      ] GC(952) User=0,00s Sys=0,00s Real=0,00s
[2024-12-04T16:40:51.618+0700][10,767s][info   ][gc          ] GC(953) Concurrent Mark Cycle
[2024-12-04T16:40:51.618+0700][10,767s][info   ][gc,marking  ] GC(953) Concurrent Clear Claimed Marks
[2024-12-04T16:40:51.618+0700][10,767s][info   ][gc,marking  ] GC(953) Concurrent Clear Claimed Marks 0,027ms
[2024-12-04T16:40:51.618+0700][10,767s][info   ][gc,marking  ] GC(953) Concurrent Scan Root Regions
[2024-12-04T16:40:51.618+0700][10,767s][info   ][gc,marking  ] GC(953) Concurrent Scan Root Regions 0,065ms
[2024-12-04T16:40:51.618+0700][10,767s][info   ][gc,marking  ] GC(953) Concurrent Mark
[2024-12-04T16:40:51.618+0700][10,767s][info   ][gc,marking  ] GC(953) Concurrent Mark From Roots
[2024-12-04T16:40:51.618+0700][10,767s][info   ][gc,task     ] GC(953) Using 2 workers of 2 for marking
[2024-12-04T16:40:51.623+0700][10,772s][info   ][gc,marking  ] GC(953) Concurrent Mark From Roots 5,468ms
[2024-12-04T16:40:51.623+0700][10,772s][info   ][gc,marking  ] GC(953) Concurrent Preclean
[2024-12-04T16:40:51.623+0700][10,772s][info   ][gc,marking  ] GC(953) Concurrent Preclean 0,083ms
[2024-12-04T16:40:51.624+0700][10,773s][info   ][gc,start    ] GC(953) Pause Remark
[2024-12-04T16:40:51.625+0700][10,774s][info   ][gc          ] GC(953) Pause Remark 1663M->1663M(2048M) 1,385ms
[2024-12-04T16:40:51.625+0700][10,774s][info   ][gc,cpu      ] GC(953) User=0,00s Sys=0,01s Real=0,00s
[2024-12-04T16:40:51.625+0700][10,774s][info   ][gc,marking  ] GC(953) Concurrent Mark 7,640ms
[2024-12-04T16:40:51.625+0700][10,774s][info   ][gc,marking  ] GC(953) Concurrent Rebuild Remembered Sets
[2024-12-04T16:40:51.628+0700][10,776s][info   ][gc,marking  ] GC(953) Concurrent Rebuild Remembered Sets 2,098ms
[2024-12-04T16:40:51.628+0700][10,777s][info   ][gc,start    ] GC(953) Pause Cleanup
[2024-12-04T16:40:51.628+0700][10,777s][info   ][gc          ] GC(953) Pause Cleanup 1663M->1663M(2048M) 0,210ms
[2024-12-04T16:40:51.628+0700][10,777s][info   ][gc,cpu      ] GC(953) User=0,00s Sys=0,00s Real=0,00s
[2024-12-04T16:40:51.628+0700][10,777s][info   ][gc,marking  ] GC(953) Concurrent Cleanup for Next Mark
[2024-12-04T16:40:51.631+0700][10,780s][info   ][gc,marking  ] GC(953) Concurrent Cleanup for Next Mark 3,141ms
[2024-12-04T16:40:51.631+0700][10,780s][info   ][gc          ] GC(953) Concurrent Mark Cycle 13,484ms
[2024-12-04T16:40:51.637+0700][10,786s][info   ][gc,start    ] GC(954) Pause Young (Concurrent Start) (G1 Humongous Allocation)
[2024-12-04T16:40:51.637+0700][10,786s][info   ][gc,task     ] GC(954) Using 8 workers of 8 for evacuation
[2024-12-04T16:40:51.639+0700][10,788s][info   ][gc,phases   ] GC(954)   Pre Evacuate Collection Set: 0,6ms
[2024-12-04T16:40:51.639+0700][10,788s][info   ][gc,phases   ] GC(954)   Merge Heap Roots: 0,4ms
[2024-12-04T16:40:51.639+0700][10,788s][info   ][gc,phases   ] GC(954)   Evacuate Collection Set: 0,7ms
[2024-12-04T16:40:51.639+0700][10,788s][info   ][gc,phases   ] GC(954)   Post Evacuate Collection Set: 0,1ms
[2024-12-04T16:40:51.639+0700][10,788s][info   ][gc,phases   ] GC(954)   Other: 0,4ms
[2024-12-04T16:40:51.639+0700][10,788s][info   ][gc,heap     ] GC(954) Eden regions: 1->0(175)
[2024-12-04T16:40:51.639+0700][10,788s][info   ][gc,heap     ] GC(954) Survivor regions: 1->1(23)
[2024-12-04T16:40:51.639+0700][10,788s][info   ][gc,heap     ] GC(954) Old regions: 3->3
[2024-12-04T16:40:51.639+0700][10,788s][info   ][gc,heap     ] GC(954) Archive regions: 2->2
[2024-12-04T16:40:51.639+0700][10,788s][info   ][gc,heap     ] GC(954) Humongous regions: 1661->1661
[2024-12-04T16:40:51.639+0700][10,788s][info   ][gc,metaspace] GC(954) Metaspace: 5851K(6080K)->5851K(6080K) NonClass: 5186K(5312K)->5186K(5312K) Class: 664K(768K)->664K(768K)
[2024-12-04T16:40:51.639+0700][10,788s][info   ][gc          ] GC(954) Pause Young (Concurrent Start) (G1 Humongous Allocation) 1664M->1664M(2048M) 2,287ms
[2024-12-04T16:40:51.639+0700][10,788s][info   ][gc,cpu      ] GC(954) User=0,00s Sys=0,00s Real=0,00s
[2024-12-04T16:40:51.639+0700][10,788s][info   ][gc          ] GC(955) Concurrent Mark Cycle
[2024-12-04T16:40:51.639+0700][10,788s][info   ][gc,marking  ] GC(955) Concurrent Clear Claimed Marks
[2024-12-04T16:40:51.639+0700][10,788s][info   ][gc,marking  ] GC(955) Concurrent Clear Claimed Marks 0,020ms
[2024-12-04T16:40:51.639+0700][10,788s][info   ][gc,marking  ] GC(955) Concurrent Scan Root Regions
[2024-12-04T16:40:51.639+0700][10,788s][info   ][gc,marking  ] GC(955) Concurrent Scan Root Regions 0,078ms
[2024-12-04T16:40:51.639+0700][10,788s][info   ][gc,marking  ] GC(955) Concurrent Mark
[2024-12-04T16:40:51.639+0700][10,788s][info   ][gc,marking  ] GC(955) Concurrent Mark From Roots
[2024-12-04T16:40:51.639+0700][10,788s][info   ][gc,task     ] GC(955) Using 2 workers of 2 for marking
[2024-12-04T16:40:51.644+0700][10,793s][info   ][gc,marking  ] GC(955) Concurrent Mark From Roots 4,689ms
[2024-12-04T16:40:51.644+0700][10,793s][info   ][gc,marking  ] GC(955) Concurrent Preclean
[2024-12-04T16:40:51.644+0700][10,793s][info   ][gc,marking  ] GC(955) Concurrent Preclean 0,060ms
[2024-12-04T16:40:51.644+0700][10,793s][info   ][gc,start    ] GC(955) Pause Remark
[2024-12-04T16:40:51.645+0700][10,794s][info   ][gc          ] GC(955) Pause Remark 1665M->1665M(2048M) 1,257ms
[2024-12-04T16:40:51.645+0700][10,794s][info   ][gc,cpu      ] GC(955) User=0,00s Sys=0,00s Real=0,00s
[2024-12-04T16:40:51.645+0700][10,794s][info   ][gc,marking  ] GC(955) Concurrent Mark 6,195ms
[2024-12-04T16:40:51.645+0700][10,794s][info   ][gc,marking  ] GC(955) Concurrent Rebuild Remembered Sets
[2024-12-04T16:40:51.647+0700][10,796s][info   ][gc,marking  ] GC(955) Concurrent Rebuild Remembered Sets 1,776ms
[2024-12-04T16:40:51.647+0700][10,796s][info   ][gc,start    ] GC(955) Pause Cleanup
[2024-12-04T16:40:51.647+0700][10,796s][info   ][gc          ] GC(955) Pause Cleanup 1666M->1666M(2048M) 0,186ms
[2024-12-04T16:40:51.647+0700][10,796s][info   ][gc,cpu      ] GC(955) User=0,00s Sys=0,00s Real=0,00s
[2024-12-04T16:40:51.647+0700][10,796s][info   ][gc,marking  ] GC(955) Concurrent Cleanup for Next Mark
[2024-12-04T16:40:51.651+0700][10,800s][info   ][gc,marking  ] GC(955) Concurrent Cleanup for Next Mark 3,220ms
[2024-12-04T16:40:51.651+0700][10,800s][info   ][gc          ] GC(955) Concurrent Mark Cycle 11,740ms
[2024-12-04T16:40:51.651+0700][10,800s][info   ][gc,start    ] GC(956) Pause Young (Concurrent Start) (G1 Humongous Allocation)
[2024-12-04T16:40:51.651+0700][10,800s][info   ][gc,task     ] GC(956) Using 8 workers of 8 for evacuation
[2024-12-04T16:40:51.653+0700][10,802s][info   ][gc,phases   ] GC(956)   Pre Evacuate Collection Set: 0,2ms
[2024-12-04T16:40:51.653+0700][10,802s][info   ][gc,phases   ] GC(956)   Merge Heap Roots: 0,3ms
[2024-12-04T16:40:51.653+0700][10,802s][info   ][gc,phases   ] GC(956)   Evacuate Collection Set: 0,7ms
[2024-12-04T16:40:51.653+0700][10,802s][info   ][gc,phases   ] GC(956)   Post Evacuate Collection Set: 0,2ms
[2024-12-04T16:40:51.653+0700][10,802s][info   ][gc,phases   ] GC(956)   Other: 0,2ms
[2024-12-04T16:40:51.653+0700][10,802s][info   ][gc,heap     ] GC(956) Eden regions: 1->0(173)
[2024-12-04T16:40:51.653+0700][10,802s][info   ][gc,heap     ] GC(956) Survivor regions: 1->1(22)
[2024-12-04T16:40:51.653+0700][10,802s][info   ][gc,heap     ] GC(956) Old regions: 3->3
[2024-12-04T16:40:51.653+0700][10,802s][info   ][gc,heap     ] GC(956) Archive regions: 2->2
[2024-12-04T16:40:51.653+0700][10,802s][info   ][gc,heap     ] GC(956) Humongous regions: 1663->1663
[2024-12-04T16:40:51.653+0700][10,802s][info   ][gc,metaspace] GC(956) Metaspace: 5851K(6080K)->5851K(6080K) NonClass: 5186K(5312K)->5186K(5312K) Class: 664K(768K)->664K(768K)
[2024-12-04T16:40:51.653+0700][10,802s][info   ][gc          ] GC(956) Pause Young (Concurrent Start) (G1 Humongous Allocation) 1666M->1666M(2048M) 1,780ms
[2024-12-04T16:40:51.653+0700][10,802s][info   ][gc,cpu      ] GC(956) User=0,01s Sys=0,00s Real=0,00s
[2024-12-04T16:40:51.653+0700][10,802s][info   ][gc          ] GC(957) Concurrent Mark Cycle
[2024-12-04T16:40:51.653+0700][10,802s][info   ][gc,marking  ] GC(957) Concurrent Clear Claimed Marks
[2024-12-04T16:40:51.653+0700][10,802s][info   ][gc,marking  ] GC(957) Concurrent Clear Claimed Marks 0,019ms
[2024-12-04T16:40:51.653+0700][10,802s][info   ][gc,marking  ] GC(957) Concurrent Scan Root Regions
[2024-12-04T16:40:51.653+0700][10,802s][info   ][gc,marking  ] GC(957) Concurrent Scan Root Regions 0,062ms
[2024-12-04T16:40:51.653+0700][10,802s][info   ][gc,marking  ] GC(957) Concurrent Mark
[2024-12-04T16:40:51.653+0700][10,802s][info   ][gc,marking  ] GC(957) Concurrent Mark From Roots
[2024-12-04T16:40:51.653+0700][10,802s][info   ][gc,task     ] GC(957) Using 2 workers of 2 for marking
[2024-12-04T16:40:51.657+0700][10,806s][info   ][gc,marking  ] GC(957) Concurrent Mark From Roots 4,109ms
[2024-12-04T16:40:51.657+0700][10,806s][info   ][gc,marking  ] GC(957) Concurrent Preclean
[2024-12-04T16:40:51.657+0700][10,806s][info   ][gc,marking  ] GC(957) Concurrent Preclean 0,045ms
[2024-12-04T16:40:51.657+0700][10,806s][info   ][gc,start    ] GC(957) Pause Remark
[2024-12-04T16:40:51.658+0700][10,807s][info   ][gc          ] GC(957) Pause Remark 1667M->1667M(2048M) 0,885ms
[2024-12-04T16:40:51.658+0700][10,807s][info   ][gc,cpu      ] GC(957) User=0,01s Sys=0,00s Real=0,00s
[2024-12-04T16:40:51.658+0700][10,807s][info   ][gc,marking  ] GC(957) Concurrent Mark 5,178ms
[2024-12-04T16:40:51.658+0700][10,807s][info   ][gc,marking  ] GC(957) Concurrent Rebuild Remembered Sets
[2024-12-04T16:40:51.660+0700][10,809s][info   ][gc,marking  ] GC(957) Concurrent Rebuild Remembered Sets 1,796ms
[2024-12-04T16:40:51.660+0700][10,809s][info   ][gc,start    ] GC(957) Pause Cleanup
[2024-12-04T16:40:51.661+0700][10,809s][info   ][gc          ] GC(957) Pause Cleanup 1668M->1668M(2048M) 0,232ms
[2024-12-04T16:40:51.661+0700][10,809s][info   ][gc,cpu      ] GC(957) User=0,00s Sys=0,00s Real=0,00s
[2024-12-04T16:40:51.661+0700][10,809s][info   ][gc,marking  ] GC(957) Concurrent Cleanup for Next Mark
[2024-12-04T16:40:51.664+0700][10,813s][info   ][gc,marking  ] GC(957) Concurrent Cleanup for Next Mark 3,652ms
[2024-12-04T16:40:51.664+0700][10,813s][info   ][gc          ] GC(957) Concurrent Mark Cycle 11,234ms
[2024-12-04T16:40:51.664+0700][10,813s][info   ][gc,start    ] GC(958) Pause Young (Concurrent Start) (G1 Humongous Allocation)
[2024-12-04T16:40:51.664+0700][10,813s][info   ][gc,task     ] GC(958) Using 8 workers of 8 for evacuation
[2024-12-04T16:40:51.666+0700][10,815s][info   ][gc,phases   ] GC(958)   Pre Evacuate Collection Set: 0,3ms
[2024-12-04T16:40:51.666+0700][10,815s][info   ][gc,phases   ] GC(958)   Merge Heap Roots: 0,5ms
[2024-12-04T16:40:51.666+0700][10,815s][info   ][gc,phases   ] GC(958)   Evacuate Collection Set: 0,5ms
[2024-12-04T16:40:51.666+0700][10,815s][info   ][gc,phases   ] GC(958)   Post Evacuate Collection Set: 0,2ms
[2024-12-04T16:40:51.666+0700][10,815s][info   ][gc,phases   ] GC(958)   Other: 0,1ms
[2024-12-04T16:40:51.666+0700][10,815s][info   ][gc,heap     ] GC(958) Eden regions: 1->0(171)
[2024-12-04T16:40:51.666+0700][10,815s][info   ][gc,heap     ] GC(958) Survivor regions: 1->1(22)
[2024-12-04T16:40:51.666+0700][10,815s][info   ][gc,heap     ] GC(958) Old regions: 3->3
[2024-12-04T16:40:51.666+0700][10,815s][info   ][gc,heap     ] GC(958) Archive regions: 2->2
[2024-12-04T16:40:51.666+0700][10,815s][info   ][gc,heap     ] GC(958) Humongous regions: 1665->1665
[2024-12-04T16:40:51.666+0700][10,815s][info   ][gc,metaspace] GC(958) Metaspace: 5851K(6080K)->5851K(6080K) NonClass: 5186K(5312K)->5186K(5312K) Class: 664K(768K)->664K(768K)
[2024-12-04T16:40:51.666+0700][10,815s][info   ][gc          ] GC(958) Pause Young (Concurrent Start) (G1 Humongous Allocation) 1668M->1668M(2048M) 1,699ms
[2024-12-04T16:40:51.666+0700][10,815s][info   ][gc,cpu      ] GC(958) User=0,00s Sys=0,00s Real=0,00s
[2024-12-04T16:40:51.666+0700][10,815s][info   ][gc          ] GC(959) Concurrent Mark Cycle
[2024-12-04T16:40:51.666+0700][10,815s][info   ][gc,marking  ] GC(959) Concurrent Clear Claimed Marks
[2024-12-04T16:40:51.666+0700][10,815s][info   ][gc,marking  ] GC(959) Concurrent Clear Claimed Marks 0,009ms
[2024-12-04T16:40:51.666+0700][10,815s][info   ][gc,marking  ] GC(959) Concurrent Scan Root Regions
[2024-12-04T16:40:51.666+0700][10,815s][info   ][gc,marking  ] GC(959) Concurrent Scan Root Regions 0,062ms
[2024-12-04T16:40:51.666+0700][10,815s][info   ][gc,marking  ] GC(959) Concurrent Mark
[2024-12-04T16:40:51.666+0700][10,815s][info   ][gc,marking  ] GC(959) Concurrent Mark From Roots
[2024-12-04T16:40:51.666+0700][10,815s][info   ][gc,task     ] GC(959) Using 2 workers of 2 for marking
[2024-12-04T16:40:51.670+0700][10,819s][info   ][gc,marking  ] GC(959) Concurrent Mark From Roots 3,987ms
[2024-12-04T16:40:51.670+0700][10,819s][info   ][gc,marking  ] GC(959) Concurrent Preclean
[2024-12-04T16:40:51.670+0700][10,819s][info   ][gc,marking  ] GC(959) Concurrent Preclean 0,061ms
[2024-12-04T16:40:51.670+0700][10,819s][info   ][gc,start    ] GC(959) Pause Remark
[2024-12-04T16:40:51.673+0700][10,822s][info   ][gc          ] GC(959) Pause Remark 1669M->1669M(2048M) 2,414ms
[2024-12-04T16:40:51.673+0700][10,822s][info   ][gc,cpu      ] GC(959) User=0,01s Sys=0,00s Real=0,00s
[2024-12-04T16:40:51.673+0700][10,822s][info   ][gc,marking  ] GC(959) Concurrent Mark 6,672ms
[2024-12-04T16:40:51.673+0700][10,822s][info   ][gc,marking  ] GC(959) Concurrent Rebuild Remembered Sets
[2024-12-04T16:40:51.675+0700][10,824s][info   ][gc,marking  ] GC(959) Concurrent Rebuild Remembered Sets 2,122ms
[2024-12-04T16:40:51.675+0700][10,824s][info   ][gc,start    ] GC(959) Pause Cleanup
[2024-12-04T16:40:51.675+0700][10,824s][info   ][gc          ] GC(959) Pause Cleanup 1670M->1670M(2048M) 0,259ms
[2024-12-04T16:40:51.675+0700][10,824s][info   ][gc,cpu      ] GC(959) User=0,00s Sys=0,00s Real=0,00s
[2024-12-04T16:40:51.676+0700][10,824s][info   ][gc,marking  ] GC(959) Concurrent Cleanup for Next Mark
[2024-12-04T16:40:51.680+0700][10,828s][info   ][gc,marking  ] GC(959) Concurrent Cleanup for Next Mark 3,987ms
[2024-12-04T16:40:51.680+0700][10,828s][info   ][gc          ] GC(959) Concurrent Mark Cycle 13,328ms
[2024-12-04T16:40:51.685+0700][10,833s][info   ][gc,start    ] GC(960) Pause Young (Concurrent Start) (G1 Humongous Allocation)
[2024-12-04T16:40:51.685+0700][10,833s][info   ][gc,task     ] GC(960) Using 8 workers of 8 for evacuation
[2024-12-04T16:40:51.686+0700][10,835s][info   ][gc,phases   ] GC(960)   Pre Evacuate Collection Set: 0,3ms
[2024-12-04T16:40:51.686+0700][10,835s][info   ][gc,phases   ] GC(960)   Merge Heap Roots: 0,4ms
[2024-12-04T16:40:51.686+0700][10,835s][info   ][gc,phases   ] GC(960)   Evacuate Collection Set: 0,4ms
[2024-12-04T16:40:51.686+0700][10,835s][info   ][gc,phases   ] GC(960)   Post Evacuate Collection Set: 0,1ms
[2024-12-04T16:40:51.686+0700][10,835s][info   ][gc,phases   ] GC(960)   Other: 0,2ms
[2024-12-04T16:40:51.686+0700][10,835s][info   ][gc,heap     ] GC(960) Eden regions: 1->0(169)
[2024-12-04T16:40:51.686+0700][10,835s][info   ][gc,heap     ] GC(960) Survivor regions: 1->0(22)
[2024-12-04T16:40:51.686+0700][10,835s][info   ][gc,heap     ] GC(960) Old regions: 3->3
[2024-12-04T16:40:51.686+0700][10,835s][info   ][gc,heap     ] GC(960) Archive regions: 2->2
[2024-12-04T16:40:51.686+0700][10,835s][info   ][gc,heap     ] GC(960) Humongous regions: 1668->1668
[2024-12-04T16:40:51.686+0700][10,835s][info   ][gc,metaspace] GC(960) Metaspace: 5851K(6080K)->5851K(6080K) NonClass: 5186K(5312K)->5186K(5312K) Class: 664K(768K)->664K(768K)
[2024-12-04T16:40:51.686+0700][10,835s][info   ][gc          ] GC(960) Pause Young (Concurrent Start) (G1 Humongous Allocation) 1671M->1671M(2048M) 1,498ms
[2024-12-04T16:40:51.686+0700][10,835s][info   ][gc,cpu      ] GC(960) User=0,00s Sys=0,00s Real=0,00s
[2024-12-04T16:40:51.686+0700][10,835s][info   ][gc          ] GC(961) Concurrent Mark Cycle
[2024-12-04T16:40:51.686+0700][10,835s][info   ][gc,marking  ] GC(961) Concurrent Clear Claimed Marks
[2024-12-04T16:40:51.686+0700][10,835s][info   ][gc,marking  ] GC(961) Concurrent Clear Claimed Marks 0,008ms
[2024-12-04T16:40:51.686+0700][10,835s][info   ][gc,marking  ] GC(961) Concurrent Scan Root Regions
[2024-12-04T16:40:51.686+0700][10,835s][info   ][gc,marking  ] GC(961) Concurrent Scan Root Regions 0,080ms
[2024-12-04T16:40:51.686+0700][10,835s][info   ][gc,marking  ] GC(961) Concurrent Mark
[2024-12-04T16:40:51.686+0700][10,835s][info   ][gc,marking  ] GC(961) Concurrent Mark From Roots
[2024-12-04T16:40:51.686+0700][10,835s][info   ][gc,task     ] GC(961) Using 2 workers of 2 for marking
[2024-12-04T16:40:51.690+0700][10,839s][info   ][gc,marking  ] GC(961) Concurrent Mark From Roots 3,710ms
[2024-12-04T16:40:51.690+0700][10,839s][info   ][gc,marking  ] GC(961) Concurrent Preclean
[2024-12-04T16:40:51.690+0700][10,839s][info   ][gc,marking  ] GC(961) Concurrent Preclean 0,043ms
[2024-12-04T16:40:51.690+0700][10,839s][info   ][gc,start    ] GC(961) Pause Remark
[2024-12-04T16:40:51.691+0700][10,840s][info   ][gc          ] GC(961) Pause Remark 1672M->1672M(2048M) 0,740ms
[2024-12-04T16:40:51.691+0700][10,840s][info   ][gc,cpu      ] GC(961) User=0,00s Sys=0,00s Real=0,00s
[2024-12-04T16:40:51.691+0700][10,840s][info   ][gc,marking  ] GC(961) Concurrent Mark 4,617ms
[2024-12-04T16:40:51.691+0700][10,840s][info   ][gc,marking  ] GC(961) Concurrent Rebuild Remembered Sets
[2024-12-04T16:40:51.693+0700][10,842s][info   ][gc,marking  ] GC(961) Concurrent Rebuild Remembered Sets 1,770ms
[2024-12-04T16:40:51.693+0700][10,842s][info   ][gc,start    ] GC(961) Pause Cleanup
[2024-12-04T16:40:51.693+0700][10,842s][info   ][gc          ] GC(961) Pause Cleanup 1673M->1673M(2048M) 0,203ms
[2024-12-04T16:40:51.693+0700][10,842s][info   ][gc,cpu      ] GC(961) User=0,00s Sys=0,00s Real=0,00s
[2024-12-04T16:40:51.693+0700][10,842s][info   ][gc,marking  ] GC(961) Concurrent Cleanup for Next Mark
[2024-12-04T16:40:51.696+0700][10,845s][info   ][gc,marking  ] GC(961) Concurrent Cleanup for Next Mark 3,121ms
[2024-12-04T16:40:51.696+0700][10,845s][info   ][gc          ] GC(961) Concurrent Mark Cycle 10,014ms
[2024-12-04T16:40:51.698+0700][10,847s][info   ][gc,start    ] GC(962) Pause Young (Concurrent Start) (G1 Humongous Allocation)
[2024-12-04T16:40:51.698+0700][10,847s][info   ][gc,task     ] GC(962) Using 8 workers of 8 for evacuation
[2024-12-04T16:40:51.699+0700][10,848s][info   ][gc,phases   ] GC(962)   Pre Evacuate Collection Set: 0,3ms
[2024-12-04T16:40:51.699+0700][10,848s][info   ][gc,phases   ] GC(962)   Merge Heap Roots: 0,3ms
[2024-12-04T16:40:51.699+0700][10,848s][info   ][gc,phases   ] GC(962)   Evacuate Collection Set: 0,4ms
[2024-12-04T16:40:51.699+0700][10,848s][info   ][gc,phases   ] GC(962)   Post Evacuate Collection Set: 0,1ms
[2024-12-04T16:40:51.699+0700][10,848s][info   ][gc,phases   ] GC(962)   Other: 0,2ms
[2024-12-04T16:40:51.699+0700][10,848s][info   ][gc,heap     ] GC(962) Eden regions: 1->0(167)
[2024-12-04T16:40:51.699+0700][10,848s][info   ][gc,heap     ] GC(962) Survivor regions: 0->0(22)
[2024-12-04T16:40:51.699+0700][10,848s][info   ][gc,heap     ] GC(962) Old regions: 3->3
[2024-12-04T16:40:51.699+0700][10,848s][info   ][gc,heap     ] GC(962) Archive regions: 2->2
[2024-12-04T16:40:51.699+0700][10,848s][info   ][gc,heap     ] GC(962) Humongous regions: 1670->1670
[2024-12-04T16:40:51.699+0700][10,848s][info   ][gc,metaspace] GC(962) Metaspace: 5851K(6080K)->5851K(6080K) NonClass: 5186K(5312K)->5186K(5312K) Class: 664K(768K)->664K(768K)
[2024-12-04T16:40:51.699+0700][10,848s][info   ][gc          ] GC(962) Pause Young (Concurrent Start) (G1 Humongous Allocation) 1673M->1673M(2048M) 1,360ms
[2024-12-04T16:40:51.699+0700][10,848s][info   ][gc,cpu      ] GC(962) User=0,00s Sys=0,00s Real=0,00s
[2024-12-04T16:40:51.699+0700][10,848s][info   ][gc          ] GC(963) Concurrent Mark Cycle
[2024-12-04T16:40:51.699+0700][10,848s][info   ][gc,marking  ] GC(963) Concurrent Clear Claimed Marks
[2024-12-04T16:40:51.699+0700][10,848s][info   ][gc,marking  ] GC(963) Concurrent Clear Claimed Marks 0,008ms
[2024-12-04T16:40:51.699+0700][10,848s][info   ][gc,marking  ] GC(963) Concurrent Scan Root Regions
[2024-12-04T16:40:51.699+0700][10,848s][info   ][gc,marking  ] GC(963) Concurrent Scan Root Regions 0,004ms
[2024-12-04T16:40:51.699+0700][10,848s][info   ][gc,marking  ] GC(963) Concurrent Mark
[2024-12-04T16:40:51.699+0700][10,848s][info   ][gc,marking  ] GC(963) Concurrent Mark From Roots
[2024-12-04T16:40:51.699+0700][10,848s][info   ][gc,task     ] GC(963) Using 2 workers of 2 for marking
[2024-12-04T16:40:51.703+0700][10,852s][info   ][gc,marking  ] GC(963) Concurrent Mark From Roots 3,658ms
[2024-12-04T16:40:51.703+0700][10,852s][info   ][gc,marking  ] GC(963) Concurrent Preclean
[2024-12-04T16:40:51.703+0700][10,852s][info   ][gc,marking  ] GC(963) Concurrent Preclean 0,043ms
[2024-12-04T16:40:51.703+0700][10,852s][info   ][gc,start    ] GC(963) Pause Remark
[2024-12-04T16:40:51.704+0700][10,853s][info   ][gc          ] GC(963) Pause Remark 1674M->1674M(2048M) 0,811ms
[2024-12-04T16:40:51.704+0700][10,853s][info   ][gc,cpu      ] GC(963) User=0,00s Sys=0,00s Real=0,01s
[2024-12-04T16:40:51.704+0700][10,853s][info   ][gc,marking  ] GC(963) Concurrent Mark 4,664ms
[2024-12-04T16:40:51.704+0700][10,853s][info   ][gc,marking  ] GC(963) Concurrent Rebuild Remembered Sets
[2024-12-04T16:40:51.706+0700][10,855s][info   ][gc,marking  ] GC(963) Concurrent Rebuild Remembered Sets 2,024ms
[2024-12-04T16:40:51.706+0700][10,855s][info   ][gc,start    ] GC(963) Pause Cleanup
[2024-12-04T16:40:51.706+0700][10,855s][info   ][gc          ] GC(963) Pause Cleanup 1675M->1675M(2048M) 0,280ms
[2024-12-04T16:40:51.706+0700][10,855s][info   ][gc,cpu      ] GC(963) User=0,00s Sys=0,00s Real=0,00s
[2024-12-04T16:40:51.706+0700][10,855s][info   ][gc,marking  ] GC(963) Concurrent Cleanup for Next Mark
[2024-12-04T16:40:51.711+0700][10,860s][info   ][gc,marking  ] GC(963) Concurrent Cleanup for Next Mark 4,707ms
[2024-12-04T16:40:51.711+0700][10,860s][info   ][gc          ] GC(963) Concurrent Mark Cycle 11,979ms
[2024-12-04T16:40:51.717+0700][10,866s][info   ][gc,start    ] GC(964) Pause Young (Concurrent Start) (G1 Humongous Allocation)
[2024-12-04T16:40:51.717+0700][10,866s][info   ][gc,task     ] GC(964) Using 8 workers of 8 for evacuation
[2024-12-04T16:40:51.719+0700][10,868s][info   ][gc,phases   ] GC(964)   Pre Evacuate Collection Set: 0,5ms
[2024-12-04T16:40:51.719+0700][10,868s][info   ][gc,phases   ] GC(964)   Merge Heap Roots: 0,4ms
[2024-12-04T16:40:51.719+0700][10,868s][info   ][gc,phases   ] GC(964)   Evacuate Collection Set: 0,8ms
[2024-12-04T16:40:51.719+0700][10,868s][info   ][gc,phases   ] GC(964)   Post Evacuate Collection Set: 0,1ms
[2024-12-04T16:40:51.719+0700][10,868s][info   ][gc,phases   ] GC(964)   Other: 0,3ms
[2024-12-04T16:40:51.719+0700][10,868s][info   ][gc,heap     ] GC(964) Eden regions: 1->0(164)
[2024-12-04T16:40:51.719+0700][10,868s][info   ][gc,heap     ] GC(964) Survivor regions: 0->0(21)
[2024-12-04T16:40:51.719+0700][10,868s][info   ][gc,heap     ] GC(964) Old regions: 3->3
[2024-12-04T16:40:51.719+0700][10,868s][info   ][gc,heap     ] GC(964) Archive regions: 2->2
[2024-12-04T16:40:51.719+0700][10,868s][info   ][gc,heap     ] GC(964) Humongous regions: 1673->1673
[2024-12-04T16:40:51.719+0700][10,868s][info   ][gc,metaspace] GC(964) Metaspace: 5851K(6080K)->5851K(6080K) NonClass: 5186K(5312K)->5186K(5312K) Class: 664K(768K)->664K(768K)
[2024-12-04T16:40:51.719+0700][10,868s][info   ][gc          ] GC(964) Pause Young (Concurrent Start) (G1 Humongous Allocation) 1676M->1676M(2048M) 2,193ms
[2024-12-04T16:40:51.719+0700][10,868s][info   ][gc,cpu      ] GC(964) User=0,00s Sys=0,00s Real=0,00s
[2024-12-04T16:40:51.719+0700][10,868s][info   ][gc          ] GC(965) Concurrent Mark Cycle
[2024-12-04T16:40:51.719+0700][10,868s][info   ][gc,marking  ] GC(965) Concurrent Clear Claimed Marks
[2024-12-04T16:40:51.719+0700][10,868s][info   ][gc,marking  ] GC(965) Concurrent Clear Claimed Marks 0,016ms
[2024-12-04T16:40:51.719+0700][10,868s][info   ][gc,marking  ] GC(965) Concurrent Scan Root Regions
[2024-12-04T16:40:51.719+0700][10,868s][info   ][gc,marking  ] GC(965) Concurrent Scan Root Regions 0,006ms
[2024-12-04T16:40:51.719+0700][10,868s][info   ][gc,marking  ] GC(965) Concurrent Mark
[2024-12-04T16:40:51.719+0700][10,868s][info   ][gc,marking  ] GC(965) Concurrent Mark From Roots
[2024-12-04T16:40:51.719+0700][10,868s][info   ][gc,task     ] GC(965) Using 2 workers of 2 for marking
[2024-12-04T16:40:51.723+0700][10,872s][info   ][gc,marking  ] GC(965) Concurrent Mark From Roots 3,995ms
[2024-12-04T16:40:51.723+0700][10,872s][info   ][gc,marking  ] GC(965) Concurrent Preclean
[2024-12-04T16:40:51.723+0700][10,872s][info   ][gc,marking  ] GC(965) Concurrent Preclean 0,061ms
[2024-12-04T16:40:51.723+0700][10,872s][info   ][gc,start    ] GC(965) Pause Remark
[2024-12-04T16:40:51.724+0700][10,873s][info   ][gc          ] GC(965) Pause Remark 1677M->1677M(2048M) 1,163ms
[2024-12-04T16:40:51.724+0700][10,873s][info   ][gc,cpu      ] GC(965) User=0,00s Sys=0,00s Real=0,00s
[2024-12-04T16:40:51.724+0700][10,873s][info   ][gc,marking  ] GC(965) Concurrent Mark 5,424ms
[2024-12-04T16:40:51.724+0700][10,873s][info   ][gc,marking  ] GC(965) Concurrent Rebuild Remembered Sets
[2024-12-04T16:40:51.727+0700][10,875s][info   ][gc,marking  ] GC(965) Concurrent Rebuild Remembered Sets 2,069ms
[2024-12-04T16:40:51.727+0700][10,876s][info   ][gc,start    ] GC(965) Pause Cleanup
[2024-12-04T16:40:51.727+0700][10,876s][info   ][gc          ] GC(965) Pause Cleanup 1678M->1678M(2048M) 0,315ms
[2024-12-04T16:40:51.727+0700][10,876s][info   ][gc,cpu      ] GC(965) User=0,00s Sys=0,00s Real=0,00s
[2024-12-04T16:40:51.727+0700][10,876s][info   ][gc,marking  ] GC(965) Concurrent Cleanup for Next Mark
[2024-12-04T16:40:51.731+0700][10,879s][info   ][gc,marking  ] GC(965) Concurrent Cleanup for Next Mark 3,581ms
[2024-12-04T16:40:51.731+0700][10,880s][info   ][gc          ] GC(965) Concurrent Mark Cycle 11,727ms
[2024-12-04T16:40:51.736+0700][10,885s][info   ][gc,start    ] GC(966) Pause Young (Concurrent Start) (G1 Humongous Allocation)
[2024-12-04T16:40:51.736+0700][10,885s][info   ][gc,task     ] GC(966) Using 8 workers of 8 for evacuation
[2024-12-04T16:40:51.738+0700][10,887s][info   ][gc,phases   ] GC(966)   Pre Evacuate Collection Set: 0,3ms
[2024-12-04T16:40:51.738+0700][10,887s][info   ][gc,phases   ] GC(966)   Merge Heap Roots: 0,4ms
[2024-12-04T16:40:51.738+0700][10,887s][info   ][gc,phases   ] GC(966)   Evacuate Collection Set: 0,6ms
[2024-12-04T16:40:51.738+0700][10,887s][info   ][gc,phases   ] GC(966)   Post Evacuate Collection Set: 0,2ms
[2024-12-04T16:40:51.738+0700][10,887s][info   ][gc,phases   ] GC(966)   Other: 0,3ms
[2024-12-04T16:40:51.738+0700][10,887s][info   ][gc,heap     ] GC(966) Eden regions: 1->0(161)
[2024-12-04T16:40:51.738+0700][10,887s][info   ][gc,heap     ] GC(966) Survivor regions: 0->0(21)
[2024-12-04T16:40:51.738+0700][10,887s][info   ][gc,heap     ] GC(966) Old regions: 3->3
[2024-12-04T16:40:51.738+0700][10,887s][info   ][gc,heap     ] GC(966) Archive regions: 2->2
[2024-12-04T16:40:51.738+0700][10,887s][info   ][gc,heap     ] GC(966) Humongous regions: 1676->1676
[2024-12-04T16:40:51.738+0700][10,887s][info   ][gc,metaspace] GC(966) Metaspace: 5851K(6080K)->5851K(6080K) NonClass: 5186K(5312K)->5186K(5312K) Class: 664K(768K)->664K(768K)
[2024-12-04T16:40:51.738+0700][10,887s][info   ][gc          ] GC(966) Pause Young (Concurrent Start) (G1 Humongous Allocation) 1679M->1679M(2048M) 1,770ms
[2024-12-04T16:40:51.738+0700][10,887s][info   ][gc,cpu      ] GC(966) User=0,01s Sys=0,00s Real=0,00s
[2024-12-04T16:40:51.738+0700][10,887s][info   ][gc          ] GC(967) Concurrent Mark Cycle
[2024-12-04T16:40:51.738+0700][10,887s][info   ][gc,marking  ] GC(967) Concurrent Clear Claimed Marks
[2024-12-04T16:40:51.738+0700][10,887s][info   ][gc,marking  ] GC(967) Concurrent Clear Claimed Marks 0,010ms
[2024-12-04T16:40:51.738+0700][10,887s][info   ][gc,marking  ] GC(967) Concurrent Scan Root Regions
[2024-12-04T16:40:51.738+0700][10,887s][info   ][gc,marking  ] GC(967) Concurrent Scan Root Regions 0,004ms
[2024-12-04T16:40:51.738+0700][10,887s][info   ][gc,marking  ] GC(967) Concurrent Mark
[2024-12-04T16:40:51.738+0700][10,887s][info   ][gc,marking  ] GC(967) Concurrent Mark From Roots
[2024-12-04T16:40:51.738+0700][10,887s][info   ][gc,task     ] GC(967) Using 2 workers of 2 for marking
[2024-12-04T16:40:51.743+0700][10,892s][info   ][gc,marking  ] GC(967) Concurrent Mark From Roots 4,647ms
[2024-12-04T16:40:51.743+0700][10,892s][info   ][gc,marking  ] GC(967) Concurrent Preclean
[2024-12-04T16:40:51.743+0700][10,892s][info   ][gc,marking  ] GC(967) Concurrent Preclean 0,074ms
[2024-12-04T16:40:51.743+0700][10,892s][info   ][gc,start    ] GC(967) Pause Remark
[2024-12-04T16:40:51.745+0700][10,893s][info   ][gc          ] GC(967) Pause Remark 1680M->1680M(2048M) 1,594ms
[2024-12-04T16:40:51.745+0700][10,893s][info   ][gc,cpu      ] GC(967) User=0,01s Sys=0,00s Real=0,01s
[2024-12-04T16:40:51.745+0700][10,894s][info   ][gc,marking  ] GC(967) Concurrent Mark 6,566ms
[2024-12-04T16:40:51.745+0700][10,894s][info   ][gc,marking  ] GC(967) Concurrent Rebuild Remembered Sets
[2024-12-04T16:40:51.747+0700][10,896s][info   ][gc,marking  ] GC(967) Concurrent Rebuild Remembered Sets 1,947ms
[2024-12-04T16:40:51.747+0700][10,896s][info   ][gc,start    ] GC(967) Pause Cleanup
[2024-12-04T16:40:51.747+0700][10,896s][info   ][gc          ] GC(967) Pause Cleanup 1681M->1681M(2048M) 0,222ms
[2024-12-04T16:40:51.747+0700][10,896s][info   ][gc,cpu      ] GC(967) User=0,00s Sys=0,00s Real=0,00s
[2024-12-04T16:40:51.747+0700][10,896s][info   ][gc,marking  ] GC(967) Concurrent Cleanup for Next Mark
[2024-12-04T16:40:51.750+0700][10,899s][info   ][gc,marking  ] GC(967) Concurrent Cleanup for Next Mark 3,438ms
[2024-12-04T16:40:51.750+0700][10,899s][info   ][gc          ] GC(967) Concurrent Mark Cycle 12,421ms
[2024-12-04T16:40:51.756+0700][10,905s][info   ][gc,start    ] GC(968) Pause Young (Concurrent Start) (G1 Humongous Allocation)
[2024-12-04T16:40:51.756+0700][10,905s][info   ][gc,task     ] GC(968) Using 8 workers of 8 for evacuation
[2024-12-04T16:40:51.758+0700][10,907s][info   ][gc,phases   ] GC(968)   Pre Evacuate Collection Set: 0,5ms
[2024-12-04T16:40:51.758+0700][10,907s][info   ][gc,phases   ] GC(968)   Merge Heap Roots: 0,3ms
[2024-12-04T16:40:51.758+0700][10,907s][info   ][gc,phases   ] GC(968)   Evacuate Collection Set: 0,6ms
[2024-12-04T16:40:51.758+0700][10,907s][info   ][gc,phases   ] GC(968)   Post Evacuate Collection Set: 0,1ms
[2024-12-04T16:40:51.758+0700][10,907s][info   ][gc,phases   ] GC(968)   Other: 0,3ms
[2024-12-04T16:40:51.758+0700][10,907s][info   ][gc,heap     ] GC(968) Eden regions: 1->0(158)
[2024-12-04T16:40:51.758+0700][10,907s][info   ][gc,heap     ] GC(968) Survivor regions: 0->0(21)
[2024-12-04T16:40:51.758+0700][10,907s][info   ][gc,heap     ] GC(968) Old regions: 3->3
[2024-12-04T16:40:51.758+0700][10,907s][info   ][gc,heap     ] GC(968) Archive regions: 2->2
[2024-12-04T16:40:51.758+0700][10,907s][info   ][gc,heap     ] GC(968) Humongous regions: 1679->1679
[2024-12-04T16:40:51.758+0700][10,907s][info   ][gc,metaspace] GC(968) Metaspace: 5851K(6080K)->5851K(6080K) NonClass: 5186K(5312K)->5186K(5312K) Class: 664K(768K)->664K(768K)
[2024-12-04T16:40:51.758+0700][10,907s][info   ][gc          ] GC(968) Pause Young (Concurrent Start) (G1 Humongous Allocation) 1682M->1682M(2048M) 1,886ms
[2024-12-04T16:40:51.758+0700][10,907s][info   ][gc,cpu      ] GC(968) User=0,00s Sys=0,00s Real=0,00s
[2024-12-04T16:40:51.758+0700][10,907s][info   ][gc          ] GC(969) Concurrent Mark Cycle
[2024-12-04T16:40:51.758+0700][10,907s][info   ][gc,marking  ] GC(969) Concurrent Clear Claimed Marks
[2024-12-04T16:40:51.758+0700][10,907s][info   ][gc,marking  ] GC(969) Concurrent Clear Claimed Marks 0,019ms
[2024-12-04T16:40:51.758+0700][10,907s][info   ][gc,marking  ] GC(969) Concurrent Scan Root Regions
[2024-12-04T16:40:51.758+0700][10,907s][info   ][gc,marking  ] GC(969) Concurrent Scan Root Regions 0,006ms
[2024-12-04T16:40:51.758+0700][10,907s][info   ][gc,marking  ] GC(969) Concurrent Mark
[2024-12-04T16:40:51.758+0700][10,907s][info   ][gc,marking  ] GC(969) Concurrent Mark From Roots
[2024-12-04T16:40:51.758+0700][10,907s][info   ][gc,task     ] GC(969) Using 2 workers of 2 for marking
[2024-12-04T16:40:51.763+0700][10,911s][info   ][gc,marking  ] GC(969) Concurrent Mark From Roots 4,425ms
[2024-12-04T16:40:51.763+0700][10,911s][info   ][gc,marking  ] GC(969) Concurrent Preclean
[2024-12-04T16:40:51.763+0700][10,912s][info   ][gc,marking  ] GC(969) Concurrent Preclean 0,071ms
[2024-12-04T16:40:51.763+0700][10,912s][info   ][gc,start    ] GC(969) Pause Remark
[2024-12-04T16:40:51.764+0700][10,913s][info   ][gc          ] GC(969) Pause Remark 1683M->1683M(2048M) 0,884ms
[2024-12-04T16:40:51.764+0700][10,913s][info   ][gc,cpu      ] GC(969) User=0,01s Sys=0,00s Real=0,01s
[2024-12-04T16:40:51.764+0700][10,913s][info   ][gc,marking  ] GC(969) Concurrent Mark 5,659ms
[2024-12-04T16:40:51.764+0700][10,913s][info   ][gc,marking  ] GC(969) Concurrent Rebuild Remembered Sets
[2024-12-04T16:40:51.766+0700][10,915s][info   ][gc,marking  ] GC(969) Concurrent Rebuild Remembered Sets 2,197ms
[2024-12-04T16:40:51.766+0700][10,915s][info   ][gc,start    ] GC(969) Pause Cleanup
[2024-12-04T16:40:51.766+0700][10,915s][info   ][gc          ] GC(969) Pause Cleanup 1684M->1684M(2048M) 0,325ms
[2024-12-04T16:40:51.766+0700][10,915s][info   ][gc,cpu      ] GC(969) User=0,00s Sys=0,00s Real=0,00s
[2024-12-04T16:40:51.766+0700][10,915s][info   ][gc,marking  ] GC(969) Concurrent Cleanup for Next Mark
[2024-12-04T16:40:51.771+0700][10,919s][info   ][gc,marking  ] GC(969) Concurrent Cleanup for Next Mark 4,133ms
[2024-12-04T16:40:51.771+0700][10,920s][info   ][gc          ] GC(969) Concurrent Mark Cycle 12,657ms
[2024-12-04T16:40:51.776+0700][10,925s][info   ][gc,start    ] GC(970) Pause Young (Concurrent Start) (G1 Humongous Allocation)
[2024-12-04T16:40:51.776+0700][10,925s][info   ][gc,task     ] GC(970) Using 8 workers of 8 for evacuation
[2024-12-04T16:40:51.778+0700][10,927s][info   ][gc,phases   ] GC(970)   Pre Evacuate Collection Set: 0,4ms
[2024-12-04T16:40:51.778+0700][10,927s][info   ][gc,phases   ] GC(970)   Merge Heap Roots: 0,5ms
[2024-12-04T16:40:51.778+0700][10,927s][info   ][gc,phases   ] GC(970)   Evacuate Collection Set: 0,7ms
[2024-12-04T16:40:51.778+0700][10,927s][info   ][gc,phases   ] GC(970)   Post Evacuate Collection Set: 0,2ms
[2024-12-04T16:40:51.778+0700][10,927s][info   ][gc,phases   ] GC(970)   Other: 0,2ms
[2024-12-04T16:40:51.778+0700][10,927s][info   ][gc,heap     ] GC(970) Eden regions: 1->0(155)
[2024-12-04T16:40:51.778+0700][10,927s][info   ][gc,heap     ] GC(970) Survivor regions: 0->0(20)
[2024-12-04T16:40:51.778+0700][10,927s][info   ][gc,heap     ] GC(970) Old regions: 3->3
[2024-12-04T16:40:51.778+0700][10,927s][info   ][gc,heap     ] GC(970) Archive regions: 2->2
[2024-12-04T16:40:51.778+0700][10,927s][info   ][gc,heap     ] GC(970) Humongous regions: 1682->1682
[2024-12-04T16:40:51.778+0700][10,927s][info   ][gc,metaspace] GC(970) Metaspace: 5851K(6080K)->5851K(6080K) NonClass: 5186K(5312K)->5186K(5312K) Class: 664K(768K)->664K(768K)
[2024-12-04T16:40:51.778+0700][10,927s][info   ][gc          ] GC(970) Pause Young (Concurrent Start) (G1 Humongous Allocation) 1685M->1685M(2048M) 2,034ms
[2024-12-04T16:40:51.778+0700][10,927s][info   ][gc,cpu      ] GC(970) User=0,00s Sys=0,00s Real=0,00s
[2024-12-04T16:40:51.778+0700][10,927s][info   ][gc          ] GC(971) Concurrent Mark Cycle
[2024-12-04T16:40:51.778+0700][10,927s][info   ][gc,marking  ] GC(971) Concurrent Clear Claimed Marks
[2024-12-04T16:40:51.778+0700][10,927s][info   ][gc,marking  ] GC(971) Concurrent Clear Claimed Marks 0,012ms
[2024-12-04T16:40:51.778+0700][10,927s][info   ][gc,marking  ] GC(971) Concurrent Scan Root Regions
[2024-12-04T16:40:51.778+0700][10,927s][info   ][gc,marking  ] GC(971) Concurrent Scan Root Regions 0,007ms
[2024-12-04T16:40:51.778+0700][10,927s][info   ][gc,marking  ] GC(971) Concurrent Mark
[2024-12-04T16:40:51.778+0700][10,927s][info   ][gc,marking  ] GC(971) Concurrent Mark From Roots
[2024-12-04T16:40:51.778+0700][10,927s][info   ][gc,task     ] GC(971) Using 2 workers of 2 for marking
[2024-12-04T16:40:51.783+0700][10,932s][info   ][gc,marking  ] GC(971) Concurrent Mark From Roots 5,196ms
[2024-12-04T16:40:51.783+0700][10,932s][info   ][gc,marking  ] GC(971) Concurrent Preclean
[2024-12-04T16:40:51.784+0700][10,932s][info   ][gc,marking  ] GC(971) Concurrent Preclean 0,086ms
[2024-12-04T16:40:51.784+0700][10,932s][info   ][gc,start    ] GC(971) Pause Remark
[2024-12-04T16:40:51.785+0700][10,934s][info   ][gc          ] GC(971) Pause Remark 1686M->1686M(2048M) 1,690ms
[2024-12-04T16:40:51.785+0700][10,934s][info   ][gc,cpu      ] GC(971) User=0,01s Sys=0,00s Real=0,00s
[2024-12-04T16:40:51.785+0700][10,934s][info   ][gc,marking  ] GC(971) Concurrent Mark 7,195ms
[2024-12-04T16:40:51.785+0700][10,934s][info   ][gc,marking  ] GC(971) Concurrent Rebuild Remembered Sets
[2024-12-04T16:40:51.788+0700][10,937s][info   ][gc,marking  ] GC(971) Concurrent Rebuild Remembered Sets 2,517ms
[2024-12-04T16:40:51.788+0700][10,937s][info   ][gc,start    ] GC(971) Pause Cleanup
[2024-12-04T16:40:51.788+0700][10,937s][info   ][gc          ] GC(971) Pause Cleanup 1687M->1687M(2048M) 0,261ms
[2024-12-04T16:40:51.788+0700][10,937s][info   ][gc,cpu      ] GC(971) User=0,00s Sys=0,00s Real=0,00s
[2024-12-04T16:40:51.788+0700][10,937s][info   ][gc,marking  ] GC(971) Concurrent Cleanup for Next Mark
[2024-12-04T16:40:51.793+0700][10,942s][info   ][gc,marking  ] GC(971) Concurrent Cleanup for Next Mark 4,765ms
[2024-12-04T16:40:51.793+0700][10,942s][info   ][gc          ] GC(971) Concurrent Mark Cycle 15,042ms
[2024-12-04T16:40:51.794+0700][10,943s][info   ][gc,start    ] GC(972) Pause Young (Concurrent Start) (G1 Humongous Allocation)
[2024-12-04T16:40:51.794+0700][10,943s][info   ][gc,task     ] GC(972) Using 8 workers of 8 for evacuation
[2024-12-04T16:40:51.796+0700][10,945s][info   ][gc,phases   ] GC(972)   Pre Evacuate Collection Set: 0,4ms
[2024-12-04T16:40:51.796+0700][10,945s][info   ][gc,phases   ] GC(972)   Merge Heap Roots: 0,4ms
[2024-12-04T16:40:51.796+0700][10,945s][info   ][gc,phases   ] GC(972)   Evacuate Collection Set: 0,7ms
[2024-12-04T16:40:51.796+0700][10,945s][info   ][gc,phases   ] GC(972)   Post Evacuate Collection Set: 0,2ms
[2024-12-04T16:40:51.796+0700][10,945s][info   ][gc,phases   ] GC(972)   Other: 0,2ms
[2024-12-04T16:40:51.796+0700][10,945s][info   ][gc,heap     ] GC(972) Eden regions: 1->0(153)
[2024-12-04T16:40:51.796+0700][10,945s][info   ][gc,heap     ] GC(972) Survivor regions: 0->0(20)
[2024-12-04T16:40:51.796+0700][10,945s][info   ][gc,heap     ] GC(972) Old regions: 3->3
[2024-12-04T16:40:51.796+0700][10,945s][info   ][gc,heap     ] GC(972) Archive regions: 2->2
[2024-12-04T16:40:51.796+0700][10,945s][info   ][gc,heap     ] GC(972) Humongous regions: 1684->1684
[2024-12-04T16:40:51.796+0700][10,945s][info   ][gc,metaspace] GC(972) Metaspace: 5851K(6080K)->5851K(6080K) NonClass: 5186K(5312K)->5186K(5312K) Class: 664K(768K)->664K(768K)
[2024-12-04T16:40:51.796+0700][10,945s][info   ][gc          ] GC(972) Pause Young (Concurrent Start) (G1 Humongous Allocation) 1687M->1687M(2048M) 2,130ms
[2024-12-04T16:40:51.796+0700][10,945s][info   ][gc,cpu      ] GC(972) User=0,00s Sys=0,00s Real=0,00s
[2024-12-04T16:40:51.796+0700][10,945s][info   ][gc          ] GC(973) Concurrent Mark Cycle
[2024-12-04T16:40:51.796+0700][10,945s][info   ][gc,marking  ] GC(973) Concurrent Clear Claimed Marks
[2024-12-04T16:40:51.796+0700][10,945s][info   ][gc,marking  ] GC(973) Concurrent Clear Claimed Marks 0,039ms
[2024-12-04T16:40:51.796+0700][10,945s][info   ][gc,marking  ] GC(973) Concurrent Scan Root Regions
[2024-12-04T16:40:51.796+0700][10,945s][info   ][gc,marking  ] GC(973) Concurrent Scan Root Regions 0,013ms
[2024-12-04T16:40:51.796+0700][10,945s][info   ][gc,marking  ] GC(973) Concurrent Mark
[2024-12-04T16:40:51.796+0700][10,945s][info   ][gc,marking  ] GC(973) Concurrent Mark From Roots
[2024-12-04T16:40:51.796+0700][10,945s][info   ][gc,task     ] GC(973) Using 2 workers of 2 for marking
[2024-12-04T16:40:51.801+0700][10,950s][info   ][gc,marking  ] GC(973) Concurrent Mark From Roots 4,586ms
[2024-12-04T16:40:51.801+0700][10,950s][info   ][gc,marking  ] GC(973) Concurrent Preclean
[2024-12-04T16:40:51.801+0700][10,950s][info   ][gc,marking  ] GC(973) Concurrent Preclean 0,063ms
[2024-12-04T16:40:51.801+0700][10,950s][info   ][gc,start    ] GC(973) Pause Remark
[2024-12-04T16:40:51.802+0700][10,951s][info   ][gc          ] GC(973) Pause Remark 1688M->1688M(2048M) 0,990ms
[2024-12-04T16:40:51.802+0700][10,951s][info   ][gc,cpu      ] GC(973) User=0,00s Sys=0,00s Real=0,00s
[2024-12-04T16:40:51.802+0700][10,951s][info   ][gc,marking  ] GC(973) Concurrent Mark 5,864ms
[2024-12-04T16:40:51.802+0700][10,951s][info   ][gc,marking  ] GC(973) Concurrent Rebuild Remembered Sets
[2024-12-04T16:40:51.805+0700][10,954s][info   ][gc,marking  ] GC(973) Concurrent Rebuild Remembered Sets 2,614ms
[2024-12-04T16:40:51.805+0700][10,954s][info   ][gc,start    ] GC(973) Pause Cleanup
[2024-12-04T16:40:51.805+0700][10,954s][info   ][gc          ] GC(973) Pause Cleanup 1689M->1689M(2048M) 0,374ms
[2024-12-04T16:40:51.805+0700][10,954s][info   ][gc,cpu      ] GC(973) User=0,00s Sys=0,00s Real=0,00s
[2024-12-04T16:40:51.805+0700][10,954s][info   ][gc,marking  ] GC(973) Concurrent Cleanup for Next Mark
[2024-12-04T16:40:51.810+0700][10,958s][info   ][gc,marking  ] GC(973) Concurrent Cleanup for Next Mark 4,303ms
[2024-12-04T16:40:51.810+0700][10,958s][info   ][gc          ] GC(973) Concurrent Mark Cycle 13,566ms
[2024-12-04T16:40:51.814+0700][10,963s][info   ][gc,start    ] GC(974) Pause Young (Concurrent Start) (G1 Humongous Allocation)
[2024-12-04T16:40:51.814+0700][10,963s][info   ][gc,task     ] GC(974) Using 8 workers of 8 for evacuation
[2024-12-04T16:40:51.816+0700][10,965s][info   ][gc,phases   ] GC(974)   Pre Evacuate Collection Set: 0,5ms
[2024-12-04T16:40:51.816+0700][10,965s][info   ][gc,phases   ] GC(974)   Merge Heap Roots: 0,4ms
[2024-12-04T16:40:51.816+0700][10,965s][info   ][gc,phases   ] GC(974)   Evacuate Collection Set: 0,6ms
[2024-12-04T16:40:51.816+0700][10,965s][info   ][gc,phases   ] GC(974)   Post Evacuate Collection Set: 0,3ms
[2024-12-04T16:40:51.816+0700][10,965s][info   ][gc,phases   ] GC(974)   Other: 0,3ms
[2024-12-04T16:40:51.816+0700][10,965s][info   ][gc,heap     ] GC(974) Eden regions: 1->0(150)
[2024-12-04T16:40:51.816+0700][10,965s][info   ][gc,heap     ] GC(974) Survivor regions: 0->0(20)
[2024-12-04T16:40:51.816+0700][10,965s][info   ][gc,heap     ] GC(974) Old regions: 3->3
[2024-12-04T16:40:51.816+0700][10,965s][info   ][gc,heap     ] GC(974) Archive regions: 2->2
[2024-12-04T16:40:51.816+0700][10,965s][info   ][gc,heap     ] GC(974) Humongous regions: 1687->1687
[2024-12-04T16:40:51.816+0700][10,965s][info   ][gc,metaspace] GC(974) Metaspace: 5851K(6080K)->5851K(6080K) NonClass: 5186K(5312K)->5186K(5312K) Class: 664K(768K)->664K(768K)
[2024-12-04T16:40:51.816+0700][10,965s][info   ][gc          ] GC(974) Pause Young (Concurrent Start) (G1 Humongous Allocation) 1690M->1690M(2048M) 2,161ms
[2024-12-04T16:40:51.816+0700][10,965s][info   ][gc,cpu      ] GC(974) User=0,00s Sys=0,00s Real=0,00s
[2024-12-04T16:40:51.816+0700][10,965s][info   ][gc          ] GC(975) Concurrent Mark Cycle
[2024-12-04T16:40:51.816+0700][10,965s][info   ][gc,marking  ] GC(975) Concurrent Clear Claimed Marks
[2024-12-04T16:40:51.816+0700][10,965s][info   ][gc,marking  ] GC(975) Concurrent Clear Claimed Marks 0,016ms
[2024-12-04T16:40:51.816+0700][10,965s][info   ][gc,marking  ] GC(975) Concurrent Scan Root Regions
[2024-12-04T16:40:51.816+0700][10,965s][info   ][gc,marking  ] GC(975) Concurrent Scan Root Regions 0,007ms
[2024-12-04T16:40:51.816+0700][10,965s][info   ][gc,marking  ] GC(975) Concurrent Mark
[2024-12-04T16:40:51.816+0700][10,965s][info   ][gc,marking  ] GC(975) Concurrent Mark From Roots
[2024-12-04T16:40:51.816+0700][10,965s][info   ][gc,task     ] GC(975) Using 2 workers of 2 for marking
[2024-12-04T16:40:51.820+0700][10,968s][info   ][gc,marking  ] GC(975) Concurrent Mark From Roots 3,667ms
[2024-12-04T16:40:51.820+0700][10,968s][info   ][gc,marking  ] GC(975) Concurrent Preclean
[2024-12-04T16:40:51.820+0700][10,969s][info   ][gc,marking  ] GC(975) Concurrent Preclean 0,053ms
[2024-12-04T16:40:51.820+0700][10,969s][info   ][gc,start    ] GC(975) Pause Remark
[2024-12-04T16:40:51.821+0700][10,970s][info   ][gc          ] GC(975) Pause Remark 1691M->1691M(2048M) 1,057ms
[2024-12-04T16:40:51.821+0700][10,970s][info   ][gc,cpu      ] GC(975) User=0,01s Sys=0,00s Real=0,00s
[2024-12-04T16:40:51.821+0700][10,970s][info   ][gc,marking  ] GC(975) Concurrent Mark 4,948ms
[2024-12-04T16:40:51.821+0700][10,970s][info   ][gc,marking  ] GC(975) Concurrent Rebuild Remembered Sets
[2024-12-04T16:40:51.823+0700][10,972s][info   ][gc,marking  ] GC(975) Concurrent Rebuild Remembered Sets 2,021ms
[2024-12-04T16:40:51.823+0700][10,972s][info   ][gc,start    ] GC(975) Pause Cleanup
[2024-12-04T16:40:51.823+0700][10,972s][info   ][gc          ] GC(975) Pause Cleanup 1692M->1692M(2048M) 0,442ms
[2024-12-04T16:40:51.823+0700][10,972s][info   ][gc,cpu      ] GC(975) User=0,00s Sys=0,00s Real=0,01s
[2024-12-04T16:40:51.824+0700][10,972s][info   ][gc,marking  ] GC(975) Concurrent Cleanup for Next Mark
[2024-12-04T16:40:51.827+0700][10,976s][info   ][gc,marking  ] GC(975) Concurrent Cleanup for Next Mark 3,353ms
[2024-12-04T16:40:51.827+0700][10,976s][info   ][gc          ] GC(975) Concurrent Mark Cycle 11,118ms
[2024-12-04T16:40:51.827+0700][10,976s][info   ][gc,start    ] GC(976) Pause Young (Concurrent Start) (G1 Humongous Allocation)
[2024-12-04T16:40:51.827+0700][10,976s][info   ][gc,task     ] GC(976) Using 8 workers of 8 for evacuation
[2024-12-04T16:40:51.829+0700][10,978s][info   ][gc,phases   ] GC(976)   Pre Evacuate Collection Set: 0,5ms
[2024-12-04T16:40:51.829+0700][10,978s][info   ][gc,phases   ] GC(976)   Merge Heap Roots: 0,3ms
[2024-12-04T16:40:51.829+0700][10,978s][info   ][gc,phases   ] GC(976)   Evacuate Collection Set: 0,6ms
[2024-12-04T16:40:51.829+0700][10,978s][info   ][gc,phases   ] GC(976)   Post Evacuate Collection Set: 0,1ms
[2024-12-04T16:40:51.829+0700][10,978s][info   ][gc,phases   ] GC(976)   Other: 0,2ms
[2024-12-04T16:40:51.829+0700][10,978s][info   ][gc,heap     ] GC(976) Eden regions: 1->0(148)
[2024-12-04T16:40:51.829+0700][10,978s][info   ][gc,heap     ] GC(976) Survivor regions: 0->0(19)
[2024-12-04T16:40:51.829+0700][10,978s][info   ][gc,heap     ] GC(976) Old regions: 3->3
[2024-12-04T16:40:51.829+0700][10,978s][info   ][gc,heap     ] GC(976) Archive regions: 2->2
[2024-12-04T16:40:51.829+0700][10,978s][info   ][gc,heap     ] GC(976) Humongous regions: 1689->1689
[2024-12-04T16:40:51.829+0700][10,978s][info   ][gc,metaspace] GC(976) Metaspace: 5851K(6080K)->5851K(6080K) NonClass: 5186K(5312K)->5186K(5312K) Class: 664K(768K)->664K(768K)
[2024-12-04T16:40:51.829+0700][10,978s][info   ][gc          ] GC(976) Pause Young (Concurrent Start) (G1 Humongous Allocation) 1692M->1692M(2048M) 1,884ms
[2024-12-04T16:40:51.829+0700][10,978s][info   ][gc,cpu      ] GC(976) User=0,00s Sys=0,00s Real=0,00s
[2024-12-04T16:40:51.829+0700][10,978s][info   ][gc          ] GC(977) Concurrent Mark Cycle
[2024-12-04T16:40:51.829+0700][10,978s][info   ][gc,marking  ] GC(977) Concurrent Clear Claimed Marks
[2024-12-04T16:40:51.829+0700][10,978s][info   ][gc,marking  ] GC(977) Concurrent Clear Claimed Marks 0,022ms
[2024-12-04T16:40:51.829+0700][10,978s][info   ][gc,marking  ] GC(977) Concurrent Scan Root Regions
[2024-12-04T16:40:51.829+0700][10,978s][info   ][gc,marking  ] GC(977) Concurrent Scan Root Regions 0,006ms
[2024-12-04T16:40:51.829+0700][10,978s][info   ][gc,marking  ] GC(977) Concurrent Mark
[2024-12-04T16:40:51.829+0700][10,978s][info   ][gc,marking  ] GC(977) Concurrent Mark From Roots
[2024-12-04T16:40:51.829+0700][10,978s][info   ][gc,task     ] GC(977) Using 2 workers of 2 for marking
[2024-12-04T16:40:51.833+0700][10,982s][info   ][gc,marking  ] GC(977) Concurrent Mark From Roots 4,139ms
[2024-12-04T16:40:51.833+0700][10,982s][info   ][gc,marking  ] GC(977) Concurrent Preclean
[2024-12-04T16:40:51.833+0700][10,982s][info   ][gc,marking  ] GC(977) Concurrent Preclean 0,064ms
[2024-12-04T16:40:51.833+0700][10,982s][info   ][gc,start    ] GC(977) Pause Remark
[2024-12-04T16:40:51.834+0700][10,983s][info   ][gc          ] GC(977) Pause Remark 1693M->1693M(2048M) 0,990ms
[2024-12-04T16:40:51.834+0700][10,983s][info   ][gc,cpu      ] GC(977) User=0,00s Sys=0,00s Real=0,00s
[2024-12-04T16:40:51.834+0700][10,983s][info   ][gc,marking  ] GC(977) Concurrent Mark 5,342ms
[2024-12-04T16:40:51.834+0700][10,983s][info   ][gc,marking  ] GC(977) Concurrent Rebuild Remembered Sets
[2024-12-04T16:40:51.836+0700][10,985s][info   ][gc,marking  ] GC(977) Concurrent Rebuild Remembered Sets 1,954ms
[2024-12-04T16:40:51.836+0700][10,985s][info   ][gc,start    ] GC(977) Pause Cleanup
[2024-12-04T16:40:51.837+0700][10,986s][info   ][gc          ] GC(977) Pause Cleanup 1694M->1694M(2048M) 0,335ms
[2024-12-04T16:40:51.837+0700][10,986s][info   ][gc,cpu      ] GC(977) User=0,01s Sys=0,00s Real=0,00s
[2024-12-04T16:40:51.837+0700][10,986s][info   ][gc,marking  ] GC(977) Concurrent Cleanup for Next Mark
[2024-12-04T16:40:51.841+0700][10,989s][info   ][gc,marking  ] GC(977) Concurrent Cleanup for Next Mark 3,760ms
[2024-12-04T16:40:51.841+0700][10,989s][info   ][gc          ] GC(977) Concurrent Mark Cycle 11,622ms
[2024-12-04T16:40:51.846+0700][10,995s][info   ][gc,start    ] GC(978) Pause Young (Concurrent Start) (G1 Humongous Allocation)
[2024-12-04T16:40:51.846+0700][10,995s][info   ][gc,task     ] GC(978) Using 8 workers of 8 for evacuation
[2024-12-04T16:40:51.848+0700][10,996s][info   ][gc,phases   ] GC(978)   Pre Evacuate Collection Set: 0,4ms
[2024-12-04T16:40:51.848+0700][10,997s][info   ][gc,phases   ] GC(978)   Merge Heap Roots: 0,4ms
[2024-12-04T16:40:51.848+0700][10,997s][info   ][gc,phases   ] GC(978)   Evacuate Collection Set: 0,3ms
[2024-12-04T16:40:51.848+0700][10,997s][info   ][gc,phases   ] GC(978)   Post Evacuate Collection Set: 0,1ms
[2024-12-04T16:40:51.848+0700][10,997s][info   ][gc,phases   ] GC(978)   Other: 0,2ms
[2024-12-04T16:40:51.848+0700][10,997s][info   ][gc,heap     ] GC(978) Eden regions: 1->0(145)
[2024-12-04T16:40:51.848+0700][10,997s][info   ][gc,heap     ] GC(978) Survivor regions: 0->0(19)
[2024-12-04T16:40:51.848+0700][10,997s][info   ][gc,heap     ] GC(978) Old regions: 3->3
[2024-12-04T16:40:51.848+0700][10,997s][info   ][gc,heap     ] GC(978) Archive regions: 2->2
[2024-12-04T16:40:51.848+0700][10,997s][info   ][gc,heap     ] GC(978) Humongous regions: 1692->1692
[2024-12-04T16:40:51.848+0700][10,997s][info   ][gc,metaspace] GC(978) Metaspace: 5851K(6080K)->5851K(6080K) NonClass: 5186K(5312K)->5186K(5312K) Class: 664K(768K)->664K(768K)
[2024-12-04T16:40:51.848+0700][10,997s][info   ][gc          ] GC(978) Pause Young (Concurrent Start) (G1 Humongous Allocation) 1695M->1695M(2048M) 1,485ms
[2024-12-04T16:40:51.848+0700][10,997s][info   ][gc,cpu      ] GC(978) User=0,01s Sys=0,00s Real=0,00s
[2024-12-04T16:40:51.848+0700][10,997s][info   ][gc          ] GC(979) Concurrent Mark Cycle
[2024-12-04T16:40:51.848+0700][10,997s][info   ][gc,marking  ] GC(979) Concurrent Clear Claimed Marks
[2024-12-04T16:40:51.848+0700][10,997s][info   ][gc,marking  ] GC(979) Concurrent Clear Claimed Marks 0,008ms
[2024-12-04T16:40:51.848+0700][10,997s][info   ][gc,marking  ] GC(979) Concurrent Scan Root Regions
[2024-12-04T16:40:51.848+0700][10,997s][info   ][gc,marking  ] GC(979) Concurrent Scan Root Regions 0,005ms
[2024-12-04T16:40:51.848+0700][10,997s][info   ][gc,marking  ] GC(979) Concurrent Mark
[2024-12-04T16:40:51.848+0700][10,997s][info   ][gc,marking  ] GC(979) Concurrent Mark From Roots
[2024-12-04T16:40:51.848+0700][10,997s][info   ][gc,task     ] GC(979) Using 2 workers of 2 for marking
[2024-12-04T16:40:51.851+0700][11,000s][info   ][gc,marking  ] GC(979) Concurrent Mark From Roots 3,655ms
[2024-12-04T16:40:51.851+0700][11,000s][info   ][gc,marking  ] GC(979) Concurrent Preclean
[2024-12-04T16:40:51.851+0700][11,000s][info   ][gc,marking  ] GC(979) Concurrent Preclean 0,045ms
[2024-12-04T16:40:51.852+0700][11,000s][info   ][gc,start    ] GC(979) Pause Remark
[2024-12-04T16:40:51.852+0700][11,001s][info   ][gc          ] GC(979) Pause Remark 1696M->1696M(2048M) 0,861ms
[2024-12-04T16:40:51.852+0700][11,001s][info   ][gc,cpu      ] GC(979) User=0,01s Sys=0,00s Real=0,00s
[2024-12-04T16:40:51.852+0700][11,001s][info   ][gc,marking  ] GC(979) Concurrent Mark 4,683ms
[2024-12-04T16:40:51.852+0700][11,001s][info   ][gc,marking  ] GC(979) Concurrent Rebuild Remembered Sets
[2024-12-04T16:40:51.855+0700][11,004s][info   ][gc,marking  ] GC(979) Concurrent Rebuild Remembered Sets 2,247ms
[2024-12-04T16:40:51.855+0700][11,004s][info   ][gc,start    ] GC(979) Pause Cleanup
[2024-12-04T16:40:51.855+0700][11,004s][info   ][gc          ] GC(979) Pause Cleanup 1697M->1697M(2048M) 0,239ms
[2024-12-04T16:40:51.855+0700][11,004s][info   ][gc,cpu      ] GC(979) User=0,00s Sys=0,00s Real=0,00s
[2024-12-04T16:40:51.855+0700][11,004s][info   ][gc,marking  ] GC(979) Concurrent Cleanup for Next Mark
[2024-12-04T16:40:51.858+0700][11,007s][info   ][gc,marking  ] GC(979) Concurrent Cleanup for Next Mark 3,245ms
[2024-12-04T16:40:51.858+0700][11,007s][info   ][gc          ] GC(979) Concurrent Mark Cycle 10,603ms
[2024-12-04T16:40:51.859+0700][11,008s][info   ][gc,start    ] GC(980) Pause Young (Concurrent Start) (G1 Humongous Allocation)
[2024-12-04T16:40:51.859+0700][11,008s][info   ][gc,task     ] GC(980) Using 8 workers of 8 for evacuation
[2024-12-04T16:40:51.860+0700][11,009s][info   ][gc,phases   ] GC(980)   Pre Evacuate Collection Set: 0,3ms
[2024-12-04T16:40:51.861+0700][11,009s][info   ][gc,phases   ] GC(980)   Merge Heap Roots: 0,4ms
[2024-12-04T16:40:51.861+0700][11,009s][info   ][gc,phases   ] GC(980)   Evacuate Collection Set: 0,4ms
[2024-12-04T16:40:51.861+0700][11,009s][info   ][gc,phases   ] GC(980)   Post Evacuate Collection Set: 0,1ms
[2024-12-04T16:40:51.861+0700][11,009s][info   ][gc,phases   ] GC(980)   Other: 0,2ms
[2024-12-04T16:40:51.861+0700][11,009s][info   ][gc,heap     ] GC(980) Eden regions: 1->0(143)
[2024-12-04T16:40:51.861+0700][11,009s][info   ][gc,heap     ] GC(980) Survivor regions: 0->0(19)
[2024-12-04T16:40:51.861+0700][11,009s][info   ][gc,heap     ] GC(980) Old regions: 3->3
[2024-12-04T16:40:51.861+0700][11,009s][info   ][gc,heap     ] GC(980) Archive regions: 2->2
[2024-12-04T16:40:51.861+0700][11,009s][info   ][gc,heap     ] GC(980) Humongous regions: 1694->1694
[2024-12-04T16:40:51.861+0700][11,009s][info   ][gc,metaspace] GC(980) Metaspace: 5851K(6080K)->5851K(6080K) NonClass: 5186K(5312K)->5186K(5312K) Class: 664K(768K)->664K(768K)
[2024-12-04T16:40:51.861+0700][11,009s][info   ][gc          ] GC(980) Pause Young (Concurrent Start) (G1 Humongous Allocation) 1697M->1697M(2048M) 1,524ms
[2024-12-04T16:40:51.861+0700][11,009s][info   ][gc,cpu      ] GC(980) User=0,00s Sys=0,00s Real=0,00s
[2024-12-04T16:40:51.861+0700][11,009s][info   ][gc          ] GC(981) Concurrent Mark Cycle
[2024-12-04T16:40:51.861+0700][11,009s][info   ][gc,marking  ] GC(981) Concurrent Clear Claimed Marks
[2024-12-04T16:40:51.861+0700][11,009s][info   ][gc,marking  ] GC(981) Concurrent Clear Claimed Marks 0,009ms
[2024-12-04T16:40:51.861+0700][11,009s][info   ][gc,marking  ] GC(981) Concurrent Scan Root Regions
[2024-12-04T16:40:51.861+0700][11,009s][info   ][gc,marking  ] GC(981) Concurrent Scan Root Regions 0,007ms
[2024-12-04T16:40:51.861+0700][11,010s][info   ][gc,marking  ] GC(981) Concurrent Mark
[2024-12-04T16:40:51.861+0700][11,010s][info   ][gc,marking  ] GC(981) Concurrent Mark From Roots
[2024-12-04T16:40:51.861+0700][11,010s][info   ][gc,task     ] GC(981) Using 2 workers of 2 for marking
[2024-12-04T16:40:51.864+0700][11,013s][info   ][gc,marking  ] GC(981) Concurrent Mark From Roots 3,720ms
[2024-12-04T16:40:51.864+0700][11,013s][info   ][gc,marking  ] GC(981) Concurrent Preclean
[2024-12-04T16:40:51.864+0700][11,013s][info   ][gc,marking  ] GC(981) Concurrent Preclean 0,049ms
[2024-12-04T16:40:51.864+0700][11,013s][info   ][gc,start    ] GC(981) Pause Remark
[2024-12-04T16:40:51.865+0700][11,014s][info   ][gc          ] GC(981) Pause Remark 1698M->1698M(2048M) 0,748ms
[2024-12-04T16:40:51.865+0700][11,014s][info   ][gc,cpu      ] GC(981) User=0,01s Sys=0,00s Real=0,00s
[2024-12-04T16:40:51.865+0700][11,014s][info   ][gc,marking  ] GC(981) Concurrent Mark 4,611ms
[2024-12-04T16:40:51.865+0700][11,014s][info   ][gc,marking  ] GC(981) Concurrent Rebuild Remembered Sets
[2024-12-04T16:40:51.868+0700][11,017s][info   ][gc,marking  ] GC(981) Concurrent Rebuild Remembered Sets 2,373ms
[2024-12-04T16:40:51.868+0700][11,017s][info   ][gc,start    ] GC(981) Pause Cleanup
[2024-12-04T16:40:51.868+0700][11,017s][info   ][gc          ] GC(981) Pause Cleanup 1699M->1699M(2048M) 0,312ms
[2024-12-04T16:40:51.868+0700][11,017s][info   ][gc,cpu      ] GC(981) User=0,00s Sys=0,00s Real=0,00s
[2024-12-04T16:40:51.868+0700][11,017s][info   ][gc,marking  ] GC(981) Concurrent Cleanup for Next Mark
[2024-12-04T16:40:51.871+0700][11,020s][info   ][gc,marking  ] GC(981) Concurrent Cleanup for Next Mark 3,205ms
[2024-12-04T16:40:51.871+0700][11,020s][info   ][gc          ] GC(981) Concurrent Mark Cycle 10,753ms
[2024-12-04T16:40:51.872+0700][11,021s][info   ][gc,start    ] GC(982) Pause Young (Concurrent Start) (G1 Humongous Allocation)
[2024-12-04T16:40:51.872+0700][11,021s][info   ][gc,task     ] GC(982) Using 8 workers of 8 for evacuation
[2024-12-04T16:40:51.874+0700][11,023s][info   ][gc,phases   ] GC(982)   Pre Evacuate Collection Set: 0,4ms
[2024-12-04T16:40:51.874+0700][11,023s][info   ][gc,phases   ] GC(982)   Merge Heap Roots: 0,3ms
[2024-12-04T16:40:51.874+0700][11,023s][info   ][gc,phases   ] GC(982)   Evacuate Collection Set: 0,7ms
[2024-12-04T16:40:51.874+0700][11,023s][info   ][gc,phases   ] GC(982)   Post Evacuate Collection Set: 0,1ms
[2024-12-04T16:40:51.874+0700][11,023s][info   ][gc,phases   ] GC(982)   Other: 0,1ms
[2024-12-04T16:40:51.874+0700][11,023s][info   ][gc,heap     ] GC(982) Eden regions: 1->0(141)
[2024-12-04T16:40:51.874+0700][11,023s][info   ][gc,heap     ] GC(982) Survivor regions: 0->0(18)
[2024-12-04T16:40:51.874+0700][11,023s][info   ][gc,heap     ] GC(982) Old regions: 3->3
[2024-12-04T16:40:51.874+0700][11,023s][info   ][gc,heap     ] GC(982) Archive regions: 2->2
[2024-12-04T16:40:51.874+0700][11,023s][info   ][gc,heap     ] GC(982) Humongous regions: 1696->1696
[2024-12-04T16:40:51.874+0700][11,023s][info   ][gc,metaspace] GC(982) Metaspace: 5851K(6080K)->5851K(6080K) NonClass: 5186K(5312K)->5186K(5312K) Class: 664K(768K)->664K(768K)
[2024-12-04T16:40:51.874+0700][11,023s][info   ][gc          ] GC(982) Pause Young (Concurrent Start) (G1 Humongous Allocation) 1699M->1699M(2048M) 1,735ms
[2024-12-04T16:40:51.874+0700][11,023s][info   ][gc,cpu      ] GC(982) User=0,00s Sys=0,00s Real=0,01s
[2024-12-04T16:40:51.874+0700][11,023s][info   ][gc          ] GC(983) Concurrent Mark Cycle
[2024-12-04T16:40:51.874+0700][11,023s][info   ][gc,marking  ] GC(983) Concurrent Clear Claimed Marks
[2024-12-04T16:40:51.874+0700][11,023s][info   ][gc,marking  ] GC(983) Concurrent Clear Claimed Marks 0,013ms
[2024-12-04T16:40:51.874+0700][11,023s][info   ][gc,marking  ] GC(983) Concurrent Scan Root Regions
[2024-12-04T16:40:51.874+0700][11,023s][info   ][gc,marking  ] GC(983) Concurrent Scan Root Regions 0,006ms
[2024-12-04T16:40:51.874+0700][11,023s][info   ][gc,marking  ] GC(983) Concurrent Mark
[2024-12-04T16:40:51.874+0700][11,023s][info   ][gc,marking  ] GC(983) Concurrent Mark From Roots
[2024-12-04T16:40:51.874+0700][11,023s][info   ][gc,task     ] GC(983) Using 2 workers of 2 for marking
[2024-12-04T16:40:51.878+0700][11,027s][info   ][gc,marking  ] GC(983) Concurrent Mark From Roots 3,943ms
[2024-12-04T16:40:51.878+0700][11,027s][info   ][gc,marking  ] GC(983) Concurrent Preclean
[2024-12-04T16:40:51.878+0700][11,027s][info   ][gc,marking  ] GC(983) Concurrent Preclean 0,056ms
[2024-12-04T16:40:51.878+0700][11,027s][info   ][gc,start    ] GC(983) Pause Remark
[2024-12-04T16:40:51.879+0700][11,028s][info   ][gc          ] GC(983) Pause Remark 1700M->1700M(2048M) 1,347ms
[2024-12-04T16:40:51.879+0700][11,028s][info   ][gc,cpu      ] GC(983) User=0,00s Sys=0,00s Real=0,00s
[2024-12-04T16:40:51.879+0700][11,028s][info   ][gc,marking  ] GC(983) Concurrent Mark 5,471ms
[2024-12-04T16:40:51.879+0700][11,028s][info   ][gc,marking  ] GC(983) Concurrent Rebuild Remembered Sets
[2024-12-04T16:40:51.882+0700][11,031s][info   ][gc,marking  ] GC(983) Concurrent Rebuild Remembered Sets 2,198ms
[2024-12-04T16:40:51.882+0700][11,031s][info   ][gc,start    ] GC(983) Pause Cleanup
[2024-12-04T16:40:51.882+0700][11,031s][info   ][gc          ] GC(983) Pause Cleanup 1701M->1701M(2048M) 0,339ms
[2024-12-04T16:40:51.882+0700][11,031s][info   ][gc,cpu      ] GC(983) User=0,01s Sys=0,00s Real=0,00s
[2024-12-04T16:40:51.882+0700][11,031s][info   ][gc,marking  ] GC(983) Concurrent Cleanup for Next Mark
[2024-12-04T16:40:51.885+0700][11,034s][info   ][gc,marking  ] GC(983) Concurrent Cleanup for Next Mark 3,195ms
[2024-12-04T16:40:51.885+0700][11,034s][info   ][gc          ] GC(983) Concurrent Mark Cycle 11,563ms
[2024-12-04T16:40:51.891+0700][11,040s][info   ][gc,start    ] GC(984) Pause Young (Concurrent Start) (G1 Humongous Allocation)
[2024-12-04T16:40:51.891+0700][11,040s][info   ][gc,task     ] GC(984) Using 8 workers of 8 for evacuation
[2024-12-04T16:40:51.893+0700][11,042s][info   ][gc,phases   ] GC(984)   Pre Evacuate Collection Set: 0,4ms
[2024-12-04T16:40:51.893+0700][11,042s][info   ][gc,phases   ] GC(984)   Merge Heap Roots: 0,4ms
[2024-12-04T16:40:51.893+0700][11,042s][info   ][gc,phases   ] GC(984)   Evacuate Collection Set: 0,6ms
[2024-12-04T16:40:51.893+0700][11,042s][info   ][gc,phases   ] GC(984)   Post Evacuate Collection Set: 0,1ms
[2024-12-04T16:40:51.893+0700][11,042s][info   ][gc,phases   ] GC(984)   Other: 0,2ms
[2024-12-04T16:40:51.893+0700][11,042s][info   ][gc,heap     ] GC(984) Eden regions: 1->0(138)
[2024-12-04T16:40:51.893+0700][11,042s][info   ][gc,heap     ] GC(984) Survivor regions: 0->0(18)
[2024-12-04T16:40:51.893+0700][11,042s][info   ][gc,heap     ] GC(984) Old regions: 3->3
[2024-12-04T16:40:51.893+0700][11,042s][info   ][gc,heap     ] GC(984) Archive regions: 2->2
[2024-12-04T16:40:51.893+0700][11,042s][info   ][gc,heap     ] GC(984) Humongous regions: 1699->1699
[2024-12-04T16:40:51.893+0700][11,042s][info   ][gc,metaspace] GC(984) Metaspace: 5851K(6080K)->5851K(6080K) NonClass: 5186K(5312K)->5186K(5312K) Class: 664K(768K)->664K(768K)
[2024-12-04T16:40:51.893+0700][11,042s][info   ][gc          ] GC(984) Pause Young (Concurrent Start) (G1 Humongous Allocation) 1702M->1702M(2048M) 1,777ms
[2024-12-04T16:40:51.893+0700][11,042s][info   ][gc,cpu      ] GC(984) User=0,01s Sys=0,00s Real=0,01s
[2024-12-04T16:40:51.893+0700][11,042s][info   ][gc          ] GC(985) Concurrent Mark Cycle
[2024-12-04T16:40:51.893+0700][11,042s][info   ][gc,marking  ] GC(985) Concurrent Clear Claimed Marks
[2024-12-04T16:40:51.893+0700][11,042s][info   ][gc,marking  ] GC(985) Concurrent Clear Claimed Marks 0,008ms
[2024-12-04T16:40:51.893+0700][11,042s][info   ][gc,marking  ] GC(985) Concurrent Scan Root Regions
[2024-12-04T16:40:51.893+0700][11,042s][info   ][gc,marking  ] GC(985) Concurrent Scan Root Regions 0,004ms
[2024-12-04T16:40:51.893+0700][11,042s][info   ][gc,marking  ] GC(985) Concurrent Mark
[2024-12-04T16:40:51.893+0700][11,042s][info   ][gc,marking  ] GC(985) Concurrent Mark From Roots
[2024-12-04T16:40:51.893+0700][11,042s][info   ][gc,task     ] GC(985) Using 2 workers of 2 for marking
[2024-12-04T16:40:51.897+0700][11,046s][info   ][gc,marking  ] GC(985) Concurrent Mark From Roots 3,967ms
[2024-12-04T16:40:51.897+0700][11,046s][info   ][gc,marking  ] GC(985) Concurrent Preclean
[2024-12-04T16:40:51.897+0700][11,046s][info   ][gc,marking  ] GC(985) Concurrent Preclean 0,046ms
[2024-12-04T16:40:51.897+0700][11,046s][info   ][gc,start    ] GC(985) Pause Remark
[2024-12-04T16:40:51.898+0700][11,047s][info   ][gc          ] GC(985) Pause Remark 1703M->1703M(2048M) 0,837ms
[2024-12-04T16:40:51.898+0700][11,047s][info   ][gc,cpu      ] GC(985) User=0,01s Sys=0,00s Real=0,00s
[2024-12-04T16:40:51.898+0700][11,047s][info   ][gc,marking  ] GC(985) Concurrent Mark 4,961ms
[2024-12-04T16:40:51.898+0700][11,047s][info   ][gc,marking  ] GC(985) Concurrent Rebuild Remembered Sets
[2024-12-04T16:40:51.900+0700][11,049s][info   ][gc,marking  ] GC(985) Concurrent Rebuild Remembered Sets 2,205ms
[2024-12-04T16:40:51.900+0700][11,049s][info   ][gc,start    ] GC(985) Pause Cleanup
[2024-12-04T16:40:51.901+0700][11,049s][info   ][gc          ] GC(985) Pause Cleanup 1704M->1704M(2048M) 0,177ms
[2024-12-04T16:40:51.901+0700][11,049s][info   ][gc,cpu      ] GC(985) User=0,00s Sys=0,00s Real=0,00s
[2024-12-04T16:40:51.901+0700][11,050s][info   ][gc,marking  ] GC(985) Concurrent Cleanup for Next Mark
[2024-12-04T16:40:51.906+0700][11,055s][info   ][gc,marking  ] GC(985) Concurrent Cleanup for Next Mark 5,236ms
[2024-12-04T16:40:51.906+0700][11,055s][info   ][gc          ] GC(985) Concurrent Mark Cycle 12,792ms
[2024-12-04T16:40:51.910+0700][11,059s][info   ][gc,start    ] GC(986) Pause Young (Concurrent Start) (G1 Humongous Allocation)
[2024-12-04T16:40:51.910+0700][11,059s][info   ][gc,task     ] GC(986) Using 8 workers of 8 for evacuation
[2024-12-04T16:40:51.912+0700][11,061s][info   ][gc,phases   ] GC(986)   Pre Evacuate Collection Set: 0,3ms
[2024-12-04T16:40:51.912+0700][11,061s][info   ][gc,phases   ] GC(986)   Merge Heap Roots: 0,3ms
[2024-12-04T16:40:51.912+0700][11,061s][info   ][gc,phases   ] GC(986)   Evacuate Collection Set: 0,3ms
[2024-12-04T16:40:51.912+0700][11,061s][info   ][gc,phases   ] GC(986)   Post Evacuate Collection Set: 0,2ms
[2024-12-04T16:40:51.912+0700][11,061s][info   ][gc,phases   ] GC(986)   Other: 0,2ms
[2024-12-04T16:40:51.912+0700][11,061s][info   ][gc,heap     ] GC(986) Eden regions: 1->0(135)
[2024-12-04T16:40:51.912+0700][11,061s][info   ][gc,heap     ] GC(986) Survivor regions: 0->0(18)
[2024-12-04T16:40:51.912+0700][11,061s][info   ][gc,heap     ] GC(986) Old regions: 3->3
[2024-12-04T16:40:51.912+0700][11,061s][info   ][gc,heap     ] GC(986) Archive regions: 2->2
[2024-12-04T16:40:51.912+0700][11,061s][info   ][gc,heap     ] GC(986) Humongous regions: 1702->1702
[2024-12-04T16:40:51.912+0700][11,061s][info   ][gc,metaspace] GC(986) Metaspace: 5851K(6080K)->5851K(6080K) NonClass: 5186K(5312K)->5186K(5312K) Class: 664K(768K)->664K(768K)
[2024-12-04T16:40:51.912+0700][11,061s][info   ][gc          ] GC(986) Pause Young (Concurrent Start) (G1 Humongous Allocation) 1705M->1705M(2048M) 1,461ms
[2024-12-04T16:40:51.912+0700][11,061s][info   ][gc,cpu      ] GC(986) User=0,01s Sys=0,00s Real=0,00s
[2024-12-04T16:40:51.912+0700][11,061s][info   ][gc          ] GC(987) Concurrent Mark Cycle
[2024-12-04T16:40:51.912+0700][11,061s][info   ][gc,marking  ] GC(987) Concurrent Clear Claimed Marks
[2024-12-04T16:40:51.912+0700][11,061s][info   ][gc,marking  ] GC(987) Concurrent Clear Claimed Marks 0,011ms
[2024-12-04T16:40:51.912+0700][11,061s][info   ][gc,marking  ] GC(987) Concurrent Scan Root Regions
[2024-12-04T16:40:51.912+0700][11,061s][info   ][gc,marking  ] GC(987) Concurrent Scan Root Regions 0,005ms
[2024-12-04T16:40:51.912+0700][11,061s][info   ][gc,marking  ] GC(987) Concurrent Mark
[2024-12-04T16:40:51.912+0700][11,061s][info   ][gc,marking  ] GC(987) Concurrent Mark From Roots
[2024-12-04T16:40:51.912+0700][11,061s][info   ][gc,task     ] GC(987) Using 2 workers of 2 for marking
[2024-12-04T16:40:51.916+0700][11,065s][info   ][gc,marking  ] GC(987) Concurrent Mark From Roots 4,591ms
[2024-12-04T16:40:51.917+0700][11,065s][info   ][gc,marking  ] GC(987) Concurrent Preclean
[2024-12-04T16:40:51.917+0700][11,065s][info   ][gc,marking  ] GC(987) Concurrent Preclean 0,067ms
[2024-12-04T16:40:51.917+0700][11,066s][info   ][gc,start    ] GC(987) Pause Remark
[2024-12-04T16:40:51.919+0700][11,068s][info   ][gc          ] GC(987) Pause Remark 1706M->1706M(2048M) 1,992ms
[2024-12-04T16:40:51.919+0700][11,068s][info   ][gc,cpu      ] GC(987) User=0,00s Sys=0,00s Real=0,00s
[2024-12-04T16:40:51.919+0700][11,068s][info   ][gc,marking  ] GC(987) Concurrent Mark 6,977ms
[2024-12-04T16:40:51.919+0700][11,068s][info   ][gc,marking  ] GC(987) Concurrent Rebuild Remembered Sets
[2024-12-04T16:40:51.921+0700][11,070s][info   ][gc,marking  ] GC(987) Concurrent Rebuild Remembered Sets 2,576ms
[2024-12-04T16:40:51.922+0700][11,070s][info   ][gc,start    ] GC(987) Pause Cleanup
[2024-12-04T16:40:51.922+0700][11,071s][info   ][gc          ] GC(987) Pause Cleanup 1707M->1707M(2048M) 0,279ms
[2024-12-04T16:40:51.922+0700][11,071s][info   ][gc,cpu      ] GC(987) User=0,00s Sys=0,00s Real=0,00s
[2024-12-04T16:40:51.922+0700][11,071s][info   ][gc,marking  ] GC(987) Concurrent Cleanup for Next Mark
[2024-12-04T16:40:51.926+0700][11,075s][info   ][gc,marking  ] GC(987) Concurrent Cleanup for Next Mark 4,558ms
[2024-12-04T16:40:51.927+0700][11,075s][info   ][gc          ] GC(987) Concurrent Mark Cycle 14,682ms
[2024-12-04T16:40:51.931+0700][11,079s][info   ][gc,start    ] GC(988) Pause Young (Concurrent Start) (G1 Humongous Allocation)
[2024-12-04T16:40:51.931+0700][11,079s][info   ][gc,task     ] GC(988) Using 8 workers of 8 for evacuation
[2024-12-04T16:40:51.932+0700][11,081s][info   ][gc,phases   ] GC(988)   Pre Evacuate Collection Set: 0,4ms
[2024-12-04T16:40:51.932+0700][11,081s][info   ][gc,phases   ] GC(988)   Merge Heap Roots: 0,5ms
[2024-12-04T16:40:51.932+0700][11,081s][info   ][gc,phases   ] GC(988)   Evacuate Collection Set: 0,4ms
[2024-12-04T16:40:51.932+0700][11,081s][info   ][gc,phases   ] GC(988)   Post Evacuate Collection Set: 0,2ms
[2024-12-04T16:40:51.932+0700][11,081s][info   ][gc,phases   ] GC(988)   Other: 0,3ms
[2024-12-04T16:40:51.932+0700][11,081s][info   ][gc,heap     ] GC(988) Eden regions: 1->0(132)
[2024-12-04T16:40:51.932+0700][11,081s][info   ][gc,heap     ] GC(988) Survivor regions: 0->0(17)
[2024-12-04T16:40:51.932+0700][11,081s][info   ][gc,heap     ] GC(988) Old regions: 3->3
[2024-12-04T16:40:51.932+0700][11,081s][info   ][gc,heap     ] GC(988) Archive regions: 2->2
[2024-12-04T16:40:51.932+0700][11,081s][info   ][gc,heap     ] GC(988) Humongous regions: 1705->1705
[2024-12-04T16:40:51.932+0700][11,081s][info   ][gc,metaspace] GC(988) Metaspace: 5851K(6080K)->5851K(6080K) NonClass: 5186K(5312K)->5186K(5312K) Class: 664K(768K)->664K(768K)
[2024-12-04T16:40:51.932+0700][11,081s][info   ][gc          ] GC(988) Pause Young (Concurrent Start) (G1 Humongous Allocation) 1708M->1708M(2048M) 1,939ms
[2024-12-04T16:40:51.932+0700][11,081s][info   ][gc,cpu      ] GC(988) User=0,00s Sys=0,00s Real=0,00s
[2024-12-04T16:40:51.933+0700][11,081s][info   ][gc          ] GC(989) Concurrent Mark Cycle
[2024-12-04T16:40:51.933+0700][11,081s][info   ][gc,marking  ] GC(989) Concurrent Clear Claimed Marks
[2024-12-04T16:40:51.933+0700][11,081s][info   ][gc,marking  ] GC(989) Concurrent Clear Claimed Marks 0,030ms
[2024-12-04T16:40:51.933+0700][11,081s][info   ][gc,marking  ] GC(989) Concurrent Scan Root Regions
[2024-12-04T16:40:51.933+0700][11,081s][info   ][gc,marking  ] GC(989) Concurrent Scan Root Regions 0,008ms
[2024-12-04T16:40:51.933+0700][11,081s][info   ][gc,marking  ] GC(989) Concurrent Mark
[2024-12-04T16:40:51.933+0700][11,081s][info   ][gc,marking  ] GC(989) Concurrent Mark From Roots
[2024-12-04T16:40:51.933+0700][11,082s][info   ][gc,task     ] GC(989) Using 2 workers of 2 for marking
[2024-12-04T16:40:51.937+0700][11,086s][info   ][gc,marking  ] GC(989) Concurrent Mark From Roots 4,605ms
[2024-12-04T16:40:51.937+0700][11,086s][info   ][gc,marking  ] GC(989) Concurrent Preclean
[2024-12-04T16:40:51.937+0700][11,086s][info   ][gc,marking  ] GC(989) Concurrent Preclean 0,055ms
[2024-12-04T16:40:51.937+0700][11,086s][info   ][gc,start    ] GC(989) Pause Remark
[2024-12-04T16:40:51.939+0700][11,088s][info   ][gc          ] GC(989) Pause Remark 1709M->1709M(2048M) 1,487ms
[2024-12-04T16:40:51.939+0700][11,088s][info   ][gc,cpu      ] GC(989) User=0,00s Sys=0,00s Real=0,00s
[2024-12-04T16:40:51.939+0700][11,088s][info   ][gc,marking  ] GC(989) Concurrent Mark 6,301ms
[2024-12-04T16:40:51.939+0700][11,088s][info   ][gc,marking  ] GC(989) Concurrent Rebuild Remembered Sets
[2024-12-04T16:40:51.941+0700][11,090s][info   ][gc,marking  ] GC(989) Concurrent Rebuild Remembered Sets 2,308ms
[2024-12-04T16:40:51.941+0700][11,090s][info   ][gc,start    ] GC(989) Pause Cleanup
[2024-12-04T16:40:51.942+0700][11,091s][info   ][gc          ] GC(989) Pause Cleanup 1710M->1710M(2048M) 0,327ms
[2024-12-04T16:40:51.942+0700][11,091s][info   ][gc,cpu      ] GC(989) User=0,00s Sys=0,00s Real=0,00s
[2024-12-04T16:40:51.942+0700][11,091s][info   ][gc,marking  ] GC(989) Concurrent Cleanup for Next Mark
[2024-12-04T16:40:51.945+0700][11,094s][info   ][gc,marking  ] GC(989) Concurrent Cleanup for Next Mark 3,342ms
[2024-12-04T16:40:51.945+0700][11,094s][info   ][gc          ] GC(989) Concurrent Mark Cycle 12,696ms
[2024-12-04T16:40:51.951+0700][11,100s][info   ][gc,start    ] GC(990) Pause Young (Concurrent Start) (G1 Humongous Allocation)
[2024-12-04T16:40:51.951+0700][11,100s][info   ][gc,task     ] GC(990) Using 8 workers of 8 for evacuation
[2024-12-04T16:40:51.953+0700][11,102s][info   ][gc,phases   ] GC(990)   Pre Evacuate Collection Set: 0,6ms
[2024-12-04T16:40:51.953+0700][11,102s][info   ][gc,phases   ] GC(990)   Merge Heap Roots: 0,4ms
[2024-12-04T16:40:51.953+0700][11,102s][info   ][gc,phases   ] GC(990)   Evacuate Collection Set: 0,6ms
[2024-12-04T16:40:51.953+0700][11,102s][info   ][gc,phases   ] GC(990)   Post Evacuate Collection Set: 0,5ms
[2024-12-04T16:40:51.953+0700][11,102s][info   ][gc,phases   ] GC(990)   Other: 0,3ms
[2024-12-04T16:40:51.953+0700][11,102s][info   ][gc,heap     ] GC(990) Eden regions: 1->0(129)
[2024-12-04T16:40:51.953+0700][11,102s][info   ][gc,heap     ] GC(990) Survivor regions: 0->0(17)
[2024-12-04T16:40:51.953+0700][11,102s][info   ][gc,heap     ] GC(990) Old regions: 3->3
[2024-12-04T16:40:51.953+0700][11,102s][info   ][gc,heap     ] GC(990) Archive regions: 2->2
[2024-12-04T16:40:51.953+0700][11,102s][info   ][gc,heap     ] GC(990) Humongous regions: 1708->1708
[2024-12-04T16:40:51.953+0700][11,102s][info   ][gc,metaspace] GC(990) Metaspace: 5851K(6080K)->5851K(6080K) NonClass: 5186K(5312K)->5186K(5312K) Class: 664K(768K)->664K(768K)
[2024-12-04T16:40:51.953+0700][11,102s][info   ][gc          ] GC(990) Pause Young (Concurrent Start) (G1 Humongous Allocation) 1711M->1711M(2048M) 2,675ms
[2024-12-04T16:40:51.953+0700][11,102s][info   ][gc,cpu      ] GC(990) User=0,00s Sys=0,00s Real=0,01s
[2024-12-04T16:40:51.953+0700][11,102s][info   ][gc          ] GC(991) Concurrent Mark Cycle
[2024-12-04T16:40:51.953+0700][11,102s][info   ][gc,marking  ] GC(991) Concurrent Clear Claimed Marks
[2024-12-04T16:40:51.953+0700][11,102s][info   ][gc,marking  ] GC(991) Concurrent Clear Claimed Marks 0,032ms
[2024-12-04T16:40:51.953+0700][11,102s][info   ][gc,marking  ] GC(991) Concurrent Scan Root Regions
[2024-12-04T16:40:51.953+0700][11,102s][info   ][gc,marking  ] GC(991) Concurrent Scan Root Regions 0,008ms
[2024-12-04T16:40:51.953+0700][11,102s][info   ][gc,marking  ] GC(991) Concurrent Mark
[2024-12-04T16:40:51.953+0700][11,102s][info   ][gc,marking  ] GC(991) Concurrent Mark From Roots
[2024-12-04T16:40:51.953+0700][11,102s][info   ][gc,task     ] GC(991) Using 2 workers of 2 for marking
[2024-12-04T16:40:51.960+0700][11,109s][info   ][gc,marking  ] GC(991) Concurrent Mark From Roots 6,414ms
[2024-12-04T16:40:51.960+0700][11,109s][info   ][gc,marking  ] GC(991) Concurrent Preclean
[2024-12-04T16:40:51.960+0700][11,109s][info   ][gc,marking  ] GC(991) Concurrent Preclean 0,059ms
[2024-12-04T16:40:51.960+0700][11,109s][info   ][gc,start    ] GC(991) Pause Remark
[2024-12-04T16:40:51.961+0700][11,110s][info   ][gc          ] GC(991) Pause Remark 1713M->1713M(2048M) 0,986ms
[2024-12-04T16:40:51.961+0700][11,110s][info   ][gc,cpu      ] GC(991) User=0,01s Sys=0,00s Real=0,00s
[2024-12-04T16:40:51.961+0700][11,110s][info   ][gc,marking  ] GC(991) Concurrent Mark 7,641ms
[2024-12-04T16:40:51.961+0700][11,110s][info   ][gc,marking  ] GC(991) Concurrent Rebuild Remembered Sets
[2024-12-04T16:40:51.963+0700][11,112s][info   ][gc,marking  ] GC(991) Concurrent Rebuild Remembered Sets 2,107ms
[2024-12-04T16:40:51.963+0700][11,112s][info   ][gc,start    ] GC(991) Pause Cleanup
[2024-12-04T16:40:51.964+0700][11,112s][info   ][gc          ] GC(991) Pause Cleanup 1713M->1713M(2048M) 0,253ms
[2024-12-04T16:40:51.964+0700][11,112s][info   ][gc,cpu      ] GC(991) User=0,00s Sys=0,00s Real=0,00s
[2024-12-04T16:40:51.964+0700][11,112s][info   ][gc,marking  ] GC(991) Concurrent Cleanup for Next Mark
[2024-12-04T16:40:51.967+0700][11,116s][info   ][gc,marking  ] GC(991) Concurrent Cleanup for Next Mark 3,421ms
[2024-12-04T16:40:51.967+0700][11,116s][info   ][gc          ] GC(991) Concurrent Mark Cycle 13,702ms
[2024-12-04T16:40:51.971+0700][11,120s][info   ][gc,start    ] GC(992) Pause Young (Concurrent Start) (G1 Humongous Allocation)
[2024-12-04T16:40:51.971+0700][11,120s][info   ][gc,task     ] GC(992) Using 8 workers of 8 for evacuation
[2024-12-04T16:40:51.973+0700][11,122s][info   ][gc,phases   ] GC(992)   Pre Evacuate Collection Set: 0,3ms
[2024-12-04T16:40:51.973+0700][11,122s][info   ][gc,phases   ] GC(992)   Merge Heap Roots: 0,3ms
[2024-12-04T16:40:51.973+0700][11,122s][info   ][gc,phases   ] GC(992)   Evacuate Collection Set: 0,5ms
[2024-12-04T16:40:51.973+0700][11,122s][info   ][gc,phases   ] GC(992)   Post Evacuate Collection Set: 0,1ms
[2024-12-04T16:40:51.973+0700][11,122s][info   ][gc,phases   ] GC(992)   Other: 0,3ms
[2024-12-04T16:40:51.973+0700][11,122s][info   ][gc,heap     ] GC(992) Eden regions: 1->0(126)
[2024-12-04T16:40:51.973+0700][11,122s][info   ][gc,heap     ] GC(992) Survivor regions: 0->0(17)
[2024-12-04T16:40:51.973+0700][11,122s][info   ][gc,heap     ] GC(992) Old regions: 3->3
[2024-12-04T16:40:51.973+0700][11,122s][info   ][gc,heap     ] GC(992) Archive regions: 2->2
[2024-12-04T16:40:51.973+0700][11,122s][info   ][gc,heap     ] GC(992) Humongous regions: 1711->1711
[2024-12-04T16:40:51.973+0700][11,122s][info   ][gc,metaspace] GC(992) Metaspace: 5851K(6080K)->5851K(6080K) NonClass: 5186K(5312K)->5186K(5312K) Class: 664K(768K)->664K(768K)
[2024-12-04T16:40:51.973+0700][11,122s][info   ][gc          ] GC(992) Pause Young (Concurrent Start) (G1 Humongous Allocation) 1714M->1714M(2048M) 1,700ms
[2024-12-04T16:40:51.973+0700][11,122s][info   ][gc,cpu      ] GC(992) User=0,00s Sys=0,00s Real=0,00s
[2024-12-04T16:40:51.973+0700][11,122s][info   ][gc          ] GC(993) Concurrent Mark Cycle
[2024-12-04T16:40:51.973+0700][11,122s][info   ][gc,marking  ] GC(993) Concurrent Clear Claimed Marks
[2024-12-04T16:40:51.973+0700][11,122s][info   ][gc,marking  ] GC(993) Concurrent Clear Claimed Marks 0,010ms
[2024-12-04T16:40:51.973+0700][11,122s][info   ][gc,marking  ] GC(993) Concurrent Scan Root Regions
[2024-12-04T16:40:51.973+0700][11,122s][info   ][gc,marking  ] GC(993) Concurrent Scan Root Regions 0,004ms
[2024-12-04T16:40:51.973+0700][11,122s][info   ][gc,marking  ] GC(993) Concurrent Mark
[2024-12-04T16:40:51.973+0700][11,122s][info   ][gc,marking  ] GC(993) Concurrent Mark From Roots
[2024-12-04T16:40:51.973+0700][11,122s][info   ][gc,task     ] GC(993) Using 2 workers of 2 for marking
[2024-12-04T16:40:51.977+0700][11,126s][info   ][gc,marking  ] GC(993) Concurrent Mark From Roots 4,022ms
[2024-12-04T16:40:51.977+0700][11,126s][info   ][gc,marking  ] GC(993) Concurrent Preclean
[2024-12-04T16:40:51.977+0700][11,126s][info   ][gc,marking  ] GC(993) Concurrent Preclean 0,047ms
[2024-12-04T16:40:51.977+0700][11,126s][info   ][gc,start    ] GC(993) Pause Remark
[2024-12-04T16:40:51.978+0700][11,127s][info   ][gc          ] GC(993) Pause Remark 1715M->1715M(2048M) 0,972ms
[2024-12-04T16:40:51.978+0700][11,127s][info   ][gc,cpu      ] GC(993) User=0,00s Sys=0,00s Real=0,00s
[2024-12-04T16:40:51.978+0700][11,127s][info   ][gc,marking  ] GC(993) Concurrent Mark 5,185ms
[2024-12-04T16:40:51.978+0700][11,127s][info   ][gc,marking  ] GC(993) Concurrent Rebuild Remembered Sets
[2024-12-04T16:40:51.980+0700][11,129s][info   ][gc,marking  ] GC(993) Concurrent Rebuild Remembered Sets 1,913ms
[2024-12-04T16:40:51.980+0700][11,129s][info   ][gc,start    ] GC(993) Pause Cleanup
[2024-12-04T16:40:51.981+0700][11,130s][info   ][gc          ] GC(993) Pause Cleanup 1716M->1716M(2048M) 0,413ms
[2024-12-04T16:40:51.981+0700][11,130s][info   ][gc,cpu      ] GC(993) User=0,00s Sys=0,00s Real=0,00s
[2024-12-04T16:40:51.981+0700][11,130s][info   ][gc,marking  ] GC(993) Concurrent Cleanup for Next Mark
[2024-12-04T16:40:51.984+0700][11,133s][info   ][gc,marking  ] GC(993) Concurrent Cleanup for Next Mark 3,674ms
[2024-12-04T16:40:51.984+0700][11,133s][info   ][gc          ] GC(993) Concurrent Mark Cycle 11,625ms
[2024-12-04T16:40:51.985+0700][11,134s][info   ][gc,start    ] GC(994) Pause Young (Concurrent Start) (G1 Humongous Allocation)
[2024-12-04T16:40:51.985+0700][11,134s][info   ][gc,task     ] GC(994) Using 8 workers of 8 for evacuation
[2024-12-04T16:40:51.988+0700][11,137s][info   ][gc,phases   ] GC(994)   Pre Evacuate Collection Set: 0,6ms
[2024-12-04T16:40:51.988+0700][11,137s][info   ][gc,phases   ] GC(994)   Merge Heap Roots: 0,6ms
[2024-12-04T16:40:51.988+0700][11,137s][info   ][gc,phases   ] GC(994)   Evacuate Collection Set: 1,4ms
[2024-12-04T16:40:51.988+0700][11,137s][info   ][gc,phases   ] GC(994)   Post Evacuate Collection Set: 0,3ms
[2024-12-04T16:40:51.988+0700][11,137s][info   ][gc,phases   ] GC(994)   Other: 0,3ms
[2024-12-04T16:40:51.988+0700][11,137s][info   ][gc,heap     ] GC(994) Eden regions: 1->0(124)
[2024-12-04T16:40:51.988+0700][11,137s][info   ][gc,heap     ] GC(994) Survivor regions: 0->0(16)
[2024-12-04T16:40:51.988+0700][11,137s][info   ][gc,heap     ] GC(994) Old regions: 3->3
[2024-12-04T16:40:51.988+0700][11,137s][info   ][gc,heap     ] GC(994) Archive regions: 2->2
[2024-12-04T16:40:51.988+0700][11,137s][info   ][gc,heap     ] GC(994) Humongous regions: 1713->1713
[2024-12-04T16:40:51.988+0700][11,137s][info   ][gc,metaspace] GC(994) Metaspace: 5851K(6080K)->5851K(6080K) NonClass: 5186K(5312K)->5186K(5312K) Class: 664K(768K)->664K(768K)
[2024-12-04T16:40:51.988+0700][11,137s][info   ][gc          ] GC(994) Pause Young (Concurrent Start) (G1 Humongous Allocation) 1716M->1716M(2048M) 3,379ms
[2024-12-04T16:40:51.988+0700][11,137s][info   ][gc,cpu      ] GC(994) User=0,01s Sys=0,00s Real=0,00s
[2024-12-04T16:40:51.988+0700][11,137s][info   ][gc          ] GC(995) Concurrent Mark Cycle
[2024-12-04T16:40:51.988+0700][11,137s][info   ][gc,marking  ] GC(995) Concurrent Clear Claimed Marks
[2024-12-04T16:40:51.988+0700][11,137s][info   ][gc,marking  ] GC(995) Concurrent Clear Claimed Marks 0,013ms
[2024-12-04T16:40:51.988+0700][11,137s][info   ][gc,marking  ] GC(995) Concurrent Scan Root Regions
[2024-12-04T16:40:51.988+0700][11,137s][info   ][gc,marking  ] GC(995) Concurrent Scan Root Regions 0,006ms
[2024-12-04T16:40:51.988+0700][11,137s][info   ][gc,marking  ] GC(995) Concurrent Mark
[2024-12-04T16:40:51.988+0700][11,137s][info   ][gc,marking  ] GC(995) Concurrent Mark From Roots
[2024-12-04T16:40:51.988+0700][11,137s][info   ][gc,task     ] GC(995) Using 2 workers of 2 for marking
[2024-12-04T16:40:51.994+0700][11,142s][info   ][gc,marking  ] GC(995) Concurrent Mark From Roots 5,286ms
[2024-12-04T16:40:51.994+0700][11,142s][info   ][gc,marking  ] GC(995) Concurrent Preclean
[2024-12-04T16:40:51.994+0700][11,142s][info   ][gc,marking  ] GC(995) Concurrent Preclean 0,058ms
[2024-12-04T16:40:51.994+0700][11,143s][info   ][gc,start    ] GC(995) Pause Remark
[2024-12-04T16:40:51.995+0700][11,144s][info   ][gc          ] GC(995) Pause Remark 1717M->1717M(2048M) 1,154ms
[2024-12-04T16:40:51.995+0700][11,144s][info   ][gc,cpu      ] GC(995) User=0,00s Sys=0,00s Real=0,00s
[2024-12-04T16:40:51.996+0700][11,145s][info   ][gc,marking  ] GC(995) Concurrent Mark 7,477ms
[2024-12-04T16:40:51.996+0700][11,145s][info   ][gc,marking  ] GC(995) Concurrent Rebuild Remembered Sets
[2024-12-04T16:40:51.998+0700][11,147s][info   ][gc,marking  ] GC(995) Concurrent Rebuild Remembered Sets 2,689ms
[2024-12-04T16:40:51.999+0700][11,147s][info   ][gc,start    ] GC(995) Pause Cleanup
[2024-12-04T16:40:51.999+0700][11,148s][info   ][gc          ] GC(995) Pause Cleanup 1718M->1718M(2048M) 0,485ms
[2024-12-04T16:40:51.999+0700][11,148s][info   ][gc,cpu      ] GC(995) User=0,00s Sys=0,00s Real=0,00s
[2024-12-04T16:40:51.999+0700][11,148s][info   ][gc,marking  ] GC(995) Concurrent Cleanup for Next Mark
[2024-12-04T16:40:52.003+0700][11,152s][info   ][gc,marking  ] GC(995) Concurrent Cleanup for Next Mark 4,003ms
[2024-12-04T16:40:52.003+0700][11,152s][info   ][gc          ] GC(995) Concurrent Mark Cycle 15,126ms
[2024-12-04T16:40:52.008+0700][11,157s][info   ][gc,start    ] GC(996) Pause Young (Concurrent Start) (G1 Humongous Allocation)
[2024-12-04T16:40:52.008+0700][11,157s][info   ][gc,task     ] GC(996) Using 8 workers of 8 for evacuation
[2024-12-04T16:40:52.010+0700][11,159s][info   ][gc,phases   ] GC(996)   Pre Evacuate Collection Set: 0,4ms
[2024-12-04T16:40:52.010+0700][11,159s][info   ][gc,phases   ] GC(996)   Merge Heap Roots: 0,8ms
[2024-12-04T16:40:52.010+0700][11,159s][info   ][gc,phases   ] GC(996)   Evacuate Collection Set: 0,5ms
[2024-12-04T16:40:52.010+0700][11,159s][info   ][gc,phases   ] GC(996)   Post Evacuate Collection Set: 0,2ms
[2024-12-04T16:40:52.010+0700][11,159s][info   ][gc,phases   ] GC(996)   Other: 0,3ms
[2024-12-04T16:40:52.010+0700][11,159s][info   ][gc,heap     ] GC(996) Eden regions: 1->0(121)
[2024-12-04T16:40:52.010+0700][11,159s][info   ][gc,heap     ] GC(996) Survivor regions: 0->0(16)
[2024-12-04T16:40:52.010+0700][11,159s][info   ][gc,heap     ] GC(996) Old regions: 3->3
[2024-12-04T16:40:52.010+0700][11,159s][info   ][gc,heap     ] GC(996) Archive regions: 2->2
[2024-12-04T16:40:52.010+0700][11,159s][info   ][gc,heap     ] GC(996) Humongous regions: 1716->1716
[2024-12-04T16:40:52.010+0700][11,159s][info   ][gc,metaspace] GC(996) Metaspace: 5851K(6080K)->5851K(6080K) NonClass: 5186K(5312K)->5186K(5312K) Class: 664K(768K)->664K(768K)
[2024-12-04T16:40:52.010+0700][11,159s][info   ][gc          ] GC(996) Pause Young (Concurrent Start) (G1 Humongous Allocation) 1719M->1719M(2048M) 2,174ms
[2024-12-04T16:40:52.010+0700][11,159s][info   ][gc,cpu      ] GC(996) User=0,00s Sys=0,00s Real=0,00s
[2024-12-04T16:40:52.010+0700][11,159s][info   ][gc          ] GC(997) Concurrent Mark Cycle
[2024-12-04T16:40:52.010+0700][11,159s][info   ][gc,marking  ] GC(997) Concurrent Clear Claimed Marks
[2024-12-04T16:40:52.010+0700][11,159s][info   ][gc,marking  ] GC(997) Concurrent Clear Claimed Marks 0,017ms
[2024-12-04T16:40:52.010+0700][11,159s][info   ][gc,marking  ] GC(997) Concurrent Scan Root Regions
[2024-12-04T16:40:52.010+0700][11,159s][info   ][gc,marking  ] GC(997) Concurrent Scan Root Regions 0,008ms
[2024-12-04T16:40:52.010+0700][11,159s][info   ][gc,marking  ] GC(997) Concurrent Mark
[2024-12-04T16:40:52.010+0700][11,159s][info   ][gc,marking  ] GC(997) Concurrent Mark From Roots
[2024-12-04T16:40:52.010+0700][11,159s][info   ][gc,task     ] GC(997) Using 2 workers of 2 for marking
[2024-12-04T16:40:52.015+0700][11,164s][info   ][gc,marking  ] GC(997) Concurrent Mark From Roots 4,708ms
[2024-12-04T16:40:52.015+0700][11,164s][info   ][gc,marking  ] GC(997) Concurrent Preclean
[2024-12-04T16:40:52.015+0700][11,164s][info   ][gc,marking  ] GC(997) Concurrent Preclean 0,069ms
[2024-12-04T16:40:52.015+0700][11,164s][info   ][gc,start    ] GC(997) Pause Remark
[2024-12-04T16:40:52.016+0700][11,165s][info   ][gc          ] GC(997) Pause Remark 1720M->1720M(2048M) 0,948ms
[2024-12-04T16:40:52.016+0700][11,165s][info   ][gc,cpu      ] GC(997) User=0,00s Sys=0,00s Real=0,00s
[2024-12-04T16:40:52.016+0700][11,165s][info   ][gc,marking  ] GC(997) Concurrent Mark 5,903ms
[2024-12-04T16:40:52.016+0700][11,165s][info   ][gc,marking  ] GC(997) Concurrent Rebuild Remembered Sets
[2024-12-04T16:40:52.018+0700][11,167s][info   ][gc,marking  ] GC(997) Concurrent Rebuild Remembered Sets 2,215ms
[2024-12-04T16:40:52.019+0700][11,167s][info   ][gc,start    ] GC(997) Pause Cleanup
[2024-12-04T16:40:52.019+0700][11,168s][info   ][gc          ] GC(997) Pause Cleanup 1721M->1721M(2048M) 0,402ms
[2024-12-04T16:40:52.019+0700][11,168s][info   ][gc,cpu      ] GC(997) User=0,00s Sys=0,00s Real=0,00s
[2024-12-04T16:40:52.019+0700][11,168s][info   ][gc,marking  ] GC(997) Concurrent Cleanup for Next Mark
[2024-12-04T16:40:52.023+0700][11,172s][info   ][gc,marking  ] GC(997) Concurrent Cleanup for Next Mark 4,364ms
[2024-12-04T16:40:52.023+0700][11,172s][info   ][gc          ] GC(997) Concurrent Mark Cycle 13,250ms
[2024-12-04T16:40:52.028+0700][11,177s][info   ][gc,start    ] GC(998) Pause Young (Concurrent Start) (G1 Humongous Allocation)
[2024-12-04T16:40:52.028+0700][11,177s][info   ][gc,task     ] GC(998) Using 8 workers of 8 for evacuation
[2024-12-04T16:40:52.030+0700][11,178s][info   ][gc,phases   ] GC(998)   Pre Evacuate Collection Set: 0,4ms
[2024-12-04T16:40:52.030+0700][11,178s][info   ][gc,phases   ] GC(998)   Merge Heap Roots: 0,4ms
[2024-12-04T16:40:52.030+0700][11,178s][info   ][gc,phases   ] GC(998)   Evacuate Collection Set: 0,4ms
[2024-12-04T16:40:52.030+0700][11,178s][info   ][gc,phases   ] GC(998)   Post Evacuate Collection Set: 0,2ms
[2024-12-04T16:40:52.030+0700][11,178s][info   ][gc,phases   ] GC(998)   Other: 0,2ms
[2024-12-04T16:40:52.030+0700][11,178s][info   ][gc,heap     ] GC(998) Eden regions: 1->0(118)
[2024-12-04T16:40:52.030+0700][11,178s][info   ][gc,heap     ] GC(998) Survivor regions: 0->0(16)
[2024-12-04T16:40:52.030+0700][11,179s][info   ][gc,heap     ] GC(998) Old regions: 3->3
[2024-12-04T16:40:52.030+0700][11,179s][info   ][gc,heap     ] GC(998) Archive regions: 2->2
[2024-12-04T16:40:52.030+0700][11,179s][info   ][gc,heap     ] GC(998) Humongous regions: 1719->1719
[2024-12-04T16:40:52.030+0700][11,179s][info   ][gc,metaspace] GC(998) Metaspace: 5851K(6080K)->5851K(6080K) NonClass: 5186K(5312K)->5186K(5312K) Class: 664K(768K)->664K(768K)
[2024-12-04T16:40:52.030+0700][11,179s][info   ][gc          ] GC(998) Pause Young (Concurrent Start) (G1 Humongous Allocation) 1722M->1722M(2048M) 1,622ms
[2024-12-04T16:40:52.030+0700][11,179s][info   ][gc,cpu      ] GC(998) User=0,00s Sys=0,00s Real=0,00s
[2024-12-04T16:40:52.030+0700][11,179s][info   ][gc          ] GC(999) Concurrent Mark Cycle
[2024-12-04T16:40:52.030+0700][11,179s][info   ][gc,marking  ] GC(999) Concurrent Clear Claimed Marks
[2024-12-04T16:40:52.030+0700][11,179s][info   ][gc,marking  ] GC(999) Concurrent Clear Claimed Marks 0,016ms
[2024-12-04T16:40:52.030+0700][11,179s][info   ][gc,marking  ] GC(999) Concurrent Scan Root Regions
[2024-12-04T16:40:52.030+0700][11,179s][info   ][gc,marking  ] GC(999) Concurrent Scan Root Regions 0,006ms
[2024-12-04T16:40:52.030+0700][11,179s][info   ][gc,marking  ] GC(999) Concurrent Mark
[2024-12-04T16:40:52.030+0700][11,179s][info   ][gc,marking  ] GC(999) Concurrent Mark From Roots
[2024-12-04T16:40:52.030+0700][11,179s][info   ][gc,task     ] GC(999) Using 2 workers of 2 for marking
[2024-12-04T16:40:52.034+0700][11,183s][info   ][gc,marking  ] GC(999) Concurrent Mark From Roots 4,115ms
[2024-12-04T16:40:52.034+0700][11,183s][info   ][gc,marking  ] GC(999) Concurrent Preclean
[2024-12-04T16:40:52.034+0700][11,183s][info   ][gc,marking  ] GC(999) Concurrent Preclean 0,064ms
[2024-12-04T16:40:52.034+0700][11,183s][info   ][gc,start    ] GC(999) Pause Remark
[2024-12-04T16:40:52.035+0700][11,184s][info   ][gc          ] GC(999) Pause Remark 1723M->1723M(2048M) 0,965ms
[2024-12-04T16:40:52.035+0700][11,184s][info   ][gc,cpu      ] GC(999) User=0,00s Sys=0,00s Real=0,00s
[2024-12-04T16:40:52.035+0700][11,184s][info   ][gc,marking  ] GC(999) Concurrent Mark 5,296ms
[2024-12-04T16:40:52.035+0700][11,184s][info   ][gc,marking  ] GC(999) Concurrent Rebuild Remembered Sets
[2024-12-04T16:40:52.038+0700][11,187s][info   ][gc,marking  ] GC(999) Concurrent Rebuild Remembered Sets 2,827ms
[2024-12-04T16:40:52.038+0700][11,187s][info   ][gc,start    ] GC(999) Pause Cleanup
[2024-12-04T16:40:52.038+0700][11,187s][info   ][gc          ] GC(999) Pause Cleanup 1724M->1724M(2048M) 0,352ms
[2024-12-04T16:40:52.038+0700][11,187s][info   ][gc,cpu      ] GC(999) User=0,00s Sys=0,00s Real=0,00s
[2024-12-04T16:40:52.038+0700][11,187s][info   ][gc,marking  ] GC(999) Concurrent Cleanup for Next Mark
[2024-12-04T16:40:52.041+0700][11,190s][info   ][gc,marking  ] GC(999) Concurrent Cleanup for Next Mark 3,035ms
[2024-12-04T16:40:52.041+0700][11,190s][info   ][gc          ] GC(999) Concurrent Mark Cycle 11,767ms
[2024-12-04T16:40:52.047+0700][11,196s][info   ][gc,start    ] GC(1000) Pause Young (Concurrent Start) (G1 Humongous Allocation)
[2024-12-04T16:40:52.047+0700][11,196s][info   ][gc,task     ] GC(1000) Using 8 workers of 8 for evacuation
[2024-12-04T16:40:52.049+0700][11,197s][info   ][gc,phases   ] GC(1000)   Pre Evacuate Collection Set: 0,4ms
[2024-12-04T16:40:52.049+0700][11,197s][info   ][gc,phases   ] GC(1000)   Merge Heap Roots: 0,4ms
[2024-12-04T16:40:52.049+0700][11,198s][info   ][gc,phases   ] GC(1000)   Evacuate Collection Set: 0,7ms
[2024-12-04T16:40:52.049+0700][11,198s][info   ][gc,phases   ] GC(1000)   Post Evacuate Collection Set: 0,2ms
[2024-12-04T16:40:52.049+0700][11,198s][info   ][gc,phases   ] GC(1000)   Other: 0,2ms
[2024-12-04T16:40:52.049+0700][11,198s][info   ][gc,heap     ] GC(1000) Eden regions: 1->0(115)
[2024-12-04T16:40:52.049+0700][11,198s][info   ][gc,heap     ] GC(1000) Survivor regions: 0->0(15)
[2024-12-04T16:40:52.049+0700][11,198s][info   ][gc,heap     ] GC(1000) Old regions: 3->3
[2024-12-04T16:40:52.049+0700][11,198s][info   ][gc,heap     ] GC(1000) Archive regions: 2->2
[2024-12-04T16:40:52.049+0700][11,198s][info   ][gc,heap     ] GC(1000) Humongous regions: 1722->1722
[2024-12-04T16:40:52.049+0700][11,198s][info   ][gc,metaspace] GC(1000) Metaspace: 5851K(6080K)->5851K(6080K) NonClass: 5186K(5312K)->5186K(5312K) Class: 664K(768K)->664K(768K)
[2024-12-04T16:40:52.049+0700][11,198s][info   ][gc          ] GC(1000) Pause Young (Concurrent Start) (G1 Humongous Allocation) 1725M->1725M(2048M) 1,865ms
[2024-12-04T16:40:52.049+0700][11,198s][info   ][gc,cpu      ] GC(1000) User=0,01s Sys=0,00s Real=0,00s
[2024-12-04T16:40:52.049+0700][11,198s][info   ][gc          ] GC(1001) Concurrent Mark Cycle
[2024-12-04T16:40:52.049+0700][11,198s][info   ][gc,marking  ] GC(1001) Concurrent Clear Claimed Marks
[2024-12-04T16:40:52.049+0700][11,198s][info   ][gc,marking  ] GC(1001) Concurrent Clear Claimed Marks 0,017ms
[2024-12-04T16:40:52.049+0700][11,198s][info   ][gc,marking  ] GC(1001) Concurrent Scan Root Regions
[2024-12-04T16:40:52.049+0700][11,198s][info   ][gc,marking  ] GC(1001) Concurrent Scan Root Regions 0,006ms
[2024-12-04T16:40:52.049+0700][11,198s][info   ][gc,marking  ] GC(1001) Concurrent Mark
[2024-12-04T16:40:52.049+0700][11,198s][info   ][gc,marking  ] GC(1001) Concurrent Mark From Roots
[2024-12-04T16:40:52.049+0700][11,198s][info   ][gc,task     ] GC(1001) Using 2 workers of 2 for marking
[2024-12-04T16:40:52.053+0700][11,202s][info   ][gc,marking  ] GC(1001) Concurrent Mark From Roots 4,139ms
[2024-12-04T16:40:52.053+0700][11,202s][info   ][gc,marking  ] GC(1001) Concurrent Preclean
[2024-12-04T16:40:52.053+0700][11,202s][info   ][gc,marking  ] GC(1001) Concurrent Preclean 0,075ms
[2024-12-04T16:40:52.053+0700][11,202s][info   ][gc,start    ] GC(1001) Pause Remark
[2024-12-04T16:40:52.054+0700][11,203s][info   ][gc          ] GC(1001) Pause Remark 1726M->1726M(2048M) 1,027ms
[2024-12-04T16:40:52.054+0700][11,203s][info   ][gc,cpu      ] GC(1001) User=0,01s Sys=0,00s Real=0,00s
[2024-12-04T16:40:52.054+0700][11,203s][info   ][gc,marking  ] GC(1001) Concurrent Mark 5,462ms
[2024-12-04T16:40:52.054+0700][11,203s][info   ][gc,marking  ] GC(1001) Concurrent Rebuild Remembered Sets
[2024-12-04T16:40:52.056+0700][11,205s][info   ][gc,marking  ] GC(1001) Concurrent Rebuild Remembered Sets 1,754ms
[2024-12-04T16:40:52.056+0700][11,205s][info   ][gc,start    ] GC(1001) Pause Cleanup
[2024-12-04T16:40:52.056+0700][11,205s][info   ][gc          ] GC(1001) Pause Cleanup 1727M->1727M(2048M) 0,330ms
[2024-12-04T16:40:52.056+0700][11,205s][info   ][gc,cpu      ] GC(1001) User=0,00s Sys=0,00s Real=0,00s
[2024-12-04T16:40:52.056+0700][11,205s][info   ][gc,marking  ] GC(1001) Concurrent Cleanup for Next Mark
[2024-12-04T16:40:52.060+0700][11,209s][info   ][gc,marking  ] GC(1001) Concurrent Cleanup for Next Mark 3,184ms
[2024-12-04T16:40:52.060+0700][11,209s][info   ][gc          ] GC(1001) Concurrent Mark Cycle 10,993ms
[2024-12-04T16:40:52.060+0700][11,209s][info   ][gc,start    ] GC(1002) Pause Young (Concurrent Start) (G1 Humongous Allocation)
[2024-12-04T16:40:52.060+0700][11,209s][info   ][gc,task     ] GC(1002) Using 8 workers of 8 for evacuation
[2024-12-04T16:40:52.061+0700][11,210s][info   ][gc,phases   ] GC(1002)   Pre Evacuate Collection Set: 0,3ms
[2024-12-04T16:40:52.061+0700][11,210s][info   ][gc,phases   ] GC(1002)   Merge Heap Roots: 0,3ms
[2024-12-04T16:40:52.061+0700][11,210s][info   ][gc,phases   ] GC(1002)   Evacuate Collection Set: 0,3ms
[2024-12-04T16:40:52.061+0700][11,210s][info   ][gc,phases   ] GC(1002)   Post Evacuate Collection Set: 0,1ms
[2024-12-04T16:40:52.061+0700][11,210s][info   ][gc,phases   ] GC(1002)   Other: 0,2ms
[2024-12-04T16:40:52.061+0700][11,210s][info   ][gc,heap     ] GC(1002) Eden regions: 1->0(113)
[2024-12-04T16:40:52.061+0700][11,210s][info   ][gc,heap     ] GC(1002) Survivor regions: 0->0(15)
[2024-12-04T16:40:52.061+0700][11,210s][info   ][gc,heap     ] GC(1002) Old regions: 3->3
[2024-12-04T16:40:52.061+0700][11,210s][info   ][gc,heap     ] GC(1002) Archive regions: 2->2
[2024-12-04T16:40:52.061+0700][11,210s][info   ][gc,heap     ] GC(1002) Humongous regions: 1724->1724
[2024-12-04T16:40:52.061+0700][11,210s][info   ][gc,metaspace] GC(1002) Metaspace: 5851K(6080K)->5851K(6080K) NonClass: 5186K(5312K)->5186K(5312K) Class: 664K(768K)->664K(768K)
[2024-12-04T16:40:52.061+0700][11,210s][info   ][gc          ] GC(1002) Pause Young (Concurrent Start) (G1 Humongous Allocation) 1727M->1727M(2048M) 1,257ms
[2024-12-04T16:40:52.061+0700][11,210s][info   ][gc,cpu      ] GC(1002) User=0,00s Sys=0,00s Real=0,00s
[2024-12-04T16:40:52.061+0700][11,210s][info   ][gc          ] GC(1003) Concurrent Mark Cycle
[2024-12-04T16:40:52.061+0700][11,210s][info   ][gc,marking  ] GC(1003) Concurrent Clear Claimed Marks
[2024-12-04T16:40:52.061+0700][11,210s][info   ][gc,marking  ] GC(1003) Concurrent Clear Claimed Marks 0,009ms
[2024-12-04T16:40:52.061+0700][11,210s][info   ][gc,marking  ] GC(1003) Concurrent Scan Root Regions
[2024-12-04T16:40:52.061+0700][11,210s][info   ][gc,marking  ] GC(1003) Concurrent Scan Root Regions 0,003ms
[2024-12-04T16:40:52.061+0700][11,210s][info   ][gc,marking  ] GC(1003) Concurrent Mark
[2024-12-04T16:40:52.061+0700][11,210s][info   ][gc,marking  ] GC(1003) Concurrent Mark From Roots
[2024-12-04T16:40:52.061+0700][11,210s][info   ][gc,task     ] GC(1003) Using 2 workers of 2 for marking
[2024-12-04T16:40:52.065+0700][11,214s][info   ][gc,marking  ] GC(1003) Concurrent Mark From Roots 3,563ms
[2024-12-04T16:40:52.065+0700][11,214s][info   ][gc,marking  ] GC(1003) Concurrent Preclean
[2024-12-04T16:40:52.065+0700][11,214s][info   ][gc,marking  ] GC(1003) Concurrent Preclean 0,046ms
[2024-12-04T16:40:52.065+0700][11,214s][info   ][gc,start    ] GC(1003) Pause Remark
[2024-12-04T16:40:52.066+0700][11,215s][info   ][gc          ] GC(1003) Pause Remark 1728M->1728M(2048M) 0,757ms
[2024-12-04T16:40:52.066+0700][11,215s][info   ][gc,cpu      ] GC(1003) User=0,00s Sys=0,00s Real=0,00s
[2024-12-04T16:40:52.066+0700][11,215s][info   ][gc,marking  ] GC(1003) Concurrent Mark 4,477ms
[2024-12-04T16:40:52.066+0700][11,215s][info   ][gc,marking  ] GC(1003) Concurrent Rebuild Remembered Sets
[2024-12-04T16:40:52.068+0700][11,217s][info   ][gc,marking  ] GC(1003) Concurrent Rebuild Remembered Sets 2,058ms
[2024-12-04T16:40:52.068+0700][11,217s][info   ][gc,start    ] GC(1003) Pause Cleanup
[2024-12-04T16:40:52.068+0700][11,217s][info   ][gc          ] GC(1003) Pause Cleanup 1729M->1729M(2048M) 0,304ms
[2024-12-04T16:40:52.068+0700][11,217s][info   ][gc,cpu      ] GC(1003) User=0,00s Sys=0,00s Real=0,00s
[2024-12-04T16:40:52.068+0700][11,217s][info   ][gc,marking  ] GC(1003) Concurrent Cleanup for Next Mark
[2024-12-04T16:40:52.071+0700][11,220s][info   ][gc,marking  ] GC(1003) Concurrent Cleanup for Next Mark 2,979ms
[2024-12-04T16:40:52.071+0700][11,220s][info   ][gc          ] GC(1003) Concurrent Mark Cycle 10,040ms
[2024-12-04T16:40:52.073+0700][11,222s][info   ][gc,start    ] GC(1004) Pause Young (Concurrent Start) (G1 Humongous Allocation)
[2024-12-04T16:40:52.073+0700][11,222s][info   ][gc,task     ] GC(1004) Using 8 workers of 8 for evacuation
[2024-12-04T16:40:52.075+0700][11,224s][info   ][gc,phases   ] GC(1004)   Pre Evacuate Collection Set: 0,5ms
[2024-12-04T16:40:52.075+0700][11,224s][info   ][gc,phases   ] GC(1004)   Merge Heap Roots: 0,4ms
[2024-12-04T16:40:52.075+0700][11,224s][info   ][gc,phases   ] GC(1004)   Evacuate Collection Set: 0,6ms
[2024-12-04T16:40:52.075+0700][11,224s][info   ][gc,phases   ] GC(1004)   Post Evacuate Collection Set: 0,1ms
[2024-12-04T16:40:52.075+0700][11,224s][info   ][gc,phases   ] GC(1004)   Other: 0,2ms
[2024-12-04T16:40:52.075+0700][11,224s][info   ][gc,heap     ] GC(1004) Eden regions: 1->0(111)
[2024-12-04T16:40:52.075+0700][11,224s][info   ][gc,heap     ] GC(1004) Survivor regions: 0->0(15)
[2024-12-04T16:40:52.075+0700][11,224s][info   ][gc,heap     ] GC(1004) Old regions: 3->3
[2024-12-04T16:40:52.075+0700][11,224s][info   ][gc,heap     ] GC(1004) Archive regions: 2->2
[2024-12-04T16:40:52.075+0700][11,224s][info   ][gc,heap     ] GC(1004) Humongous regions: 1726->1726
[2024-12-04T16:40:52.075+0700][11,224s][info   ][gc,metaspace] GC(1004) Metaspace: 5851K(6080K)->5851K(6080K) NonClass: 5186K(5312K)->5186K(5312K) Class: 664K(768K)->664K(768K)
[2024-12-04T16:40:52.075+0700][11,224s][info   ][gc          ] GC(1004) Pause Young (Concurrent Start) (G1 Humongous Allocation) 1729M->1729M(2048M) 1,883ms
[2024-12-04T16:40:52.075+0700][11,224s][info   ][gc,cpu      ] GC(1004) User=0,01s Sys=0,00s Real=0,00s
[2024-12-04T16:40:52.075+0700][11,224s][info   ][gc          ] GC(1005) Concurrent Mark Cycle
[2024-12-04T16:40:52.075+0700][11,224s][info   ][gc,marking  ] GC(1005) Concurrent Clear Claimed Marks
[2024-12-04T16:40:52.075+0700][11,224s][info   ][gc,marking  ] GC(1005) Concurrent Clear Claimed Marks 0,019ms
[2024-12-04T16:40:52.075+0700][11,224s][info   ][gc,marking  ] GC(1005) Concurrent Scan Root Regions
[2024-12-04T16:40:52.075+0700][11,224s][info   ][gc,marking  ] GC(1005) Concurrent Scan Root Regions 0,006ms
[2024-12-04T16:40:52.075+0700][11,224s][info   ][gc,marking  ] GC(1005) Concurrent Mark
[2024-12-04T16:40:52.075+0700][11,224s][info   ][gc,marking  ] GC(1005) Concurrent Mark From Roots
[2024-12-04T16:40:52.075+0700][11,224s][info   ][gc,task     ] GC(1005) Using 2 workers of 2 for marking
[2024-12-04T16:40:52.079+0700][11,228s][info   ][gc,marking  ] GC(1005) Concurrent Mark From Roots 3,986ms
[2024-12-04T16:40:52.079+0700][11,228s][info   ][gc,marking  ] GC(1005) Concurrent Preclean
[2024-12-04T16:40:52.079+0700][11,228s][info   ][gc,marking  ] GC(1005) Concurrent Preclean 0,072ms
[2024-12-04T16:40:52.079+0700][11,228s][info   ][gc,start    ] GC(1005) Pause Remark
[2024-12-04T16:40:52.081+0700][11,230s][info   ][gc          ] GC(1005) Pause Remark 1730M->1730M(2048M) 1,581ms
[2024-12-04T16:40:52.081+0700][11,230s][info   ][gc,cpu      ] GC(1005) User=0,00s Sys=0,00s Real=0,00s
[2024-12-04T16:40:52.081+0700][11,230s][info   ][gc,marking  ] GC(1005) Concurrent Mark 5,815ms
[2024-12-04T16:40:52.081+0700][11,230s][info   ][gc,marking  ] GC(1005) Concurrent Rebuild Remembered Sets
[2024-12-04T16:40:52.084+0700][11,233s][info   ][gc,marking  ] GC(1005) Concurrent Rebuild Remembered Sets 3,427ms
[2024-12-04T16:40:52.084+0700][11,233s][info   ][gc,start    ] GC(1005) Pause Cleanup
[2024-12-04T16:40:52.085+0700][11,234s][info   ][gc          ] GC(1005) Pause Cleanup 1731M->1731M(2048M) 0,285ms
[2024-12-04T16:40:52.085+0700][11,234s][info   ][gc,cpu      ] GC(1005) User=0,00s Sys=0,00s Real=0,00s
[2024-12-04T16:40:52.085+0700][11,234s][info   ][gc,marking  ] GC(1005) Concurrent Cleanup for Next Mark
[2024-12-04T16:40:52.090+0700][11,239s][info   ][gc,marking  ] GC(1005) Concurrent Cleanup for Next Mark 4,950ms
[2024-12-04T16:40:52.090+0700][11,239s][info   ][gc          ] GC(1005) Concurrent Mark Cycle 14,702ms
[2024-12-04T16:40:52.092+0700][11,241s][info   ][gc,start    ] GC(1006) Pause Young (Concurrent Start) (G1 Humongous Allocation)
[2024-12-04T16:40:52.092+0700][11,241s][info   ][gc,task     ] GC(1006) Using 8 workers of 8 for evacuation
[2024-12-04T16:40:52.094+0700][11,243s][info   ][gc,phases   ] GC(1006)   Pre Evacuate Collection Set: 0,4ms
[2024-12-04T16:40:52.094+0700][11,243s][info   ][gc,phases   ] GC(1006)   Merge Heap Roots: 0,3ms
[2024-12-04T16:40:52.094+0700][11,243s][info   ][gc,phases   ] GC(1006)   Evacuate Collection Set: 0,4ms
[2024-12-04T16:40:52.094+0700][11,243s][info   ][gc,phases   ] GC(1006)   Post Evacuate Collection Set: 0,1ms
[2024-12-04T16:40:52.094+0700][11,243s][info   ][gc,phases   ] GC(1006)   Other: 0,2ms
[2024-12-04T16:40:52.094+0700][11,243s][info   ][gc,heap     ] GC(1006) Eden regions: 1->0(108)
[2024-12-04T16:40:52.094+0700][11,243s][info   ][gc,heap     ] GC(1006) Survivor regions: 0->0(14)
[2024-12-04T16:40:52.094+0700][11,243s][info   ][gc,heap     ] GC(1006) Old regions: 3->3
[2024-12-04T16:40:52.094+0700][11,243s][info   ][gc,heap     ] GC(1006) Archive regions: 2->2
[2024-12-04T16:40:52.094+0700][11,243s][info   ][gc,heap     ] GC(1006) Humongous regions: 1729->1729
[2024-12-04T16:40:52.094+0700][11,243s][info   ][gc,metaspace] GC(1006) Metaspace: 5851K(6080K)->5851K(6080K) NonClass: 5186K(5312K)->5186K(5312K) Class: 664K(768K)->664K(768K)
[2024-12-04T16:40:52.094+0700][11,243s][info   ][gc          ] GC(1006) Pause Young (Concurrent Start) (G1 Humongous Allocation) 1732M->1732M(2048M) 1,615ms
[2024-12-04T16:40:52.094+0700][11,243s][info   ][gc,cpu      ] GC(1006) User=0,01s Sys=0,00s Real=0,01s
[2024-12-04T16:40:52.094+0700][11,243s][info   ][gc          ] GC(1007) Concurrent Mark Cycle
[2024-12-04T16:40:52.094+0700][11,243s][info   ][gc,marking  ] GC(1007) Concurrent Clear Claimed Marks
[2024-12-04T16:40:52.094+0700][11,243s][info   ][gc,marking  ] GC(1007) Concurrent Clear Claimed Marks 0,008ms
[2024-12-04T16:40:52.094+0700][11,243s][info   ][gc,marking  ] GC(1007) Concurrent Scan Root Regions
[2024-12-04T16:40:52.094+0700][11,243s][info   ][gc,marking  ] GC(1007) Concurrent Scan Root Regions 0,004ms
[2024-12-04T16:40:52.094+0700][11,243s][info   ][gc,marking  ] GC(1007) Concurrent Mark
[2024-12-04T16:40:52.094+0700][11,243s][info   ][gc,marking  ] GC(1007) Concurrent Mark From Roots
[2024-12-04T16:40:52.094+0700][11,243s][info   ][gc,task     ] GC(1007) Using 2 workers of 2 for marking
[2024-12-04T16:40:52.098+0700][11,247s][info   ][gc,marking  ] GC(1007) Concurrent Mark From Roots 4,310ms
[2024-12-04T16:40:52.098+0700][11,247s][info   ][gc,marking  ] GC(1007) Concurrent Preclean
[2024-12-04T16:40:52.099+0700][11,247s][info   ][gc,marking  ] GC(1007) Concurrent Preclean 0,062ms
[2024-12-04T16:40:52.099+0700][11,247s][info   ][gc,start    ] GC(1007) Pause Remark
[2024-12-04T16:40:52.099+0700][11,248s][info   ][gc          ] GC(1007) Pause Remark 1733M->1733M(2048M) 0,769ms
[2024-12-04T16:40:52.099+0700][11,248s][info   ][gc,cpu      ] GC(1007) User=0,00s Sys=0,00s Real=0,00s
[2024-12-04T16:40:52.099+0700][11,248s][info   ][gc,marking  ] GC(1007) Concurrent Mark 5,232ms
[2024-12-04T16:40:52.099+0700][11,248s][info   ][gc,marking  ] GC(1007) Concurrent Rebuild Remembered Sets
[2024-12-04T16:40:52.101+0700][11,250s][info   ][gc,marking  ] GC(1007) Concurrent Rebuild Remembered Sets 2,099ms
[2024-12-04T16:40:52.102+0700][11,250s][info   ][gc,start    ] GC(1007) Pause Cleanup
[2024-12-04T16:40:52.102+0700][11,251s][info   ][gc          ] GC(1007) Pause Cleanup 1734M->1734M(2048M) 0,158ms
[2024-12-04T16:40:52.102+0700][11,251s][info   ][gc,cpu      ] GC(1007) User=0,00s Sys=0,00s Real=0,00s
[2024-12-04T16:40:52.102+0700][11,251s][info   ][gc,marking  ] GC(1007) Concurrent Cleanup for Next Mark
[2024-12-04T16:40:52.106+0700][11,255s][info   ][gc,marking  ] GC(1007) Concurrent Cleanup for Next Mark 4,528ms
[2024-12-04T16:40:52.106+0700][11,255s][info   ][gc          ] GC(1007) Concurrent Mark Cycle 12,207ms
[2024-12-04T16:40:52.111+0700][11,260s][info   ][gc,start    ] GC(1008) Pause Young (Concurrent Start) (G1 Humongous Allocation)
[2024-12-04T16:40:52.111+0700][11,260s][info   ][gc,task     ] GC(1008) Using 8 workers of 8 for evacuation
[2024-12-04T16:40:52.113+0700][11,262s][info   ][gc,phases   ] GC(1008)   Pre Evacuate Collection Set: 0,4ms
[2024-12-04T16:40:52.113+0700][11,262s][info   ][gc,phases   ] GC(1008)   Merge Heap Roots: 0,4ms
[2024-12-04T16:40:52.113+0700][11,262s][info   ][gc,phases   ] GC(1008)   Evacuate Collection Set: 0,4ms
[2024-12-04T16:40:52.113+0700][11,262s][info   ][gc,phases   ] GC(1008)   Post Evacuate Collection Set: 0,2ms
[2024-12-04T16:40:52.113+0700][11,262s][info   ][gc,phases   ] GC(1008)   Other: 0,2ms
[2024-12-04T16:40:52.113+0700][11,262s][info   ][gc,heap     ] GC(1008) Eden regions: 1->0(105)
[2024-12-04T16:40:52.113+0700][11,262s][info   ][gc,heap     ] GC(1008) Survivor regions: 0->0(14)
[2024-12-04T16:40:52.113+0700][11,262s][info   ][gc,heap     ] GC(1008) Old regions: 3->3
[2024-12-04T16:40:52.113+0700][11,262s][info   ][gc,heap     ] GC(1008) Archive regions: 2->2
[2024-12-04T16:40:52.113+0700][11,262s][info   ][gc,heap     ] GC(1008) Humongous regions: 1732->1732
[2024-12-04T16:40:52.113+0700][11,262s][info   ][gc,metaspace] GC(1008) Metaspace: 5851K(6080K)->5851K(6080K) NonClass: 5186K(5312K)->5186K(5312K) Class: 664K(768K)->664K(768K)
[2024-12-04T16:40:52.113+0700][11,262s][info   ][gc          ] GC(1008) Pause Young (Concurrent Start) (G1 Humongous Allocation) 1735M->1735M(2048M) 1,642ms
[2024-12-04T16:40:52.113+0700][11,262s][info   ][gc,cpu      ] GC(1008) User=0,01s Sys=0,00s Real=0,00s
[2024-12-04T16:40:52.114+0700][11,262s][info   ][gc          ] GC(1009) Concurrent Mark Cycle
[2024-12-04T16:40:52.114+0700][11,262s][info   ][gc,marking  ] GC(1009) Concurrent Clear Claimed Marks
[2024-12-04T16:40:52.114+0700][11,263s][info   ][gc,marking  ] GC(1009) Concurrent Clear Claimed Marks 0,020ms
[2024-12-04T16:40:52.114+0700][11,263s][info   ][gc,marking  ] GC(1009) Concurrent Scan Root Regions
[2024-12-04T16:40:52.114+0700][11,263s][info   ][gc,marking  ] GC(1009) Concurrent Scan Root Regions 0,006ms
[2024-12-04T16:40:52.114+0700][11,263s][info   ][gc,marking  ] GC(1009) Concurrent Mark
[2024-12-04T16:40:52.114+0700][11,263s][info   ][gc,marking  ] GC(1009) Concurrent Mark From Roots
[2024-12-04T16:40:52.114+0700][11,263s][info   ][gc,task     ] GC(1009) Using 2 workers of 2 for marking
[2024-12-04T16:40:52.118+0700][11,267s][info   ][gc,marking  ] GC(1009) Concurrent Mark From Roots 4,114ms
[2024-12-04T16:40:52.118+0700][11,267s][info   ][gc,marking  ] GC(1009) Concurrent Preclean
[2024-12-04T16:40:52.118+0700][11,267s][info   ][gc,marking  ] GC(1009) Concurrent Preclean 0,062ms
[2024-12-04T16:40:52.118+0700][11,267s][info   ][gc,start    ] GC(1009) Pause Remark
[2024-12-04T16:40:52.119+0700][11,268s][info   ][gc          ] GC(1009) Pause Remark 1736M->1736M(2048M) 1,390ms
[2024-12-04T16:40:52.119+0700][11,268s][info   ][gc,cpu      ] GC(1009) User=0,01s Sys=0,00s Real=0,00s
[2024-12-04T16:40:52.119+0700][11,268s][info   ][gc,marking  ] GC(1009) Concurrent Mark 5,813ms
[2024-12-04T16:40:52.119+0700][11,268s][info   ][gc,marking  ] GC(1009) Concurrent Rebuild Remembered Sets
[2024-12-04T16:40:52.122+0700][11,271s][info   ][gc,marking  ] GC(1009) Concurrent Rebuild Remembered Sets 2,237ms
[2024-12-04T16:40:52.122+0700][11,271s][info   ][gc,start    ] GC(1009) Pause Cleanup
[2024-12-04T16:40:52.122+0700][11,271s][info   ][gc          ] GC(1009) Pause Cleanup 1737M->1737M(2048M) 0,276ms
[2024-12-04T16:40:52.122+0700][11,271s][info   ][gc,cpu      ] GC(1009) User=0,00s Sys=0,00s Real=0,00s
[2024-12-04T16:40:52.122+0700][11,271s][info   ][gc,marking  ] GC(1009) Concurrent Cleanup for Next Mark
[2024-12-04T16:40:52.126+0700][11,275s][info   ][gc,marking  ] GC(1009) Concurrent Cleanup for Next Mark 3,585ms
[2024-12-04T16:40:52.126+0700][11,275s][info   ][gc          ] GC(1009) Concurrent Mark Cycle 12,278ms
[2024-12-04T16:40:52.131+0700][11,280s][info   ][gc,start    ] GC(1010) Pause Young (Concurrent Start) (G1 Humongous Allocation)
[2024-12-04T16:40:52.131+0700][11,280s][info   ][gc,task     ] GC(1010) Using 8 workers of 8 for evacuation
[2024-12-04T16:40:52.133+0700][11,282s][info   ][gc,phases   ] GC(1010)   Pre Evacuate Collection Set: 0,3ms
[2024-12-04T16:40:52.133+0700][11,282s][info   ][gc,phases   ] GC(1010)   Merge Heap Roots: 0,4ms
[2024-12-04T16:40:52.133+0700][11,282s][info   ][gc,phases   ] GC(1010)   Evacuate Collection Set: 0,4ms
[2024-12-04T16:40:52.133+0700][11,282s][info   ][gc,phases   ] GC(1010)   Post Evacuate Collection Set: 0,2ms
[2024-12-04T16:40:52.133+0700][11,282s][info   ][gc,phases   ] GC(1010)   Other: 0,2ms
[2024-12-04T16:40:52.133+0700][11,282s][info   ][gc,heap     ] GC(1010) Eden regions: 1->0(102)
[2024-12-04T16:40:52.133+0700][11,282s][info   ][gc,heap     ] GC(1010) Survivor regions: 0->0(14)
[2024-12-04T16:40:52.133+0700][11,282s][info   ][gc,heap     ] GC(1010) Old regions: 3->3
[2024-12-04T16:40:52.133+0700][11,282s][info   ][gc,heap     ] GC(1010) Archive regions: 2->2
[2024-12-04T16:40:52.133+0700][11,282s][info   ][gc,heap     ] GC(1010) Humongous regions: 1735->1735
[2024-12-04T16:40:52.133+0700][11,282s][info   ][gc,metaspace] GC(1010) Metaspace: 5851K(6080K)->5851K(6080K) NonClass: 5186K(5312K)->5186K(5312K) Class: 664K(768K)->664K(768K)
[2024-12-04T16:40:52.133+0700][11,282s][info   ][gc          ] GC(1010) Pause Young (Concurrent Start) (G1 Humongous Allocation) 1738M->1738M(2048M) 1,622ms
[2024-12-04T16:40:52.133+0700][11,282s][info   ][gc,cpu      ] GC(1010) User=0,01s Sys=0,00s Real=0,00s
[2024-12-04T16:40:52.133+0700][11,282s][info   ][gc          ] GC(1011) Concurrent Mark Cycle
[2024-12-04T16:40:52.133+0700][11,282s][info   ][gc,marking  ] GC(1011) Concurrent Clear Claimed Marks
[2024-12-04T16:40:52.133+0700][11,282s][info   ][gc,marking  ] GC(1011) Concurrent Clear Claimed Marks 0,022ms
[2024-12-04T16:40:52.133+0700][11,282s][info   ][gc,marking  ] GC(1011) Concurrent Scan Root Regions
[2024-12-04T16:40:52.133+0700][11,282s][info   ][gc,marking  ] GC(1011) Concurrent Scan Root Regions 0,005ms
[2024-12-04T16:40:52.133+0700][11,282s][info   ][gc,marking  ] GC(1011) Concurrent Mark
[2024-12-04T16:40:52.133+0700][11,282s][info   ][gc,marking  ] GC(1011) Concurrent Mark From Roots
[2024-12-04T16:40:52.133+0700][11,282s][info   ][gc,task     ] GC(1011) Using 2 workers of 2 for marking
[2024-12-04T16:40:52.138+0700][11,287s][info   ][gc,marking  ] GC(1011) Concurrent Mark From Roots 5,004ms
[2024-12-04T16:40:52.138+0700][11,287s][info   ][gc,marking  ] GC(1011) Concurrent Preclean
[2024-12-04T16:40:52.138+0700][11,287s][info   ][gc,marking  ] GC(1011) Concurrent Preclean 0,078ms
[2024-12-04T16:40:52.138+0700][11,287s][info   ][gc,start    ] GC(1011) Pause Remark
[2024-12-04T16:40:52.139+0700][11,288s][info   ][gc          ] GC(1011) Pause Remark 1739M->1739M(2048M) 1,169ms
[2024-12-04T16:40:52.139+0700][11,288s][info   ][gc,cpu      ] GC(1011) User=0,00s Sys=0,00s Real=0,00s
[2024-12-04T16:40:52.139+0700][11,288s][info   ][gc,marking  ] GC(1011) Concurrent Mark 6,466ms
[2024-12-04T16:40:52.139+0700][11,288s][info   ][gc,marking  ] GC(1011) Concurrent Rebuild Remembered Sets
[2024-12-04T16:40:52.142+0700][11,291s][info   ][gc,marking  ] GC(1011) Concurrent Rebuild Remembered Sets 2,363ms
[2024-12-04T16:40:52.142+0700][11,291s][info   ][gc,start    ] GC(1011) Pause Cleanup
[2024-12-04T16:40:52.142+0700][11,291s][info   ][gc          ] GC(1011) Pause Cleanup 1740M->1740M(2048M) 0,342ms
[2024-12-04T16:40:52.142+0700][11,291s][info   ][gc,cpu      ] GC(1011) User=0,00s Sys=0,00s Real=0,00s
[2024-12-04T16:40:52.142+0700][11,291s][info   ][gc,marking  ] GC(1011) Concurrent Cleanup for Next Mark
[2024-12-04T16:40:52.147+0700][11,296s][info   ][gc,marking  ] GC(1011) Concurrent Cleanup for Next Mark 4,481ms
[2024-12-04T16:40:52.147+0700][11,296s][info   ][gc          ] GC(1011) Concurrent Mark Cycle 14,016ms
[2024-12-04T16:40:52.151+0700][11,300s][info   ][gc,start    ] GC(1012) Pause Young (Concurrent Start) (G1 Humongous Allocation)
[2024-12-04T16:40:52.151+0700][11,300s][info   ][gc,task     ] GC(1012) Using 8 workers of 8 for evacuation
[2024-12-04T16:40:52.153+0700][11,302s][info   ][gc,phases   ] GC(1012)   Pre Evacuate Collection Set: 0,9ms
[2024-12-04T16:40:52.153+0700][11,302s][info   ][gc,phases   ] GC(1012)   Merge Heap Roots: 0,4ms
[2024-12-04T16:40:52.153+0700][11,302s][info   ][gc,phases   ] GC(1012)   Evacuate Collection Set: 0,4ms
[2024-12-04T16:40:52.153+0700][11,302s][info   ][gc,phases   ] GC(1012)   Post Evacuate Collection Set: 0,3ms
[2024-12-04T16:40:52.153+0700][11,302s][info   ][gc,phases   ] GC(1012)   Other: 0,3ms
[2024-12-04T16:40:52.153+0700][11,302s][info   ][gc,heap     ] GC(1012) Eden regions: 1->0(102)
[2024-12-04T16:40:52.153+0700][11,302s][info   ][gc,heap     ] GC(1012) Survivor regions: 0->0(13)
[2024-12-04T16:40:52.153+0700][11,302s][info   ][gc,heap     ] GC(1012) Old regions: 3->3
[2024-12-04T16:40:52.153+0700][11,302s][info   ][gc,heap     ] GC(1012) Archive regions: 2->2
[2024-12-04T16:40:52.153+0700][11,302s][info   ][gc,heap     ] GC(1012) Humongous regions: 1738->1738
[2024-12-04T16:40:52.153+0700][11,302s][info   ][gc,metaspace] GC(1012) Metaspace: 5851K(6080K)->5851K(6080K) NonClass: 5186K(5312K)->5186K(5312K) Class: 664K(768K)->664K(768K)
[2024-12-04T16:40:52.153+0700][11,302s][info   ][gc          ] GC(1012) Pause Young (Concurrent Start) (G1 Humongous Allocation) 1741M->1741M(2048M) 2,380ms
[2024-12-04T16:40:52.153+0700][11,302s][info   ][gc,cpu      ] GC(1012) User=0,01s Sys=0,00s Real=0,01s
[2024-12-04T16:40:52.154+0700][11,302s][info   ][gc          ] GC(1013) Concurrent Mark Cycle
[2024-12-04T16:40:52.154+0700][11,302s][info   ][gc,marking  ] GC(1013) Concurrent Clear Claimed Marks
[2024-12-04T16:40:52.154+0700][11,303s][info   ][gc,marking  ] GC(1013) Concurrent Clear Claimed Marks 0,051ms
[2024-12-04T16:40:52.154+0700][11,303s][info   ][gc,marking  ] GC(1013) Concurrent Scan Root Regions
[2024-12-04T16:40:52.154+0700][11,303s][info   ][gc,marking  ] GC(1013) Concurrent Scan Root Regions 0,007ms
[2024-12-04T16:40:52.154+0700][11,303s][info   ][gc,marking  ] GC(1013) Concurrent Mark
[2024-12-04T16:40:52.154+0700][11,303s][info   ][gc,marking  ] GC(1013) Concurrent Mark From Roots
[2024-12-04T16:40:52.154+0700][11,303s][info   ][gc,task     ] GC(1013) Using 2 workers of 2 for marking
[2024-12-04T16:40:52.158+0700][11,307s][info   ][gc,marking  ] GC(1013) Concurrent Mark From Roots 4,573ms
[2024-12-04T16:40:52.158+0700][11,307s][info   ][gc,marking  ] GC(1013) Concurrent Preclean
[2024-12-04T16:40:52.158+0700][11,307s][info   ][gc,marking  ] GC(1013) Concurrent Preclean 0,074ms
[2024-12-04T16:40:52.158+0700][11,307s][info   ][gc,start    ] GC(1013) Pause Remark
[2024-12-04T16:40:52.160+0700][11,308s][info   ][gc          ] GC(1013) Pause Remark 1742M->1742M(2048M) 1,091ms
[2024-12-04T16:40:52.160+0700][11,308s][info   ][gc,cpu      ] GC(1013) User=0,01s Sys=0,00s Real=0,00s
[2024-12-04T16:40:52.160+0700][11,308s][info   ][gc,marking  ] GC(1013) Concurrent Mark 5,957ms
[2024-12-04T16:40:52.160+0700][11,309s][info   ][gc,marking  ] GC(1013) Concurrent Rebuild Remembered Sets
[2024-12-04T16:40:52.162+0700][11,311s][info   ][gc,marking  ] GC(1013) Concurrent Rebuild Remembered Sets 2,597ms
[2024-12-04T16:40:52.162+0700][11,311s][info   ][gc,start    ] GC(1013) Pause Cleanup
[2024-12-04T16:40:52.163+0700][11,312s][info   ][gc          ] GC(1013) Pause Cleanup 1743M->1743M(2048M) 0,309ms
[2024-12-04T16:40:52.163+0700][11,312s][info   ][gc,cpu      ] GC(1013) User=0,01s Sys=0,00s Real=0,00s
[2024-12-04T16:40:52.163+0700][11,312s][info   ][gc,marking  ] GC(1013) Concurrent Cleanup for Next Mark
[2024-12-04T16:40:52.167+0700][11,315s][info   ][gc,marking  ] GC(1013) Concurrent Cleanup for Next Mark 3,807ms
[2024-12-04T16:40:52.167+0700][11,315s][info   ][gc          ] GC(1013) Concurrent Mark Cycle 13,090ms
[2024-12-04T16:40:52.172+0700][11,321s][info   ][gc,start    ] GC(1014) Pause Young (Concurrent Start) (G1 Humongous Allocation)
[2024-12-04T16:40:52.172+0700][11,321s][info   ][gc,task     ] GC(1014) Using 8 workers of 8 for evacuation
[2024-12-04T16:40:52.173+0700][11,322s][info   ][gc,phases   ] GC(1014)   Pre Evacuate Collection Set: 0,3ms
[2024-12-04T16:40:52.173+0700][11,322s][info   ][gc,phases   ] GC(1014)   Merge Heap Roots: 0,3ms
[2024-12-04T16:40:52.173+0700][11,322s][info   ][gc,phases   ] GC(1014)   Evacuate Collection Set: 0,6ms
[2024-12-04T16:40:52.173+0700][11,322s][info   ][gc,phases   ] GC(1014)   Post Evacuate Collection Set: 0,1ms
[2024-12-04T16:40:52.173+0700][11,322s][info   ][gc,phases   ] GC(1014)   Other: 0,2ms
[2024-12-04T16:40:52.173+0700][11,322s][info   ][gc,heap     ] GC(1014) Eden regions: 1->0(102)
[2024-12-04T16:40:52.173+0700][11,322s][info   ][gc,heap     ] GC(1014) Survivor regions: 0->0(13)
[2024-12-04T16:40:52.173+0700][11,322s][info   ][gc,heap     ] GC(1014) Old regions: 3->3
[2024-12-04T16:40:52.173+0700][11,322s][info   ][gc,heap     ] GC(1014) Archive regions: 2->2
[2024-12-04T16:40:52.173+0700][11,322s][info   ][gc,heap     ] GC(1014) Humongous regions: 1741->1741
[2024-12-04T16:40:52.173+0700][11,322s][info   ][gc,metaspace] GC(1014) Metaspace: 5851K(6080K)->5851K(6080K) NonClass: 5186K(5312K)->5186K(5312K) Class: 664K(768K)->664K(768K)
[2024-12-04T16:40:52.174+0700][11,322s][info   ][gc          ] GC(1014) Pause Young (Concurrent Start) (G1 Humongous Allocation) 1744M->1744M(2048M) 1,749ms
[2024-12-04T16:40:52.174+0700][11,322s][info   ][gc,cpu      ] GC(1014) User=0,01s Sys=0,00s Real=0,01s
[2024-12-04T16:40:52.174+0700][11,322s][info   ][gc          ] GC(1015) Concurrent Mark Cycle
[2024-12-04T16:40:52.174+0700][11,322s][info   ][gc,marking  ] GC(1015) Concurrent Clear Claimed Marks
[2024-12-04T16:40:52.174+0700][11,323s][info   ][gc,marking  ] GC(1015) Concurrent Clear Claimed Marks 0,024ms
[2024-12-04T16:40:52.174+0700][11,323s][info   ][gc,marking  ] GC(1015) Concurrent Scan Root Regions
[2024-12-04T16:40:52.174+0700][11,323s][info   ][gc,marking  ] GC(1015) Concurrent Scan Root Regions 0,009ms
[2024-12-04T16:40:52.174+0700][11,323s][info   ][gc,marking  ] GC(1015) Concurrent Mark
[2024-12-04T16:40:52.174+0700][11,323s][info   ][gc,marking  ] GC(1015) Concurrent Mark From Roots
[2024-12-04T16:40:52.174+0700][11,323s][info   ][gc,task     ] GC(1015) Using 2 workers of 2 for marking
[2024-12-04T16:40:52.178+0700][11,327s][info   ][gc,marking  ] GC(1015) Concurrent Mark From Roots 4,180ms
[2024-12-04T16:40:52.178+0700][11,327s][info   ][gc,marking  ] GC(1015) Concurrent Preclean
[2024-12-04T16:40:52.178+0700][11,327s][info   ][gc,marking  ] GC(1015) Concurrent Preclean 0,112ms
[2024-12-04T16:40:52.178+0700][11,327s][info   ][gc,start    ] GC(1015) Pause Remark
[2024-12-04T16:40:52.179+0700][11,328s][info   ][gc          ] GC(1015) Pause Remark 1745M->1745M(2048M) 0,947ms
[2024-12-04T16:40:52.179+0700][11,328s][info   ][gc,cpu      ] GC(1015) User=0,00s Sys=0,01s Real=0,00s
[2024-12-04T16:40:52.179+0700][11,328s][info   ][gc,marking  ] GC(1015) Concurrent Mark 5,471ms
[2024-12-04T16:40:52.179+0700][11,328s][info   ][gc,marking  ] GC(1015) Concurrent Rebuild Remembered Sets
[2024-12-04T16:40:52.182+0700][11,331s][info   ][gc,marking  ] GC(1015) Concurrent Rebuild Remembered Sets 2,578ms
[2024-12-04T16:40:52.182+0700][11,331s][info   ][gc,start    ] GC(1015) Pause Cleanup
[2024-12-04T16:40:52.182+0700][11,331s][info   ][gc          ] GC(1015) Pause Cleanup 1746M->1746M(2048M) 0,377ms
[2024-12-04T16:40:52.182+0700][11,331s][info   ][gc,cpu      ] GC(1015) User=0,00s Sys=0,00s Real=0,00s
[2024-12-04T16:40:52.182+0700][11,331s][info   ][gc,marking  ] GC(1015) Concurrent Cleanup for Next Mark
[2024-12-04T16:40:52.187+0700][11,336s][info   ][gc,marking  ] GC(1015) Concurrent Cleanup for Next Mark 4,892ms
[2024-12-04T16:40:52.187+0700][11,336s][info   ][gc          ] GC(1015) Concurrent Mark Cycle 13,707ms
[2024-12-04T16:40:52.193+0700][11,342s][info   ][gc,start    ] GC(1016) Pause Young (Concurrent Start) (G1 Humongous Allocation)
[2024-12-04T16:40:52.193+0700][11,342s][info   ][gc,task     ] GC(1016) Using 8 workers of 8 for evacuation
[2024-12-04T16:40:52.196+0700][11,345s][info   ][gc,phases   ] GC(1016)   Pre Evacuate Collection Set: 0,8ms
[2024-12-04T16:40:52.196+0700][11,345s][info   ][gc,phases   ] GC(1016)   Merge Heap Roots: 0,6ms
[2024-12-04T16:40:52.196+0700][11,345s][info   ][gc,phases   ] GC(1016)   Evacuate Collection Set: 0,9ms
[2024-12-04T16:40:52.196+0700][11,345s][info   ][gc,phases   ] GC(1016)   Post Evacuate Collection Set: 0,3ms
[2024-12-04T16:40:52.196+0700][11,345s][info   ][gc,phases   ] GC(1016)   Other: 0,5ms
[2024-12-04T16:40:52.196+0700][11,345s][info   ][gc,heap     ] GC(1016) Eden regions: 1->0(102)
[2024-12-04T16:40:52.196+0700][11,345s][info   ][gc,heap     ] GC(1016) Survivor regions: 0->0(13)
[2024-12-04T16:40:52.196+0700][11,345s][info   ][gc,heap     ] GC(1016) Old regions: 3->3
[2024-12-04T16:40:52.196+0700][11,345s][info   ][gc,heap     ] GC(1016) Archive regions: 2->2
[2024-12-04T16:40:52.196+0700][11,345s][info   ][gc,heap     ] GC(1016) Humongous regions: 1744->1744
[2024-12-04T16:40:52.196+0700][11,345s][info   ][gc,metaspace] GC(1016) Metaspace: 5851K(6080K)->5851K(6080K) NonClass: 5186K(5312K)->5186K(5312K) Class: 664K(768K)->664K(768K)
[2024-12-04T16:40:52.196+0700][11,345s][info   ][gc          ] GC(1016) Pause Young (Concurrent Start) (G1 Humongous Allocation) 1747M->1747M(2048M) 3,351ms
[2024-12-04T16:40:52.196+0700][11,345s][info   ][gc,cpu      ] GC(1016) User=0,01s Sys=0,00s Real=0,01s
[2024-12-04T16:40:52.196+0700][11,345s][info   ][gc          ] GC(1017) Concurrent Mark Cycle
[2024-12-04T16:40:52.196+0700][11,345s][info   ][gc,marking  ] GC(1017) Concurrent Clear Claimed Marks
[2024-12-04T16:40:52.196+0700][11,345s][info   ][gc,marking  ] GC(1017) Concurrent Clear Claimed Marks 0,039ms
[2024-12-04T16:40:52.196+0700][11,345s][info   ][gc,marking  ] GC(1017) Concurrent Scan Root Regions
[2024-12-04T16:40:52.196+0700][11,345s][info   ][gc,marking  ] GC(1017) Concurrent Scan Root Regions 0,005ms
[2024-12-04T16:40:52.196+0700][11,345s][info   ][gc,marking  ] GC(1017) Concurrent Mark
[2024-12-04T16:40:52.196+0700][11,345s][info   ][gc,marking  ] GC(1017) Concurrent Mark From Roots
[2024-12-04T16:40:52.196+0700][11,345s][info   ][gc,task     ] GC(1017) Using 2 workers of 2 for marking
[2024-12-04T16:40:52.201+0700][11,350s][info   ][gc,marking  ] GC(1017) Concurrent Mark From Roots 4,816ms
[2024-12-04T16:40:52.201+0700][11,350s][info   ][gc,marking  ] GC(1017) Concurrent Preclean
[2024-12-04T16:40:52.201+0700][11,350s][info   ][gc,marking  ] GC(1017) Concurrent Preclean 0,056ms
[2024-12-04T16:40:52.201+0700][11,350s][info   ][gc,start    ] GC(1017) Pause Remark
[2024-12-04T16:40:52.203+0700][11,352s][info   ][gc          ] GC(1017) Pause Remark 1748M->1748M(2048M) 1,272ms
[2024-12-04T16:40:52.203+0700][11,352s][info   ][gc,cpu      ] GC(1017) User=0,00s Sys=0,00s Real=0,00s
[2024-12-04T16:40:52.203+0700][11,352s][info   ][gc,marking  ] GC(1017) Concurrent Mark 6,352ms
[2024-12-04T16:40:52.203+0700][11,352s][info   ][gc,marking  ] GC(1017) Concurrent Rebuild Remembered Sets
[2024-12-04T16:40:52.205+0700][11,354s][info   ][gc,marking  ] GC(1017) Concurrent Rebuild Remembered Sets 2,071ms
[2024-12-04T16:40:52.205+0700][11,354s][info   ][gc,start    ] GC(1017) Pause Cleanup
[2024-12-04T16:40:52.205+0700][11,354s][info   ][gc          ] GC(1017) Pause Cleanup 1749M->1749M(2048M) 0,296ms
[2024-12-04T16:40:52.205+0700][11,354s][info   ][gc,cpu      ] GC(1017) User=0,00s Sys=0,00s Real=0,00s
[2024-12-04T16:40:52.205+0700][11,354s][info   ][gc,marking  ] GC(1017) Concurrent Cleanup for Next Mark
[2024-12-04T16:40:52.209+0700][11,358s][info   ][gc,marking  ] GC(1017) Concurrent Cleanup for Next Mark 3,869ms
[2024-12-04T16:40:52.209+0700][11,358s][info   ][gc          ] GC(1017) Concurrent Mark Cycle 12,934ms
[2024-12-04T16:40:52.215+0700][11,364s][info   ][gc,start    ] GC(1018) Pause Young (Concurrent Start) (G1 Humongous Allocation)
[2024-12-04T16:40:52.215+0700][11,364s][info   ][gc,task     ] GC(1018) Using 8 workers of 8 for evacuation
[2024-12-04T16:40:52.217+0700][11,365s][info   ][gc,phases   ] GC(1018)   Pre Evacuate Collection Set: 0,4ms
[2024-12-04T16:40:52.217+0700][11,365s][info   ][gc,phases   ] GC(1018)   Merge Heap Roots: 0,5ms
[2024-12-04T16:40:52.217+0700][11,365s][info   ][gc,phases   ] GC(1018)   Evacuate Collection Set: 0,6ms
[2024-12-04T16:40:52.217+0700][11,366s][info   ][gc,phases   ] GC(1018)   Post Evacuate Collection Set: 0,2ms
[2024-12-04T16:40:52.217+0700][11,366s][info   ][gc,phases   ] GC(1018)   Other: 0,2ms
[2024-12-04T16:40:52.217+0700][11,366s][info   ][gc,heap     ] GC(1018) Eden regions: 1->0(102)
[2024-12-04T16:40:52.217+0700][11,366s][info   ][gc,heap     ] GC(1018) Survivor regions: 0->0(13)
[2024-12-04T16:40:52.217+0700][11,366s][info   ][gc,heap     ] GC(1018) Old regions: 3->3
[2024-12-04T16:40:52.217+0700][11,366s][info   ][gc,heap     ] GC(1018) Archive regions: 2->2
[2024-12-04T16:40:52.217+0700][11,366s][info   ][gc,heap     ] GC(1018) Humongous regions: 1747->1747
[2024-12-04T16:40:52.217+0700][11,366s][info   ][gc,metaspace] GC(1018) Metaspace: 5851K(6080K)->5851K(6080K) NonClass: 5186K(5312K)->5186K(5312K) Class: 664K(768K)->664K(768K)
[2024-12-04T16:40:52.217+0700][11,366s][info   ][gc          ] GC(1018) Pause Young (Concurrent Start) (G1 Humongous Allocation) 1750M->1750M(2048M) 2,014ms
[2024-12-04T16:40:52.217+0700][11,366s][info   ][gc,cpu      ] GC(1018) User=0,01s Sys=0,00s Real=0,00s
[2024-12-04T16:40:52.217+0700][11,366s][info   ][gc          ] GC(1019) Concurrent Mark Cycle
[2024-12-04T16:40:52.217+0700][11,366s][info   ][gc,marking  ] GC(1019) Concurrent Clear Claimed Marks
[2024-12-04T16:40:52.217+0700][11,366s][info   ][gc,marking  ] GC(1019) Concurrent Clear Claimed Marks 0,008ms
[2024-12-04T16:40:52.217+0700][11,366s][info   ][gc,marking  ] GC(1019) Concurrent Scan Root Regions
[2024-12-04T16:40:52.217+0700][11,366s][info   ][gc,marking  ] GC(1019) Concurrent Scan Root Regions 0,003ms
[2024-12-04T16:40:52.217+0700][11,366s][info   ][gc,marking  ] GC(1019) Concurrent Mark
[2024-12-04T16:40:52.217+0700][11,366s][info   ][gc,marking  ] GC(1019) Concurrent Mark From Roots
[2024-12-04T16:40:52.217+0700][11,366s][info   ][gc,task     ] GC(1019) Using 2 workers of 2 for marking
[2024-12-04T16:40:52.221+0700][11,370s][info   ][gc,marking  ] GC(1019) Concurrent Mark From Roots 4,552ms
[2024-12-04T16:40:52.221+0700][11,370s][info   ][gc,marking  ] GC(1019) Concurrent Preclean
[2024-12-04T16:40:52.221+0700][11,370s][info   ][gc,marking  ] GC(1019) Concurrent Preclean 0,064ms
[2024-12-04T16:40:52.221+0700][11,370s][info   ][gc,start    ] GC(1019) Pause Remark
[2024-12-04T16:40:52.223+0700][11,371s][info   ][gc          ] GC(1019) Pause Remark 1751M->1751M(2048M) 1,047ms
[2024-12-04T16:40:52.223+0700][11,371s][info   ][gc,cpu      ] GC(1019) User=0,00s Sys=0,00s Real=0,00s
[2024-12-04T16:40:52.223+0700][11,371s][info   ][gc,marking  ] GC(1019) Concurrent Mark 5,827ms
[2024-12-04T16:40:52.223+0700][11,371s][info   ][gc,marking  ] GC(1019) Concurrent Rebuild Remembered Sets
[2024-12-04T16:40:52.225+0700][11,374s][info   ][gc,marking  ] GC(1019) Concurrent Rebuild Remembered Sets 2,594ms
[2024-12-04T16:40:52.225+0700][11,374s][info   ][gc,start    ] GC(1019) Pause Cleanup
[2024-12-04T16:40:52.226+0700][11,374s][info   ][gc          ] GC(1019) Pause Cleanup 1752M->1752M(2048M) 0,301ms
[2024-12-04T16:40:52.226+0700][11,374s][info   ][gc,cpu      ] GC(1019) User=0,00s Sys=0,00s Real=0,00s
[2024-12-04T16:40:52.226+0700][11,374s][info   ][gc,marking  ] GC(1019) Concurrent Cleanup for Next Mark
[2024-12-04T16:40:52.230+0700][11,378s][info   ][gc,marking  ] GC(1019) Concurrent Cleanup for Next Mark 3,941ms
[2024-12-04T16:40:52.230+0700][11,378s][info   ][gc          ] GC(1019) Concurrent Mark Cycle 12,878ms
[2024-12-04T16:40:52.235+0700][11,383s][info   ][gc,start    ] GC(1020) Pause Young (Concurrent Start) (G1 Humongous Allocation)
[2024-12-04T16:40:52.235+0700][11,383s][info   ][gc,task     ] GC(1020) Using 8 workers of 8 for evacuation
[2024-12-04T16:40:52.236+0700][11,385s][info   ][gc,phases   ] GC(1020)   Pre Evacuate Collection Set: 0,4ms
[2024-12-04T16:40:52.237+0700][11,385s][info   ][gc,phases   ] GC(1020)   Merge Heap Roots: 0,4ms
[2024-12-04T16:40:52.237+0700][11,385s][info   ][gc,phases   ] GC(1020)   Evacuate Collection Set: 0,7ms
[2024-12-04T16:40:52.237+0700][11,385s][info   ][gc,phases   ] GC(1020)   Post Evacuate Collection Set: 0,2ms
[2024-12-04T16:40:52.237+0700][11,385s][info   ][gc,phases   ] GC(1020)   Other: 0,2ms
[2024-12-04T16:40:52.237+0700][11,385s][info   ][gc,heap     ] GC(1020) Eden regions: 1->0(102)
[2024-12-04T16:40:52.237+0700][11,385s][info   ][gc,heap     ] GC(1020) Survivor regions: 0->0(13)
[2024-12-04T16:40:52.237+0700][11,386s][info   ][gc,heap     ] GC(1020) Old regions: 3->3
[2024-12-04T16:40:52.237+0700][11,386s][info   ][gc,heap     ] GC(1020) Archive regions: 2->2
[2024-12-04T16:40:52.237+0700][11,386s][info   ][gc,heap     ] GC(1020) Humongous regions: 1750->1750
[2024-12-04T16:40:52.237+0700][11,386s][info   ][gc,metaspace] GC(1020) Metaspace: 5851K(6080K)->5851K(6080K) NonClass: 5186K(5312K)->5186K(5312K) Class: 664K(768K)->664K(768K)
[2024-12-04T16:40:52.237+0700][11,386s][info   ][gc          ] GC(1020) Pause Young (Concurrent Start) (G1 Humongous Allocation) 1753M->1753M(2048M) 2,185ms
[2024-12-04T16:40:52.237+0700][11,386s][info   ][gc,cpu      ] GC(1020) User=0,00s Sys=0,00s Real=0,00s
[2024-12-04T16:40:52.237+0700][11,386s][info   ][gc          ] GC(1021) Concurrent Mark Cycle
[2024-12-04T16:40:52.237+0700][11,386s][info   ][gc,marking  ] GC(1021) Concurrent Clear Claimed Marks
[2024-12-04T16:40:52.237+0700][11,386s][info   ][gc,marking  ] GC(1021) Concurrent Clear Claimed Marks 0,013ms
[2024-12-04T16:40:52.237+0700][11,386s][info   ][gc,marking  ] GC(1021) Concurrent Scan Root Regions
[2024-12-04T16:40:52.237+0700][11,386s][info   ][gc,marking  ] GC(1021) Concurrent Scan Root Regions 0,006ms
[2024-12-04T16:40:52.237+0700][11,386s][info   ][gc,marking  ] GC(1021) Concurrent Mark
[2024-12-04T16:40:52.237+0700][11,386s][info   ][gc,marking  ] GC(1021) Concurrent Mark From Roots
[2024-12-04T16:40:52.237+0700][11,386s][info   ][gc,task     ] GC(1021) Using 2 workers of 2 for marking
[2024-12-04T16:40:52.242+0700][11,391s][info   ][gc,marking  ] GC(1021) Concurrent Mark From Roots 4,961ms
[2024-12-04T16:40:52.242+0700][11,391s][info   ][gc,marking  ] GC(1021) Concurrent Preclean
[2024-12-04T16:40:52.242+0700][11,391s][info   ][gc,marking  ] GC(1021) Concurrent Preclean 0,073ms
[2024-12-04T16:40:52.242+0700][11,391s][info   ][gc,start    ] GC(1021) Pause Remark
[2024-12-04T16:40:52.243+0700][11,392s][info   ][gc          ] GC(1021) Pause Remark 1754M->1754M(2048M) 1,271ms
[2024-12-04T16:40:52.243+0700][11,392s][info   ][gc,cpu      ] GC(1021) User=0,00s Sys=0,00s Real=0,01s
[2024-12-04T16:40:52.243+0700][11,392s][info   ][gc,marking  ] GC(1021) Concurrent Mark 6,518ms
[2024-12-04T16:40:52.243+0700][11,392s][info   ][gc,marking  ] GC(1021) Concurrent Rebuild Remembered Sets
[2024-12-04T16:40:52.245+0700][11,394s][info   ][gc,marking  ] GC(1021) Concurrent Rebuild Remembered Sets 1,505ms
[2024-12-04T16:40:52.245+0700][11,394s][info   ][gc,start    ] GC(1021) Pause Cleanup
[2024-12-04T16:40:52.245+0700][11,394s][info   ][gc          ] GC(1021) Pause Cleanup 1755M->1755M(2048M) 0,187ms
[2024-12-04T16:40:52.245+0700][11,394s][info   ][gc,cpu      ] GC(1021) User=0,00s Sys=0,00s Real=0,00s
[2024-12-04T16:40:52.245+0700][11,394s][info   ][gc,marking  ] GC(1021) Concurrent Cleanup for Next Mark
[2024-12-04T16:40:52.248+0700][11,397s][info   ][gc,marking  ] GC(1021) Concurrent Cleanup for Next Mark 3,145ms
[2024-12-04T16:40:52.248+0700][11,397s][info   ][gc          ] GC(1021) Concurrent Mark Cycle 11,575ms
[2024-12-04T16:40:52.249+0700][11,398s][info   ][gc,start    ] GC(1022) Pause Young (Concurrent Start) (G1 Humongous Allocation)
[2024-12-04T16:40:52.249+0700][11,398s][info   ][gc,task     ] GC(1022) Using 8 workers of 8 for evacuation
[2024-12-04T16:40:52.250+0700][11,399s][info   ][gc,phases   ] GC(1022)   Pre Evacuate Collection Set: 0,4ms
[2024-12-04T16:40:52.250+0700][11,399s][info   ][gc,phases   ] GC(1022)   Merge Heap Roots: 0,4ms
[2024-12-04T16:40:52.251+0700][11,399s][info   ][gc,phases   ] GC(1022)   Evacuate Collection Set: 0,5ms
[2024-12-04T16:40:52.251+0700][11,399s][info   ][gc,phases   ] GC(1022)   Post Evacuate Collection Set: 0,1ms
[2024-12-04T16:40:52.251+0700][11,399s][info   ][gc,phases   ] GC(1022)   Other: 0,2ms
[2024-12-04T16:40:52.251+0700][11,399s][info   ][gc,heap     ] GC(1022) Eden regions: 1->0(102)
[2024-12-04T16:40:52.251+0700][11,399s][info   ][gc,heap     ] GC(1022) Survivor regions: 0->0(13)
[2024-12-04T16:40:52.251+0700][11,399s][info   ][gc,heap     ] GC(1022) Old regions: 3->3
[2024-12-04T16:40:52.251+0700][11,399s][info   ][gc,heap     ] GC(1022) Archive regions: 2->2
[2024-12-04T16:40:52.251+0700][11,399s][info   ][gc,heap     ] GC(1022) Humongous regions: 1752->1752
[2024-12-04T16:40:52.251+0700][11,399s][info   ][gc,metaspace] GC(1022) Metaspace: 5851K(6080K)->5851K(6080K) NonClass: 5186K(5312K)->5186K(5312K) Class: 664K(768K)->664K(768K)
[2024-12-04T16:40:52.251+0700][11,399s][info   ][gc          ] GC(1022) Pause Young (Concurrent Start) (G1 Humongous Allocation) 1755M->1755M(2048M) 1,614ms
[2024-12-04T16:40:52.251+0700][11,400s][info   ][gc,cpu      ] GC(1022) User=0,01s Sys=0,00s Real=0,00s
[2024-12-04T16:40:52.251+0700][11,400s][info   ][gc          ] GC(1023) Concurrent Mark Cycle
[2024-12-04T16:40:52.251+0700][11,400s][info   ][gc,marking  ] GC(1023) Concurrent Clear Claimed Marks
[2024-12-04T16:40:52.251+0700][11,400s][info   ][gc,marking  ] GC(1023) Concurrent Clear Claimed Marks 0,011ms
[2024-12-04T16:40:52.251+0700][11,400s][info   ][gc,marking  ] GC(1023) Concurrent Scan Root Regions
[2024-12-04T16:40:52.251+0700][11,400s][info   ][gc,marking  ] GC(1023) Concurrent Scan Root Regions 0,004ms
[2024-12-04T16:40:52.251+0700][11,400s][info   ][gc,marking  ] GC(1023) Concurrent Mark
[2024-12-04T16:40:52.251+0700][11,400s][info   ][gc,marking  ] GC(1023) Concurrent Mark From Roots
[2024-12-04T16:40:52.251+0700][11,400s][info   ][gc,task     ] GC(1023) Using 2 workers of 2 for marking
[2024-12-04T16:40:52.255+0700][11,404s][info   ][gc,marking  ] GC(1023) Concurrent Mark From Roots 4,097ms
[2024-12-04T16:40:52.255+0700][11,404s][info   ][gc,marking  ] GC(1023) Concurrent Preclean
[2024-12-04T16:40:52.255+0700][11,404s][info   ][gc,marking  ] GC(1023) Concurrent Preclean 0,048ms
[2024-12-04T16:40:52.255+0700][11,404s][info   ][gc,start    ] GC(1023) Pause Remark
[2024-12-04T16:40:52.256+0700][11,405s][info   ][gc          ] GC(1023) Pause Remark 1756M->1756M(2048M) 0,805ms
[2024-12-04T16:40:52.256+0700][11,405s][info   ][gc,cpu      ] GC(1023) User=0,01s Sys=0,00s Real=0,00s
[2024-12-04T16:40:52.256+0700][11,405s][info   ][gc,marking  ] GC(1023) Concurrent Mark 5,094ms
[2024-12-04T16:40:52.256+0700][11,405s][info   ][gc,marking  ] GC(1023) Concurrent Rebuild Remembered Sets
[2024-12-04T16:40:52.258+0700][11,407s][info   ][gc,marking  ] GC(1023) Concurrent Rebuild Remembered Sets 1,908ms
[2024-12-04T16:40:52.258+0700][11,407s][info   ][gc,start    ] GC(1023) Pause Cleanup
[2024-12-04T16:40:52.258+0700][11,407s][info   ][gc          ] GC(1023) Pause Cleanup 1757M->1757M(2048M) 0,287ms
[2024-12-04T16:40:52.258+0700][11,407s][info   ][gc,cpu      ] GC(1023) User=0,00s Sys=0,00s Real=0,00s
[2024-12-04T16:40:52.258+0700][11,407s][info   ][gc,marking  ] GC(1023) Concurrent Cleanup for Next Mark
[2024-12-04T16:40:52.261+0700][11,410s][info   ][gc,marking  ] GC(1023) Concurrent Cleanup for Next Mark 3,156ms
[2024-12-04T16:40:52.261+0700][11,410s][info   ][gc          ] GC(1023) Concurrent Mark Cycle 10,724ms
[2024-12-04T16:40:52.262+0700][11,411s][info   ][gc,start    ] GC(1024) Pause Young (Concurrent Start) (G1 Humongous Allocation)
[2024-12-04T16:40:52.262+0700][11,411s][info   ][gc,task     ] GC(1024) Using 8 workers of 8 for evacuation
[2024-12-04T16:40:52.263+0700][11,412s][info   ][gc,phases   ] GC(1024)   Pre Evacuate Collection Set: 0,4ms
[2024-12-04T16:40:52.263+0700][11,412s][info   ][gc,phases   ] GC(1024)   Merge Heap Roots: 0,5ms
[2024-12-04T16:40:52.264+0700][11,412s][info   ][gc,phases   ] GC(1024)   Evacuate Collection Set: 0,3ms
[2024-12-04T16:40:52.264+0700][11,412s][info   ][gc,phases   ] GC(1024)   Post Evacuate Collection Set: 0,1ms
[2024-12-04T16:40:52.264+0700][11,412s][info   ][gc,phases   ] GC(1024)   Other: 0,2ms
[2024-12-04T16:40:52.264+0700][11,412s][info   ][gc,heap     ] GC(1024) Eden regions: 1->0(102)
[2024-12-04T16:40:52.264+0700][11,412s][info   ][gc,heap     ] GC(1024) Survivor regions: 0->0(13)
[2024-12-04T16:40:52.264+0700][11,412s][info   ][gc,heap     ] GC(1024) Old regions: 3->3
[2024-12-04T16:40:52.264+0700][11,412s][info   ][gc,heap     ] GC(1024) Archive regions: 2->2
[2024-12-04T16:40:52.264+0700][11,412s][info   ][gc,heap     ] GC(1024) Humongous regions: 1754->1754
[2024-12-04T16:40:52.264+0700][11,412s][info   ][gc,metaspace] GC(1024) Metaspace: 5851K(6080K)->5851K(6080K) NonClass: 5186K(5312K)->5186K(5312K) Class: 664K(768K)->664K(768K)
[2024-12-04T16:40:52.264+0700][11,412s][info   ][gc          ] GC(1024) Pause Young (Concurrent Start) (G1 Humongous Allocation) 1757M->1757M(2048M) 1,534ms
[2024-12-04T16:40:52.264+0700][11,412s][info   ][gc,cpu      ] GC(1024) User=0,00s Sys=0,00s Real=0,01s
[2024-12-04T16:40:52.264+0700][11,412s][info   ][gc          ] GC(1025) Concurrent Mark Cycle
[2024-12-04T16:40:52.264+0700][11,412s][info   ][gc,marking  ] GC(1025) Concurrent Clear Claimed Marks
[2024-12-04T16:40:52.264+0700][11,412s][info   ][gc,marking  ] GC(1025) Concurrent Clear Claimed Marks 0,009ms
[2024-12-04T16:40:52.264+0700][11,412s][info   ][gc,marking  ] GC(1025) Concurrent Scan Root Regions
[2024-12-04T16:40:52.264+0700][11,413s][info   ][gc,marking  ] GC(1025) Concurrent Scan Root Regions 0,004ms
[2024-12-04T16:40:52.264+0700][11,413s][info   ][gc,marking  ] GC(1025) Concurrent Mark
[2024-12-04T16:40:52.264+0700][11,413s][info   ][gc,marking  ] GC(1025) Concurrent Mark From Roots
[2024-12-04T16:40:52.264+0700][11,413s][info   ][gc,task     ] GC(1025) Using 2 workers of 2 for marking
[2024-12-04T16:40:52.268+0700][11,417s][info   ][gc,marking  ] GC(1025) Concurrent Mark From Roots 4,133ms
[2024-12-04T16:40:52.268+0700][11,417s][info   ][gc,marking  ] GC(1025) Concurrent Preclean
[2024-12-04T16:40:52.268+0700][11,417s][info   ][gc,marking  ] GC(1025) Concurrent Preclean 0,052ms
[2024-12-04T16:40:52.268+0700][11,417s][info   ][gc,start    ] GC(1025) Pause Remark
[2024-12-04T16:40:52.269+0700][11,418s][info   ][gc          ] GC(1025) Pause Remark 1758M->1758M(2048M) 1,228ms
[2024-12-04T16:40:52.269+0700][11,418s][info   ][gc,cpu      ] GC(1025) User=0,01s Sys=0,00s Real=0,00s
[2024-12-04T16:40:52.269+0700][11,418s][info   ][gc,marking  ] GC(1025) Concurrent Mark 5,534ms
[2024-12-04T16:40:52.269+0700][11,418s][info   ][gc,marking  ] GC(1025) Concurrent Rebuild Remembered Sets
[2024-12-04T16:40:52.271+0700][11,420s][info   ][gc,marking  ] GC(1025) Concurrent Rebuild Remembered Sets 1,885ms
[2024-12-04T16:40:52.271+0700][11,420s][info   ][gc,start    ] GC(1025) Pause Cleanup
[2024-12-04T16:40:52.271+0700][11,420s][info   ][gc          ] GC(1025) Pause Cleanup 1759M->1759M(2048M) 0,261ms
[2024-12-04T16:40:52.271+0700][11,420s][info   ][gc,cpu      ] GC(1025) User=0,00s Sys=0,00s Real=0,00s
[2024-12-04T16:40:52.271+0700][11,420s][info   ][gc,marking  ] GC(1025) Concurrent Cleanup for Next Mark
[2024-12-04T16:40:52.275+0700][11,424s][info   ][gc,marking  ] GC(1025) Concurrent Cleanup for Next Mark 3,292ms
[2024-12-04T16:40:52.275+0700][11,424s][info   ][gc          ] GC(1025) Concurrent Mark Cycle 11,165ms
[2024-12-04T16:40:52.275+0700][11,424s][info   ][gc,start    ] GC(1026) Pause Young (Concurrent Start) (G1 Humongous Allocation)
[2024-12-04T16:40:52.275+0700][11,424s][info   ][gc,task     ] GC(1026) Using 8 workers of 8 for evacuation
[2024-12-04T16:40:52.277+0700][11,426s][info   ][gc,phases   ] GC(1026)   Pre Evacuate Collection Set: 0,5ms
[2024-12-04T16:40:52.277+0700][11,426s][info   ][gc,phases   ] GC(1026)   Merge Heap Roots: 0,4ms
[2024-12-04T16:40:52.277+0700][11,426s][info   ][gc,phases   ] GC(1026)   Evacuate Collection Set: 0,4ms
[2024-12-04T16:40:52.277+0700][11,426s][info   ][gc,phases   ] GC(1026)   Post Evacuate Collection Set: 0,1ms
[2024-12-04T16:40:52.277+0700][11,426s][info   ][gc,phases   ] GC(1026)   Other: 0,2ms
[2024-12-04T16:40:52.277+0700][11,426s][info   ][gc,heap     ] GC(1026) Eden regions: 1->0(102)
[2024-12-04T16:40:52.277+0700][11,426s][info   ][gc,heap     ] GC(1026) Survivor regions: 0->0(13)
[2024-12-04T16:40:52.277+0700][11,426s][info   ][gc,heap     ] GC(1026) Old regions: 3->3
[2024-12-04T16:40:52.277+0700][11,426s][info   ][gc,heap     ] GC(1026) Archive regions: 2->2
[2024-12-04T16:40:52.277+0700][11,426s][info   ][gc,heap     ] GC(1026) Humongous regions: 1756->1756
[2024-12-04T16:40:52.277+0700][11,426s][info   ][gc,metaspace] GC(1026) Metaspace: 5851K(6080K)->5851K(6080K) NonClass: 5186K(5312K)->5186K(5312K) Class: 664K(768K)->664K(768K)
[2024-12-04T16:40:52.277+0700][11,426s][info   ][gc          ] GC(1026) Pause Young (Concurrent Start) (G1 Humongous Allocation) 1759M->1759M(2048M) 1,832ms
[2024-12-04T16:40:52.277+0700][11,426s][info   ][gc,cpu      ] GC(1026) User=0,01s Sys=0,00s Real=0,00s
[2024-12-04T16:40:52.277+0700][11,426s][info   ][gc          ] GC(1027) Concurrent Mark Cycle
[2024-12-04T16:40:52.277+0700][11,426s][info   ][gc,marking  ] GC(1027) Concurrent Clear Claimed Marks
[2024-12-04T16:40:52.277+0700][11,426s][info   ][gc,marking  ] GC(1027) Concurrent Clear Claimed Marks 0,018ms
[2024-12-04T16:40:52.277+0700][11,426s][info   ][gc,marking  ] GC(1027) Concurrent Scan Root Regions
[2024-12-04T16:40:52.277+0700][11,426s][info   ][gc,marking  ] GC(1027) Concurrent Scan Root Regions 0,006ms
[2024-12-04T16:40:52.277+0700][11,426s][info   ][gc,marking  ] GC(1027) Concurrent Mark
[2024-12-04T16:40:52.277+0700][11,426s][info   ][gc,marking  ] GC(1027) Concurrent Mark From Roots
[2024-12-04T16:40:52.277+0700][11,426s][info   ][gc,task     ] GC(1027) Using 2 workers of 2 for marking
[2024-12-04T16:40:52.281+0700][11,429s][info   ][gc,marking  ] GC(1027) Concurrent Mark From Roots 3,494ms
[2024-12-04T16:40:52.281+0700][11,429s][info   ][gc,marking  ] GC(1027) Concurrent Preclean
[2024-12-04T16:40:52.281+0700][11,430s][info   ][gc,marking  ] GC(1027) Concurrent Preclean 0,054ms
[2024-12-04T16:40:52.281+0700][11,430s][info   ][gc,start    ] GC(1027) Pause Remark
[2024-12-04T16:40:52.281+0700][11,430s][info   ][gc          ] GC(1027) Pause Remark 1760M->1760M(2048M) 0,782ms
[2024-12-04T16:40:52.281+0700][11,430s][info   ][gc,cpu      ] GC(1027) User=0,01s Sys=0,00s Real=0,00s
[2024-12-04T16:40:52.282+0700][11,430s][info   ][gc,marking  ] GC(1027) Concurrent Mark 4,441ms
[2024-12-04T16:40:52.282+0700][11,430s][info   ][gc,marking  ] GC(1027) Concurrent Rebuild Remembered Sets
[2024-12-04T16:40:52.283+0700][11,432s][info   ][gc,marking  ] GC(1027) Concurrent Rebuild Remembered Sets 1,753ms
[2024-12-04T16:40:52.283+0700][11,432s][info   ][gc,start    ] GC(1027) Pause Cleanup
[2024-12-04T16:40:52.284+0700][11,433s][info   ][gc          ] GC(1027) Pause Cleanup 1761M->1761M(2048M) 0,313ms
[2024-12-04T16:40:52.284+0700][11,433s][info   ][gc,cpu      ] GC(1027) User=0,00s Sys=0,00s Real=0,00s
[2024-12-04T16:40:52.284+0700][11,433s][info   ][gc,marking  ] GC(1027) Concurrent Cleanup for Next Mark
[2024-12-04T16:40:52.287+0700][11,436s][info   ][gc,marking  ] GC(1027) Concurrent Cleanup for Next Mark 2,900ms
[2024-12-04T16:40:52.287+0700][11,436s][info   ][gc          ] GC(1027) Concurrent Mark Cycle 9,665ms
[2024-12-04T16:40:52.289+0700][11,438s][info   ][gc,start    ] GC(1028) Pause Young (Concurrent Start) (G1 Humongous Allocation)
[2024-12-04T16:40:52.289+0700][11,438s][info   ][gc,task     ] GC(1028) Using 8 workers of 8 for evacuation
[2024-12-04T16:40:52.290+0700][11,439s][info   ][gc,phases   ] GC(1028)   Pre Evacuate Collection Set: 0,2ms
[2024-12-04T16:40:52.290+0700][11,439s][info   ][gc,phases   ] GC(1028)   Merge Heap Roots: 0,4ms
[2024-12-04T16:40:52.290+0700][11,439s][info   ][gc,phases   ] GC(1028)   Evacuate Collection Set: 0,4ms
[2024-12-04T16:40:52.290+0700][11,439s][info   ][gc,phases   ] GC(1028)   Post Evacuate Collection Set: 0,1ms
[2024-12-04T16:40:52.290+0700][11,439s][info   ][gc,phases   ] GC(1028)   Other: 0,2ms
[2024-12-04T16:40:52.290+0700][11,439s][info   ][gc,heap     ] GC(1028) Eden regions: 1->0(102)
[2024-12-04T16:40:52.290+0700][11,439s][info   ][gc,heap     ] GC(1028) Survivor regions: 0->0(13)
[2024-12-04T16:40:52.290+0700][11,439s][info   ][gc,heap     ] GC(1028) Old regions: 3->3
[2024-12-04T16:40:52.290+0700][11,439s][info   ][gc,heap     ] GC(1028) Archive regions: 2->2
[2024-12-04T16:40:52.290+0700][11,439s][info   ][gc,heap     ] GC(1028) Humongous regions: 1758->1758
[2024-12-04T16:40:52.290+0700][11,439s][info   ][gc,metaspace] GC(1028) Metaspace: 5851K(6080K)->5851K(6080K) NonClass: 5186K(5312K)->5186K(5312K) Class: 664K(768K)->664K(768K)
[2024-12-04T16:40:52.290+0700][11,439s][info   ][gc          ] GC(1028) Pause Young (Concurrent Start) (G1 Humongous Allocation) 1761M->1761M(2048M) 1,493ms
[2024-12-04T16:40:52.290+0700][11,439s][info   ][gc,cpu      ] GC(1028) User=0,00s Sys=0,00s Real=0,00s
[2024-12-04T16:40:52.290+0700][11,439s][info   ][gc          ] GC(1029) Concurrent Mark Cycle
[2024-12-04T16:40:52.290+0700][11,439s][info   ][gc,marking  ] GC(1029) Concurrent Clear Claimed Marks
[2024-12-04T16:40:52.290+0700][11,439s][info   ][gc,marking  ] GC(1029) Concurrent Clear Claimed Marks 0,010ms
[2024-12-04T16:40:52.290+0700][11,439s][info   ][gc,marking  ] GC(1029) Concurrent Scan Root Regions
[2024-12-04T16:40:52.291+0700][11,439s][info   ][gc,marking  ] GC(1029) Concurrent Scan Root Regions 0,008ms
[2024-12-04T16:40:52.291+0700][11,439s][info   ][gc,marking  ] GC(1029) Concurrent Mark
[2024-12-04T16:40:52.291+0700][11,439s][info   ][gc,marking  ] GC(1029) Concurrent Mark From Roots
[2024-12-04T16:40:52.291+0700][11,439s][info   ][gc,task     ] GC(1029) Using 2 workers of 2 for marking
[2024-12-04T16:40:52.295+0700][11,444s][info   ][gc,marking  ] GC(1029) Concurrent Mark From Roots 4,282ms
[2024-12-04T16:40:52.295+0700][11,444s][info   ][gc,marking  ] GC(1029) Concurrent Preclean
[2024-12-04T16:40:52.295+0700][11,444s][info   ][gc,marking  ] GC(1029) Concurrent Preclean 0,064ms
[2024-12-04T16:40:52.295+0700][11,444s][info   ][gc,start    ] GC(1029) Pause Remark
[2024-12-04T16:40:52.296+0700][11,445s][info   ][gc          ] GC(1029) Pause Remark 1762M->1762M(2048M) 0,763ms
[2024-12-04T16:40:52.296+0700][11,445s][info   ][gc,cpu      ] GC(1029) User=0,00s Sys=0,00s Real=0,00s
[2024-12-04T16:40:52.296+0700][11,445s][info   ][gc,marking  ] GC(1029) Concurrent Mark 5,237ms
[2024-12-04T16:40:52.296+0700][11,445s][info   ][gc,marking  ] GC(1029) Concurrent Rebuild Remembered Sets
[2024-12-04T16:40:52.298+0700][11,447s][info   ][gc,marking  ] GC(1029) Concurrent Rebuild Remembered Sets 2,109ms
[2024-12-04T16:40:52.298+0700][11,447s][info   ][gc,start    ] GC(1029) Pause Cleanup
[2024-12-04T16:40:52.298+0700][11,447s][info   ][gc          ] GC(1029) Pause Cleanup 1763M->1763M(2048M) 0,157ms
[2024-12-04T16:40:52.298+0700][11,447s][info   ][gc,cpu      ] GC(1029) User=0,00s Sys=0,00s Real=0,00s
[2024-12-04T16:40:52.298+0700][11,447s][info   ][gc,marking  ] GC(1029) Concurrent Cleanup for Next Mark
[2024-12-04T16:40:52.303+0700][11,452s][info   ][gc,marking  ] GC(1029) Concurrent Cleanup for Next Mark 5,028ms
[2024-12-04T16:40:52.303+0700][11,452s][info   ][gc          ] GC(1029) Concurrent Mark Cycle 12,711ms
[2024-12-04T16:40:52.308+0700][11,456s][info   ][gc,start    ] GC(1030) Pause Young (Concurrent Start) (G1 Humongous Allocation)
[2024-12-04T16:40:52.308+0700][11,456s][info   ][gc,task     ] GC(1030) Using 8 workers of 8 for evacuation
[2024-12-04T16:40:52.309+0700][11,458s][info   ][gc,phases   ] GC(1030)   Pre Evacuate Collection Set: 0,2ms
[2024-12-04T16:40:52.309+0700][11,458s][info   ][gc,phases   ] GC(1030)   Merge Heap Roots: 0,4ms
[2024-12-04T16:40:52.309+0700][11,458s][info   ][gc,phases   ] GC(1030)   Evacuate Collection Set: 0,4ms
[2024-12-04T16:40:52.309+0700][11,458s][info   ][gc,phases   ] GC(1030)   Post Evacuate Collection Set: 0,2ms
[2024-12-04T16:40:52.309+0700][11,458s][info   ][gc,phases   ] GC(1030)   Other: 0,3ms
[2024-12-04T16:40:52.309+0700][11,458s][info   ][gc,heap     ] GC(1030) Eden regions: 1->0(102)
[2024-12-04T16:40:52.309+0700][11,458s][info   ][gc,heap     ] GC(1030) Survivor regions: 0->0(13)
[2024-12-04T16:40:52.309+0700][11,458s][info   ][gc,heap     ] GC(1030) Old regions: 3->3
[2024-12-04T16:40:52.309+0700][11,458s][info   ][gc,heap     ] GC(1030) Archive regions: 2->2
[2024-12-04T16:40:52.309+0700][11,458s][info   ][gc,heap     ] GC(1030) Humongous regions: 1761->1761
[2024-12-04T16:40:52.309+0700][11,458s][info   ][gc,metaspace] GC(1030) Metaspace: 5851K(6080K)->5851K(6080K) NonClass: 5186K(5312K)->5186K(5312K) Class: 664K(768K)->664K(768K)
[2024-12-04T16:40:52.309+0700][11,458s][info   ][gc          ] GC(1030) Pause Young (Concurrent Start) (G1 Humongous Allocation) 1764M->1764M(2048M) 1,664ms
[2024-12-04T16:40:52.309+0700][11,458s][info   ][gc,cpu      ] GC(1030) User=0,01s Sys=0,00s Real=0,00s
[2024-12-04T16:40:52.309+0700][11,458s][info   ][gc          ] GC(1031) Concurrent Mark Cycle
[2024-12-04T16:40:52.309+0700][11,458s][info   ][gc,marking  ] GC(1031) Concurrent Clear Claimed Marks
[2024-12-04T16:40:52.309+0700][11,458s][info   ][gc,marking  ] GC(1031) Concurrent Clear Claimed Marks 0,021ms
[2024-12-04T16:40:52.309+0700][11,458s][info   ][gc,marking  ] GC(1031) Concurrent Scan Root Regions
[2024-12-04T16:40:52.309+0700][11,458s][info   ][gc,marking  ] GC(1031) Concurrent Scan Root Regions 0,004ms
[2024-12-04T16:40:52.309+0700][11,458s][info   ][gc,marking  ] GC(1031) Concurrent Mark
[2024-12-04T16:40:52.309+0700][11,458s][info   ][gc,marking  ] GC(1031) Concurrent Mark From Roots
[2024-12-04T16:40:52.309+0700][11,458s][info   ][gc,task     ] GC(1031) Using 2 workers of 2 for marking
[2024-12-04T16:40:52.314+0700][11,463s][info   ][gc,marking  ] GC(1031) Concurrent Mark From Roots 4,645ms
[2024-12-04T16:40:52.314+0700][11,463s][info   ][gc,marking  ] GC(1031) Concurrent Preclean
[2024-12-04T16:40:52.314+0700][11,463s][info   ][gc,marking  ] GC(1031) Concurrent Preclean 0,062ms
[2024-12-04T16:40:52.314+0700][11,463s][info   ][gc,start    ] GC(1031) Pause Remark
[2024-12-04T16:40:52.318+0700][11,467s][info   ][gc          ] GC(1031) Pause Remark 1765M->1765M(2048M) 4,039ms
[2024-12-04T16:40:52.318+0700][11,467s][info   ][gc,cpu      ] GC(1031) User=0,00s Sys=0,00s Real=0,00s
[2024-12-04T16:40:52.318+0700][11,467s][info   ][gc,marking  ] GC(1031) Concurrent Mark 9,018ms
[2024-12-04T16:40:52.318+0700][11,467s][info   ][gc,marking  ] GC(1031) Concurrent Rebuild Remembered Sets
[2024-12-04T16:40:52.322+0700][11,471s][info   ][gc,marking  ] GC(1031) Concurrent Rebuild Remembered Sets 3,239ms
[2024-12-04T16:40:52.322+0700][11,471s][info   ][gc,start    ] GC(1031) Pause Cleanup
[2024-12-04T16:40:52.322+0700][11,471s][info   ][gc          ] GC(1031) Pause Cleanup 1766M->1766M(2048M) 0,327ms
[2024-12-04T16:40:52.322+0700][11,471s][info   ][gc,cpu      ] GC(1031) User=0,00s Sys=0,00s Real=0,00s
[2024-12-04T16:40:52.322+0700][11,471s][info   ][gc,marking  ] GC(1031) Concurrent Cleanup for Next Mark
[2024-12-04T16:40:52.326+0700][11,475s][info   ][gc,marking  ] GC(1031) Concurrent Cleanup for Next Mark 3,609ms
[2024-12-04T16:40:52.326+0700][11,475s][info   ][gc          ] GC(1031) Concurrent Mark Cycle 16,538ms
[2024-12-04T16:40:52.332+0700][11,480s][info   ][gc,start    ] GC(1032) Pause Young (Concurrent Start) (G1 Humongous Allocation)
[2024-12-04T16:40:52.332+0700][11,481s][info   ][gc,task     ] GC(1032) Using 8 workers of 8 for evacuation
[2024-12-04T16:40:52.333+0700][11,482s][info   ][gc,phases   ] GC(1032)   Pre Evacuate Collection Set: 0,3ms
[2024-12-04T16:40:52.333+0700][11,482s][info   ][gc,phases   ] GC(1032)   Merge Heap Roots: 0,5ms
[2024-12-04T16:40:52.333+0700][11,482s][info   ][gc,phases   ] GC(1032)   Evacuate Collection Set: 0,3ms
[2024-12-04T16:40:52.333+0700][11,482s][info   ][gc,phases   ] GC(1032)   Post Evacuate Collection Set: 0,2ms
[2024-12-04T16:40:52.333+0700][11,482s][info   ][gc,phases   ] GC(1032)   Other: 0,2ms
[2024-12-04T16:40:52.333+0700][11,482s][info   ][gc,heap     ] GC(1032) Eden regions: 1->0(102)
[2024-12-04T16:40:52.333+0700][11,482s][info   ][gc,heap     ] GC(1032) Survivor regions: 0->0(13)
[2024-12-04T16:40:52.333+0700][11,482s][info   ][gc,heap     ] GC(1032) Old regions: 3->3
[2024-12-04T16:40:52.333+0700][11,482s][info   ][gc,heap     ] GC(1032) Archive regions: 2->2
[2024-12-04T16:40:52.333+0700][11,482s][info   ][gc,heap     ] GC(1032) Humongous regions: 1764->1764
[2024-12-04T16:40:52.333+0700][11,482s][info   ][gc,metaspace] GC(1032) Metaspace: 5851K(6080K)->5851K(6080K) NonClass: 5186K(5312K)->5186K(5312K) Class: 664K(768K)->664K(768K)
[2024-12-04T16:40:52.333+0700][11,482s][info   ][gc          ] GC(1032) Pause Young (Concurrent Start) (G1 Humongous Allocation) 1767M->1767M(2048M) 1,579ms
[2024-12-04T16:40:52.333+0700][11,482s][info   ][gc,cpu      ] GC(1032) User=0,00s Sys=0,00s Real=0,01s
[2024-12-04T16:40:52.333+0700][11,482s][info   ][gc          ] GC(1033) Concurrent Mark Cycle
[2024-12-04T16:40:52.333+0700][11,482s][info   ][gc,marking  ] GC(1033) Concurrent Clear Claimed Marks
[2024-12-04T16:40:52.333+0700][11,482s][info   ][gc,marking  ] GC(1033) Concurrent Clear Claimed Marks 0,021ms
[2024-12-04T16:40:52.333+0700][11,482s][info   ][gc,marking  ] GC(1033) Concurrent Scan Root Regions
[2024-12-04T16:40:52.333+0700][11,482s][info   ][gc,marking  ] GC(1033) Concurrent Scan Root Regions 0,004ms
[2024-12-04T16:40:52.333+0700][11,482s][info   ][gc,marking  ] GC(1033) Concurrent Mark
[2024-12-04T16:40:52.333+0700][11,482s][info   ][gc,marking  ] GC(1033) Concurrent Mark From Roots
[2024-12-04T16:40:52.333+0700][11,482s][info   ][gc,task     ] GC(1033) Using 2 workers of 2 for marking
[2024-12-04T16:40:52.338+0700][11,487s][info   ][gc,marking  ] GC(1033) Concurrent Mark From Roots 5,028ms
[2024-12-04T16:40:52.338+0700][11,487s][info   ][gc,marking  ] GC(1033) Concurrent Preclean
[2024-12-04T16:40:52.338+0700][11,487s][info   ][gc,marking  ] GC(1033) Concurrent Preclean 0,076ms
[2024-12-04T16:40:52.338+0700][11,487s][info   ][gc,start    ] GC(1033) Pause Remark
[2024-12-04T16:40:52.340+0700][11,488s][info   ][gc          ] GC(1033) Pause Remark 1768M->1768M(2048M) 1,126ms
[2024-12-04T16:40:52.340+0700][11,489s][info   ][gc,cpu      ] GC(1033) User=0,01s Sys=0,00s Real=0,00s
[2024-12-04T16:40:52.340+0700][11,489s][info   ][gc,marking  ] GC(1033) Concurrent Mark 6,432ms
[2024-12-04T16:40:52.340+0700][11,489s][info   ][gc,marking  ] GC(1033) Concurrent Rebuild Remembered Sets
[2024-12-04T16:40:52.342+0700][11,491s][info   ][gc,marking  ] GC(1033) Concurrent Rebuild Remembered Sets 2,329ms
[2024-12-04T16:40:52.342+0700][11,491s][info   ][gc,start    ] GC(1033) Pause Cleanup
[2024-12-04T16:40:52.343+0700][11,491s][info   ][gc          ] GC(1033) Pause Cleanup 1769M->1769M(2048M) 0,311ms
[2024-12-04T16:40:52.343+0700][11,491s][info   ][gc,cpu      ] GC(1033) User=0,00s Sys=0,00s Real=0,00s
[2024-12-04T16:40:52.343+0700][11,491s][info   ][gc,marking  ] GC(1033) Concurrent Cleanup for Next Mark
[2024-12-04T16:40:52.346+0700][11,495s][info   ][gc,marking  ] GC(1033) Concurrent Cleanup for Next Mark 3,834ms
[2024-12-04T16:40:52.346+0700][11,495s][info   ][gc          ] GC(1033) Concurrent Mark Cycle 13,252ms
[2024-12-04T16:40:52.351+0700][11,500s][info   ][gc,start    ] GC(1034) Pause Young (Concurrent Start) (G1 Humongous Allocation)
[2024-12-04T16:40:52.351+0700][11,500s][info   ][gc,task     ] GC(1034) Using 8 workers of 8 for evacuation
[2024-12-04T16:40:52.353+0700][11,502s][info   ][gc,phases   ] GC(1034)   Pre Evacuate Collection Set: 0,4ms
[2024-12-04T16:40:52.353+0700][11,502s][info   ][gc,phases   ] GC(1034)   Merge Heap Roots: 0,5ms
[2024-12-04T16:40:52.353+0700][11,502s][info   ][gc,phases   ] GC(1034)   Evacuate Collection Set: 0,4ms
[2024-12-04T16:40:52.353+0700][11,502s][info   ][gc,phases   ] GC(1034)   Post Evacuate Collection Set: 0,2ms
[2024-12-04T16:40:52.353+0700][11,502s][info   ][gc,phases   ] GC(1034)   Other: 0,3ms
[2024-12-04T16:40:52.353+0700][11,502s][info   ][gc,heap     ] GC(1034) Eden regions: 1->0(102)
[2024-12-04T16:40:52.353+0700][11,502s][info   ][gc,heap     ] GC(1034) Survivor regions: 0->0(13)
[2024-12-04T16:40:52.353+0700][11,502s][info   ][gc,heap     ] GC(1034) Old regions: 3->3
[2024-12-04T16:40:52.353+0700][11,502s][info   ][gc,heap     ] GC(1034) Archive regions: 2->2
[2024-12-04T16:40:52.353+0700][11,502s][info   ][gc,heap     ] GC(1034) Humongous regions: 1767->1767
[2024-12-04T16:40:52.353+0700][11,502s][info   ][gc,metaspace] GC(1034) Metaspace: 5851K(6080K)->5851K(6080K) NonClass: 5186K(5312K)->5186K(5312K) Class: 664K(768K)->664K(768K)
[2024-12-04T16:40:52.353+0700][11,502s][info   ][gc          ] GC(1034) Pause Young (Concurrent Start) (G1 Humongous Allocation) 1770M->1770M(2048M) 2,028ms
[2024-12-04T16:40:52.353+0700][11,502s][info   ][gc,cpu      ] GC(1034) User=0,00s Sys=0,00s Real=0,01s
[2024-12-04T16:40:52.353+0700][11,502s][info   ][gc          ] GC(1035) Concurrent Mark Cycle
[2024-12-04T16:40:52.354+0700][11,502s][info   ][gc,marking  ] GC(1035) Concurrent Clear Claimed Marks
[2024-12-04T16:40:52.354+0700][11,502s][info   ][gc,marking  ] GC(1035) Concurrent Clear Claimed Marks 0,023ms
[2024-12-04T16:40:52.354+0700][11,502s][info   ][gc,marking  ] GC(1035) Concurrent Scan Root Regions
[2024-12-04T16:40:52.354+0700][11,502s][info   ][gc,marking  ] GC(1035) Concurrent Scan Root Regions 0,005ms
[2024-12-04T16:40:52.354+0700][11,502s][info   ][gc,marking  ] GC(1035) Concurrent Mark
[2024-12-04T16:40:52.354+0700][11,502s][info   ][gc,marking  ] GC(1035) Concurrent Mark From Roots
[2024-12-04T16:40:52.354+0700][11,502s][info   ][gc,task     ] GC(1035) Using 2 workers of 2 for marking
[2024-12-04T16:40:52.359+0700][11,508s][info   ][gc,marking  ] GC(1035) Concurrent Mark From Roots 5,192ms
[2024-12-04T16:40:52.359+0700][11,508s][info   ][gc,marking  ] GC(1035) Concurrent Preclean
[2024-12-04T16:40:52.359+0700][11,508s][info   ][gc,marking  ] GC(1035) Concurrent Preclean 0,098ms
[2024-12-04T16:40:52.359+0700][11,508s][info   ][gc,start    ] GC(1035) Pause Remark
[2024-12-04T16:40:52.360+0700][11,509s][info   ][gc          ] GC(1035) Pause Remark 1771M->1771M(2048M) 1,295ms
[2024-12-04T16:40:52.360+0700][11,509s][info   ][gc,cpu      ] GC(1035) User=0,01s Sys=0,00s Real=0,00s
[2024-12-04T16:40:52.360+0700][11,509s][info   ][gc,marking  ] GC(1035) Concurrent Mark 6,873ms
[2024-12-04T16:40:52.360+0700][11,509s][info   ][gc,marking  ] GC(1035) Concurrent Rebuild Remembered Sets
[2024-12-04T16:40:52.363+0700][11,512s][info   ][gc,marking  ] GC(1035) Concurrent Rebuild Remembered Sets 2,512ms
[2024-12-04T16:40:52.363+0700][11,512s][info   ][gc,start    ] GC(1035) Pause Cleanup
[2024-12-04T16:40:52.363+0700][11,512s][info   ][gc          ] GC(1035) Pause Cleanup 1772M->1772M(2048M) 0,262ms
[2024-12-04T16:40:52.363+0700][11,512s][info   ][gc,cpu      ] GC(1035) User=0,00s Sys=0,00s Real=0,01s
[2024-12-04T16:40:52.363+0700][11,512s][info   ][gc,marking  ] GC(1035) Concurrent Cleanup for Next Mark
[2024-12-04T16:40:52.367+0700][11,516s][info   ][gc,marking  ] GC(1035) Concurrent Cleanup for Next Mark 3,729ms
[2024-12-04T16:40:52.367+0700][11,516s][info   ][gc          ] GC(1035) Concurrent Mark Cycle 13,700ms
[2024-12-04T16:40:52.373+0700][11,522s][info   ][gc,start    ] GC(1036) Pause Young (Concurrent Start) (G1 Humongous Allocation)
[2024-12-04T16:40:52.373+0700][11,522s][info   ][gc,task     ] GC(1036) Using 8 workers of 8 for evacuation
[2024-12-04T16:40:52.375+0700][11,524s][info   ][gc,phases   ] GC(1036)   Pre Evacuate Collection Set: 0,5ms
[2024-12-04T16:40:52.375+0700][11,524s][info   ][gc,phases   ] GC(1036)   Merge Heap Roots: 0,5ms
[2024-12-04T16:40:52.375+0700][11,524s][info   ][gc,phases   ] GC(1036)   Evacuate Collection Set: 1,0ms
[2024-12-04T16:40:52.375+0700][11,524s][info   ][gc,phases   ] GC(1036)   Post Evacuate Collection Set: 0,1ms
[2024-12-04T16:40:52.375+0700][11,524s][info   ][gc,phases   ] GC(1036)   Other: 0,3ms
[2024-12-04T16:40:52.375+0700][11,524s][info   ][gc,heap     ] GC(1036) Eden regions: 1->0(102)
[2024-12-04T16:40:52.375+0700][11,524s][info   ][gc,heap     ] GC(1036) Survivor regions: 0->0(13)
[2024-12-04T16:40:52.375+0700][11,524s][info   ][gc,heap     ] GC(1036) Old regions: 3->3
[2024-12-04T16:40:52.376+0700][11,524s][info   ][gc,heap     ] GC(1036) Archive regions: 2->2
[2024-12-04T16:40:52.376+0700][11,524s][info   ][gc,heap     ] GC(1036) Humongous regions: 1770->1770
[2024-12-04T16:40:52.376+0700][11,524s][info   ][gc,metaspace] GC(1036) Metaspace: 5851K(6080K)->5851K(6080K) NonClass: 5186K(5312K)->5186K(5312K) Class: 664K(768K)->664K(768K)
[2024-12-04T16:40:52.376+0700][11,524s][info   ][gc          ] GC(1036) Pause Young (Concurrent Start) (G1 Humongous Allocation) 1773M->1773M(2048M) 2,531ms
[2024-12-04T16:40:52.376+0700][11,524s][info   ][gc,cpu      ] GC(1036) User=0,00s Sys=0,00s Real=0,01s
[2024-12-04T16:40:52.376+0700][11,524s][info   ][gc          ] GC(1037) Concurrent Mark Cycle
[2024-12-04T16:40:52.376+0700][11,524s][info   ][gc,marking  ] GC(1037) Concurrent Clear Claimed Marks
[2024-12-04T16:40:52.376+0700][11,525s][info   ][gc,marking  ] GC(1037) Concurrent Clear Claimed Marks 0,037ms
[2024-12-04T16:40:52.376+0700][11,525s][info   ][gc,marking  ] GC(1037) Concurrent Scan Root Regions
[2024-12-04T16:40:52.376+0700][11,525s][info   ][gc,marking  ] GC(1037) Concurrent Scan Root Regions 0,007ms
[2024-12-04T16:40:52.376+0700][11,525s][info   ][gc,marking  ] GC(1037) Concurrent Mark
[2024-12-04T16:40:52.376+0700][11,525s][info   ][gc,marking  ] GC(1037) Concurrent Mark From Roots
[2024-12-04T16:40:52.376+0700][11,525s][info   ][gc,task     ] GC(1037) Using 2 workers of 2 for marking
[2024-12-04T16:40:52.381+0700][11,529s][info   ][gc,marking  ] GC(1037) Concurrent Mark From Roots 4,840ms
[2024-12-04T16:40:52.381+0700][11,529s][info   ][gc,marking  ] GC(1037) Concurrent Preclean
[2024-12-04T16:40:52.381+0700][11,530s][info   ][gc,marking  ] GC(1037) Concurrent Preclean 0,104ms
[2024-12-04T16:40:52.381+0700][11,530s][info   ][gc,start    ] GC(1037) Pause Remark
